2026-05-31 16:18:57.616 - aiperf.cli_runner - INFO - Starting AIPerf System
2026-05-31 16:18:57.768 - system_controller - INFO - Registered Worker Manager (id: 'worker_manager')
2026-05-31 16:18:57.788 - server_metrics_manager - INFO - Server Metrics: Discovered 1 endpoints: ['http://localhost:8888/metrics']
2026-05-31 16:18:57.857 - GPUTelemetryJSONLWriter_d7c379ad - INFO - GPU telemetry export enabled: /workspace/results/aiperf_artifacts/gpu_telemetry_export.jsonl
2026-05-31 16:18:57.858 - RecordExportJSONLWriter_55032a80 - INFO - Record metrics export enabled: /workspace/results/aiperf_artifacts/profile_export.jsonl
2026-05-31 16:18:57.868 - system_controller - INFO - Registered Record Processor (id: 'record_processor_d16e8d20')
2026-05-31 16:18:57.869 - system_controller - INFO - Registered Record Processor (id: 'record_processor_3f7442a5')
2026-05-31 16:18:57.869 - system_controller - INFO - Registered Record Processor (id: 'record_processor_4087773c')
2026-05-31 16:18:57.872 - system_controller - INFO - Registered Record Processor (id: 'record_processor_9d8d1fec')
2026-05-31 16:18:57.873 - system_controller - INFO - Registered Worker (id: 'worker_48529d53')
2026-05-31 16:18:57.873 - system_controller - INFO - Registered Record Processor (id: 'record_processor_9f2a55f8')
2026-05-31 16:18:57.875 - system_controller - INFO - Registered Record Processor (id: 'record_processor_9d38e8b5')
2026-05-31 16:18:57.884 - system_controller - INFO - Registered Dataset Manager (id: 'dataset_manager')
2026-05-31 16:18:57.900 - system_controller - INFO - Registered Worker (id: 'worker_32f3c419')
2026-05-31 16:18:57.911 - system_controller - INFO - Registered Gpu Telemetry Manager (id: 'gpu_telemetry_manager')
2026-05-31 16:18:57.914 - system_controller - INFO - Registered Server Metrics Manager (id: 'server_metrics_manager')
2026-05-31 16:18:57.946 - system_controller - INFO - Registered Worker (id: 'worker_7448162a')
2026-05-31 16:18:58.017 - system_controller - INFO - Registered Timing Manager (id: 'timing_manager')
2026-05-31 16:18:58.017 - system_controller - INFO - Registered Records Manager (id: 'records_manager')
2026-05-31 16:18:58.018 - system_controller - INFO - Registered Worker (id: 'worker_7a1558b8')
2026-05-31 16:18:58.018 - system_controller - INFO - Registered Worker (id: 'worker_08dad4c5')
2026-05-31 16:18:58.018 - system_controller - INFO - Registered Worker (id: 'worker_27725d02')
2026-05-31 16:18:58.018 - system_controller - INFO - Registered Worker (id: 'worker_85309a8c')
2026-05-31 16:18:58.018 - system_controller - INFO - Registered Worker (id: 'worker_17e8cdb6')
2026-05-31 16:18:58.018 - system_controller - INFO - Registered Worker (id: 'worker_e0fb5f98')
2026-05-31 16:18:58.018 - system_controller - INFO - Registered Record Processor (id: 'record_processor_749ab2fd')
2026-05-31 16:18:58.018 - system_controller - INFO - Registered Worker (id: 'worker_772b4ead')
2026-05-31 16:18:58.018 - system_controller - INFO - Registered Worker (id: 'worker_bad549e8')
2026-05-31 16:18:58.018 - system_controller - INFO - Registered Worker (id: 'worker_62443152')
2026-05-31 16:18:58.018 - system_controller - INFO - Registered Worker (id: 'worker_5bc12baf')
2026-05-31 16:18:58.018 - system_controller - INFO - Registered Worker (id: 'worker_5f5726c8')
2026-05-31 16:18:58.018 - system_controller - INFO - Registered Record Processor (id: 'record_processor_fa675da7')
2026-05-31 16:18:58.018 - system_controller - INFO - Registered Worker (id: 'worker_1ac8e171')
2026-05-31 16:18:58.019 - system_controller - INFO - Registered Worker (id: 'worker_c2f1287a')
2026-05-31 16:18:58.019 - system_controller - INFO - Registered Worker (id: 'worker_ed40ec46')
2026-05-31 16:18:58.019 - system_controller - INFO - Registered Worker (id: 'worker_e74a9f84')
2026-05-31 16:18:58.019 - system_controller - INFO - Registered Worker (id: 'worker_9c08992e')
2026-05-31 16:18:58.019 - system_controller - INFO - Registered Worker (id: 'worker_f21a7c29')
2026-05-31 16:18:58.020 - system_controller - INFO - Registered Worker (id: 'worker_ec094f42')
2026-05-31 16:18:58.020 - system_controller - INFO - Registered Worker (id: 'worker_1fcae802')
2026-05-31 16:18:58.021 - system_controller - INFO - Registered Worker (id: 'worker_23f35efb')
2026-05-31 16:18:58.022 - system_controller - INFO - Registered Worker (id: 'worker_5251c997')
2026-05-31 16:18:58.026 - system_controller - INFO - Registered Worker (id: 'worker_ae4e763f')
2026-05-31 16:18:58.027 - system_controller - INFO - Registered Worker (id: 'worker_cb75e85b')
2026-05-31 16:18:58.031 - system_controller - INFO - Registered Worker (id: 'worker_343dbc98')
2026-05-31 16:18:58.034 - system_controller - INFO - Registered Worker (id: 'worker_24bf3ee9')
2026-05-31 16:18:58.035 - system_controller - INFO - Registered Worker (id: 'worker_fa68cfe9')
2026-05-31 16:18:58.040 - system_controller - INFO - Registered Worker (id: 'worker_51ae00ed')
2026-05-31 16:18:58.048 - system_controller - INFO - Registered Worker (id: 'worker_d9aefe0e')
2026-05-31 16:18:58.064 - system_controller - INFO - Registered Worker (id: 'worker_787b0019')
2026-05-31 16:18:58.262 - system_controller - INFO - AIPerf System is CONFIGURING
2026-05-31 16:18:58.262 - system_controller - INFO - Configuring all services to start profiling
2026-05-31 16:18:58.264 - InferenceResultParser_b5aebba5 - INFO - Tokenization is disabled for this endpoint, skipping tokenizer configuration
2026-05-31 16:18:58.264 - InferenceResultParser_741ceb2e - INFO - Tokenization is disabled for this endpoint, skipping tokenizer configuration
2026-05-31 16:18:58.264 - InferenceResultParser_499582fe - INFO - Tokenization is disabled for this endpoint, skipping tokenizer configuration
2026-05-31 16:18:58.264 - InferenceResultParser_b44a821d - INFO - Tokenization is disabled for this endpoint, skipping tokenizer configuration
2026-05-31 16:18:58.264 - InferenceResultParser_eb9463e6 - INFO - Tokenization is disabled for this endpoint, skipping tokenizer configuration
2026-05-31 16:18:58.264 - InferenceResultParser_a37a2e77 - INFO - Tokenization is disabled for this endpoint, skipping tokenizer configuration
2026-05-31 16:18:58.264 - timing_manager - INFO - Waiting for dataset to be configured before configuring timing
2026-05-31 16:18:58.264 - InferenceResultParser_9f54b69b - INFO - Tokenization is disabled for this endpoint, skipping tokenizer configuration
2026-05-31 16:18:58.265 - InferenceResultParser_e8206882 - INFO - Tokenization is disabled for this endpoint, skipping tokenizer configuration
2026-05-31 16:18:58.266 - dataset_manager - INFO - Configuring tokenizer(s) for dataset manager
2026-05-31 16:18:58.269 - system_controller - INFO - GPU telemetry disabled - no DCGM endpoints reachable
2026-05-31 16:18:58.272 - server_metrics_manager - INFO - Server Metrics: Capturing baseline metrics...
2026-05-31 16:18:58.283 - http://localhost:8888/metrics - INFO - Skipping unsupported summary metric: http_request_size_bytes
2026-05-31 16:18:58.283 - http://localhost:8888/metrics - INFO - Skipping unsupported summary metric: http_response_size_bytes
2026-05-31 16:18:58.284 - system_controller - INFO - Server metrics enabled - 1/1 endpoint(s) reachable.
2026-05-31 16:19:02.620 - transformers_modules.amd.Kimi_hyphen_K2_dot_5_hyphen_MXFP4.419004c8716cf22c929aa15d39b85e09a8a2091a.tokenization_kimi - INFO - Reloaded tiktoken model from /mnt/hf_hub_cache/models--amd--Kimi-K2.5-MXFP4/snapshots/419004c8716cf22c929aa15d39b85e09a8a2091a/tiktoken.model
2026-05-31 16:19:02.620 - transformers_modules.amd.Kimi_hyphen_K2_dot_5_hyphen_MXFP4.419004c8716cf22c929aa15d39b85e09a8a2091a.tokenization_kimi - INFO - #words: 163840 - BOS ID: 163584 - EOS ID: 163585
2026-05-31 16:19:02.715 - dataset_manager - INFO - Tokenizer(s) configured in 4.45 seconds
2026-05-31 16:19:02.715 - dataset_manager - INFO - Configuring dataset for dataset_manager
2026-05-31 16:19:03.075 - transformers_modules.amd.Kimi_hyphen_K2_dot_5_hyphen_MXFP4.419004c8716cf22c929aa15d39b85e09a8a2091a.tokenization_kimi - WARNING - Calling super().encode with {'add_special_tokens': False}
2026-05-31 16:19:03.076 - transformers_modules.amd.Kimi_hyphen_K2_dot_5_hyphen_MXFP4.419004c8716cf22c929aa15d39b85e09a8a2091a.tokenization_kimi - WARNING - Calling super().encode with {'add_special_tokens': False}
2026-05-31 16:19:03.077 - transformers_modules.amd.Kimi_hyphen_K2_dot_5_hyphen_MXFP4.419004c8716cf22c929aa15d39b85e09a8a2091a.tokenization_kimi - WARNING - Calling super().encode with {'add_special_tokens': False}
2026-05-31 16:19:03.077 - transformers_modules.amd.Kimi_hyphen_K2_dot_5_hyphen_MXFP4.419004c8716cf22c929aa15d39b85e09a8a2091a.tokenization_kimi - WARNING - Calling super().encode with {'add_special_tokens': False}
2026-05-31 16:19:03.337 - PublicDatasetComposer - INFO - Using preferred sampling strategy for semianalysis_cc_traces_weka_with_subagents: sequential
2026-05-31 16:19:03.439 - SemiAnalysisCCTracesWekaLoader - INFO - Loading HuggingFace dataset 'semianalysisai/cc-traces-weka-with-subagents-052726' (split=train)
2026-05-31 16:19:03.519 - httpx - INFO - HTTP Request: HEAD https://huggingface.co/datasets/semianalysisai/cc-traces-weka-with-subagents-052726/resolve/main/README.md "HTTP/1.1 307 Temporary Redirect"
2026-05-31 16:19:03.523 - httpx - INFO - HTTP Request: HEAD https://huggingface.co/api/resolve-cache/datasets/semianalysisai/cc-traces-weka-with-subagents-052726/7b8c23e09a708b1fa794ac31b4708b0267db9462/README.md "HTTP/1.1 200 OK"
2026-05-31 16:19:03.564 - httpx - INFO - HTTP Request: HEAD https://huggingface.co/datasets/semianalysisai/cc-traces-weka-with-subagents-052726/resolve/7b8c23e09a708b1fa794ac31b4708b0267db9462/cc-traces-weka-with-subagents-052726.py "HTTP/1.1 404 Not Found"
2026-05-31 16:19:03.693 - httpx - INFO - HTTP Request: HEAD https://s3.amazonaws.com/datasets.huggingface.co/datasets/datasets/semianalysisai/cc-traces-weka-with-subagents-052726/semianalysisai/cc-traces-weka-with-subagents-052726.py "HTTP/1.1 404 Not Found"
2026-05-31 16:19:03.756 - httpx - INFO - HTTP Request: GET https://huggingface.co/api/datasets/semianalysisai/cc-traces-weka-with-subagents-052726/revision/7b8c23e09a708b1fa794ac31b4708b0267db9462 "HTTP/1.1 200 OK"
2026-05-31 16:19:03.803 - httpx - INFO - HTTP Request: HEAD https://huggingface.co/datasets/semianalysisai/cc-traces-weka-with-subagents-052726/resolve/7b8c23e09a708b1fa794ac31b4708b0267db9462/.huggingface.yaml "HTTP/1.1 404 Not Found"
2026-05-31 16:19:03.869 - httpx - INFO - HTTP Request: GET https://datasets-server.huggingface.co/info?dataset=semianalysisai/cc-traces-weka-with-subagents-052726 "HTTP/1.1 200 OK"
2026-05-31 16:19:03.923 - httpx - INFO - HTTP Request: GET https://huggingface.co/api/datasets/semianalysisai/cc-traces-weka-with-subagents-052726/tree/7b8c23e09a708b1fa794ac31b4708b0267db9462?recursive=false&expand=false "HTTP/1.1 200 OK"
2026-05-31 16:19:03.971 - httpx - INFO - HTTP Request: HEAD https://huggingface.co/datasets/semianalysisai/cc-traces-weka-with-subagents-052726/resolve/7b8c23e09a708b1fa794ac31b4708b0267db9462/dataset_infos.json "HTTP/1.1 404 Not Found"
2026-05-31 16:19:28.634 - SemiAnalysisCCTracesWekaLoader - INFO - Loading all 472 traces
2026-05-31 16:19:50.788 - aiperf.dataset.loader.weka_trace - INFO - WekaTraceLoader: spawning 16 worker process(es) for parallel reconstruction of 472 trace(s)
2026-05-31 16:20:00.889 - aiperf.dataset.loader.weka_parallel_convert - INFO - WekaTraceLoader: reconstructed 47/472 (10%) in 5.6s (8.5 traces/s)
2026-05-31 16:20:00.889 - aiperf.dataset.loader.weka_parallel_convert - INFO - WekaTraceLoader: reconstructed 94/472 (20%) in 5.6s (16.9 traces/s)
2026-05-31 16:20:06.266 - aiperf.dataset.loader.weka_parallel_convert - INFO - WekaTraceLoader: reconstructed 141/472 (30%) in 10.9s (12.9 traces/s)
2026-05-31 16:20:06.267 - aiperf.dataset.loader.weka_parallel_convert - INFO - WekaTraceLoader: reconstructed 188/472 (40%) in 10.9s (17.2 traces/s)
2026-05-31 16:20:09.449 - aiperf.dataset.loader.weka_parallel_convert - INFO - WekaTraceLoader: reconstructed 235/472 (50%) in 14.1s (16.6 traces/s)
2026-05-31 16:20:10.153 - aiperf.dataset.loader.weka_parallel_convert - INFO - WekaTraceLoader: reconstructed 282/472 (60%) in 14.8s (19.0 traces/s)
2026-05-31 16:20:10.153 - aiperf.dataset.loader.weka_parallel_convert - INFO - WekaTraceLoader: reconstructed 329/472 (70%) in 14.8s (22.2 traces/s)
2026-05-31 16:20:17.254 - aiperf.dataset.loader.weka_parallel_convert - INFO - WekaTraceLoader: reconstructed 376/472 (80%) in 21.9s (17.2 traces/s)
2026-05-31 16:20:17.254 - aiperf.dataset.loader.weka_parallel_convert - INFO - WekaTraceLoader: reconstructed 423/472 (90%) in 21.9s (19.3 traces/s)
2026-05-31 16:20:17.254 - aiperf.dataset.loader.weka_parallel_convert - INFO - WekaTraceLoader: reconstructed 470/472 (100%) in 21.9s (21.4 traces/s)
2026-05-31 16:20:17.255 - aiperf.dataset.loader.weka_parallel_convert - INFO - WekaTraceLoader: reconstructed 472/472 (100%) in 21.9s (21.5 traces/s)
2026-05-31 16:20:17.322 - aiperf.dataset.loader.weka_trace - INFO - WekaTraceLoader: workers finished in 31.4s; assembling Conversation objects
2026-05-31 16:20:28.528 - aiperf.dataset.loader.weka_trace - INFO - WekaTraceLoader: reconstructed 1888 conversation(s) in 42.6s (total load+synth+reconstruct: 42.6s)
2026-05-31 16:20:28.575 - PublicDatasetComposer - WARNING - max_tokens=0 on turn is invalid (must be > 0); clamping to 1
2026-05-31 16:20:28.577 - PublicDatasetComposer - WARNING - max_tokens=0 on turn is invalid (must be > 0); clamping to 1
2026-05-31 16:20:28.577 - PublicDatasetComposer - WARNING - max_tokens=0 on turn is invalid (must be > 0); clamping to 1
2026-05-31 16:20:28.577 - PublicDatasetComposer - WARNING - max_tokens=0 on turn is invalid (must be > 0); clamping to 1
2026-05-31 16:20:28.577 - PublicDatasetComposer - WARNING - max_tokens=0 on turn is invalid (must be > 0); clamping to 1
2026-05-31 16:20:28.577 - PublicDatasetComposer - WARNING - max_tokens=0 on turn is invalid (must be > 0); clamping to 1
2026-05-31 16:20:28.577 - PublicDatasetComposer - WARNING - max_tokens=0 on turn is invalid (must be > 0); clamping to 1
2026-05-31 16:20:28.578 - PublicDatasetComposer - WARNING - max_tokens=0 on turn is invalid (must be > 0); clamping to 1
2026-05-31 16:20:28.579 - PublicDatasetComposer - WARNING - max_tokens=0 on turn is invalid (must be > 0); clamping to 1
2026-05-31 16:20:28.579 - PublicDatasetComposer - WARNING - max_tokens=0 on turn is invalid (must be > 0); clamping to 1
2026-05-31 16:20:28.581 - PublicDatasetComposer - WARNING - max_tokens=0 on turn is invalid (must be > 0); clamping to 1
2026-05-31 16:20:28.581 - PublicDatasetComposer - WARNING - max_tokens=0 on turn is invalid (must be > 0); clamping to 1
2026-05-31 16:20:28.581 - PublicDatasetComposer - WARNING - max_tokens=0 on turn is invalid (must be > 0); clamping to 1
2026-05-31 16:20:28.583 - PublicDatasetComposer - WARNING - max_tokens=0 on turn is invalid (must be > 0); clamping to 1
2026-05-31 16:20:28.583 - PublicDatasetComposer - WARNING - max_tokens=0 on turn is invalid (must be > 0); clamping to 1
2026-05-31 16:20:28.584 - PublicDatasetComposer - WARNING - max_tokens=0 on turn is invalid (must be > 0); clamping to 1
2026-05-31 16:20:28.586 - PublicDatasetComposer - WARNING - max_tokens=0 on turn is invalid (must be > 0); clamping to 1
2026-05-31 16:20:28.586 - PublicDatasetComposer - WARNING - max_tokens=0 on turn is invalid (must be > 0); clamping to 1
2026-05-31 16:20:28.586 - PublicDatasetComposer - WARNING - max_tokens=0 on turn is invalid (must be > 0); clamping to 1
2026-05-31 16:20:28.587 - PublicDatasetComposer - WARNING - max_tokens=0 on turn is invalid (must be > 0); clamping to 1
2026-05-31 16:20:28.587 - PublicDatasetComposer - WARNING - max_tokens=0 on turn is invalid (must be > 0); clamping to 1
2026-05-31 16:20:28.587 - PublicDatasetComposer - WARNING - max_tokens=0 on turn is invalid (must be > 0); clamping to 1
2026-05-31 16:20:28.587 - PublicDatasetComposer - WARNING - max_tokens=0 on turn is invalid (must be > 0); clamping to 1
2026-05-31 16:20:28.588 - PublicDatasetComposer - WARNING - max_tokens=0 on turn is invalid (must be > 0); clamping to 1
2026-05-31 16:20:28.589 - PublicDatasetComposer - WARNING - max_tokens=0 on turn is invalid (must be > 0); clamping to 1
2026-05-31 16:20:28.590 - PublicDatasetComposer - WARNING - max_tokens=0 on turn is invalid (must be > 0); clamping to 1
2026-05-31 16:20:28.590 - PublicDatasetComposer - WARNING - max_tokens=0 on turn is invalid (must be > 0); clamping to 1
2026-05-31 16:20:28.590 - PublicDatasetComposer - WARNING - max_tokens=0 on turn is invalid (must be > 0); clamping to 1
2026-05-31 16:20:28.592 - PublicDatasetComposer - WARNING - max_tokens=0 on turn is invalid (must be > 0); clamping to 1
2026-05-31 16:20:28.594 - PublicDatasetComposer - WARNING - max_tokens=0 on turn is invalid (must be > 0); clamping to 1
2026-05-31 16:20:28.595 - PublicDatasetComposer - WARNING - max_tokens=0 on turn is invalid (must be > 0); clamping to 1
2026-05-31 16:20:28.595 - PublicDatasetComposer - WARNING - max_tokens=0 on turn is invalid (must be > 0); clamping to 1
2026-05-31 16:20:28.595 - PublicDatasetComposer - WARNING - max_tokens=0 on turn is invalid (must be > 0); clamping to 1
2026-05-31 16:20:28.598 - PublicDatasetComposer - WARNING - max_tokens=0 on turn is invalid (must be > 0); clamping to 1
2026-05-31 16:20:28.598 - PublicDatasetComposer - WARNING - max_tokens=0 on turn is invalid (must be > 0); clamping to 1
2026-05-31 16:20:28.601 - PublicDatasetComposer - WARNING - max_tokens=0 on turn is invalid (must be > 0); clamping to 1
2026-05-31 16:20:28.602 - PublicDatasetComposer - WARNING - max_tokens=0 on turn is invalid (must be > 0); clamping to 1
2026-05-31 16:20:28.603 - PublicDatasetComposer - WARNING - max_tokens=0 on turn is invalid (must be > 0); clamping to 1
2026-05-31 16:20:28.604 - PublicDatasetComposer - WARNING - max_tokens=0 on turn is invalid (must be > 0); clamping to 1
2026-05-31 16:20:28.608 - PublicDatasetComposer - WARNING - max_tokens=0 on turn is invalid (must be > 0); clamping to 1
2026-05-31 16:20:28.608 - PublicDatasetComposer - WARNING - max_tokens=0 on turn is invalid (must be > 0); clamping to 1
2026-05-31 16:20:28.609 - PublicDatasetComposer - WARNING - max_tokens=0 on turn is invalid (must be > 0); clamping to 1
2026-05-31 16:20:28.609 - PublicDatasetComposer - WARNING - max_tokens=0 on turn is invalid (must be > 0); clamping to 1
2026-05-31 16:20:28.610 - PublicDatasetComposer - WARNING - max_tokens=0 on turn is invalid (must be > 0); clamping to 1
2026-05-31 16:20:28.613 - PublicDatasetComposer - WARNING - max_tokens=0 on turn is invalid (must be > 0); clamping to 1
2026-05-31 16:20:28.613 - PublicDatasetComposer - WARNING - max_tokens=0 on turn is invalid (must be > 0); clamping to 1
2026-05-31 16:20:28.613 - PublicDatasetComposer - WARNING - max_tokens=0 on turn is invalid (must be > 0); clamping to 1
2026-05-31 16:20:28.614 - PublicDatasetComposer - WARNING - max_tokens=0 on turn is invalid (must be > 0); clamping to 1
2026-05-31 16:20:28.614 - PublicDatasetComposer - WARNING - max_tokens=0 on turn is invalid (must be > 0); clamping to 1
2026-05-31 16:20:28.614 - PublicDatasetComposer - WARNING - max_tokens=0 on turn is invalid (must be > 0); clamping to 1
2026-05-31 16:20:28.614 - PublicDatasetComposer - WARNING - max_tokens=0 on turn is invalid (must be > 0); clamping to 1
2026-05-31 16:20:28.614 - PublicDatasetComposer - WARNING - max_tokens=0 on turn is invalid (must be > 0); clamping to 1
2026-05-31 16:20:30.428 - MemoryMapDatasetBackingStore_705db50b - INFO - Memory-mapped backing store initialized (streaming to /tmp/aiperf_mmap_07d526b2-d303-483b-aa1c-eb5e8ad816c7/dataset.dat)
2026-05-31 16:24:20.737 - MemoryMapDatasetBackingStore_705db50b - INFO - Data file finalized: 1888 conversations, 98,153.24 MB
2026-05-31 16:24:20.738 - MemoryMapDatasetBackingStore_705db50b - INFO - Index file created: /tmp/aiperf_mmap_07d526b2-d303-483b-aa1c-eb5e8ad816c7/index.dat
2026-05-31 16:24:20.738 - dataset_manager - INFO - Backing store finalized: client_type=DatasetClientStoreType.MEMORY_MAP format=MemoryMapFormat.CONVERSATION data_file_path=PosixPath('/tmp/aiperf_mmap_07d526b2-d303-483b-aa1c-eb5e8ad816c7/dataset.dat') index_file_path=PosixPath('/tmp/aiperf_mmap_07d526b2-d303-483b-aa1c-eb5e8ad816c7/index.dat') conversation_count=1888 total_size_bytes=102921134255 compressed=False compressed_size_bytes=0
2026-05-31 16:24:21.951 - dataset_manager - INFO - sampling strategy: sequential, unique conversations: 1888, unique turn count: 113254
2026-05-31 16:24:22.066 - dataset_manager - INFO - Skipping inputs.json generation
2026-05-31 16:24:22.384 - aiperf.timing.trajectory_source - INFO - TrajectorySource: built 40 trajectories from 472 traces
  range cfg=[0.25, 0.75]  observed sample pct: min= 25% median= 52% max= 74%
    lane=00  sample_time= 42%  root_next=288/581 ( 50% turns)  live=1 ready=1  trace_id=008df469894b62a281ead30c5d59ec67c09a
    lane=01  sample_time= 60%  root_next= 60/72  ( 83% turns)  live=1 ready=1  trace_id=009dfc4e83422be8d3daa41cfda78036b2cd
    lane=02  sample_time= 60%  root_next=835/1450 ( 58% turns)  live=1 ready=1  trace_id=00ac905ea15e7901d7e2e5e41eb2e8f09684
    lane=03  sample_time= 41%  root_next= 51/117 ( 44% turns)  live=1 ready=1  trace_id=00cce9f29920af4b553f6278d313d6ce45e5
    lane=04  sample_time= 43%  root_next= 35/90  ( 39% turns)  live=1 ready=1  trace_id=00f4cc77fc2de6713521dad5f0066c6a051a
    lane=05  sample_time= 70%  root_next=225/352 ( 64% turns)  live=1 ready=1  trace_id=015dff5473d6ef6fa2f62522abde478d7bf4
    lane=06  sample_time= 38%  root_next= 59/117 ( 50% turns)  live=1 ready=1  trace_id=019b5b97730cacf13803ac76c3a3c736668c
    lane=07  sample_time= 39%  root_next=129/269 ( 48% turns)  live=1 ready=1  trace_id=020db36acd1683304d1aa97874a68c06318a
    lane=08  sample_time= 41%  root_next= 24/40  ( 60% turns)  live=1 ready=1  trace_id=031de6c76f8eb0194c7babac9754ce37a277
    lane=09  sample_time= 74%  root_next= 40/55  ( 73% turns)  live=1 ready=1  trace_id=03cfc3a979078960cc1fec9f86acc78b93bc
    lane=10  sample_time= 53%  root_next= 35/59  ( 59% turns)  live=1 ready=1  trace_id=047ecfb79fa6fc013caa21b6654de24d26e4
    lane=11  sample_time= 27%  root_next=  4/25  ( 16% turns)  live=1 ready=1  trace_id=05e848a02096a5905710829e272ac4d5e82c
    lane=12  sample_time= 30%  root_next= 35/181 ( 19% turns)  live=2 ready=1  trace_id=0605169f853339123b00578c5fe0204b4a79
    lane=13  sample_time= 60%  root_next= 15/21  ( 71% turns)  live=1 ready=1  trace_id=08937088f7b6ba23a08f372e87ca180d43a3
    lane=14  sample_time= 66%  root_next= 20/31  ( 65% turns)  live=1 ready=1  trace_id=0af3e551f4b5f408f6f5fd060efc0fda2a02
    lane=15  sample_time= 25%  root_next= 13/29  ( 45% turns)  live=1 ready=1  trace_id=0af74bd3f6093d3898f9eaff4d367b8a0eac
    lane=16  sample_time= 73%  root_next= 24/33  ( 73% turns)  live=1 ready=1  trace_id=0b1825a4864ed8e4f4a14c43d34b634462ae
    lane=17  sample_time= 72%  root_next= 70/93  ( 75% turns)  live=1 ready=1  trace_id=0b8af1bdb1ba156b2dc69e3f9bf5e0351951
    lane=18  sample_time= 53%  root_next=137/248 ( 55% turns)  live=1 ready=1  trace_id=0b9fffc42e4a262de41727974ca8a5fe65af
    lane=19  sample_time= 42%  root_next=110/141 ( 78% turns)  live=1 ready=1  trace_id=0be3086988be62cc3202f281032b4d1b9aff
    lane=20  sample_time= 68%  root_next= 46/53  ( 87% turns)  live=1 ready=1  trace_id=0c80f810ee39c9ff7fd1da753062021f61ca
    lane=21  sample_time= 52%  root_next=104/197 ( 53% turns)  live=1 ready=1  trace_id=0cc0305639ff70b72d8879ab0155e18bb1c1
    lane=22  sample_time= 29%  root_next= 18/58  ( 31% turns)  live=1 ready=1  trace_id=0d16b460e49f5f0a3188ec9cc37bb38bf567
    lane=23  sample_time= 63%  root_next=130/194 ( 67% turns)  live=1 ready=1  trace_id=0d4f55994df94712415a1e7127b02f077a7e
    lane=24  sample_time= 72%  root_next= 15/20  ( 75% turns)  live=1 ready=1  trace_id=0e3e0d05df4033ad3442ca6a9e1670a1430d
    lane=25  sample_time= 61%  root_next=200/247 ( 81% turns)  live=1 ready=1  trace_id=0e42cb4b5137151929d8e4ab11f374f4a4eb
    lane=26  sample_time= 59%  root_next= 97/148 ( 66% turns)  live=1 ready=1  trace_id=0ea2ba1d4d78d864b40b3ebfd717f97d6245
    lane=27  sample_time= 52%  root_next= 65/225 ( 29% turns)  live=1 ready=1  trace_id=0f5b266f3286442536a9354d0361cde74da8
    lane=28  sample_time= 35%  root_next=168/419 ( 40% turns)  live=1 ready=1  trace_id=0f8deb1978198fc1b0e7576e2e77e15d6368
    lane=29  sample_time= 35%  root_next= 51/134 ( 38% turns)  live=1 ready=1  trace_id=0fbcd81b70613cb62405d69776f6c2932e8f
    lane=30  sample_time= 27%  root_next= 41/115 ( 36% turns)  live=1 ready=1  trace_id=10454fdbb1be3085822cd83a7480ad3fd966
    lane=31  sample_time= 46%  root_next= 31/47  ( 66% turns)  live=1 ready=1  trace_id=106674ca44f3a38c3ee29c49dc5f01387e1a
    lane=32  sample_time= 48%  root_next= 34/65  ( 52% turns)  live=1 ready=1  trace_id=10f4a17d5dadb7c65175f0be58aae0ef5317
    lane=33  sample_time= 34%  root_next= 20/40  ( 50% turns)  live=1 ready=1  trace_id=113281b8bd835e54cfc1c2fa27f32216c041
    lane=34  sample_time= 42%  root_next= 23/33  ( 70% turns)  live=1 ready=1  trace_id=114caff5ae26431a7280b52adfdf333c69ec
    lane=35  sample_time= 55%  root_next= 81/153 ( 53% turns)  live=1 ready=1  trace_id=11f1732c8df4d71de9ee3e7330e71a699fe8
    lane=36  sample_time= 40%  root_next=108/250 ( 43% turns)  live=1 ready=1  trace_id=11f5d6df74271e2179125dc5149949d82940
    lane=37  sample_time= 66%  root_next=141/191 ( 74% turns)  live=1 ready=1  trace_id=1337191dc1a1e2d3fd0e1ef4ce4e6eeef244
    lane=38  sample_time= 70%  root_next= 20/26  ( 77% turns)  live=1 ready=1  trace_id=146f199fbf17eb44217390f0c78403ad7b28
    lane=39  sample_time= 56%  root_next= 30/56  ( 54% turns)  live=1 ready=1  trace_id=1471acdce8b438e02ba435d76f09ef729e10
2026-05-31 16:24:22.385 - PhaseOrchestrator_efd45046 - INFO - Initialized 2 phase(s): ['Warmup', 'Profiling']
2026-05-31 16:24:23.740 - dataset_manager - INFO - Dataset client initialized and freed 1888 conversations from memory
2026-05-31 16:24:34.668 - aiperf.dataset.mmap_cache - INFO - Populated mmap cache entry /root/.cache/aiperf/dataset_mmap/587721ff6943b8cb30ab246f32059456
2026-05-31 16:24:34.668 - dataset_manager - INFO - Dataset configured in 331.95 seconds
2026-05-31 16:24:34.670 - system_controller - INFO - All services configured in 336.41 seconds
2026-05-31 16:24:34.670 - system_controller - INFO - AIPerf System is CONFIGURED
2026-05-31 16:24:34.671 - server_metrics_manager - INFO - Server Metrics: Started 1 collector(s) successfully
2026-05-31 16:24:34.683 - system_controller - INFO - All services started profiling successfully
2026-05-31 16:24:34.683 - system_controller - INFO - AIPerf System is PROFILING
2026-05-31 16:24:34.694 - PhaseRunner - NOTICE - Phase warmup started | target: 40 requests
2026-05-31 16:24:34.694 - AgenticReplayTiming - INFO - WARMUP execute: dispatching 40 trajectory credits
2026-05-31 16:24:34.694 - records_manager - INFO - Credit phase start: warmup
2026-05-31 16:24:34.695 - PhaseRunner - NOTICE - Phase warmup sending complete | sent=40, completed=0, in_flight=40
2026-05-31 16:24:34.734 - EventLoopMonitor - WARNING - Event loop for worker_5251c997 is taking too long to run. Overhead: 33.02ms
2026-05-31 16:24:35.022 - EventLoopMonitor - WARNING - Event loop for worker_27725d02 is taking too long to run. Overhead: 87.58ms
2026-05-31 16:24:35.172 - EventLoopMonitor - WARNING - Event loop for worker_85309a8c is taking too long to run. Overhead: 231.50ms
2026-05-31 16:24:35.211 - EventLoopMonitor - WARNING - Event loop for worker_772b4ead is taking too long to run. Overhead: 502.95ms
2026-05-31 16:24:35.064 - EventLoopMonitor - WARNING - Event loop for worker_fa68cfe9 is taking too long to run. Overhead: 128.36ms
2026-05-31 16:24:35.363 - EventLoopMonitor - WARNING - Event loop for worker_17e8cdb6 is taking too long to run. Overhead: 420.34ms
2026-05-31 16:24:35.611 - EventLoopMonitor - WARNING - Event loop for worker_343dbc98 is taking too long to run. Overhead: 672.80ms
2026-05-31 16:24:35.360 - EventLoopMonitor - WARNING - Event loop for worker_51ae00ed is taking too long to run. Overhead: 418.19ms
2026-05-31 16:24:36.255 - EventLoopMonitor - WARNING - Event loop for worker_7448162a is taking too long to run. Overhead: 1,310.79ms
2026-05-31 16:24:38.374 - EventLoopMonitor - WARNING - Event loop for worker_7a1558b8 is taking too long to run. Overhead: 3,440.86ms
2026-05-31 16:24:38.397 - worker_manager - WARNING - CPU usage for worker_7a1558b8 is 94%. AIPerf results may be inaccurate.
2026-05-31 16:32:20.055 - AgenticReplayTiming - INFO - WARMUP 1/40 returned [ok] (lane=12, trace_id=0605169f853339123b00578c5fe0204b4a79::sa:subagent_001_7bff5d9f, start_turn=62/64 (97% through trace))
2026-05-31 16:42:44.500 - PhaseRunner - NOTICE - Phase warmup complete | completed=40, cancelled=0, errors=0 | elapsed=1089.81s
2026-05-31 16:42:44.501 - aiperf.timing.branch_orchestrator - INFO - BranchOrchestrator stats: spawned=0 completed=0 errored=0 suspended=0 resumed=0 parents_failed_due_to_child_error=0 joins_suppressed=0
2026-05-31 16:42:44.516 - AgenticReplayTiming - INFO - PROFILING setup: trajectories=40 traces, recycle_queue=472 traces (full pool)
2026-05-31 16:42:44.516 - PhaseRunner - NOTICE - Phase profiling started | target: 1800.0s duration
2026-05-31 16:42:44.516 - records_manager - INFO - Credit phase start: profiling
2026-05-31 16:42:44.517 - PhaseRunner - INFO - Waiting for event 'profiling phase sending' with timeout of 1799.999086207s
2026-05-31 16:42:44.517 - AgenticReplayTiming - INFO - PROFILING execute: resuming 40 trajectory sessions
2026-05-31 16:42:44.935 - EventLoopMonitor - WARNING - Event loop for worker_bad549e8 is taking too long to run. Overhead: 209.28ms
2026-05-31 16:42:45.954 - EventLoopMonitor - WARNING - Event loop for worker_5bc12baf is taking too long to run. Overhead: 150.85ms
2026-05-31 16:42:54.519 - EventLoopMonitor - WARNING - Event loop for worker_23f35efb is taking too long to run. Overhead: 211.21ms
2026-05-31 16:42:54.824 - EventLoopMonitor - WARNING - Event loop for worker_5251c997 is taking too long to run. Overhead: 336.31ms
2026-05-31 16:42:57.948 - records_manager - INFO - [realtime 00:13 profiling] rps=0.5 (avg 0.5) tput_in=64926/s tput_out=52/s done=6 ok=6 err=0
                           ttft p50=2280ms p75=2571ms p95=2795ms p99=2834ms
                           itl  p50=30ms   p75=35ms   p95=48ms   p99=52ms
                           e2e  p50=6273ms p75=7332ms p95=10665ms p99=11486ms
                           intvty p50=33     p75=37     p95=38     p99=38 (1/tpot tok/s)
                           isl  p50=141,500   p75=157,110   p90=189,124   p99=217,001 (tokens)
                           osl  p50=122       p75=147       p90=204       p99=255 (tokens)
                           tot  in=832,636        out=673
                           trace theoretical_prefix_cache_hit=99.3%
                           srv  prefix_cache_hit=26.8% unique_in_srv=5,296,425 ext_cache_hit=8.2% kv_usage=48.3% queue=10r/1w tput_in_srv=4,855/s tput_out_srv=17/s
2026-05-31 16:42:59.034 - EventLoopMonitor - WARNING - Event loop for worker_fa68cfe9 is taking too long to run. Overhead: 433.99ms
2026-05-31 16:43:01.205 - AgenticReplayTiming - INFO - Terminating trajectory 00ac905ea15e7901d7e2e5e41eb2e8f09684 early at turn 835/1449: context-overflow error from server
2026-05-31 16:43:01.699 - EventLoopMonitor - WARNING - Event loop for worker_d9aefe0e is taking too long to run. Overhead: 328.27ms
2026-05-31 16:43:04.960 - worker_manager - WARNING - CPU usage for worker_d9aefe0e is 91%. AIPerf results may be inaccurate.
2026-05-31 16:43:05.176 - AgenticReplayTiming - INFO - Terminating trajectory 0e42cb4b5137151929d8e4ab11f374f4a4eb early at turn 200/246: context-overflow error from server
2026-05-31 16:43:05.816 - EventLoopMonitor - WARNING - Event loop for worker_48529d53 is taking too long to run. Overhead: 441.18ms
2026-05-31 16:43:07.647 - EventLoopMonitor - WARNING - Event loop for worker_27725d02 is taking too long to run. Overhead: 687.45ms
2026-05-31 16:43:10.525 - AgenticReplayTiming - INFO - Terminating trajectory 0e42cb4b5137151929d8e4ab11f374f4a4eb early at turn 0/246: context-overflow error from server
2026-05-31 16:43:11.808 - AgenticReplayTiming - INFO - Terminating trajectory 0f8deb1978198fc1b0e7576e2e77e15d6368 early at turn 168/418: context-overflow error from server
2026-05-31 16:43:12.002 - EventLoopMonitor - WARNING - Event loop for worker_e0fb5f98 is taking too long to run. Overhead: 27.62ms
2026-05-31 16:43:16.317 - EventLoopMonitor - WARNING - Event loop for worker_9c08992e is taking too long to run. Overhead: 268.82ms
2026-05-31 16:43:17.744 - AgenticReplayTiming - INFO - Terminating trajectory 0f5b266f3286442536a9354d0361cde74da8 early at turn 65/224: context-overflow error from server
2026-05-31 16:43:17.349 - EventLoopMonitor - WARNING - Event loop for worker_f21a7c29 is taking too long to run. Overhead: 758.58ms
2026-05-31 16:43:18.186 - EventLoopMonitor - WARNING - Event loop for worker_5251c997 is taking too long to run. Overhead: 375.53ms
2026-05-31 16:43:18.996 - AgenticReplayTiming - INFO - Terminating trajectory 008df469894b62a281ead30c5d59ec67c09a early at turn 288/580: context-overflow error from server
2026-05-31 16:43:19.143 - EventLoopMonitor - WARNING - Event loop for worker_fa68cfe9 is taking too long to run. Overhead: 60.43ms
2026-05-31 16:43:23.791 - EventLoopMonitor - WARNING - Event loop for worker_27725d02 is taking too long to run. Overhead: 121.10ms
2026-05-31 16:43:24.829 - AgenticReplayTiming - INFO - Terminating trajectory 020db36acd1683304d1aa97874a68c06318a early at turn 129/268: context-overflow error from server
2026-05-31 16:43:26.411 - AgenticReplayTiming - INFO - Terminating trajectory 11f1732c8df4d71de9ee3e7330e71a699fe8 early at turn 81/152: context-overflow error from server
2026-05-31 16:43:27.967 - records_manager - INFO - [realtime 00:43 profiling] rps=0.6 (avg 0.4) tput_in=51185/s tput_out=45/s done=24 ok=24 err=0
                           ttft p50=2745ms p75=7790ms p95=10319ms p99=13285ms
                           itl  p50=42ms   p75=54ms   p95=123ms  p99=127ms
                           e2e  p50=8619ms p75=12234ms p95=15057ms p99=15781ms
                           intvty p50=24     p75=28     p95=38     p99=38 (1/tpot tok/s)
                           isl  p50=126,590   p75=173,784   p90=222,782   p99=241,453 (tokens)
                           osl  p50=99        p75=145       p90=234       p99=373 (tokens)
                           tot  in=2,097,275      out=1,847
                           trace theoretical_prefix_cache_hit=99.5%
                           srv  prefix_cache_hit=17.8% unique_in_srv=17,232,369 ext_cache_hit=26.2% kv_usage=96.8% queue=22r/8w tput_in_srv=7,034/s tput_out_srv=19/s
2026-05-31 16:43:57.993 - records_manager - INFO - [realtime 01:13 profiling] rps=0.1 (avg 0.3) tput_in=39610/s tput_out=33/s done=28 ok=28 err=0
                           ttft p50=2966ms p75=8539ms p95=14055ms p99=14491ms
                           itl  p50=52ms   p75=123ms  p95=295ms  p99=297ms
                           e2e  p50=11223ms p75=15057ms p95=38490ms p99=47262ms
                           intvty p50=19     p75=27     p95=37     p99=38 (1/tpot tok/s)
                           isl  p50=151,618   p75=198,382   p90=222,563   p99=240,587 (tokens)
                           osl  p50=99        p75=145       p90=213       p99=368 (tokens)
                           tot  in=2,802,017      out=2,361
                           trace theoretical_prefix_cache_hit=95.5%
                           srv  prefix_cache_hit=17.3% unique_in_srv=17,809,940 ext_cache_hit=28.0% kv_usage=92.8% queue=24r/9w tput_in_srv=7,213/s tput_out_srv=20/s
2026-05-31 16:44:28.031 - records_manager - INFO - [realtime 01:43 profiling] rps=0.4 (avg 0.3) tput_in=38456/s tput_out=38/s done=39 ok=39 err=0
                           ttft p50=8475ms p75=12131ms p95=42056ms p99=45802ms
                           itl  p50=99ms   p75=296ms  p95=387ms  p99=447ms
                           e2e  p50=15962ms p75=52810ms p95=78289ms p99=83639ms
                           intvty p50=10     p75=24     p95=37     p99=38 (1/tpot tok/s)
                           isl  p50=124,173   p75=158,380   p90=220,974   p99=238,206 (tokens)
                           osl  p50=99        p75=178       p90=227       p99=355 (tokens)
                           tot  in=3,921,523      out=3,824
                           trace theoretical_prefix_cache_hit=93.0%
                           srv  prefix_cache_hit=11.3% unique_in_srv=29,229,904 ext_cache_hit=37.0% kv_usage=97.5% queue=24r/7w tput_in_srv=7,839/s tput_out_srv=22/s
2026-05-31 16:44:58.076 - records_manager - INFO - [realtime 02:13 profiling] rps=0.2 (avg 0.3) tput_in=37289/s tput_out=36/s done=46 ok=46 err=0
                           ttft p50=8942ms p75=17369ms p95=42243ms p99=45686ms
                           itl  p50=139ms  p75=315ms  p95=418ms  p99=551ms
                           e2e  p50=34978ms p75=57506ms p95=83249ms p99=103748ms
                           intvty p50=7      p75=20     p95=37     p99=38 (1/tpot tok/s)
                           isl  p50=120,420   p75=158,395   p90=221,434   p99=254,433 (tokens)
                           osl  p50=100       p75=180       p90=237       p99=366 (tokens)
                           tot  in=4,875,572      out=4,692
                           trace theoretical_prefix_cache_hit=94.1%
                           srv  prefix_cache_hit=9.2% unique_in_srv=37,036,719 ext_cache_hit=41.3% kv_usage=96.0% queue=24r/7w tput_in_srv=8,189/s tput_out_srv=22/s
2026-05-31 16:45:28.124 - records_manager - INFO - [realtime 02:43 profiling] rps=0.1 (avg 0.3) tput_in=34329/s tput_out=35/s done=48 ok=48 err=0
                           ttft p50=9591ms p75=18922ms p95=42176ms p99=45595ms
                           itl  p50=157ms  p75=310ms  p95=413ms  p99=548ms
                           e2e  p50=37019ms p75=59765ms p95=85056ms p99=112511ms
                           intvty p50=6      p75=20     p95=37     p99=38 (1/tpot tok/s)
                           isl  p50=116,503   p75=158,362   p90=221,127   p99=254,124 (tokens)
                           osl  p50=103       p75=183       p90=262       p99=365 (tokens)
                           tot  in=4,980,965      out=5,096
                           trace theoretical_prefix_cache_hit=93.2%
                           srv  prefix_cache_hit=9.2% unique_in_srv=37,036,719 ext_cache_hit=41.3% kv_usage=97.0% queue=24r/11w tput_in_srv=8,233/s tput_out_srv=23/s
2026-05-31 16:45:58.179 - records_manager - INFO - [realtime 03:13 profiling] rps=0.2 (avg 0.2) tput_in=30568/s tput_out=37/s done=54 ok=54 err=0
                           ttft p50=11534ms p75=19739ms p95=42648ms p99=57518ms
                           itl  p50=224ms  p75=306ms  p95=398ms  p99=540ms
                           e2e  p50=48646ms p75=73218ms p95=107782ms p99=129812ms
                           intvty p50=4      p75=19     p95=35     p99=38 (1/tpot tok/s)
                           isl  p50=116,078   p75=158,297   p90=221,741   p99=253,197 (tokens)
                           osl  p50=119       p75=202       p90=300       p99=428 (tokens)
                           tot  in=5,627,157      out=6,756
                           trace theoretical_prefix_cache_hit=90.9%
                           srv  prefix_cache_hit=5.4% unique_in_srv=65,300,068 ext_cache_hit=42.8% kv_usage=93.5% queue=21r/14w tput_in_srv=8,364/s tput_out_srv=25/s
2026-05-31 16:46:28.239 - records_manager - INFO - [realtime 03:43 profiling] rps=0.1 (avg 0.2) tput_in=27802/s tput_out=35/s done=56 ok=56 err=0
                           ttft p50=12131ms p75=23775ms p95=49282ms p99=65378ms
                           itl  p50=232ms  p75=310ms  p95=394ms  p99=537ms
                           e2e  p50=49132ms p75=75082ms p95=112810ms p99=152185ms
                           intvty p50=4      p75=19     p95=34     p99=38 (1/tpot tok/s)
                           isl  p50=116,078   p75=158,362   p90=221,434   p99=252,888 (tokens)
                           osl  p50=119       p75=206       p90=306       p99=465 (tokens)
                           tot  in=5,898,668      out=7,327
                           trace theoretical_prefix_cache_hit=89.4%
                           srv  prefix_cache_hit=5.3% unique_in_srv=67,036,161 ext_cache_hit=44.4% kv_usage=97.2% queue=23r/17w tput_in_srv=8,590/s tput_out_srv=25/s
2026-05-31 16:46:58.316 - records_manager - INFO - [realtime 04:13 profiling] rps=0.4 (avg 0.2) tput_in=28821/s tput_out=50/s done=67 ok=67 err=0
                           ttft p50=14026ms p75=35419ms p95=91611ms p99=93996ms
                           itl  p50=230ms  p75=296ms  p95=368ms  p99=522ms
                           e2e  p50=57953ms p75=97551ms p95=210379ms p99=218586ms
                           intvty p50=4      p75=19     p95=30     p99=38 (1/tpot tok/s)
                           isl  p50=116,338   p75=158,378   p90=220,273   p99=251,188 (tokens)
                           osl  p50=121       p75=247       p90=495       p99=932 (tokens)
                           tot  in=7,210,756      out=12,478
                           trace theoretical_prefix_cache_hit=89.8%
                           srv  prefix_cache_hit=3.4% unique_in_srv=106,035,092 ext_cache_hit=47.5% kv_usage=93.0% queue=22r/12w tput_in_srv=9,009/s tput_out_srv=28/s
2026-05-31 16:47:28.395 - records_manager - INFO - [realtime 04:43 profiling] rps=0.1 (avg 0.2) tput_in=26812/s tput_out=45/s done=69 ok=69 err=0
                           ttft p50=14600ms p75=41969ms p95=91869ms p99=100770ms
                           itl  p50=230ms  p75=298ms  p95=363ms  p99=519ms
                           e2e  p50=65202ms p75=99553ms p95=210216ms p99=218279ms
                           intvty p50=4      p75=19     p95=30     p99=38 (1/tpot tok/s)
                           isl  p50=116,338   p75=158,411   p90=220,974   p99=260,179 (tokens)
                           osl  p50=120       p75=233       p90=472       p99=922 (tokens)
                           tot  in=7,527,696      out=12,700
                           trace theoretical_prefix_cache_hit=90.3%
                           srv  prefix_cache_hit=3.4% unique_in_srv=106,035,092 ext_cache_hit=47.5% kv_usage=96.0% queue=21r/16w tput_in_srv=8,886/s tput_out_srv=27/s
2026-05-31 16:47:58.481 - records_manager - INFO - [realtime 05:13 profiling] rps=0.1 (avg 0.2) tput_in=24877/s tput_out=43/s done=73 ok=73 err=0
                           ttft p50=15533ms p75=42311ms p95=91866ms p99=100482ms
                           itl  p50=232ms  p75=308ms  p95=415ms  p99=620ms
                           e2e  p50=70612ms p75=107465ms p95=210106ms p99=217820ms
                           intvty p50=4      p75=18     p95=29     p99=38 (1/tpot tok/s)
                           isl  p50=116,078   p75=158,362   p90=220,711   p99=260,177 (tokens)
                           osl  p50=120       p75=240       p90=551       p99=909 (tokens)
                           tot  in=7,795,412      out=13,583
                           trace theoretical_prefix_cache_hit=90.6%
                           srv  prefix_cache_hit=3.3% unique_in_srv=111,015,937 ext_cache_hit=48.6% kv_usage=99.3% queue=24r/15w tput_in_srv=9,288/s tput_out_srv=28/s
2026-05-31 16:48:28.585 - records_manager - INFO - [realtime 05:44 profiling] rps=0.3 (avg 0.2) tput_in=26331/s tput_out=49/s done=83 ok=83 err=0
                           ttft p50=18929ms p75=64869ms p95=98570ms p99=104226ms
                           itl  p50=233ms  p75=318ms  p95=435ms  p99=616ms
                           e2e  p50=77531ms p75=119654ms p95=210788ms p99=256564ms
                           intvty p50=4      p75=15     p95=29     p99=38 (1/tpot tok/s)
                           isl  p50=114,423   p75=158,297   p90=213,776   p99=260,170 (tokens)
                           osl  p50=132       p75=242       p90=551       p99=1,279 (tokens)
                           tot  in=8,883,363      out=16,588
                           trace theoretical_prefix_cache_hit=90.9%
                           srv  prefix_cache_hit=2.8% unique_in_srv=129,378,991 ext_cache_hit=51.4% kv_usage=97.0% queue=23r/14w tput_in_srv=9,615/s tput_out_srv=29/s
2026-05-31 16:48:58.707 - records_manager - INFO - [realtime 06:14 profiling] rps=0.4 (avg 0.2) tput_in=26677/s tput_out=54/s done=94 ok=94 err=0
                           ttft p50=26224ms p75=72250ms p95=99292ms p99=108428ms
                           itl  p50=232ms  p75=307ms  p95=417ms  p99=611ms
                           e2e  p50=84651ms p75=139976ms p95=211524ms p99=338765ms
                           intvty p50=4      p75=13     p95=28     p99=38 (1/tpot tok/s)
                           isl  p50=111,296   p75=153,995   p90=211,668   p99=260,162 (tokens)
                           osl  p50=135       p75=266       p90=540       p99=1,441 (tokens)
                           tot  in=9,959,365      out=19,999
                           trace theoretical_prefix_cache_hit=90.7%
                           srv  prefix_cache_hit=2.5% unique_in_srv=148,848,582 ext_cache_hit=53.7% kv_usage=96.6% queue=23r/11w tput_in_srv=10,105/s tput_out_srv=31/s
2026-05-31 16:49:28.854 - records_manager - INFO - [realtime 06:44 profiling] rps=0.4 (avg 0.2) tput_in=28158/s tput_out=61/s done=107 ok=107 err=0
                           ttft p50=33286ms p75=76237ms p95=99654ms p99=106882ms
                           itl  p50=212ms  p75=295ms  p95=416ms  p99=605ms
                           e2e  p50=85165ms p75=137489ms p95=214450ms p99=358291ms
                           intvty p50=5      p75=12     p95=27     p99=37 (1/tpot tok/s)
                           isl  p50=106,498   p75=150,722   p90=205,346   p99=260,152 (tokens)
                           osl  p50=146       p75=265       p90=592       p99=1,497 (tokens)
                           tot  in=11,331,692     out=24,712
                           trace theoretical_prefix_cache_hit=91.1%
                           srv  prefix_cache_hit=2.1% unique_in_srv=175,335,317 ext_cache_hit=56.3% kv_usage=91.8% queue=21r/12w tput_in_srv=10,561/s tput_out_srv=33/s
2026-05-31 16:49:59.021 - records_manager - INFO - [realtime 07:14 profiling] rps=0.3 (avg 0.2) tput_in=28971/s tput_out=65/s done=117 ok=117 err=0
                           ttft p50=36898ms p75=67864ms p95=99260ms p99=106491ms
                           itl  p50=188ms  p75=286ms  p95=414ms  p99=597ms
                           e2e  p50=82894ms p75=129507ms p95=222109ms p99=355804ms
                           intvty p50=5      p75=11     p95=27     p99=37 (1/tpot tok/s)
                           isl  p50=106,498   p75=150,086   p90=220,361   p99=259,068 (tokens)
                           osl  p50=153       p75=268       p90=592       p99=1,491 (tokens)
                           tot  in=12,517,039     out=27,957
                           trace theoretical_prefix_cache_hit=91.8%
                           srv  prefix_cache_hit=1.8% unique_in_srv=200,574,786 ext_cache_hit=58.9% kv_usage=94.0% queue=25r/9w tput_in_srv=11,158/s tput_out_srv=36/s
2026-05-31 16:50:29.225 - records_manager - INFO - [realtime 07:44 profiling] rps=0.5 (avg 0.3) tput_in=30970/s tput_out=72/s done=133 ok=133 err=0
                           ttft p50=35464ms p75=65519ms p95=99063ms p99=106410ms
                           itl  p50=172ms  p75=260ms  p95=408ms  p99=582ms
                           e2e  p50=78772ms p75=124340ms p95=225173ms p99=381415ms
                           intvty p50=6      p75=11     p95=25     p99=37 (1/tpot tok/s)
                           isl  p50=106,498   p75=149,373   p90=199,622   p99=256,596 (tokens)
                           osl  p50=153       p75=278       p90=602       p99=1,543 (tokens)
                           tot  in=14,299,708     out=33,307
                           trace theoretical_prefix_cache_hit=92.4%
                           srv  prefix_cache_hit=1.5% unique_in_srv=239,064,856 ext_cache_hit=62.7% kv_usage=97.4% queue=26r/6w tput_in_srv=11,921/s tput_out_srv=38/s
2026-05-31 16:50:57.810 - AgenticReplayTiming - INFO - Terminating trajectory 015dff5473d6ef6fa2f62522abde478d7bf4 early at turn 228/351: context-overflow error from server
2026-05-31 16:50:59.462 - records_manager - INFO - [realtime 08:14 profiling] rps=0.5 (avg 0.3) tput_in=31836/s tput_out=77/s done=147 ok=147 err=0
                           ttft p50=31187ms p75=64083ms p95=98824ms p99=106345ms
                           itl  p50=157ms  p75=249ms  p95=396ms  p99=569ms
                           e2e  p50=74615ms p75=120123ms p95=241231ms p99=378190ms
                           intvty p50=6      p75=13     p95=25     p99=37 (1/tpot tok/s)
                           isl  p50=101,811   p75=149,241   p90=199,366   p99=254,588 (tokens)
                           osl  p50=159       p75=273       p90=635       p99=1,596 (tokens)
                           tot  in=15,659,760     out=38,012
                           trace theoretical_prefix_cache_hit=93.0%
                           srv  prefix_cache_hit=1.2% unique_in_srv=297,607,811 ext_cache_hit=65.2% kv_usage=99.4% queue=26r/9w tput_in_srv=12,557/s tput_out_srv=44/s
2026-05-31 16:51:29.745 - records_manager - INFO - [realtime 08:45 profiling] rps=0.5 (avg 0.3) tput_in=32983/s tput_out=90/s done=162 ok=162 err=0
                           ttft p50=29731ms p75=53409ms p95=98916ms p99=106270ms
                           itl  p50=141ms  p75=242ms  p95=381ms  p99=555ms
                           e2e  p50=71970ms p75=120154ms p95=302977ms p99=414300ms
                           intvty p50=7      p75=13     p95=25     p99=37 (1/tpot tok/s)
                           isl  p50=101,503   p75=148,253   p90=199,008   p99=255,365 (tokens)
                           osl  p50=174       p75=300       p90=726       p99=1,878 (tokens)
                           tot  in=17,263,752     out=47,206
                           trace theoretical_prefix_cache_hit=93.4%
                           srv  prefix_cache_hit=1.1% unique_in_srv=343,955,365 ext_cache_hit=67.4% kv_usage=99.6% queue=24r/10w tput_in_srv=13,002/s tput_out_srv=48/s
2026-05-31 16:52:00.063 - records_manager - INFO - [realtime 09:15 profiling] rps=0.4 (avg 0.3) tput_in=33750/s tput_out=92/s done=173 ok=173 err=0
                           ttft p50=27664ms p75=50375ms p95=98703ms p99=106215ms
                           itl  p50=135ms  p75=239ms  p95=391ms  p99=545ms
                           e2e  p50=64002ms p75=116840ms p95=289394ms p99=408531ms
                           intvty p50=7      p75=13     p95=25     p99=37 (1/tpot tok/s)
                           isl  p50=101,811   p75=148,422   p90=199,707   p99=254,333 (tokens)
                           osl  p50=173       p75=310       p90=723       p99=1,820 (tokens)
                           tot  in=18,611,595     out=50,919
                           trace theoretical_prefix_cache_hit=93.4%
                           srv  prefix_cache_hit=1.0% unique_in_srv=371,092,217 ext_cache_hit=68.6% kv_usage=97.1% queue=27r/5w tput_in_srv=13,482/s tput_out_srv=50/s
2026-05-31 16:52:30.396 - records_manager - INFO - [realtime 09:45 profiling] rps=0.1 (avg 0.3) tput_in=33573/s tput_out=95/s done=177 ok=177 err=0
                           ttft p50=26879ms p75=49452ms p95=98608ms p99=106194ms
                           itl  p50=130ms  p75=238ms  p95=386ms  p99=541ms
                           e2e  p50=64002ms p75=116840ms p95=275633ms p99=406434ms
                           intvty p50=8      p75=13     p95=25     p99=37 (1/tpot tok/s)
                           isl  p50=101,195   p75=145,884   p90=199,366   p99=253,958 (tokens)
                           osl  p50=175       p75=320       p90=763       p99=1,799 (tokens)
                           tot  in=18,928,372     out=53,803
                           trace theoretical_prefix_cache_hit=93.5%
                           srv  prefix_cache_hit=1.0% unique_in_srv=375,576,541 ext_cache_hit=68.4% kv_usage=97.3% queue=25r/10w tput_in_srv=13,419/s tput_out_srv=51/s
2026-05-31 16:53:00.766 - records_manager - INFO - [realtime 10:16 profiling] rps=0.3 (avg 0.3) tput_in=32471/s tput_out=101/s done=186 ok=186 err=0
                           ttft p50=24439ms p75=47361ms p95=98394ms p99=106149ms
                           itl  p50=136ms  p75=236ms  p95=377ms  p99=532ms
                           e2e  p50=71970ms p75=118716ms p95=299998ms p99=456370ms
                           intvty p50=7      p75=13     p95=25     p99=37 (1/tpot tok/s)
                           isl  p50=101,811   p75=144,784   p90=198,945   p99=253,114 (tokens)
                           osl  p50=187       p75=357       p90=884       p99=2,291 (tokens)
                           tot  in=19,952,808     out=61,907
                           trace theoretical_prefix_cache_hit=93.8%
                           srv  prefix_cache_hit=1.0% unique_in_srv=387,700,454 ext_cache_hit=69.3% kv_usage=99.9% queue=27r/13w tput_in_srv=13,797/s tput_out_srv=52/s
2026-05-31 16:53:10.783 - AgenticReplayTiming - INFO - Terminating trajectory 03cfc3a979078960cc1fec9f86acc78b93bc early at turn 43/54: context-overflow error from server
2026-05-31 16:53:31.267 - records_manager - INFO - [realtime 10:46 profiling] rps=0.4 (avg 0.3) tput_in=33498/s tput_out=106/s done=198 ok=198 err=0
                           ttft p50=26224ms p75=47982ms p95=97872ms p99=106094ms
                           itl  p50=140ms  p75=237ms  p95=369ms  p99=522ms
                           e2e  p50=71372ms p75=116840ms p95=325108ms p99=509961ms
                           intvty p50=7      p75=13     p95=25     p99=37 (1/tpot tok/s)
                           isl  p50=101,811   p75=149,341   p90=199,366   p99=255,368 (tokens)
                           osl  p50=183       p75=349       p90=941       p99=2,766 (tokens)
                           tot  in=21,510,448     out=68,180
                           trace theoretical_prefix_cache_hit=94.2%
                           srv  prefix_cache_hit=0.9% unique_in_srv=417,414,068 ext_cache_hit=70.9% kv_usage=98.8% queue=30r/10w tput_in_srv=14,452/s tput_out_srv=54/s
2026-05-31 16:54:01.738 - records_manager - INFO - [realtime 11:17 profiling] rps=0.3 (avg 0.3) tput_in=33387/s tput_out=108/s done=206 ok=206 err=0
                           ttft p50=25107ms p75=47048ms p95=97335ms p99=106054ms
                           itl  p50=138ms  p75=235ms  p95=366ms  p99=514ms
                           e2e  p50=71372ms p75=116840ms p95=317143ms p99=505606ms
                           intvty p50=7      p75=12     p95=25     p99=37 (1/tpot tok/s)
                           isl  p50=101,811   p75=148,422   p90=198,961   p99=254,924 (tokens)
                           osl  p50=185       p75=380       p90=949       p99=2,739 (tokens)
                           tot  in=22,219,554     out=72,134
                           trace theoretical_prefix_cache_hit=94.0%
                           srv  prefix_cache_hit=0.8% unique_in_srv=452,711,830 ext_cache_hit=70.7% kv_usage=94.8% queue=26r/15w tput_in_srv=14,392/s tput_out_srv=56/s
2026-05-31 16:54:32.293 - records_manager - INFO - [realtime 11:47 profiling] rps=0.2 (avg 0.3) tput_in=32364/s tput_out=105/s done=212 ok=212 err=0
                           ttft p50=25390ms p75=47358ms p95=96932ms p99=106024ms
                           itl  p50=142ms  p75=233ms  p95=364ms  p99=509ms
                           e2e  p50=72567ms p75=118247ms p95=311169ms p99=502340ms
                           intvty p50=7      p75=12     p95=25     p99=37 (1/tpot tok/s)
                           isl  p50=101,811   p75=148,084   p90=198,866   p99=254,590 (tokens)
                           osl  p50=189       p75=388       p90=923       p99=2,718 (tokens)
                           tot  in=22,779,913     out=74,142
                           trace theoretical_prefix_cache_hit=94.0%
                           srv  prefix_cache_hit=0.8% unique_in_srv=464,672,692 ext_cache_hit=71.4% kv_usage=99.4% queue=28r/9w tput_in_srv=14,642/s tput_out_srv=56/s
2026-05-31 16:55:02.818 - records_manager - INFO - [realtime 12:18 profiling] rps=0.3 (avg 0.3) tput_in=32735/s tput_out=107/s done=221 ok=221 err=0
                           ttft p50=27272ms p75=48654ms p95=96448ms p99=105785ms
                           itl  p50=150ms  p75=232ms  p95=362ms  p99=505ms
                           e2e  p50=74025ms p75=117543ms p95=318705ms p99=496823ms
                           intvty p50=7      p75=12     p95=24     p99=36 (1/tpot tok/s)
                           isl  p50=101,811   p75=149,121   p90=199,109   p99=254,246 (tokens)
                           osl  p50=187       p75=387       p90=927       p99=2,673 (tokens)
                           tot  in=23,970,698     out=78,032
                           trace theoretical_prefix_cache_hit=93.8%
                           srv  prefix_cache_hit=0.8% unique_in_srv=486,906,677 ext_cache_hit=71.9% kv_usage=97.9% queue=31r/7w tput_in_srv=14,963/s tput_out_srv=58/s
2026-05-31 16:55:33.418 - records_manager - INFO - [realtime 12:48 profiling] rps=0.1 (avg 0.3) tput_in=32752/s tput_out=108/s done=224 ok=224 err=0
                           ttft p50=27664ms p75=48674ms p95=96286ms p99=105706ms
                           itl  p50=151ms  p75=230ms  p95=361ms  p99=503ms
                           e2e  p50=74999ms p75=120123ms p95=316650ms p99=494984ms
                           intvty p50=7      p75=12     p95=24     p99=36 (1/tpot tok/s)
                           isl  p50=101,811   p75=148,761   p90=198,992   p99=254,131 (tokens)
                           osl  p50=189       p75=393       p90=958       p99=2,658 (tokens)
                           tot  in=24,241,501     out=80,230
                           trace theoretical_prefix_cache_hit=93.9%
                           srv  prefix_cache_hit=0.8% unique_in_srv=493,389,767 ext_cache_hit=71.3% kv_usage=96.3% queue=30r/9w tput_in_srv=14,800/s tput_out_srv=58/s
2026-05-31 16:56:03.986 - records_manager - INFO - [realtime 13:19 profiling] rps=0.3 (avg 0.3) tput_in=31298/s tput_out=104/s done=232 ok=232 err=0
                           ttft p50=29434ms p75=50523ms p95=95856ms p99=105494ms
                           itl  p50=153ms  p75=232ms  p95=360ms  p99=500ms
                           e2e  p50=77148ms p75=121751ms p95=311169ms p99=490081ms
                           intvty p50=7      p75=12     p95=24     p99=36 (1/tpot tok/s)
                           isl  p50=101,811   p75=148,274   p90=198,866   p99=253,826 (tokens)
                           osl  p50=189       p75=397       p90=923       p99=2,618 (tokens)
                           tot  in=24,954,258     out=83,079
                           trace theoretical_prefix_cache_hit=93.9%
                           srv  prefix_cache_hit=0.7% unique_in_srv=510,641,869 ext_cache_hit=71.6% kv_usage=96.6% queue=27r/10w tput_in_srv=14,847/s tput_out_srv=60/s
2026-05-31 16:56:34.641 - records_manager - INFO - [realtime 13:50 profiling] rps=0.3 (avg 0.3) tput_in=31461/s tput_out=103/s done=241 ok=241 err=0
                           ttft p50=30181ms p75=53331ms p95=95515ms p99=105256ms
                           itl  p50=153ms  p75=236ms  p95=358ms  p99=497ms
                           e2e  p50=78102ms p75=120215ms p95=304467ms p99=484565ms
                           intvty p50=7      p75=12     p95=23     p99=35 (1/tpot tok/s)
                           isl  p50=101,811   p75=148,226   p90=198,882   p99=253,482 (tokens)
                           osl  p50=191       p75=392       p90=872       p99=2,573 (tokens)
                           tot  in=25,919,491     out=85,201
                           trace theoretical_prefix_cache_hit=94.0%
                           srv  prefix_cache_hit=0.7% unique_in_srv=541,990,429 ext_cache_hit=72.3% kv_usage=99.7% queue=29r/10w tput_in_srv=15,245/s tput_out_srv=61/s
2026-05-31 16:57:05.355 - records_manager - INFO - [realtime 14:20 profiling] rps=0.7 (avg 0.3) tput_in=32649/s tput_out=116/s done=263 ok=263 err=0
                           ttft p50=30113ms p75=53677ms p95=95440ms p99=106270ms
                           itl  p50=153ms  p75=225ms  p95=351ms  p99=488ms
                           e2e  p50=78545ms p75=126307ms p95=302977ms p99=529015ms
                           intvty p50=7      p75=12     p95=23     p99=33 (1/tpot tok/s)
                           isl  p50=100,687   p75=147,521   p90=198,013   p99=252,641 (tokens)
                           osl  p50=199       p75=418       p90=986       p99=2,887 (tokens)
                           tot  in=28,039,980     out=99,252
                           trace theoretical_prefix_cache_hit=93.6%
                           srv  prefix_cache_hit=0.6% unique_in_srv=582,355,115 ext_cache_hit=73.9% kv_usage=99.4% queue=28r/6w tput_in_srv=15,857/s tput_out_srv=64/s
2026-05-31 16:57:36.127 - records_manager - INFO - [realtime 14:51 profiling] rps=0.2 (avg 0.3) tput_in=32724/s tput_out=115/s done=269 ok=269 err=0
                           ttft p50=29696ms p75=52834ms p95=95213ms p99=106240ms
                           itl  p50=150ms  p75=218ms  p95=349ms  p99=486ms
                           e2e  p50=77473ms p75=125282ms p95=298509ms p99=525749ms
                           intvty p50=7      p75=12     p95=24     p99=33 (1/tpot tok/s)
                           isl  p50=98,859    p75=143,444   p90=196,762   p99=252,411 (tokens)
                           osl  p50=189       p75=415       p90=974       p99=2,866 (tokens)
                           tot  in=28,448,477     out=100,104
                           trace theoretical_prefix_cache_hit=93.5%
                           srv  prefix_cache_hit=0.6% unique_in_srv=601,174,601 ext_cache_hit=73.8% kv_usage=99.1% queue=26r/11w tput_in_srv=15,809/s tput_out_srv=65/s
2026-05-31 16:58:06.899 - records_manager - INFO - [realtime 15:22 profiling] rps=0.3 (avg 0.3) tput_in=32151/s tput_out=112/s done=279 ok=279 err=0
                           ttft p50=29696ms p75=50459ms p95=94282ms p99=106189ms
                           itl  p50=150ms  p75=217ms  p95=347ms  p99=482ms
                           e2e  p50=77221ms p75=122197ms p95=283037ms p99=520305ms
                           intvty p50=7      p75=12     p95=23     p99=32 (1/tpot tok/s)
                           isl  p50=98,654    p75=144,596   p90=198,414   p99=252,029 (tokens)
                           osl  p50=191       p75=412       p90=967       p99=2,832 (tokens)
                           tot  in=29,533,079     out=103,223
                           trace theoretical_prefix_cache_hit=93.7%
                           srv  prefix_cache_hit=0.6% unique_in_srv=620,602,086 ext_cache_hit=74.1% kv_usage=94.7% queue=27r/10w tput_in_srv=16,043/s tput_out_srv=67/s
2026-05-31 16:58:32.338 - EventLoopMonitor - WARNING - Event loop for worker_e74a9f84 is taking too long to run. Overhead: 1,235.06ms
2026-05-31 16:58:37.772 - records_manager - INFO - [realtime 15:53 profiling] rps=0.3 (avg 0.3) tput_in=32051/s tput_out=112/s done=287 ok=287 err=0
                           ttft p50=29968ms p75=50256ms p95=93348ms p99=106149ms
                           itl  p50=150ms  p75=215ms  p95=346ms  p99=479ms
                           e2e  p50=75270ms p75=120622ms p95=299998ms p99=515950ms
                           intvty p50=7      p75=12     p95=23     p99=32 (1/tpot tok/s)
                           isl  p50=98,404    p75=144,596   p90=198,544   p99=251,724 (tokens)
                           osl  p50=191       p75=412       p90=968       p99=2,804 (tokens)
                           tot  in=30,425,405     out=106,337
                           trace theoretical_prefix_cache_hit=93.7%
                           srv  prefix_cache_hit=0.6% unique_in_srv=647,848,641 ext_cache_hit=74.5% kv_usage=96.2% queue=30r/8w tput_in_srv=16,295/s tput_out_srv=68/s
2026-05-31 16:59:08.695 - records_manager - INFO - [realtime 16:24 profiling] rps=0.3 (avg 0.3) tput_in=31670/s tput_out=111/s done=295 ok=295 err=0
                           ttft p50=29746ms p75=49607ms p95=92630ms p99=106109ms
                           itl  p50=150ms  p75=213ms  p95=345ms  p99=476ms
                           e2e  p50=75270ms p75=120622ms p95=290601ms p99=511594ms
                           intvty p50=7      p75=12     p95=23     p99=31 (1/tpot tok/s)
                           isl  p50=98,248    p75=142,314   p90=197,596   p99=251,418 (tokens)
                           osl  p50=194       p75=416       p90=954       p99=2,776 (tokens)
                           tot  in=31,105,059     out=109,458
                           trace theoretical_prefix_cache_hit=93.7%
                           srv  prefix_cache_hit=0.6% unique_in_srv=655,045,041 ext_cache_hit=74.2% kv_usage=92.2% queue=24r/15w tput_in_srv=16,184/s tput_out_srv=68/s
2026-05-31 16:59:39.576 - records_manager - INFO - [realtime 16:55 profiling] rps=0.0 (avg 0.3) tput_in=31008/s tput_out=109/s done=296 ok=296 err=0
                           ttft p50=29834ms p75=49494ms p95=92585ms p99=106104ms
                           itl  p50=150ms  p75=214ms  p95=347ms  p99=475ms
                           e2e  p50=75332ms p75=120246ms p95=288710ms p99=511050ms
                           intvty p50=7      p75=12     p95=23     p99=31 (1/tpot tok/s)
                           isl  p50=98,196    p75=142,177   p90=197,387   p99=251,380 (tokens)
                           osl  p50=193       p75=416       p90=949       p99=2,773 (tokens)
                           tot  in=31,171,221     out=109,609
                           trace theoretical_prefix_cache_hit=93.7%
                           srv  prefix_cache_hit=0.6% unique_in_srv=658,229,492 ext_cache_hit=74.2% kv_usage=99.3% queue=27r/14w tput_in_srv=16,202/s tput_out_srv=68/s
2026-05-31 17:00:10.567 - records_manager - INFO - [realtime 17:26 profiling] rps=0.4 (avg 0.3) tput_in=31199/s tput_out=113/s done=307 ok=307 err=0
                           ttft p50=30127ms p75=50343ms p95=92093ms p99=106049ms
                           itl  p50=153ms  p75=217ms  p95=346ms  p99=471ms
                           e2e  p50=77567ms p75=122197ms p95=299998ms p99=558583ms
                           intvty p50=7      p75=12     p95=23     p99=30 (1/tpot tok/s)
                           isl  p50=98,030    p75=142,965   p90=198,945   p99=250,959 (tokens)
                           osl  p50=194       p75=412       p90=945       p99=3,089 (tokens)
                           tot  in=32,494,447     out=118,027
                           trace theoretical_prefix_cache_hit=93.6%
                           srv  prefix_cache_hit=0.6% unique_in_srv=676,083,775 ext_cache_hit=74.6% kv_usage=92.2% queue=28r/10w tput_in_srv=16,437/s tput_out_srv=69/s
2026-05-31 17:00:41.618 - records_manager - INFO - [realtime 17:57 profiling] rps=0.3 (avg 0.3) tput_in=31162/s tput_out=114/s done=316 ok=316 err=0
                           ttft p50=30760ms p75=52965ms p95=91864ms p99=105918ms
                           itl  p50=155ms  p75=214ms  p95=345ms  p99=468ms
                           e2e  p50=78391ms p75=121751ms p95=308190ms p99=554602ms
                           intvty p50=6      p75=12     p95=23     p99=30 (1/tpot tok/s)
                           isl  p50=96,827    p75=137,689   p90=198,608   p99=250,525 (tokens)
                           osl  p50=194       p75=411       p90=949       p99=3,048 (tokens)
                           tot  in=33,266,950     out=121,239
                           trace theoretical_prefix_cache_hit=93.7%
                           srv  prefix_cache_hit=0.5% unique_in_srv=696,440,896 ext_cache_hit=74.6% kv_usage=96.5% queue=27r/10w tput_in_srv=16,520/s tput_out_srv=70/s
2026-05-31 17:01:12.636 - records_manager - INFO - [realtime 18:28 profiling] rps=0.1 (avg 0.3) tput_in=30424/s tput_out=110/s done=320 ok=320 err=0
                           ttft p50=30972ms p75=54350ms p95=91859ms p99=105812ms
                           itl  p50=155ms  p75=216ms  p95=347ms  p99=468ms
                           e2e  p50=78391ms p75=121751ms p95=305211ms p99=552424ms
                           intvty p50=6      p75=12     p95=23     p99=30 (1/tpot tok/s)
                           isl  p50=96,470    p75=137,689   p90=198,350   p99=250,282 (tokens)
                           osl  p50=193       p75=409       p90=932       p99=3,034 (tokens)
                           tot  in=33,650,362     out=121,822
                           trace theoretical_prefix_cache_hit=93.7%
                           srv  prefix_cache_hit=0.5% unique_in_srv=710,764,156 ext_cache_hit=74.6% kv_usage=95.9% queue=28r/10w tput_in_srv=16,563/s tput_out_srv=70/s
2026-05-31 17:01:43.751 - records_manager - INFO - [realtime 18:59 profiling] rps=0.3 (avg 0.3) tput_in=30556/s tput_out=112/s done=329 ok=329 err=0
                           ttft p50=31346ms p75=55450ms p95=91848ms p99=105573ms
                           itl  p50=157ms  p75=222ms  p95=345ms  p99=468ms
                           e2e  p50=79736ms p75=128688ms p95=298509ms p99=547525ms
                           intvty p50=6      p75=11     p95=23     p99=29 (1/tpot tok/s)
                           isl  p50=96,228    p75=137,290   p90=196,762   p99=249,736 (tokens)
                           osl  p50=200       p75=412       p90=936       p99=3,004 (tokens)
                           tot  in=34,570,431     out=126,217
                           trace theoretical_prefix_cache_hit=93.8%
                           srv  prefix_cache_hit=0.5% unique_in_srv=721,057,662 ext_cache_hit=75.0% kv_usage=99.1% queue=29r/7w tput_in_srv=16,745/s tput_out_srv=71/s
2026-05-31 17:01:48.794 - EventLoopMonitor - WARNING - Event loop for worker_51ae00ed is taking too long to run. Overhead: 157.27ms
2026-05-31 17:02:14.942 - records_manager - INFO - [realtime 19:30 profiling] rps=0.4 (avg 0.3) tput_in=30850/s tput_out=111/s done=341 ok=341 err=0
                           ttft p50=32296ms p75=56199ms p95=91728ms p99=105256ms
                           itl  p50=158ms  p75=222ms  p95=347ms  p99=467ms
                           e2e  p50=79736ms p75=126084ms p95=304467ms p99=540992ms
                           intvty p50=6      p75=11     p95=23     p99=29 (1/tpot tok/s)
                           isl  p50=96,228    p75=137,290   p90=198,286   p99=249,008 (tokens)
                           osl  p50=196       p75=409       p90=927       p99=2,962 (tokens)
                           tot  in=35,942,061     out=129,500
                           trace theoretical_prefix_cache_hit=93.9%
                           srv  prefix_cache_hit=0.5% unique_in_srv=741,418,495 ext_cache_hit=75.5% kv_usage=97.0% queue=31r/6w tput_in_srv=17,006/s tput_out_srv=72/s
2026-05-31 17:02:46.146 - records_manager - INFO - [realtime 20:01 profiling] rps=0.3 (avg 0.3) tput_in=31073/s tput_out=113/s done=350 ok=350 err=0
                           ttft p50=32385ms p75=55321ms p95=91611ms p99=105017ms
                           itl  p50=159ms  p75=220ms  p95=345ms  p99=467ms
                           e2e  p50=79741ms p75=126455ms p95=312008ms p99=536092ms
                           intvty p50=6      p75=11     p95=23     p99=29 (1/tpot tok/s)
                           isl  p50=96,418    p75=135,440   p90=196,554   p99=248,462 (tokens)
                           osl  p50=198       p75=410       p90=967       p99=2,931 (tokens)
                           tot  in=36,747,472     out=134,164
                           trace theoretical_prefix_cache_hit=93.9%
                           srv  prefix_cache_hit=0.5% unique_in_srv=751,424,576 ext_cache_hit=75.6% kv_usage=98.7% queue=28r/11w tput_in_srv=17,094/s tput_out_srv=73/s
2026-05-31 17:03:17.412 - records_manager - INFO - [realtime 20:32 profiling] rps=0.2 (avg 0.3) tput_in=30621/s tput_out=112/s done=355 ok=355 err=0
                           ttft p50=32022ms p75=54794ms p95=91399ms p99=104885ms
                           itl  p50=160ms  p75=223ms  p95=345ms  p99=466ms
                           e2e  p50=79529ms p75=126307ms p95=318294ms p99=533370ms
                           intvty p50=6      p75=11     p95=23     p99=29 (1/tpot tok/s)
                           isl  p50=96,444    p75=138,811   p90=197,596   p99=248,158 (tokens)
                           osl  p50=194       p75=410       p90=968       p99=2,914 (tokens)
                           tot  in=37,444,755     out=136,744
                           trace theoretical_prefix_cache_hit=94.0%
                           srv  prefix_cache_hit=0.5% unique_in_srv=760,615,910 ext_cache_hit=75.6% kv_usage=95.5% queue=27r/11w tput_in_srv=17,112/s tput_out_srv=73/s
2026-05-31 17:03:48.760 - records_manager - INFO - [realtime 21:04 profiling] rps=0.1 (avg 0.3) tput_in=30074/s tput_out=113/s done=359 ok=359 err=0
                           ttft p50=31682ms p75=54552ms p95=91152ms p99=104779ms
                           itl  p50=162ms  p75=224ms  p95=344ms  p99=466ms
                           e2e  p50=80233ms p75=127397ms p95=328908ms p99=575894ms
                           intvty p50=6      p75=11     p95=23     p99=29 (1/tpot tok/s)
                           isl  p50=96,444    p75=140,641   p90=196,762   p99=247,916 (tokens)
                           osl  p50=196       p75=411       p90=995       p99=3,069 (tokens)
                           tot  in=37,886,048     out=142,191
                           trace theoretical_prefix_cache_hit=94.0%
                           srv  prefix_cache_hit=0.5% unique_in_srv=770,928,360 ext_cache_hit=75.7% kv_usage=97.8% queue=28r/10w tput_in_srv=17,116/s tput_out_srv=73/s
2026-05-31 17:04:20.177 - records_manager - INFO - [realtime 21:35 profiling] rps=0.4 (avg 0.3) tput_in=30188/s tput_out=113/s done=370 ok=370 err=0
                           ttft p50=32385ms p75=54848ms p95=90471ms p99=104487ms
                           itl  p50=159ms  p75=220ms  p95=344ms  p99=465ms
                           e2e  p50=80789ms p75=128043ms p95=325492ms p99=571927ms
                           intvty p50=6      p75=11     p95=22     p99=29 (1/tpot tok/s)
                           isl  p50=96,470    p75=136,892   p90=196,554   p99=247,248 (tokens)
                           osl  p50=197       p75=412       p90=972       p99=3,068 (tokens)
                           tot  in=39,023,208     out=145,586
                           trace theoretical_prefix_cache_hit=94.2%
                           srv  prefix_cache_hit=0.5% unique_in_srv=822,573,109 ext_cache_hit=76.2% kv_usage=97.0% queue=29r/9w tput_in_srv=17,361/s tput_out_srv=77/s
2026-05-31 17:04:51.675 - records_manager - INFO - [realtime 22:07 profiling] rps=0.3 (avg 0.3) tput_in=30299/s tput_out=117/s done=378 ok=378 err=0
                           ttft p50=32534ms p75=54848ms p95=89863ms p99=104276ms
                           itl  p50=158ms  p75=217ms  p95=343ms  p99=465ms
                           e2e  p50=81081ms p75=130006ms p95=329219ms p99=569041ms
                           intvty p50=6      p75=12     p95=22     p99=28 (1/tpot tok/s)
                           isl  p50=96,418    p75=136,892   p90=189,821   p99=246,762 (tokens)
                           osl  p50=202       p75=422       p90=1,019     p99=3,067 (tokens)
                           tot  in=39,814,650     out=154,131
                           trace theoretical_prefix_cache_hit=94.3%
                           srv  prefix_cache_hit=0.4% unique_in_srv=861,235,431 ext_cache_hit=76.2% kv_usage=95.3% queue=26r/20w tput_in_srv=17,376/s tput_out_srv=80/s
2026-05-31 17:05:23.144 - records_manager - INFO - [realtime 22:38 profiling] rps=0.1 (avg 0.3) tput_in=29710/s tput_out=115/s done=382 ok=382 err=0
                           ttft p50=32534ms p75=54848ms p95=89541ms p99=104170ms
                           itl  p50=156ms  p75=215ms  p95=342ms  p99=465ms
                           e2e  p50=81736ms p75=130006ms p95=327977ms p99=567599ms
                           intvty p50=6      p75=11     p95=22     p99=28 (1/tpot tok/s)
                           isl  p50=96,470    p75=136,892   p90=186,266   p99=246,520 (tokens)
                           osl  p50=207       p75=438       p90=1,018     p99=3,066 (tokens)
                           tot  in=40,258,314     out=156,443
                           trace theoretical_prefix_cache_hit=94.3%
                           srv  prefix_cache_hit=0.4% unique_in_srv=885,177,548 ext_cache_hit=76.4% kv_usage=98.7% queue=28r/15w tput_in_srv=17,405/s tput_out_srv=80/s
2026-05-31 17:05:54.731 - records_manager - INFO - [realtime 23:10 profiling] rps=0.3 (avg 0.3) tput_in=29789/s tput_out=116/s done=390 ok=390 err=0
                           ttft p50=33637ms p75=56772ms p95=88896ms p99=103958ms
                           itl  p50=155ms  p75=213ms  p95=340ms  p99=464ms
                           e2e  p50=81922ms p75=130006ms p95=325492ms p99=564714ms
                           intvty p50=6      p75=11     p95=22     p99=28 (1/tpot tok/s)
                           isl  p50=96,470    p75=136,892   p90=188,240   p99=246,034 (tokens)
                           osl  p50=207       p75=438       p90=1,018     p99=3,065 (tokens)
                           tot  in=41,113,797     out=159,896
                           trace theoretical_prefix_cache_hit=94.4%
                           srv  prefix_cache_hit=0.4% unique_in_srv=895,930,947 ext_cache_hit=76.3% kv_usage=98.0% queue=36r/10w tput_in_srv=17,587/s tput_out_srv=81/s
2026-05-31 17:06:12.343 - EventLoopMonitor - WARNING - Event loop for worker_ae4e763f is taking too long to run. Overhead: 73.65ms
2026-05-31 17:06:21.294 - EventLoopMonitor - WARNING - Event loop for worker_5f5726c8 is taking too long to run. Overhead: 46.29ms
2026-05-31 17:06:26.424 - records_manager - INFO - [realtime 23:41 profiling] rps=0.5 (avg 0.3) tput_in=29940/s tput_out=120/s done=405 ok=405 err=0
                           ttft p50=33760ms p75=57581ms p95=87941ms p99=103560ms
                           itl  p50=153ms  p75=211ms  p95=339ms  p99=464ms
                           e2e  p50=81928ms p75=128689ms p95=327045ms p99=596297ms
                           intvty p50=7      p75=12     p95=22     p99=28 (1/tpot tok/s)
                           isl  p50=96,032    p75=135,767   p90=186,069   p99=245,124 (tokens)
                           osl  p50=208       p75=424       p90=1,019     p99=3,113 (tokens)
                           tot  in=42,403,904     out=169,636
                           trace theoretical_prefix_cache_hit=94.1%
                           srv  prefix_cache_hit=0.4% unique_in_srv=934,199,145 ext_cache_hit=76.7% kv_usage=99.4% queue=35r/11w tput_in_srv=17,845/s tput_out_srv=84/s
2026-05-31 17:06:58.121 - records_manager - INFO - [realtime 24:13 profiling] rps=0.1 (avg 0.3) tput_in=29935/s tput_out=120/s done=407 ok=407 err=0
                           ttft p50=33660ms p75=57520ms p95=87819ms p99=103507ms
                           itl  p50=153ms  p75=211ms  p95=339ms  p99=463ms
                           e2e  p50=81928ms p75=129496ms p95=326424ms p99=595310ms
                           intvty p50=7      p75=12     p95=22     p99=28 (1/tpot tok/s)
                           isl  p50=96,228    p75=136,186   p90=185,938   p99=245,002 (tokens)
                           osl  p50=209       p75=427       p90=1,066     p99=3,102 (tokens)
                           tot  in=42,692,647     out=171,679
                           trace theoretical_prefix_cache_hit=94.1%
                           srv  prefix_cache_hit=0.4% unique_in_srv=942,444,166 ext_cache_hit=76.4% kv_usage=98.0% queue=35r/13w tput_in_srv=17,680/s tput_out_srv=84/s
2026-05-31 17:07:29.925 - records_manager - INFO - [realtime 24:45 profiling] rps=0.4 (avg 0.3) tput_in=29516/s tput_out=120/s done=419 ok=419 err=0
                           ttft p50=33860ms p75=58226ms p95=87166ms p99=103241ms
                           itl  p50=154ms  p75=211ms  p95=344ms  p99=462ms
                           e2e  p50=82131ms p75=133614ms p95=323009ms p99=590320ms
                           intvty p50=6      p75=11     p95=22     p99=28 (1/tpot tok/s)
                           isl  p50=96,032    p75=136,768   p90=185,807   p99=244,480 (tokens)
                           osl  p50=211       p75=441       p90=1,052     p99=3,075 (tokens)
                           tot  in=43,712,665     out=177,417
                           trace theoretical_prefix_cache_hit=94.2%
                           srv  prefix_cache_hit=0.4% unique_in_srv=958,793,311 ext_cache_hit=76.6% kv_usage=96.4% queue=34r/11w tput_in_srv=17,831/s tput_out_srv=84/s
2026-05-31 17:08:01.733 - records_manager - INFO - [realtime 25:17 profiling] rps=0.1 (avg 0.3) tput_in=29543/s tput_out=119/s done=422 ok=422 err=0
                           ttft p50=33838ms p75=58269ms p95=87016ms p99=103183ms
                           itl  p50=154ms  p75=212ms  p95=344ms  p99=461ms
                           e2e  p50=82329ms p75=131854ms p95=322211ms p99=589238ms
                           intvty p50=6      p75=11     p95=22     p99=28 (1/tpot tok/s)
                           isl  p50=96,037    p75=137,075   p90=186,266   p99=244,385 (tokens)
                           osl  p50=212       p75=440       p90=1,027     p99=3,075 (tokens)
                           tot  in=44,088,271     out=178,144
                           trace theoretical_prefix_cache_hit=94.2%
                           srv  prefix_cache_hit=0.4% unique_in_srv=964,069,699 ext_cache_hit=76.3% kv_usage=90.5% queue=32r/14w tput_in_srv=17,693/s tput_out_srv=84/s
2026-05-31 17:08:33.570 - records_manager - INFO - [realtime 25:49 profiling] rps=0.1 (avg 0.3) tput_in=28738/s tput_out=117/s done=425 ok=425 err=0
                           ttft p50=33860ms p75=58311ms p95=86867ms p99=103125ms
                           itl  p50=155ms  p75=212ms  p95=346ms  p99=460ms
                           e2e  p50=82588ms p75=136383ms p95=321413ms p99=588156ms
                           intvty p50=6      p75=11     p95=22     p99=28 (1/tpot tok/s)
                           isl  p50=96,032    p75=136,369   p90=186,069   p99=244,291 (tokens)
                           osl  p50=213       p75=442       p90=1,025     p99=3,074 (tokens)
                           tot  in=44,272,309     out=179,666
                           trace theoretical_prefix_cache_hit=94.2%
                           srv  prefix_cache_hit=0.4% unique_in_srv=971,777,344 ext_cache_hit=76.2% kv_usage=97.3% queue=32r/11w tput_in_srv=17,680/s tput_out_srv=84/s
2026-05-31 17:09:05.479 - records_manager - INFO - [realtime 26:20 profiling] rps=0.1 (avg 0.3) tput_in=28274/s tput_out=119/s done=429 ok=429 err=0
                           ttft p50=33991ms p75=58773ms p95=86668ms p99=103049ms
                           itl  p50=155ms  p75=214ms  p95=357ms  p99=459ms
                           e2e  p50=82982ms p75=139612ms p95=325803ms p99=633780ms
                           intvty p50=6      p75=11     p95=22     p99=28 (1/tpot tok/s)
                           isl  p50=95,578    p75=135,767   p90=185,807   p99=244,166 (tokens)
                           osl  p50=216       p75=442       p90=1,052     p99=3,509 (tokens)
                           tot  in=44,575,835     out=186,996
                           trace theoretical_prefix_cache_hit=94.2%
                           srv  prefix_cache_hit=0.4% unique_in_srv=992,987,968 ext_cache_hit=76.3% kv_usage=97.8% queue=29r/19w tput_in_srv=17,545/s tput_out_srv=84/s
2026-05-31 17:09:37.482 - records_manager - INFO - [realtime 26:52 profiling] rps=0.3 (avg 0.3) tput_in=28492/s tput_out=121/s done=439 ok=439 err=0
                           ttft p50=34154ms p75=59082ms p95=89783ms p99=107248ms
                           itl  p50=156ms  p75=219ms  p95=359ms  p99=457ms
                           e2e  p50=83865ms p75=143476ms p95=328908ms p99=665787ms
                           intvty p50=6      p75=11     p95=22     p99=28 (1/tpot tok/s)
                           isl  p50=96,032    p75=136,768   p90=186,479   p99=243,853 (tokens)
                           osl  p50=222       p75=458       p90=1,114     p99=3,484 (tokens)
                           tot  in=45,785,939     out=194,670
                           trace theoretical_prefix_cache_hit=94.3%
                           srv  prefix_cache_hit=0.4% unique_in_srv=1,029,548,224 ext_cache_hit=76.7% kv_usage=99.6% queue=34r/13w tput_in_srv=17,844/s tput_out_srv=86/s
2026-05-31 17:10:09.586 - records_manager - INFO - [realtime 27:25 profiling] rps=0.3 (avg 0.3) tput_in=28739/s tput_out=122/s done=450 ok=450 err=0
                           ttft p50=34703ms p75=60336ms p95=91959ms p99=111565ms
                           itl  p50=155ms  p75=217ms  p95=357ms  p99=455ms
                           e2e  p50=83879ms p75=143513ms p95=331496ms p99=662228ms
                           intvty p50=6      p75=11     p95=22     p99=28 (1/tpot tok/s)
                           isl  p50=96,027    p75=136,278   p90=187,025   p99=243,508 (tokens)
                           osl  p50=218       p75=450       p90=1,113     p99=3,437 (tokens)
                           tot  in=46,951,921     out=199,385
                           trace theoretical_prefix_cache_hit=94.3%
                           srv  prefix_cache_hit=0.4% unique_in_srv=1,048,640,969 ext_cache_hit=76.6% kv_usage=92.8% queue=33r/16w tput_in_srv=17,897/s tput_out_srv=87/s
2026-05-31 17:10:41.802 - records_manager - INFO - [realtime 27:57 profiling] rps=0.0 (avg 0.3) tput_in=28045/s tput_out=119/s done=451 ok=451 err=0
                           ttft p50=34706ms p75=60412ms p95=92881ms p99=112915ms
                           itl  p50=155ms  p75=217ms  p95=357ms  p99=454ms
                           e2e  p50=84265ms p75=143861ms p95=331289ms p99=661904ms
                           intvty p50=6      p75=11     p95=22     p99=28 (1/tpot tok/s)
                           isl  p50=95,578    p75=136,186   p90=187,000   p99=243,476 (tokens)
                           osl  p50=220       p75=458       p90=1,112     p99=3,433 (tokens)
                           tot  in=46,956,230     out=199,866
                           trace theoretical_prefix_cache_hit=94.2%
                           srv  prefix_cache_hit=0.4% unique_in_srv=1,053,989,773 ext_cache_hit=76.5% kv_usage=97.3% queue=35r/13w tput_in_srv=17,836/s tput_out_srv=87/s
2026-05-31 17:11:14.236 - records_manager - INFO - [realtime 28:29 profiling] rps=0.5 (avg 0.3) tput_in=28268/s tput_out=125/s done=467 ok=467 err=0
                           ttft p50=35568ms p75=61133ms p95=96125ms p99=113745ms
                           itl  p50=157ms  p75=215ms  p95=355ms  p99=451ms
                           e2e  p50=85888ms p75=145471ms p95=349051ms p99=656727ms
                           intvty p50=6      p75=11     p95=21     p99=28 (1/tpot tok/s)
                           isl  p50=93,843    p75=131,946   p90=185,938   p99=242,975 (tokens)
                           osl  p50=224       p75=471       p90=1,132     p99=3,380 (tokens)
                           tot  in=48,154,209     out=212,654
                           trace theoretical_prefix_cache_hit=94.3%
                           srv  prefix_cache_hit=0.3% unique_in_srv=1,085,386,549 ext_cache_hit=76.9% kv_usage=98.6% queue=30r/16w tput_in_srv=17,989/s tput_out_srv=89/s
2026-05-31 17:11:46.827 - records_manager - INFO - [realtime 29:02 profiling] rps=0.3 (avg 0.3) tput_in=28393/s tput_out=129/s done=478 ok=478 err=0
                           ttft p50=36164ms p75=61909ms p95=97872ms p99=113812ms
                           itl  p50=155ms  p75=213ms  p95=353ms  p99=448ms
                           e2e  p50=86335ms p75=145783ms p95=354032ms p99=696467ms
                           intvty p50=6      p75=11     p95=21     p99=28 (1/tpot tok/s)
                           isl  p50=93,436    p75=132,892   p90=185,872   p99=242,630 (tokens)
                           osl  p50=226       p75=477       p90=1,159     p99=3,735 (tokens)
                           tot  in=49,183,186     out=224,112
                           trace theoretical_prefix_cache_hit=94.3%
                           srv  prefix_cache_hit=0.3% unique_in_srv=1,134,269,858 ext_cache_hit=77.0% kv_usage=97.9% queue=31r/17w tput_in_srv=18,184/s tput_out_srv=91/s
2026-05-31 17:12:19.438 - records_manager - INFO - [realtime 29:34 profiling] rps=0.1 (avg 0.3) tput_in=28299/s tput_out=130/s done=480 ok=480 err=0
                           ttft p50=36313ms p75=62094ms p95=97738ms p99=113809ms
                           itl  p50=155ms  p75=213ms  p95=352ms  p99=448ms
                           e2e  p50=86335ms p75=146054ms p95=358748ms p99=695177ms
                           intvty p50=6      p75=11     p95=21     p99=28 (1/tpot tok/s)
                           isl  p50=93,517    p75=130,999   p90=185,741   p99=242,567 (tokens)
                           osl  p50=226       p75=479       p90=1,187     p99=3,727 (tokens)
                           tot  in=49,417,976     out=227,383
                           trace theoretical_prefix_cache_hit=94.1%
                           srv  prefix_cache_hit=0.3% unique_in_srv=1,140,031,850 ext_cache_hit=76.8% kv_usage=99.0% queue=31r/18w tput_in_srv=18,015/s tput_out_srv=91/s
2026-05-31 17:12:44.516 - PhaseRunner - INFO - Timeout of 1799.999086207s elapsed for event 'profiling phase sending'
2026-05-31 17:12:44.516 - PhaseRunner - NOTICE - Phase profiling sending complete | sent=536, completed=489, in_flight=47 | sessions: sent=17, completed=7 | timeout_triggered=True
2026-05-31 17:12:44.516 - PhaseRunner - INFO - Waiting for event 'profiling phase credits returned' with timeout of 29.999119936999932s
2026-05-31 17:12:44.517 - records_manager - INFO - Sent 536 requests. Waiting for all to complete...
2026-05-31 17:12:52.100 - records_manager - INFO - [realtime 30:07 profiling] rps=0.3 (avg 0.3) tput_in=27905/s tput_out=129/s done=490 ok=490 err=0
                           ttft p50=36924ms p75=62319ms p95=98322ms p99=113794ms
                           itl  p50=159ms  p75=215ms  p95=357ms  p99=446ms
                           e2e  p50=87618ms p75=147076ms p95=357586ms p99=688723ms
                           intvty p50=6      p75=11     p95=20     p99=27 (1/tpot tok/s)
                           isl  p50=93,436    p75=130,043   p90=185,741   p99=242,254 (tokens)
                           osl  p50=226       p75=482       p90=1,150     p99=3,687 (tokens)
                           tot  in=50,229,638     out=231,662
                           trace theoretical_prefix_cache_hit=93.9%
                           srv  prefix_cache_hit=0.3% unique_in_srv=1,150,834,339 ext_cache_hit=76.8% kv_usage=97.4% queue=32r/14w tput_in_srv=18,119/s tput_out_srv=91/s
2026-05-31 17:13:14.516 - PhaseRunner - INFO - Timeout of 29.999119936999932s elapsed for event 'profiling phase credits returned'
2026-05-31 17:13:14.516 - PhaseRunner - WARNING - Phase profiling timed out, cancelling all credits. Stats: sent=536, completed=501, cancelled=0, in_flight=35
2026-05-31 17:13:14.517 - StickyCreditRouter_4c22bb24 - INFO - Sent cancellation requests for 35 in-flight credits across 22 workers
2026-05-31 17:13:14.517 - PhaseRunner - INFO - Waiting for all cancelled credits to be returned for phase profiling. Need 35 more credits.
2026-05-31 17:13:24.517 - PhaseRunner - ERROR - Timeout waiting 10.0s for cancelled credits to return. Some credits may be stuck. Forcing phase completion.
2026-05-31 17:13:24.517 - PhaseRunner - NOTICE - Phase profiling complete | completed=501, cancelled=35, errors=0 | sessions: completed=7, cancelled=1 | elapsed=1840.00s | grace_period_timeout=True
2026-05-31 17:13:24.518 - aiperf.timing.branch_orchestrator - INFO - BranchOrchestrator stats: spawned=21 completed=5 errored=0 suspended=8 resumed=1 parents_failed_due_to_child_error=0 joins_suppressed=7
2026-05-31 17:13:24.518 - aiperf.timing.branch_orchestrator - WARNING - BranchOrchestrator leaked state at cleanup: 1 active_joins, 1 future_joins, 0 tracked children, 2 parents with descendants
2026-05-31 17:13:24.518 - aiperf.timing.branch_orchestrator - WARNING - Abandoned pending join for parent 06d1f6ad-b49b-482a-b2cb-43082c0ed2ec (outstanding=0, gated_turn_index=144, age_ms=1555253)
2026-05-31 17:13:24.518 - aiperf.timing.branch_orchestrator - WARNING - Abandoned pending join for parent c4130eba-2999-4814-8de8-4466f5dd60de (outstanding=0, gated_turn_index=116, age_ms=1245404)
2026-05-31 17:13:24.518 - PhaseOrchestrator_efd45046 - NOTICE - All credits completed
2026-05-31 17:13:24.519 - system_controller - INFO - Received credits complete from 'timing_manager'
2026-05-31 17:13:24.877 - records_manager - INFO - [realtime 30:40 profiling] rps=0.3 (avg 0.3) tput_in=28028/s tput_out=131/s done=501 ok=501 err=0
                           ttft p50=37496ms p75=63586ms p95=97671ms p99=113778ms
                           itl  p50=157ms  p75=213ms  p95=356ms  p99=443ms
                           e2e  p50=88918ms p75=147115ms p95=358632ms p99=686043ms
                           intvty p50=6      p75=11     p95=20     p99=27 (1/tpot tok/s)
                           isl  p50=93,176    p75=128,866   p90=185,581   p99=241,909 (tokens)
                           osl  p50=226       p75=482       p90=1,146     p99=3,682 (tokens)
                           tot  in=51,219,366     out=239,116
                           trace theoretical_prefix_cache_hit=93.8%
                           srv  prefix_cache_hit=0.3% unique_in_srv=1,185,270,427 ext_cache_hit=77.1% kv_usage=0.0% queue=0r/0w tput_in_srv=18,156/s tput_out_srv=92/s
2026-05-31 17:13:24.901 - records_manager - INFO - Received CREDIT_PHASE_COMPLETE message, Phase complete: PhaseRecordsStats(phase=CreditPhase.PROFILING, start_ns=1780245764516100074, sent_end_ns=1780247564516655909, requests_end_ns=1780247604517666507, total_expected_requests=None, expected_duration_sec=None, expected_num_sessions=None, expected_grace_period_sec=None, final_requests_sent=None, final_requests_completed=501, final_requests_cancelled=35, final_request_errors=0, final_sent_sessions=None, final_completed_sessions=None, final_cancelled_sessions=None, timeout_triggered=True, grace_period_timeout_triggered=True, was_cancelled=False, records_end_ns=None, success_records=501, error_records=0)
2026-05-31 17:13:24.901 - records_manager - NOTICE - All requests have completed, please wait for the results to be processed (currently 501 of 501 records processed)...
2026-05-31 17:13:24.901 - records_manager - INFO - Processed 501 valid requests and 0 errors (501 total).
2026-05-31 17:13:24.901 - records_manager - INFO - Received all records, processing now...
2026-05-31 17:13:24.901 - records_manager - INFO - All credits complete, please wait for the results to be processed...
2026-05-31 17:13:24.902 - records_manager - INFO - Waiting 1.6s for server metrics flush period...
2026-05-31 17:13:24.902 - server_metrics_manager - INFO - Server Metrics: Profiling complete, capturing final metrics...
2026-05-31 17:13:26.517 - records_manager - INFO - Processing records results...
2026-05-31 17:13:31.313 - RecordExportJSONLWriter_55032a80 - WARNING - Timeout waiting for 0 pending flush tasks during shutdown. Cancelling tasks and proceeding with cleanup.
2026-05-31 17:13:31.561 - system_controller - INFO - Waiting for server metrics results...
2026-05-31 17:13:31.562 - system_controller - INFO - Waiting for server metrics results...
2026-05-31 17:13:32.823 - records_manager - INFO - _finalize_and_process_results completed
2026-05-31 17:13:32.972 - system_controller - INFO - All results received, initiating shutdown
2026-05-31 17:13:33.943 - ExporterManager - INFO - Exporting all records
2026-05-31 17:13:34.088 - aiperf.common.scenario.validator - INFO - Scenario 'inferencex-agentx-mvp': setting timing_mode=agentic_replay (was at default request_rate).
2026-05-31 17:13:35.217 - aiperf.common.scenario.validator - INFO - Scenario 'inferencex-agentx-mvp': setting timing_mode=agentic_replay (was at default request_rate).
2026-05-31 17:13:35.294 - ExporterManager - INFO - Exporting console data
