2026-06-03 17:31:35.974 - aiperf.cli_runner - INFO - Starting AIPerf System
2026-06-03 17:31:36.028 - system_controller - INFO - Registered Worker Manager (id: 'worker_manager')
2026-06-03 17:31:36.054 - server_metrics_manager - INFO - Server Metrics: Discovered 1 endpoints: ['http://localhost:8890/metrics']
2026-06-03 17:31:36.140 - system_controller - INFO - Registered Dataset Manager (id: 'dataset_manager')
2026-06-03 17:31:36.146 - system_controller - INFO - Registered Worker (id: 'worker_ba277a9c')
2026-06-03 17:31:36.167 - system_controller - INFO - Registered Gpu Telemetry Manager (id: 'gpu_telemetry_manager')
2026-06-03 17:31:36.358 - system_controller - INFO - Registered Server Metrics Manager (id: 'server_metrics_manager')
2026-06-03 17:31:36.359 - system_controller - INFO - Registered Timing Manager (id: 'timing_manager')
2026-06-03 17:31:36.359 - system_controller - INFO - Registered Worker (id: 'worker_78bdaa3e')
2026-06-03 17:31:36.359 - system_controller - INFO - Registered Worker (id: 'worker_890a840a')
2026-06-03 17:31:36.359 - system_controller - INFO - Registered Worker (id: 'worker_31fec988')
2026-06-03 17:31:36.359 - system_controller - INFO - Registered Worker (id: 'worker_5a8e84c1')
2026-06-03 17:31:36.460 - system_controller - INFO - Registered Worker (id: 'worker_1bc4aab6')
2026-06-03 17:31:36.463 - system_controller - INFO - Registered Worker (id: 'worker_3f9b2112')
2026-06-03 17:31:36.463 - system_controller - INFO - Registered Worker (id: 'worker_71ce9f47')
2026-06-03 17:31:36.463 - system_controller - INFO - Registered Worker (id: 'worker_579b8765')
2026-06-03 17:31:36.463 - system_controller - INFO - Registered Worker (id: 'worker_de92603e')
2026-06-03 17:31:36.464 - system_controller - INFO - Registered Worker (id: 'worker_8208c2a1')
2026-06-03 17:31:36.464 - system_controller - INFO - Registered Worker (id: 'worker_02c7e40c')
2026-06-03 17:31:36.464 - system_controller - INFO - Registered Worker (id: 'worker_9390cc1f')
2026-06-03 17:31:36.465 - system_controller - INFO - Registered Worker (id: 'worker_b790e141')
2026-06-03 17:31:36.465 - system_controller - INFO - Registered Worker (id: 'worker_1105fcce')
2026-06-03 17:31:36.465 - system_controller - INFO - Registered Worker (id: 'worker_faf21e02')
2026-06-03 17:31:36.465 - system_controller - INFO - Registered Worker (id: 'worker_6bd105c1')
2026-06-03 17:31:36.465 - system_controller - INFO - Registered Worker (id: 'worker_bf94ce64')
2026-06-03 17:31:36.465 - system_controller - INFO - Registered Worker (id: 'worker_8f78420a')
2026-06-03 17:31:36.465 - system_controller - INFO - Registered Worker (id: 'worker_b0fb47a3')
2026-06-03 17:31:36.466 - system_controller - INFO - Registered Worker (id: 'worker_e3748de5')
2026-06-03 17:31:36.466 - system_controller - INFO - Registered Worker (id: 'worker_c709962b')
2026-06-03 17:31:36.466 - system_controller - INFO - Registered Worker (id: 'worker_4037171c')
2026-06-03 17:31:36.467 - system_controller - INFO - Registered Worker (id: 'worker_a42eb757')
2026-06-03 17:31:36.467 - system_controller - INFO - Registered Worker (id: 'worker_b1ac2fc6')
2026-06-03 17:31:36.467 - system_controller - INFO - Registered Worker (id: 'worker_c183ec73')
2026-06-03 17:31:36.470 - system_controller - INFO - Registered Worker (id: 'worker_c080afb4')
2026-06-03 17:31:36.474 - GPUTelemetryJSONLWriter_512cbc38 - INFO - GPU telemetry export enabled: /workspace/results/aiperf_artifacts/gpu_telemetry_export.jsonl
2026-06-03 17:31:36.475 - system_controller - INFO - Registered Worker (id: 'worker_a5d79318')
2026-06-03 17:31:36.476 - system_controller - INFO - Registered Worker (id: 'worker_a5aa0e2e')
2026-06-03 17:31:36.476 - RecordExportJSONLWriter_4f252823 - INFO - Record metrics export enabled: /workspace/results/aiperf_artifacts/profile_export.jsonl
2026-06-03 17:31:36.476 - system_controller - INFO - Registered Worker (id: 'worker_1dd9131e')
2026-06-03 17:31:36.476 - system_controller - INFO - Registered Worker (id: 'worker_612727a3')
2026-06-03 17:31:36.477 - system_controller - INFO - Registered Worker (id: 'worker_709215ce')
2026-06-03 17:31:36.501 - system_controller - INFO - Registered Record Processor (id: 'record_processor_071c02a7')
2026-06-03 17:31:36.507 - system_controller - INFO - Registered Records Manager (id: 'records_manager')
2026-06-03 17:31:36.516 - system_controller - INFO - AIPerf System is CONFIGURING
2026-06-03 17:31:36.516 - system_controller - INFO - Configuring all services to start profiling
2026-06-03 17:31:36.518 - InferenceResultParser_414e22f1 - INFO - Tokenization is disabled for this endpoint, skipping tokenizer configuration
2026-06-03 17:31:36.518 - timing_manager - INFO - Waiting for dataset to be configured before configuring timing
2026-06-03 17:31:36.518 - InferenceResultParser_eb383b87 - INFO - Tokenization is disabled for this endpoint, skipping tokenizer configuration
2026-06-03 17:31:36.519 - system_controller - WARNING - Received command response for service we were not expecting: record_processor_5851f5e7. Ignoring.
2026-06-03 17:31:36.529 - system_controller - INFO - GPU telemetry disabled - no DCGM endpoints reachable
2026-06-03 17:31:36.542 - server_metrics_manager - INFO - Server Metrics: Capturing baseline metrics...
2026-06-03 17:31:36.554 - dataset_manager - INFO - Memory-mapped dataset cache HIT (key=b66a5a6b30281a126dcd60715e4300ab); skipping tokenizer + composer.
2026-06-03 17:31:36.566 - system_controller - INFO - Registered Record Processor (id: 'record_processor_ced9b02e')
2026-06-03 17:31:36.566 - system_controller - INFO - Registered Record Processor (id: 'record_processor_035733df')
2026-06-03 17:31:36.579 - system_controller - INFO - Registered Record Processor (id: 'record_processor_647a505d')
2026-06-03 17:31:36.580 - system_controller - INFO - Registered Record Processor (id: 'record_processor_39291655')
2026-06-03 17:31:36.583 - system_controller - INFO - Server metrics enabled - 1/1 endpoint(s) reachable.
2026-06-03 17:31:36.594 - system_controller - INFO - Registered Record Processor (id: 'record_processor_5851f5e7')
2026-06-03 17:31:36.680 - system_controller - INFO - Registered Record Processor (id: 'record_processor_a43556df')
2026-06-03 17:31:36.680 - system_controller - INFO - Registered Record Processor (id: 'record_processor_05851e71')
2026-06-03 17:31:37.088 - aiperf.dataset.mmap_cache - INFO - Restored mmap cache file dataset.dat via copy in 0.534s (1.25 GiB)
2026-06-03 17:31:37.089 - aiperf.dataset.mmap_cache - INFO - Restored mmap cache file index.dat via copy in 0.001s (0.00 GiB)
2026-06-03 17:31:37.089 - aiperf.dataset.mmap_cache - INFO - Restored mmap cache files in 0.535s via dataset=copy index=copy (dataset=1.25 GiB, index=0.00 GiB)
2026-06-03 17:31:37.482 - dataset_manager - INFO - sampling strategy: sequential, unique conversations: 678, unique turn count: 52915
2026-06-03 17:31:38.212 - aiperf.timing.trajectory_source - INFO - TrajectorySource: built 40 trajectories from 225 traces
  range cfg=[0.25, 0.75]  observed sample pct: min= 25% median= 45% max= 74%
    lane=00  sample_time= 39%  root_next= 14/32  ( 44% turns)  live=1 ready=1  trace_id=00e7d11db2db59f44a87b4110175b11d1af3
    lane=01  sample_time= 55%  root_next= 15/28  ( 54% turns)  live=1 ready=1  trace_id=01fece675b92efe07620225cd69c3884f774
    lane=02  sample_time= 55%  root_next=306/594 ( 52% turns)  live=1 ready=1  trace_id=0275949f4db511444909fe92b12f7e921e4a
    lane=03  sample_time= 27%  root_next= 13/27  ( 48% turns)  live=1 ready=1  trace_id=03be8f1eb1e9e620f46bd07068d6ab1aaae3
    lane=04  sample_time= 40%  root_next= 71/151 ( 47% turns)  live=1 ready=1  trace_id=0475b786230f3f2e24220d28e247eaee2dae
    lane=05  sample_time= 50%  root_next= 56/99  ( 57% turns)  live=1 ready=1  trace_id=04b25fe5b2ffa5e7ec9890426cce59838a05
    lane=06  sample_time= 69%  root_next= 10/20  ( 50% turns)  live=1 ready=1  trace_id=06385769df23204ac35c53ad431cf42f7c02
    lane=07  sample_time= 63%  root_next= 53/80  ( 66% turns)  live=1 ready=1  trace_id=07fc71985fbafc8e1abb181b7d28b8349f45
    lane=08  sample_time= 29%  root_next= 48/165 ( 29% turns)  live=1 ready=1  trace_id=09a5d415a7157ed48a5a6fa2711f2d8565c1
    lane=09  sample_time= 28%  root_next=  6/27  ( 22% turns)  live=1 ready=1  trace_id=09c188c8b9201ec2046cc2df702623fef33e
    lane=10  sample_time= 44%  root_next= 35/78  ( 45% turns)  live=1 ready=1  trace_id=0b1cf5ad73920121aa53e1acb0851a8ecf32
    lane=11  sample_time= 61%  root_next=161/254 ( 63% turns)  live=1 ready=1  trace_id=0b4a56f22f01dc235b7ce1cc3aeabd6943e8
    lane=12  sample_time= 32%  root_next= 59/184 ( 32% turns)  live=1 ready=1  trace_id=0d75185d4e958ad360c16451eaa95d508edf
    lane=13  sample_time= 51%  root_next= 10/18  ( 56% turns)  live=1 ready=1  trace_id=0da3a3bea6f3559a2eff4114839b328dad53
    lane=14  sample_time= 71%  root_next= 18/23  ( 78% turns)  live=1 ready=1  trace_id=116cb8d945f9d0810e788e51e3744adaab74
    lane=15  sample_time= 46%  root_next= 26/39  ( 67% turns)  live=1 ready=1  trace_id=1186d32070428ea303de493d61ee3effd467
    lane=16  sample_time= 74%  root_next= 23/26  ( 88% turns)  live=1 ready=1  trace_id=13762df76dba635a268bf3acbb30bfffed63
    lane=17  sample_time= 27%  root_next=  8/27  ( 30% turns)  live=1 ready=1  trace_id=14933d8a4190c45ac8fbd21183bba9469140
    lane=18  sample_time= 43%  root_next= 24/38  ( 63% turns)  live=1 ready=1  trace_id=1770548ae8e30555e62d6d6296c0166d6074
    lane=19  sample_time= 35%  root_next= 20/44  ( 45% turns)  live=3 ready=2  trace_id=1ac9d045056424d98ec4b5725460ca2b6120
    lane=20  sample_time= 55%  root_next= 31/50  ( 62% turns)  live=1 ready=1  trace_id=1b29955ec88767b5f8870f705f770cd46c60
    lane=21  sample_time= 69%  root_next=318/452 ( 70% turns)  live=1 ready=1  trace_id=1ec7f23f1ca1449b1758b86dba91df97cf1a
    lane=22  sample_time= 40%  root_next= 13/31  ( 42% turns)  live=1 ready=1  trace_id=1ff2c5c397d1c8f4a2e069449ec8e10b882a
    lane=23  sample_time= 34%  root_next= 33/55  ( 60% turns)  live=1 ready=1  trace_id=219331470ffaa5388ff9d7d8da92f5dc575b
    lane=24  sample_time= 46%  root_next= 38/63  ( 60% turns)  live=1 ready=1  trace_id=263134ce70d475337deb473aadc255479210
    lane=25  sample_time= 25%  root_next= 14/39  ( 36% turns)  live=1 ready=1  trace_id=265a5749ca677d0b0c90e7d3d6029a45318f
    lane=26  sample_time= 26%  root_next=  7/21  ( 33% turns)  live=1 ready=1  trace_id=2781d1fa9a22e982996948283bbcd3136c44
    lane=27  sample_time= 45%  root_next= 17/30  ( 57% turns)  live=1 ready=1  trace_id=27bf77bcaaf2b6d2210bdbdab4934348f322
    lane=28  sample_time= 73%  root_next= 61/84  ( 73% turns)  live=1 ready=1  trace_id=27cf2ada39b896fea5580c895bfbd4119490
    lane=29  sample_time= 52%  root_next= 20/34  ( 59% turns)  live=1 ready=1  trace_id=298daf6961d9121ca2f5d3cde68ba961c0c5
    lane=30  sample_time= 27%  root_next= 15/43  ( 35% turns)  live=1 ready=1  trace_id=2b971773e1889a7692523d5cc0a78a0361cb
    lane=31  sample_time= 43%  root_next=  8/21  ( 38% turns)  live=1 ready=1  trace_id=2c3e52bf4e687293e9fb70cba1c1786dceea
    lane=32  sample_time= 38%  root_next= 15/26  ( 58% turns)  live=1 ready=1  trace_id=2cfbb581474c482911487fd9b13d720889fa
    lane=33  sample_time= 36%  root_next= 58/160 ( 36% turns)  live=1 ready=1  trace_id=2dd25288ba9fe088c0419aabfb19c3ca4f36
    lane=34  sample_time= 69%  root_next= 52/109 ( 48% turns)  live=1 ready=1  trace_id=2de8538029066d95b4ff113d5750eb403cb7
    lane=35  sample_time= 63%  root_next= 50/103 ( 49% turns)  live=1 ready=1  trace_id=2df1b153c477169c8ab4ecd9e917ccaa3dba
    lane=36  sample_time= 52%  root_next= 32/71  ( 45% turns)  live=1 ready=1  trace_id=2e6fc2e7b28c2e567d9c2aa0a38586d494eb
    lane=37  sample_time= 51%  root_next= 31/57  ( 54% turns)  live=1 ready=1  trace_id=300134008d4cc98f288179ea9dd9314f140c
    lane=38  sample_time= 37%  root_next=157/361 ( 43% turns)  live=1 ready=1  trace_id=3042c8b3b1ecd64c1df1a1c3987e0869b81e
    lane=39  sample_time= 28%  root_next= 21/101 ( 21% turns)  live=1 ready=1  trace_id=30b5428f1c359a9d2fdf9c25ecd3e4c0f480
2026-06-03 17:31:38.212 - PhaseOrchestrator_d825fbf7 - INFO - Initialized 2 phase(s): ['Warmup', 'Profiling']
2026-06-03 17:31:38.293 - dataset_manager - INFO - Dataset client initialized and freed 0 conversations from memory
2026-06-03 17:31:38.294 - system_controller - INFO - All services configured in 1.78 seconds
2026-06-03 17:31:38.295 - system_controller - INFO - AIPerf System is CONFIGURED
2026-06-03 17:31:38.296 - server_metrics_manager - INFO - Server Metrics: Started 1 collector(s) successfully
2026-06-03 17:31:38.313 - PhaseRunner - NOTICE - Phase warmup started | target: 41 requests
2026-06-03 17:31:38.313 - AgenticReplayTiming - INFO - WARMUP execute: dispatching 41 trajectory credits
2026-06-03 17:31:38.315 - PhaseRunner - NOTICE - Phase warmup sending complete | sent=41, completed=0, in_flight=41
2026-06-03 17:31:38.528 - records_manager - INFO - Credit phase start: warmup
2026-06-03 17:31:38.723 - system_controller - INFO - All services started profiling successfully
2026-06-03 17:31:38.723 - system_controller - INFO - AIPerf System is PROFILING
2026-06-03 17:33:53.621 - AgenticReplayTiming - INFO - WARMUP 1/41 returned [ok] (lane=19, trace_id=1ac9d045056424d98ec4b5725460ca2b6120::sa:subagent_001_88698b09:s0, start_turn=0/24 (0% through trace))
2026-06-03 17:34:54.961 - AgenticReplayTiming - INFO - WARMUP 2/41 returned [ok] (lane=19, trace_id=1ac9d045056424d98ec4b5725460ca2b6120::sa:subagent_001_88698b09:s1, start_turn=0/4 (0% through trace))
2026-06-03 17:49:01.191 - PhaseRunner - NOTICE - Phase warmup complete | completed=41, cancelled=0, errors=0 | elapsed=1042.88s
2026-06-03 17:49:01.192 - aiperf.timing.branch_orchestrator - INFO - BranchOrchestrator stats: spawned=0 completed=0 errored=0 suspended=0 resumed=0 parents_failed_due_to_child_error=0 joins_suppressed=0
2026-06-03 17:49:01.207 - AgenticReplayTiming - INFO - PROFILING setup: trajectories=40 traces, recycle_queue=225 traces (full pool)
2026-06-03 17:49:01.207 - PhaseRunner - NOTICE - Phase profiling started | target: 1800.0s duration
2026-06-03 17:49:01.208 - PhaseRunner - INFO - Waiting for event 'profiling phase sending' with timeout of 1799.999330735s
2026-06-03 17:49:01.208 - AgenticReplayTiming - INFO - PROFILING execute: resuming 40 trajectory sessions
2026-06-03 17:49:01.208 - records_manager - INFO - Credit phase start: profiling
2026-06-03 17:49:08.205 - AgenticReplayTiming - INFO - Terminating trajectory 0b1cf5ad73920121aa53e1acb0851a8ecf32 early at turn 35/77: context-overflow error from server
2026-06-03 17:49:36.560 - records_manager - INFO - [realtime 00:35 profiling] rps=0.4 (avg 0.4) tput_in=26443/s tput_out=99/s done=12 ok=12 err=0
                           ttft p50=879ms  p75=1020ms p95=9497ms p99=14965ms
                           itl  p50=44ms   p75=45ms   p95=49ms   p99=49ms
                           e2e  p50=12772ms p75=16389ms p95=24771ms p99=27870ms
                           intvty p50=23     p75=23     p95=26     p99=27 (1/tpot tok/s)
                           isl  p50=47,295    p75=95,476    p90=122,408   p99=185,007 (tokens)
                           osl  p50=250       p75=336       p90=463       p99=614 (tokens)
                           tot  in=757,448        out=2,840
                           trace theoretical_prefix_cache_hit=96.4%
                           srv  prefix_cache_hit=11.8% unique_in_srv=3,717,068 kv_usage=98.0% cpu_kv_usage=31.4% queue=6r/22w tput_in_srv=4,322/s tput_out_srv=82/s
2026-06-03 17:50:06.598 - records_manager - INFO - [realtime 01:05 profiling] rps=0.0 (avg 0.3) tput_in=24122/s tput_out=92/s done=13 ok=13 err=0
                           ttft p50=916ms  p75=1467ms p95=11267ms p99=15319ms
                           itl  p50=44ms   p75=44ms   p95=49ms   p99=49ms
                           e2e  p50=13670ms p75=17778ms p95=30245ms p99=31810ms
                           intvty p50=23     p75=24     p95=26     p99=27 (1/tpot tok/s)
                           isl  p50=55,546    p75=107,931   p90=145,936   p99=187,187 (tokens)
                           osl  p50=262       p75=383       p90=608       p99=630 (tokens)
                           tot  in=905,998        out=3,464
                           trace theoretical_prefix_cache_hit=96.9%
                           srv  prefix_cache_hit=14.8% unique_in_srv=3,717,074 kv_usage=92.0% cpu_kv_usage=31.4% queue=6r/32w tput_in_srv=4,341/s tput_out_srv=81/s
2026-06-03 17:50:36.643 - records_manager - INFO - [realtime 01:35 profiling] rps=0.1 (avg 0.2) tput_in=15295/s tput_out=67/s done=15 ok=15 err=0
                           ttft p50=961ms  p75=6007ms p95=30348ms p99=51172ms
                           itl  p50=43ms   p75=44ms   p95=49ms   p99=49ms
                           e2e  p50=15304ms p75=26708ms p95=61065ms p99=61359ms
                           intvty p50=23     p75=25     p95=27     p99=27 (1/tpot tok/s)
                           isl  p50=75,821    p75=103,394   p90=140,707   p99=186,318 (tokens)
                           osl  p50=262       p75=436       p90=629       p99=1,203 (tokens)
                           tot  in=1,105,895      out=4,873
                           trace theoretical_prefix_cache_hit=96.9%
                           srv  prefix_cache_hit=18.6% unique_in_srv=3,717,867 kv_usage=80.0% cpu_kv_usage=31.4% queue=5r/35w tput_in_srv=4,408/s tput_out_srv=80/s
2026-06-03 17:51:06.697 - records_manager - INFO - [realtime 02:05 profiling] rps=0.1 (avg 0.1) tput_in=12677/s tput_out=65/s done=18 ok=18 err=0
                           ttft p50=1069ms p75=11438ms p95=102305ms p99=104821ms
                           itl  p50=43ms   p75=44ms   p95=48ms   p99=49ms
                           e2e  p50=16739ms p75=60867ms p95=106434ms p99=108989ms
                           intvty p50=23     p75=26     p95=27     p99=27 (1/tpot tok/s)
                           isl  p50=87,846    p75=116,628   p90=165,037   p99=191,611 (tokens)
                           osl  p50=250       p75=463       p90=894       p99=2,476 (tokens)
                           tot  in=1,495,982      out=7,672
                           trace theoretical_prefix_cache_hit=97.6%
                           srv  prefix_cache_hit=25.0% unique_in_srv=3,717,938 kv_usage=95.0% cpu_kv_usage=31.4% queue=8r/30w tput_in_srv=4,650/s tput_out_srv=80/s
2026-06-03 17:51:36.762 - records_manager - INFO - [realtime 02:35 profiling] rps=0.1 (avg 0.1) tput_in=12162/s tput_out=83/s done=21 ok=21 err=0
                           ttft p50=3899ms p75=27457ms p95=105336ms p99=105427ms
                           itl  p50=40ms   p75=44ms   p95=48ms   p99=49ms
                           e2e  p50=24771ms p75=105130ms p95=132687ms p99=136981ms
                           intvty p50=25     p75=26     p95=27     p99=27 (1/tpot tok/s)
                           isl  p50=85,769    p75=118,073   p90=179,122   p99=191,545 (tokens)
                           osl  p50=296       p75=630       p90=1,429     p99=3,032 (tokens)
                           tot  in=1,762,185      out=12,089
                           trace theoretical_prefix_cache_hit=97.7%
                           srv  prefix_cache_hit=28.7% unique_in_srv=3,720,077 kv_usage=96.0% cpu_kv_usage=31.4% queue=9r/28w tput_in_srv=4,766/s tput_out_srv=82/s
2026-06-03 17:52:06.839 - records_manager - INFO - [realtime 03:05 profiling] rps=0.1 (avg 0.1) tput_in=11441/s tput_out=100/s done=25 ok=25 err=0
                           ttft p50=9280ms p75=101993ms p95=121462ms p99=124347ms
                           itl  p50=39ms   p75=44ms   p95=48ms   p99=49ms
                           e2e  p50=46534ms p75=128555ms p95=149655ms p99=154841ms
                           intvty p50=25     p75=26     p95=27     p99=28 (1/tpot tok/s)
                           isl  p50=85,769    p75=107,474   p90=169,122   p99=191,457 (tokens)
                           osl  p50=347       p75=732       p90=2,278     p99=3,144 (tokens)
                           tot  in=2,028,446      out=17,650
                           trace theoretical_prefix_cache_hit=97.9%
                           srv  prefix_cache_hit=32.2% unique_in_srv=3,722,594 kv_usage=97.0% cpu_kv_usage=31.4% queue=8r/32w tput_in_srv=4,875/s tput_out_srv=85/s
2026-06-03 17:52:36.928 - records_manager - INFO - [realtime 03:35 profiling] rps=0.1 (avg 0.1) tput_in=11151/s tput_out=104/s done=29 ok=29 err=0
                           ttft p50=17075ms p75=105360ms p95=133712ms p99=161038ms
                           itl  p50=39ms   p75=43ms   p95=47ms   p99=49ms
                           e2e  p50=83197ms p75=140649ms p95=176643ms p99=181686ms
                           intvty p50=26     p75=27     p95=28     p99=29 (1/tpot tok/s)
                           isl  p50=85,613    p75=106,204   p90=157,367   p99=191,369 (tokens)
                           osl  p50=420       p75=980       p90=1,836     p99=3,142 (tokens)
                           tot  in=2,315,364      out=21,578
                           trace theoretical_prefix_cache_hit=96.9%
                           srv  prefix_cache_hit=35.1% unique_in_srv=3,748,008 kv_usage=82.0% cpu_kv_usage=31.6% queue=7r/32w tput_in_srv=4,997/s tput_out_srv=86/s
2026-06-03 17:53:07.018 - records_manager - INFO - [realtime 04:05 profiling] rps=0.0 (avg 0.1) tput_in=10820/s tput_out=101/s done=30 ok=30 err=0
                           ttft p50=17817ms p75=105450ms p95=157019ms p99=172722ms
                           itl  p50=39ms   p75=43ms   p95=47ms   p99=49ms
                           e2e  p50=104962ms p75=148432ms p95=181376ms p99=189746ms
                           intvty p50=26     p75=27     p95=29     p99=29 (1/tpot tok/s)
                           isl  p50=83,692    p75=104,423   p90=154,428   p99=191,347 (tokens)
                           osl  p50=463       p75=916       p90=1,712     p99=3,142 (tokens)
                           tot  in=2,359,603      out=22,128
                           trace theoretical_prefix_cache_hit=96.8%
                           srv  prefix_cache_hit=35.6% unique_in_srv=3,748,023 kv_usage=76.0% cpu_kv_usage=31.6% queue=6r/34w tput_in_srv=4,907/s tput_out_srv=84/s
2026-06-03 17:53:37.108 - records_manager - INFO - [realtime 04:35 profiling] rps=0.0 (avg 0.1) tput_in=10820/s tput_out=101/s done=30 ok=30 err=0
                           ttft p50=17817ms p75=105450ms p95=157019ms p99=172722ms
                           itl  p50=39ms   p75=43ms   p95=47ms   p99=49ms
                           e2e  p50=104962ms p75=148432ms p95=181376ms p99=189746ms
                           intvty p50=26     p75=27     p95=29     p99=29 (1/tpot tok/s)
                           isl  p50=83,692    p75=104,423   p90=154,428   p99=191,347 (tokens)
                           osl  p50=463       p75=916       p90=1,712     p99=3,142 (tokens)
                           tot  in=2,359,603      out=22,128
                           trace theoretical_prefix_cache_hit=96.8%
                           srv  prefix_cache_hit=35.6% unique_in_srv=3,748,023 kv_usage=77.0% cpu_kv_usage=31.6% queue=6r/35w tput_in_srv=4,786/s tput_out_srv=82/s
2026-06-03 17:54:07.213 - records_manager - INFO - [realtime 05:06 profiling] rps=0.2 (avg 0.1) tput_in=8735/s tput_out=108/s done=35 ok=35 err=0
                           ttft p50=42407ms p75=124345ms p95=251867ms p99=262035ms
                           itl  p50=39ms   p75=42ms   p95=46ms   p99=49ms
                           e2e  p50=118449ms p75=169279ms p95=271848ms p99=283361ms
                           intvty p50=26     p75=27     p95=29     p99=29 (1/tpot tok/s)
                           isl  p50=72,708    p75=103,394   p90=140,707   p99=191,238 (tokens)
                           osl  p50=472       p75=1,107     p90=2,680     p99=5,890 (tokens)
                           tot  in=2,651,824      out=32,728
                           trace theoretical_prefix_cache_hit=96.9%
                           srv  prefix_cache_hit=38.7% unique_in_srv=3,748,212 kv_usage=99.0% cpu_kv_usage=31.6% queue=7r/29w tput_in_srv=4,905/s tput_out_srv=88/s
2026-06-03 17:54:37.331 - records_manager - INFO - [realtime 05:36 profiling] rps=0.2 (avg 0.1) tput_in=10107/s tput_out=116/s done=42 ok=42 err=0
                           ttft p50=103540ms p75=169384ms p95=272042ms p99=275221ms
                           itl  p50=39ms   p75=41ms   p95=46ms   p99=49ms
                           e2e  p50=138054ms p75=255450ms p95=289732ms p99=295041ms
                           intvty p50=26     p75=27     p95=29     p99=29 (1/tpot tok/s)
                           isl  p50=83,692    p75=104,423   p90=148,550   p99=192,500 (tokens)
                           osl  p50=463       p75=916       p90=2,702     p99=5,789 (tokens)
                           tot  in=3,393,115      out=39,001
                           trace theoretical_prefix_cache_hit=97.3%
                           srv  prefix_cache_hit=45.3% unique_in_srv=3,750,879 kv_usage=87.0% cpu_kv_usage=31.7% queue=6r/30w tput_in_srv=5,369/s tput_out_srv=91/s
2026-06-03 17:55:07.458 - records_manager - INFO - [realtime 06:06 profiling] rps=0.0 (avg 0.1) tput_in=9959/s tput_out=131/s done=43 ok=43 err=0
                           ttft p50=103478ms p75=167720ms p95=271811ms p99=275209ms
                           itl  p50=39ms   p75=41ms   p95=45ms   p99=49ms
                           e2e  p50=143243ms p75=267124ms p95=289972ms p99=317676ms
                           intvty p50=26     p75=27     p95=29     p99=29 (1/tpot tok/s)
                           isl  p50=82,350    p75=104,330   p90=145,994   p99=192,491 (tokens)
                           osl  p50=472       p75=1,107     p90=3,069     p99=6,788 (tokens)
                           tot  in=3,443,173      out=45,143
                           trace theoretical_prefix_cache_hit=97.3%
                           srv  prefix_cache_hit=45.7% unique_in_srv=3,750,889 kv_usage=94.0% cpu_kv_usage=31.7% queue=6r/34w tput_in_srv=5,284/s tput_out_srv=94/s
2026-06-03 17:55:37.593 - records_manager - INFO - [realtime 06:36 profiling] rps=0.1 (avg 0.1) tput_in=9604/s tput_out=136/s done=45 ok=45 err=0
                           ttft p50=104435ms p75=170543ms p95=274142ms p99=283895ms
                           itl  p50=38ms   p75=41ms   p95=45ms   p99=49ms
                           e2e  p50=149152ms p75=271720ms p95=326165ms p99=351824ms
                           intvty p50=26     p75=27     p95=29     p99=29 (1/tpot tok/s)
                           isl  p50=84,190    p75=109,486   p90=149,895   p99=192,473 (tokens)
                           osl  p50=516       p75=1,201     p90=3,141     p99=6,766 (tokens)
                           tot  in=3,702,444      out=52,575
                           trace theoretical_prefix_cache_hit=97.4%
                           srv  prefix_cache_hit=47.6% unique_in_srv=3,752,944 kv_usage=69.0% cpu_kv_usage=31.7% queue=5r/34w tput_in_srv=5,360/s tput_out_srv=97/s
2026-06-03 17:56:07.744 - records_manager - INFO - [realtime 07:06 profiling] rps=0.1 (avg 0.1) tput_in=9354/s tput_out=148/s done=48 ok=48 err=0
                           ttft p50=105330ms p75=212480ms p95=285766ms p99=365455ms
                           itl  p50=38ms   p75=40ms   p95=45ms   p99=49ms
                           e2e  p50=156325ms p75=280137ms p95=360469ms p99=396082ms
                           intvty p50=26     p75=27     p95=29     p99=29 (1/tpot tok/s)
                           isl  p50=84,688    p75=110,174   p90=149,319   p99=192,446 (tokens)
                           osl  p50=481       p75=1,230     p90=3,339     p99=9,037 (tokens)
                           tot  in=3,986,301      out=63,235
                           trace theoretical_prefix_cache_hit=97.6%
                           srv  prefix_cache_hit=48.7% unique_in_srv=3,753,569 kv_usage=79.0% cpu_kv_usage=31.7% queue=6r/32w tput_in_srv=5,357/s tput_out_srv=103/s
2026-06-03 17:56:37.907 - records_manager - INFO - [realtime 07:36 profiling] rps=0.1 (avg 0.1) tput_in=9472/s tput_out=142/s done=52 ok=52 err=0
                           ttft p50=123544ms p75=258496ms p95=351574ms p99=364885ms
                           itl  p50=38ms   p75=40ms   p95=45ms   p99=49ms
                           e2e  p50=170511ms p75=289177ms p95=368169ms p99=396077ms
                           intvty p50=26     p75=27     p95=29     p99=29 (1/tpot tok/s)
                           isl  p50=84,688    p75=107,234   p90=148,550   p99=192,410 (tokens)
                           osl  p50=463       p75=1,172     p90=3,154     p99=8,904 (tokens)
                           tot  in=4,300,205      out=64,598
                           trace theoretical_prefix_cache_hit=97.5%
                           srv  prefix_cache_hit=51.6% unique_in_srv=3,757,169 kv_usage=87.0% cpu_kv_usage=31.7% queue=8r/31w tput_in_srv=5,556/s tput_out_srv=102/s
2026-06-03 17:57:08.085 - records_manager - INFO - [realtime 08:06 profiling] rps=0.2 (avg 0.1) tput_in=9583/s tput_out=145/s done=57 ok=57 err=0
                           ttft p50=124617ms p75=272660ms p95=351542ms p99=364172ms
                           itl  p50=38ms   p75=41ms   p95=46ms   p99=59ms
                           e2e  p50=187480ms p75=301889ms p95=375611ms p99=422005ms
                           intvty p50=26     p75=27     p95=29     p99=29 (1/tpot tok/s)
                           isl  p50=83,725    p75=106,452   p90=136,659   p99=192,366 (tokens)
                           osl  p50=516       p75=1,171     p90=3,132     p99=8,737 (tokens)
                           tot  in=4,607,601      out=69,487
                           trace theoretical_prefix_cache_hit=97.6%
                           srv  prefix_cache_hit=53.4% unique_in_srv=3,758,773 kv_usage=91.0% cpu_kv_usage=31.7% queue=6r/33w tput_in_srv=5,653/s tput_out_srv=103/s
2026-06-03 17:57:38.279 - records_manager - INFO - [realtime 08:37 profiling] rps=0.1 (avg 0.1) tput_in=9577/s tput_out=146/s done=60 ok=60 err=0
                           ttft p50=138030ms p75=277909ms p95=351524ms p99=363744ms
                           itl  p50=38ms   p75=40ms   p95=46ms   p99=58ms
                           e2e  p50=254670ms p75=320148ms p95=381588ms p99=447038ms
                           intvty p50=26     p75=27     p95=29     p99=29 (1/tpot tok/s)
                           isl  p50=83,758    p75=107,234   p90=143,939   p99=192,339 (tokens)
                           osl  p50=550       p75=1,172     p90=3,246     p99=8,637 (tokens)
                           tot  in=4,903,389      out=74,936
                           trace theoretical_prefix_cache_hit=95.7%
                           srv  prefix_cache_hit=55.0% unique_in_srv=3,759,073 kv_usage=92.0% cpu_kv_usage=31.7% queue=6r/33w tput_in_srv=5,740/s tput_out_srv=105/s
2026-06-03 17:58:08.474 - records_manager - INFO - [realtime 09:07 profiling] rps=0.0 (avg 0.1) tput_in=9793/s tput_out=144/s done=61 ok=61 err=0
                           ttft p50=138251ms p75=281685ms p95=351517ms p99=363601ms
                           itl  p50=38ms   p75=40ms   p95=46ms   p99=58ms
                           e2e  p50=255060ms p75=326006ms p95=379777ms p99=446669ms
                           intvty p50=26     p75=27     p95=29     p99=29 (1/tpot tok/s)
                           isl  p50=84,223    p75=109,486   p90=148,742   p99=192,330 (tokens)
                           osl  p50=516       p75=1,171     p90=3,200     p99=8,604 (tokens)
                           tot  in=5,093,156      out=75,100
                           trace theoretical_prefix_cache_hit=95.9%
                           srv  prefix_cache_hit=56.0% unique_in_srv=3,759,080 kv_usage=95.0% cpu_kv_usage=31.7% queue=8r/31w tput_in_srv=5,750/s tput_out_srv=103/s
2026-06-03 17:58:33.664 - AgenticReplayTiming - INFO - Terminating trajectory 1186d32070428ea303de493d61ee3effd467 early at turn 27/38: context-overflow error from server
2026-06-03 17:58:38.722 - records_manager - INFO - [realtime 09:37 profiling] rps=0.1 (avg 0.1) tput_in=9096/s tput_out=137/s done=64 ok=64 err=0
                           ttft p50=147156ms p75=286720ms p95=350967ms p99=363316ms
                           itl  p50=39ms   p75=41ms   p95=45ms   p99=58ms
                           e2e  p50=263232ms p75=335549ms p95=377936ms p99=445932ms
                           intvty p50=26     p75=27     p95=29     p99=29 (1/tpot tok/s)
                           isl  p50=83,725    p75=108,016   p90=147,974   p99=192,312 (tokens)
                           osl  p50=587       p75=1,172     p90=3,150     p99=8,537 (tokens)
                           tot  in=5,151,414      out=77,401
                           trace theoretical_prefix_cache_hit=95.8%
                           srv  prefix_cache_hit=56.3% unique_in_srv=3,765,434 kv_usage=93.0% cpu_kv_usage=31.8% queue=7r/33w tput_in_srv=5,675/s tput_out_srv=102/s
2026-06-03 17:59:08.957 - records_manager - INFO - [realtime 10:07 profiling] rps=0.2 (avg 0.1) tput_in=9322/s tput_out=148/s done=70 ok=70 err=0
                           ttft p50=171702ms p75=305147ms p95=347706ms p99=362460ms
                           itl  p50=39ms   p75=41ms   p95=47ms   p99=60ms
                           e2e  p50=275278ms p75=346396ms p95=419300ms p99=496021ms
                           intvty p50=26     p75=27     p95=29     p99=29 (1/tpot tok/s)
                           isl  p50=83,725    p75=106,452   p90=144,515   p99=192,258 (tokens)
                           osl  p50=627       p75=1,299     p90=3,293     p99=8,337 (tokens)
                           tot  in=5,624,470      out=89,586
                           trace theoretical_prefix_cache_hit=96.1%
                           srv  prefix_cache_hit=58.4% unique_in_srv=3,775,002 kv_usage=92.0% cpu_kv_usage=31.9% queue=6r/30w tput_in_srv=5,870/s tput_out_srv=108/s
2026-06-03 17:59:39.216 - records_manager - INFO - [realtime 10:38 profiling] rps=0.2 (avg 0.1) tput_in=9683/s tput_out=155/s done=75 ok=75 err=0
                           ttft p50=253590ms p75=298822ms p95=344988ms p99=361747ms
                           itl  p50=39ms   p75=41ms   p95=47ms   p99=59ms
                           e2e  p50=286880ms p75=345964ms p95=425855ms p99=560162ms
                           intvty p50=26     p75=27     p95=29     p99=29 (1/tpot tok/s)
                           isl  p50=83,758    p75=108,799   p90=147,397   p99=193,129 (tokens)
                           osl  p50=624       p75=1,288     p90=3,524     p99=8,308 (tokens)
                           tot  in=6,149,854      out=98,639
                           trace theoretical_prefix_cache_hit=95.7%
                           srv  prefix_cache_hit=60.3% unique_in_srv=3,818,850 kv_usage=75.0% cpu_kv_usage=32.3% queue=5r/30w tput_in_srv=6,090/s tput_out_srv=112/s
2026-06-03 18:00:09.494 - records_manager - INFO - [realtime 11:08 profiling] rps=0.1 (avg 0.1) tput_in=9667/s tput_out=151/s done=79 ok=79 err=0
                           ttft p50=263044ms p75=298822ms p95=342814ms p99=361176ms
                           itl  p50=39ms   p75=42ms   p95=48ms   p99=59ms
                           e2e  p50=289732ms p75=345157ms p95=423954ms p99=559006ms
                           intvty p50=26     p75=27     p95=29     p99=29 (1/tpot tok/s)
                           isl  p50=83,758    p75=105,669   p90=145,092   p99=193,090 (tokens)
                           osl  p50=624       p75=1,201     p90=3,339     p99=8,182 (tokens)
                           tot  in=6,443,191      out=100,880
                           trace theoretical_prefix_cache_hit=95.8%
                           srv  prefix_cache_hit=61.3% unique_in_srv=3,830,203 kv_usage=83.0% cpu_kv_usage=32.4% queue=6r/31w tput_in_srv=6,159/s tput_out_srv=111/s
2026-06-03 18:00:39.800 - records_manager - INFO - [realtime 11:38 profiling] rps=0.2 (avg 0.1) tput_in=10135/s tput_out=155/s done=85 ok=85 err=0
                           ttft p50=263044ms p75=301834ms p95=340241ms p99=360320ms
                           itl  p50=39ms   p75=42ms   p95=49ms   p99=58ms
                           e2e  p50=288622ms p75=344046ms p95=430607ms p99=557272ms
                           intvty p50=26     p75=27     p95=29     p99=29 (1/tpot tok/s)
                           isl  p50=83,692    p75=107,234   p90=147,397   p99=193,032 (tokens)
                           osl  p50=550       p75=1,186     p90=3,524     p99=7,994 (tokens)
                           tot  in=6,950,474      out=106,367
                           trace theoretical_prefix_cache_hit=96.1%
                           srv  prefix_cache_hit=62.8% unique_in_srv=3,874,126 kv_usage=81.0% cpu_kv_usage=32.8% queue=5r/35w tput_in_srv=6,354/s tput_out_srv=112/s
2026-06-03 18:01:10.121 - records_manager - INFO - [realtime 12:08 profiling] rps=0.1 (avg 0.1) tput_in=9935/s tput_out=150/s done=87 ok=87 err=0
                           ttft p50=265778ms p75=304846ms p95=339842ms p99=360035ms
                           itl  p50=39ms   p75=42ms   p95=49ms   p99=57ms
                           e2e  p50=288622ms p75=345157ms p95=429657ms p99=556693ms
                           intvty p50=26     p75=27     p95=29     p99=29 (1/tpot tok/s)
                           isl  p50=83,692    p75=108,799   p90=146,244   p99=193,013 (tokens)
                           osl  p50=550       p75=1,201     p90=3,431     p99=7,931 (tokens)
                           tot  in=7,139,449      out=107,914
                           trace theoretical_prefix_cache_hit=96.1%
                           srv  prefix_cache_hit=63.4% unique_in_srv=3,875,773 kv_usage=93.0% cpu_kv_usage=32.8% queue=6r/32w tput_in_srv=6,352/s tput_out_srv=111/s
2026-06-03 18:01:40.512 - records_manager - INFO - [realtime 12:39 profiling] rps=0.3 (avg 0.1) tput_in=10644/s tput_out=153/s done=97 ok=97 err=0
                           ttft p50=265778ms p75=298637ms p95=337846ms p99=358609ms
                           itl  p50=39ms   p75=43ms   p95=48ms   p99=56ms
                           e2e  p50=288613ms p75=344046ms p95=424904ms p99=553803ms
                           intvty p50=26     p75=27     p95=29     p99=29 (1/tpot tok/s)
                           isl  p50=84,657    p75=109,024   p90=135,605   p99=192,917 (tokens)
                           osl  p50=512       p75=1,197     p90=3,136     p99=7,617 (tokens)
                           tot  in=8,057,382      out=115,972
                           trace theoretical_prefix_cache_hit=96.2%
                           srv  prefix_cache_hit=66.1% unique_in_srv=3,907,306 kv_usage=83.0% cpu_kv_usage=33.1% queue=8r/31w tput_in_srv=6,779/s tput_out_srv=114/s
2026-06-03 18:02:10.904 - records_manager - INFO - [realtime 13:09 profiling] rps=0.2 (avg 0.1) tput_in=10709/s tput_out=153/s done=102 ok=102 err=0
                           ttft p50=261678ms p75=298061ms p95=336849ms p99=357896ms
                           itl  p50=39ms   p75=43ms   p95=48ms   p99=55ms
                           e2e  p50=288618ms p75=343490ms p95=422528ms p99=552358ms
                           intvty p50=26     p75=27     p95=29     p99=29 (1/tpot tok/s)
                           isl  p50=84,672    p75=109,823   p90=143,362   p99=192,869 (tokens)
                           osl  p50=587       p75=1,195     p90=3,114     p99=7,459 (tokens)
                           tot  in=8,438,816      out=120,810
                           trace theoretical_prefix_cache_hit=96.1%
                           srv  prefix_cache_hit=67.0% unique_in_srv=3,920,740 kv_usage=91.0% cpu_kv_usage=33.2% queue=8r/30w tput_in_srv=6,880/s tput_out_srv=115/s
2026-06-03 18:02:41.360 - records_manager - INFO - [realtime 13:40 profiling] rps=0.2 (avg 0.1) tput_in=11130/s tput_out=152/s done=109 ok=109 err=0
                           ttft p50=252782ms p75=291476ms p95=336560ms p99=357386ms
                           itl  p50=40ms   p75=44ms   p95=49ms   p99=66ms
                           e2e  p50=286261ms p75=340344ms p95=419693ms p99=549416ms
                           intvty p50=25     p75=27     p95=28     p99=29 (1/tpot tok/s)
                           isl  p50=84,688    p75=111,970   p90=145,092   p99=193,764 (tokens)
                           osl  p50=512       p75=1,182     p90=2,913     p99=7,417 (tokens)
                           tot  in=9,120,304      out=124,175
                           trace theoretical_prefix_cache_hit=95.8%
                           srv  prefix_cache_hit=68.3% unique_in_srv=3,975,856 kv_usage=72.0% cpu_kv_usage=33.7% queue=7r/28w tput_in_srv=7,121/s tput_out_srv=114/s
2026-06-03 18:03:11.792 - records_manager - INFO - [realtime 14:10 profiling] rps=0.1 (avg 0.1) tput_in=10992/s tput_out=151/s done=112 ok=112 err=0
                           ttft p50=251366ms p75=291204ms p95=336516ms p99=357202ms
                           itl  p50=40ms   p75=44ms   p95=53ms   p99=67ms
                           e2e  p50=280137ms p75=338508ms p95=418514ms p99=548089ms
                           intvty p50=25     p75=27     p95=28     p99=29 (1/tpot tok/s)
                           isl  p50=84,368    p75=110,973   p90=143,362   p99=193,735 (tokens)
                           osl  p50=531       p75=1,199     p90=2,815     p99=7,411 (tokens)
                           tot  in=9,262,805      out=127,208
                           trace theoretical_prefix_cache_hit=95.8%
                           srv  prefix_cache_hit=68.7% unique_in_srv=3,987,097 kv_usage=93.0% cpu_kv_usage=33.8% queue=6r/30w tput_in_srv=7,106/s tput_out_srv=114/s
2026-06-03 18:03:42.303 - records_manager - INFO - [realtime 14:41 profiling] rps=0.2 (avg 0.1) tput_in=11215/s tput_out=148/s done=119 ok=119 err=0
                           ttft p50=242962ms p75=290083ms p95=336412ms p99=356774ms
                           itl  p50=40ms   p75=44ms   p95=56ms   p99=66ms
                           e2e  p50=272680ms p75=337044ms p95=415761ms p99=544994ms
                           intvty p50=25     p75=27     p95=28     p99=29 (1/tpot tok/s)
                           isl  p50=84,657    p75=109,248   p90=132,170   p99=193,668 (tokens)
                           osl  p50=512       p75=1,172     p90=2,734     p99=7,397 (tokens)
                           tot  in=9,848,001      out=130,063
                           trace theoretical_prefix_cache_hit=95.8%
                           srv  prefix_cache_hit=69.9% unique_in_srv=4,006,405 kv_usage=76.0% cpu_kv_usage=33.9% queue=6r/31w tput_in_srv=7,309/s tput_out_srv=114/s
2026-06-03 18:04:12.810 - records_manager - INFO - [realtime 15:11 profiling] rps=0.2 (avg 0.1) tput_in=11677/s tput_out=150/s done=126 ok=126 err=0
                           ttft p50=235600ms p75=288651ms p95=336171ms p99=356346ms
                           itl  p50=40ms   p75=44ms   p95=59ms   p99=70ms
                           e2e  p50=271207ms p75=332558ms p95=413938ms p99=541898ms
                           intvty p50=25     p75=27     p95=28     p99=29 (1/tpot tok/s)
                           isl  p50=84,530    p75=109,823   p90=145,466   p99=193,601 (tokens)
                           osl  p50=496       p75=1,171     p90=2,700     p99=7,384 (tokens)
                           tot  in=10,541,349     out=135,265
                           trace theoretical_prefix_cache_hit=95.5%
                           srv  prefix_cache_hit=70.9% unique_in_srv=4,071,209 kv_usage=73.0% cpu_kv_usage=34.5% queue=5r/32w tput_in_srv=7,563/s tput_out_srv=115/s
2026-06-03 18:04:43.362 - records_manager - INFO - [realtime 15:42 profiling] rps=0.1 (avg 0.1) tput_in=11382/s tput_out=146/s done=128 ok=128 err=0
                           ttft p50=232929ms p75=288100ms p95=336049ms p99=356224ms
                           itl  p50=40ms   p75=44ms   p95=58ms   p99=70ms
                           e2e  p50=268468ms p75=329377ms p95=413770ms p99=541014ms
                           intvty p50=25     p75=26     p95=28     p99=29 (1/tpot tok/s)
                           isl  p50=84,530    p75=110,973   p90=144,700   p99=193,581 (tokens)
                           osl  p50=526       p75=1,172     p90=2,699     p99=7,380 (tokens)
                           tot  in=10,703,764     out=137,326
                           trace theoretical_prefix_cache_hit=95.5%
                           srv  prefix_cache_hit=71.3% unique_in_srv=4,071,256 kv_usage=98.0% cpu_kv_usage=34.5% queue=5r/32w tput_in_srv=7,527/s tput_out_srv=114/s
2026-06-03 18:05:13.911 - records_manager - INFO - [realtime 16:12 profiling] rps=0.2 (avg 0.1) tput_in=11571/s tput_out=147/s done=133 ok=133 err=0
                           ttft p50=196193ms p75=286600ms p95=335747ms p99=355918ms
                           itl  p50=40ms   p75=44ms   p95=57ms   p99=69ms
                           e2e  p50=256686ms p75=323010ms p95=413352ms p99=538803ms
                           intvty p50=25     p75=26     p95=28     p99=29 (1/tpot tok/s)
                           isl  p50=84,688    p75=111,970   p90=142,786   p99=193,533 (tokens)
                           osl  p50=540       p75=1,182     p90=2,702     p99=7,371 (tokens)
                           tot  in=11,223,137     out=142,984
                           trace theoretical_prefix_cache_hit=95.6%
                           srv  prefix_cache_hit=72.2% unique_in_srv=4,080,165 kv_usage=76.0% cpu_kv_usage=34.6% queue=5r/33w tput_in_srv=7,678/s tput_out_srv=115/s
2026-06-03 18:05:44.507 - records_manager - INFO - [realtime 16:43 profiling] rps=0.1 (avg 0.1) tput_in=11569/s tput_out=147/s done=135 ok=135 err=0
                           ttft p50=195265ms p75=286359ms p95=335626ms p99=355796ms
                           itl  p50=40ms   p75=45ms   p95=57ms   p99=69ms
                           e2e  p50=255450ms p75=321698ms p95=413185ms p99=537918ms
                           intvty p50=25     p75=26     p95=28     p99=29 (1/tpot tok/s)
                           isl  p50=84,657    p75=111,548   p90=139,247   p99=193,514 (tokens)
                           osl  p50=540       p75=1,172     p90=2,701     p99=7,367 (tokens)
                           tot  in=11,331,144     out=144,122
                           trace theoretical_prefix_cache_hit=95.4%
                           srv  prefix_cache_hit=72.2% unique_in_srv=4,106,124 kv_usage=94.0% cpu_kv_usage=34.8% queue=6r/34w tput_in_srv=7,614/s tput_out_srv=114/s
2026-06-03 18:06:15.082 - records_manager - INFO - [realtime 17:13 profiling] rps=0.1 (avg 0.1) tput_in=11164/s tput_out=143/s done=137 ok=137 err=0
                           ttft p50=193569ms p75=284750ms p95=335504ms p99=355673ms
                           itl  p50=40ms   p75=44ms   p95=56ms   p99=69ms
                           e2e  p50=255450ms p75=320533ms p95=413018ms p99=537034ms
                           intvty p50=25     p75=26     p95=28     p99=29 (1/tpot tok/s)
                           isl  p50=84,657    p75=110,848   p90=135,709   p99=193,495 (tokens)
                           osl  p50=550       p75=1,182     p90=2,700     p99=7,363 (tokens)
                           tot  in=11,461,062     out=147,289
                           trace theoretical_prefix_cache_hit=95.4%
                           srv  prefix_cache_hit=72.5% unique_in_srv=4,108,170 kv_usage=76.0% cpu_kv_usage=34.9% queue=4r/36w tput_in_srv=7,561/s tput_out_srv=114/s
2026-06-03 18:06:45.740 - records_manager - INFO - [realtime 17:44 profiling] rps=0.1 (avg 0.1) tput_in=11192/s tput_out=141/s done=140 ok=140 err=0
                           ttft p50=194417ms p75=283115ms p95=335323ms p99=355490ms
                           itl  p50=40ms   p75=44ms   p95=55ms   p99=69ms
                           e2e  p50=255060ms p75=318520ms p95=412767ms p99=535707ms
                           intvty p50=25     p75=26     p95=28     p99=29 (1/tpot tok/s)
                           isl  p50=84,802    p75=112,393   p90=143,935   p99=193,466 (tokens)
                           osl  p50=545       p75=1,188     p90=2,698     p99=7,357 (tokens)
                           tot  in=11,846,739     out=149,520
                           trace theoretical_prefix_cache_hit=95.4%
                           srv  prefix_cache_hit=73.0% unique_in_srv=4,128,919 kv_usage=82.0% cpu_kv_usage=35.0% queue=4r/36w tput_in_srv=7,638/s tput_out_srv=113/s
2026-06-03 18:07:16.364 - records_manager - INFO - [realtime 18:15 profiling] rps=0.0 (avg 0.1) tput_in=11058/s tput_out=141/s done=141 ok=141 err=0
                           ttft p50=193569ms p75=283090ms p95=335262ms p99=355429ms
                           itl  p50=40ms   p75=44ms   p95=55ms   p99=69ms
                           e2e  p50=255450ms p75=317672ms p95=412683ms p99=535265ms
                           intvty p50=25     p75=26     p95=28     p99=29 (1/tpot tok/s)
                           isl  p50=84,916    p75=112,393   p90=143,552   p99=193,456 (tokens)
                           osl  p50=550       p75=1,197     p90=2,703     p99=7,355 (tokens)
                           tot  in=11,948,040     out=152,229
                           trace theoretical_prefix_cache_hit=95.4%
                           srv  prefix_cache_hit=73.2% unique_in_srv=4,131,596 kv_usage=79.0% cpu_kv_usage=35.1% queue=3r/37w tput_in_srv=7,573/s tput_out_srv=113/s
2026-06-03 18:07:47.043 - records_manager - INFO - [realtime 18:45 profiling] rps=0.3 (avg 0.1) tput_in=11363/s tput_out=142/s done=149 ok=149 err=0
                           ttft p50=201485ms p75=279501ms p95=334815ms p99=354939ms
                           itl  p50=40ms   p75=45ms   p95=55ms   p99=69ms
                           e2e  p50=255450ms p75=313413ms p95=409787ms p99=531727ms
                           intvty p50=25     p75=26     p95=28     p99=29 (1/tpot tok/s)
                           isl  p50=84,688    p75=112,439   p90=147,389   p99=194,031 (tokens)
                           osl  p50=512       p75=1,197     p90=2,705     p99=7,340 (tokens)
                           tot  in=12,763,908     out=159,502
                           trace theoretical_prefix_cache_hit=95.6%
                           srv  prefix_cache_hit=74.4% unique_in_srv=4,145,288 kv_usage=87.0% cpu_kv_usage=35.2% queue=9r/26w tput_in_srv=7,855/s tput_out_srv=115/s
2026-06-03 18:08:17.809 - records_manager - INFO - [realtime 19:16 profiling] rps=0.3 (avg 0.1) tput_in=11588/s tput_out=141/s done=157 ok=157 err=0
                           ttft p50=228396ms p75=275437ms p95=334381ms p99=354450ms
                           itl  p50=40ms   p75=45ms   p95=56ms   p99=70ms
                           e2e  p50=255450ms p75=309966ms p95=406149ms p99=528190ms
                           intvty p50=25     p75=26     p95=28     p99=29 (1/tpot tok/s)
                           isl  p50=84,688    p75=111,970   p90=145,083   p99=194,000 (tokens)
                           osl  p50=490       p75=1,172     p90=2,700     p99=7,325 (tokens)
                           tot  in=13,352,093     out=162,408
                           trace theoretical_prefix_cache_hit=95.7%
                           srv  prefix_cache_hit=74.7% unique_in_srv=4,247,841 kv_usage=76.0% cpu_kv_usage=36.1% queue=7r/30w tput_in_srv=8,021/s tput_out_srv=114/s
2026-06-03 18:08:30.112 - AgenticReplayTiming - INFO - Terminating trajectory 2df1b153c477169c8ab4ecd9e917ccaa3dba early at turn 53/102: context-overflow error from server
2026-06-03 18:08:48.650 - records_manager - INFO - [realtime 19:47 profiling] rps=0.3 (avg 0.1) tput_in=11812/s tput_out=145/s done=166 ok=166 err=0
                           ttft p50=228785ms p75=274262ms p95=333898ms p99=353961ms
                           itl  p50=41ms   p75=45ms   p95=56ms   p99=70ms
                           e2e  p50=256346ms p75=310691ms p95=401744ms p99=524652ms
                           intvty p50=25     p75=26     p95=28     p99=29 (1/tpot tok/s)
                           isl  p50=84,726    p75=112,393   p90=139,260   p99=193,969 (tokens)
                           osl  p50=512       p75=1,197     p90=2,701     p99=7,310 (tokens)
                           tot  in=13,971,618     out=171,650
                           trace theoretical_prefix_cache_hit=95.7%
                           srv  prefix_cache_hit=75.6% unique_in_srv=4,250,342 kv_usage=80.0% cpu_kv_usage=36.1% queue=5r/31w tput_in_srv=8,196/s tput_out_srv=117/s
2026-06-03 18:09:19.453 - records_manager - INFO - [realtime 20:18 profiling] rps=0.1 (avg 0.1) tput_in=11773/s tput_out=144/s done=169 ok=169 err=0
                           ttft p50=228591ms p75=273984ms p95=333662ms p99=353777ms
                           itl  p50=41ms   p75=45ms   p95=56ms   p99=70ms
                           e2e  p50=256516ms p75=310771ms p95=399230ms p99=523325ms
                           intvty p50=25     p75=26     p95=28     p99=29 (1/tpot tok/s)
                           isl  p50=84,821    p75=112,393   p90=144,700   p99=193,957 (tokens)
                           osl  p50=526       p75=1,199     p90=2,699     p99=7,304 (tokens)
                           tot  in=14,320,381     out=174,798
                           trace theoretical_prefix_cache_hit=95.6%
                           srv  prefix_cache_hit=75.9% unique_in_srv=4,282,049 kv_usage=93.0% cpu_kv_usage=36.4% queue=6r/31w tput_in_srv=8,240/s tput_out_srv=117/s
2026-06-03 18:09:50.355 - records_manager - INFO - [realtime 20:49 profiling] rps=0.2 (avg 0.1) tput_in=11952/s tput_out=143/s done=176 ok=176 err=0
                           ttft p50=227456ms p75=272979ms p95=333112ms p99=353349ms
                           itl  p50=41ms   p75=45ms   p95=58ms   p99=71ms
                           e2e  p50=256346ms p75=309400ms p95=393365ms p99=520230ms
                           intvty p50=25     p75=26     p95=28     p99=29 (1/tpot tok/s)
                           isl  p50=84,916    p75=112,393   p90=139,260   p99=193,930 (tokens)
                           osl  p50=512       p75=1,201     p90=2,683     p99=7,290 (tokens)
                           tot  in=14,911,923     out=178,350
                           trace theoretical_prefix_cache_hit=95.6%
                           srv  prefix_cache_hit=76.6% unique_in_srv=4,290,231 kv_usage=99.0% cpu_kv_usage=36.5% queue=7r/29w tput_in_srv=8,395/s tput_out_srv=117/s
2026-06-03 18:10:21.259 - records_manager - INFO - [realtime 21:20 profiling] rps=0.1 (avg 0.1) tput_in=11891/s tput_out=142/s done=179 ok=179 err=0
                           ttft p50=226023ms p75=272277ms p95=332876ms p99=353166ms
                           itl  p50=41ms   p75=45ms   p95=57ms   p99=71ms
                           e2e  p50=255898ms p75=307042ms p95=390851ms p99=518903ms
                           intvty p50=25     p75=26     p95=28     p99=29 (1/tpot tok/s)
                           isl  p50=84,821    p75=112,416   p90=136,980   p99=193,919 (tokens)
                           osl  p50=514       p75=1,195     p90=2,663     p99=7,285 (tokens)
                           tot  in=15,092,324     out=179,981
                           trace theoretical_prefix_cache_hit=95.4%
                           srv  prefix_cache_hit=76.7% unique_in_srv=4,328,616 kv_usage=74.0% cpu_kv_usage=36.8% queue=4r/32w tput_in_srv=8,359/s tput_out_srv=116/s
2026-06-03 18:10:52.166 - records_manager - INFO - [realtime 21:50 profiling] rps=0.2 (avg 0.1) tput_in=12015/s tput_out=143/s done=184 ok=184 err=0
                           ttft p50=226149ms p75=271161ms p95=332483ms p99=352860ms
                           itl  p50=41ms   p75=45ms   p95=57ms   p99=71ms
                           e2e  p50=256346ms p75=310532ms p95=386661ms p99=516692ms
                           intvty p50=25     p75=26     p95=28     p99=29 (1/tpot tok/s)
                           isl  p50=84,916    p75=112,485   p90=146,615   p99=194,312 (tokens)
                           osl  p50=516       p75=1,239     p90=2,696     p99=7,275 (tokens)
                           tot  in=15,722,508     out=187,712
                           trace theoretical_prefix_cache_hit=95.6%
                           srv  prefix_cache_hit=77.4% unique_in_srv=4,332,496 kv_usage=56.0% cpu_kv_usage=36.9% queue=5r/32w tput_in_srv=8,525/s tput_out_srv=118/s
2026-06-03 18:11:23.107 - records_manager - INFO - [realtime 22:21 profiling] rps=0.1 (avg 0.1) tput_in=12007/s tput_out=142/s done=188 ok=188 err=0
                           ttft p50=223089ms p75=270374ms p95=331579ms p99=352615ms
                           itl  p50=41ms   p75=45ms   p95=56ms   p99=71ms
                           e2e  p50=254670ms p75=309400ms p95=385942ms p99=514923ms
                           intvty p50=24     p75=26     p95=28     p99=29 (1/tpot tok/s)
                           isl  p50=84,916    p75=112,485   p90=145,083   p99=194,292 (tokens)
                           osl  p50=512       p75=1,201     p90=2,670     p99=7,268 (tokens)
                           tot  in=16,043,377     out=189,086
                           trace theoretical_prefix_cache_hit=95.6%
                           srv  prefix_cache_hit=77.7% unique_in_srv=4,340,021 kv_usage=89.0% cpu_kv_usage=36.9% queue=6r/33w tput_in_srv=8,550/s tput_out_srv=117/s
2026-06-03 18:11:54.127 - records_manager - INFO - [realtime 22:52 profiling] rps=0.2 (avg 0.1) tput_in=12118/s tput_out=141/s done=194 ok=194 err=0
                           ttft p50=216827ms p75=268537ms p95=330224ms p99=352248ms
                           itl  p50=41ms   p75=45ms   p95=56ms   p99=71ms
                           e2e  p50=249002ms p75=304881ms p95=384865ms p99=512270ms
                           intvty p50=25     p75=26     p95=28     p99=29 (1/tpot tok/s)
                           isl  p50=84,726    p75=112,485   p90=146,615   p99=194,261 (tokens)
                           osl  p50=481       p75=1,197     p90=2,630     p99=7,256 (tokens)
                           tot  in=16,534,363     out=192,299
                           trace theoretical_prefix_cache_hit=95.7%
                           srv  prefix_cache_hit=78.3% unique_in_srv=4,342,943 kv_usage=81.0% cpu_kv_usage=37.0% queue=7r/31w tput_in_srv=8,648/s tput_out_srv=117/s
2026-06-03 18:12:25.214 - records_manager - INFO - [realtime 23:24 profiling] rps=0.2 (avg 0.1) tput_in=12088/s tput_out=140/s done=200 ok=200 err=0
                           ttft p50=212627ms p75=267405ms p95=328869ms p99=351881ms
                           itl  p50=41ms   p75=45ms   p95=55ms   p99=70ms
                           e2e  p50=244903ms p75=303210ms p95=383787ms p99=509616ms
                           intvty p50=25     p75=26     p95=28     p99=29 (1/tpot tok/s)
                           isl  p50=84,726    p75=112,485   p90=144,318   p99=194,230 (tokens)
                           osl  p50=490       p75=1,193     p90=2,562     p99=7,245 (tokens)
                           tot  in=16,951,985     out=196,480
                           trace theoretical_prefix_cache_hit=95.8%
                           srv  prefix_cache_hit=78.7% unique_in_srv=4,352,629 kv_usage=99.0% cpu_kv_usage=37.0% queue=7r/31w tput_in_srv=8,712/s tput_out_srv=117/s
2026-06-03 18:12:56.347 - records_manager - INFO - [realtime 23:55 profiling] rps=0.1 (avg 0.1) tput_in=12030/s tput_out=139/s done=204 ok=204 err=0
                           ttft p50=201485ms p75=266751ms p95=327966ms p99=351637ms
                           itl  p50=41ms   p75=45ms   p95=55ms   p99=70ms
                           e2e  p50=243745ms p75=299007ms p95=383068ms p99=507848ms
                           intvty p50=24     p75=26     p95=28     p99=29 (1/tpot tok/s)
                           isl  p50=84,726    p75=112,485   p90=142,786   p99=194,209 (tokens)
                           osl  p50=490       p75=1,172     p90=2,516     p99=7,237 (tokens)
                           tot  in=17,233,410     out=198,514
                           trace theoretical_prefix_cache_hit=95.8%
                           srv  prefix_cache_hit=79.0% unique_in_srv=4,354,502 kv_usage=94.0% cpu_kv_usage=37.1% queue=7r/33w tput_in_srv=8,716/s tput_out_srv=116/s
2026-06-03 18:13:27.429 - records_manager - INFO - [realtime 24:26 profiling] rps=0.1 (avg 0.1) tput_in=11972/s tput_out=138/s done=208 ok=208 err=0
                           ttft p50=200981ms p75=266194ms p95=325717ms p99=351632ms
                           itl  p50=41ms   p75=45ms   p95=55ms   p99=70ms
                           e2e  p50=243412ms p75=298855ms p95=382048ms p99=506270ms
                           intvty p50=25     p75=26     p95=28     p99=29 (1/tpot tok/s)
                           isl  p50=84,688    p75=112,393   p90=138,142   p99=194,194 (tokens)
                           osl  p50=481       p75=1,172     p90=2,507     p99=7,193 (tokens)
                           tot  in=17,427,537     out=201,446
                           trace theoretical_prefix_cache_hit=95.8%
                           srv  prefix_cache_hit=79.1% unique_in_srv=4,360,661 kv_usage=99.0% cpu_kv_usage=37.1% queue=8r/30w tput_in_srv=8,684/s tput_out_srv=116/s
2026-06-03 18:13:58.597 - records_manager - INFO - [realtime 24:57 profiling] rps=0.1 (avg 0.1) tput_in=11909/s tput_out=138/s done=211 ok=211 err=0
                           ttft p50=197890ms p75=265882ms p95=324030ms p99=351628ms
                           itl  p50=41ms   p75=45ms   p95=55ms   p99=70ms
                           e2e  p50=241859ms p75=298523ms p95=381283ms p99=505087ms
                           intvty p50=25     p75=26     p95=28     p99=29 (1/tpot tok/s)
                           isl  p50=84,672    p75=112,416   p90=135,600   p99=194,182 (tokens)
                           osl  p50=501       p75=1,177     p90=2,500     p99=7,160 (tokens)
                           tot  in=17,647,171     out=204,384
                           trace theoretical_prefix_cache_hit=95.7%
                           srv  prefix_cache_hit=79.1% unique_in_srv=4,409,927 kv_usage=69.0% cpu_kv_usage=37.6% queue=5r/33w tput_in_srv=8,663/s tput_out_srv=116/s
2026-06-03 18:14:29.816 - records_manager - INFO - [realtime 25:28 profiling] rps=0.1 (avg 0.1) tput_in=11890/s tput_out=137/s done=215 ok=215 err=0
                           ttft p50=197956ms p75=263727ms p95=321781ms p99=351623ms
                           itl  p50=41ms   p75=45ms   p95=55ms   p99=70ms
                           e2e  p50=240269ms p75=298318ms p95=380262ms p99=503510ms
                           intvty p50=25     p75=26     p95=28     p99=29 (1/tpot tok/s)
                           isl  p50=84,707    p75=112,485   p90=132,386   p99=194,166 (tokens)
                           osl  p50=501       p75=1,195     p90=2,478     p99=7,117 (tokens)
                           tot  in=17,994,593     out=207,563
                           trace theoretical_prefix_cache_hit=95.8%
                           srv  prefix_cache_hit=79.4% unique_in_srv=4,411,621 kv_usage=93.0% cpu_kv_usage=37.6% queue=5r/32w tput_in_srv=8,695/s tput_out_srv=116/s
2026-06-03 18:15:01.059 - records_manager - INFO - [realtime 25:59 profiling] rps=0.1 (avg 0.1) tput_in=11809/s tput_out=139/s done=218 ok=218 err=0
                           ttft p50=199588ms p75=261678ms p95=320094ms p99=351619ms
                           itl  p50=41ms   p75=45ms   p95=55ms   p99=70ms
                           e2e  p50=240306ms p75=298634ms p95=384146ms p99=502327ms
                           intvty p50=25     p75=26     p95=28     p99=29 (1/tpot tok/s)
                           isl  p50=84,726    p75=112,690   p90=138,680   p99=194,155 (tokens)
                           osl  p50=512       p75=1,201     p90=2,507     p99=7,084 (tokens)
                           tot  in=18,346,793     out=215,925
                           trace theoretical_prefix_cache_hit=95.8%
                           srv  prefix_cache_hit=79.7% unique_in_srv=4,419,117 kv_usage=71.0% cpu_kv_usage=37.6% queue=5r/33w tput_in_srv=8,727/s tput_out_srv=117/s
2026-06-03 18:15:32.390 - records_manager - INFO - [realtime 26:31 profiling] rps=0.1 (avg 0.1) tput_in=11862/s tput_out=142/s done=222 ok=222 err=0
                           ttft p50=200981ms p75=257130ms p95=317845ms p99=351614ms
                           itl  p50=41ms   p75=45ms   p95=55ms   p99=70ms
                           e2e  p50=243745ms p75=298634ms p95=388337ms p99=500750ms
                           intvty p50=25     p75=26     p95=28     p99=29 (1/tpot tok/s)
                           isl  p50=84,726    p75=113,298   p90=143,552   p99=194,633 (tokens)
                           osl  p50=516       p75=1,220     p90=2,539     p99=7,080 (tokens)
                           tot  in=18,752,765     out=224,561
                           trace theoretical_prefix_cache_hit=95.9%
                           srv  prefix_cache_hit=80.1% unique_in_srv=4,424,705 kv_usage=89.0% cpu_kv_usage=37.7% queue=7r/32w tput_in_srv=8,779/s tput_out_srv=119/s
2026-06-03 18:16:03.698 - records_manager - INFO - [realtime 27:02 profiling] rps=0.1 (avg 0.1) tput_in=11754/s tput_out=141/s done=225 ok=225 err=0
                           ttft p50=202702ms p75=253859ms p95=316634ms p99=351610ms
                           itl  p50=41ms   p75=45ms   p95=55ms   p99=70ms
                           e2e  p50=244639ms p75=298381ms p95=386481ms p99=499567ms
                           intvty p50=25     p75=26     p95=28     p99=29 (1/tpot tok/s)
                           isl  p50=84,707    p75=112,792   p90=141,759   p99=194,617 (tokens)
                           osl  p50=514       p75=1,230     p90=2,514     p99=7,053 (tokens)
                           tot  in=18,950,106     out=227,202
                           trace theoretical_prefix_cache_hit=95.7%
                           srv  prefix_cache_hit=80.1% unique_in_srv=4,463,390 kv_usage=73.0% cpu_kv_usage=38.0% queue=5r/32w tput_in_srv=8,749/s tput_out_srv=119/s
2026-06-03 18:16:35.103 - records_manager - INFO - [realtime 27:33 profiling] rps=0.2 (avg 0.1) tput_in=11720/s tput_out=139/s done=230 ok=230 err=0
                           ttft p50=206263ms p75=257130ms p95=316204ms p99=351604ms
                           itl  p50=41ms   p75=45ms   p95=55ms   p99=72ms
                           e2e  p50=247031ms p75=297680ms p95=385583ms p99=497595ms
                           intvty p50=24     p75=26     p95=28     p99=29 (1/tpot tok/s)
                           isl  p50=84,657    p75=112,690   p90=136,626   p99=194,592 (tokens)
                           osl  p50=512       p75=1,201     p90=2,502     p99=7,010 (tokens)
                           tot  in=19,357,520     out=229,499
                           trace theoretical_prefix_cache_hit=95.5%
                           srv  prefix_cache_hit=80.1% unique_in_srv=4,534,228 kv_usage=81.0% cpu_kv_usage=38.6% queue=5r/33w tput_in_srv=8,800/s tput_out_srv=118/s
2026-06-03 18:17:06.493 - records_manager - INFO - [realtime 28:05 profiling] rps=0.2 (avg 0.1) tput_in=11893/s tput_out=138/s done=236 ok=236 err=0
                           ttft p50=211676ms p75=260312ms p95=315689ms p99=351596ms
                           itl  p50=41ms   p75=45ms   p95=55ms   p99=72ms
                           e2e  p50=249068ms p75=297074ms p95=384505ms p99=495229ms
                           intvty p50=24     p75=26     p95=28     p99=29 (1/tpot tok/s)
                           isl  p50=84,688    p75=112,894   p90=140,733   p99=194,561 (tokens)
                           osl  p50=490       p75=1,201     p90=2,484     p99=6,957 (tokens)
                           tot  in=19,939,021     out=232,168
                           trace theoretical_prefix_cache_hit=95.6%
                           srv  prefix_cache_hit=80.6% unique_in_srv=4,541,009 kv_usage=93.0% cpu_kv_usage=38.7% queue=8r/27w tput_in_srv=8,917/s tput_out_srv=118/s
2026-06-03 18:17:37.915 - records_manager - INFO - [realtime 28:36 profiling] rps=0.2 (avg 0.1) tput_in=11974/s tput_out=140/s done=243 ok=243 err=0
                           ttft p50=214411ms p75=258676ms p95=315087ms p99=351588ms
                           itl  p50=41ms   p75=45ms   p95=55ms   p99=72ms
                           e2e  p50=251654ms p75=297019ms p95=387092ms p99=492469ms
                           intvty p50=24     p75=26     p95=28     p99=29 (1/tpot tok/s)
                           isl  p50=84,672    p75=112,587   p90=133,547   p99=194,524 (tokens)
                           osl  p50=476       p75=1,195     p90=2,495     p99=6,896 (tokens)
                           tot  in=20,395,853     out=237,966
                           trace theoretical_prefix_cache_hit=95.5%
                           srv  prefix_cache_hit=80.8% unique_in_srv=4,582,097 kv_usage=71.0% cpu_kv_usage=39.1% queue=6r/29w tput_in_srv=8,984/s tput_out_srv=119/s
2026-06-03 18:18:09.397 - records_manager - INFO - [realtime 29:08 profiling] rps=0.2 (avg 0.1) tput_in=11949/s tput_out=139/s done=248 ok=248 err=0
                           ttft p50=216827ms p75=257610ms p95=314846ms p99=351581ms
                           itl  p50=41ms   p75=45ms   p95=55ms   p99=72ms
                           e2e  p50=252474ms p75=297001ms p95=385942ms p99=490497ms
                           intvty p50=24     p75=26     p95=28     p99=29 (1/tpot tok/s)
                           isl  p50=84,657    p75=112,485   p90=133,442   p99=194,499 (tokens)
                           osl  p50=488       p75=1,172     p90=2,475     p99=6,852 (tokens)
                           tot  in=20,775,788     out=241,631
                           trace theoretical_prefix_cache_hit=95.5%
                           srv  prefix_cache_hit=81.1% unique_in_srv=4,588,528 kv_usage=85.0% cpu_kv_usage=39.2% queue=6r/31w tput_in_srv=9,020/s tput_out_srv=119/s
2026-06-03 18:18:40.966 - records_manager - INFO - [realtime 29:39 profiling] rps=0.1 (avg 0.1) tput_in=11855/s tput_out=137/s done=251 ok=251 err=0
                           ttft p50=216294ms p75=257220ms p95=314729ms p99=351578ms
                           itl  p50=41ms   p75=45ms   p95=55ms   p99=72ms
                           e2e  p50=251654ms p75=296860ms p95=385404ms p99=489314ms
                           intvty p50=24     p75=26     p95=28     p99=29 (1/tpot tok/s)
                           isl  p50=84,672    p75=113,096   p90=132,981   p99=194,483 (tokens)
                           osl  p50=489       p75=1,172     p90=2,462     p99=6,826 (tokens)
                           tot  in=21,060,806     out=243,880
                           trace theoretical_prefix_cache_hit=95.5%
                           srv  prefix_cache_hit=81.2% unique_in_srv=4,597,770 kv_usage=70.0% cpu_kv_usage=39.2% queue=5r/33w tput_in_srv=9,020/s tput_out_srv=118/s
2026-06-03 18:19:01.208 - PhaseRunner - INFO - Timeout of 1799.999330735s elapsed for event 'profiling phase sending'
2026-06-03 18:19:01.208 - PhaseRunner - NOTICE - Phase profiling sending complete | sent=292, completed=252, in_flight=40 | sessions: sent=5, completed=2 | timeout_triggered=True
2026-06-03 18:19:01.209 - PhaseRunner - INFO - Waiting for event 'profiling phase credits returned' with timeout of 29.99851078400002s
2026-06-03 18:19:01.209 - records_manager - INFO - Sent 292 requests. Waiting for all to complete...
2026-06-03 18:19:12.582 - records_manager - INFO - [realtime 30:11 profiling] rps=0.1 (avg 0.1) tput_in=11741/s tput_out=136/s done=253 ok=253 err=0
                           ttft p50=214411ms p75=256309ms p95=314652ms p99=351575ms
                           itl  p50=41ms   p75=45ms   p95=55ms   p99=72ms
                           e2e  p50=251654ms p75=296662ms p95=385044ms p99=488526ms
                           intvty p50=24     p75=26     p95=28     p99=29 (1/tpot tok/s)
                           isl  p50=84,672    p75=113,500   p90=132,674   p99=194,473 (tokens)
                           osl  p50=501       p75=1,173     p90=2,452     p99=6,809 (tokens)
                           tot  in=21,229,749     out=245,998
                           trace theoretical_prefix_cache_hit=95.5%
                           srv  prefix_cache_hit=81.4% unique_in_srv=4,598,201 kv_usage=87.0% cpu_kv_usage=39.2% queue=5r/34w tput_in_srv=8,979/s tput_out_srv=118/s
2026-06-03 18:19:31.208 - PhaseRunner - INFO - Timeout of 29.99851078400002s elapsed for event 'profiling phase credits returned'
2026-06-03 18:19:31.208 - PhaseRunner - WARNING - Phase profiling timed out, cancelling all credits. Stats: sent=292, completed=253, cancelled=0, in_flight=39
2026-06-03 18:19:31.209 - StickyCreditRouter_07c35c41 - INFO - Sent cancellation requests for 39 in-flight credits across 30 workers
2026-06-03 18:19:31.209 - PhaseRunner - INFO - Waiting for all cancelled credits to be returned for phase profiling. Need 39 more credits.
2026-06-03 18:19:31.213 - PhaseRunner - INFO - All cancelled credits returned for phase profiling
2026-06-03 18:19:31.213 - PhaseRunner - NOTICE - Phase profiling complete | completed=253, cancelled=39, errors=0 | sessions: completed=2, cancelled=0 | elapsed=1830.01s | grace_period_timeout=True
2026-06-03 18:19:31.213 - aiperf.timing.branch_orchestrator - INFO - BranchOrchestrator stats: spawned=3 completed=1 errored=0 suspended=2 resumed=0 parents_failed_due_to_child_error=0 joins_suppressed=2
2026-06-03 18:19:31.214 - PhaseOrchestrator_d825fbf7 - NOTICE - All credits completed
2026-06-03 18:19:31.214 - records_manager - INFO - Received CREDIT_PHASE_COMPLETE message, Phase complete: PhaseRecordsStats(phase=CreditPhase.PROFILING, start_ns=1780508941207755805, sent_end_ns=1780510741208845423, requests_end_ns=1780510771213551635, total_expected_requests=None, expected_duration_sec=None, expected_num_sessions=None, expected_grace_period_sec=None, final_requests_sent=None, final_requests_completed=253, final_requests_cancelled=39, final_request_errors=0, final_sent_sessions=None, final_completed_sessions=None, final_cancelled_sessions=None, timeout_triggered=True, grace_period_timeout_triggered=True, was_cancelled=False, records_end_ns=None, success_records=253, error_records=0)
2026-06-03 18:19:31.214 - system_controller - INFO - Received credits complete from 'timing_manager'
2026-06-03 18:19:31.214 - records_manager - NOTICE - All requests have completed, please wait for the results to be processed (currently 253 of 253 records processed)...
2026-06-03 18:19:31.215 - records_manager - INFO - Processed 253 valid requests and 0 errors (253 total).
2026-06-03 18:19:31.215 - records_manager - INFO - Received all records, processing now...
2026-06-03 18:19:31.215 - records_manager - INFO - All credits complete, please wait for the results to be processed...
2026-06-03 18:19:31.216 - server_metrics_manager - INFO - Server Metrics: Profiling complete, capturing final metrics...
2026-06-03 18:19:31.218 - records_manager - INFO - Waiting 2.0s for server metrics flush period...
2026-06-03 18:19:33.214 - records_manager - INFO - Processing records results...
2026-06-03 18:19:36.760 - RecordExportJSONLWriter_4f252823 - WARNING - Timeout waiting for 0 pending flush tasks during shutdown. Cancelling tasks and proceeding with cleanup.
2026-06-03 18:19:36.840 - aiperf.server_metrics.export_stats - WARNING - Detected 12 counter reset(s) in counter metric with labels {'engine_type': 'unified', 'mode': 'decode_cuda_graph', 'model_name': 'amd/GLM-5.1-MXFP4', 'moe_ep_rank': '0', 'pp_rank': '0', 'tp_rank': '1'}. This typically indicates server restart(s) during profiling. Statistics may be inaccurate. Raw delta: 41613.00
2026-06-03 18:19:36.926 - system_controller - INFO - Waiting for server metrics results...
2026-06-03 18:19:36.927 - system_controller - INFO - Waiting for server metrics results...
2026-06-03 18:19:36.940 - aiperf.server_metrics.export_stats - WARNING - Detected 12 counter reset(s) in counter metric with labels {'engine_type': 'unified', 'mode': 'decode_cuda_graph', 'model_name': 'amd/GLM-5.1-MXFP4', 'moe_ep_rank': '0', 'pp_rank': '0', 'tp_rank': '0'}. This typically indicates server restart(s) during profiling. Statistics may be inaccurate. Raw delta: 41613.00
2026-06-03 18:19:36.946 - aiperf.server_metrics.export_stats - WARNING - Detected 12 counter reset(s) in counter metric with labels {'engine_type': 'unified', 'mode': 'decode', 'model_name': 'amd/GLM-5.1-MXFP4', 'moe_ep_rank': '0', 'pp_rank': '0', 'tp_rank': '0'}. This typically indicates server restart(s) during profiling. Statistics may be inaccurate. Raw delta: 260235.00
2026-06-03 18:19:36.949 - aiperf.server_metrics.export_stats - WARNING - Detected 2 counter reset(s) in counter metric with labels {'component': 'tokenizer'}. This typically indicates server restart(s) during profiling. Statistics may be inaccurate. Raw delta: 281.95
2026-06-03 18:19:38.631 - aiperf.server_metrics.export_stats - WARNING - Detected 1 counter reset(s) in counter metric with labels {'engine_type': 'unified', 'model_name': 'amd/GLM-5.1-MXFP4'}. This typically indicates server restart(s) during profiling. Statistics may be inaccurate. Raw delta: 21333801.00
2026-06-03 18:19:38.844 - aiperf.server_metrics.export_stats - WARNING - Detected 1 counter reset(s) in counter metric with labels {'engine_type': 'unified', 'model_name': 'amd/GLM-5.1-MXFP4'}. This typically indicates server restart(s) during profiling. Statistics may be inaccurate. Raw delta: 249614.00
2026-06-03 18:19:38.847 - aiperf.server_metrics.export_stats - WARNING - Detected 1 counter reset(s) in counter metric with labels {'engine_type': 'unified', 'model_name': 'amd/GLM-5.1-MXFP4'}. This typically indicates server restart(s) during profiling. Statistics may be inaccurate. Raw delta: 251.00
2026-06-03 18:19:38.852 - aiperf.server_metrics.export_stats - WARNING - Detected 1 counter reset(s) in counter metric with labels {'cache_type': 'HiRadixCache'}. This typically indicates server restart(s) during profiling. Statistics may be inaccurate. Raw delta: 43878400.00
2026-06-03 18:19:38.872 - aiperf.server_metrics.export_stats - WARNING - Detected 1 counter reset(s) in counter metric with labels {'cache_type': 'HiRadixCache'}. This typically indicates server restart(s) during profiling. Statistics may be inaccurate. Raw delta: 41328384.00
2026-06-03 18:19:38.895 - aiperf.server_metrics.export_stats - WARNING - Detected 1 counter reset(s) in counter metric with labels {'cache_source': 'host', 'engine_type': 'unified', 'model_name': 'amd/GLM-5.1-MXFP4'}. This typically indicates server restart(s) during profiling. Statistics may be inaccurate. Raw delta: 19670272.00
2026-06-03 18:19:39.221 - records_manager - INFO - _finalize_and_process_results completed
2026-06-03 18:19:40.296 - system_controller - INFO - All results received, initiating shutdown
2026-06-03 18:19:41.363 - ExporterManager - INFO - Exporting all records
2026-06-03 18:19:41.691 - aiperf.common.scenario.validator - INFO - Scenario 'inferencex-agentx-mvp': setting timing_mode=agentic_replay (was at default request_rate).
2026-06-03 18:19:42.677 - aiperf.common.scenario.validator - INFO - Scenario 'inferencex-agentx-mvp': setting timing_mode=agentic_replay (was at default request_rate).
2026-06-03 18:19:42.763 - ExporterManager - INFO - Exporting console data
