2026-06-02 22:12:29.803 - aiperf.cli_runner - INFO - Starting AIPerf System
2026-06-02 22:12:30.025 - system_controller - INFO - Registered Worker Manager (id: 'worker_manager')
2026-06-02 22:12:30.066 - server_metrics_manager - INFO - Server Metrics: Discovered 1 endpoints: ['http://localhost:8888/metrics']
2026-06-02 22:12:30.085 - system_controller - INFO - Registered Gpu Telemetry Manager (id: 'gpu_telemetry_manager')
2026-06-02 22:12:30.086 - system_controller - INFO - Registered Server Metrics Manager (id: 'server_metrics_manager')
2026-06-02 22:12:30.167 - system_controller - INFO - Registered Worker (id: 'worker_996ac7ac')
2026-06-02 22:12:30.167 - system_controller - INFO - Registered Worker (id: 'worker_05d94e25')
2026-06-02 22:12:30.168 - system_controller - INFO - Registered Dataset Manager (id: 'dataset_manager')
2026-06-02 22:12:30.168 - system_controller - INFO - Registered Worker (id: 'worker_12a4f79e')
2026-06-02 22:12:30.169 - system_controller - INFO - Registered Worker (id: 'worker_af7a2ac4')
2026-06-02 22:12:30.170 - system_controller - INFO - Registered Worker (id: 'worker_ccc1a31a')
2026-06-02 22:12:30.171 - system_controller - INFO - Registered Worker (id: 'worker_66ea9fd4')
2026-06-02 22:12:30.171 - system_controller - INFO - Registered Worker (id: 'worker_22b1d389')
2026-06-02 22:12:30.171 - system_controller - INFO - Registered Worker (id: 'worker_ade6e99c')
2026-06-02 22:12:30.175 - system_controller - INFO - Registered Worker (id: 'worker_da4c4534')
2026-06-02 22:12:30.176 - system_controller - INFO - Registered Worker (id: 'worker_d56a56b5')
2026-06-02 22:12:30.179 - system_controller - INFO - Registered Worker (id: 'worker_3cb3cc5d')
2026-06-02 22:12:30.179 - system_controller - INFO - Registered Worker (id: 'worker_97c18753')
2026-06-02 22:12:30.183 - system_controller - INFO - Registered Worker (id: 'worker_3561ef7b')
2026-06-02 22:12:30.183 - system_controller - INFO - Registered Worker (id: 'worker_a57ed69e')
2026-06-02 22:12:30.186 - system_controller - INFO - Registered Worker (id: 'worker_7b8fa9d9')
2026-06-02 22:12:30.187 - system_controller - INFO - Registered Worker (id: 'worker_033622fd')
2026-06-02 22:12:30.188 - system_controller - INFO - Registered Worker (id: 'worker_49bd0d06')
2026-06-02 22:12:30.200 - system_controller - INFO - Registered Timing Manager (id: 'timing_manager')
2026-06-02 22:12:30.288 - system_controller - INFO - Registered Worker (id: 'worker_65789ca2')
2026-06-02 22:12:30.289 - system_controller - INFO - Registered Record Processor (id: 'record_processor_28e95687')
2026-06-02 22:12:30.289 - system_controller - INFO - Registered Record Processor (id: 'record_processor_5cd20247')
2026-06-02 22:12:30.289 - system_controller - INFO - Registered Record Processor (id: 'record_processor_dc349b50')
2026-06-02 22:12:30.289 - system_controller - INFO - Registered Record Processor (id: 'record_processor_4af1c4c5')
2026-06-02 22:12:30.290 - system_controller - INFO - Registered Worker (id: 'worker_aca6e163')
2026-06-02 22:12:30.290 - system_controller - INFO - Registered Record Processor (id: 'record_processor_7ff40d58')
2026-06-02 22:12:30.292 - GPUTelemetryJSONLWriter_8e88b269 - INFO - GPU telemetry export enabled: /workspace/results/aiperf_artifacts/gpu_telemetry_export.jsonl
2026-06-02 22:12:30.294 - system_controller - INFO - Registered Worker (id: 'worker_b932f36e')
2026-06-02 22:12:30.294 - RecordExportJSONLWriter_73e6cb91 - INFO - Record metrics export enabled: /workspace/results/aiperf_artifacts/profile_export.jsonl
2026-06-02 22:12:30.441 - system_controller - INFO - Registered Records Manager (id: 'records_manager')
2026-06-02 22:12:30.512 - system_controller - INFO - AIPerf System is CONFIGURING
2026-06-02 22:12:30.512 - system_controller - INFO - Configuring all services to start profiling
2026-06-02 22:12:30.514 - InferenceResultParser_0c5f47b6 - INFO - Tokenization is disabled for this endpoint, skipping tokenizer configuration
2026-06-02 22:12:30.514 - InferenceResultParser_29f61a27 - INFO - Tokenization is disabled for this endpoint, skipping tokenizer configuration
2026-06-02 22:12:30.514 - InferenceResultParser_8441ebe5 - INFO - Tokenization is disabled for this endpoint, skipping tokenizer configuration
2026-06-02 22:12:30.514 - InferenceResultParser_a34b79fa - INFO - Tokenization is disabled for this endpoint, skipping tokenizer configuration
2026-06-02 22:12:30.514 - InferenceResultParser_e185f2f0 - INFO - Tokenization is disabled for this endpoint, skipping tokenizer configuration
2026-06-02 22:12:30.514 - timing_manager - INFO - Waiting for dataset to be configured before configuring timing
2026-06-02 22:12:30.522 - system_controller - INFO - GPU telemetry disabled - no DCGM endpoints reachable
2026-06-02 22:12:30.527 - server_metrics_manager - INFO - Server Metrics: Capturing baseline metrics...
2026-06-02 22:12:30.543 - http://localhost:8888/metrics - INFO - Skipping unsupported summary metric: http_request_size_bytes
2026-06-02 22:12:30.543 - http://localhost:8888/metrics - INFO - Skipping unsupported summary metric: http_response_size_bytes
2026-06-02 22:12:30.544 - system_controller - INFO - Server metrics enabled - 1/1 endpoint(s) reachable.
2026-06-02 22:12:30.562 - dataset_manager - INFO - Memory-mapped dataset cache HIT (key=9ea77629aaffea823767a106cff84381); skipping tokenizer + composer.
2026-06-02 22:12:31.748 - aiperf.dataset.mmap_cache - INFO - Restored mmap cache file dataset.dat via copy in 1.186s (2.10 GiB)
2026-06-02 22:12:31.750 - aiperf.dataset.mmap_cache - INFO - Restored mmap cache file index.dat via copy in 0.002s (0.00 GiB)
2026-06-02 22:12:31.750 - aiperf.dataset.mmap_cache - INFO - Restored mmap cache files in 1.188s via dataset=copy index=copy (dataset=2.10 GiB, index=0.00 GiB)
2026-06-02 22:12:31.992 - dataset_manager - INFO - sampling strategy: sequential, unique conversations: 634, unique turn count: 62664
2026-06-02 22:12:32.190 - dataset_manager - INFO - Dataset client initialized and freed 0 conversations from memory
2026-06-02 22:12:32.380 - aiperf.timing.trajectory_source - INFO - TrajectorySource: built 20 trajectories from 225 traces
  range cfg=[0.25, 0.75]  observed sample pct: min= 27% median= 45% max= 74%
    lane=00  sample_time= 39%  root_next= 14/32  ( 44% turns)  live=1 ready=1  trace_id=00e7d11db2db59f44a87b4110175b11d1af3
    lane=01  sample_time= 55%  root_next= 20/37  ( 54% turns)  live=1 ready=1  trace_id=01fece675b92efe07620225cd69c3884f774
    lane=02  sample_time= 55%  root_next=311/594 ( 52% turns)  live=1 ready=1  trace_id=0275949f4db511444909fe92b12f7e921e4a
    lane=03  sample_time= 27%  root_next= 13/27  ( 48% turns)  live=1 ready=1  trace_id=03be8f1eb1e9e620f46bd07068d6ab1aaae3
    lane=04  sample_time= 40%  root_next= 69/151 ( 46% turns)  live=1 ready=1  trace_id=0475b786230f3f2e24220d28e247eaee2dae
    lane=05  sample_time= 50%  root_next= 99/187 ( 53% turns)  live=1 ready=1  trace_id=04b25fe5b2ffa5e7ec9890426cce59838a05
    lane=06  sample_time= 69%  root_next= 10/20  ( 50% turns)  live=1 ready=1  trace_id=06385769df23204ac35c53ad431cf42f7c02
    lane=07  sample_time= 63%  root_next= 65/121 ( 54% turns)  live=1 ready=1  trace_id=07fc71985fbafc8e1abb181b7d28b8349f45
    lane=08  sample_time= 29%  root_next= 46/165 ( 28% turns)  live=1 ready=1  trace_id=09a5d415a7157ed48a5a6fa2711f2d8565c1
    lane=09  sample_time= 28%  root_next=  7/27  ( 26% turns)  live=1 ready=1  trace_id=09c188c8b9201ec2046cc2df702623fef33e
    lane=10  sample_time= 44%  root_next= 41/85  ( 48% turns)  live=1 ready=1  trace_id=0b1cf5ad73920121aa53e1acb0851a8ecf32
    lane=11  sample_time= 61%  root_next=161/254 ( 63% turns)  live=1 ready=1  trace_id=0b4a56f22f01dc235b7ce1cc3aeabd6943e8
    lane=12  sample_time= 32%  root_next=199/504 ( 39% turns)  live=1 ready=1  trace_id=0d75185d4e958ad360c16451eaa95d508edf
    lane=13  sample_time= 51%  root_next= 13/22  ( 59% turns)  live=1 ready=1  trace_id=0da3a3bea6f3559a2eff4114839b328dad53
    lane=14  sample_time= 71%  root_next= 18/23  ( 78% turns)  live=1 ready=1  trace_id=116cb8d945f9d0810e788e51e3744adaab74
    lane=15  sample_time= 46%  root_next= 30/49  ( 61% turns)  live=1 ready=1  trace_id=1186d32070428ea303de493d61ee3effd467
    lane=16  sample_time= 74%  root_next= 23/26  ( 88% turns)  live=1 ready=1  trace_id=13762df76dba635a268bf3acbb30bfffed63
    lane=17  sample_time= 27%  root_next=  8/27  ( 30% turns)  live=1 ready=1  trace_id=14933d8a4190c45ac8fbd21183bba9469140
    lane=18  sample_time= 43%  root_next= 24/38  ( 63% turns)  live=1 ready=1  trace_id=1770548ae8e30555e62d6d6296c0166d6074
    lane=19  sample_time= 35%  root_next= 18/44  ( 41% turns)  live=1 ready=1  trace_id=1ac9d045056424d98ec4b5725460ca2b6120
2026-06-02 22:12:32.380 - PhaseOrchestrator_d3a22b18 - INFO - Initialized 2 phase(s): ['Warmup', 'Profiling']
2026-06-02 22:12:32.415 - system_controller - INFO - All services configured in 1.90 seconds
2026-06-02 22:12:32.415 - system_controller - INFO - AIPerf System is CONFIGURED
2026-06-02 22:12:32.416 - server_metrics_manager - INFO - Server Metrics: Started 1 collector(s) successfully
2026-06-02 22:12:32.440 - PhaseRunner - NOTICE - Phase warmup started | target: 20 requests
2026-06-02 22:12:32.441 - AgenticReplayTiming - INFO - WARMUP execute: dispatching 20 trajectory credits
2026-06-02 22:12:32.442 - PhaseRunner - NOTICE - Phase warmup sending complete | sent=20, completed=0, in_flight=20
2026-06-02 22:12:32.631 - records_manager - INFO - Credit phase start: warmup
2026-06-02 22:12:32.632 - system_controller - INFO - All services started profiling successfully
2026-06-02 22:12:32.632 - system_controller - INFO - AIPerf System is PROFILING
2026-06-02 22:16:12.148 - PhaseRunner - NOTICE - Phase warmup complete | completed=20, cancelled=0, errors=0 | elapsed=219.71s
2026-06-02 22:16:12.148 - aiperf.timing.branch_orchestrator - INFO - BranchOrchestrator stats: spawned=0 completed=0 errored=0 suspended=0 resumed=0 parents_failed_due_to_child_error=0 joins_suppressed=0
2026-06-02 22:16:12.158 - AgenticReplayTiming - INFO - PROFILING setup: trajectories=20 traces, recycle_queue=225 traces (full pool)
2026-06-02 22:16:12.158 - PhaseRunner - NOTICE - Phase profiling started | target: 1800.0s duration
2026-06-02 22:16:12.158 - records_manager - INFO - Credit phase start: profiling
2026-06-02 22:16:12.158 - PhaseRunner - INFO - Waiting for event 'profiling phase sending' with timeout of 1799.999492066s
2026-06-02 22:16:12.158 - AgenticReplayTiming - INFO - PROFILING execute: resuming 20 trajectory sessions
2026-06-02 22:16:15.910 - EventLoopMonitor - WARNING - Event loop for worker_af7a2ac4 is taking too long to run. Overhead: 53.72ms
2026-06-02 22:16:17.219 - AgenticReplayTiming - INFO - Terminating trajectory 0d75185d4e958ad360c16451eaa95d508edf early at turn 199/503: context-overflow error from server
2026-06-02 22:16:18.755 - AgenticReplayTiming - INFO - Terminating trajectory 04b25fe5b2ffa5e7ec9890426cce59838a05 early at turn 99/186: context-overflow error from server
2026-06-02 22:17:00.367 - records_manager - INFO - [realtime 00:48 profiling] rps=0.2 (avg 0.2) tput_in=22337/s tput_out=126/s done=12 ok=12 err=0
                           ttft p50=17230ms p75=18616ms p95=19723ms p99=20100ms
                           itl  p50=12ms   p75=17ms   p95=35ms   p99=43ms
                           e2e  p50=21331ms p75=29342ms p95=31473ms p99=32481ms
                           intvty p50=82     p75=91     p95=105    p99=113 (1/tpot tok/s)
                           isl  p50=86,481    p75=110,613   p90=185,585   p99=251,637 (tokens)
                           osl  p50=296       p75=949       p90=1,223     p99=1,308 (tokens)
                           tot  in=955,554        out=5,380
                           trace theoretical_prefix_cache_hit=88.6%
                           srv  prefix_cache_hit=0.0% unique_in_srv=1,494,003,481 ext_cache_hit=39.7% kv_usage=87.7% queue=3r/13w tput_in_srv=11,797/s tput_out_srv=97/s
2026-06-02 22:17:09.125 - AgenticReplayTiming - INFO - Terminating trajectory 0da3a3bea6f3559a2eff4114839b328dad53 early at turn 14/21: context-overflow error from server
2026-06-02 22:17:30.399 - records_manager - INFO - [realtime 01:18 profiling] rps=0.4 (avg 0.3) tput_in=23276/s tput_out=129/s done=23 ok=23 err=0
                           ttft p50=22328ms p75=30541ms p95=35955ms p99=36425ms
                           itl  p50=14ms   p75=23ms   p95=45ms   p99=48ms
                           e2e  p50=31404ms p75=37817ms p95=45431ms p99=49886ms
                           intvty p50=72     p75=87     p95=94     p99=111 (1/tpot tok/s)
                           isl  p50=64,042    p75=89,927    p90=182,442   p99=253,004 (tokens)
                           osl  p50=296       p75=854       p90=1,008     p99=1,297 (tokens)
                           tot  in=1,696,729      out=9,378
                           trace theoretical_prefix_cache_hit=89.4%
                           srv  prefix_cache_hit=0.0% unique_in_srv=1,644,897,211 ext_cache_hit=49.8% kv_usage=88.9% queue=3r/12w tput_in_srv=13,154/s tput_out_srv=109/s
2026-06-02 22:17:31.839 - AgenticReplayTiming - INFO - Terminating trajectory 1186d32070428ea303de493d61ee3effd467 early at turn 31/48: context-overflow error from server
2026-06-02 22:18:00.439 - records_manager - INFO - [realtime 01:48 profiling] rps=0.2 (avg 0.3) tput_in=20565/s tput_out=122/s done=30 ok=30 err=0
                           ttft p50=28932ms p75=35283ms p95=47406ms p99=53615ms
                           itl  p50=13ms   p75=21ms   p95=42ms   p99=47ms
                           e2e  p50=34935ms p75=44743ms p95=56476ms p99=59463ms
                           intvty p50=79     p75=90     p95=93     p99=109 (1/tpot tok/s)
                           isl  p50=64,713    p75=94,276    p90=146,961   p99=251,118 (tokens)
                           osl  p50=272       p75=884       p90=1,203     p99=1,432 (tokens)
                           tot  in=2,123,651      out=12,559
                           trace theoretical_prefix_cache_hit=90.7%
                           srv  prefix_cache_hit=0.0% unique_in_srv=1,812,844,146 ext_cache_hit=54.5% kv_usage=88.2% queue=3r/13w tput_in_srv=13,228/s tput_out_srv=123/s
2026-06-02 22:18:30.496 - records_manager - INFO - [realtime 02:18 profiling] rps=0.4 (avg 0.3) tput_in=21429/s tput_out=198/s done=41 ok=41 err=0
                           ttft p50=32147ms p75=43706ms p95=50414ms p99=54156ms
                           itl  p50=13ms   p75=19ms   p95=36ms   p99=47ms
                           e2e  p50=43278ms p75=52486ms p95=64027ms p99=94746ms
                           intvty p50=77     p75=89     p95=92     p99=107 (1/tpot tok/s)
                           isl  p50=64,887    p75=87,752    p90=140,867   p99=247,661 (tokens)
                           osl  p50=317       p75=916       p90=1,368     p99=5,091 (tokens)
                           tot  in=2,919,197      out=26,915
                           trace theoretical_prefix_cache_hit=86.9%
                           srv  prefix_cache_hit=0.0% unique_in_srv=2,021,211,234 ext_cache_hit=59.3% kv_usage=85.4% queue=3r/11w tput_in_srv=14,317/s tput_out_srv=138/s
2026-06-02 22:19:00.575 - records_manager - INFO - [realtime 02:48 profiling] rps=0.4 (avg 0.3) tput_in=23692/s tput_out=218/s done=53 ok=53 err=0
                           ttft p50=32147ms p75=42494ms p95=51118ms p99=53920ms
                           itl  p50=13ms   p75=18ms   p95=40ms   p99=51ms
                           e2e  p50=43168ms p75=52486ms p95=71019ms p99=97051ms
                           intvty p50=77     p75=87     p95=92     p99=104 (1/tpot tok/s)
                           isl  p50=64,933    p75=88,338    p90=128,680   p99=244,967 (tokens)
                           osl  p50=338       p75=985       p90=1,342     p99=4,763 (tokens)
                           tot  in=3,927,039      out=36,053
                           trace theoretical_prefix_cache_hit=87.3%
                           srv  prefix_cache_hit=0.0% unique_in_srv=2,246,590,865 ext_cache_hit=64.9% kv_usage=89.3% queue=3r/14w tput_in_srv=15,847/s tput_out_srv=148/s
2026-06-02 22:19:30.665 - records_manager - INFO - [realtime 03:18 profiling] rps=0.2 (avg 0.3) tput_in=22715/s tput_out=217/s done=59 ok=59 err=0
                           ttft p50=32147ms p75=41820ms p95=50590ms p99=53727ms
                           itl  p50=13ms   p75=18ms   p95=37ms   p99=51ms
                           e2e  p50=41808ms p75=51743ms p95=74824ms p99=95921ms
                           intvty p50=77     p75=88     p95=92     p99=106 (1/tpot tok/s)
                           isl  p50=67,136    p75=88,045    p90=116,725   p99=243,216 (tokens)
                           osl  p50=427       p75=1,010     p90=1,393     p99=4,599 (tokens)
                           tot  in=4,366,826      out=41,764
                           trace theoretical_prefix_cache_hit=88.1%
                           srv  prefix_cache_hit=0.0% unique_in_srv=2,363,895,638 ext_cache_hit=65.0% kv_usage=98.0% queue=4r/17w tput_in_srv=15,630/s tput_out_srv=152/s
2026-06-02 22:20:00.764 - records_manager - INFO - [realtime 03:48 profiling] rps=0.4 (avg 0.3) tput_in=21880/s tput_out=214/s done=71 ok=71 err=0
                           ttft p50=36542ms p75=43715ms p95=49816ms p99=53339ms
                           itl  p50=14ms   p75=18ms   p95=33ms   p99=50ms
                           e2e  p50=43559ms p75=55758ms p95=71906ms p99=93659ms
                           intvty p50=74     p75=87     p95=92     p99=104 (1/tpot tok/s)
                           isl  p50=64,933    p75=88,045    p90=115,797   p99=239,714 (tokens)
                           osl  p50=370       p75=940       p90=1,368     p99=4,271 (tokens)
                           tot  in=4,944,985      out=48,321
                           trace theoretical_prefix_cache_hit=87.0%
                           srv  prefix_cache_hit=0.0% unique_in_srv=2,809,241,968 ext_cache_hit=67.4% kv_usage=99.6% queue=2r/14w tput_in_srv=15,562/s tput_out_srv=162/s
2026-06-02 22:20:30.877 - records_manager - INFO - [realtime 04:18 profiling] rps=0.4 (avg 0.3) tput_in=23339/s tput_out=224/s done=82 ok=82 err=0
                           ttft p50=38621ms p75=45033ms p95=53848ms p99=55587ms
                           itl  p50=14ms   p75=17ms   p95=32ms   p99=50ms
                           e2e  p50=45519ms p75=56656ms p95=74696ms p99=91586ms
                           intvty p50=73     p75=86     p95=92     p99=107 (1/tpot tok/s)
                           isl  p50=66,034    p75=88,192    p90=117,171   p99=237,942 (tokens)
                           osl  p50=411       p75=924       p90=1,355     p99=4,881 (tokens)
                           tot  in=5,981,958      out=57,468
                           trace theoretical_prefix_cache_hit=88.8%
                           srv  prefix_cache_hit=0.0% unique_in_srv=2,941,160,892 ext_cache_hit=70.2% kv_usage=91.0% queue=4r/16w tput_in_srv=17,158/s tput_out_srv=168/s
2026-06-02 22:21:01.018 - records_manager - INFO - [realtime 04:48 profiling] rps=0.3 (avg 0.3) tput_in=23228/s tput_out=222/s done=92 ok=92 err=0
                           ttft p50=39267ms p75=45121ms p95=55335ms p99=56412ms
                           itl  p50=14ms   p75=18ms   p95=33ms   p99=49ms
                           e2e  p50=47899ms p75=56799ms p95=75123ms p99=94365ms
                           intvty p50=71     p75=83     p95=92     p99=106 (1/tpot tok/s)
                           isl  p50=66,034    p75=91,817    p90=116,609   p99=235,210 (tokens)
                           osl  p50=416       p75=933       p90=1,355     p99=4,726 (tokens)
                           tot  in=6,673,925      out=63,902
                           trace theoretical_prefix_cache_hit=87.1%
                           srv  prefix_cache_hit=0.0% unique_in_srv=3,045,416,289 ext_cache_hit=69.9% kv_usage=98.4% queue=8r/7w tput_in_srv=17,477/s tput_out_srv=174/s
2026-06-02 22:21:31.187 - records_manager - INFO - [realtime 05:19 profiling] rps=0.4 (avg 0.3) tput_in=23983/s tput_out=241/s done=105 ok=105 err=0
                           ttft p50=38198ms p75=44905ms p95=55387ms p99=56109ms
                           itl  p50=14ms   p75=18ms   p95=32ms   p99=48ms
                           e2e  p50=47904ms p75=56730ms p95=75422ms p99=106097ms
                           intvty p50=71     p75=84     p95=93     p99=105 (1/tpot tok/s)
                           isl  p50=67,136    p75=89,693    p90=116,881   p99=233,971 (tokens)
                           osl  p50=446       p75=954       p90=1,444     p99=4,524 (tokens)
                           tot  in=7,560,115      out=75,908
                           trace theoretical_prefix_cache_hit=88.3%
                           srv  prefix_cache_hit=0.0% unique_in_srv=3,188,844,830 ext_cache_hit=70.8% kv_usage=73.1% queue=2r/15w tput_in_srv=17,644/s tput_out_srv=179/s
2026-06-02 22:22:01.360 - records_manager - INFO - [realtime 05:49 profiling] rps=0.3 (avg 0.3) tput_in=23980/s tput_out=231/s done=115 ok=115 err=0
                           ttft p50=38572ms p75=44839ms p95=55313ms p99=56096ms
                           itl  p50=14ms   p75=18ms   p95=31ms   p99=48ms
                           e2e  p50=47894ms p75=56074ms p95=74995ms p99=104748ms
                           intvty p50=71     p75=84     p95=97     p99=105 (1/tpot tok/s)
                           isl  p50=65,199    p75=89,982    p90=117,847   p99=233,740 (tokens)
                           osl  p50=430       p75=921       p90=1,317     p99=4,406 (tokens)
                           tot  in=8,327,270      out=80,253
                           trace theoretical_prefix_cache_hit=88.2%
                           srv  prefix_cache_hit=0.0% unique_in_srv=3,325,587,484 ext_cache_hit=72.2% kv_usage=87.2% queue=4r/14w tput_in_srv=18,379/s tput_out_srv=181/s
2026-06-02 22:22:31.555 - records_manager - INFO - [realtime 06:19 profiling] rps=0.4 (avg 0.3) tput_in=24655/s tput_out=245/s done=127 ok=127 err=0
                           ttft p50=38321ms p75=44461ms p95=55075ms p99=56081ms
                           itl  p50=14ms   p75=18ms   p95=31ms   p99=48ms
                           e2e  p50=47894ms p75=56074ms p95=75336ms p99=103130ms
                           intvty p50=71     p75=83     p95=97     p99=104 (1/tpot tok/s)
                           isl  p50=67,136    p75=90,884    p90=118,621   p99=235,774 (tokens)
                           osl  p50=459       p75=940       p90=1,315     p99=4,362 (tokens)
                           tot  in=9,228,203      out=91,861
                           trace theoretical_prefix_cache_hit=89.3%
                           srv  prefix_cache_hit=0.0% unique_in_srv=3,673,764,886 ext_cache_hit=73.9% kv_usage=84.1% queue=3r/12w tput_in_srv=18,794/s tput_out_srv=186/s
2026-06-02 22:23:01.777 - records_manager - INFO - [realtime 06:49 profiling] rps=0.4 (avg 0.3) tput_in=24986/s tput_out=241/s done=138 ok=138 err=0
                           ttft p50=38446ms p75=44141ms p95=54175ms p99=56068ms
                           itl  p50=14ms   p75=18ms   p95=30ms   p99=47ms
                           e2e  p50=47805ms p75=55913ms p95=74867ms p99=101647ms
                           intvty p50=71     p75=84     p95=98     p99=104 (1/tpot tok/s)
                           isl  p50=67,490    p75=97,871    p90=126,329   p99=235,519 (tokens)
                           osl  p50=458       p75=947       p90=1,315     p99=4,281 (tokens)
                           tot  in=10,185,905     out=98,375
                           trace theoretical_prefix_cache_hit=90.0%
                           srv  prefix_cache_hit=0.0% unique_in_srv=3,883,515,207 ext_cache_hit=75.2% kv_usage=87.4% queue=6r/10w tput_in_srv=19,674/s tput_out_srv=190/s
2026-06-02 22:23:32.015 - records_manager - INFO - [realtime 07:19 profiling] rps=0.3 (avg 0.3) tput_in=24948/s tput_out=243/s done=148 ok=148 err=0
                           ttft p50=38044ms p75=43948ms p95=53398ms p99=56055ms
                           itl  p50=14ms   p75=18ms   p95=29ms   p99=47ms
                           e2e  p50=46327ms p75=55752ms p95=73685ms p99=100299ms
                           intvty p50=71     p75=83     p95=97     p99=104 (1/tpot tok/s)
                           isl  p50=67,490    p75=96,924    p90=126,329   p99=235,288 (tokens)
                           osl  p50=476       p75=933       p90=1,315     p99=4,208 (tokens)
                           tot  in=10,774,404     out=104,766
                           trace theoretical_prefix_cache_hit=90.0%
                           srv  prefix_cache_hit=0.0% unique_in_srv=4,265,334,839 ext_cache_hit=76.0% kv_usage=55.5% queue=4r/13w tput_in_srv=19,466/s tput_out_srv=202/s
2026-06-02 22:24:02.289 - records_manager - INFO - [realtime 07:50 profiling] rps=0.4 (avg 0.3) tput_in=24960/s tput_out=239/s done=159 ok=159 err=0
                           ttft p50=38296ms p75=44273ms p95=52650ms p99=56041ms
                           itl  p50=14ms   p75=18ms   p95=30ms   p99=47ms
                           e2e  p50=46559ms p75=55650ms p95=73400ms p99=98815ms
                           intvty p50=71     p75=83     p95=97     p99=103 (1/tpot tok/s)
                           isl  p50=67,845    p75=97,398    p90=129,606   p99=237,405 (tokens)
                           osl  p50=470       p75=924       p90=1,314     p99=4,127 (tokens)
                           tot  in=11,698,212     out=112,014
                           trace theoretical_prefix_cache_hit=90.7%
                           srv  prefix_cache_hit=0.0% unique_in_srv=4,478,574,908 ext_cache_hit=77.1% kv_usage=95.3% queue=3r/13w tput_in_srv=19,922/s tput_out_srv=204/s
2026-06-02 22:24:32.585 - records_manager - INFO - [realtime 08:20 profiling] rps=0.2 (avg 0.3) tput_in=24520/s tput_out=244/s done=164 ok=164 err=0
                           ttft p50=38621ms p75=44453ms p95=55246ms p99=57064ms
                           itl  p50=14ms   p75=17ms   p95=30ms   p99=46ms
                           e2e  p50=47805ms p75=55964ms p95=74611ms p99=107929ms
                           intvty p50=71     p75=83     p95=97     p99=103 (1/tpot tok/s)
                           isl  p50=72,981    p75=104,596   p90=129,890   p99=237,283 (tokens)
                           osl  p50=464       p75=933       p90=1,360     p99=5,160 (tokens)
                           tot  in=12,217,534     out=121,612
                           trace theoretical_prefix_cache_hit=90.9%
                           srv  prefix_cache_hit=0.0% unique_in_srv=4,536,293,431 ext_cache_hit=77.3% kv_usage=69.5% queue=8r/11w tput_in_srv=19,923/s tput_out_srv=207/s
2026-06-02 22:25:02.884 - records_manager - INFO - [realtime 08:50 profiling] rps=0.3 (avg 0.3) tput_in=24349/s tput_out=260/s done=174 ok=174 err=0
                           ttft p50=39204ms p75=44871ms p95=55320ms p99=57631ms
                           itl  p50=14ms   p75=17ms   p95=29ms   p99=46ms
                           e2e  p50=48527ms p75=55969ms p95=81836ms p99=115579ms
                           intvty p50=71     p75=82     p95=97     p99=103 (1/tpot tok/s)
                           isl  p50=67,490    p75=97,871    p90=129,441   p99=237,039 (tokens)
                           osl  p50=476       p75=925       p90=1,447     p99=6,164 (tokens)
                           tot  in=12,683,377     out=135,392
                           trace theoretical_prefix_cache_hit=90.8%
                           srv  prefix_cache_hit=0.0% unique_in_srv=4,749,707,597 ext_cache_hit=77.9% kv_usage=92.3% queue=3r/13w tput_in_srv=19,922/s tput_out_srv=212/s
2026-06-02 22:25:33.177 - records_manager - INFO - [realtime 09:21 profiling] rps=0.3 (avg 0.3) tput_in=24601/s tput_out=259/s done=183 ok=183 err=0
                           ttft p50=40087ms p75=45216ms p95=55490ms p99=58502ms
                           itl  p50=14ms   p75=17ms   p95=28ms   p99=46ms
                           e2e  p50=49151ms p75=57485ms p95=78098ms p99=114124ms
                           intvty p50=71     p75=83     p95=97     p99=102 (1/tpot tok/s)
                           isl  p50=72,491    p75=104,596   p90=132,925   p99=239,316 (tokens)
                           osl  p50=488       p75=968       p90=1,505     p99=6,138 (tokens)
                           tot  in=13,726,247     out=144,399
                           trace theoretical_prefix_cache_hit=91.4%
                           srv  prefix_cache_hit=0.0% unique_in_srv=5,013,597,767 ext_cache_hit=78.7% kv_usage=81.2% queue=3r/14w tput_in_srv=20,074/s tput_out_srv=211/s
2026-06-02 22:26:03.551 - records_manager - INFO - [realtime 09:51 profiling] rps=0.4 (avg 0.3) tput_in=24961/s tput_out=258/s done=196 ok=196 err=0
                           ttft p50=39533ms p75=45100ms p95=55424ms p99=58465ms
                           itl  p50=14ms   p75=17ms   p95=28ms   p99=45ms
                           e2e  p50=48661ms p75=57035ms p95=81403ms p99=112021ms
                           intvty p50=71     p75=81     p95=97     p99=102 (1/tpot tok/s)
                           isl  p50=72,981    p75=104,596   p90=131,107   p99=238,966 (tokens)
                           osl  p50=484       p75=951       p90=1,468     p99=6,101 (tokens)
                           tot  in=14,664,675     out=151,696
                           trace theoretical_prefix_cache_hit=91.8%
                           srv  prefix_cache_hit=0.0% unique_in_srv=5,187,491,076 ext_cache_hit=79.6% kv_usage=97.7% queue=5r/11w tput_in_srv=20,860/s tput_out_srv=215/s
2026-06-02 22:26:33.899 - records_manager - INFO - [realtime 10:21 profiling] rps=0.3 (avg 0.3) tput_in=25062/s tput_out=259/s done=205 ok=205 err=0
                           ttft p50=38695ms p75=44905ms p95=55387ms p99=58439ms
                           itl  p50=14ms   p75=17ms   p95=28ms   p99=45ms
                           e2e  p50=48051ms p75=57007ms p95=86662ms p99=110566ms
                           intvty p50=71     p75=81     p95=96     p99=102 (1/tpot tok/s)
                           isl  p50=73,503    p75=104,596   p90=132,616   p99=238,723 (tokens)
                           osl  p50=488       p75=950       p90=1,639     p99=6,075 (tokens)
                           tot  in=15,484,258     out=159,992
                           trace theoretical_prefix_cache_hit=92.2%
                           srv  prefix_cache_hit=0.0% unique_in_srv=5,452,333,097 ext_cache_hit=79.8% kv_usage=68.1% queue=3r/13w tput_in_srv=20,929/s tput_out_srv=217/s
2026-06-02 22:27:04.307 - records_manager - INFO - [realtime 10:52 profiling] rps=0.2 (avg 0.3) tput_in=24559/s tput_out=259/s done=210 ok=210 err=0
                           ttft p50=38682ms p75=44999ms p95=55449ms p99=58421ms
                           itl  p50=14ms   p75=17ms   p95=28ms   p99=45ms
                           e2e  p50=48527ms p75=57248ms p95=84272ms p99=110342ms
                           intvty p50=71     p75=82     p95=97     p99=103 (1/tpot tok/s)
                           isl  p50=73,487    p75=104,727   p90=131,938   p99=238,601 (tokens)
                           osl  p50=490       p75=957       p90=1,789     p99=5,997 (tokens)
                           tot  in=15,862,309     out=167,272
                           trace theoretical_prefix_cache_hit=92.2%
                           srv  prefix_cache_hit=0.0% unique_in_srv=5,885,860,187 ext_cache_hit=80.0% kv_usage=89.6% queue=4r/13w tput_in_srv=20,743/s tput_out_srv=217/s
2026-06-02 22:27:13.652 - AgenticReplayTiming - INFO - Terminating trajectory 01fece675b92efe07620225cd69c3884f774 early at turn 28/36: context-overflow error from server
2026-06-02 22:27:34.680 - records_manager - INFO - [realtime 11:22 profiling] rps=0.3 (avg 0.3) tput_in=24484/s tput_out=257/s done=218 ok=218 err=0
                           ttft p50=39427ms p75=45438ms p95=55988ms p99=61735ms
                           itl  p50=14ms   p75=17ms   p95=28ms   p99=45ms
                           e2e  p50=48927ms p75=58333ms p95=86831ms p99=110029ms
                           intvty p50=71     p75=83     p95=97     p99=103 (1/tpot tok/s)
                           isl  p50=73,803    p75=111,257   p90=133,852   p99=238,430 (tokens)
                           osl  p50=518       p75=977       p90=1,850     p99=5,889 (tokens)
                           tot  in=16,598,597     out=174,353
                           trace theoretical_prefix_cache_hit=92.4%
                           srv  prefix_cache_hit=0.0% unique_in_srv=6,192,143,371 ext_cache_hit=80.6% kv_usage=88.9% queue=2r/15w tput_in_srv=20,860/s tput_out_srv=216/s
2026-06-02 22:28:05.075 - records_manager - INFO - [realtime 11:52 profiling] rps=0.2 (avg 0.3) tput_in=24380/s tput_out=252/s done=223 ok=223 err=0
                           ttft p50=39928ms p75=46081ms p95=57388ms p99=65428ms
                           itl  p50=14ms   p75=17ms   p95=28ms   p99=48ms
                           e2e  p50=49181ms p75=58590ms p95=87108ms p99=109806ms
                           intvty p50=71     p75=83     p95=97     p99=103 (1/tpot tok/s)
                           isl  p50=73,914    p75=112,155   p90=136,931   p99=240,961 (tokens)
                           osl  p50=536       p75=978       p90=1,749     p99=5,811 (tokens)
                           tot  in=17,196,181     out=177,742
                           trace theoretical_prefix_cache_hit=92.6%
                           srv  prefix_cache_hit=0.0% unique_in_srv=6,360,643,450 ext_cache_hit=80.6% kv_usage=85.5% queue=5r/13w tput_in_srv=20,801/s tput_out_srv=217/s
2026-06-02 22:28:35.501 - records_manager - INFO - [realtime 12:23 profiling] rps=0.1 (avg 0.3) tput_in=23492/s tput_out=252/s done=227 ok=227 err=0
                           ttft p50=40221ms p75=46168ms p95=58666ms p99=68208ms
                           itl  p50=14ms   p75=17ms   p95=28ms   p99=48ms
                           e2e  p50=49402ms p75=58978ms p95=87716ms p99=110417ms
                           intvty p50=71     p75=83     p95=97     p99=103 (1/tpot tok/s)
                           isl  p50=73,653    p75=112,155   p90=136,242   p99=240,853 (tokens)
                           osl  p50=558       p75=984       p90=2,019     p99=5,749 (tokens)
                           tot  in=17,421,909     out=186,629
                           trace theoretical_prefix_cache_hit=92.6%
                           srv  prefix_cache_hit=0.0% unique_in_srv=6,618,018,865 ext_cache_hit=80.6% kv_usage=73.0% queue=3r/13w tput_in_srv=20,140/s tput_out_srv=222/s
2026-06-02 22:29:05.904 - records_manager - INFO - [realtime 12:53 profiling] rps=0.2 (avg 0.3) tput_in=23447/s tput_out=256/s done=232 ok=232 err=0
                           ttft p50=40613ms p75=46819ms p95=63242ms p99=79869ms
                           itl  p50=14ms   p75=17ms   p95=28ms   p99=47ms
                           e2e  p50=49928ms p75=59821ms p95=90217ms p99=122533ms
                           intvty p50=72     p75=83     p95=97     p99=103 (1/tpot tok/s)
                           isl  p50=73,503    p75=111,856   p90=135,086   p99=240,718 (tokens)
                           osl  p50=582       p75=984       p90=2,034     p99=5,680 (tokens)
                           tot  in=17,771,935     out=193,946
                           trace theoretical_prefix_cache_hit=92.7%
                           srv  prefix_cache_hit=0.0% unique_in_srv=6,902,088,728 ext_cache_hit=80.8% kv_usage=72.9% queue=3r/14w tput_in_srv=20,045/s tput_out_srv=224/s
2026-06-02 22:29:36.383 - records_manager - INFO - [realtime 13:24 profiling] rps=0.2 (avg 0.3) tput_in=23115/s tput_out=250/s done=238 ok=238 err=0
                           ttft p50=40940ms p75=48054ms p95=74297ms p99=91295ms
                           itl  p50=14ms   p75=16ms   p95=28ms   p99=47ms
                           e2e  p50=50939ms p75=61257ms p95=93183ms p99=121563ms
                           intvty p50=72     p75=83     p95=98     p99=103 (1/tpot tok/s)
                           isl  p50=73,503    p75=112,454   p90=136,011   p99=240,556 (tokens)
                           osl  p50=582       p75=983       p90=2,004     p99=5,589 (tokens)
                           tot  in=18,240,117     out=197,447
                           trace theoretical_prefix_cache_hit=92.9%
                           srv  prefix_cache_hit=0.0% unique_in_srv=7,342,902,147 ext_cache_hit=80.9% kv_usage=64.2% queue=3r/16w tput_in_srv=19,866/s tput_out_srv=226/s
2026-06-02 22:30:06.825 - records_manager - INFO - [realtime 13:54 profiling] rps=0.1 (avg 0.3) tput_in=22605/s tput_out=244/s done=241 ok=241 err=0
                           ttft p50=41073ms p75=48765ms p95=75884ms p99=91077ms
                           itl  p50=14ms   p75=16ms   p95=28ms   p99=47ms
                           e2e  p50=50987ms p75=61894ms p95=95181ms p99=121078ms
                           intvty p50=72     p75=84     p95=98     p99=103 (1/tpot tok/s)
                           isl  p50=73,653    p75=112,454   p90=137,237   p99=240,475 (tokens)
                           osl  p50=572       p75=984       p90=2,034     p99=5,543 (tokens)
                           tot  in=18,594,283     out=200,402
                           trace theoretical_prefix_cache_hit=92.8%
                           srv  prefix_cache_hit=0.0% unique_in_srv=7,671,633,933 ext_cache_hit=81.0% kv_usage=99.3% queue=3r/16w tput_in_srv=19,773/s tput_out_srv=225/s
2026-06-02 22:30:37.308 - records_manager - INFO - [realtime 14:25 profiling] rps=0.2 (avg 0.3) tput_in=22025/s tput_out=249/s done=246 ok=246 err=0
                           ttft p50=41117ms p75=50439ms p95=78883ms p99=90714ms
                           itl  p50=14ms   p75=16ms   p95=28ms   p99=47ms
                           e2e  p50=51431ms p75=63132ms p95=98819ms p99=128051ms
                           intvty p50=73     p75=84     p95=98     p99=103 (1/tpot tok/s)
                           isl  p50=73,471    p75=112,454   p90=138,001   p99=243,306 (tokens)
                           osl  p50=582       p75=985       p90=2,036     p99=6,248 (tokens)
                           tot  in=19,015,492     out=215,285
                           trace theoretical_prefix_cache_hit=92.8%
                           srv  prefix_cache_hit=0.0% unique_in_srv=7,759,967,278 ext_cache_hit=81.0% kv_usage=89.2% queue=4r/13w tput_in_srv=19,517/s tput_out_srv=228/s
2026-06-02 22:31:07.784 - records_manager - INFO - [realtime 14:55 profiling] rps=0.2 (avg 0.3) tput_in=21872/s tput_out=265/s done=253 ok=253 err=0
                           ttft p50=41563ms p75=51629ms p95=82565ms p99=93723ms
                           itl  p50=14ms   p75=16ms   p95=28ms   p99=47ms
                           e2e  p50=51748ms p75=64725ms p95=106445ms p99=138589ms
                           intvty p50=73     p75=83     p95=98     p99=103 (1/tpot tok/s)
                           isl  p50=72,981    p75=112,454   p90=136,931   p99=243,086 (tokens)
                           osl  p50=596       p75=1,010     p90=2,104     p99=6,945 (tokens)
                           tot  in=19,548,529     out=237,278
                           trace theoretical_prefix_cache_hit=92.9%
                           srv  prefix_cache_hit=0.0% unique_in_srv=8,016,458,855 ext_cache_hit=81.2% kv_usage=80.2% queue=3r/11w tput_in_srv=19,427/s tput_out_srv=231/s
2026-06-02 22:31:38.313 - records_manager - INFO - [realtime 15:26 profiling] rps=0.2 (avg 0.3) tput_in=21812/s tput_out=264/s done=259 ok=259 err=0
                           ttft p50=42109ms p75=52138ms p95=84973ms p99=101652ms
                           itl  p50=14ms   p75=16ms   p95=28ms   p99=51ms
                           e2e  p50=52327ms p75=65688ms p95=109920ms p99=138065ms
                           intvty p50=73     p75=84     p95=98     p99=103 (1/tpot tok/s)
                           isl  p50=72,981    p75=112,454   p90=137,543   p99=242,897 (tokens)
                           osl  p50=596       p75=1,024     p90=2,075     p99=6,880 (tokens)
                           tot  in=20,110,313     out=243,445
                           trace theoretical_prefix_cache_hit=92.9%
                           srv  prefix_cache_hit=0.0% unique_in_srv=8,374,664,925 ext_cache_hit=81.1% kv_usage=46.4% queue=2r/12w tput_in_srv=19,333/s tput_out_srv=231/s
2026-06-02 22:32:08.868 - records_manager - INFO - [realtime 15:56 profiling] rps=0.1 (avg 0.3) tput_in=21700/s tput_out=260/s done=263 ok=263 err=0
                           ttft p50=42209ms p75=53611ms p95=85787ms p99=105279ms
                           itl  p50=14ms   p75=16ms   p95=28ms   p99=51ms
                           e2e  p50=52843ms p75=66127ms p95=110114ms p99=137715ms
                           intvty p50=74     p75=85     p95=98     p99=103 (1/tpot tok/s)
                           isl  p50=73,487    p75=112,454   p90=138,025   p99=245,973 (tokens)
                           osl  p50=612       p75=1,024     p90=2,071     p99=6,836 (tokens)
                           tot  in=20,616,530     out=246,904
                           trace theoretical_prefix_cache_hit=93.1%
                           srv  prefix_cache_hit=0.0% unique_in_srv=8,669,187,472 ext_cache_hit=81.5% kv_usage=87.6% queue=4r/11w tput_in_srv=19,410/s tput_out_srv=229/s
2026-06-02 22:32:39.381 - records_manager - INFO - [realtime 16:27 profiling] rps=0.2 (avg 0.3) tput_in=21480/s tput_out=260/s done=270 ok=270 err=0
                           ttft p50=42494ms p75=55238ms p95=85566ms p99=105252ms
                           itl  p50=13ms   p75=16ms   p95=28ms   p99=50ms
                           e2e  p50=53269ms p75=67944ms p95=109999ms p99=137103ms
                           intvty p50=74     p75=86     p95=98     p99=104 (1/tpot tok/s)
                           isl  p50=72,491    p75=112,454   p90=137,390   p99=245,744 (tokens)
                           osl  p50=619       p75=1,035     p90=2,074     p99=6,759 (tokens)
                           tot  in=21,132,607     out=255,444
                           trace theoretical_prefix_cache_hit=93.1%
                           srv  prefix_cache_hit=0.0% unique_in_srv=8,960,632,733 ext_cache_hit=81.7% kv_usage=93.0% queue=2r/14w tput_in_srv=19,212/s tput_out_srv=230/s
2026-06-02 22:33:09.960 - records_manager - INFO - [realtime 16:57 profiling] rps=0.3 (avg 0.3) tput_in=21719/s tput_out=260/s done=279 ok=279 err=0
                           ttft p50=42755ms p75=55662ms p95=85292ms p99=105217ms
                           itl  p50=13ms   p75=16ms   p95=28ms   p99=55ms
                           e2e  p50=53911ms p75=71073ms p95=110221ms p99=136316ms
                           intvty p50=74     p75=87     p95=98     p99=105 (1/tpot tok/s)
                           isl  p50=72,981    p75=112,454   p90=138,057   p99=245,449 (tokens)
                           osl  p50=596       p75=1,024     p90=2,075     p99=6,660 (tokens)
                           tot  in=21,966,480     out=262,596
                           trace theoretical_prefix_cache_hit=93.3%
                           srv  prefix_cache_hit=0.0% unique_in_srv=9,241,009,741 ext_cache_hit=82.0% kv_usage=94.0% queue=3r/13w tput_in_srv=19,364/s tput_out_srv=230/s
2026-06-02 22:33:40.545 - records_manager - INFO - [realtime 17:28 profiling] rps=0.1 (avg 0.3) tput_in=21422/s tput_out=255/s done=283 ok=283 err=0
                           ttft p50=42989ms p75=55692ms p95=85170ms p99=105201ms
                           itl  p50=13ms   p75=16ms   p95=28ms   p99=55ms
                           e2e  p50=54535ms p75=71073ms p95=110114ms p99=135967ms
                           intvty p50=74     p75=86     p95=98     p99=105 (1/tpot tok/s)
                           isl  p50=70,937    p75=112,454   p90=138,174   p99=248,344 (tokens)
                           osl  p50=596       p75=1,026     p90=2,104     p99=6,616 (tokens)
                           tot  in=22,337,053     out=266,203
                           trace theoretical_prefix_cache_hit=93.3%
                           srv  prefix_cache_hit=0.0% unique_in_srv=9,371,063,458 ext_cache_hit=81.6% kv_usage=97.6% queue=4r/14w tput_in_srv=19,397/s tput_out_srv=229/s
2026-06-02 22:34:11.165 - records_manager - INFO - [realtime 17:59 profiling] rps=0.3 (avg 0.3) tput_in=21640/s tput_out=256/s done=293 ok=293 err=0
                           ttft p50=43715ms p75=57348ms p95=85022ms p99=105162ms
                           itl  p50=13ms   p75=16ms   p95=28ms   p99=55ms
                           e2e  p50=55269ms p75=72872ms p95=110380ms p99=135092ms
                           intvty p50=75     p75=87     p95=98     p99=105 (1/tpot tok/s)
                           isl  p50=72,981    p75=112,454   p90=138,489   p99=248,125 (tokens)
                           osl  p50=584       p75=1,028     p90=2,104     p99=6,506 (tokens)
                           tot  in=23,309,254     out=275,635
                           trace theoretical_prefix_cache_hit=93.3%
                           srv  prefix_cache_hit=0.0% unique_in_srv=9,575,839,297 ext_cache_hit=81.8% kv_usage=93.1% queue=2r/9w tput_in_srv=19,475/s tput_out_srv=229/s
2026-06-02 22:34:41.855 - records_manager - INFO - [realtime 18:29 profiling] rps=0.2 (avg 0.3) tput_in=21703/s tput_out=256/s done=300 ok=300 err=0
                           ttft p50=43783ms p75=57849ms p95=84965ms p99=105135ms
                           itl  p50=13ms   p75=16ms   p95=28ms   p99=55ms
                           e2e  p50=55288ms p75=72431ms p95=110194ms p99=134480ms
                           intvty p50=75     p75=87     p95=98     p99=105 (1/tpot tok/s)
                           isl  p50=70,605    p75=112,454   p90=138,267   p99=247,972 (tokens)
                           osl  p50=582       p75=1,025     p90=2,131     p99=6,429 (tokens)
                           tot  in=23,789,043     out=280,369
                           trace theoretical_prefix_cache_hit=93.4%
                           srv  prefix_cache_hit=0.0% unique_in_srv=10,195,338,363 ext_cache_hit=82.0% kv_usage=52.1% queue=1r/12w tput_in_srv=19,446/s tput_out_srv=228/s
2026-06-02 22:35:12.496 - records_manager - INFO - [realtime 19:00 profiling] rps=0.1 (avg 0.3) tput_in=21458/s tput_out=251/s done=304 ok=304 err=0
                           ttft p50=43888ms p75=58000ms p95=84932ms p99=105120ms
                           itl  p50=13ms   p75=16ms   p95=28ms   p99=54ms
                           e2e  p50=55554ms p75=72881ms p95=110088ms p99=134131ms
                           intvty p50=75     p75=87     p95=98     p99=105 (1/tpot tok/s)
                           isl  p50=70,605    p75=112,454   p90=138,822   p99=250,091 (tokens)
                           osl  p50=582       p75=1,030     p90=2,180     p99=6,385 (tokens)
                           tot  in=24,388,059     out=285,832
                           trace theoretical_prefix_cache_hit=93.5%
                           srv  prefix_cache_hit=0.0% unique_in_srv=10,644,319,752 ext_cache_hit=82.1% kv_usage=91.4% queue=3r/13w tput_in_srv=19,559/s tput_out_srv=225/s
2026-06-02 22:35:43.207 - records_manager - INFO - [realtime 19:31 profiling] rps=0.3 (avg 0.3) tput_in=21644/s tput_out=251/s done=314 ok=314 err=0
                           ttft p50=44146ms p75=57769ms p95=84271ms p99=104590ms
                           itl  p50=13ms   p75=16ms   p95=27ms   p99=54ms
                           e2e  p50=55554ms p75=72000ms p95=109964ms p99=133554ms
                           intvty p50=75     p75=87     p95=98     p99=105 (1/tpot tok/s)
                           isl  p50=70,605    p75=112,454   p90=139,331   p99=249,851 (tokens)
                           osl  p50=563       p75=1,026     p90=2,095     p99=6,340 (tokens)
                           tot  in=25,248,499     out=292,856
                           trace theoretical_prefix_cache_hit=93.6%
                           srv  prefix_cache_hit=0.0% unique_in_srv=10,875,498,861 ext_cache_hit=82.5% kv_usage=90.9% queue=4r/12w tput_in_srv=19,758/s tput_out_srv=227/s
2026-06-02 22:36:13.936 - records_manager - INFO - [realtime 20:01 profiling] rps=0.3 (avg 0.3) tput_in=21595/s tput_out=249/s done=322 ok=322 err=0
                           ttft p50=44456ms p75=57267ms p95=83627ms p99=104067ms
                           itl  p50=13ms   p75=16ms   p95=27ms   p99=53ms
                           e2e  p50=55288ms p75=71644ms p95=109893ms p99=133151ms
                           intvty p50=76     p75=87     p95=98     p99=105 (1/tpot tok/s)
                           isl  p50=70,611    p75=112,454   p90=138,927   p99=249,676 (tokens)
                           osl  p50=554       p75=1,035     p90=2,072     p99=6,317 (tokens)
                           tot  in=25,892,072     out=298,640
                           trace theoretical_prefix_cache_hit=93.7%
                           srv  prefix_cache_hit=0.0% unique_in_srv=11,119,978,154 ext_cache_hit=82.7% kv_usage=88.8% queue=4r/10w tput_in_srv=19,777/s tput_out_srv=228/s
2026-06-02 22:36:44.634 - records_manager - INFO - [realtime 20:32 profiling] rps=0.0 (avg 0.3) tput_in=21259/s tput_out=246/s done=323 ok=323 err=0
                           ttft p50=44527ms p75=57157ms p95=83546ms p99=104002ms
                           itl  p50=13ms   p75=16ms   p95=27ms   p99=53ms
                           e2e  p50=55421ms p75=71603ms p95=109884ms p99=133101ms
                           intvty p50=76     p75=87     p95=98     p99=105 (1/tpot tok/s)
                           isl  p50=70,608    p75=112,454   p90=138,875   p99=249,655 (tokens)
                           osl  p50=558       p75=1,062     p90=2,071     p99=6,314 (tokens)
                           tot  in=25,921,028     out=300,430
                           trace theoretical_prefix_cache_hit=93.7%
                           srv  prefix_cache_hit=0.0% unique_in_srv=11,551,111,190 ext_cache_hit=82.7% kv_usage=83.9% queue=3r/15w tput_in_srv=19,359/s tput_out_srv=229/s
2026-06-02 22:37:15.369 - records_manager - INFO - [realtime 21:03 profiling] rps=0.0 (avg 0.3) tput_in=20873/s tput_out=248/s done=324 ok=324 err=0
                           ttft p50=44599ms p75=57047ms p95=83465ms p99=103937ms
                           itl  p50=13ms   p75=16ms   p95=27ms   p99=53ms
                           e2e  p50=55554ms p75=71671ms p95=110088ms p99=141125ms
                           intvty p50=76     p75=87     p95=98     p99=105 (1/tpot tok/s)
                           isl  p50=70,605    p75=112,454   p90=138,822   p99=249,633 (tokens)
                           osl  p50=563       p75=1,078     p90=2,095     p99=7,264 (tokens)
                           tot  in=25,973,057     out=308,566
                           trace theoretical_prefix_cache_hit=93.7%
                           srv  prefix_cache_hit=0.0% unique_in_srv=12,030,899,748 ext_cache_hit=82.7% kv_usage=71.7% queue=2r/17w tput_in_srv=18,959/s tput_out_srv=230/s
2026-06-02 22:37:46.102 - records_manager - INFO - [realtime 21:33 profiling] rps=0.0 (avg 0.2) tput_in=20404/s tput_out=247/s done=325 ok=325 err=0
                           ttft p50=44605ms p75=56937ms p95=83385ms p99=103871ms
                           itl  p50=13ms   p75=16ms   p95=27ms   p99=53ms
                           e2e  p50=55650ms p75=71773ms p95=110768ms p99=144096ms
                           intvty p50=76     p75=87     p95=98     p99=105 (1/tpot tok/s)
                           isl  p50=70,608    p75=112,454   p90=139,285   p99=249,611 (tokens)
                           osl  p50=572       p75=1,088     p90=2,173     p99=8,008 (tokens)
                           tot  in=26,201,797     out=317,408
                           trace theoretical_prefix_cache_hit=93.7%
                           srv  prefix_cache_hit=0.0% unique_in_srv=12,489,445,518 ext_cache_hit=82.7% kv_usage=97.0% queue=4r/14w tput_in_srv=18,801/s tput_out_srv=229/s
2026-06-02 22:38:16.838 - records_manager - INFO - [realtime 22:04 profiling] rps=0.1 (avg 0.2) tput_in=20470/s tput_out=246/s done=327 ok=327 err=0
                           ttft p50=44694ms p75=57510ms p95=85071ms p99=106453ms
                           itl  p50=13ms   p75=16ms   p95=27ms   p99=53ms
                           e2e  p50=55758ms p75=72647ms p95=114918ms p99=144061ms
                           intvty p50=76     p75=87     p95=98     p99=105 (1/tpot tok/s)
                           isl  p50=71,551    p75=112,454   p90=139,649   p99=249,567 (tokens)
                           osl  p50=558       p75=1,081     p90=2,158     p99=7,994 (tokens)
                           tot  in=26,481,321     out=318,112
                           trace theoretical_prefix_cache_hit=93.8%
                           srv  prefix_cache_hit=0.0% unique_in_srv=12,569,198,630 ext_cache_hit=82.0% kv_usage=91.8% queue=3r/15w tput_in_srv=18,593/s tput_out_srv=225/s
2026-06-02 22:38:47.578 - AgenticReplayTiming - INFO - Terminating trajectory 0b1cf5ad73920121aa53e1acb0851a8ecf32 early at turn 54/84: context-overflow error from server
2026-06-02 22:38:47.631 - records_manager - INFO - [realtime 22:35 profiling] rps=0.3 (avg 0.2) tput_in=20344/s tput_out=240/s done=337 ok=337 err=0
                           ttft p50=45053ms p75=58606ms p95=98578ms p99=143329ms
                           itl  p50=13ms   p75=16ms   p95=27ms   p99=52ms
                           e2e  p50=56305ms p75=74500ms p95=135840ms p99=163807ms
                           intvty p50=76     p75=87     p95=98     p99=105 (1/tpot tok/s)
                           isl  p50=71,551    p75=112,454   p90=139,649   p99=252,284 (tokens)
                           osl  p50=536       p75=1,074     p90=2,076     p99=7,927 (tokens)
                           tot  in=27,454,687     out=324,096
                           trace theoretical_prefix_cache_hit=93.9%
                           srv  prefix_cache_hit=0.0% unique_in_srv=12,757,192,144 ext_cache_hit=82.3% kv_usage=95.1% queue=4r/10w tput_in_srv=18,856/s tput_out_srv=226/s
2026-06-02 22:39:18.448 - records_manager - INFO - [realtime 23:06 profiling] rps=0.2 (avg 0.2) tput_in=20243/s tput_out=246/s done=344 ok=344 err=0
                           ttft p50=45216ms p75=59319ms p95=105170ms p99=143300ms
                           itl  p50=13ms   p75=16ms   p95=27ms   p99=52ms
                           e2e  p50=56594ms p75=75600ms p95=138988ms p99=172343ms
                           intvty p50=76     p75=87     p95=98     p99=105 (1/tpot tok/s)
                           isl  p50=70,956    p75=112,454   p90=140,139   p99=252,088 (tokens)
                           osl  p50=536       p75=1,081     p90=2,104     p99=8,581 (tokens)
                           tot  in=27,929,696     out=339,659
                           trace theoretical_prefix_cache_hit=94.0%
                           srv  prefix_cache_hit=0.0% unique_in_srv=12,978,197,404 ext_cache_hit=82.3% kv_usage=89.8% queue=4r/13w tput_in_srv=18,778/s tput_out_srv=227/s
2026-06-02 22:39:49.259 - records_manager - INFO - [realtime 23:37 profiling] rps=0.1 (avg 0.2) tput_in=20197/s tput_out=246/s done=348 ok=348 err=0
                           ttft p50=45259ms p75=59319ms p95=105481ms p99=143281ms
                           itl  p50=13ms   p75=16ms   p95=27ms   p99=52ms
                           e2e  p50=56446ms p75=75600ms p95=139537ms p99=171871ms
                           intvty p50=76     p75=87     p95=98     p99=105 (1/tpot tok/s)
                           isl  p50=70,956    p75=112,454   p90=139,649   p99=251,957 (tokens)
                           osl  p50=536       p75=1,081     p90=2,158     p99=8,553 (tokens)
                           tot  in=28,184,935     out=343,528
                           trace theoretical_prefix_cache_hit=94.0%
                           srv  prefix_cache_hit=0.0% unique_in_srv=13,588,362,313 ext_cache_hit=82.4% kv_usage=55.0% queue=2r/15w tput_in_srv=18,487/s tput_out_srv=228/s
2026-06-02 22:40:20.041 - records_manager - INFO - [realtime 24:07 profiling] rps=0.1 (avg 0.2) tput_in=19667/s tput_out=247/s done=350 ok=350 err=0
                           ttft p50=45264ms p75=60666ms p95=106526ms p99=143272ms
                           itl  p50=13ms   p75=16ms   p95=27ms   p99=52ms
                           e2e  p50=56594ms p75=76382ms p95=142377ms p99=188569ms
                           intvty p50=76     p75=87     p95=98     p99=105 (1/tpot tok/s)
                           isl  p50=70,956    p75=112,454   p90=140,731   p99=251,892 (tokens)
                           osl  p50=558       p75=1,098     p90=2,290     p99=8,538 (tokens)
                           tot  in=28,414,429     out=356,485
                           trace theoretical_prefix_cache_hit=94.0%
                           srv  prefix_cache_hit=0.0% unique_in_srv=13,966,798,975 ext_cache_hit=82.4% kv_usage=77.1% queue=2r/15w tput_in_srv=18,344/s tput_out_srv=227/s
2026-06-02 22:40:50.880 - records_manager - INFO - [realtime 24:38 profiling] rps=0.2 (avg 0.2) tput_in=19598/s tput_out=244/s done=356 ok=356 err=0
                           ttft p50=45512ms p75=62233ms p95=107109ms p99=143243ms
                           itl  p50=13ms   p75=16ms   p95=26ms   p99=51ms
                           e2e  p50=57064ms p75=78440ms p95=141736ms p99=187320ms
                           intvty p50=76     p75=87     p95=99     p99=105 (1/tpot tok/s)
                           isl  p50=71,764    p75=112,454   p90=139,842   p99=251,695 (tokens)
                           osl  p50=560       p75=1,094     p90=2,239     p99=8,496 (tokens)
                           tot  in=28,899,830     out=359,907
                           trace theoretical_prefix_cache_hit=94.1%
                           srv  prefix_cache_hit=0.0% unique_in_srv=14,307,256,693 ext_cache_hit=82.7% kv_usage=87.9% queue=2r/14w tput_in_srv=18,324/s tput_out_srv=226/s
2026-06-02 22:41:21.719 - records_manager - INFO - [realtime 25:09 profiling] rps=0.2 (avg 0.2) tput_in=19617/s tput_out=245/s done=362 ok=362 err=0
                           ttft p50=46029ms p75=63020ms p95=110541ms p99=143215ms
                           itl  p50=13ms   p75=16ms   p95=26ms   p99=51ms
                           e2e  p50=57513ms p75=82266ms p95=141094ms p99=186071ms
                           intvty p50=76     p75=87     p95=99     p99=105 (1/tpot tok/s)
                           isl  p50=71,880    p75=112,503   p90=141,362   p99=251,499 (tokens)
                           osl  p50=560       p75=1,099     p90=2,354     p99=8,454 (tokens)
                           tot  in=29,563,406     out=369,668
                           trace theoretical_prefix_cache_hit=94.2%
                           srv  prefix_cache_hit=0.0% unique_in_srv=14,442,409,121 ext_cache_hit=82.8% kv_usage=99.1% queue=5r/11w tput_in_srv=18,354/s tput_out_srv=226/s
2026-06-02 22:41:52.626 - records_manager - INFO - [realtime 25:40 profiling] rps=0.2 (avg 0.2) tput_in=19733/s tput_out=245/s done=369 ok=369 err=0
                           ttft p50=46124ms p75=63462ms p95=114511ms p99=143182ms
                           itl  p50=13ms   p75=16ms   p95=26ms   p99=51ms
                           e2e  p50=57370ms p75=82714ms p95=140547ms p99=184615ms
                           intvty p50=76     p75=87     p95=99     p99=105 (1/tpot tok/s)
                           isl  p50=70,877    p75=112,454   p90=140,880   p99=251,270 (tokens)
                           osl  p50=518       p75=1,091     p90=2,299     p99=8,404 (tokens)
                           tot  in=29,965,006     out=371,893
                           trace theoretical_prefix_cache_hit=93.8%
                           srv  prefix_cache_hit=0.0% unique_in_srv=14,889,968,872 ext_cache_hit=82.7% kv_usage=61.1% queue=3r/13w tput_in_srv=18,219/s tput_out_srv=227/s
2026-06-02 22:42:23.512 - records_manager - INFO - [realtime 26:11 profiling] rps=0.2 (avg 0.2) tput_in=19536/s tput_out=245/s done=376 ok=376 err=0
                           ttft p50=46396ms p75=64505ms p95=112373ms p99=143149ms
                           itl  p50=13ms   p75=16ms   p95=25ms   p99=50ms
                           e2e  p50=58264ms p75=83342ms p95=141736ms p99=183158ms
                           intvty p50=76     p75=87     p95=100    p99=105 (1/tpot tok/s)
                           isl  p50=71,880    p75=112,454   p90=141,213   p99=251,041 (tokens)
                           osl  p50=560       p75=1,101     p90=2,412     p99=8,355 (tokens)
                           tot  in=30,630,350     out=384,312
                           trace theoretical_prefix_cache_hit=93.9%
                           srv  prefix_cache_hit=0.0% unique_in_srv=15,038,286,978 ext_cache_hit=82.8% kv_usage=97.3% queue=4r/11w tput_in_srv=18,292/s tput_out_srv=226/s
2026-06-02 22:42:54.456 - records_manager - INFO - [realtime 26:42 profiling] rps=0.4 (avg 0.2) tput_in=19715/s tput_out=244/s done=387 ok=387 err=0
                           ttft p50=46810ms p75=64413ms p95=109015ms p99=143097ms
                           itl  p50=13ms   p75=15ms   p95=25ms   p99=49ms
                           e2e  p50=58333ms p75=83078ms p95=140560ms p99=180869ms
                           intvty p50=76     p75=87     p95=100    p99=105 (1/tpot tok/s)
                           isl  p50=71,270    p75=112,454   p90=141,176   p99=250,681 (tokens)
                           osl  p50=554       p75=1,098     p90=2,393     p99=8,277 (tokens)
                           tot  in=31,521,111     out=389,805
                           trace theoretical_prefix_cache_hit=93.9%
                           srv  prefix_cache_hit=0.0% unique_in_srv=15,215,571,619 ext_cache_hit=82.9% kv_usage=88.9% queue=3r/14w tput_in_srv=18,526/s tput_out_srv=225/s
2026-06-02 22:43:25.329 - records_manager - INFO - [realtime 27:13 profiling] rps=0.2 (avg 0.2) tput_in=19703/s tput_out=242/s done=394 ok=394 err=0
                           ttft p50=46556ms p75=63858ms p95=108462ms p99=143063ms
                           itl  p50=13ms   p75=15ms   p95=25ms   p99=49ms
                           e2e  p50=57953ms p75=82266ms p95=140516ms p99=179412ms
                           intvty p50=77     p75=87     p95=100    p99=106 (1/tpot tok/s)
                           isl  p50=71,274    p75=112,454   p90=141,287   p99=250,451 (tokens)
                           osl  p50=556       p75=1,091     p90=2,398     p99=8,228 (tokens)
                           tot  in=32,140,439     out=395,403
                           trace theoretical_prefix_cache_hit=94.0%
                           srv  prefix_cache_hit=0.0% unique_in_srv=15,376,870,667 ext_cache_hit=82.8% kv_usage=93.5% queue=2r/16w tput_in_srv=18,440/s tput_out_srv=224/s
2026-06-02 22:43:56.327 - records_manager - INFO - [realtime 27:44 profiling] rps=0.3 (avg 0.2) tput_in=19827/s tput_out=241/s done=402 ok=402 err=0
                           ttft p50=47051ms p75=63020ms p95=107832ms p99=143026ms
                           itl  p50=13ms   p75=15ms   p95=24ms   p99=49ms
                           e2e  p50=58264ms p75=80382ms p95=140466ms p99=177747ms
                           intvty p50=77     p75=87     p95=100    p99=105 (1/tpot tok/s)
                           isl  p50=71,884    p75=112,454   p90=141,362   p99=250,190 (tokens)
                           osl  p50=556       p75=1,074     p90=2,354     p99=8,171 (tokens)
                           tot  in=32,917,228     out=400,031
                           trace theoretical_prefix_cache_hit=94.1%
                           srv  prefix_cache_hit=0.0% unique_in_srv=15,553,293,063 ext_cache_hit=83.0% kv_usage=89.1% queue=5r/11w tput_in_srv=18,617/s tput_out_srv=225/s
2026-06-02 22:44:27.358 - records_manager - INFO - [realtime 28:15 profiling] rps=0.3 (avg 0.2) tput_in=19780/s tput_out=242/s done=410 ok=410 err=0
                           ttft p50=47514ms p75=62616ms p95=107404ms p99=142920ms
                           itl  p50=13ms   p75=15ms   p95=24ms   p99=48ms
                           e2e  p50=58317ms p75=80314ms p95=140305ms p99=176353ms
                           intvty p50=77     p75=87     p95=100    p99=105 (1/tpot tok/s)
                           isl  p50=71,884    p75=112,454   p90=140,731   p99=249,960 (tokens)
                           osl  p50=565       p75=1,091     p90=2,290     p99=8,116 (tokens)
                           tot  in=33,465,459     out=409,261
                           trace theoretical_prefix_cache_hit=94.1%
                           srv  prefix_cache_hit=0.0% unique_in_srv=16,022,117,830 ext_cache_hit=83.1% kv_usage=52.1% queue=2r/16w tput_in_srv=18,556/s tput_out_srv=227/s
2026-06-02 22:44:58.395 - records_manager - INFO - [realtime 28:46 profiling] rps=0.0 (avg 0.2) tput_in=19549/s tput_out=241/s done=411 ok=411 err=0
                           ttft p50=47810ms p75=62524ms p95=107393ms p99=142893ms
                           itl  p50=13ms   p75=15ms   p95=24ms   p99=48ms
                           e2e  p50=58333ms p75=80683ms p95=140262ms p99=176235ms
                           intvty p50=77     p75=87     p95=100    p99=105 (1/tpot tok/s)
                           isl  p50=72,491    p75=112,454   p90=141,399   p99=249,939 (tokens)
                           osl  p50=567       p75=1,098     p90=2,362     p99=8,109 (tokens)
                           tot  in=33,612,476     out=414,482
                           trace theoretical_prefix_cache_hit=94.1%
                           srv  prefix_cache_hit=0.0% unique_in_srv=16,735,589,341 ext_cache_hit=83.2% kv_usage=93.1% queue=1r/17w tput_in_srv=18,260/s tput_out_srv=226/s
2026-06-02 22:45:29.466 - records_manager - INFO - [realtime 29:17 profiling] rps=0.0 (avg 0.2) tput_in=19549/s tput_out=241/s done=411 ok=411 err=0
                           ttft p50=47810ms p75=62524ms p95=107393ms p99=142893ms
                           itl  p50=13ms   p75=15ms   p95=24ms   p99=48ms
                           e2e  p50=58333ms p75=80683ms p95=140262ms p99=176235ms
                           intvty p50=77     p75=87     p95=100    p99=105 (1/tpot tok/s)
                           isl  p50=72,491    p75=112,454   p90=141,399   p99=249,939 (tokens)
                           osl  p50=567       p75=1,098     p90=2,362     p99=8,109 (tokens)
                           tot  in=33,612,476     out=414,482
                           trace theoretical_prefix_cache_hit=94.1%
                           srv  prefix_cache_hit=0.0% unique_in_srv=16,735,589,341 ext_cache_hit=83.2% kv_usage=94.1% queue=1r/18w tput_in_srv=17,974/s tput_out_srv=225/s
2026-06-02 22:46:00.456 - records_manager - INFO - [realtime 29:48 profiling] rps=0.1 (avg 0.2) tput_in=19057/s tput_out=240/s done=414 ok=414 err=0
                           ttft p50=48052ms p75=62904ms p95=112984ms p99=142811ms
                           itl  p50=13ms   p75=15ms   p95=24ms   p99=48ms
                           e2e  p50=58495ms p75=82266ms p95=141950ms p99=175881ms
                           intvty p50=77     p75=87     p95=101    p99=108 (1/tpot tok/s)
                           isl  p50=72,757    p75=112,454   p90=142,685   p99=249,873 (tokens)
                           osl  p50=574       p75=1,099     p90=2,398     p99=8,793 (tokens)
                           tot  in=33,963,691     out=427,441
                           trace theoretical_prefix_cache_hit=94.2%
                           srv  prefix_cache_hit=0.0% unique_in_srv=17,069,805,329 ext_cache_hit=83.1% kv_usage=88.7% queue=2r/16w tput_in_srv=17,880/s tput_out_srv=224/s
2026-06-02 22:46:12.158 - PhaseRunner - INFO - Timeout of 1799.999492066s elapsed for event 'profiling phase sending'
2026-06-02 22:46:12.158 - PhaseRunner - NOTICE - Phase profiling sending complete | sent=434, completed=417, in_flight=17 | sessions: sent=12, completed=6 | timeout_triggered=True
2026-06-02 22:46:12.158 - PhaseRunner - INFO - Waiting for event 'profiling phase credits returned' with timeout of 29.99967522599991s
2026-06-02 22:46:12.159 - records_manager - INFO - Sent 434 requests. Waiting for all to complete...
2026-06-02 22:46:31.529 - records_manager - INFO - [realtime 30:19 profiling] rps=0.1 (avg 0.2) tput_in=18994/s tput_out=239/s done=418 ok=418 err=0
                           ttft p50=48515ms p75=63858ms p95=121761ms p99=142701ms
                           itl  p50=13ms   p75=15ms   p95=24ms   p99=48ms
                           e2e  p50=58586ms p75=83166ms p95=142941ms p99=175409ms
                           intvty p50=77     p75=87     p95=101    p99=108 (1/tpot tok/s)
                           isl  p50=72,757    p75=112,454   p90=141,510   p99=249,786 (tokens)
                           osl  p50=574       p75=1,099     p90=2,390     p99=8,764 (tokens)
                           tot  in=34,285,759     out=430,760
                           trace theoretical_prefix_cache_hit=94.2%
                           srv  prefix_cache_hit=0.0% unique_in_srv=17,255,845,770 ext_cache_hit=83.2% kv_usage=98.4% queue=3r/13w tput_in_srv=17,928/s tput_out_srv=223/s
2026-06-02 22:46:42.158 - PhaseRunner - INFO - Timeout of 29.99967522599991s elapsed for event 'profiling phase credits returned'
2026-06-02 22:46:42.158 - PhaseRunner - WARNING - Phase profiling timed out, cancelling all credits. Stats: sent=434, completed=422, cancelled=0, in_flight=12
2026-06-02 22:46:42.159 - StickyCreditRouter_f6b7957f - INFO - Sent cancellation requests for 12 in-flight credits across 11 workers
2026-06-02 22:46:42.159 - PhaseRunner - INFO - Waiting for all cancelled credits to be returned for phase profiling. Need 12 more credits.
2026-06-02 22:46:42.160 - PhaseRunner - INFO - All cancelled credits returned for phase profiling
2026-06-02 22:46:42.160 - PhaseRunner - NOTICE - Phase profiling complete | completed=422, cancelled=12, errors=0 | sessions: completed=6, cancelled=0 | elapsed=1830.00s | grace_period_timeout=True
2026-06-02 22:46:42.160 - aiperf.timing.branch_orchestrator - INFO - BranchOrchestrator stats: spawned=8 completed=7 errored=0 suspended=3 resumed=2 parents_failed_due_to_child_error=0 joins_suppressed=1
2026-06-02 22:46:42.160 - PhaseOrchestrator_d3a22b18 - NOTICE - All credits completed
2026-06-02 22:46:42.161 - system_controller - INFO - Received credits complete from 'timing_manager'
2026-06-02 22:46:42.161 - records_manager - INFO - Received CREDIT_PHASE_COMPLETE message, Phase complete: PhaseRecordsStats(phase=CreditPhase.PROFILING, start_ns=1780438572158282267, sent_end_ns=1780440372158320100, requests_end_ns=1780440402160526585, total_expected_requests=None, expected_duration_sec=None, expected_num_sessions=None, expected_grace_period_sec=None, final_requests_sent=None, final_requests_completed=422, final_requests_cancelled=12, final_request_errors=0, final_sent_sessions=None, final_completed_sessions=None, final_cancelled_sessions=None, timeout_triggered=True, grace_period_timeout_triggered=True, was_cancelled=False, records_end_ns=None, success_records=422, error_records=0)
2026-06-02 22:46:42.161 - records_manager - NOTICE - All requests have completed, please wait for the results to be processed (currently 422 of 422 records processed)...
2026-06-02 22:46:42.161 - records_manager - INFO - Processed 422 valid requests and 0 errors (422 total).
2026-06-02 22:46:42.161 - records_manager - INFO - Received all records, processing now...
2026-06-02 22:46:42.162 - records_manager - INFO - All credits complete, please wait for the results to be processed...
2026-06-02 22:46:42.162 - server_metrics_manager - INFO - Server Metrics: Profiling complete, capturing final metrics...
2026-06-02 22:46:42.163 - records_manager - INFO - Waiting 2.0s for server metrics flush period...
2026-06-02 22:46:44.161 - records_manager - INFO - Processing records results...
2026-06-02 22:46:47.128 - RecordExportJSONLWriter_73e6cb91 - WARNING - Timeout waiting for 0 pending flush tasks during shutdown. Cancelling tasks and proceeding with cleanup.
2026-06-02 22:46:47.360 - system_controller - INFO - Waiting for server metrics results...
2026-06-02 22:46:47.361 - system_controller - INFO - Waiting for server metrics results...
2026-06-02 22:46:48.456 - records_manager - INFO - _finalize_and_process_results completed
2026-06-02 22:46:48.886 - system_controller - INFO - All results received, initiating shutdown
2026-06-02 22:46:49.574 - ExporterManager - INFO - Exporting all records
2026-06-02 22:46:49.709 - aiperf.common.scenario.validator - INFO - Scenario 'inferencex-agentx-mvp': setting timing_mode=agentic_replay (was at default request_rate).
2026-06-02 22:46:51.174 - aiperf.common.scenario.validator - INFO - Scenario 'inferencex-agentx-mvp': setting timing_mode=agentic_replay (was at default request_rate).
2026-06-02 22:46:51.285 - ExporterManager - INFO - Exporting console data
