2026-06-04 05:12:13.194 - aiperf.cli_runner - INFO - Starting AIPerf System
2026-06-04 05:12:13.404 - server_metrics_manager - INFO - Server Metrics: Discovered 1 endpoints: ['http://localhost:8893/metrics']
2026-06-04 05:12:13.476 - system_controller - INFO - Registered Worker Manager (id: 'worker_manager')
2026-06-04 05:12:13.494 - GPUTelemetryJSONLWriter_3ea75c19 - INFO - GPU telemetry export enabled: /workspace/results/aiperf_artifacts/gpu_telemetry_export.jsonl
2026-06-04 05:12:13.495 - RecordExportJSONLWriter_2fd89485 - INFO - Record metrics export enabled: /workspace/results/aiperf_artifacts/profile_export.jsonl
2026-06-04 05:12:13.552 - system_controller - INFO - Registered Gpu Telemetry Manager (id: 'gpu_telemetry_manager')
2026-06-04 05:12:13.552 - system_controller - INFO - Registered Dataset Manager (id: 'dataset_manager')
2026-06-04 05:12:13.552 - system_controller - INFO - Registered Server Metrics Manager (id: 'server_metrics_manager')
2026-06-04 05:12:13.579 - system_controller - INFO - Registered Timing Manager (id: 'timing_manager')
2026-06-04 05:12:13.604 - system_controller - INFO - Registered Record Processor (id: 'record_processor_4bf2474b')
2026-06-04 05:12:13.609 - system_controller - INFO - Registered Record Processor (id: 'record_processor_bf806e89')
2026-06-04 05:12:13.618 - system_controller - INFO - Registered Record Processor (id: 'record_processor_46073bb6')
2026-06-04 05:12:13.621 - system_controller - INFO - Registered Records Manager (id: 'records_manager')
2026-06-04 05:12:13.633 - system_controller - INFO - Registered Record Processor (id: 'record_processor_651a1e36')
2026-06-04 05:12:13.639 - system_controller - INFO - Registered Record Processor (id: 'record_processor_62712e29')
2026-06-04 05:12:13.651 - system_controller - INFO - Registered Worker (id: 'worker_6cba3991')
2026-06-04 05:12:13.660 - system_controller - INFO - Registered Worker (id: 'worker_5272aad4')
2026-06-04 05:12:13.666 - system_controller - INFO - Registered Worker (id: 'worker_be9a7a24')
2026-06-04 05:12:13.689 - system_controller - INFO - Registered Worker (id: 'worker_bd9415d4')
2026-06-04 05:12:13.694 - system_controller - INFO - Registered Worker (id: 'worker_5ed8ef13')
2026-06-04 05:12:13.697 - system_controller - INFO - Registered Worker (id: 'worker_6de6661b')
2026-06-04 05:12:13.717 - system_controller - INFO - Registered Worker (id: 'worker_b2ddf4fb')
2026-06-04 05:12:13.718 - system_controller - INFO - Registered Record Processor (id: 'record_processor_eb428edb')
2026-06-04 05:12:13.718 - system_controller - INFO - Registered Record Processor (id: 'record_processor_1c779ad5')
2026-06-04 05:12:13.719 - system_controller - INFO - Registered Record Processor (id: 'record_processor_465e4708')
2026-06-04 05:12:13.724 - system_controller - INFO - Registered Worker (id: 'worker_435f12ad')
2026-06-04 05:12:13.739 - system_controller - INFO - Registered Worker (id: 'worker_0dfe71c5')
2026-06-04 05:12:13.755 - system_controller - INFO - Registered Worker (id: 'worker_acbc97ae')
2026-06-04 05:12:13.761 - system_controller - INFO - Registered Worker (id: 'worker_5b31794a')
2026-06-04 05:12:13.771 - system_controller - INFO - Registered Worker (id: 'worker_3eaf6e6a')
2026-06-04 05:12:13.775 - system_controller - INFO - Registered Worker (id: 'worker_e038731f')
2026-06-04 05:12:13.783 - system_controller - INFO - Registered Worker (id: 'worker_0ec9ef18')
2026-06-04 05:12:13.786 - system_controller - INFO - Registered Worker (id: 'worker_08c043db')
2026-06-04 05:12:13.786 - system_controller - INFO - Registered Worker (id: 'worker_4e4aeffa')
2026-06-04 05:12:13.786 - system_controller - INFO - Registered Worker (id: 'worker_e0861cbd')
2026-06-04 05:12:13.790 - system_controller - INFO - Registered Worker (id: 'worker_adf719d1')
2026-06-04 05:12:13.791 - system_controller - INFO - Registered Worker (id: 'worker_8b151131')
2026-06-04 05:12:13.794 - system_controller - INFO - Registered Worker (id: 'worker_9527b4d3')
2026-06-04 05:12:13.795 - system_controller - INFO - Registered Worker (id: 'worker_e280e207')
2026-06-04 05:12:13.800 - system_controller - INFO - Registered Worker (id: 'worker_c8b784bc')
2026-06-04 05:12:13.803 - system_controller - INFO - Registered Worker (id: 'worker_8e549297')
2026-06-04 05:12:13.803 - system_controller - INFO - Registered Worker (id: 'worker_41b1e3b6')
2026-06-04 05:12:13.806 - system_controller - INFO - Registered Worker (id: 'worker_35719f75')
2026-06-04 05:12:13.811 - system_controller - INFO - Registered Worker (id: 'worker_2e962e09')
2026-06-04 05:12:13.815 - system_controller - INFO - Registered Worker (id: 'worker_2c05640a')
2026-06-04 05:12:13.818 - system_controller - INFO - Registered Worker (id: 'worker_c45e1424')
2026-06-04 05:12:13.819 - system_controller - INFO - Registered Worker (id: 'worker_0db12562')
2026-06-04 05:12:13.820 - system_controller - INFO - Registered Worker (id: 'worker_d3fd5aed')
2026-06-04 05:12:13.826 - system_controller - INFO - Registered Worker (id: 'worker_6788ff24')
2026-06-04 05:12:13.834 - system_controller - INFO - Registered Worker (id: 'worker_5cf8baa0')
2026-06-04 05:12:13.864 - system_controller - INFO - AIPerf System is CONFIGURING
2026-06-04 05:12:13.864 - system_controller - INFO - Configuring all services to start profiling
2026-06-04 05:12:13.866 - InferenceResultParser_cabe3b5b - INFO - Tokenization is disabled for this endpoint, skipping tokenizer configuration
2026-06-04 05:12:13.866 - timing_manager - INFO - Waiting for dataset to be configured before configuring timing
2026-06-04 05:12:13.866 - InferenceResultParser_43ea159e - INFO - Tokenization is disabled for this endpoint, skipping tokenizer configuration
2026-06-04 05:12:13.866 - InferenceResultParser_c10909ec - INFO - Tokenization is disabled for this endpoint, skipping tokenizer configuration
2026-06-04 05:12:13.866 - InferenceResultParser_75a96315 - INFO - Tokenization is disabled for this endpoint, skipping tokenizer configuration
2026-06-04 05:12:13.866 - InferenceResultParser_eea151a0 - INFO - Tokenization is disabled for this endpoint, skipping tokenizer configuration
2026-06-04 05:12:13.866 - InferenceResultParser_3a69ad9c - INFO - Tokenization is disabled for this endpoint, skipping tokenizer configuration
2026-06-04 05:12:13.866 - InferenceResultParser_8138d2a6 - INFO - Tokenization is disabled for this endpoint, skipping tokenizer configuration
2026-06-04 05:12:13.866 - InferenceResultParser_b241c2f3 - INFO - Tokenization is disabled for this endpoint, skipping tokenizer configuration
2026-06-04 05:12:13.879 - system_controller - INFO - GPU telemetry disabled - no DCGM endpoints reachable
2026-06-04 05:12:13.886 - server_metrics_manager - INFO - Server Metrics: Capturing baseline metrics...
2026-06-04 05:12:13.899 - dataset_manager - INFO - Memory-mapped dataset cache HIT (key=f921ed09196f017e89b67d5e8eb9a265); skipping tokenizer + composer.
2026-06-04 05:12:13.914 - http://localhost:8893/metrics - INFO - Skipping unsupported summary metric: http_request_size_bytes
2026-06-04 05:12:13.914 - http://localhost:8893/metrics - INFO - Skipping unsupported summary metric: http_response_size_bytes
2026-06-04 05:12:13.916 - system_controller - INFO - Server metrics enabled - 1/1 endpoint(s) reachable.
2026-06-04 05:12:14.136 - aiperf.dataset.mmap_cache - INFO - Restored mmap cache file dataset.dat via copy in 0.237s (1.24 GiB)
2026-06-04 05:12:14.136 - aiperf.dataset.mmap_cache - INFO - Restored mmap cache file index.dat via copy in 0.000s (0.00 GiB)
2026-06-04 05:12:14.136 - aiperf.dataset.mmap_cache - INFO - Restored mmap cache files in 0.237s via dataset=copy index=copy (dataset=1.24 GiB, index=0.00 GiB)
2026-06-04 05:12:14.277 - dataset_manager - INFO - sampling strategy: sequential, unique conversations: 678, unique turn count: 52915
2026-06-04 05:12:14.558 - dataset_manager - INFO - Dataset client initialized and freed 0 conversations from memory
2026-06-04 05:12:14.563 - aiperf.timing.trajectory_source - INFO - TrajectorySource: built 48 trajectories from 225 traces
  range cfg=[0.25, 0.75]  observed sample pct: min= 25% median= 45% max= 75%
    lane=00  sample_time= 39%  root_next= 14/32  ( 44% turns)  live=1 ready=1  trace_id=00e7d11db2db59f44a87b4110175b11d1af3
    lane=01  sample_time= 55%  root_next= 15/28  ( 54% turns)  live=1 ready=1  trace_id=01fece675b92efe07620225cd69c3884f774
    lane=02  sample_time= 55%  root_next=306/594 ( 52% turns)  live=1 ready=1  trace_id=0275949f4db511444909fe92b12f7e921e4a
    lane=03  sample_time= 27%  root_next= 13/27  ( 48% turns)  live=1 ready=1  trace_id=03be8f1eb1e9e620f46bd07068d6ab1aaae3
    lane=04  sample_time= 40%  root_next= 71/151 ( 47% turns)  live=1 ready=1  trace_id=0475b786230f3f2e24220d28e247eaee2dae
    lane=05  sample_time= 50%  root_next= 56/99  ( 57% turns)  live=1 ready=1  trace_id=04b25fe5b2ffa5e7ec9890426cce59838a05
    lane=06  sample_time= 69%  root_next= 10/20  ( 50% turns)  live=1 ready=1  trace_id=06385769df23204ac35c53ad431cf42f7c02
    lane=07  sample_time= 63%  root_next= 53/80  ( 66% turns)  live=1 ready=1  trace_id=07fc71985fbafc8e1abb181b7d28b8349f45
    lane=08  sample_time= 29%  root_next= 48/165 ( 29% turns)  live=1 ready=1  trace_id=09a5d415a7157ed48a5a6fa2711f2d8565c1
    lane=09  sample_time= 28%  root_next=  6/27  ( 22% turns)  live=1 ready=1  trace_id=09c188c8b9201ec2046cc2df702623fef33e
    lane=10  sample_time= 44%  root_next= 35/78  ( 45% turns)  live=1 ready=1  trace_id=0b1cf5ad73920121aa53e1acb0851a8ecf32
    lane=11  sample_time= 61%  root_next=161/254 ( 63% turns)  live=1 ready=1  trace_id=0b4a56f22f01dc235b7ce1cc3aeabd6943e8
    lane=12  sample_time= 32%  root_next= 59/184 ( 32% turns)  live=1 ready=1  trace_id=0d75185d4e958ad360c16451eaa95d508edf
    lane=13  sample_time= 51%  root_next= 10/18  ( 56% turns)  live=1 ready=1  trace_id=0da3a3bea6f3559a2eff4114839b328dad53
    lane=14  sample_time= 71%  root_next= 18/23  ( 78% turns)  live=1 ready=1  trace_id=116cb8d945f9d0810e788e51e3744adaab74
    lane=15  sample_time= 46%  root_next= 26/39  ( 67% turns)  live=1 ready=1  trace_id=1186d32070428ea303de493d61ee3effd467
    lane=16  sample_time= 74%  root_next= 23/26  ( 88% turns)  live=1 ready=1  trace_id=13762df76dba635a268bf3acbb30bfffed63
    lane=17  sample_time= 27%  root_next=  8/27  ( 30% turns)  live=1 ready=1  trace_id=14933d8a4190c45ac8fbd21183bba9469140
    lane=18  sample_time= 43%  root_next= 24/38  ( 63% turns)  live=1 ready=1  trace_id=1770548ae8e30555e62d6d6296c0166d6074
    lane=19  sample_time= 35%  root_next= 20/44  ( 45% turns)  live=3 ready=2  trace_id=1ac9d045056424d98ec4b5725460ca2b6120
    lane=20  sample_time= 55%  root_next= 31/50  ( 62% turns)  live=1 ready=1  trace_id=1b29955ec88767b5f8870f705f770cd46c60
    lane=21  sample_time= 69%  root_next=318/452 ( 70% turns)  live=1 ready=1  trace_id=1ec7f23f1ca1449b1758b86dba91df97cf1a
    lane=22  sample_time= 40%  root_next= 13/31  ( 42% turns)  live=1 ready=1  trace_id=1ff2c5c397d1c8f4a2e069449ec8e10b882a
    lane=23  sample_time= 34%  root_next= 33/55  ( 60% turns)  live=1 ready=1  trace_id=219331470ffaa5388ff9d7d8da92f5dc575b
    lane=24  sample_time= 46%  root_next= 38/63  ( 60% turns)  live=1 ready=1  trace_id=263134ce70d475337deb473aadc255479210
    lane=25  sample_time= 25%  root_next= 14/39  ( 36% turns)  live=1 ready=1  trace_id=265a5749ca677d0b0c90e7d3d6029a45318f
    lane=26  sample_time= 26%  root_next=  7/21  ( 33% turns)  live=1 ready=1  trace_id=2781d1fa9a22e982996948283bbcd3136c44
    lane=27  sample_time= 45%  root_next= 17/30  ( 57% turns)  live=1 ready=1  trace_id=27bf77bcaaf2b6d2210bdbdab4934348f322
    lane=28  sample_time= 73%  root_next= 61/84  ( 73% turns)  live=1 ready=1  trace_id=27cf2ada39b896fea5580c895bfbd4119490
    lane=29  sample_time= 52%  root_next= 20/34  ( 59% turns)  live=1 ready=1  trace_id=298daf6961d9121ca2f5d3cde68ba961c0c5
    lane=30  sample_time= 27%  root_next= 15/43  ( 35% turns)  live=1 ready=1  trace_id=2b971773e1889a7692523d5cc0a78a0361cb
    lane=31  sample_time= 43%  root_next=  8/21  ( 38% turns)  live=1 ready=1  trace_id=2c3e52bf4e687293e9fb70cba1c1786dceea
    lane=32  sample_time= 38%  root_next= 15/26  ( 58% turns)  live=1 ready=1  trace_id=2cfbb581474c482911487fd9b13d720889fa
    lane=33  sample_time= 36%  root_next= 58/160 ( 36% turns)  live=1 ready=1  trace_id=2dd25288ba9fe088c0419aabfb19c3ca4f36
    lane=34  sample_time= 69%  root_next= 52/109 ( 48% turns)  live=1 ready=1  trace_id=2de8538029066d95b4ff113d5750eb403cb7
    lane=35  sample_time= 63%  root_next= 50/103 ( 49% turns)  live=1 ready=1  trace_id=2df1b153c477169c8ab4ecd9e917ccaa3dba
    lane=36  sample_time= 52%  root_next= 32/71  ( 45% turns)  live=1 ready=1  trace_id=2e6fc2e7b28c2e567d9c2aa0a38586d494eb
    lane=37  sample_time= 51%  root_next= 31/57  ( 54% turns)  live=1 ready=1  trace_id=300134008d4cc98f288179ea9dd9314f140c
    lane=38  sample_time= 37%  root_next=157/361 ( 43% turns)  live=1 ready=1  trace_id=3042c8b3b1ecd64c1df1a1c3987e0869b81e
    lane=39  sample_time= 28%  root_next= 21/101 ( 21% turns)  live=1 ready=1  trace_id=30b5428f1c359a9d2fdf9c25ecd3e4c0f480
    lane=40  sample_time= 75%  root_next= 28/38  ( 74% turns)  live=1 ready=1  trace_id=322d6256b084ece9fbbaa8ec9cca3dadaf7e
    lane=41  sample_time= 34%  root_next= 72/184 ( 39% turns)  live=1 ready=1  trace_id=346d091b7f1689ef5327401a2bd912f404d9
    lane=42  sample_time= 54%  root_next= 52/104 ( 50% turns)  live=1 ready=1  trace_id=350b6e2414c221593bf4a0772ecd7c4fa009
    lane=43  sample_time= 42%  root_next= 12/25  ( 48% turns)  live=1 ready=1  trace_id=388f557746c6b960834161cca0a7c99a3bf2
    lane=44  sample_time= 59%  root_next= 30/38  ( 79% turns)  live=1 ready=1  trace_id=3b87c0e23861fdc2e2351fbe9c7f69668069
    lane=45  sample_time= 35%  root_next= 78/208 ( 38% turns)  live=1 ready=1  trace_id=3bc0e09a2d6ec317e0f01281dfe65ecda2a8
    lane=46  sample_time= 51%  root_next= 37/58  ( 64% turns)  live=1 ready=1  trace_id=3d3bd73c61922b4c3c9833ee94391f3a728a
    lane=47  sample_time= 39%  root_next= 32/46  ( 70% turns)  live=5 ready=4  trace_id=3e653a2a3388ad3d70449933e8d72b12b100
2026-06-04 05:12:14.563 - PhaseOrchestrator_4c00b025 - INFO - Initialized 2 phase(s): ['Warmup', 'Profiling']
2026-06-04 05:12:14.612 - system_controller - INFO - All services configured in 0.75 seconds
2026-06-04 05:12:14.612 - system_controller - INFO - AIPerf System is CONFIGURED
2026-06-04 05:12:14.613 - server_metrics_manager - INFO - Server Metrics: Started 1 collector(s) successfully
2026-06-04 05:12:14.630 - PhaseRunner - NOTICE - Phase warmup started | target: 52 requests
2026-06-04 05:12:14.630 - AgenticReplayTiming - INFO - WARMUP execute: dispatching 52 trajectory credits
2026-06-04 05:12:14.634 - PhaseRunner - NOTICE - Phase warmup sending complete | sent=52, completed=0, in_flight=52
2026-06-04 05:12:14.762 - records_manager - INFO - Credit phase start: warmup
2026-06-04 05:12:14.763 - system_controller - INFO - All services started profiling successfully
2026-06-04 05:12:14.763 - system_controller - INFO - AIPerf System is PROFILING
2026-06-04 05:14:46.577 - AgenticReplayTiming - INFO - WARMUP 1/52 returned [ok] (lane=19, trace_id=1ac9d045056424d98ec4b5725460ca2b6120::sa:subagent_001_88698b09:s0, start_turn=0/24 (0% through trace))
2026-06-04 05:15:51.428 - AgenticReplayTiming - INFO - WARMUP 2/52 returned [ok] (lane=47, trace_id=3e653a2a3388ad3d70449933e8d72b12b100::sa:subagent_010_b83a72f9:s0, start_turn=0/134 (0% through trace))
2026-06-04 05:15:54.607 - AgenticReplayTiming - INFO - WARMUP 3/52 returned [ok] (lane=47, trace_id=3e653a2a3388ad3d70449933e8d72b12b100::sa:subagent_010_b83a72f9:s1, start_turn=0/2 (0% through trace))
2026-06-04 05:17:02.000 - AgenticReplayTiming - INFO - WARMUP 4/52 returned [ok] (lane=47, trace_id=3e653a2a3388ad3d70449933e8d72b12b100::sa:subagent_009_49633524:s0, start_turn=10/43 (23% through trace))
2026-06-04 05:17:12.464 - AgenticReplayTiming - INFO - WARMUP 5/52 returned [ok] (lane=47, trace_id=3e653a2a3388ad3d70449933e8d72b12b100::sa:subagent_009_49633524:s1, start_turn=1/5 (20% through trace))
2026-06-04 05:17:41.287 - AgenticReplayTiming - INFO - WARMUP 6/52 returned [ok] (lane=19, trace_id=1ac9d045056424d98ec4b5725460ca2b6120::sa:subagent_001_88698b09:s1, start_turn=0/4 (0% through trace))
2026-06-04 05:21:20.690 - PhaseRunner - NOTICE - Phase warmup complete | completed=52, cancelled=0, errors=0 | elapsed=546.06s
2026-06-04 05:21:20.691 - aiperf.timing.branch_orchestrator - INFO - BranchOrchestrator stats: spawned=0 completed=0 errored=0 suspended=0 resumed=0 parents_failed_due_to_child_error=0 joins_suppressed=0
2026-06-04 05:21:20.703 - AgenticReplayTiming - INFO - PROFILING setup: trajectories=48 traces, recycle_queue=225 traces (full pool)
2026-06-04 05:21:20.704 - PhaseRunner - NOTICE - Phase profiling started | target: 1800.0s duration
2026-06-04 05:21:20.704 - PhaseRunner - INFO - Waiting for event 'profiling phase sending' with timeout of 1799.999444083s
2026-06-04 05:21:20.704 - AgenticReplayTiming - INFO - PROFILING execute: resuming 48 trajectory sessions
2026-06-04 05:21:20.704 - records_manager - INFO - Credit phase start: profiling
2026-06-04 05:21:27.722 - AgenticReplayTiming - INFO - Terminating trajectory 0b1cf5ad73920121aa53e1acb0851a8ecf32 early at turn 35/77: context-overflow error from server
2026-06-04 05:21:54.486 - EventLoopMonitor - WARNING - Event loop for worker_c8b784bc is taking too long to run. Overhead: 25.60ms
2026-06-04 05:22:13.561 - records_manager - INFO - [realtime 00:52 profiling] rps=0.0 (avg 0.0) tput_in=1342/s tput_out=1/s done=3 ok=3 err=0
                           ttft p50=25568ms p75=32850ms p95=38676ms p99=39841ms
                           itl  p50=451ms  p75=479ms  p95=501ms  p99=506ms
                           e2e  p50=42447ms p75=43466ms p95=44282ms p99=44445ms
                           intvty p50=2      p75=2      p95=2      p99=3 (1/tpot tok/s)
                           isl  p50=33,121    p75=48,507    p90=57,739    p99=63,278 (tokens)
                           osl  p50=36        p75=47        p90=54        p99=59 (tokens)
                           tot  in=66,242         out=71
                           trace theoretical_prefix_cache_hit=96.0%
                           srv  prefix_cache_hit=3.5% unique_in_srv=29,704,293 kv_usage=67.9% queue=21r/24w tput_in_srv=10,341/s tput_out_srv=136/s
2026-06-04 05:22:43.585 - records_manager - INFO - [realtime 01:22 profiling] rps=0.1 (avg 0.1) tput_in=3481/s tput_out=2/s done=5 ok=5 err=0
                           ttft p50=33969ms p75=45245ms p95=57514ms p99=59968ms
                           itl  p50=451ms  p75=543ms  p95=628ms  p99=645ms
                           e2e  p50=53493ms p75=63411ms p95=65597ms p99=66034ms
                           intvty p50=2      p75=3      p95=3      p99=3 (1/tpot tok/s)
                           isl  p50=73,972    p75=88,853    p90=97,497    p99=102,684 (tokens)
                           osl  p50=36        p75=59        p90=60        p99=60 (tokens)
                           tot  in=253,553        out=137
                           trace theoretical_prefix_cache_hit=98.8%
                           srv  prefix_cache_hit=3.6% unique_in_srv=29,972,433 kv_usage=76.7% queue=24r/23w tput_in_srv=10,479/s tput_out_srv=132/s
2026-06-04 05:23:13.609 - records_manager - INFO - [realtime 01:52 profiling] rps=0.0 (avg 0.1) tput_in=3447/s tput_out=3/s done=6 ok=6 err=0
                           ttft p50=27806ms p75=40132ms p95=56492ms p99=59764ms
                           itl  p50=507ms  p75=589ms  p95=638ms  p99=647ms
                           e2e  p50=62500ms p75=66143ms p95=92173ms p99=97379ms
                           intvty p50=2      p75=3      p95=3      p99=3 (1/tpot tok/s)
                           isl  p50=84,051    p75=89,600    p90=97,796    p99=102,714 (tokens)
                           osl  p50=59        p75=60        p90=103       p99=129 (tokens)
                           tot  in=343,153        out=269
                           trace theoretical_prefix_cache_hit=99.0%
                           srv  prefix_cache_hit=3.8% unique_in_srv=30,410,627 kv_usage=93.0% queue=30r/18w tput_in_srv=10,937/s tput_out_srv=128/s
2026-06-04 05:23:43.681 - records_manager - INFO - [realtime 02:22 profiling] rps=0.1 (avg 0.1) tput_in=5039/s tput_out=8/s done=10 ok=10 err=0
                           ttft p50=21473ms p75=40132ms p95=58631ms p99=60192ms
                           itl  p50=545ms  p75=547ms  p95=626ms  p99=645ms
                           e2e  p50=98680ms p75=114700ms p95=131738ms p99=135858ms
                           intvty p50=2      p75=2      p95=3      p99=3 (1/tpot tok/s)
                           isl  p50=84,051    p75=89,600    p90=120,638   p99=183,198 (tokens)
                           osl  p50=91        p75=196       p90=228       p99=248 (tokens)
                           tot  in=689,773        out=1,028
                           trace theoretical_prefix_cache_hit=96.4%
                           srv  prefix_cache_hit=3.8% unique_in_srv=30,920,328 kv_usage=97.7% queue=32r/16w tput_in_srv=11,056/s tput_out_srv=125/s
2026-06-04 05:24:13.722 - records_manager - INFO - [realtime 02:53 profiling] rps=0.2 (avg 0.1) tput_in=5985/s tput_out=14/s done=15 ok=15 err=0
                           ttft p50=24639ms p75=51812ms p95=85954ms p99=86020ms
                           itl  p50=496ms  p75=545ms  p95=611ms  p99=642ms
                           e2e  p50=118759ms p75=133699ms p95=149680ms p99=151949ms
                           intvty p50=2      p75=2      p95=3      p99=3 (1/tpot tok/s)
                           isl  p50=58,368    p75=87,253    p90=99,162    p99=178,853 (tokens)
                           osl  p50=134       p75=242       p90=267       p99=311 (tokens)
                           tot  in=932,626        out=2,120
                           trace theoretical_prefix_cache_hit=96.7%
                           srv  prefix_cache_hit=3.0% unique_in_srv=39,623,417 kv_usage=99.9% queue=29r/17w tput_in_srv=11,105/s tput_out_srv=124/s
2026-06-04 05:24:43.772 - records_manager - INFO - [realtime 03:23 profiling] rps=0.2 (avg 0.1) tput_in=7230/s tput_out=19/s done=20 ok=20 err=0
                           ttft p50=27806ms p75=58143ms p95=95959ms p99=97871ms
                           itl  p50=437ms  p75=532ms  p95=595ms  p99=639ms
                           e2e  p50=124135ms p75=150050ms p95=178308ms p99=189219ms
                           intvty p50=2      p75=3      p95=4      p99=4 (1/tpot tok/s)
                           isl  p50=63,893    p75=88,960    p90=149,401   p99=191,892 (tokens)
                           osl  p50=196       p75=262       p90=344       p99=444 (tokens)
                           tot  in=1,393,596      out=3,636
                           trace theoretical_prefix_cache_hit=97.2%
                           srv  prefix_cache_hit=2.5% unique_in_srv=46,200,920 kv_usage=96.8% queue=28r/21w tput_in_srv=11,059/s tput_out_srv=123/s
2026-06-04 05:25:13.839 - records_manager - INFO - [realtime 03:53 profiling] rps=0.1 (avg 0.1) tput_in=7524/s tput_out=22/s done=24 ok=24 err=0
                           ttft p50=29304ms p75=73246ms p95=101959ms p99=144651ms
                           itl  p50=416ms  p75=513ms  p95=585ms  p99=636ms
                           e2e  p50=139669ms p75=167068ms p95=191903ms p99=221939ms
                           intvty p50=2      p75=3      p95=4      p99=11 (1/tpot tok/s)
                           isl  p50=64,538    p75=96,430    p90=136,351   p99=191,807 (tokens)
                           osl  p50=199       p75=296       p90=370       p99=594 (tokens)
                           tot  in=1,733,592      out=4,979
                           trace theoretical_prefix_cache_hit=97.1%
                           srv  prefix_cache_hit=2.0% unique_in_srv=58,420,555 kv_usage=96.6% queue=28r/20w tput_in_srv=11,091/s tput_out_srv=124/s
2026-06-04 05:25:43.922 - records_manager - INFO - [realtime 04:23 profiling] rps=0.2 (avg 0.1) tput_in=8892/s tput_out=26/s done=30 ok=30 err=0
                           ttft p50=40132ms p75=95693ms p95=164371ms p99=172176ms
                           itl  p50=384ms  p75=486ms  p95=573ms  p99=633ms
                           e2e  p50=148153ms p75=191506ms p95=226109ms p99=245789ms
                           intvty p50=3      p75=4      p95=10     p99=15 (1/tpot tok/s)
                           isl  p50=73,513    p75=115,274   p90=141,110   p99=191,680 (tokens)
                           osl  p50=199       p75=341       p90=467       p99=629 (tokens)
                           tot  in=2,286,468      out=6,691
                           trace theoretical_prefix_cache_hit=97.6%
                           srv  prefix_cache_hit=1.9% unique_in_srv=61,292,885 kv_usage=92.4% queue=29r/17w tput_in_srv=11,245/s tput_out_srv=122/s
2026-06-04 05:26:14.013 - records_manager - INFO - [realtime 04:53 profiling] rps=0.1 (avg 0.1) tput_in=9073/s tput_out=27/s done=33 ok=33 err=0
                           ttft p50=57250ms p75=99352ms p95=167138ms p99=172067ms
                           itl  p50=361ms  p75=452ms  p95=566ms  p99=631ms
                           e2e  p50=152232ms p75=195036ms p95=244044ms p99=249946ms
                           intvty p50=3      p75=4      p95=8      p99=15 (1/tpot tok/s)
                           isl  p50=78,782    p75=115,492   p90=147,748   p99=191,616 (tokens)
                           osl  p50=210       p75=360       p90=479       p99=629 (tokens)
                           tot  in=2,585,863      out=7,771
                           trace theoretical_prefix_cache_hit=97.7%
                           srv  prefix_cache_hit=1.8% unique_in_srv=66,709,929 kv_usage=95.5% queue=31r/15w tput_in_srv=11,296/s tput_out_srv=120/s
2026-06-04 05:26:44.111 - records_manager - INFO - [realtime 05:23 profiling] rps=0.1 (avg 0.1) tput_in=9295/s tput_out=29/s done=37 ok=37 err=0
                           ttft p50=62353ms p75=110129ms p95=166255ms p99=171922ms
                           itl  p50=349ms  p75=438ms  p95=558ms  p99=629ms
                           e2e  p50=157603ms p75=199563ms p95=253768ms p99=279926ms
                           intvty p50=3      p75=4      p95=8      p99=15 (1/tpot tok/s)
                           isl  p50=78,782    p75=115,492   p90=150,066   p99=191,531 (tokens)
                           osl  p50=210       p75=374       p90=516       p99=661 (tokens)
                           tot  in=2,957,851      out=9,131
                           trace theoretical_prefix_cache_hit=97.2%
                           srv  prefix_cache_hit=1.5% unique_in_srv=76,713,769 kv_usage=93.4% queue=31r/17w tput_in_srv=11,298/s tput_out_srv=122/s
2026-06-04 05:27:14.217 - records_manager - INFO - [realtime 05:53 profiling] rps=0.1 (avg 0.1) tput_in=9282/s tput_out=29/s done=41 ok=41 err=0
                           ttft p50=85973ms p75=124570ms p95=165372ms p99=171777ms
                           itl  p50=327ms  p75=434ms  p95=550ms  p99=626ms
                           e2e  p50=166175ms p75=199052ms p95=252173ms p99=278685ms
                           intvty p50=3      p75=4      p95=10     p99=15 (1/tpot tok/s)
                           isl  p50=69,026    p75=115,492   p90=148,970   p99=191,446 (tokens)
                           osl  p50=226       p75=360       p90=488       p99=659 (tokens)
                           tot  in=3,245,806      out=10,024
                           trace theoretical_prefix_cache_hit=96.0%
                           srv  prefix_cache_hit=1.4% unique_in_srv=85,490,383 kv_usage=94.7% queue=30r/17w tput_in_srv=11,180/s tput_out_srv=121/s
2026-06-04 05:27:44.326 - records_manager - INFO - [realtime 06:23 profiling] rps=0.1 (avg 0.1) tput_in=9439/s tput_out=34/s done=45 ok=45 err=0
                           ttft p50=85973ms p75=124570ms p95=163866ms p99=171632ms
                           itl  p50=308ms  p75=420ms  p95=547ms  p99=624ms
                           e2e  p50=170836ms p75=202069ms p95=286134ms p99=360030ms
                           intvty p50=3      p75=4      p95=9      p99=15 (1/tpot tok/s)
                           isl  p50=69,026    p75=106,559   p90=146,353   p99=191,361 (tokens)
                           osl  p50=242       p75=376       p90=602       p99=1,002 (tokens)
                           tot  in=3,540,827      out=12,721
                           trace theoretical_prefix_cache_hit=96.2%
                           srv  prefix_cache_hit=1.3% unique_in_srv=92,059,646 kv_usage=97.0% queue=29r/18w tput_in_srv=11,174/s tput_out_srv=120/s
2026-06-04 05:28:14.439 - records_manager - INFO - [realtime 06:53 profiling] rps=0.1 (avg 0.1) tput_in=9414/s tput_out=33/s done=48 ok=48 err=0
                           ttft p50=86911ms p75=125780ms p95=162580ms p99=171523ms
                           itl  p50=296ms  p75=412ms  p95=547ms  p99=622ms
                           e2e  p50=170226ms p75=202452ms p95=281478ms p99=359215ms
                           intvty p50=3      p75=4      p95=9      p99=15 (1/tpot tok/s)
                           isl  p50=64,932    p75=109,464   p90=144,011   p99=191,297 (tokens)
                           osl  p50=236       p75=376       p90=580       p99=998 (tokens)
                           tot  in=3,794,960      out=13,294
                           trace theoretical_prefix_cache_hit=96.5%
                           srv  prefix_cache_hit=1.1% unique_in_srv=107,760,095 kv_usage=97.7% queue=29r/21w tput_in_srv=11,223/s tput_out_srv=122/s
2026-06-04 05:28:44.558 - records_manager - INFO - [realtime 07:23 profiling] rps=0.1 (avg 0.1) tput_in=9695/s tput_out=39/s done=52 ok=52 err=0
                           ttft p50=86911ms p75=125780ms p95=160865ms p99=171378ms
                           itl  p50=293ms  p75=407ms  p95=546ms  p99=620ms
                           e2e  p50=173127ms p75=225037ms p95=358129ms p99=406144ms
                           intvty p50=3      p75=4      p95=8      p99=15 (1/tpot tok/s)
                           isl  p50=73,513    p75=109,464   p90=140,887   p99=191,212 (tokens)
                           osl  p50=249       p75=402       p90=631       p99=1,230 (tokens)
                           tot  in=4,119,278      out=16,599
                           trace theoretical_prefix_cache_hit=96.5%
                           srv  prefix_cache_hit=1.0% unique_in_srv=114,451,245 kv_usage=99.3% queue=29r/19w tput_in_srv=11,255/s tput_out_srv=121/s
2026-06-04 05:29:14.688 - records_manager - INFO - [realtime 07:53 profiling] rps=0.2 (avg 0.1) tput_in=9254/s tput_out=45/s done=57 ok=57 err=0
                           ttft p50=91382ms p75=127175ms p95=158722ms p99=171197ms
                           itl  p50=287ms  p75=398ms  p95=546ms  p99=617ms
                           e2e  p50=177432ms p75=246800ms p95=377003ms p99=427662ms
                           intvty p50=3      p75=4      p95=7      p99=14 (1/tpot tok/s)
                           isl  p50=64,735    p75=105,684   p90=140,050   p99=191,106 (tokens)
                           osl  p50=266       p75=498       p90=858       p99=1,368 (tokens)
                           tot  in=4,328,913      out=21,060
                           trace theoretical_prefix_cache_hit=96.4%
                           srv  prefix_cache_hit=0.9% unique_in_srv=138,356,209 kv_usage=98.4% queue=26r/20w tput_in_srv=11,099/s tput_out_srv=125/s
2026-06-04 05:29:44.827 - records_manager - INFO - [realtime 08:24 profiling] rps=0.1 (avg 0.1) tput_in=9519/s tput_out=48/s done=61 ok=61 err=0
                           ttft p50=100355ms p75=133873ms p95=157008ms p99=171052ms
                           itl  p50=283ms  p75=387ms  p95=546ms  p99=614ms
                           e2e  p50=184789ms p75=246800ms p95=372764ms p99=426927ms
                           intvty p50=4      p75=4      p95=10     p99=14 (1/tpot tok/s)
                           isl  p50=65,065    p75=105,684   p90=139,381   p99=191,021 (tokens)
                           osl  p50=296       p75=619       p90=827       p99=1,361 (tokens)
                           tot  in=4,653,627      out=23,417
                           trace theoretical_prefix_cache_hit=95.9%
                           srv  prefix_cache_hit=0.8% unique_in_srv=147,538,316 kv_usage=97.0% queue=24r/24w tput_in_srv=10,892/s tput_out_srv=124/s
2026-06-04 05:30:14.976 - records_manager - INFO - [realtime 08:54 profiling] rps=0.1 (avg 0.1) tput_in=9740/s tput_out=50/s done=65 ok=65 err=0
                           ttft p50=107930ms p75=137533ms p95=162892ms p99=170907ms
                           itl  p50=278ms  p75=369ms  p95=545ms  p99=612ms
                           e2e  p50=192847ms p75=250119ms p95=389718ms p99=426191ms
                           intvty p50=4      p75=5      p95=9      p99=14 (1/tpot tok/s)
                           isl  p50=69,356    p75=105,684   p90=140,385   p99=192,609 (tokens)
                           osl  p50=318       p75=625       p90=892       p99=1,353 (tokens)
                           tot  in=5,071,497      out=26,137
                           trace theoretical_prefix_cache_hit=96.2%
                           srv  prefix_cache_hit=0.8% unique_in_srv=157,617,889 kv_usage=96.3% queue=27r/21w tput_in_srv=11,112/s tput_out_srv=124/s
2026-06-04 05:30:45.139 - records_manager - INFO - [realtime 09:24 profiling] rps=0.2 (avg 0.1) tput_in=10223/s tput_out=52/s done=72 ok=72 err=0
                           ttft p50=115243ms p75=140480ms p95=164579ms p99=176729ms
                           itl  p50=276ms  p75=361ms  p95=545ms  p99=607ms
                           e2e  p50=193746ms p75=253641ms p95=382301ms p99=424905ms
                           intvty p50=4      p75=5      p95=10     p99=14 (1/tpot tok/s)
                           isl  p50=74,036    p75=108,808   p90=140,887   p99=192,546 (tokens)
                           osl  p50=317       p75=630       p90=897       p99=1,341 (tokens)
                           tot  in=5,725,273      out=28,936
                           trace theoretical_prefix_cache_hit=96.5%
                           srv  prefix_cache_hit=0.7% unique_in_srv=166,327,192 kv_usage=86.3% queue=25r/22w tput_in_srv=11,082/s tput_out_srv=123/s
2026-06-04 05:31:15.342 - records_manager - INFO - [realtime 09:54 profiling] rps=0.1 (avg 0.1) tput_in=9896/s tput_out=49/s done=74 ok=74 err=0
                           ttft p50=116117ms p75=141246ms p95=164464ms p99=176493ms
                           itl  p50=276ms  p75=365ms  p95=545ms  p99=606ms
                           e2e  p50=191947ms p75=251774ms p95=380182ms p99=424537ms
                           intvty p50=4      p75=5      p95=10     p99=14 (1/tpot tok/s)
                           isl  p50=74,036    p75=111,775   p90=141,305   p99=192,528 (tokens)
                           osl  p50=274       p75=629       p90=893       p99=1,338 (tokens)
                           tot  in=5,874,533      out=29,094
                           trace theoretical_prefix_cache_hit=96.6%
                           srv  prefix_cache_hit=0.7% unique_in_srv=167,626,284 kv_usage=95.7% queue=29r/19w tput_in_srv=11,207/s tput_out_srv=122/s
2026-06-04 05:31:45.519 - records_manager - INFO - [realtime 10:24 profiling] rps=0.2 (avg 0.1) tput_in=10126/s tput_out=49/s done=79 ok=79 err=0
                           ttft p50=123019ms p75=142335ms p95=170110ms p99=177870ms
                           itl  p50=277ms  p75=353ms  p95=545ms  p99=603ms
                           e2e  p50=192847ms p75=254574ms p95=374884ms p99=423618ms
                           intvty p50=4      p75=5      p95=10     p99=16 (1/tpot tok/s)
                           isl  p50=73,774    p75=114,399   p90=141,044   p99=192,483 (tokens)
                           osl  p50=284       p75=622       p90=884       p99=1,329 (tokens)
                           tot  in=6,274,513      out=30,292
                           trace theoretical_prefix_cache_hit=96.8%
                           srv  prefix_cache_hit=0.7% unique_in_srv=176,293,455 kv_usage=95.6% queue=29r/17w tput_in_srv=11,200/s tput_out_srv=122/s
2026-06-04 05:32:15.696 - records_manager - INFO - [realtime 10:54 profiling] rps=0.1 (avg 0.1) tput_in=9999/s tput_out=48/s done=81 ok=81 err=0
                           ttft p50=124803ms p75=145059ms p95=169747ms p99=177686ms
                           itl  p50=276ms  p75=345ms  p95=545ms  p99=602ms
                           e2e  p50=192847ms p75=255561ms p95=372764ms p99=423250ms
                           intvty p50=4      p75=5      p95=10     p99=16 (1/tpot tok/s)
                           isl  p50=79,044    p75=112,650   p90=140,939   p99=192,465 (tokens)
                           osl  p50=284       p75=625       p90=881       p99=1,325 (tokens)
                           tot  in=6,463,465      out=31,256
                           trace theoretical_prefix_cache_hit=96.8%
                           srv  prefix_cache_hit=0.6% unique_in_srv=188,317,429 kv_usage=99.6% queue=29r/19w tput_in_srv=11,223/s tput_out_srv=122/s
2026-06-04 05:32:45.882 - records_manager - INFO - [realtime 11:25 profiling] rps=0.1 (avg 0.1) tput_in=10073/s tput_out=50/s done=85 ok=85 err=0
                           ttft p50=128061ms p75=145287ms p95=168904ms p99=177316ms
                           itl  p50=275ms  p75=338ms  p95=541ms  p99=600ms
                           e2e  p50=196326ms p75=256541ms p95=389718ms p99=422515ms
                           intvty p50=4      p75=5      p95=11     p99=16 (1/tpot tok/s)
                           isl  p50=84,086    p75=112,650   p90=141,252   p99=192,429 (tokens)
                           osl  p50=306       p75=629       p90=892       p99=1,354 (tokens)
                           tot  in=6,841,444      out=33,800
                           trace theoretical_prefix_cache_hit=96.9%
                           srv  prefix_cache_hit=0.5% unique_in_srv=222,298,006 kv_usage=93.9% queue=28r/21w tput_in_srv=11,061/s tput_out_srv=125/s
2026-06-04 05:33:16.077 - records_manager - INFO - [realtime 11:55 profiling] rps=0.1 (avg 0.1) tput_in=9941/s tput_out=52/s done=88 ok=88 err=0
                           ttft p50=131427ms p75=145387ms p95=168242ms p99=177039ms
                           itl  p50=271ms  p75=336ms  p95=537ms  p99=598ms
                           e2e  p50=198905ms p75=257363ms p95=394958ms p99=467940ms
                           intvty p50=4      p75=5      p95=10     p99=16 (1/tpot tok/s)
                           isl  p50=84,051    p75=108,808   p90=141,096   p99=192,402 (tokens)
                           osl  p50=317       p75=630       p90=905       p99=1,570 (tokens)
                           tot  in=7,051,406      out=36,887
                           trace theoretical_prefix_cache_hit=96.2%
                           srv  prefix_cache_hit=0.5% unique_in_srv=227,029,884 kv_usage=98.4% queue=28r/19w tput_in_srv=11,058/s tput_out_srv=124/s
2026-06-04 05:33:46.288 - records_manager - INFO - [realtime 12:25 profiling] rps=0.2 (avg 0.1) tput_in=10212/s tput_out=58/s done=93 ok=93 err=0
                           ttft p50=131766ms p75=147947ms p95=173019ms p99=178978ms
                           itl  p50=262ms  p75=336ms  p95=530ms  p99=595ms
                           e2e  p50=196326ms p75=259193ms p95=406581ms p99=704089ms
                           intvty p50=4      p75=5      p95=10     p99=16 (1/tpot tok/s)
                           isl  p50=84,282    p75=108,101   p90=140,720   p99=192,356 (tokens)
                           osl  p50=306       p75=630       p90=1,052     p99=2,636 (tokens)
                           tot  in=7,523,813      out=42,378
                           trace theoretical_prefix_cache_hit=96.4%
                           srv  prefix_cache_hit=0.5% unique_in_srv=231,803,037 kv_usage=95.0% queue=28r/18w tput_in_srv=11,060/s tput_out_srv=123/s
2026-06-04 05:34:16.551 - records_manager - INFO - [realtime 12:55 profiling] rps=0.1 (avg 0.1) tput_in=10104/s tput_out=58/s done=97 ok=97 err=0
                           ttft p50=133468ms p75=151660ms p95=173524ms p99=183731ms
                           itl  p50=254ms  p75=325ms  p95=525ms  p99=592ms
                           e2e  p50=199630ms p75=260374ms p95=423858ms p99=703633ms
                           intvty p50=4      p75=5      p95=10     p99=16 (1/tpot tok/s)
                           isl  p50=84,086    p75=108,101   p90=141,148   p99=193,228 (tokens)
                           osl  p50=319       p75=639       p90=1,084     p99=2,634 (tokens)
                           tot  in=7,823,174      out=44,882
                           trace theoretical_prefix_cache_hit=96.4%
                           srv  prefix_cache_hit=0.5% unique_in_srv=246,681,325 kv_usage=94.0% queue=26r/18w tput_in_srv=11,022/s tput_out_srv=124/s
2026-06-04 05:34:46.787 - records_manager - INFO - [realtime 13:26 profiling] rps=0.1 (avg 0.1) tput_in=10150/s tput_out=62/s done=100 ok=100 err=0
                           ttft p50=133692ms p75=152986ms p95=173324ms p99=183692ms
                           itl  p50=244ms  p75=320ms  p95=521ms  p99=591ms
                           e2e  p50=200466ms p75=262415ms p95=437314ms p99=716097ms
                           intvty p50=4      p75=5      p95=10     p99=16 (1/tpot tok/s)
                           isl  p50=84,051    p75=109,326   p90=142,866   p99=193,198 (tokens)
                           osl  p50=320       p75=666       p90=1,100     p99=2,710 (tokens)
                           tot  in=8,140,767      out=49,326
                           trace theoretical_prefix_cache_hit=96.3%
                           srv  prefix_cache_hit=0.5% unique_in_srv=259,218,411 kv_usage=94.3% queue=28r/19w tput_in_srv=11,071/s tput_out_srv=125/s
2026-06-04 05:35:17.040 - records_manager - INFO - [realtime 13:56 profiling] rps=0.1 (avg 0.1) tput_in=10220/s tput_out=64/s done=104 ok=104 err=0
                           ttft p50=134416ms p75=154271ms p95=173159ms p99=183560ms
                           itl  p50=243ms  p75=309ms  p95=517ms  p99=589ms
                           e2e  p50=201535ms p75=262415ms p95=437721ms p99=795005ms
                           intvty p50=4      p75=5      p95=10     p99=16 (1/tpot tok/s)
                           isl  p50=84,120    p75=113,524   p90=141,305   p99=193,161 (tokens)
                           osl  p50=318       p75=666       p90=1,102     p99=3,102 (tokens)
                           tot  in=8,527,571      out=53,192
                           trace theoretical_prefix_cache_hit=96.4%
                           srv  prefix_cache_hit=0.4% unique_in_srv=271,112,055 kv_usage=92.3% queue=27r/21w tput_in_srv=11,082/s tput_out_srv=124/s
2026-06-04 05:35:47.310 - records_manager - INFO - [realtime 14:26 profiling] rps=0.2 (avg 0.1) tput_in=10211/s tput_out=65/s done=109 ok=109 err=0
                           ttft p50=135237ms p75=155851ms p95=174057ms p99=183384ms
                           itl  p50=240ms  p75=303ms  p95=514ms  p99=586ms
                           e2e  p50=202452ms p75=264881ms p95=460747ms p99=790895ms
                           intvty p50=4      p75=5      p95=10     p99=16 (1/tpot tok/s)
                           isl  p50=82,057    p75=108,101   p90=141,044   p99=193,116 (tokens)
                           osl  p50=318       p75=670       p90=1,171     p99=3,081 (tokens)
                           tot  in=8,821,946      out=56,317
                           trace theoretical_prefix_cache_hit=96.5%
                           srv  prefix_cache_hit=0.4% unique_in_srv=273,700,811 kv_usage=96.3% queue=26r/20w tput_in_srv=11,114/s tput_out_srv=123/s
2026-06-04 05:36:17.629 - records_manager - INFO - [realtime 14:56 profiling] rps=0.1 (avg 0.1) tput_in=10276/s tput_out=65/s done=112 ok=112 err=0
                           ttft p50=137026ms p75=156263ms p95=173972ms p99=183264ms
                           itl  p50=235ms  p75=298ms  p95=513ms  p99=585ms
                           e2e  p50=211829ms p75=267176ms p95=455445ms p99=788430ms
                           intvty p50=4      p75=5      p95=10     p99=16 (1/tpot tok/s)
                           isl  p50=84,120    p75=113,524   p90=141,409   p99=193,089 (tokens)
                           osl  p50=317       p75=672       p90=1,171     p99=3,069 (tokens)
                           tot  in=9,200,190      out=57,907
                           trace theoretical_prefix_cache_hit=96.0%
                           srv  prefix_cache_hit=0.4% unique_in_srv=287,813,384 kv_usage=94.3% queue=27r/18w tput_in_srv=11,119/s tput_out_srv=123/s
2026-06-04 05:36:47.919 - records_manager - INFO - [realtime 15:27 profiling] rps=0.2 (avg 0.1) tput_in=10531/s tput_out=67/s done=117 ok=117 err=0
                           ttft p50=137640ms p75=157533ms p95=174830ms p99=184786ms
                           itl  p50=233ms  p75=296ms  p95=510ms  p99=583ms
                           e2e  p50=212974ms p75=283633ms p95=446608ms p99=784320ms
                           intvty p50=4      p75=5      p95=11     p99=16 (1/tpot tok/s)
                           isl  p50=84,086    p75=112,650   p90=141,313   p99=193,043 (tokens)
                           osl  p50=318       p75=677       p90=1,158     p99=3,049 (tokens)
                           tot  in=9,563,801      out=60,667
                           trace theoretical_prefix_cache_hit=96.1%
                           srv  prefix_cache_hit=0.4% unique_in_srv=299,120,594 kv_usage=91.8% queue=24r/26w tput_in_srv=10,979/s tput_out_srv=122/s
2026-06-04 05:37:18.219 - records_manager - INFO - [realtime 15:57 profiling] rps=0.1 (avg 0.1) tput_in=10310/s tput_out=66/s done=120 ok=120 err=0
                           ttft p50=137853ms p75=157599ms p95=174646ms p99=184747ms
                           itl  p50=232ms  p75=295ms  p95=508ms  p99=582ms
                           e2e  p50=214119ms p75=285860ms p95=472529ms p99=781854ms
                           intvty p50=4      p75=5      p95=11     p99=16 (1/tpot tok/s)
                           isl  p50=84,120    p75=113,177   p90=141,255   p99=193,016 (tokens)
                           osl  p50=317       p75=678       p90=1,171     p99=3,037 (tokens)
                           tot  in=9,802,957      out=62,471
                           trace theoretical_prefix_cache_hit=96.0%
                           srv  prefix_cache_hit=0.4% unique_in_srv=303,986,752 kv_usage=99.0% queue=28r/21w tput_in_srv=11,172/s tput_out_srv=122/s
2026-06-04 05:37:48.541 - records_manager - INFO - [realtime 16:27 profiling] rps=0.2 (avg 0.1) tput_in=10541/s tput_out=70/s done=125 ok=125 err=0
                           ttft p50=139232ms p75=157745ms p95=175562ms p99=184681ms
                           itl  p50=231ms  p75=293ms  p95=504ms  p99=580ms
                           e2e  p50=215812ms p75=290943ms p95=485273ms p99=802473ms
                           intvty p50=4      p75=5      p95=11     p99=16 (1/tpot tok/s)
                           isl  p50=84,282    p75=114,753   p90=141,351   p99=192,971 (tokens)
                           osl  p50=318       p75=700       p90=1,192     p99=3,144 (tokens)
                           tot  in=10,302,353     out=68,793
                           trace theoretical_prefix_cache_hit=96.1%
                           srv  prefix_cache_hit=0.4% unique_in_srv=308,908,447 kv_usage=93.1% queue=26r/24w tput_in_srv=11,114/s tput_out_srv=121/s
2026-06-04 05:38:18.932 - records_manager - INFO - [realtime 16:58 profiling] rps=0.2 (avg 0.1) tput_in=10606/s tput_out=70/s done=130 ok=130 err=0
                           ttft p50=140113ms p75=159307ms p95=175257ms p99=184615ms
                           itl  p50=234ms  p75=294ms  p95=510ms  p99=578ms
                           e2e  p50=214119ms p75=290790ms p95=515346ms p99=802094ms
                           intvty p50=4      p75=5      p95=10     p99=16 (1/tpot tok/s)
                           isl  p50=84,444    p75=115,274   p90=141,255   p99=192,926 (tokens)
                           osl  p50=303       p75=695       p90=1,218     p99=3,142 (tokens)
                           tot  in=10,793,020     out=70,920
                           trace theoretical_prefix_cache_hit=96.2%
                           srv  prefix_cache_hit=0.4% unique_in_srv=317,044,797 kv_usage=94.7% queue=28r/20w tput_in_srv=11,207/s tput_out_srv=120/s
2026-06-04 05:38:49.277 - records_manager - INFO - [realtime 17:28 profiling] rps=0.0 (avg 0.1) tput_in=10601/s tput_out=69/s done=131 ok=131 err=0
                           ttft p50=140207ms p75=158928ms p95=175196ms p99=184602ms
                           itl  p50=234ms  p75=296ms  p95=510ms  p99=577ms
                           e2e  p50=215812ms p75=290671ms p95=513019ms p99=802019ms
                           intvty p50=4      p75=5      p95=10     p99=16 (1/tpot tok/s)
                           isl  p50=84,602    p75=115,274   p90=141,938   p99=193,869 (tokens)
                           osl  p50=310       p75=691       p90=1,210     p99=3,141 (tokens)
                           tot  in=10,987,560     out=71,251
                           trace theoretical_prefix_cache_hit=96.2%
                           srv  prefix_cache_hit=0.4% unique_in_srv=317,897,955 kv_usage=97.9% queue=29r/19w tput_in_srv=11,172/s tput_out_srv=119/s
2026-06-04 05:39:19.648 - records_manager - INFO - [realtime 17:58 profiling] rps=0.2 (avg 0.1) tput_in=10593/s tput_out=69/s done=136 ok=136 err=0
                           ttft p50=140300ms p75=159321ms p95=174891ms p99=184536ms
                           itl  p50=234ms  p75=293ms  p95=508ms  p99=575ms
                           e2e  p50=214119ms p75=290552ms p95=569752ms p99=801641ms
                           intvty p50=4      p75=5      p95=10     p99=16 (1/tpot tok/s)
                           isl  p50=84,759    p75=114,926   p90=141,332   p99=193,821 (tokens)
                           osl  p50=298       p75=686       p90=1,253     p99=3,139 (tokens)
                           tot  in=11,404,909     out=74,084
                           trace theoretical_prefix_cache_hit=96.3%
                           srv  prefix_cache_hit=0.4% unique_in_srv=330,728,846 kv_usage=93.7% queue=28r/21w tput_in_srv=11,228/s tput_out_srv=119/s
2026-06-04 05:39:50.037 - records_manager - INFO - [realtime 18:29 profiling] rps=0.2 (avg 0.1) tput_in=10819/s tput_out=68/s done=141 ok=141 err=0
                           ttft p50=141214ms p75=159314ms p95=174585ms p99=184470ms
                           itl  p50=236ms  p75=294ms  p95=507ms  p99=573ms
                           e2e  p50=212974ms p75=290433ms p95=539929ms p99=801263ms
                           intvty p50=4      p75=5      p95=10     p99=16 (1/tpot tok/s)
                           isl  p50=84,939    p75=115,323   p90=141,768   p99=193,772 (tokens)
                           osl  p50=296       p75=682       p90=1,210     p99=3,137 (tokens)
                           tot  in=11,951,914     out=75,526
                           trace theoretical_prefix_cache_hit=96.4%
                           srv  prefix_cache_hit=0.4% unique_in_srv=335,227,382 kv_usage=88.5% queue=27r/22w tput_in_srv=11,199/s tput_out_srv=119/s
2026-06-04 05:40:20.477 - records_manager - INFO - [realtime 18:59 profiling] rps=0.2 (avg 0.1) tput_in=10775/s tput_out=68/s done=146 ok=146 err=0
                           ttft p50=142138ms p75=161855ms p95=174303ms p99=184404ms
                           itl  p50=238ms  p75=296ms  p95=506ms  p99=571ms
                           e2e  p50=212806ms p75=290790ms p95=527203ms p99=800884ms
                           intvty p50=4      p75=5      p95=10     p99=16 (1/tpot tok/s)
                           isl  p50=84,774    p75=115,274   p90=141,332   p99=193,723 (tokens)
                           osl  p50=294       p75=695       p90=1,198     p99=3,135 (tokens)
                           tot  in=12,273,690     out=77,926
                           trace theoretical_prefix_cache_hit=96.1%
                           srv  prefix_cache_hit=0.3% unique_in_srv=357,582,170 kv_usage=93.9% queue=28r/21w tput_in_srv=11,280/s tput_out_srv=119/s
2026-06-04 05:40:50.889 - records_manager - INFO - [realtime 19:30 profiling] rps=0.0 (avg 0.1) tput_in=10713/s tput_out=69/s done=147 ok=147 err=0
                           ttft p50=142269ms p75=162249ms p95=175440ms p99=184981ms
                           itl  p50=238ms  p75=296ms  p95=506ms  p99=570ms
                           e2e  p50=213462ms p75=291247ms p95=623434ms p99=825188ms
                           intvty p50=4      p75=5      p95=10     p99=16 (1/tpot tok/s)
                           isl  p50=84,939    p75=115,274   p90=143,204   p99=193,714 (tokens)
                           osl  p50=296       p75=708       p90=1,244     p99=3,134 (tokens)
                           tot  in=12,464,425     out=80,622
                           trace theoretical_prefix_cache_hit=96.2%
                           srv  prefix_cache_hit=0.3% unique_in_srv=368,495,350 kv_usage=94.1% queue=30r/20w tput_in_srv=11,208/s tput_out_srv=119/s
2026-06-04 05:41:21.321 - records_manager - INFO - [realtime 20:00 profiling] rps=0.1 (avg 0.1) tput_in=10659/s tput_out=70/s done=151 ok=151 err=0
                           ttft p50=142880ms p75=162285ms p95=175196ms p99=184980ms
                           itl  p50=237ms  p75=295ms  p95=506ms  p99=569ms
                           e2e  p50=215812ms p75=291247ms p95=599576ms p99=823662ms
                           intvty p50=4      p75=5      p95=10     p99=16 (1/tpot tok/s)
                           isl  p50=84,602    p75=115,100   p90=141,768   p99=193,675 (tokens)
                           osl  p50=300       p75=708       p90=1,210     p99=3,132 (tokens)
                           tot  in=12,652,286     out=82,548
                           trace theoretical_prefix_cache_hit=95.9%
                           srv  prefix_cache_hit=0.3% unique_in_srv=384,414,759 kv_usage=98.2% queue=28r/23w tput_in_srv=11,152/s tput_out_srv=119/s
2026-06-04 05:41:51.803 - records_manager - INFO - [realtime 20:31 profiling] rps=0.1 (avg 0.1) tput_in=10608/s tput_out=71/s done=154 ok=154 err=0
                           ttft p50=144101ms p75=163900ms p95=175013ms p99=184980ms
                           itl  p50=238ms  p75=294ms  p95=505ms  p99=568ms
                           e2e  p50=217784ms p75=305913ms p95=663390ms p99=822518ms
                           intvty p50=4      p75=5      p95=10     p99=15 (1/tpot tok/s)
                           isl  p50=84,759    p75=115,274   p90=141,371   p99=193,646 (tokens)
                           osl  p50=317       p75=717       p90=1,305     p99=3,131 (tokens)
                           tot  in=12,923,068     out=86,409
                           trace theoretical_prefix_cache_hit=95.9%
                           srv  prefix_cache_hit=0.3% unique_in_srv=391,447,725 kv_usage=99.6% queue=28r/21w tput_in_srv=11,180/s tput_out_srv=119/s
2026-06-04 05:42:22.272 - records_manager - INFO - [realtime 21:01 profiling] rps=0.1 (avg 0.1) tput_in=10596/s tput_out=73/s done=157 ok=157 err=0
                           ttft p50=144402ms p75=164048ms p95=174830ms p99=184980ms
                           itl  p50=237ms  p75=293ms  p95=505ms  p99=566ms
                           e2e  p50=218729ms p75=314531ms p95=679445ms p99=886683ms
                           intvty p50=4      p75=5      p95=10     p99=15 (1/tpot tok/s)
                           isl  p50=84,939    p75=115,323   p90=142,128   p99=193,616 (tokens)
                           osl  p50=318       p75=722       p90=1,320     p99=3,362 (tokens)
                           tot  in=13,272,914     out=91,706
                           trace theoretical_prefix_cache_hit=95.3%
                           srv  prefix_cache_hit=0.3% unique_in_srv=407,420,332 kv_usage=97.6% queue=28r/19w tput_in_srv=11,191/s tput_out_srv=120/s
2026-06-04 05:42:52.813 - records_manager - INFO - [realtime 21:32 profiling] rps=0.2 (avg 0.1) tput_in=10738/s tput_out=74/s done=162 ok=162 err=0
                           ttft p50=145016ms p75=165142ms p95=178332ms p99=185008ms
                           itl  p50=236ms  p75=290ms  p95=504ms  p99=564ms
                           e2e  p50=217784ms p75=314607ms p95=678589ms p99=881757ms
                           intvty p50=4      p75=5      p95=10     p99=15 (1/tpot tok/s)
                           isl  p50=84,774    p75=115,274   p90=142,846   p99=193,568 (tokens)
                           osl  p50=317       p75=738       p90=1,309     p99=3,339 (tokens)
                           tot  in=13,738,025     out=94,379
                           trace theoretical_prefix_cache_hit=95.1%
                           srv  prefix_cache_hit=0.3% unique_in_srv=411,159,476 kv_usage=95.2% queue=27r/18w tput_in_srv=11,194/s tput_out_srv=119/s
2026-06-04 05:43:13.767 - AgenticReplayTiming - INFO - Terminating trajectory 1186d32070428ea303de493d61ee3effd467 early at turn 27/38: context-overflow error from server
2026-06-04 05:43:23.328 - records_manager - INFO - [realtime 22:02 profiling] rps=0.2 (avg 0.1) tput_in=10634/s tput_out=73/s done=167 ok=167 err=0
                           ttft p50=145186ms p75=165152ms p95=178374ms p99=185747ms
                           itl  p50=236ms  p75=289ms  p95=500ms  p99=563ms
                           e2e  p50=219790ms p75=314607ms p95=673523ms p99=877816ms
                           intvty p50=4      p75=5      p95=10     p99=15 (1/tpot tok/s)
                           isl  p50=84,774    p75=115,274   p90=142,271   p99=193,529 (tokens)
                           osl  p50=318       p75=738       p90=1,322     p99=3,320 (tokens)
                           tot  in=14,056,193     out=97,011
                           trace theoretical_prefix_cache_hit=95.2%
                           srv  prefix_cache_hit=0.3% unique_in_srv=431,116,829 kv_usage=96.1% queue=26r/20w tput_in_srv=11,135/s tput_out_srv=120/s
2026-06-04 05:43:53.859 - records_manager - INFO - [realtime 22:33 profiling] rps=0.1 (avg 0.1) tput_in=10764/s tput_out=73/s done=171 ok=171 err=0
                           ttft p50=147381ms p75=165993ms p95=183675ms p99=193882ms
                           itl  p50=235ms  p75=286ms  p95=497ms  p99=561ms
                           e2e  p50=224963ms p75=314607ms p95=668456ms p99=873876ms
                           intvty p50=4      p75=5      p95=10     p99=15 (1/tpot tok/s)
                           isl  p50=85,104    p75=115,471   p90=143,277   p99=193,490 (tokens)
                           osl  p50=317       p75=738       p90=1,313     p99=3,302 (tokens)
                           tot  in=14,505,170     out=98,763
                           trace theoretical_prefix_cache_hit=95.3%
                           srv  prefix_cache_hit=0.3% unique_in_srv=435,648,169 kv_usage=92.9% queue=28r/21w tput_in_srv=11,217/s tput_out_srv=119/s
2026-06-04 05:44:24.448 - records_manager - INFO - [realtime 23:03 profiling] rps=0.1 (avg 0.1) tput_in=10647/s tput_out=73/s done=174 ok=174 err=0
                           ttft p50=147456ms p75=166324ms p95=184980ms p99=199752ms
                           itl  p50=236ms  p75=287ms  p95=494ms  p99=560ms
                           e2e  p50=226816ms p75=316963ms p95=664657ms p99=870920ms
                           intvty p50=4      p75=5      p95=10     p99=15 (1/tpot tok/s)
                           isl  p50=84,939    p75=115,552   p90=142,702   p99=193,461 (tokens)
                           osl  p50=310       p75=742       p90=1,329     p99=3,288 (tokens)
                           tot  in=14,693,388     out=100,471
                           trace theoretical_prefix_cache_hit=95.3%
                           srv  prefix_cache_hit=0.3% unique_in_srv=440,966,158 kv_usage=98.8% queue=29r/20w tput_in_srv=11,209/s tput_out_srv=118/s
2026-06-04 05:44:55.013 - records_manager - INFO - [realtime 23:34 profiling] rps=0.1 (avg 0.1) tput_in=10657/s tput_out=73/s done=178 ok=178 err=0
                           ttft p50=148086ms p75=167782ms p95=185532ms p99=203168ms
                           itl  p50=236ms  p75=285ms  p95=490ms  p99=558ms
                           e2e  p50=227665ms p75=316963ms p95=679445ms p99=866979ms
                           intvty p50=4      p75=5      p95=10     p99=15 (1/tpot tok/s)
                           isl  p50=85,205    p75=115,552   p90=143,923   p99=193,422 (tokens)
                           osl  p50=300       p75=742       p90=1,385     p99=3,270 (tokens)
                           tot  in=15,043,556     out=102,917
                           trace theoretical_prefix_cache_hit=95.3%
                           srv  prefix_cache_hit=0.3% unique_in_srv=448,431,549 kv_usage=98.2% queue=29r/20w tput_in_srv=11,229/s tput_out_srv=118/s
2026-06-04 05:45:25.611 - records_manager - INFO - [realtime 24:04 profiling] rps=0.2 (avg 0.1) tput_in=10599/s tput_out=74/s done=184 ok=184 err=0
                           ttft p50=149317ms p75=168200ms p95=189816ms p99=213388ms
                           itl  p50=236ms  p75=284ms  p95=484ms  p99=555ms
                           e2e  p50=230122ms p75=332382ms p95=677322ms p99=861068ms
                           intvty p50=4      p75=5      p95=10     p99=15 (1/tpot tok/s)
                           isl  p50=84,602    p75=115,274   p90=142,702   p99=193,364 (tokens)
                           osl  p50=310       p75=750       p90=1,375     p99=3,242 (tokens)
                           tot  in=15,304,273     out=106,992
                           trace theoretical_prefix_cache_hit=95.3%
                           srv  prefix_cache_hit=0.3% unique_in_srv=463,466,036 kv_usage=97.2% queue=26r/22w tput_in_srv=11,171/s tput_out_srv=120/s
2026-06-04 05:45:49.898 - AgenticReplayTiming - INFO - Terminating trajectory 2de8538029066d95b4ff113d5750eb403cb7 early at turn 57/108: context-overflow error from server
2026-06-04 05:45:56.281 - records_manager - INFO - [realtime 24:35 profiling] rps=0.2 (avg 0.1) tput_in=10729/s tput_out=76/s done=190 ok=190 err=0
                           ttft p50=149645ms p75=168353ms p95=189074ms p99=213040ms
                           itl  p50=234ms  p75=282ms  p95=474ms  p99=553ms
                           e2e  p50=230398ms p75=336567ms p95=670990ms p99=856142ms
                           intvty p50=4      p75=5      p95=10     p99=15 (1/tpot tok/s)
                           isl  p50=84,444    p75=115,274   p90=143,708   p99=194,205 (tokens)
                           osl  p50=318       p75=781       p90=1,404     p99=3,219 (tokens)
                           tot  in=15,713,681     out=111,339
                           trace theoretical_prefix_cache_hit=95.3%
                           srv  prefix_cache_hit=0.3% unique_in_srv=476,633,091 kv_usage=95.2% queue=27r/21w tput_in_srv=11,153/s tput_out_srv=121/s
2026-06-04 05:46:26.932 - records_manager - INFO - [realtime 25:06 profiling] rps=0.1 (avg 0.1) tput_in=10659/s tput_out=75/s done=193 ok=193 err=0
                           ttft p50=149631ms p75=168364ms p95=188629ms p99=212832ms
                           itl  p50=234ms  p75=281ms  p95=467ms  p99=552ms
                           e2e  p50=230122ms p75=336044ms p95=667190ms p99=853187ms
                           intvty p50=4      p75=5      p95=10     p99=15 (1/tpot tok/s)
                           isl  p50=84,602    p75=115,182   p90=143,061   p99=194,194 (tokens)
                           osl  p50=319       p75=762       p90=1,386     p99=3,205 (tokens)
                           tot  in=15,933,824     out=112,461
                           trace theoretical_prefix_cache_hit=95.4%
                           srv  prefix_cache_hit=0.3% unique_in_srv=487,646,218 kv_usage=98.8% queue=26r/23w tput_in_srv=11,103/s tput_out_srv=120/s
2026-06-04 05:46:57.640 - records_manager - INFO - [realtime 25:36 profiling] rps=0.1 (avg 0.1) tput_in=10622/s tput_out=76/s done=197 ok=197 err=0
                           ttft p50=150200ms p75=168550ms p95=188036ms p99=212554ms
                           itl  p50=234ms  p75=280ms  p95=459ms  p99=550ms
                           e2e  p50=230122ms p75=336044ms p95=679788ms p99=866226ms
                           intvty p50=4      p75=5      p95=10     p99=15 (1/tpot tok/s)
                           isl  p50=84,602    p75=115,182   p90=142,415   p99=194,178 (tokens)
                           osl  p50=319       p75=762       p90=1,421     p99=3,186 (tokens)
                           tot  in=16,297,002     out=116,179
                           trace theoretical_prefix_cache_hit=95.4%
                           srv  prefix_cache_hit=0.2% unique_in_srv=500,225,167 kv_usage=97.3% queue=25r/23w tput_in_srv=11,157/s tput_out_srv=120/s
2026-06-04 05:47:28.366 - records_manager - INFO - [realtime 26:07 profiling] rps=0.2 (avg 0.1) tput_in=10728/s tput_out=83/s done=202 ok=202 err=0
                           ttft p50=150510ms p75=168713ms p95=189981ms p99=212206ms
                           itl  p50=234ms  p75=279ms  p95=449ms  p99=548ms
                           e2e  p50=230398ms p75=336567ms p95=704167ms p99=1215436ms
                           intvty p50=4      p75=5      p95=10     p99=15 (1/tpot tok/s)
                           isl  p50=84,774    p75=115,252   p90=141,696   p99=194,159 (tokens)
                           osl  p50=320       p75=781       p90=1,448     p99=4,551 (tokens)
                           tot  in=16,794,151     out=129,262
                           trace theoretical_prefix_cache_hit=95.6%
                           srv  prefix_cache_hit=0.2% unique_in_srv=509,487,892 kv_usage=93.1% queue=26r/20w tput_in_srv=11,169/s tput_out_srv=120/s
2026-06-04 05:47:59.174 - records_manager - INFO - [realtime 26:38 profiling] rps=0.2 (avg 0.1) tput_in=10807/s tput_out=83/s done=209 ok=209 err=0
                           ttft p50=150954ms p75=169218ms p95=189602ms p99=211844ms
                           itl  p50=234ms  p75=280ms  p95=444ms  p99=547ms
                           e2e  p50=231692ms p75=336682ms p95=697801ms p99=1195617ms
                           intvty p50=4      p75=5      p95=10     p99=15 (1/tpot tok/s)
                           isl  p50=84,766    p75=114,831   p90=141,313   p99=194,102 (tokens)
                           osl  p50=321       p75=790       p90=1,442     p99=4,474 (tokens)
                           tot  in=17,257,770     out=132,856
                           trace theoretical_prefix_cache_hit=95.4%
                           srv  prefix_cache_hit=0.2% unique_in_srv=510,412,744 kv_usage=92.6% queue=26r/20w tput_in_srv=11,228/s tput_out_srv=119/s
2026-06-04 05:48:29.969 - records_manager - INFO - [realtime 27:09 profiling] rps=0.2 (avg 0.1) tput_in=10842/s tput_out=84/s done=214 ok=214 err=0
                           ttft p50=150934ms p75=168904ms p95=189241ms p99=211621ms
                           itl  p50=235ms  p75=280ms  p95=443ms  p99=547ms
                           e2e  p50=230398ms p75=337061ms p95=708583ms p99=1182209ms
                           intvty p50=4      p75=5      p95=10     p99=15 (1/tpot tok/s)
                           isl  p50=84,774    p75=114,754   p90=141,217   p99=194,054 (tokens)
                           osl  p50=320       p75=808       p90=1,444     p99=4,429 (tokens)
                           tot  in=17,622,539     out=136,722
                           trace theoretical_prefix_cache_hit=95.4%
                           srv  prefix_cache_hit=0.2% unique_in_srv=517,409,311 kv_usage=95.2% queue=28r/19w tput_in_srv=11,250/s tput_out_srv=119/s
2026-06-04 05:49:00.864 - records_manager - INFO - [realtime 27:40 profiling] rps=0.2 (avg 0.1) tput_in=10839/s tput_out=88/s done=219 ok=219 err=0
                           ttft p50=150845ms p75=168661ms p95=188879ms p99=211399ms
                           itl  p50=236ms  p75=279ms  p95=442ms  p99=547ms
                           e2e  p50=231692ms p75=337879ms p95=714190ms p99=1481491ms
                           intvty p50=4      p75=5      p95=10     p99=15 (1/tpot tok/s)
                           isl  p50=84,602    p75=114,601   p90=141,052   p99=194,005 (tokens)
                           osl  p50=319       p75=834       p90=1,480     p99=5,842 (tokens)
                           tot  in=17,936,128     out=145,738
                           trace theoretical_prefix_cache_hit=95.3%
                           srv  prefix_cache_hit=0.2% unique_in_srv=527,215,119 kv_usage=96.5% queue=28r/19w tput_in_srv=11,246/s tput_out_srv=119/s
2026-06-04 05:49:31.743 - records_manager - INFO - [realtime 28:11 profiling] rps=0.2 (avg 0.1) tput_in=10887/s tput_out=88/s done=224 ok=224 err=0
                           ttft p50=150510ms p75=168608ms p95=188518ms p99=211176ms
                           itl  p50=236ms  p75=279ms  p95=441ms  p99=547ms
                           e2e  p50=230398ms p75=337325ms p95=714102ms p99=1465464ms
                           intvty p50=4      p75=5      p95=11     p99=15 (1/tpot tok/s)
                           isl  p50=84,444    p75=114,601   p90=140,887   p99=193,957 (tokens)
                           osl  p50=320       p75=819       p90=1,465     p99=5,764 (tokens)
                           tot  in=18,329,174     out=147,700
                           trace theoretical_prefix_cache_hit=95.2%
                           srv  prefix_cache_hit=0.2% unique_in_srv=540,085,250 kv_usage=93.3% queue=26r/23w tput_in_srv=11,222/s tput_out_srv=119/s
2026-06-04 05:50:02.676 - records_manager - INFO - [realtime 28:41 profiling] rps=0.1 (avg 0.1) tput_in=10712/s tput_out=86/s done=226 ok=226 err=0
                           ttft p50=149645ms p75=168492ms p95=188366ms p99=211087ms
                           itl  p50=235ms  p75=278ms  p95=440ms  p99=547ms
                           e2e  p50=230398ms p75=337061ms p95=712999ms p99=1459053ms
                           intvty p50=4      p75=5      p95=11     p99=15 (1/tpot tok/s)
                           isl  p50=84,120    p75=114,590   p90=140,552   p99=193,937 (tokens)
                           osl  p50=322       p75=808       p90=1,461     p99=5,733 (tokens)
                           tot  in=18,426,020     out=148,722
                           trace theoretical_prefix_cache_hit=95.1%
                           srv  prefix_cache_hit=0.2% unique_in_srv=561,033,935 kv_usage=98.8% queue=26r/24w tput_in_srv=11,208/s tput_out_srv=120/s
2026-06-04 05:50:33.580 - records_manager - INFO - [realtime 29:12 profiling] rps=0.2 (avg 0.1) tput_in=10852/s tput_out=87/s done=233 ok=233 err=0
                           ttft p50=149589ms p75=168364ms p95=187834ms p99=210775ms
                           itl  p50=234ms  p75=278ms  p95=439ms  p99=547ms
                           e2e  p50=231692ms p75=337193ms p95=709135ms p99=1436615ms
                           intvty p50=4      p75=5      p95=10     p99=15 (1/tpot tok/s)
                           isl  p50=84,282    p75=114,601   p90=139,381   p99=193,869 (tokens)
                           osl  p50=329       p75=814       p90=1,446     p99=5,624 (tokens)
                           tot  in=19,010,165     out=152,892
                           trace theoretical_prefix_cache_hit=95.2%
                           srv  prefix_cache_hit=0.2% unique_in_srv=573,564,573 kv_usage=95.8% queue=26r/25w tput_in_srv=11,223/s tput_out_srv=120/s
2026-06-04 05:51:04.570 - records_manager - INFO - [realtime 29:43 profiling] rps=0.1 (avg 0.1) tput_in=10811/s tput_out=87/s done=236 ok=236 err=0
                           ttft p50=149278ms p75=168330ms p95=187606ms p99=210641ms
                           itl  p50=234ms  p75=278ms  p95=442ms  p99=573ms
                           e2e  p50=230398ms p75=337325ms p95=707479ms p99=1426998ms
                           intvty p50=4      p75=5      p95=10     p99=15 (1/tpot tok/s)
                           isl  p50=84,120    p75=114,601   p90=138,196   p99=193,840 (tokens)
                           osl  p50=327       p75=819       p90=1,461     p99=5,577 (tokens)
                           tot  in=19,226,651     out=154,734
                           trace theoretical_prefix_cache_hit=95.1%
                           srv  prefix_cache_hit=0.2% unique_in_srv=576,190,682 kv_usage=99.2% queue=29r/20w tput_in_srv=11,259/s tput_out_srv=120/s
2026-06-04 05:51:20.704 - PhaseRunner - INFO - Timeout of 1799.999444083s elapsed for event 'profiling phase sending'
2026-06-04 05:51:20.704 - PhaseRunner - NOTICE - Phase profiling sending complete | sent=286, completed=239, in_flight=47 | sessions: sent=4, completed=1 | timeout_triggered=True
2026-06-04 05:51:20.705 - PhaseRunner - INFO - Waiting for event 'profiling phase credits returned' with timeout of 29.99880039300001s
2026-06-04 05:51:20.705 - records_manager - INFO - Sent 286 requests. Waiting for all to complete...
2026-06-04 05:51:35.560 - records_manager - INFO - [realtime 30:14 profiling] rps=0.1 (avg 0.1) tput_in=10864/s tput_out=91/s done=240 ok=240 err=0
                           ttft p50=149017ms p75=168177ms p95=187302ms p99=210463ms
                           itl  p50=234ms  p75=277ms  p95=441ms  p99=572ms
                           e2e  p50=230398ms p75=339543ms p95=714173ms p99=1535332ms
                           intvty p50=4      p75=5      p95=10     p99=15 (1/tpot tok/s)
                           isl  p50=84,120    p75=114,601   p90=139,883   p99=193,801 (tokens)
                           osl  p50=331       p75=861       p90=1,477     p99=6,092 (tokens)
                           tot  in=19,600,311     out=164,119
                           trace theoretical_prefix_cache_hit=95.2%
                           srv  prefix_cache_hit=0.2% unique_in_srv=586,034,908 kv_usage=97.6% queue=29r/17w tput_in_srv=11,216/s tput_out_srv=120/s
2026-06-04 05:51:50.704 - PhaseRunner - INFO - Timeout of 29.99880039300001s elapsed for event 'profiling phase credits returned'
2026-06-04 05:51:50.704 - PhaseRunner - WARNING - Phase profiling timed out, cancelling all credits. Stats: sent=286, completed=242, cancelled=0, in_flight=44
2026-06-04 05:51:50.705 - StickyCreditRouter_1831f52d - INFO - Sent cancellation requests for 44 in-flight credits across 30 workers
2026-06-04 05:51:50.705 - PhaseRunner - INFO - Waiting for all cancelled credits to be returned for phase profiling. Need 44 more credits.
2026-06-04 05:51:50.709 - PhaseRunner - INFO - All cancelled credits returned for phase profiling
2026-06-04 05:51:50.709 - PhaseRunner - NOTICE - Phase profiling complete | completed=242, cancelled=44, errors=0 | sessions: completed=1, cancelled=0 | elapsed=1830.01s | grace_period_timeout=True
2026-06-04 05:51:50.709 - aiperf.timing.branch_orchestrator - INFO - BranchOrchestrator stats: spawned=6 completed=3 errored=0 suspended=2 resumed=0 parents_failed_due_to_child_error=0 joins_suppressed=3
2026-06-04 05:51:50.709 - PhaseOrchestrator_4c00b025 - NOTICE - All credits completed
2026-06-04 05:51:50.710 - system_controller - INFO - Received credits complete from 'timing_manager'
2026-06-04 05:51:50.710 - records_manager - INFO - Received CREDIT_PHASE_COMPLETE message, Phase complete: PhaseRecordsStats(phase=CreditPhase.PROFILING, start_ns=1780550480704052530, sent_end_ns=1780552280704827320, requests_end_ns=1780552310709341892, total_expected_requests=None, expected_duration_sec=None, expected_num_sessions=None, expected_grace_period_sec=None, final_requests_sent=None, final_requests_completed=242, final_requests_cancelled=44, final_request_errors=0, final_sent_sessions=None, final_completed_sessions=None, final_cancelled_sessions=None, timeout_triggered=True, grace_period_timeout_triggered=True, was_cancelled=False, records_end_ns=None, success_records=242, error_records=0)
2026-06-04 05:51:50.710 - records_manager - NOTICE - All requests have completed, please wait for the results to be processed (currently 242 of 242 records processed)...
2026-06-04 05:51:50.710 - records_manager - INFO - Processed 242 valid requests and 0 errors (242 total).
2026-06-04 05:51:50.711 - records_manager - INFO - Received all records, processing now...
2026-06-04 05:51:50.711 - records_manager - INFO - All credits complete, please wait for the results to be processed...
2026-06-04 05:51:50.712 - server_metrics_manager - INFO - Server Metrics: Profiling complete, capturing final metrics...
2026-06-04 05:51:50.713 - records_manager - INFO - Waiting 2.0s for server metrics flush period...
2026-06-04 05:51:52.710 - records_manager - INFO - Processing records results...
2026-06-04 05:51:55.770 - RecordExportJSONLWriter_2fd89485 - WARNING - Timeout waiting for 0 pending flush tasks during shutdown. Cancelling tasks and proceeding with cleanup.
2026-06-04 05:51:55.956 - system_controller - INFO - Waiting for server metrics results...
2026-06-04 05:51:55.957 - system_controller - INFO - Waiting for server metrics results...
2026-06-04 05:51:57.036 - records_manager - INFO - _finalize_and_process_results completed
2026-06-04 05:51:57.361 - system_controller - INFO - All results received, initiating shutdown
2026-06-04 05:51:58.163 - ExporterManager - INFO - Exporting all records
2026-06-04 05:51:58.407 - aiperf.common.scenario.validator - INFO - Scenario 'inferencex-agentx-mvp': setting timing_mode=agentic_replay (was at default request_rate).
2026-06-04 05:51:59.154 - aiperf.common.scenario.validator - INFO - Scenario 'inferencex-agentx-mvp': setting timing_mode=agentic_replay (was at default request_rate).
2026-06-04 05:51:59.224 - ExporterManager - INFO - Exporting console data
