2026-06-02 23:11:11.488 - aiperf.cli_runner - INFO - Starting AIPerf System
2026-06-02 23:11:11.718 - system_controller - INFO - Registered Worker Manager (id: 'worker_manager')
2026-06-02 23:11:11.749 - system_controller - INFO - Registered Dataset Manager (id: 'dataset_manager')
2026-06-02 23:11:11.754 - server_metrics_manager - INFO - Server Metrics: Discovered 1 endpoints: ['http://localhost:8888/metrics']
2026-06-02 23:11:11.777 - system_controller - INFO - Registered Gpu Telemetry Manager (id: 'gpu_telemetry_manager')
2026-06-02 23:11:11.778 - system_controller - INFO - Registered Server Metrics Manager (id: 'server_metrics_manager')
2026-06-02 23:11:11.869 - system_controller - INFO - Registered Timing Manager (id: 'timing_manager')
2026-06-02 23:11:11.873 - system_controller - INFO - Registered Worker (id: 'worker_03566ba6')
2026-06-02 23:11:11.881 - system_controller - INFO - Registered Record Processor (id: 'record_processor_0ebfbd71')
2026-06-02 23:11:11.941 - GPUTelemetryJSONLWriter_320652ba - INFO - GPU telemetry export enabled: /workspace/results/aiperf_artifacts/gpu_telemetry_export.jsonl
2026-06-02 23:11:11.943 - RecordExportJSONLWriter_6412f7cf - INFO - Record metrics export enabled: /workspace/results/aiperf_artifacts/profile_export.jsonl
2026-06-02 23:11:12.072 - system_controller - INFO - Registered Records Manager (id: 'records_manager')
2026-06-02 23:11:12.206 - system_controller - INFO - AIPerf System is CONFIGURING
2026-06-02 23:11:12.206 - system_controller - INFO - Configuring all services to start profiling
2026-06-02 23:11:12.207 - InferenceResultParser_c5183c8a - INFO - Tokenization is disabled for this endpoint, skipping tokenizer configuration
2026-06-02 23:11:12.207 - timing_manager - INFO - Waiting for dataset to be configured before configuring timing
2026-06-02 23:11:12.214 - system_controller - INFO - GPU telemetry disabled - no DCGM endpoints reachable
2026-06-02 23:11:12.220 - server_metrics_manager - INFO - Server Metrics: Capturing baseline metrics...
2026-06-02 23:11:12.239 - http://localhost:8888/metrics - INFO - Skipping unsupported summary metric: http_request_size_bytes
2026-06-02 23:11:12.239 - http://localhost:8888/metrics - INFO - Skipping unsupported summary metric: http_response_size_bytes
2026-06-02 23:11:12.240 - system_controller - INFO - Server metrics enabled - 1/1 endpoint(s) reachable.
2026-06-02 23:11:12.247 - dataset_manager - INFO - Memory-mapped dataset cache HIT (key=9ea77629aaffea823767a106cff84381); skipping tokenizer + composer.
2026-06-02 23:11:13.328 - aiperf.dataset.mmap_cache - INFO - Restored mmap cache file dataset.dat via copy in 1.081s (2.10 GiB)
2026-06-02 23:11:13.330 - aiperf.dataset.mmap_cache - INFO - Restored mmap cache file index.dat via copy in 0.001s (0.00 GiB)
2026-06-02 23:11:13.330 - aiperf.dataset.mmap_cache - INFO - Restored mmap cache files in 1.083s via dataset=copy index=copy (dataset=2.10 GiB, index=0.00 GiB)
2026-06-02 23:11:13.577 - dataset_manager - INFO - sampling strategy: sequential, unique conversations: 634, unique turn count: 62664
2026-06-02 23:11:13.769 - dataset_manager - INFO - Dataset client initialized and freed 0 conversations from memory
2026-06-02 23:11:13.875 - aiperf.timing.trajectory_source - INFO - TrajectorySource: built 1 trajectories from 225 traces
  range cfg=[0.25, 0.75]  observed sample pct: min= 39% median= 39% max= 39%
    lane=00  sample_time= 39%  root_next= 14/32  ( 44% turns)  live=1 ready=1  trace_id=00e7d11db2db59f44a87b4110175b11d1af3
2026-06-02 23:11:13.875 - PhaseOrchestrator_385a1dff - INFO - Initialized 2 phase(s): ['Warmup', 'Profiling']
2026-06-02 23:11:13.897 - system_controller - INFO - All services configured in 1.69 seconds
2026-06-02 23:11:13.897 - system_controller - INFO - AIPerf System is CONFIGURED
2026-06-02 23:11:13.898 - server_metrics_manager - INFO - Server Metrics: Started 1 collector(s) successfully
2026-06-02 23:11:13.917 - PhaseRunner - NOTICE - Phase warmup started | target: 1 requests
2026-06-02 23:11:13.917 - AgenticReplayTiming - INFO - WARMUP execute: dispatching 1 trajectory credits
2026-06-02 23:11:13.918 - PhaseRunner - NOTICE - Phase warmup sending complete | sent=1, completed=0, in_flight=1
2026-06-02 23:11:14.060 - records_manager - INFO - Credit phase start: warmup
2026-06-02 23:11:14.061 - system_controller - INFO - All services started profiling successfully
2026-06-02 23:11:14.061 - system_controller - INFO - AIPerf System is PROFILING
2026-06-02 23:11:39.454 - PhaseRunner - NOTICE - Phase warmup complete | completed=1, cancelled=0, errors=0 | elapsed=25.54s
2026-06-02 23:11:39.455 - aiperf.timing.branch_orchestrator - INFO - BranchOrchestrator stats: spawned=0 completed=0 errored=0 suspended=0 resumed=0 parents_failed_due_to_child_error=0 joins_suppressed=0
2026-06-02 23:11:39.464 - AgenticReplayTiming - INFO - PROFILING setup: trajectories=1 traces, recycle_queue=225 traces (full pool)
2026-06-02 23:11:39.464 - PhaseRunner - NOTICE - Phase profiling started | target: 1800.0s duration
2026-06-02 23:11:39.465 - records_manager - INFO - Credit phase start: profiling
2026-06-02 23:11:39.465 - PhaseRunner - INFO - Waiting for event 'profiling phase sending' with timeout of 1799.999512087s
2026-06-02 23:11:39.465 - AgenticReplayTiming - INFO - PROFILING execute: resuming 1 trajectory sessions
2026-06-02 23:12:41.987 - records_manager - INFO - [realtime 01:02 profiling] rps=0.1 (avg 0.1) tput_in=3761/s tput_out=10/s done=1 ok=1 err=0
                           ttft p50=18147ms p75=18147ms p95=18147ms p99=18147ms
                           itl  p50=7ms    p75=7ms    p95=7ms    p99=7ms
                           e2e  p50=19544ms p75=19544ms p95=19544ms p99=19544ms
                           intvty p50=142    p75=142    p95=142    p99=142 (1/tpot tok/s)
                           isl  p50=73,503    p75=73,503    p90=73,503    p99=73,503 (tokens)
                           osl  p50=199       p75=199       p90=199       p99=199 (tokens)
                           tot  in=73,503         out=199
                           trace theoretical_prefix_cache_hit=94.2%
                           srv  prefix_cache_hit=50.0% unique_in_srv=73,534 kv_usage=0.0% queue=0r/0w tput_in_srv=1,639/s tput_out_srv=4/s
2026-06-02 23:13:12.000 - records_manager - INFO - [realtime 01:32 profiling] rps=0.1 (avg 0.1) tput_in=5796/s tput_out=34/s done=4 ok=4 err=0
                           ttft p50=2967ms p75=8506ms p95=16218ms p99=17761ms
                           itl  p50=7ms    p75=7ms    p95=7ms    p99=7ms
                           e2e  p50=7744ms p75=14688ms p95=18573ms p99=19350ms
                           intvty p50=142    p75=142    p95=142    p99=142 (1/tpot tok/s)
                           isl  p50=74,220    p75=75,633    p90=77,825    p99=79,140 (tokens)
                           osl  p50=242       p75=461       p90=846       p99=1,076 (tokens)
                           tot  in=301,229        out=1,784
                           trace theoretical_prefix_cache_hit=96.7%
                           srv  prefix_cache_hit=78.8% unique_in_srv=79,372 kv_usage=0.0% queue=0r/0w tput_in_srv=3,130/s tput_out_srv=17/s
2026-06-02 23:13:42.012 - records_manager - INFO - [realtime 02:02 profiling] rps=0.0 (avg 0.1) tput_in=5796/s tput_out=34/s done=4 ok=4 err=0
                           ttft p50=2967ms p75=8506ms p95=16218ms p99=17761ms
                           itl  p50=7ms    p75=7ms    p95=7ms    p99=7ms
                           e2e  p50=7744ms p75=14688ms p95=18573ms p99=19350ms
                           intvty p50=142    p75=142    p95=142    p99=142 (1/tpot tok/s)
                           isl  p50=74,220    p75=75,633    p90=77,825    p99=79,140 (tokens)
                           osl  p50=242       p75=461       p90=846       p99=1,076 (tokens)
                           tot  in=301,229        out=1,784
                           trace theoretical_prefix_cache_hit=96.7%
                           srv  prefix_cache_hit=78.8% unique_in_srv=79,372 kv_usage=0.0% queue=0r/0w tput_in_srv=2,503/s tput_out_srv=13/s
2026-06-02 23:14:12.028 - records_manager - INFO - [realtime 02:32 profiling] rps=0.1 (avg 0.1) tput_in=4205/s tput_out=28/s done=6 ok=6 err=0
                           ttft p50=561ms  p75=4130ms p95=14933ms p99=17504ms
                           itl  p50=7ms    p75=7ms    p95=7ms    p99=7ms
                           e2e  p50=5260ms p75=11472ms p95=17925ms p99=19220ms
                           intvty p50=140    p75=142    p95=142    p99=142 (1/tpot tok/s)
                           isl  p50=76,850    p75=79,917    p90=80,772    p99=81,352 (tokens)
                           osl  p50=358       p75=763       p90=982       p99=1,090 (tokens)
                           tot  in=462,773        out=3,115
                           trace theoretical_prefix_cache_hit=97.4%
                           srv  prefix_cache_hit=84.8% unique_in_srv=81,556 kv_usage=0.0% queue=0r/0w tput_in_srv=2,983/s tput_out_srv=18/s
2026-06-02 23:14:42.044 - records_manager - INFO - [realtime 03:02 profiling] rps=0.0 (avg 0.1) tput_in=3960/s tput_out=43/s done=7 ok=7 err=0
                           ttft p50=501ms  p75=2967ms p95=14290ms p99=17375ms
                           itl  p50=7ms    p75=7ms    p95=7ms    p99=7ms
                           e2e  p50=6682ms p75=16307ms p95=20125ms p99=20324ms
                           intvty p50=139    p75=142    p95=142    p99=142 (1/tpot tok/s)
                           isl  p50=79,286    p75=80,772    p90=82,061    p99=82,930 (tokens)
                           osl  p50=470       p75=982       p90=1,766     p99=2,662 (tokens)
                           tot  in=545,800        out=5,877
                           trace theoretical_prefix_cache_hit=97.5%
                           srv  prefix_cache_hit=86.6% unique_in_srv=83,175 kv_usage=0.0% queue=0r/0w tput_in_srv=2,953/s tput_out_srv=29/s
2026-06-02 23:15:12.067 - records_manager - INFO - [realtime 03:32 profiling] rps=0.0 (avg 0.1) tput_in=4062/s tput_out=39/s done=8 ok=8 err=0
                           ttft p50=493ms  p75=1804ms p95=13648ms p99=17247ms
                           itl  p50=7ms    p75=7ms    p95=7ms    p99=7ms
                           e2e  p50=5260ms p75=14688ms p95=20084ms p99=20316ms
                           intvty p50=139    p75=142    p95=142    p99=142 (1/tpot tok/s)
                           isl  p50=79,706    p75=81,820    p90=83,354    p99=84,040 (tokens)
                           osl  p50=358       p75=921       p90=1,600     p99=2,646 (tokens)
                           tot  in=629,916        out=6,081
                           trace theoretical_prefix_cache_hit=97.6%
                           srv  prefix_cache_hit=88.0% unique_in_srv=84,283 kv_usage=0.0% queue=0r/0w tput_in_srv=2,934/s tput_out_srv=26/s
2026-06-02 23:15:42.090 - records_manager - INFO - [realtime 04:02 profiling] rps=0.0 (avg 0.0) tput_in=3752/s tput_out=33/s done=9 ok=9 err=0
                           ttft p50=486ms  p75=641ms  p95=13005ms p99=17118ms
                           itl  p50=7ms    p75=7ms    p95=7ms    p99=7ms
                           e2e  p50=3837ms p75=13069ms p95=20042ms p99=20308ms
                           intvty p50=139    p75=142    p95=142    p99=142 (1/tpot tok/s)
                           isl  p50=80,127    p75=83,027    p90=84,169    p99=84,359 (tokens)
                           osl  p50=267       p75=861       p90=1,434     p99=2,629 (tokens)
                           tot  in=714,296        out=6,348
                           trace theoretical_prefix_cache_hit=97.9%
                           srv  prefix_cache_hit=87.6% unique_in_srv=111,472 kv_usage=4.3% queue=1r/0w tput_in_srv=3,333/s tput_out_srv=31/s
2026-06-02 23:16:12.115 - records_manager - INFO - [realtime 04:32 profiling] rps=0.1 (avg 0.0) tput_in=3981/s tput_out=41/s done=11 ok=11 err=0
                           ttft p50=501ms  p75=1280ms p95=11720ms p99=16861ms
                           itl  p50=7ms    p75=7ms    p95=7ms    p99=7ms
                           e2e  p50=6538ms p75=16307ms p95=20214ms p99=20342ms
                           intvty p50=139    p75=140    p95=142    p99=142 (1/tpot tok/s)
                           isl  p50=81,417    p75=84,248    p90=111,257   p99=112,934 (tokens)
                           osl  p50=470       p75=982       p90=2,486     p99=2,734 (tokens)
                           tot  in=938,673        out=9,627
                           trace theoretical_prefix_cache_hit=95.3%
                           srv  prefix_cache_hit=88.8% unique_in_srv=113,360 kv_usage=0.0% queue=0r/0w tput_in_srv=3,376/s tput_out_srv=33/s
2026-06-02 23:16:42.145 - records_manager - INFO - [realtime 05:02 profiling] rps=0.0 (avg 0.0) tput_in=3981/s tput_out=41/s done=11 ok=11 err=0
                           ttft p50=501ms  p75=1280ms p95=11720ms p99=16861ms
                           itl  p50=7ms    p75=7ms    p95=7ms    p99=7ms
                           e2e  p50=6538ms p75=16307ms p95=20214ms p99=20342ms
                           intvty p50=139    p75=140    p95=142    p99=142 (1/tpot tok/s)
                           isl  p50=81,417    p75=84,248    p90=111,257   p99=112,934 (tokens)
                           osl  p50=470       p75=982       p90=2,486     p99=2,734 (tokens)
                           tot  in=938,673        out=9,627
                           trace theoretical_prefix_cache_hit=95.3%
                           srv  prefix_cache_hit=89.9% unique_in_srv=113,687 kv_usage=4.4% queue=1r/0w tput_in_srv=3,413/s tput_out_srv=40/s
2026-06-02 23:17:12.177 - records_manager - INFO - [realtime 05:32 profiling] rps=0.1 (avg 0.0) tput_in=4374/s tput_out=47/s done=14 ok=14 err=0
                           ttft p50=624ms  p75=747ms  p95=9791ms p99=16476ms
                           itl  p50=7ms    p75=7ms    p95=7ms    p99=7ms
                           e2e  p50=5188ms p75=17925ms p95=22242ms p99=25016ms
                           intvty p50=139    p75=139    p95=142    p99=142 (1/tpot tok/s)
                           isl  p50=83,572    p75=112,654   p90=115,916   p99=117,258 (tokens)
                           osl  p50=448       p75=1,042     p90=2,679     p99=3,284 (tokens)
                           tot  in=1,286,394      out=13,733
                           trace theoretical_prefix_cache_hit=96.3%
                           srv  prefix_cache_hit=91.4% unique_in_srv=117,561 kv_usage=0.0% queue=0r/0w tput_in_srv=3,780/s tput_out_srv=39/s
2026-06-02 23:17:42.212 - records_manager - INFO - [realtime 06:02 profiling] rps=0.0 (avg 0.1) tput_in=4681/s tput_out=46/s done=15 ok=15 err=0
                           ttft p50=617ms  p75=733ms  p95=9149ms p99=16347ms
                           itl  p50=7ms    p75=7ms    p95=7ms    p99=7ms
                           e2e  p50=3837ms p75=16307ms p95=21975ms p99=24963ms
                           intvty p50=139    p75=139    p95=142    p99=142 (1/tpot tok/s)
                           isl  p50=84,116    p75=113,284   p90=117,170   p99=117,580 (tokens)
                           osl  p50=427       p75=982       p90=2,652     p99=3,278 (tokens)
                           tot  in=1,404,020      out=13,928
                           trace theoretical_prefix_cache_hit=96.6%
                           srv  prefix_cache_hit=92.0% unique_in_srv=117,907 kv_usage=0.0% queue=0r/0w tput_in_srv=3,791/s tput_out_srv=36/s
2026-06-02 23:18:12.248 - records_manager - INFO - [realtime 06:32 profiling] rps=0.1 (avg 0.1) tput_in=4843/s tput_out=43/s done=17 ok=17 err=0
                           ttft p50=618ms  p75=761ms  p95=7863ms p99=16090ms
                           itl  p50=7ms    p75=7ms    p95=7ms    p99=7ms
                           e2e  p50=3834ms p75=13069ms p95=21441ms p99=24856ms
                           intvty p50=138    p75=139    p95=142    p99=142 (1/tpot tok/s)
                           isl  p50=84,380    p75=116,974   p90=117,758   p99=118,340 (tokens)
                           osl  p50=405       p75=861       p90=2,596     p99=3,266 (tokens)
                           tot  in=1,640,389      out=14,600
                           trace theoretical_prefix_cache_hit=97.0%
                           srv  prefix_cache_hit=93.1% unique_in_srv=118,724 kv_usage=0.0% queue=0r/0w tput_in_srv=4,083/s tput_out_srv=35/s
2026-06-02 23:18:42.287 - records_manager - INFO - [realtime 07:02 profiling] rps=0.0 (avg 0.1) tput_in=4843/s tput_out=43/s done=17 ok=17 err=0
                           ttft p50=618ms  p75=761ms  p95=7863ms p99=16090ms
                           itl  p50=7ms    p75=7ms    p95=7ms    p99=7ms
                           e2e  p50=3834ms p75=13069ms p95=21441ms p99=24856ms
                           intvty p50=138    p75=139    p95=142    p99=142 (1/tpot tok/s)
                           isl  p50=84,380    p75=116,974   p90=117,758   p99=118,340 (tokens)
                           osl  p50=405       p75=861       p90=2,596     p99=3,266 (tokens)
                           tot  in=1,640,389      out=14,600
                           trace theoretical_prefix_cache_hit=97.0%
                           srv  prefix_cache_hit=93.1% unique_in_srv=118,724 kv_usage=0.0% queue=0r/0w tput_in_srv=3,810/s tput_out_srv=33/s
2026-06-02 23:19:12.328 - records_manager - INFO - [realtime 07:32 profiling] rps=0.1 (avg 0.1) tput_in=4519/s tput_out=37/s done=21 ok=21 err=0
                           ttft p50=618ms  p75=769ms  p95=5292ms p99=15576ms
                           itl  p50=7ms    p75=7ms    p95=7ms    p99=7ms
                           e2e  p50=3632ms p75=6682ms p95=20374ms p99=24643ms
                           intvty p50=139    p75=142    p95=145    p99=164 (1/tpot tok/s)
                           isl  p50=84,116    p75=116,974   p90=117,956   p99=118,880 (tokens)
                           osl  p50=351       p75=793       p90=2,486     p99=3,242 (tokens)
                           tot  in=1,866,212      out=15,422
                           trace theoretical_prefix_cache_hit=94.4%
                           srv  prefix_cache_hit=91.0% unique_in_srv=174,531 kv_usage=0.0% queue=0r/0w tput_in_srv=4,043/s tput_out_srv=33/s
2026-06-02 23:19:42.371 - records_manager - INFO - [realtime 08:02 profiling] rps=0.1 (avg 0.1) tput_in=4489/s tput_out=39/s done=23 ok=23 err=0
                           ttft p50=617ms  p75=765ms  p95=4949ms p99=15319ms
                           itl  p50=7ms    p75=7ms    p95=7ms    p99=7ms
                           e2e  p50=3834ms p75=8220ms p95=20342ms p99=24536ms
                           intvty p50=139    p75=141    p95=145    p99=163 (1/tpot tok/s)
                           isl  p50=83,027    p75=115,210   p90=117,890   p99=118,869 (tokens)
                           osl  p50=352       p75=827       p90=2,254     p99=3,230 (tokens)
                           tot  in=1,981,099      out=17,359
                           trace theoretical_prefix_cache_hit=94.6%
                           srv  prefix_cache_hit=91.4% unique_in_srv=177,482 kv_usage=0.0% queue=0r/0w tput_in_srv=4,030/s tput_out_srv=34/s
2026-06-02 23:20:12.424 - records_manager - INFO - [realtime 08:32 profiling] rps=0.0 (avg 0.1) tput_in=4469/s tput_out=40/s done=24 ok=24 err=0
                           ttft p50=612ms  p75=763ms  p95=4777ms p99=15190ms
                           itl  p50=7ms    p75=7ms    p95=7ms    p99=7ms
                           e2e  p50=3835ms p75=7451ms p95=20326ms p99=24482ms
                           intvty p50=139    p75=141    p95=145    p99=163 (1/tpot tok/s)
                           isl  p50=82,222    p75=114,329   p90=117,857   p99=118,863 (tokens)
                           osl  p50=378       p75=863       p90=2,139     p99=3,224 (tokens)
                           tot  in=2,040,795      out=18,227
                           trace theoretical_prefix_cache_hit=94.6%
                           srv  prefix_cache_hit=91.6% unique_in_srv=183,923 kv_usage=2.5% queue=1r/0w tput_in_srv=4,036/s tput_out_srv=37/s
2026-06-02 23:20:42.476 - records_manager - INFO - [realtime 09:03 profiling] rps=0.0 (avg 0.1) tput_in=4399/s tput_out=41/s done=25 ok=25 err=0
                           ttft p50=608ms  p75=761ms  p95=4605ms p99=15062ms
                           itl  p50=7ms    p75=7ms    p95=7ms    p99=7ms
                           e2e  p50=3837ms p75=9757ms p95=20310ms p99=24429ms
                           intvty p50=139    p75=141    p95=145    p99=163 (1/tpot tok/s)
                           isl  p50=81,417    p75=113,447   p90=117,824   p99=118,857 (tokens)
                           osl  p50=405       p75=868       p90=2,115     p99=3,218 (tokens)
                           tot  in=2,105,300      out=19,786
                           trace theoretical_prefix_cache_hit=94.6%
                           srv  prefix_cache_hit=91.8% unique_in_srv=184,530 kv_usage=2.6% queue=1r/0w tput_in_srv=3,935/s tput_out_srv=40/s
2026-06-02 23:21:12.528 - records_manager - INFO - [realtime 09:33 profiling] rps=0.0 (avg 0.1) tput_in=4187/s tput_out=47/s done=26 ok=26 err=0
                           ttft p50=573ms  p75=747ms  p95=4433ms p99=14933ms
                           itl  p50=7ms    p75=7ms    p95=7ms    p99=7ms
                           e2e  p50=3958ms p75=11104ms p95=24376ms p99=29559ms
                           intvty p50=139    p75=142    p95=145    p99=163 (1/tpot tok/s)
                           isl  p50=80,772    p75=113,365   p90=117,791   p99=118,851 (tokens)
                           osl  p50=416       p75=1,044     p90=2,624     p99=4,079 (tokens)
                           tot  in=2,170,387      out=24,104
                           trace theoretical_prefix_cache_hit=94.7%
                           srv  prefix_cache_hit=91.8% unique_in_srv=184,530 kv_usage=0.0% queue=0r/0w tput_in_srv=3,739/s tput_out_srv=40/s
2026-06-02 23:21:42.577 - records_manager - INFO - [realtime 10:03 profiling] rps=0.0 (avg 0.1) tput_in=4187/s tput_out=47/s done=26 ok=26 err=0
                           ttft p50=573ms  p75=747ms  p95=4433ms p99=14933ms
                           itl  p50=7ms    p75=7ms    p95=7ms    p99=7ms
                           e2e  p50=3958ms p75=11104ms p95=24376ms p99=29559ms
                           intvty p50=139    p75=142    p95=145    p99=163 (1/tpot tok/s)
                           isl  p50=80,772    p75=113,365   p90=117,791   p99=118,851 (tokens)
                           osl  p50=416       p75=1,044     p90=2,624     p99=4,079 (tokens)
                           tot  in=2,170,387      out=24,104
                           trace theoretical_prefix_cache_hit=94.7%
                           srv  prefix_cache_hit=91.8% unique_in_srv=184,530 kv_usage=0.0% queue=0r/0w tput_in_srv=3,561/s tput_out_srv=39/s
2026-06-02 23:22:12.629 - records_manager - INFO - [realtime 10:33 profiling] rps=0.0 (avg 0.0) tput_in=3774/s tput_out=44/s done=27 ok=27 err=0
                           ttft p50=539ms  p75=733ms  p95=4261ms p99=14805ms
                           itl  p50=7ms    p75=7ms    p95=7ms    p99=7ms
                           e2e  p50=4079ms p75=12311ms p95=24109ms p99=29508ms
                           intvty p50=139    p75=142    p95=145    p99=162 (1/tpot tok/s)
                           isl  p50=80,127    p75=113,284   p90=117,758   p99=118,845 (tokens)
                           osl  p50=427       p75=1,215     p90=2,596     p99=4,069 (tokens)
                           tot  in=2,236,184      out=26,053
                           trace theoretical_prefix_cache_hit=94.8%
                           srv  prefix_cache_hit=92.0% unique_in_srv=185,271 kv_usage=0.0% queue=0r/0w tput_in_srv=3,498/s tput_out_srv=40/s
2026-06-02 23:22:42.682 - records_manager - INFO - [realtime 11:03 profiling] rps=0.0 (avg 0.0) tput_in=3728/s tput_out=43/s done=28 ok=28 err=0
                           ttft p50=520ms  p75=719ms  p95=4089ms p99=14676ms
                           itl  p50=7ms    p75=7ms    p95=7ms    p99=7ms
                           e2e  p50=4376ms p75=11932ms p95=23842ms p99=29456ms
                           intvty p50=139    p75=142    p95=145    p99=162 (1/tpot tok/s)
                           isl  p50=79,706    p75=113,202   p90=117,725   p99=118,839 (tokens)
                           osl  p50=448       p75=1,158     p90=2,569     p99=4,060 (tokens)
                           tot  in=2,302,884      out=26,848
                           trace theoretical_prefix_cache_hit=94.9%
                           srv  prefix_cache_hit=92.2% unique_in_srv=186,179 kv_usage=0.0% queue=0r/0w tput_in_srv=3,443/s tput_out_srv=39/s
2026-06-02 23:23:12.739 - records_manager - INFO - [realtime 11:33 profiling] rps=0.0 (avg 0.0) tput_in=3704/s tput_out=43/s done=29 ok=29 err=0
                           ttft p50=501ms  p75=705ms  p95=3917ms p99=14547ms
                           itl  p50=7ms    p75=7ms    p95=7ms    p99=7ms
                           e2e  p50=4673ms p75=11553ms p95=23575ms p99=29405ms
                           intvty p50=139    p75=142    p95=144    p99=162 (1/tpot tok/s)
                           isl  p50=79,286    p75=113,120   p90=117,692   p99=118,833 (tokens)
                           osl  p50=470       p75=1,102     p90=2,541     p99=4,050 (tokens)
                           tot  in=2,370,491      out=27,608
                           trace theoretical_prefix_cache_hit=95.0%
                           srv  prefix_cache_hit=92.3% unique_in_srv=187,098 kv_usage=0.0% queue=0r/0w tput_in_srv=3,393/s tput_out_srv=39/s
2026-06-02 23:23:42.806 - records_manager - INFO - [realtime 12:03 profiling] rps=0.0 (avg 0.0) tput_in=3637/s tput_out=44/s done=30 ok=30 err=0
                           ttft p50=493ms  p75=693ms  p95=3746ms p99=14419ms
                           itl  p50=7ms    p75=7ms    p95=7ms    p99=7ms
                           e2e  p50=5216ms p75=12046ms p95=23309ms p99=29354ms
                           intvty p50=140    p75=142    p95=144    p99=162 (1/tpot tok/s)
                           isl  p50=76,850    p75=112,654   p90=117,659   p99=118,828 (tokens)
                           osl  p50=540       p75=1,272     p90=2,514     p99=4,041 (tokens)
                           tot  in=2,438,743      out=29,285
                           trace theoretical_prefix_cache_hit=95.2%
                           srv  prefix_cache_hit=92.7% unique_in_srv=187,793 kv_usage=2.6% queue=1r/0w tput_in_srv=3,440/s tput_out_srv=41/s
2026-06-02 23:24:12.883 - records_manager - INFO - [realtime 12:33 profiling] rps=0.0 (avg 0.0) tput_in=3627/s tput_out=44/s done=31 ok=31 err=0
                           ttft p50=486ms  p75=680ms  p95=3574ms p99=14290ms
                           itl  p50=7ms    p75=7ms    p95=7ms    p99=7ms
                           e2e  p50=5760ms p75=11882ms p95=23042ms p99=29302ms
                           intvty p50=141    p75=142    p95=144    p99=161 (1/tpot tok/s)
                           isl  p50=74,415    p75=112,188   p90=117,626   p99=118,822 (tokens)
                           osl  p50=609       p75=1,338     p90=2,486     p99=4,031 (tokens)
                           tot  in=2,507,122      out=30,632
                           trace theoretical_prefix_cache_hit=95.3%
                           srv  prefix_cache_hit=92.9% unique_in_srv=187,823 kv_usage=2.7% queue=1r/0w tput_in_srv=3,396/s tput_out_srv=43/s
2026-06-02 23:24:42.950 - records_manager - INFO - [realtime 13:03 profiling] rps=0.0 (avg 0.0) tput_in=3627/s tput_out=44/s done=31 ok=31 err=0
                           ttft p50=486ms  p75=680ms  p95=3574ms p99=14290ms
                           itl  p50=7ms    p75=7ms    p95=7ms    p99=7ms
                           e2e  p50=5760ms p75=11882ms p95=23042ms p99=29302ms
                           intvty p50=141    p75=142    p95=144    p99=161 (1/tpot tok/s)
                           isl  p50=74,415    p75=112,188   p90=117,626   p99=118,822 (tokens)
                           osl  p50=609       p75=1,338     p90=2,486     p99=4,031 (tokens)
                           tot  in=2,507,122      out=30,632
                           trace theoretical_prefix_cache_hit=95.3%
                           srv  prefix_cache_hit=92.9% unique_in_srv=187,823 kv_usage=2.9% queue=1r/0w tput_in_srv=3,269/s tput_out_srv=46/s
2026-06-02 23:25:13.023 - records_manager - INFO - [realtime 13:33 profiling] rps=0.0 (avg 0.0) tput_in=3351/s tput_out=52/s done=32 ok=32 err=0
                           ttft p50=484ms  p75=668ms  p95=3402ms p99=14162ms
                           itl  p50=7ms    p75=7ms    p95=7ms    p99=7ms
                           e2e  p50=5881ms p75=12426ms p95=28019ms p99=57238ms
                           intvty p50=141    p75=142    p95=144    p99=161 (1/tpot tok/s)
                           isl  p50=74,220    p75=111,723   p90=117,593   p99=118,816 (tokens)
                           osl  p50=684       p75=1,400     p90=2,734     p99=8,003 (tokens)
                           tot  in=2,576,400      out=40,291
                           trace theoretical_prefix_cache_hit=95.4%
                           srv  prefix_cache_hit=92.9% unique_in_srv=187,823 kv_usage=0.0% queue=0r/0w tput_in_srv=3,152/s tput_out_srv=48/s
2026-06-02 23:25:43.091 - records_manager - INFO - [realtime 14:03 profiling] rps=0.0 (avg 0.0) tput_in=3351/s tput_out=52/s done=32 ok=32 err=0
                           ttft p50=484ms  p75=668ms  p95=3402ms p99=14162ms
                           itl  p50=7ms    p75=7ms    p95=7ms    p99=7ms
                           e2e  p50=5881ms p75=12426ms p95=28019ms p99=57238ms
                           intvty p50=141    p75=142    p95=144    p99=161 (1/tpot tok/s)
                           isl  p50=74,220    p75=111,723   p90=117,593   p99=118,816 (tokens)
                           osl  p50=684       p75=1,400     p90=2,734     p99=8,003 (tokens)
                           tot  in=2,576,400      out=40,291
                           trace theoretical_prefix_cache_hit=95.4%
                           srv  prefix_cache_hit=92.9% unique_in_srv=187,823 kv_usage=0.0% queue=0r/0w tput_in_srv=3,044/s tput_out_srv=47/s
2026-06-02 23:26:13.168 - records_manager - INFO - [realtime 14:33 profiling] rps=0.1 (avg 0.0) tput_in=3434/s tput_out=50/s done=36 ok=36 err=0
                           ttft p50=458ms  p75=645ms  p95=2714ms p99=13648ms
                           itl  p50=7ms    p75=7ms    p95=7ms    p99=7ms
                           e2e  p50=5216ms p75=11717ms p95=26993ms p99=55707ms
                           intvty p50=141    p75=142    p95=144    p99=160 (1/tpot tok/s)
                           isl  p50=74,220    p75=91,099    p90=117,463   p99=118,793 (tokens)
                           osl  p50=540       p75=1,333     p90=2,624     p99=7,790 (tokens)
                           tot  in=2,877,629      out=42,075
                           trace theoretical_prefix_cache_hit=95.5%
                           srv  prefix_cache_hit=93.6% unique_in_srv=187,900 kv_usage=0.0% queue=0r/0w tput_in_srv=3,277/s tput_out_srv=47/s
2026-06-02 23:26:43.248 - records_manager - INFO - [realtime 15:03 profiling] rps=0.0 (avg 0.0) tput_in=3434/s tput_out=50/s done=36 ok=36 err=0
                           ttft p50=458ms  p75=645ms  p95=2714ms p99=13648ms
                           itl  p50=7ms    p75=7ms    p95=7ms    p99=7ms
                           e2e  p50=5216ms p75=11717ms p95=26993ms p99=55707ms
                           intvty p50=141    p75=142    p95=144    p99=160 (1/tpot tok/s)
                           isl  p50=74,220    p75=91,099    p90=117,463   p99=118,793 (tokens)
                           osl  p50=540       p75=1,333     p90=2,624     p99=7,790 (tokens)
                           tot  in=2,877,629      out=42,075
                           trace theoretical_prefix_cache_hit=95.5%
                           srv  prefix_cache_hit=93.6% unique_in_srv=187,900 kv_usage=0.0% queue=0r/0w tput_in_srv=3,171/s tput_out_srv=45/s
2026-06-02 23:27:13.326 - records_manager - INFO - [realtime 15:33 profiling] rps=0.1 (avg 0.0) tput_in=3392/s tput_out=48/s done=38 ok=38 err=0
                           ttft p50=440ms  p75=635ms  p95=2371ms p99=13391ms
                           itl  p50=7ms    p75=7ms    p95=7ms    p99=7ms
                           e2e  p50=5216ms p75=11128ms p95=26480ms p99=54942ms
                           intvty p50=141    p75=142    p95=144    p99=160 (1/tpot tok/s)
                           isl  p50=74,415    p75=84,314    p90=117,398   p99=118,781 (tokens)
                           osl  p50=540       p75=1,272     p90=2,569     p99=7,683 (tokens)
                           tot  in=3,039,173      out=43,406
                           trace theoretical_prefix_cache_hit=95.7%
                           srv  prefix_cache_hit=94.0% unique_in_srv=187,940 kv_usage=0.0% queue=0r/0w tput_in_srv=3,239/s tput_out_srv=45/s
2026-06-02 23:27:43.406 - records_manager - INFO - [realtime 16:03 profiling] rps=0.0 (avg 0.0) tput_in=3380/s tput_out=50/s done=39 ok=39 err=0
                           ttft p50=429ms  p75=629ms  p95=2199ms p99=13262ms
                           itl  p50=7ms    p75=7ms    p95=7ms    p99=7ms
                           e2e  p50=5760ms p75=11882ms p95=26223ms p99=54560ms
                           intvty p50=141    p75=142    p95=144    p99=159 (1/tpot tok/s)
                           isl  p50=74,415    p75=84,248    p90=117,365   p99=118,775 (tokens)
                           osl  p50=609       p75=1,338     p90=2,762     p99=7,629 (tokens)
                           tot  in=3,122,200      out=46,168
                           trace theoretical_prefix_cache_hit=95.7%
                           srv  prefix_cache_hit=94.1% unique_in_srv=187,959 kv_usage=0.0% queue=0r/0w tput_in_srv=3,225/s tput_out_srv=47/s
2026-06-02 23:28:13.484 - records_manager - INFO - [realtime 16:34 profiling] rps=0.0 (avg 0.0) tput_in=3407/s tput_out=49/s done=40 ok=40 err=0
                           ttft p50=430ms  p75=624ms  p95=2027ms p99=13133ms
                           itl  p50=7ms    p75=7ms    p95=7ms    p99=7ms
                           e2e  p50=5216ms p75=11717ms p95=25966ms p99=54177ms
                           intvty p50=140    p75=142    p95=144    p99=159 (1/tpot tok/s)
                           isl  p50=76,850    p75=84,182    p90=117,333   p99=118,769 (tokens)
                           osl  p50=540       p75=1,333     p90=2,762     p99=7,576 (tokens)
                           tot  in=3,206,316      out=46,372
                           trace theoretical_prefix_cache_hit=95.8%
                           srv  prefix_cache_hit=94.3% unique_in_srv=187,979 kv_usage=0.0% queue=0r/0w tput_in_srv=3,212/s tput_out_srv=46/s
2026-06-02 23:28:43.576 - records_manager - INFO - [realtime 17:04 profiling] rps=0.0 (avg 0.0) tput_in=3371/s tput_out=48/s done=41 ok=41 err=0
                           ttft p50=432ms  p75=618ms  p95=1855ms p99=13005ms
                           itl  p50=7ms    p75=7ms    p95=7ms    p99=7ms
                           e2e  p50=4673ms p75=11553ms p95=25710ms p99=53795ms
                           intvty p50=139    p75=142    p95=144    p99=159 (1/tpot tok/s)
                           isl  p50=79,286    p75=84,380    p90=117,300   p99=118,763 (tokens)
                           osl  p50=470       p75=1,328     p90=2,762     p99=7,523 (tokens)
                           tot  in=3,290,696      out=46,639
                           trace theoretical_prefix_cache_hit=95.9%
                           srv  prefix_cache_hit=94.6% unique_in_srv=188,032 kv_usage=4.3% queue=1r/0w tput_in_srv=3,307/s tput_out_srv=46/s
2026-06-02 23:29:13.669 - records_manager - INFO - [realtime 17:34 profiling] rps=0.0 (avg 0.0) tput_in=3408/s tput_out=49/s done=42 ok=42 err=0
                           ttft p50=436ms  p75=618ms  p95=1845ms p99=12876ms
                           itl  p50=7ms    p75=7ms    p95=7ms    p99=7ms
                           e2e  p50=5216ms p75=12046ms p95=25443ms p99=53412ms
                           intvty p50=139    p75=142    p95=144    p99=159 (1/tpot tok/s)
                           isl  p50=79,286    p75=84,380    p90=117,267   p99=118,758 (tokens)
                           osl  p50=540       p75=1,342     p90=2,734     p99=7,469 (tokens)
                           tot  in=3,401,953      out=49,125
                           trace theoretical_prefix_cache_hit=95.2%
                           srv  prefix_cache_hit=94.8% unique_in_srv=188,064 kv_usage=4.3% queue=1r/0w tput_in_srv=3,320/s tput_out_srv=46/s
2026-06-02 23:29:43.764 - records_manager - INFO - [realtime 18:04 profiling] rps=0.0 (avg 0.0) tput_in=3445/s tput_out=49/s done=43 ok=43 err=0
                           ttft p50=439ms  p75=617ms  p95=1835ms p99=12748ms
                           itl  p50=7ms    p75=7ms    p95=7ms    p99=7ms
                           e2e  p50=5760ms p75=11882ms p95=25176ms p99=53030ms
                           intvty p50=139    p75=142    p95=144    p99=159 (1/tpot tok/s)
                           isl  p50=79,286    p75=97,818    p90=117,235   p99=118,752 (tokens)
                           osl  p50=609       p75=1,338     p90=2,707     p99=7,416 (tokens)
                           tot  in=3,515,073      out=49,918
                           trace theoretical_prefix_cache_hit=95.3%
                           srv  prefix_cache_hit=94.9% unique_in_srv=188,071 kv_usage=4.4% queue=1r/0w tput_in_srv=3,331/s tput_out_srv=48/s
2026-06-02 23:30:13.858 - records_manager - INFO - [realtime 18:34 profiling] rps=0.1 (avg 0.0) tput_in=3582/s tput_out=50/s done=46 ok=46 err=0
                           ttft p50=458ms  p75=615ms  p95=1804ms p99=12362ms
                           itl  p50=7ms    p75=7ms    p95=7ms    p99=7ms
                           e2e  p50=5216ms p75=12046ms p95=25708ms p99=51882ms
                           intvty p50=139    p75=142    p95=144    p99=158 (1/tpot tok/s)
                           isl  p50=80,127    p75=112,654   p90=117,300   p99=118,734 (tokens)
                           osl  p50=540       p75=1,342     p90=2,762     p99=7,256 (tokens)
                           tot  in=3,862,794      out=54,024
                           trace theoretical_prefix_cache_hit=95.7%
                           srv  prefix_cache_hit=95.2% unique_in_srv=188,105 kv_usage=0.0% queue=0r/0w tput_in_srv=3,449/s tput_out_srv=48/s
2026-06-02 23:30:43.973 - records_manager - INFO - [realtime 19:04 profiling] rps=0.0 (avg 0.0) tput_in=3671/s tput_out=50/s done=47 ok=47 err=0
                           ttft p50=462ms  p75=613ms  p95=1794ms p99=12234ms
                           itl  p50=7ms    p75=7ms    p95=7ms    p99=7ms
                           e2e  p50=4673ms p75=11882ms p95=25708ms p99=51499ms
                           intvty p50=139    p75=142    p95=144    p99=158 (1/tpot tok/s)
                           isl  p50=80,127    p75=113,120   p90=117,430   p99=118,728 (tokens)
                           osl  p50=470       p75=1,338     p90=2,762     p99=7,202 (tokens)
                           tot  in=3,980,420      out=54,219
                           trace theoretical_prefix_cache_hit=95.8%
                           srv  prefix_cache_hit=95.4% unique_in_srv=188,131 kv_usage=0.0% queue=0r/0w tput_in_srv=3,461/s tput_out_srv=46/s
2026-06-02 23:31:14.073 - records_manager - INFO - [realtime 19:34 profiling] rps=0.1 (avg 0.0) tput_in=3756/s tput_out=49/s done=49 ok=49 err=0
                           ttft p50=482ms  p75=617ms  p95=1774ms p99=11977ms
                           itl  p50=7ms    p75=7ms    p95=7ms    p99=7ms
                           e2e  p50=4079ms p75=11553ms p95=25707ms p99=50734ms
                           intvty p50=139    p75=142    p95=143    p99=157 (1/tpot tok/s)
                           isl  p50=81,417    p75=113,447   p90=117,692   p99=118,717 (tokens)
                           osl  p50=470       p75=1,328     p90=2,762     p99=7,095 (tokens)
                           tot  in=4,216,789      out=54,891
                           trace theoretical_prefix_cache_hit=96.0%
                           srv  prefix_cache_hit=95.6% unique_in_srv=188,148 kv_usage=0.0% queue=0r/0w tput_in_srv=3,571/s tput_out_srv=46/s
2026-06-02 23:31:44.175 - records_manager - INFO - [realtime 20:04 profiling] rps=0.0 (avg 0.0) tput_in=3756/s tput_out=49/s done=49 ok=49 err=0
                           ttft p50=482ms  p75=617ms  p95=1774ms p99=11977ms
                           itl  p50=7ms    p75=7ms    p95=7ms    p99=7ms
                           e2e  p50=4079ms p75=11553ms p95=25707ms p99=50734ms
                           intvty p50=139    p75=142    p95=143    p99=157 (1/tpot tok/s)
                           isl  p50=81,417    p75=113,447   p90=117,692   p99=118,717 (tokens)
                           osl  p50=470       p75=1,328     p90=2,762     p99=7,095 (tokens)
                           tot  in=4,216,789      out=54,891
                           trace theoretical_prefix_cache_hit=96.0%
                           srv  prefix_cache_hit=95.6% unique_in_srv=188,148 kv_usage=0.0% queue=0r/0w tput_in_srv=3,483/s tput_out_srv=45/s
2026-06-02 23:32:14.289 - records_manager - INFO - [realtime 20:34 profiling] rps=0.1 (avg 0.0) tput_in=3662/s tput_out=46/s done=51 ok=51 err=0
                           ttft p50=482ms  p75=617ms  p95=1753ms p99=11720ms
                           itl  p50=7ms    p75=7ms    p95=7ms    p99=7ms
                           e2e  p50=3837ms p75=10703ms p95=25706ms p99=49969ms
                           intvty p50=139    p75=142    p95=144    p99=169 (1/tpot tok/s)
                           isl  p50=81,417    p75=113,447   p90=117,956   p99=118,997 (tokens)
                           osl  p50=427       p75=1,215     p90=2,762     p99=6,988 (tokens)
                           tot  in=4,336,909      out=55,009
                           trace theoretical_prefix_cache_hit=96.1%
                           srv  prefix_cache_hit=94.5% unique_in_srv=245,876 kv_usage=2.2% queue=1r/0w tput_in_srv=3,541/s tput_out_srv=45/s
2026-06-02 23:32:44.405 - records_manager - INFO - [realtime 21:04 profiling] rps=0.0 (avg 0.0) tput_in=3662/s tput_out=46/s done=51 ok=51 err=0
                           ttft p50=482ms  p75=617ms  p95=1753ms p99=11720ms
                           itl  p50=7ms    p75=7ms    p95=7ms    p99=7ms
                           e2e  p50=3837ms p75=10703ms p95=25706ms p99=49969ms
                           intvty p50=139    p75=142    p95=144    p99=169 (1/tpot tok/s)
                           isl  p50=81,417    p75=113,447   p90=117,956   p99=118,997 (tokens)
                           osl  p50=427       p75=1,215     p90=2,762     p99=6,988 (tokens)
                           tot  in=4,336,909      out=55,009
                           trace theoretical_prefix_cache_hit=96.1%
                           srv  prefix_cache_hit=94.5% unique_in_srv=245,876 kv_usage=2.4% queue=1r/0w tput_in_srv=3,459/s tput_out_srv=47/s
2026-06-02 23:33:14.518 - records_manager - INFO - [realtime 21:35 profiling] rps=0.0 (avg 0.0) tput_in=3533/s tput_out=50/s done=52 ok=52 err=0
                           ttft p50=484ms  p75=623ms  p95=1827ms p99=11591ms
                           itl  p50=7ms    p75=7ms    p95=7ms    p99=7ms
                           e2e  p50=3958ms p75=11717ms p95=28019ms p99=62894ms
                           intvty p50=139    p75=142    p95=144    p99=169 (1/tpot tok/s)
                           isl  p50=80,772    p75=113,447   p90=117,923   p99=118,997 (tokens)
                           osl  p50=448       p75=1,333     p90=2,762     p99=8,704 (tokens)
                           tot  in=4,394,581      out=62,795
                           trace theoretical_prefix_cache_hit=94.8%
                           srv  prefix_cache_hit=94.5% unique_in_srv=245,876 kv_usage=0.0% queue=0r/0w tput_in_srv=3,380/s tput_out_srv=48/s
2026-06-02 23:33:44.618 - records_manager - INFO - [realtime 22:05 profiling] rps=0.0 (avg 0.0) tput_in=3463/s tput_out=49/s done=53 ok=53 err=0
                           ttft p50=482ms  p75=618ms  p95=1824ms p99=11462ms
                           itl  p50=7ms    p75=7ms    p95=7ms    p99=7ms
                           e2e  p50=4079ms p75=11553ms p95=27763ms p99=62772ms
                           intvty p50=139    p75=142    p95=144    p99=169 (1/tpot tok/s)
                           isl  p50=80,127    p75=113,447   p90=117,890   p99=118,997 (tokens)
                           osl  p50=470       p75=1,328     p90=2,762     p99=8,685 (tokens)
                           tot  in=4,454,304      out=63,470
                           trace theoretical_prefix_cache_hit=94.9%
                           srv  prefix_cache_hit=94.5% unique_in_srv=247,935 kv_usage=0.0% queue=0r/0w tput_in_srv=3,349/s tput_out_srv=47/s
2026-06-02 23:34:14.724 - records_manager - INFO - [realtime 22:35 profiling] rps=0.0 (avg 0.0) tput_in=3498/s tput_out=49/s done=54 ok=54 err=0
                           ttft p50=472ms  p75=618ms  p95=1822ms p99=11334ms
                           itl  p50=7ms    p75=7ms    p95=7ms    p99=7ms
                           e2e  p50=3958ms p75=11128ms p95=27506ms p99=62650ms
                           intvty p50=139    p75=142    p95=144    p99=169 (1/tpot tok/s)
                           isl  p50=80,127    p75=113,365   p90=117,857   p99=118,997 (tokens)
                           osl  p50=448       p75=1,272     p90=2,762     p99=8,666 (tokens)
                           tot  in=4,515,508      out=63,476
                           trace theoretical_prefix_cache_hit=94.9%
                           srv  prefix_cache_hit=94.6% unique_in_srv=249,427 kv_usage=0.0% queue=0r/0w tput_in_srv=3,320/s tput_out_srv=46/s
2026-06-02 23:34:44.831 - records_manager - INFO - [realtime 23:05 profiling] rps=0.0 (avg 0.0) tput_in=3498/s tput_out=49/s done=54 ok=54 err=0
                           ttft p50=472ms  p75=618ms  p95=1822ms p99=11334ms
                           itl  p50=7ms    p75=7ms    p95=7ms    p99=7ms
                           e2e  p50=3958ms p75=11128ms p95=27506ms p99=62650ms
                           intvty p50=139    p75=142    p95=144    p99=169 (1/tpot tok/s)
                           isl  p50=80,127    p75=113,365   p90=117,857   p99=118,997 (tokens)
                           osl  p50=448       p75=1,272     p90=2,762     p99=8,666 (tokens)
                           tot  in=4,515,508      out=63,476
                           trace theoretical_prefix_cache_hit=94.9%
                           srv  prefix_cache_hit=94.6% unique_in_srv=249,427 kv_usage=0.0% queue=0r/0w tput_in_srv=3,249/s tput_out_srv=45/s
2026-06-02 23:35:14.965 - records_manager - INFO - [realtime 23:35 profiling] rps=0.0 (avg 0.0) tput_in=3498/s tput_out=49/s done=54 ok=54 err=0
                           ttft p50=472ms  p75=618ms  p95=1822ms p99=11334ms
                           itl  p50=7ms    p75=7ms    p95=7ms    p99=7ms
                           e2e  p50=3958ms p75=11128ms p95=27506ms p99=62650ms
                           intvty p50=139    p75=142    p95=144    p99=169 (1/tpot tok/s)
                           isl  p50=80,127    p75=113,365   p90=117,857   p99=118,997 (tokens)
                           osl  p50=448       p75=1,272     p90=2,762     p99=8,666 (tokens)
                           tot  in=4,515,508      out=63,476
                           trace theoretical_prefix_cache_hit=94.9%
                           srv  prefix_cache_hit=93.4% unique_in_srv=309,089 kv_usage=2.4% queue=1r/0w tput_in_srv=3,223/s tput_out_srv=47/s
2026-06-02 23:35:45.113 - records_manager - INFO - [realtime 24:05 profiling] rps=0.1 (avg 0.0) tput_in=3334/s tput_out=48/s done=57 ok=57 err=0
                           ttft p50=462ms  p75=618ms  p95=1871ms p99=10948ms
                           itl  p50=7ms    p75=7ms    p95=7ms    p99=7ms
                           e2e  p50=3837ms p75=11553ms p95=30992ms p99=62285ms
                           intvty p50=139    p75=142    p95=144    p99=169 (1/tpot tok/s)
                           isl  p50=79,286    p75=113,120   p90=117,758   p99=118,997 (tokens)
                           osl  p50=442       p75=1,328     p90=3,002     p99=8,610 (tokens)
                           tot  in=4,700,152      out=68,119
                           trace theoretical_prefix_cache_hit=95.0%
                           srv  prefix_cache_hit=93.5% unique_in_srv=312,535 kv_usage=0.0% queue=0r/0w tput_in_srv=3,242/s tput_out_srv=46/s
2026-06-02 23:36:15.240 - records_manager - INFO - [realtime 24:35 profiling] rps=0.1 (avg 0.0) tput_in=3372/s tput_out=48/s done=59 ok=59 err=0
                           ttft p50=453ms  p75=617ms  p95=1863ms p99=10691ms
                           itl  p50=7ms    p75=7ms    p95=7ms    p99=7ms
                           e2e  p50=3834ms p75=10703ms p95=30917ms p99=62042ms
                           intvty p50=139    p75=142    p95=144    p99=169 (1/tpot tok/s)
                           isl  p50=79,286    p75=113,120   p90=117,692   p99=118,997 (tokens)
                           osl  p50=427       p75=1,215     p90=2,882     p99=8,573 (tokens)
                           tot  in=4,825,476      out=68,248
                           trace theoretical_prefix_cache_hit=95.1%
                           srv  prefix_cache_hit=93.6% unique_in_srv=312,771 kv_usage=0.0% queue=0r/0w tput_in_srv=3,260/s tput_out_srv=46/s
2026-06-02 23:36:45.359 - records_manager - INFO - [realtime 25:05 profiling] rps=0.1 (avg 0.0) tput_in=3403/s tput_out=47/s done=61 ok=61 err=0
                           ttft p50=444ms  p75=617ms  p95=1855ms p99=10434ms
                           itl  p50=7ms    p75=7ms    p95=7ms    p99=7ms
                           e2e  p50=3798ms p75=9854ms p95=30842ms p99=61799ms
                           intvty p50=141    p75=142    p95=144    p99=169 (1/tpot tok/s)
                           isl  p50=74,415    p75=113,120   p90=117,626   p99=118,997 (tokens)
                           osl  p50=427       p75=1,102     p90=2,762     p99=8,535 (tokens)
                           tot  in=4,951,544      out=68,390
                           trace theoretical_prefix_cache_hit=95.3%
                           srv  prefix_cache_hit=93.8% unique_in_srv=313,207 kv_usage=0.0% queue=0r/0w tput_in_srv=3,278/s tput_out_srv=45/s
2026-06-02 23:37:15.481 - records_manager - INFO - [realtime 25:36 profiling] rps=0.0 (avg 0.0) tput_in=3403/s tput_out=47/s done=61 ok=61 err=0
                           ttft p50=444ms  p75=617ms  p95=1855ms p99=10434ms
                           itl  p50=7ms    p75=7ms    p95=7ms    p99=7ms
                           e2e  p50=3798ms p75=9854ms p95=30842ms p99=61799ms
                           intvty p50=141    p75=142    p95=144    p99=169 (1/tpot tok/s)
                           isl  p50=74,415    p75=113,120   p90=117,626   p99=118,997 (tokens)
                           osl  p50=427       p75=1,102     p90=2,762     p99=8,535 (tokens)
                           tot  in=4,951,544      out=68,390
                           trace theoretical_prefix_cache_hit=95.3%
                           srv  prefix_cache_hit=93.8% unique_in_srv=313,207 kv_usage=0.0% queue=0r/0w tput_in_srv=3,215/s tput_out_srv=44/s
2026-06-02 23:37:45.602 - records_manager - INFO - [realtime 26:06 profiling] rps=0.0 (avg 0.0) tput_in=3308/s tput_out=45/s done=62 ok=62 err=0
                           ttft p50=442ms  p75=615ms  p95=1852ms p99=10306ms
                           itl  p50=7ms    p75=7ms    p95=7ms    p99=7ms
                           e2e  p50=3794ms p75=9830ms p95=30585ms p99=61677ms
                           intvty p50=141    p75=142    p95=144    p99=169 (1/tpot tok/s)
                           isl  p50=74,415    p75=112,654   p90=117,626   p99=118,997 (tokens)
                           osl  p50=416       p75=1,102     p90=2,762     p99=8,516 (tokens)
                           tot  in=5,014,781      out=68,442
                           trace theoretical_prefix_cache_hit=95.3%
                           srv  prefix_cache_hit=93.8% unique_in_srv=313,308 kv_usage=0.0% queue=0r/0w tput_in_srv=3,194/s tput_out_srv=43/s
2026-06-02 23:38:15.725 - records_manager - INFO - [realtime 26:36 profiling] rps=0.0 (avg 0.0) tput_in=3308/s tput_out=45/s done=62 ok=62 err=0
                           ttft p50=442ms  p75=615ms  p95=1852ms p99=10306ms
                           itl  p50=7ms    p75=7ms    p95=7ms    p99=7ms
                           e2e  p50=3794ms p75=9830ms p95=30585ms p99=61677ms
                           intvty p50=141    p75=142    p95=144    p99=169 (1/tpot tok/s)
                           isl  p50=74,415    p75=112,654   p90=117,626   p99=118,997 (tokens)
                           osl  p50=416       p75=1,102     p90=2,762     p99=8,516 (tokens)
                           tot  in=5,014,781      out=68,442
                           trace theoretical_prefix_cache_hit=95.3%
                           srv  prefix_cache_hit=93.8% unique_in_srv=313,308 kv_usage=0.0% queue=0r/0w tput_in_srv=3,135/s tput_out_srv=42/s
2026-06-02 23:38:45.886 - records_manager - INFO - [realtime 27:06 profiling] rps=0.1 (avg 0.0) tput_in=3248/s tput_out=44/s done=64 ok=64 err=0
                           ttft p50=437ms  p75=611ms  p95=1847ms p99=10048ms
                           itl  p50=7ms    p75=7ms    p95=7ms    p99=7ms
                           e2e  p50=3711ms p75=9781ms p95=30072ms p99=61434ms
                           intvty p50=141    p75=142    p95=144    p99=169 (1/tpot tok/s)
                           isl  p50=74,220    p75=111,723   p90=117,626   p99=118,997 (tokens)
                           osl  p50=412       p75=1,102     p90=2,762     p99=8,479 (tokens)
                           tot  in=5,141,968      out=68,879
                           trace theoretical_prefix_cache_hit=95.4%
                           srv  prefix_cache_hit=94.0% unique_in_srv=314,031 kv_usage=0.0% queue=0r/0w tput_in_srv=3,155/s tput_out_srv=42/s
2026-06-02 23:39:16.020 - records_manager - INFO - [realtime 27:36 profiling] rps=0.0 (avg 0.0) tput_in=3248/s tput_out=44/s done=64 ok=64 err=0
                           ttft p50=437ms  p75=611ms  p95=1847ms p99=10048ms
                           itl  p50=7ms    p75=7ms    p95=7ms    p99=7ms
                           e2e  p50=3711ms p75=9781ms p95=30072ms p99=61434ms
                           intvty p50=141    p75=142    p95=144    p99=169 (1/tpot tok/s)
                           isl  p50=74,220    p75=111,723   p90=117,626   p99=118,997 (tokens)
                           osl  p50=412       p75=1,102     p90=2,762     p99=8,479 (tokens)
                           tot  in=5,141,968      out=68,879
                           trace theoretical_prefix_cache_hit=95.4%
                           srv  prefix_cache_hit=94.0% unique_in_srv=314,031 kv_usage=0.0% queue=0r/0w tput_in_srv=3,098/s tput_out_srv=41/s
2026-06-02 23:39:46.147 - records_manager - INFO - [realtime 28:06 profiling] rps=0.0 (avg 0.0) tput_in=3160/s tput_out=42/s done=65 ok=65 err=0
                           ttft p50=435ms  p75=609ms  p95=1845ms p99=9920ms
                           itl  p50=7ms    p75=7ms    p95=7ms    p99=7ms
                           e2e  p50=3791ms p75=9757ms p95=29815ms p99=61312ms
                           intvty p50=141    p75=142    p95=144    p99=169 (1/tpot tok/s)
                           isl  p50=74,025    p75=111,257   p90=117,626   p99=118,997 (tokens)
                           osl  p50=419       p75=1,102     p90=2,762     p99=8,460 (tokens)
                           tot  in=5,205,530      out=69,412
                           trace theoretical_prefix_cache_hit=95.5%
                           srv  prefix_cache_hit=94.0% unique_in_srv=314,425 kv_usage=0.0% queue=0r/0w tput_in_srv=3,081/s tput_out_srv=41/s
2026-06-02 23:40:16.277 - records_manager - INFO - [realtime 28:36 profiling] rps=0.0 (avg 0.0) tput_in=3160/s tput_out=42/s done=65 ok=65 err=0
                           ttft p50=435ms  p75=609ms  p95=1845ms p99=9920ms
                           itl  p50=7ms    p75=7ms    p95=7ms    p99=7ms
                           e2e  p50=3791ms p75=9757ms p95=29815ms p99=61312ms
                           intvty p50=141    p75=142    p95=144    p99=169 (1/tpot tok/s)
                           isl  p50=74,025    p75=111,257   p90=117,626   p99=118,997 (tokens)
                           osl  p50=419       p75=1,102     p90=2,762     p99=8,460 (tokens)
                           tot  in=5,205,530      out=69,412
                           trace theoretical_prefix_cache_hit=95.5%
                           srv  prefix_cache_hit=94.0% unique_in_srv=314,425 kv_usage=0.0% queue=0r/0w tput_in_srv=3,028/s tput_out_srv=40/s
2026-06-02 23:40:46.407 - records_manager - INFO - [realtime 29:06 profiling] rps=0.0 (avg 0.0) tput_in=3085/s tput_out=41/s done=66 ok=66 err=0
                           ttft p50=433ms  p75=609ms  p95=1842ms p99=9791ms
                           itl  p50=7ms    p75=7ms    p95=7ms    p99=7ms
                           e2e  p50=3711ms p75=9361ms p95=29559ms p99=61191ms
                           intvty p50=141    p75=142    p95=144    p99=169 (1/tpot tok/s)
                           isl  p50=74,025    p75=111,257   p90=117,626   p99=118,997 (tokens)
                           osl  p50=412       p75=1,044     p90=2,762     p99=8,442 (tokens)
                           tot  in=5,269,418      out=69,471
                           trace theoretical_prefix_cache_hit=95.5%
                           srv  prefix_cache_hit=94.1% unique_in_srv=314,761 kv_usage=0.0% queue=0r/0w tput_in_srv=3,012/s tput_out_srv=39/s
2026-06-02 23:41:16.543 - records_manager - INFO - [realtime 29:37 profiling] rps=0.0 (avg 0.0) tput_in=3085/s tput_out=41/s done=66 ok=66 err=0
                           ttft p50=433ms  p75=609ms  p95=1842ms p99=9791ms
                           itl  p50=7ms    p75=7ms    p95=7ms    p99=7ms
                           e2e  p50=3711ms p75=9361ms p95=29559ms p99=61191ms
                           intvty p50=141    p75=142    p95=144    p99=169 (1/tpot tok/s)
                           isl  p50=74,025    p75=111,257   p90=117,626   p99=118,997 (tokens)
                           osl  p50=412       p75=1,044     p90=2,762     p99=8,442 (tokens)
                           tot  in=5,269,418      out=69,471
                           trace theoretical_prefix_cache_hit=95.5%
                           srv  prefix_cache_hit=94.1% unique_in_srv=314,761 kv_usage=0.0% queue=0r/0w tput_in_srv=2,962/s tput_out_srv=39/s
2026-06-02 23:41:39.464 - PhaseRunner - INFO - Timeout of 1799.999512087s elapsed for event 'profiling phase sending'
2026-06-02 23:41:39.465 - PhaseRunner - NOTICE - Phase profiling sending complete | sent=66, completed=66, in_flight=0 | sessions: sent=2, completed=2 | timeout_triggered=True
2026-06-02 23:41:39.465 - PhaseRunner - INFO - All credits already returned. Setting all_credits_returned_event.
2026-06-02 23:41:39.465 - PhaseRunner - NOTICE - Phase profiling complete | completed=66, cancelled=0, errors=0 | sessions: completed=2, cancelled=0 | elapsed=1800.00s
2026-06-02 23:41:39.465 - aiperf.timing.branch_orchestrator - INFO - BranchOrchestrator stats: spawned=0 completed=0 errored=0 suspended=0 resumed=0 parents_failed_due_to_child_error=0 joins_suppressed=0
2026-06-02 23:41:39.465 - PhaseOrchestrator_385a1dff - NOTICE - All credits completed
2026-06-02 23:41:39.466 - records_manager - INFO - Sent 66 requests. Waiting for all to complete...
2026-06-02 23:41:39.466 - system_controller - INFO - Received credits complete from 'timing_manager'
2026-06-02 23:41:39.466 - records_manager - INFO - Received CREDIT_PHASE_COMPLETE message, Phase complete: PhaseRecordsStats(phase=CreditPhase.PROFILING, start_ns=1780441899464668616, sent_end_ns=1780443699465183416, requests_end_ns=1780443699465491966, total_expected_requests=None, expected_duration_sec=None, expected_num_sessions=None, expected_grace_period_sec=None, final_requests_sent=None, final_requests_completed=66, final_requests_cancelled=0, final_request_errors=0, final_sent_sessions=None, final_completed_sessions=None, final_cancelled_sessions=None, timeout_triggered=True, grace_period_timeout_triggered=False, was_cancelled=False, records_end_ns=None, success_records=66, error_records=0)
2026-06-02 23:41:39.466 - records_manager - NOTICE - All requests have completed, please wait for the results to be processed (currently 66 of 66 records processed)...
2026-06-02 23:41:39.466 - records_manager - INFO - Processed 66 valid requests and 0 errors (66 total).
2026-06-02 23:41:39.466 - records_manager - INFO - Received all records, processing now...
2026-06-02 23:41:39.466 - records_manager - INFO - All credits complete, please wait for the results to be processed...
2026-06-02 23:41:39.467 - server_metrics_manager - INFO - Server Metrics: Profiling complete, capturing final metrics...
2026-06-02 23:41:39.468 - records_manager - INFO - Waiting 2.0s for server metrics flush period...
2026-06-02 23:41:41.466 - records_manager - INFO - Processing records results...
2026-06-02 23:41:43.635 - RecordExportJSONLWriter_6412f7cf - WARNING - Timeout waiting for 0 pending flush tasks during shutdown. Cancelling tasks and proceeding with cleanup.
2026-06-02 23:41:43.678 - system_controller - INFO - Waiting for server metrics results...
2026-06-02 23:41:43.678 - system_controller - INFO - Waiting for server metrics results...
2026-06-02 23:41:44.830 - records_manager - INFO - _finalize_and_process_results completed
2026-06-02 23:41:45.314 - system_controller - INFO - All results received, initiating shutdown
2026-06-02 23:41:45.949 - ExporterManager - INFO - Exporting all records
2026-06-02 23:41:46.087 - aiperf.common.scenario.validator - INFO - Scenario 'inferencex-agentx-mvp': setting timing_mode=agentic_replay (was at default request_rate).
2026-06-02 23:41:47.049 - aiperf.common.scenario.validator - INFO - Scenario 'inferencex-agentx-mvp': setting timing_mode=agentic_replay (was at default request_rate).
2026-06-02 23:41:47.114 - ExporterManager - INFO - Exporting console data
