2026-06-03 15:57:42.573 - aiperf.cli_runner - INFO - Starting AIPerf System
2026-06-03 15:57:42.773 - server_metrics_manager - INFO - Server Metrics: Discovered 1 endpoints: ['http://localhost:8894/metrics']
2026-06-03 15:57:42.853 - system_controller - INFO - Registered Worker Manager (id: 'worker_manager')
2026-06-03 15:57:42.864 - system_controller - INFO - Registered Dataset Manager (id: 'dataset_manager')
2026-06-03 15:57:42.893 - system_controller - INFO - Registered Server Metrics Manager (id: 'server_metrics_manager')
2026-06-03 15:57:42.903 - system_controller - INFO - Registered Gpu Telemetry Manager (id: 'gpu_telemetry_manager')
2026-06-03 15:57:42.921 - GPUTelemetryJSONLWriter_58546d95 - INFO - GPU telemetry export enabled: /workspace/results/aiperf_artifacts/gpu_telemetry_export.jsonl
2026-06-03 15:57:42.922 - RecordExportJSONLWriter_2a8a9979 - INFO - Record metrics export enabled: /workspace/results/aiperf_artifacts/profile_export.jsonl
2026-06-03 15:57:42.930 - system_controller - INFO - Registered Timing Manager (id: 'timing_manager')
2026-06-03 15:57:43.046 - system_controller - INFO - Registered Records Manager (id: 'records_manager')
2026-06-03 15:57:43.085 - system_controller - INFO - Registered Record Processor (id: 'record_processor_62bae5d1')
2026-06-03 15:57:43.088 - system_controller - INFO - Registered Worker (id: 'worker_7ec45b1e')
2026-06-03 15:57:43.088 - system_controller - INFO - Registered Worker (id: 'worker_87b55c26')
2026-06-03 15:57:43.089 - system_controller - INFO - Registered Worker (id: 'worker_f4c37ca4')
2026-06-03 15:57:43.126 - system_controller - INFO - Registered Worker (id: 'worker_c34f09c9')
2026-06-03 15:57:43.245 - system_controller - INFO - AIPerf System is CONFIGURING
2026-06-03 15:57:43.245 - system_controller - INFO - Configuring all services to start profiling
2026-06-03 15:57:43.247 - InferenceResultParser_9829563b - INFO - Tokenization is disabled for this endpoint, skipping tokenizer configuration
2026-06-03 15:57:43.248 - timing_manager - INFO - Waiting for dataset to be configured before configuring timing
2026-06-03 15:57:43.260 - system_controller - INFO - GPU telemetry disabled - no DCGM endpoints reachable
2026-06-03 15:57:43.268 - server_metrics_manager - INFO - Server Metrics: Capturing baseline metrics...
2026-06-03 15:57:43.283 - dataset_manager - INFO - Memory-mapped dataset cache HIT (key=f921ed09196f017e89b67d5e8eb9a265); skipping tokenizer + composer.
2026-06-03 15:57:43.295 - http://localhost:8894/metrics - INFO - Skipping unsupported summary metric: http_request_size_bytes
2026-06-03 15:57:43.295 - http://localhost:8894/metrics - INFO - Skipping unsupported summary metric: http_response_size_bytes
2026-06-03 15:57:43.297 - system_controller - INFO - Server metrics enabled - 1/1 endpoint(s) reachable.
2026-06-03 15:57:43.678 - aiperf.dataset.mmap_cache - INFO - Restored mmap cache file dataset.dat via copy in 0.394s (1.24 GiB)
2026-06-03 15:57:43.678 - aiperf.dataset.mmap_cache - INFO - Restored mmap cache file index.dat via copy in 0.001s (0.00 GiB)
2026-06-03 15:57:43.678 - aiperf.dataset.mmap_cache - INFO - Restored mmap cache files in 0.395s via dataset=copy index=copy (dataset=1.24 GiB, index=0.00 GiB)
2026-06-03 15:57:43.821 - dataset_manager - INFO - sampling strategy: sequential, unique conversations: 678, unique turn count: 52915
2026-06-03 15:57:44.040 - aiperf.timing.trajectory_source - INFO - TrajectorySource: built 4 trajectories from 225 traces
  range cfg=[0.25, 0.75]  observed sample pct: min= 27% median= 47% max= 55%
    lane=00  sample_time= 39%  root_next= 14/32  ( 44% turns)  live=1 ready=1  trace_id=00e7d11db2db59f44a87b4110175b11d1af3
    lane=01  sample_time= 55%  root_next= 15/28  ( 54% turns)  live=1 ready=1  trace_id=01fece675b92efe07620225cd69c3884f774
    lane=02  sample_time= 55%  root_next=306/594 ( 52% turns)  live=1 ready=1  trace_id=0275949f4db511444909fe92b12f7e921e4a
    lane=03  sample_time= 27%  root_next= 13/27  ( 48% turns)  live=1 ready=1  trace_id=03be8f1eb1e9e620f46bd07068d6ab1aaae3
2026-06-03 15:57:44.040 - PhaseOrchestrator_7660665e - INFO - Initialized 2 phase(s): ['Warmup', 'Profiling']
2026-06-03 15:57:44.064 - dataset_manager - INFO - Dataset client initialized and freed 0 conversations from memory
2026-06-03 15:57:44.065 - system_controller - INFO - All services configured in 0.82 seconds
2026-06-03 15:57:44.065 - system_controller - INFO - AIPerf System is CONFIGURED
2026-06-03 15:57:44.066 - server_metrics_manager - INFO - Server Metrics: Started 1 collector(s) successfully
2026-06-03 15:57:44.080 - PhaseRunner - NOTICE - Phase warmup started | target: 4 requests
2026-06-03 15:57:44.080 - AgenticReplayTiming - INFO - WARMUP execute: dispatching 4 trajectory credits
2026-06-03 15:57:44.081 - PhaseRunner - NOTICE - Phase warmup sending complete | sent=4, completed=0, in_flight=4
2026-06-03 15:57:44.147 - records_manager - INFO - Credit phase start: warmup
2026-06-03 15:57:44.173 - system_controller - INFO - All services started profiling successfully
2026-06-03 15:57:44.173 - system_controller - INFO - AIPerf System is PROFILING
2026-06-03 15:58:10.646 - PhaseRunner - NOTICE - Phase warmup complete | completed=4, cancelled=0, errors=0 | elapsed=26.57s
2026-06-03 15:58:10.646 - aiperf.timing.branch_orchestrator - INFO - BranchOrchestrator stats: spawned=0 completed=0 errored=0 suspended=0 resumed=0 parents_failed_due_to_child_error=0 joins_suppressed=0
2026-06-03 15:58:10.658 - AgenticReplayTiming - INFO - PROFILING setup: trajectories=4 traces, recycle_queue=225 traces (full pool)
2026-06-03 15:58:10.658 - PhaseRunner - NOTICE - Phase profiling started | target: 1800.0s duration
2026-06-03 15:58:10.659 - PhaseRunner - INFO - Waiting for event 'profiling phase sending' with timeout of 1799.999539292s
2026-06-03 15:58:10.659 - AgenticReplayTiming - INFO - PROFILING execute: resuming 4 trajectory sessions
2026-06-03 15:58:10.659 - records_manager - INFO - Credit phase start: profiling
2026-06-03 15:58:42.974 - records_manager - INFO - [realtime 00:32 profiling] rps=0.3 (avg 0.3) tput_in=17867/s tput_out=35/s done=3 ok=3 err=0
                           ttft p50=532ms  p75=578ms  p95=615ms  p99=622ms
                           itl  p50=10ms   p75=13ms   p95=15ms   p99=15ms
                           e2e  p50=1380ms p75=2532ms p95=3454ms p99=3638ms
                           intvty p50=103    p75=3,728  p95=6,627  p99=7,207 (1/tpot tok/s)
                           isl  p50=63,893    p75=73,972    p90=80,019    p99=83,648 (tokens)
                           osl  p50=59        p75=188       p90=265       p99=312 (tokens)
                           tot  in=194,524        out=382
                           trace theoretical_prefix_cache_hit=99.4%
                           srv  prefix_cache_hit=47.3% unique_in_srv=268,829 kv_usage=9.8% queue=1r/0w tput_in_srv=8,574/s tput_out_srv=18/s
2026-06-03 15:59:13.015 - records_manager - INFO - [realtime 01:02 profiling] rps=0.2 (avg 0.2) tput_in=10250/s tput_out=46/s done=9 ok=9 err=0
                           ttft p50=532ms  p75=544ms  p95=615ms  p99=622ms
                           itl  p50=10ms   p75=11ms   p95=14ms   p99=15ms
                           e2e  p50=2548ms p75=3684ms p95=9317ms p99=11750ms
                           intvty p50=97     p75=103    p95=4,455  p99=6,773 (1/tpot tok/s)
                           isl  p50=73,513    p75=84,051    p90=84,185    p99=84,418 (tokens)
                           osl  p50=229       p75=317       p90=521       p99=1,044 (tokens)
                           tot  in=607,150        out=2,719
                           trace theoretical_prefix_cache_hit=98.5%
                           srv  prefix_cache_hit=68.9% unique_in_srv=271,763 kv_usage=0.0% queue=0r/0w tput_in_srv=9,782/s tput_out_srv=37/s
2026-06-03 15:59:43.079 - records_manager - INFO - [realtime 01:32 profiling] rps=0.2 (avg 0.2) tput_in=12173/s tput_out=40/s done=16 ok=16 err=0
                           ttft p50=508ms  p75=558ms  p95=831ms  p99=1014ms
                           itl  p50=11ms   p75=12ms   p95=28ms   p99=45ms
                           e2e  p50=2497ms p75=3725ms p95=6656ms p99=11217ms
                           intvty p50=94     p75=105    p95=2,210  p99=6,324 (1/tpot tok/s)
                           isl  p50=68,974    p75=80,484    p90=84,282    p99=84,724 (tokens)
                           osl  p50=214       p75=266       p90=346       p99=993 (tokens)
                           tot  in=1,088,340      out=3,547
                           trace theoretical_prefix_cache_hit=98.5%
                           srv  prefix_cache_hit=79.4% unique_in_srv=278,809 kv_usage=0.0% queue=0r/0w tput_in_srv=11,351/s tput_out_srv=35/s
2026-06-03 16:00:13.157 - records_manager - INFO - [realtime 02:02 profiling] rps=0.2 (avg 0.2) tput_in=12200/s tput_out=43/s done=21 ok=21 err=0
                           ttft p50=511ms  p75=571ms  p95=754ms  p99=999ms
                           itl  p50=10ms   p75=11ms   p95=21ms   p99=44ms
                           e2e  p50=2548ms p75=4054ms p95=6189ms p99=11124ms
                           intvty p50=97     p75=110    p95=496    p99=5,981 (1/tpot tok/s)
                           isl  p50=64,892    p75=80,138    p90=84,444    p99=85,038 (tokens)
                           osl  p50=229       p75=317       p90=470       p99=992 (tokens)
                           tot  in=1,419,715      out=4,948
                           trace theoretical_prefix_cache_hit=98.7%
                           srv  prefix_cache_hit=83.8% unique_in_srv=281,549 kv_usage=10.6% queue=1r/0w tput_in_srv=11,630/s tput_out_srv=40/s
2026-06-03 16:00:43.253 - records_manager - INFO - [realtime 02:32 profiling] rps=0.2 (avg 0.2) tput_in=12478/s tput_out=50/s done=27 ok=27 err=0
                           ttft p50=511ms  p75=580ms  p95=739ms  p99=981ms
                           itl  p50=10ms   p75=12ms   p95=19ms   p99=42ms
                           e2e  p50=3346ms p75=4148ms p95=9671ms p99=11930ms
                           intvty p50=97     p75=108    p95=4,906  p99=7,207 (1/tpot tok/s)
                           isl  p50=64,892    p75=82,739    p90=84,906    p99=85,357 (tokens)
                           osl  p50=231       p75=362       p90=608       p99=1,039 (tokens)
                           tot  in=1,826,393      out=7,302
                           trace theoretical_prefix_cache_hit=98.9%
                           srv  prefix_cache_hit=87.2% unique_in_srv=286,069 kv_usage=28.0% queue=2r/0w tput_in_srv=12,398/s tput_out_srv=47/s
2026-06-03 16:01:13.356 - records_manager - INFO - [realtime 03:02 profiling] rps=0.2 (avg 0.2) tput_in=12155/s tput_out=51/s done=32 ok=32 err=0
                           ttft p50=513ms  p75=586ms  p95=726ms  p99=965ms
                           itl  p50=10ms   p75=13ms   p95=19ms   p99=40ms
                           e2e  p50=3326ms p75=4371ms p95=12683ms p99=14798ms
                           intvty p50=95     p75=113    p95=6,999  p99=7,320 (1/tpot tok/s)
                           isl  p50=66,019    p75=84,068    p90=85,286    p99=85,913 (tokens)
                           osl  p50=230       p75=377       p90=781       p99=1,081 (tokens)
                           tot  in=2,182,261      out=9,220
                           trace theoretical_prefix_cache_hit=98.9%
                           srv  prefix_cache_hit=88.6% unique_in_srv=289,079 kv_usage=17.7% queue=1r/0w tput_in_srv=12,072/s tput_out_srv=60/s
2026-06-03 16:01:43.468 - records_manager - INFO - [realtime 03:32 profiling] rps=0.1 (avg 0.2) tput_in=12543/s tput_out=62/s done=36 ok=36 err=0
                           ttft p50=524ms  p75=593ms  p95=797ms  p99=1012ms
                           itl  p50=10ms   p75=13ms   p95=18ms   p99=39ms
                           e2e  p50=3108ms p75=4371ms p95=13702ms p99=30389ms
                           intvty p50=95     p75=113    p95=6,909  p99=7,315 (1/tpot tok/s)
                           isl  p50=70,684    p75=84,122    p90=85,340    p99=86,035 (tokens)
                           osl  p50=216       p75=377       p90=826       p99=2,181 (tokens)
                           tot  in=2,503,318      out=12,363
                           trace theoretical_prefix_cache_hit=98.9%
                           srv  prefix_cache_hit=89.8% unique_in_srv=290,958 kv_usage=18.0% queue=1r/0w tput_in_srv=11,913/s tput_out_srv=58/s
2026-06-03 16:02:13.592 - records_manager - INFO - [realtime 04:02 profiling] rps=0.2 (avg 0.2) tput_in=12257/s tput_out=68/s done=42 ok=42 err=0
                           ttft p50=524ms  p75=594ms  p95=915ms  p99=1366ms
                           itl  p50=11ms   p75=14ms   p95=17ms   p99=38ms
                           e2e  p50=3326ms p75=5395ms p95=17104ms p99=32954ms
                           intvty p50=89     p75=107    p95=6,481  p99=7,309 (1/tpot tok/s)
                           isl  p50=73,498    p75=84,324    p90=85,614    p99=86,604 (tokens)
                           osl  p50=230       p75=378       p90=1,018     p99=2,463 (tokens)
                           tot  in=2,940,727      out=16,396
                           trace theoretical_prefix_cache_hit=98.8%
                           srv  prefix_cache_hit=90.7% unique_in_srv=303,597 kv_usage=11.3% queue=1r/0w tput_in_srv=12,092/s tput_out_srv=65/s
2026-06-03 16:02:43.727 - records_manager - INFO - [realtime 04:33 profiling] rps=0.2 (avg 0.2) tput_in=12189/s tput_out=68/s done=48 ok=48 err=0
                           ttft p50=538ms  p75=603ms  p95=1012ms p99=2428ms
                           itl  p50=11ms   p75=15ms   p95=20ms   p99=36ms
                           e2e  p50=3326ms p75=5425ms p95=22370ms p99=32980ms
                           intvty p50=88     p75=106    p95=7,089  p99=9,065 (1/tpot tok/s)
                           isl  p50=73,498    p75=84,403    p90=86,035    p99=87,345 (tokens)
                           osl  p50=216       p75=377       p90=1,055     p99=2,419 (tokens)
                           tot  in=3,300,327      out=18,334
                           trace theoretical_prefix_cache_hit=98.8%
                           srv  prefix_cache_hit=91.1% unique_in_srv=334,112 kv_usage=41.6% queue=3r/0w tput_in_srv=12,550/s tput_out_srv=69/s
2026-06-03 16:03:13.879 - records_manager - INFO - [realtime 05:03 profiling] rps=0.3 (avg 0.2) tput_in=13167/s tput_out=75/s done=57 ok=57 err=0
                           ttft p50=560ms  p75=609ms  p95=1674ms p99=4018ms
                           itl  p50=12ms   p75=15ms   p95=20ms   p99=33ms
                           e2e  p50=3346ms p75=5654ms p95=25511ms p99=41241ms
                           intvty p50=85     p75=106    p95=6,886  p99=8,774 (1/tpot tok/s)
                           isl  p50=74,036    p75=85,306    p90=87,483    p99=98,556 (tokens)
                           osl  p50=204       p75=379       p90=1,062     p99=2,607 (tokens)
                           tot  in=3,951,641      out=22,620
                           trace theoretical_prefix_cache_hit=97.1%
                           srv  prefix_cache_hit=91.1% unique_in_srv=373,758 kv_usage=0.0% queue=0r/0w tput_in_srv=12,778/s tput_out_srv=70/s
2026-06-03 16:03:44.046 - records_manager - INFO - [realtime 05:33 profiling] rps=0.2 (avg 0.2) tput_in=13359/s tput_out=75/s done=63 ok=63 err=0
                           ttft p50=554ms  p75=608ms  p95=1535ms p99=3904ms
                           itl  p50=12ms   p75=16ms   p95=20ms   p99=32ms
                           e2e  p50=3346ms p75=5921ms p95=24365ms p99=40849ms
                           intvty p50=84     p75=105    p95=6,166  p99=8,580 (1/tpot tok/s)
                           isl  p50=73,812    p75=85,340    p90=87,609    p99=111,977 (tokens)
                           osl  p50=204       p75=378       p90=1,000     p99=2,591 (tokens)
                           tot  in=4,338,883      out=24,366
                           trace theoretical_prefix_cache_hit=97.2%
                           srv  prefix_cache_hit=91.9% unique_in_srv=383,744 kv_usage=32.1% queue=2r/0w tput_in_srv=13,205/s tput_out_srv=72/s
2026-06-03 16:04:14.264 - records_manager - INFO - [realtime 06:03 profiling] rps=0.1 (avg 0.2) tput_in=12659/s tput_out=74/s done=66 ok=66 err=0
                           ttft p50=555ms  p75=608ms  p95=1469ms p99=3847ms
                           itl  p50=12ms   p75=16ms   p95=20ms   p99=31ms
                           e2e  p50=3438ms p75=6297ms p95=26469ms p99=40653ms
                           intvty p50=83     p75=105    p95=5,221  p99=8,483 (1/tpot tok/s)
                           isl  p50=73,924    p75=85,574    p90=87,962    p99=111,921 (tokens)
                           osl  p50=216       p75=447       p90=1,068     p99=2,583 (tokens)
                           tot  in=4,556,783      out=26,631
                           trace theoretical_prefix_cache_hit=97.2%
                           srv  prefix_cache_hit=92.2% unique_in_srv=384,674 kv_usage=24.0% queue=1r/0w tput_in_srv=12,643/s tput_out_srv=76/s
2026-06-03 16:04:44.458 - records_manager - INFO - [realtime 06:33 profiling] rps=0.2 (avg 0.2) tput_in=13058/s tput_out=82/s done=72 ok=72 err=0
                           ttft p50=555ms  p75=608ms  p95=1336ms p99=3733ms
                           itl  p50=12ms   p75=16ms   p95=20ms   p99=30ms
                           e2e  p50=3610ms p75=6893ms p95=27741ms p99=47192ms
                           intvty p50=82     p75=106    p95=3,331  p99=8,289 (1/tpot tok/s)
                           isl  p50=74,082    p75=86,035    p90=88,360    p99=113,223 (tokens)
                           osl  p50=234       p75=476       p90=1,095     p99=2,936 (tokens)
                           tot  in=5,006,867      out=31,622
                           trace theoretical_prefix_cache_hit=97.4%
                           srv  prefix_cache_hit=92.9% unique_in_srv=392,882 kv_usage=48.7% queue=3r/0w tput_in_srv=13,092/s tput_out_srv=77/s
2026-06-03 16:05:14.677 - records_manager - INFO - [realtime 07:04 profiling] rps=0.4 (avg 0.2) tput_in=13708/s tput_out=84/s done=85 ok=85 err=0
                           ttft p50=554ms  p75=609ms  p95=1370ms p99=3485ms
                           itl  p50=13ms   p75=16ms   p95=20ms   p99=26ms
                           e2e  p50=3684ms p75=6905ms p95=26556ms p99=46163ms
                           intvty p50=77     p75=103    p95=474    p99=7,869 (1/tpot tok/s)
                           isl  p50=74,036    p75=86,035    p90=88,962    p99=117,358 (tokens)
                           osl  p50=236       p75=493       p90=965       p99=2,858 (tokens)
                           tot  in=5,744,993      out=35,253
                           trace theoretical_prefix_cache_hit=96.6%
                           srv  prefix_cache_hit=93.1% unique_in_srv=419,335 kv_usage=4.9% queue=1r/0w tput_in_srv=13,387/s tput_out_srv=80/s
2026-06-03 16:05:44.915 - records_manager - INFO - [realtime 07:34 profiling] rps=0.4 (avg 0.2) tput_in=14090/s tput_out=83/s done=97 ok=97 err=0
                           ttft p50=548ms  p75=607ms  p95=1217ms p99=3257ms
                           itl  p50=14ms   p75=16ms   p95=20ms   p99=23ms
                           e2e  p50=3591ms p75=6700ms p95=25511ms p99=45213ms
                           intvty p50=74     p75=103    p95=408    p99=7,481 (1/tpot tok/s)
                           isl  p50=73,483    p75=86,035    p90=89,020    p99=117,644 (tokens)
                           osl  p50=204       p75=427       p90=820       p99=2,786 (tokens)
                           tot  in=6,335,408      out=37,411
                           trace theoretical_prefix_cache_hit=96.7%
                           srv  prefix_cache_hit=93.5% unique_in_srv=437,612 kv_usage=26.4% queue=2r/0w tput_in_srv=13,985/s tput_out_srv=81/s
2026-06-03 16:06:15.167 - records_manager - INFO - [realtime 08:04 profiling] rps=0.2 (avg 0.2) tput_in=14364/s tput_out=86/s done=103 ok=103 err=0
                           ttft p50=548ms  p75=609ms  p95=1163ms p99=3158ms
                           itl  p50=14ms   p75=16ms   p95=20ms   p99=21ms
                           e2e  p50=3669ms p75=6897ms p95=24566ms p99=44766ms
                           intvty p50=73     p75=103    p95=384    p99=7,350 (1/tpot tok/s)
                           isl  p50=73,483    p75=87,034    p90=89,654    p99=117,954 (tokens)
                           osl  p50=229       p75=448       p90=847       p99=2,756 (tokens)
                           tot  in=6,720,943      out=40,409
                           trace theoretical_prefix_cache_hit=96.8%
                           srv  prefix_cache_hit=93.7% unique_in_srv=449,675 kv_usage=21.2% queue=2r/0w tput_in_srv=13,858/s tput_out_srv=84/s
2026-06-03 16:06:45.494 - records_manager - INFO - [realtime 08:34 profiling] rps=0.6 (avg 0.2) tput_in=14915/s tput_out=87/s done=121 ok=121 err=0
                           ttft p50=548ms  p75=610ms  p95=1138ms p99=2956ms
                           itl  p50=13ms   p75=16ms   p95=20ms   p99=21ms
                           e2e  p50=3306ms p75=6683ms p95=19197ms p99=43591ms
                           intvty p50=79     p75=110    p95=368    p99=7,331 (1/tpot tok/s)
                           isl  p50=64,892    p75=87,411    p90=91,219    p99=117,895 (tokens)
                           osl  p50=195       p75=379       p90=861       p99=2,707 (tokens)
                           tot  in=7,627,159      out=44,353
                           trace theoretical_prefix_cache_hit=96.6%
                           srv  prefix_cache_hit=93.8% unique_in_srv=489,500 kv_usage=0.0% queue=0r/0w tput_in_srv=14,578/s tput_out_srv=83/s
2026-06-03 16:07:15.820 - records_manager - INFO - [realtime 09:05 profiling] rps=0.4 (avg 0.2) tput_in=15363/s tput_out=86/s done=134 ok=134 err=0
                           ttft p50=544ms  p75=608ms  p95=1148ms p99=2902ms
                           itl  p50=13ms   p75=16ms   p95=20ms   p99=30ms
                           e2e  p50=2519ms p75=6302ms p95=17889ms p99=42742ms
                           intvty p50=79     p75=110    p95=286    p99=7,318 (1/tpot tok/s)
                           isl  p50=64,164    p75=87,325    p90=91,526    p99=118,268 (tokens)
                           osl  p50=172       p75=348       p90=792       p99=2,671 (tokens)
                           tot  in=8,303,174      out=46,376
                           trace theoretical_prefix_cache_hit=96.2%
                           srv  prefix_cache_hit=93.7% unique_in_srv=547,737 kv_usage=19.7% queue=2r/0w tput_in_srv=15,152/s tput_out_srv=83/s
2026-06-03 16:07:46.187 - records_manager - INFO - [realtime 09:35 profiling] rps=0.4 (avg 0.3) tput_in=15793/s tput_out=87/s done=147 ok=147 err=0
                           ttft p50=532ms  p75=607ms  p95=1129ms p99=2793ms
                           itl  p50=13ms   p75=16ms   p95=21ms   p99=42ms
                           e2e  p50=2490ms p75=6508ms p95=16700ms p99=41894ms
                           intvty p50=77     p75=108    p95=331    p99=7,304 (1/tpot tok/s)
                           isl  p50=53,382    p75=87,034    p90=91,630    p99=118,208 (tokens)
                           osl  p50=161       p75=362       p90=769       p99=2,635 (tokens)
                           tot  in=9,027,191      out=49,564
                           trace theoretical_prefix_cache_hit=96.3%
                           srv  prefix_cache_hit=94.0% unique_in_srv=563,699 kv_usage=11.2% queue=1r/0w tput_in_srv=15,522/s tput_out_srv=84/s
2026-06-03 16:08:16.609 - records_manager - INFO - [realtime 10:05 profiling] rps=0.4 (avg 0.3) tput_in=16501/s tput_out=88/s done=160 ok=160 err=0
                           ttft p50=530ms  p75=610ms  p95=1111ms p99=2683ms
                           itl  p50=13ms   p75=16ms   p95=21ms   p99=45ms
                           e2e  p50=2519ms p75=6195ms p95=16490ms p99=41045ms
                           intvty p50=75     p75=103    p95=249    p99=7,290 (1/tpot tok/s)
                           isl  p50=53,669    p75=87,154    p90=91,971    p99=118,149 (tokens)
                           osl  p50=156       p75=348       p90=759       p99=2,599 (tokens)
                           tot  in=9,884,182      out=52,538
                           trace theoretical_prefix_cache_hit=96.5%
                           srv  prefix_cache_hit=94.4% unique_in_srv=579,150 kv_usage=35.3% queue=3r/0w tput_in_srv=16,316/s tput_out_srv=86/s
2026-06-03 16:08:47.025 - records_manager - INFO - [realtime 10:36 profiling] rps=0.3 (avg 0.3) tput_in=16670/s tput_out=91/s done=168 ok=168 err=0
                           ttft p50=530ms  p75=616ms  p95=1108ms p99=2616ms
                           itl  p50=13ms   p75=16ms   p95=21ms   p99=44ms
                           e2e  p50=2485ms p75=6242ms p95=18493ms p99=40523ms
                           intvty p50=75     p75=102    p95=234    p99=7,282 (1/tpot tok/s)
                           isl  p50=56,922    p75=87,596    p90=92,488    p99=118,112 (tokens)
                           osl  p50=146       p75=355       p90=792       p99=2,577 (tokens)
                           tot  in=10,487,363     out=57,239
                           trace theoretical_prefix_cache_hit=96.6%
                           srv  prefix_cache_hit=94.6% unique_in_srv=587,474 kv_usage=15.7% queue=2r/0w tput_in_srv=16,328/s tput_out_srv=88/s
2026-06-03 16:09:17.514 - records_manager - INFO - [realtime 11:06 profiling] rps=0.2 (avg 0.3) tput_in=16518/s tput_out=92/s done=175 ok=175 err=0
                           ttft p50=543ms  p75=622ms  p95=1107ms p99=2557ms
                           itl  p50=13ms   p75=16ms   p95=21ms   p99=44ms
                           e2e  p50=2480ms p75=6272ms p95=19554ms p99=40066ms
                           intvty p50=77     p75=105    p95=333    p99=7,275 (1/tpot tok/s)
                           isl  p50=58,597    p75=87,962    p90=92,922    p99=118,080 (tokens)
                           osl  p50=141       p75=378       p90=834       p99=2,558 (tokens)
                           tot  in=10,955,503     out=60,826
                           trace theoretical_prefix_cache_hit=96.7%
                           srv  prefix_cache_hit=94.7% unique_in_srv=590,612 kv_usage=0.0% queue=0r/0w tput_in_srv=16,181/s tput_out_srv=89/s
2026-06-03 16:09:47.985 - records_manager - INFO - [realtime 11:37 profiling] rps=0.2 (avg 0.3) tput_in=16279/s tput_out=90/s done=181 ok=181 err=0
                           ttft p50=543ms  p75=623ms  p95=1107ms p99=2506ms
                           itl  p50=13ms   p75=16ms   p95=21ms   p99=43ms
                           e2e  p50=2480ms p75=6332ms p95=19197ms p99=39674ms
                           intvty p50=75     p75=106    p95=318    p99=7,268 (1/tpot tok/s)
                           isl  p50=57,882    p75=88,007    p90=93,278    p99=118,053 (tokens)
                           osl  p50=141       p75=376       p90=807       p99=2,541 (tokens)
                           tot  in=11,289,600     out=62,280
                           trace theoretical_prefix_cache_hit=96.8%
                           srv  prefix_cache_hit=94.9% unique_in_srv=600,156 kv_usage=44.9% queue=3r/0w tput_in_srv=16,259/s tput_out_srv=91/s
2026-06-03 16:10:18.561 - records_manager - INFO - [realtime 12:07 profiling] rps=0.4 (avg 0.3) tput_in=16449/s tput_out=93/s done=192 ok=192 err=0
                           ttft p50=546ms  p75=624ms  p95=1108ms p99=2413ms
                           itl  p50=13ms   p75=16ms   p95=21ms   p99=43ms
                           e2e  p50=2489ms p75=6527ms p95=19732ms p99=38956ms
                           intvty p50=75     p75=104    p95=276    p99=7,257 (1/tpot tok/s)
                           isl  p50=56,928    p75=88,155    p90=93,408    p99=118,002 (tokens)
                           osl  p50=146       p75=379       p90=860       p99=2,511 (tokens)
                           tot  in=11,904,298     out=67,565
                           trace theoretical_prefix_cache_hit=96.7%
                           srv  prefix_cache_hit=94.9% unique_in_srv=625,958 kv_usage=13.9% queue=1r/0w tput_in_srv=16,217/s tput_out_srv=92/s
2026-06-03 16:10:49.107 - records_manager - INFO - [realtime 12:38 profiling] rps=0.2 (avg 0.3) tput_in=16422/s tput_out=94/s done=197 ok=197 err=0
                           ttft p50=548ms  p75=625ms  p95=1107ms p99=2371ms
                           itl  p50=13ms   p75=16ms   p95=21ms   p99=42ms
                           e2e  p50=2488ms p75=6670ms p95=20532ms p99=38630ms
                           intvty p50=76     p75=110    p95=257    p99=7,252 (1/tpot tok/s)
                           isl  p50=58,597    p75=88,406    p90=93,869    p99=117,979 (tokens)
                           osl  p50=141       p75=379       p90=948       p99=2,497 (tokens)
                           tot  in=12,277,065     out=70,496
                           trace theoretical_prefix_cache_hit=96.8%
                           srv  prefix_cache_hit=95.0% unique_in_srv=631,187 kv_usage=19.5% queue=1r/0w tput_in_srv=16,101/s tput_out_srv=91/s
2026-06-03 16:11:19.737 - records_manager - INFO - [realtime 13:09 profiling] rps=0.2 (avg 0.3) tput_in=16258/s tput_out=92/s done=202 ok=202 err=0
                           ttft p50=548ms  p75=625ms  p95=1104ms p99=2335ms
                           itl  p50=13ms   p75=16ms   p95=21ms   p99=42ms
                           e2e  p50=2484ms p75=6468ms p95=20327ms p99=38295ms
                           intvty p50=77     p75=110    p95=366    p99=7,246 (1/tpot tok/s)
                           isl  p50=58,903    p75=88,974    p90=94,446    p99=117,958 (tokens)
                           osl  p50=139       p75=398       p90=887       p99=2,482 (tokens)
                           tot  in=12,678,002     out=71,488
                           trace theoretical_prefix_cache_hit=96.9%
                           srv  prefix_cache_hit=95.1% unique_in_srv=632,983 kv_usage=0.0% queue=0r/0w tput_in_srv=15,871/s tput_out_srv=88/s
2026-06-03 16:11:50.336 - records_manager - INFO - [realtime 13:39 profiling] rps=0.2 (avg 0.3) tput_in=15944/s tput_out=89/s done=209 ok=209 err=0
                           ttft p50=544ms  p75=625ms  p95=1088ms p99=2315ms
                           itl  p50=13ms   p75=16ms   p95=21ms   p99=42ms
                           e2e  p50=2488ms p75=6433ms p95=19911ms p99=37778ms
                           intvty p50=76     p75=110    p95=348    p99=7,232 (1/tpot tok/s)
                           isl  p50=58,597    p75=88,992    p90=94,477    p99=117,935 (tokens)
                           osl  p50=140       p75=379       p90=867       p99=2,452 (tokens)
                           tot  in=12,990,861     out=72,832
                           trace theoretical_prefix_cache_hit=96.9%
                           srv  prefix_cache_hit=95.2% unique_in_srv=641,220 kv_usage=19.7% queue=2r/0w tput_in_srv=15,776/s tput_out_srv=89/s
2026-06-03 16:12:21.006 - records_manager - INFO - [realtime 14:10 profiling] rps=0.1 (avg 0.3) tput_in=15785/s tput_out=92/s done=212 ok=212 err=0
                           ttft p50=546ms  p75=626ms  p95=1081ms p99=2307ms
                           itl  p50=13ms   p75=16ms   p95=21ms   p99=42ms
                           e2e  p50=2510ms p75=6673ms p95=20714ms p99=41059ms
                           intvty p50=76     p75=110    p95=341    p99=7,226 (1/tpot tok/s)
                           isl  p50=58,610    p75=88,992    p90=94,554    p99=117,925 (tokens)
                           osl  p50=146       p75=411       p90=887       p99=2,668 (tokens)
                           tot  in=13,178,590     out=76,869
                           trace theoretical_prefix_cache_hit=97.0%
                           srv  prefix_cache_hit=95.2% unique_in_srv=646,191 kv_usage=31.3% queue=3r/0w tput_in_srv=15,501/s tput_out_srv=92/s
2026-06-03 16:12:51.641 - records_manager - INFO - [realtime 14:40 profiling] rps=0.2 (avg 0.3) tput_in=15800/s tput_out=94/s done=218 ok=218 err=0
                           ttft p50=548ms  p75=625ms  p95=1067ms p99=2290ms
                           itl  p50=13ms   p75=16ms   p95=21ms   p99=41ms
                           e2e  p50=2510ms p75=6696ms p95=21721ms p99=41082ms
                           intvty p50=76     p75=110    p95=371    p99=7,214 (1/tpot tok/s)
                           isl  p50=58,903    p75=89,497    p90=94,953    p99=117,905 (tokens)
                           osl  p50=146       p75=456       p90=934       p99=2,656 (tokens)
                           tot  in=13,613,562     out=80,767
                           trace theoretical_prefix_cache_hit=97.0%
                           srv  prefix_cache_hit=95.3% unique_in_srv=658,536 kv_usage=42.1% queue=3r/0w tput_in_srv=15,520/s tput_out_srv=93/s
2026-06-03 16:13:22.356 - records_manager - INFO - [realtime 15:11 profiling] rps=0.1 (avg 0.2) tput_in=15275/s tput_out=94/s done=222 ok=222 err=0
                           ttft p50=544ms  p75=624ms  p95=1060ms p99=2279ms
                           itl  p50=13ms   p75=16ms   p95=21ms   p99=41ms
                           e2e  p50=2538ms p75=6901ms p95=26594ms p99=41009ms
                           intvty p50=75     p75=109    p95=366    p99=7,207 (1/tpot tok/s)
                           isl  p50=58,610    p75=89,497    p90=95,027    p99=117,892 (tokens)
                           osl  p50=152       p75=469       p90=1,058     p99=2,648 (tokens)
                           tot  in=13,793,020     out=84,560
                           trace theoretical_prefix_cache_hit=97.0%
                           srv  prefix_cache_hit=95.3% unique_in_srv=659,203 kv_usage=16.6% queue=1r/0w tput_in_srv=15,071/s tput_out_srv=95/s
2026-06-03 16:13:53.053 - records_manager - INFO - [realtime 15:42 profiling] rps=0.1 (avg 0.2) tput_in=14980/s tput_out=96/s done=226 ok=226 err=0
                           ttft p50=542ms  p75=624ms  p95=1095ms p99=2267ms
                           itl  p50=13ms   p75=16ms   p95=21ms   p99=41ms
                           e2e  p50=2551ms p75=6901ms p95=26834ms p99=44020ms
                           intvty p50=75     p75=107    p95=356    p99=7,199 (1/tpot tok/s)
                           isl  p50=58,240    p75=89,044    p90=94,978    p99=117,878 (tokens)
                           osl  p50=158       p75=469       p90=1,064     p99=2,744 (tokens)
                           tot  in=13,958,310     out=89,637
                           trace theoretical_prefix_cache_hit=97.0%
                           srv  prefix_cache_hit=95.4% unique_in_srv=664,671 kv_usage=26.9% queue=2r/0w tput_in_srv=14,818/s tput_out_srv=95/s
2026-06-03 16:14:23.830 - records_manager - INFO - [realtime 16:13 profiling] rps=0.1 (avg 0.2) tput_in=14665/s tput_out=96/s done=228 ok=228 err=0
                           ttft p50=542ms  p75=624ms  p95=1091ms p99=2262ms
                           itl  p50=13ms   p75=16ms   p95=21ms   p99=41ms
                           e2e  p50=2556ms p75=7130ms p95=26899ms p99=43950ms
                           intvty p50=75     p75=106    p95=351    p99=7,195 (1/tpot tok/s)
                           isl  p50=58,240    p75=89,206    p90=95,039    p99=117,872 (tokens)
                           osl  p50=162       p75=480       p90=1,074     p99=2,743 (tokens)
                           tot  in=14,086,426     out=92,455
                           trace theoretical_prefix_cache_hit=97.0%
                           srv  prefix_cache_hit=94.7% unique_in_srv=768,069 kv_usage=27.7% queue=1r/0w tput_in_srv=14,491/s tput_out_srv=94/s
2026-06-03 16:14:54.566 - records_manager - INFO - [realtime 16:43 profiling] rps=0.2 (avg 0.2) tput_in=14674/s tput_out=96/s done=234 ok=234 err=0
                           ttft p50=548ms  p75=628ms  p95=1119ms p99=2902ms
                           itl  p50=13ms   p75=16ms   p95=21ms   p99=41ms
                           e2e  p50=2556ms p75=7163ms p95=27595ms p99=43740ms
                           intvty p50=75     p75=103    p95=336    p99=7,183 (1/tpot tok/s)
                           isl  p50=59,571    p75=90,325    p90=95,273    p99=118,268 (tokens)
                           osl  p50=162       p75=486       p90=1,098     p99=2,739 (tokens)
                           tot  in=14,685,743     out=96,086
                           trace theoretical_prefix_cache_hit=96.5%
                           srv  prefix_cache_hit=94.8% unique_in_srv=786,737 kv_usage=10.0% queue=1r/0w tput_in_srv=14,558/s tput_out_srv=95/s
2026-06-03 16:15:15.210 - AgenticReplayTiming - INFO - Terminating trajectory 06385769df23204ac35c53ad431cf42f7c02 early at turn 7/19: context-overflow error from server
2026-06-03 16:15:25.376 - records_manager - INFO - [realtime 17:14 profiling] rps=0.2 (avg 0.2) tput_in=14691/s tput_out=98/s done=240 ok=240 err=0
                           ttft p50=548ms  p75=629ms  p95=1141ms p99=2860ms
                           itl  p50=13ms   p75=16ms   p95=21ms   p99=41ms
                           e2e  p50=2548ms p75=7147ms p95=28053ms p99=47935ms
                           intvty p50=75     p75=106    p95=390    p99=7,173 (1/tpot tok/s)
                           isl  p50=59,960    p75=90,795    p90=95,509    p99=118,245 (tokens)
                           osl  p50=154       p75=483       p90=1,110     p99=3,134 (tokens)
                           tot  in=15,026,595     out=100,030
                           trace theoretical_prefix_cache_hit=96.4%
                           srv  prefix_cache_hit=94.8% unique_in_srv=800,272 kv_usage=38.8% queue=2r/0w tput_in_srv=14,590/s tput_out_srv=96/s
2026-06-03 16:15:56.220 - records_manager - INFO - [realtime 17:45 profiling] rps=0.0 (avg 0.2) tput_in=14361/s tput_out=97/s done=241 ok=241 err=0
                           ttft p50=546ms  p75=629ms  p95=1139ms p99=2852ms
                           itl  p50=13ms   p75=16ms   p95=21ms   p99=41ms
                           e2e  p50=2551ms p75=7196ms p95=28014ms p99=47886ms
                           intvty p50=75     p75=106    p95=388    p99=7,172 (1/tpot tok/s)
                           isl  p50=60,960    p75=91,254    p90=95,569    p99=118,240 (tokens)
                           osl  p50=158       p75=490       p90=1,142     p99=3,128 (tokens)
                           tot  in=15,124,599     out=101,806
                           trace theoretical_prefix_cache_hit=96.5%
                           srv  prefix_cache_hit=94.8% unique_in_srv=800,272 kv_usage=19.0% queue=1r/0w tput_in_srv=14,180/s tput_out_srv=96/s
2026-06-03 16:16:27.033 - records_manager - INFO - [realtime 18:16 profiling] rps=0.2 (avg 0.2) tput_in=14450/s tput_out=98/s done=246 ok=246 err=0
                           ttft p50=548ms  p75=628ms  p95=1160ms p99=2810ms
                           itl  p50=13ms   p75=16ms   p95=21ms   p99=41ms
                           e2e  p50=2548ms p75=7180ms p95=28606ms p99=47641ms
                           intvty p50=76     p75=109    p95=426    p99=7,162 (1/tpot tok/s)
                           isl  p50=63,893    p75=91,598    p90=95,736    p99=118,217 (tokens)
                           osl  p50=154       p75=489       p90=1,149     p99=3,262 (tokens)
                           tot  in=15,557,804     out=105,301
                           trace theoretical_prefix_cache_hit=96.5%
                           srv  prefix_cache_hit=94.6% unique_in_srv=868,611 kv_usage=62.9% queue=4r/0w tput_in_srv=14,365/s tput_out_srv=96/s
2026-06-03 16:16:57.945 - records_manager - INFO - [realtime 18:47 profiling] rps=0.2 (avg 0.2) tput_in=14278/s tput_out=96/s done=252 ok=252 err=0
                           ttft p50=547ms  p75=627ms  p95=1152ms p99=2759ms
                           itl  p50=13ms   p75=16ms   p95=21ms   p99=40ms
                           e2e  p50=2558ms p75=7274ms p95=28369ms p99=47347ms
                           intvty p50=75     p75=106    p95=411    p99=7,150 (1/tpot tok/s)
                           isl  p50=64,095    p75=91,810    p90=96,187    p99=118,190 (tokens)
                           osl  p50=163       p75=491       p90=1,141     p99=3,248 (tokens)
                           tot  in=16,042,589     out=108,084
                           trace theoretical_prefix_cache_hit=96.6%
                           srv  prefix_cache_hit=94.7% unique_in_srv=872,636 kv_usage=43.4% queue=3r/0w tput_in_srv=14,320/s tput_out_srv=97/s
2026-06-03 16:17:28.823 - records_manager - INFO - [realtime 19:18 profiling] rps=0.2 (avg 0.2) tput_in=14386/s tput_out=98/s done=258 ok=258 err=0
                           ttft p50=548ms  p75=629ms  p95=1178ms p99=4018ms
                           itl  p50=13ms   p75=17ms   p95=21ms   p99=45ms
                           e2e  p50=2628ms p75=7315ms p95=29207ms p99=48346ms
                           intvty p50=74     p75=103    p95=396    p99=7,138 (1/tpot tok/s)
                           isl  p50=64,233    p75=91,942    p90=96,486    p99=118,163 (tokens)
                           osl  p50=163       p75=494       p90=1,146     p99=3,234 (tokens)
                           tot  in=16,499,829     out=112,735
                           trace theoretical_prefix_cache_hit=96.3%
                           srv  prefix_cache_hit=94.8% unique_in_srv=881,714 kv_usage=44.3% queue=3r/0w tput_in_srv=14,336/s tput_out_srv=97/s
2026-06-03 16:17:59.796 - records_manager - INFO - [realtime 19:49 profiling] rps=0.3 (avg 0.2) tput_in=14549/s tput_out=99/s done=267 ok=267 err=0
                           ttft p50=548ms  p75=635ms  p95=1159ms p99=3847ms
                           itl  p50=13ms   p75=16ms   p95=21ms   p99=44ms
                           e2e  p50=2788ms p75=7712ms p95=28567ms p99=48113ms
                           intvty p50=75     p75=103    p95=424    p99=7,121 (1/tpot tok/s)
                           isl  p50=64,610    p75=92,358    p90=96,937    p99=118,121 (tokens)
                           osl  p50=172       p75=513       p90=1,122     p99=3,214 (tokens)
                           tot  in=17,202,700     out=116,961
                           trace theoretical_prefix_cache_hit=96.4%
                           srv  prefix_cache_hit=95.0% unique_in_srv=884,735 kv_usage=14.6% queue=1r/0w tput_in_srv=14,431/s tput_out_srv=97/s
2026-06-03 16:18:30.801 - records_manager - INFO - [realtime 20:20 profiling] rps=0.2 (avg 0.2) tput_in=14477/s tput_out=98/s done=272 ok=272 err=0
                           ttft p50=549ms  p75=636ms  p95=1152ms p99=3752ms
                           itl  p50=13ms   p75=16ms   p95=22ms   p99=44ms
                           e2e  p50=2854ms p75=8063ms p95=28369ms p99=47983ms
                           intvty p50=74     p75=103    p95=466    p99=7,111 (1/tpot tok/s)
                           isl  p50=64,787    p75=92,400    p90=97,277    p99=118,098 (tokens)
                           osl  p50=169       p75=516       p90=1,102     p99=3,202 (tokens)
                           tot  in=17,581,218     out=118,634
                           trace theoretical_prefix_cache_hit=96.5%
                           srv  prefix_cache_hit=95.0% unique_in_srv=905,049 kv_usage=44.0% queue=2r/0w tput_in_srv=14,493/s tput_out_srv=97/s
2026-06-03 16:19:01.805 - records_manager - INFO - [realtime 20:51 profiling] rps=0.2 (avg 0.2) tput_in=14481/s tput_out=97/s done=277 ok=277 err=0
                           ttft p50=554ms  p75=637ms  p95=1145ms p99=3656ms
                           itl  p50=14ms   p75=17ms   p95=23ms   p99=44ms
                           e2e  p50=2985ms p75=8175ms p95=28172ms p99=47854ms
                           intvty p50=74     p75=103    p95=451    p99=7,101 (1/tpot tok/s)
                           isl  p50=64,840    p75=92,473    p90=97,538    p99=118,076 (tokens)
                           osl  p50=176       p75=516       p90=1,122     p99=3,191 (tokens)
                           tot  in=17,967,487     out=120,754
                           trace theoretical_prefix_cache_hit=96.5%
                           srv  prefix_cache_hit=95.1% unique_in_srv=911,365 kv_usage=44.5% queue=2r/0w tput_in_srv=14,444/s tput_out_srv=98/s
2026-06-03 16:19:32.873 - records_manager - INFO - [realtime 21:22 profiling] rps=0.1 (avg 0.2) tput_in=14399/s tput_out=96/s done=280 ok=280 err=0
                           ttft p50=554ms  p75=638ms  p95=1141ms p99=3599ms
                           itl  p50=14ms   p75=17ms   p95=23ms   p99=43ms
                           e2e  p50=3061ms p75=8210ms p95=28053ms p99=47776ms
                           intvty p50=74     p75=103    p95=505    p99=7,096 (1/tpot tok/s)
                           isl  p50=64,892    p75=92,692    p90=97,890    p99=118,062 (tokens)
                           osl  p50=177       p75=516       p90=1,110     p99=3,184 (tokens)
                           tot  in=18,227,360     out=121,513
                           trace theoretical_prefix_cache_hit=96.6%
                           srv  prefix_cache_hit=95.1% unique_in_srv=915,799 kv_usage=40.1% queue=2r/0w tput_in_srv=14,281/s tput_out_srv=98/s
2026-06-03 16:20:04.017 - records_manager - INFO - [realtime 21:53 profiling] rps=0.3 (avg 0.2) tput_in=14614/s tput_out=100/s done=289 ok=289 err=0
                           ttft p50=560ms  p75=643ms  p95=1156ms p99=3683ms
                           itl  p50=13ms   p75=16ms   p95=22ms   p99=43ms
                           e2e  p50=2882ms p75=8292ms p95=28488ms p99=50190ms
                           intvty p50=74     p75=107    p95=644    p99=7,078 (1/tpot tok/s)
                           isl  p50=67,500    p75=93,263    p90=99,266    p99=118,021 (tokens)
                           osl  p50=172       p75=517       p90=1,114     p99=3,433 (tokens)
                           tot  in=19,105,863     out=130,171
                           trace theoretical_prefix_cache_hit=96.6%
                           srv  prefix_cache_hit=95.2% unique_in_srv=920,588 kv_usage=0.0% queue=0r/0w tput_in_srv=14,463/s tput_out_srv=98/s
2026-06-03 16:20:35.154 - records_manager - INFO - [realtime 22:24 profiling] rps=0.1 (avg 0.2) tput_in=14556/s tput_out=99/s done=292 ok=292 err=0
                           ttft p50=558ms  p75=641ms  p95=1152ms p99=3634ms
                           itl  p50=13ms   p75=16ms   p95=22ms   p99=43ms
                           e2e  p50=2854ms p75=8302ms p95=28369ms p99=50099ms
                           intvty p50=74     p75=106    p95=630    p99=7,072 (1/tpot tok/s)
                           isl  p50=67,146    p75=93,268    p90=99,762    p99=118,007 (tokens)
                           osl  p50=169       p75=517       p90=1,102     p99=3,416 (tokens)
                           tot  in=19,325,740     out=131,322
                           trace theoretical_prefix_cache_hit=96.6%
                           srv  prefix_cache_hit=95.3% unique_in_srv=922,535 kv_usage=23.5% queue=1r/0w tput_in_srv=14,378/s tput_out_srv=97/s
2026-06-03 16:21:06.277 - records_manager - INFO - [realtime 22:55 profiling] rps=0.1 (avg 0.2) tput_in=14308/s tput_out=98/s done=294 ok=294 err=0
                           ttft p50=560ms  p75=643ms  p95=1149ms p99=3602ms
                           itl  p50=13ms   p75=16ms   p95=22ms   p99=42ms
                           e2e  p50=2854ms p75=8323ms p95=28393ms p99=50039ms
                           intvty p50=74     p75=106    p95=620    p99=7,068 (1/tpot tok/s)
                           isl  p50=67,855    p75=93,379    p90=99,948    p99=117,998 (tokens)
                           osl  p50=169       p75=517       p90=1,133     p99=3,405 (tokens)
                           tot  in=19,541,347     out=133,692
                           trace theoretical_prefix_cache_hit=96.7%
                           srv  prefix_cache_hit=95.4% unique_in_srv=926,406 kv_usage=52.5% queue=3r/0w tput_in_srv=14,315/s tput_out_srv=96/s
2026-06-03 16:21:37.483 - records_manager - INFO - [realtime 23:26 profiling] rps=0.2 (avg 0.2) tput_in=14296/s tput_out=97/s done=300 ok=300 err=0
                           ttft p50=560ms  p75=643ms  p95=1141ms p99=3506ms
                           itl  p50=14ms   p75=16ms   p95=22ms   p99=42ms
                           e2e  p50=2910ms p75=8433ms p95=28206ms p99=49858ms
                           intvty p50=74     p75=106    p95=743    p99=7,057 (1/tpot tok/s)
                           isl  p50=67,930    p75=93,529    p90=100,187   p99=117,970 (tokens)
                           osl  p50=175       p75=538       p90=1,110     p99=3,373 (tokens)
                           tot  in=20,062,743     out=136,688
                           trace theoretical_prefix_cache_hit=96.7%
                           srv  prefix_cache_hit=95.5% unique_in_srv=930,175 kv_usage=36.8% queue=2r/0w tput_in_srv=14,269/s tput_out_srv=97/s
2026-06-03 16:22:08.737 - records_manager - INFO - [realtime 23:58 profiling] rps=0.1 (avg 0.2) tput_in=14290/s tput_out=97/s done=304 ok=304 err=0
                           ttft p50=560ms  p75=643ms  p95=1135ms p99=3468ms
                           itl  p50=14ms   p75=16ms   p95=21ms   p99=42ms
                           e2e  p50=2910ms p75=8433ms p95=28127ms p99=49746ms
                           intvty p50=74     p75=106    p95=1,262  p99=7,052 (1/tpot tok/s)
                           isl  p50=69,157    p75=93,760    p90=100,473   p99=117,954 (tokens)
                           osl  p50=175       p75=538       p90=1,133     p99=3,357 (tokens)
                           tot  in=20,447,123     out=138,840
                           trace theoretical_prefix_cache_hit=96.8%
                           srv  prefix_cache_hit=95.5% unique_in_srv=936,228 kv_usage=25.1% queue=1r/0w tput_in_srv=14,233/s tput_out_srv=96/s
2026-06-03 16:22:40.044 - records_manager - INFO - [realtime 24:29 profiling] rps=0.1 (avg 0.2) tput_in=14194/s tput_out=96/s done=308 ok=308 err=0
                           ttft p50=563ms  p75=644ms  p95=1129ms p99=3456ms
                           itl  p50=14ms   p75=16ms   p95=22ms   p99=42ms
                           e2e  p50=2910ms p75=8433ms p95=28093ms p99=49642ms
                           intvty p50=74     p75=106    p95=1,132  p99=7,052 (1/tpot tok/s)
                           isl  p50=69,157    p75=93,869    p90=100,624   p99=117,941 (tokens)
                           osl  p50=175       p75=538       p90=1,118     p99=3,348 (tokens)
                           tot  in=20,782,594     out=139,908
                           trace theoretical_prefix_cache_hit=96.8%
                           srv  prefix_cache_hit=95.6% unique_in_srv=944,745 kv_usage=43.2% queue=2r/0w tput_in_srv=14,216/s tput_out_srv=97/s
2026-06-03 16:23:11.300 - records_manager - INFO - [realtime 25:00 profiling] rps=0.2 (avg 0.2) tput_in=14184/s tput_out=94/s done=313 ok=313 err=0
                           ttft p50=564ms  p75=645ms  p95=1122ms p99=3441ms
                           itl  p50=14ms   p75=17ms   p95=23ms   p99=42ms
                           e2e  p50=2977ms p75=8420ms p95=28051ms p99=49512ms
                           intvty p50=74     p75=104    p95=970    p99=7,051 (1/tpot tok/s)
                           isl  p50=69,802    p75=93,975    p90=100,967   p99=117,925 (tokens)
                           osl  p50=172       p75=518       p90=1,101     p99=3,337 (tokens)
                           tot  in=21,228,033     out=140,790
                           trace theoretical_prefix_cache_hit=96.9%
                           srv  prefix_cache_hit=95.6% unique_in_srv=949,616 kv_usage=57.7% queue=3r/0w tput_in_srv=14,259/s tput_out_srv=97/s
2026-06-03 16:23:42.621 - records_manager - INFO - [realtime 25:31 profiling] rps=0.2 (avg 0.2) tput_in=14255/s tput_out=93/s done=319 ok=319 err=0
                           ttft p50=566ms  p75=645ms  p95=1113ms p99=3424ms
                           itl  p50=14ms   p75=17ms   p95=23ms   p99=41ms
                           e2e  p50=2882ms p75=8387ms p95=28000ms p99=49357ms
                           intvty p50=73     p75=103    p95=776    p99=7,050 (1/tpot tok/s)
                           isl  p50=71,954    p75=94,432    p90=101,777   p99=117,905 (tokens)
                           osl  p50=168       p75=517       p90=1,094     p99=3,323 (tokens)
                           tot  in=21,779,623     out=141,887
                           trace theoretical_prefix_cache_hit=97.0%
                           srv  prefix_cache_hit=95.7% unique_in_srv=952,206 kv_usage=44.5% queue=2r/0w tput_in_srv=14,284/s tput_out_srv=98/s
2026-06-03 16:24:14.014 - records_manager - INFO - [realtime 26:03 profiling] rps=0.1 (avg 0.2) tput_in=14093/s tput_out=95/s done=321 ok=321 err=0
                           ttft p50=566ms  p75=645ms  p95=1111ms p99=3418ms
                           itl  p50=14ms   p75=17ms   p95=23ms   p99=41ms
                           e2e  p50=2977ms p75=8473ms p95=28175ms p99=52240ms
                           intvty p50=73     p75=102    p95=711    p99=7,049 (1/tpot tok/s)
                           isl  p50=71,954    p75=94,384    p90=101,686   p99=117,898 (tokens)
                           osl  p50=172       p75=530       p90=1,106     p99=3,802 (tokens)
                           tot  in=21,932,307     out=148,352
                           trace theoretical_prefix_cache_hit=97.0%
                           srv  prefix_cache_hit=95.7% unique_in_srv=952,548 kv_usage=26.5% queue=1r/0w tput_in_srv=14,045/s tput_out_srv=99/s
2026-06-03 16:24:45.438 - records_manager - INFO - [realtime 26:34 profiling] rps=0.1 (avg 0.2) tput_in=14053/s tput_out=99/s done=324 ok=324 err=0
                           ttft p50=567ms  p75=646ms  p95=1135ms p99=3409ms
                           itl  p50=14ms   p75=17ms   p95=23ms   p99=41ms
                           e2e  p50=3045ms p75=8489ms p95=28703ms p99=60527ms
                           intvty p50=73     p75=102    p95=669    p99=7,049 (1/tpot tok/s)
                           isl  p50=73,483    p75=94,510    p90=102,567   p99=118,318 (tokens)
                           osl  p50=175       p75=538       p90=1,133     p99=4,224 (tokens)
                           tot  in=22,261,281     out=157,423
                           trace theoretical_prefix_cache_hit=97.0%
                           srv  prefix_cache_hit=95.8% unique_in_srv=952,646 kv_usage=0.0% queue=0r/0w tput_in_srv=13,902/s tput_out_srv=97/s
2026-06-03 16:25:16.885 - records_manager - INFO - [realtime 27:06 profiling] rps=0.1 (avg 0.2) tput_in=13997/s tput_out=98/s done=328 ok=328 err=0
                           ttft p50=567ms  p75=646ms  p95=1129ms p99=3397ms
                           itl  p50=14ms   p75=17ms   p95=23ms   p99=41ms
                           e2e  p50=2910ms p75=8433ms p95=28579ms p99=60131ms
                           intvty p50=73     p75=102    p95=649    p99=7,048 (1/tpot tok/s)
                           isl  p50=73,513    p75=94,642    p90=103,435   p99=118,853 (tokens)
                           osl  p50=175       p75=520       p90=1,118     p99=4,208 (tokens)
                           tot  in=22,660,520     out=158,046
                           trace theoretical_prefix_cache_hit=97.0%
                           srv  prefix_cache_hit=95.9% unique_in_srv=957,872 kv_usage=32.4% queue=2r/0w tput_in_srv=13,974/s tput_out_srv=96/s
2026-06-03 16:25:48.289 - records_manager - INFO - [realtime 27:37 profiling] rps=0.2 (avg 0.2) tput_in=14008/s tput_out=97/s done=334 ok=334 err=0
                           ttft p50=571ms  p75=648ms  p95=1121ms p99=3380ms
                           itl  p50=14ms   p75=17ms   p95=23ms   p99=41ms
                           e2e  p50=3045ms p75=8408ms p95=28393ms p99=59538ms
                           intvty p50=73     p75=102    p95=620    p99=7,047 (1/tpot tok/s)
                           isl  p50=73,513    p75=94,719    p90=103,628   p99=118,817 (tokens)
                           osl  p50=177       p75=517       p90=1,100     p99=4,183 (tokens)
                           tot  in=23,166,956     out=160,146
                           trace theoretical_prefix_cache_hit=97.1%
                           srv  prefix_cache_hit=95.9% unique_in_srv=972,558 kv_usage=60.8% queue=3r/0w tput_in_srv=14,054/s tput_out_srv=97/s
2026-06-03 16:26:19.770 - records_manager - INFO - [realtime 28:09 profiling] rps=0.2 (avg 0.2) tput_in=14026/s tput_out=97/s done=339 ok=339 err=0
                           ttft p50=573ms  p75=649ms  p95=1142ms p99=3365ms
                           itl  p50=14ms   p75=17ms   p95=23ms   p99=41ms
                           e2e  p50=3053ms p75=8445ms p95=29096ms p99=59043ms
                           intvty p50=72     p75=102    p95=596    p99=7,046 (1/tpot tok/s)
                           isl  p50=73,662    p75=94,867    p90=103,725   p99=118,788 (tokens)
                           osl  p50=180       p75=518       p90=1,114     p99=4,163 (tokens)
                           tot  in=23,612,623     out=162,610
                           trace theoretical_prefix_cache_hit=97.1%
                           srv  prefix_cache_hit=95.9% unique_in_srv=974,379 kv_usage=27.4% queue=1r/0w tput_in_srv=14,001/s tput_out_srv=97/s
2026-06-03 16:26:51.281 - records_manager - INFO - [realtime 28:40 profiling] rps=0.1 (avg 0.2) tput_in=13940/s tput_out=96/s done=342 ok=342 err=0
                           ttft p50=573ms  p75=650ms  p95=1166ms p99=3356ms
                           itl  p50=14ms   p75=17ms   p95=23ms   p99=41ms
                           e2e  p50=3045ms p75=8457ms p95=30977ms p99=58747ms
                           intvty p50=72     p75=102    p95=581    p99=7,045 (1/tpot tok/s)
                           isl  p50=74,036    p75=95,039    p90=103,935   p99=118,771 (tokens)
                           osl  p50=177       p75=518       p90=1,141     p99=4,150 (tokens)
                           tot  in=23,921,357     out=164,446
                           trace theoretical_prefix_cache_hit=97.1%
                           srv  prefix_cache_hit=96.0% unique_in_srv=981,435 kv_usage=42.9% queue=2r/0w tput_in_srv=13,968/s tput_out_srv=98/s
2026-06-03 16:27:22.816 - records_manager - INFO - [realtime 29:12 profiling] rps=0.1 (avg 0.2) tput_in=13907/s tput_out=95/s done=346 ok=346 err=0
                           ttft p50=573ms  p75=650ms  p95=1160ms p99=3345ms
                           itl  p50=14ms   p75=17ms   p95=23ms   p99=41ms
                           e2e  p50=3061ms p75=8457ms p95=30534ms p99=58351ms
                           intvty p50=72     p75=102    p95=564    p99=7,044 (1/tpot tok/s)
                           isl  p50=73,827    p75=95,039    p90=103,976   p99=118,747 (tokens)
                           osl  p50=177       p75=517       p90=1,125     p99=4,134 (tokens)
                           tot  in=24,247,506     out=165,237
                           trace theoretical_prefix_cache_hit=97.2%
                           srv  prefix_cache_hit=96.0% unique_in_srv=986,043 kv_usage=71.2% queue=3r/0w tput_in_srv=13,978/s tput_out_srv=98/s
2026-06-03 16:27:54.462 - records_manager - INFO - [realtime 29:43 profiling] rps=0.3 (avg 0.2) tput_in=14134/s tput_out=99/s done=354 ok=354 err=0
                           ttft p50=576ms  p75=651ms  p95=1217ms p99=3321ms
                           itl  p50=14ms   p75=17ms   p95=23ms   p99=40ms
                           e2e  p50=3061ms p75=8607ms p95=31112ms p99=82719ms
                           intvty p50=72     p75=102    p95=530    p99=7,043 (1/tpot tok/s)
                           isl  p50=74,137    p75=95,151    p90=104,218   p99=119,719 (tokens)
                           osl  p50=177       p75=522       p90=1,151     p99=5,029 (tokens)
                           tot  in=25,026,493     out=175,672
                           trace theoretical_prefix_cache_hit=97.2%
                           srv  prefix_cache_hit=96.1% unique_in_srv=998,212 kv_usage=21.6% queue=1r/0w tput_in_srv=14,038/s tput_out_srv=98/s
2026-06-03 16:28:10.659 - PhaseRunner - INFO - Timeout of 1799.999539292s elapsed for event 'profiling phase sending'
2026-06-03 16:28:10.660 - PhaseRunner - NOTICE - Phase profiling sending complete | sent=359, completed=357, in_flight=2 | sessions: sent=5, completed=4 | timeout_triggered=True
2026-06-03 16:28:10.660 - PhaseRunner - INFO - Waiting for event 'profiling phase credits returned' with timeout of 29.998472344999982s
2026-06-03 16:28:10.661 - records_manager - INFO - Sent 359 requests. Waiting for all to complete...
2026-06-03 16:28:26.124 - records_manager - INFO - [realtime 30:15 profiling] rps=0.1 (avg 0.2) tput_in=14092/s tput_out=98/s done=357 ok=357 err=0
                           ttft p50=574ms  p75=651ms  p95=1215ms p99=3312ms
                           itl  p50=14ms   p75=17ms   p95=23ms   p99=40ms
                           e2e  p50=3068ms p75=8543ms p95=31061ms p99=81468ms
                           intvty p50=72     p75=102    p95=517    p99=7,042 (1/tpot tok/s)
                           isl  p50=74,476    p75=95,194    p90=104,221   p99=119,674 (tokens)
                           osl  p50=177       p75=519       p90=1,148     p99=4,984 (tokens)
                           tot  in=25,291,200     out=176,093
                           trace theoretical_prefix_cache_hit=97.2%
                           srv  prefix_cache_hit=96.1% unique_in_srv=1,000,706 kv_usage=49.3% queue=2r/0w tput_in_srv=14,012/s tput_out_srv=98/s
2026-06-03 16:28:40.659 - PhaseRunner - INFO - Timeout of 29.998472344999982s elapsed for event 'profiling phase credits returned'
2026-06-03 16:28:40.659 - PhaseRunner - WARNING - Phase profiling timed out, cancelling all credits. Stats: sent=359, completed=358, cancelled=0, in_flight=1
2026-06-03 16:28:40.660 - StickyCreditRouter_280d22bf - INFO - Sent cancellation requests for 1 in-flight credits across 1 workers
2026-06-03 16:28:40.660 - PhaseRunner - INFO - Waiting for all cancelled credits to be returned for phase profiling. Need 1 more credits.
2026-06-03 16:28:40.661 - PhaseRunner - INFO - All cancelled credits returned for phase profiling
2026-06-03 16:28:40.661 - PhaseRunner - NOTICE - Phase profiling complete | completed=358, cancelled=1, errors=0 | sessions: completed=4, cancelled=0 | elapsed=1830.00s | grace_period_timeout=True
2026-06-03 16:28:40.661 - aiperf.timing.branch_orchestrator - INFO - BranchOrchestrator stats: spawned=2 completed=2 errored=0 suspended=2 resumed=2 parents_failed_due_to_child_error=0 joins_suppressed=0
2026-06-03 16:28:40.662 - PhaseOrchestrator_7660665e - NOTICE - All credits completed
2026-06-03 16:28:40.662 - records_manager - INFO - Received CREDIT_PHASE_COMPLETE message, Phase complete: PhaseRecordsStats(phase=CreditPhase.PROFILING, start_ns=1780502290658884575, sent_end_ns=1780504090659903763, requests_end_ns=1780504120661527201, total_expected_requests=None, expected_duration_sec=None, expected_num_sessions=None, expected_grace_period_sec=None, final_requests_sent=None, final_requests_completed=358, final_requests_cancelled=1, final_request_errors=0, final_sent_sessions=None, final_completed_sessions=None, final_cancelled_sessions=None, timeout_triggered=True, grace_period_timeout_triggered=True, was_cancelled=False, records_end_ns=None, success_records=358, error_records=0)
2026-06-03 16:28:40.662 - system_controller - INFO - Received credits complete from 'timing_manager'
2026-06-03 16:28:40.663 - records_manager - NOTICE - All requests have completed, please wait for the results to be processed (currently 358 of 358 records processed)...
2026-06-03 16:28:40.663 - records_manager - INFO - Processed 358 valid requests and 0 errors (358 total).
2026-06-03 16:28:40.663 - records_manager - INFO - Received all records, processing now...
2026-06-03 16:28:40.663 - records_manager - INFO - All credits complete, please wait for the results to be processed...
2026-06-03 16:28:40.664 - server_metrics_manager - INFO - Server Metrics: Profiling complete, capturing final metrics...
2026-06-03 16:28:40.665 - records_manager - INFO - Waiting 2.0s for server metrics flush period...
2026-06-03 16:28:42.661 - records_manager - INFO - Processing records results...
2026-06-03 16:28:46.402 - RecordExportJSONLWriter_2a8a9979 - WARNING - Timeout waiting for 0 pending flush tasks during shutdown. Cancelling tasks and proceeding with cleanup.
2026-06-03 16:28:46.648 - system_controller - INFO - Waiting for server metrics results...
2026-06-03 16:28:46.649 - system_controller - INFO - Waiting for server metrics results...
2026-06-03 16:28:47.796 - records_manager - INFO - _finalize_and_process_results completed
2026-06-03 16:28:48.052 - system_controller - INFO - All results received, initiating shutdown
2026-06-03 16:28:48.925 - ExporterManager - INFO - Exporting all records
2026-06-03 16:28:49.241 - aiperf.common.scenario.validator - INFO - Scenario 'inferencex-agentx-mvp': setting timing_mode=agentic_replay (was at default request_rate).
2026-06-03 16:28:50.306 - aiperf.common.scenario.validator - INFO - Scenario 'inferencex-agentx-mvp': setting timing_mode=agentic_replay (was at default request_rate).
2026-06-03 16:28:50.396 - ExporterManager - INFO - Exporting console data
