2026-06-03 08:51:52.489 - aiperf.cli_runner - INFO - Starting AIPerf System
2026-06-03 08:51:52.809 - server_metrics_manager - INFO - Server Metrics: Discovered 1 endpoints: ['http://localhost:8893/metrics']
2026-06-03 08:51:52.832 - system_controller - INFO - Registered Server Metrics Manager (id: 'server_metrics_manager')
2026-06-03 08:51:52.874 - system_controller - INFO - Registered Worker Manager (id: 'worker_manager')
2026-06-03 08:51:52.924 - system_controller - INFO - Registered Gpu Telemetry Manager (id: 'gpu_telemetry_manager')
2026-06-03 08:51:52.945 - system_controller - INFO - Registered Dataset Manager (id: 'dataset_manager')
2026-06-03 08:51:52.971 - system_controller - INFO - Registered Record Processor (id: 'record_processor_0b665527')
2026-06-03 08:51:52.982 - GPUTelemetryJSONLWriter_b2b5bfa8 - INFO - GPU telemetry export enabled: /workspace/results/aiperf_artifacts/gpu_telemetry_export.jsonl
2026-06-03 08:51:52.983 - RecordExportJSONLWriter_42fa81a3 - INFO - Record metrics export enabled: /workspace/results/aiperf_artifacts/profile_export.jsonl
2026-06-03 08:51:53.038 - system_controller - INFO - Registered Timing Manager (id: 'timing_manager')
2026-06-03 08:51:53.087 - system_controller - INFO - Registered Worker (id: 'worker_43305f27')
2026-06-03 08:51:53.121 - system_controller - INFO - Registered Records Manager (id: 'records_manager')
2026-06-03 08:51:53.270 - system_controller - INFO - AIPerf System is CONFIGURING
2026-06-03 08:51:53.270 - system_controller - INFO - Configuring all services to start profiling
2026-06-03 08:51:53.272 - timing_manager - INFO - Waiting for dataset to be configured before configuring timing
2026-06-03 08:51:53.272 - InferenceResultParser_5190eeed - INFO - Tokenization is disabled for this endpoint, skipping tokenizer configuration
2026-06-03 08:51:53.284 - system_controller - INFO - GPU telemetry disabled - no DCGM endpoints reachable
2026-06-03 08:51:53.289 - server_metrics_manager - INFO - Server Metrics: Capturing baseline metrics...
2026-06-03 08:51:53.308 - dataset_manager - INFO - Memory-mapped dataset cache HIT (key=a89c8d7d3f52d83cd608ced66434c13c); skipping tokenizer + composer.
2026-06-03 08:51:53.312 - http://localhost:8893/metrics - INFO - Skipping unsupported summary metric: http_request_size_bytes
2026-06-03 08:51:53.312 - http://localhost:8893/metrics - INFO - Skipping unsupported summary metric: http_response_size_bytes
2026-06-03 08:51:53.313 - system_controller - INFO - Server metrics enabled - 1/1 endpoint(s) reachable.
2026-06-03 08:51:53.829 - aiperf.dataset.mmap_cache - INFO - Restored mmap cache file dataset.dat via copy in 0.521s (1.24 GiB)
2026-06-03 08:51:53.830 - aiperf.dataset.mmap_cache - INFO - Restored mmap cache file index.dat via copy in 0.001s (0.00 GiB)
2026-06-03 08:51:53.830 - aiperf.dataset.mmap_cache - INFO - Restored mmap cache files in 0.522s via dataset=copy index=copy (dataset=1.24 GiB, index=0.00 GiB)
2026-06-03 08:51:53.970 - dataset_manager - INFO - sampling strategy: sequential, unique conversations: 678, unique turn count: 52915
2026-06-03 08:51:54.186 - aiperf.timing.trajectory_source - INFO - TrajectorySource: built 1 trajectories from 225 traces
  range cfg=[0.25, 0.75]  observed sample pct: min= 39% median= 39% max= 39%
    lane=00  sample_time= 39%  root_next= 14/32  ( 44% turns)  live=1 ready=1  trace_id=00e7d11db2db59f44a87b4110175b11d1af3
2026-06-03 08:51:54.186 - PhaseOrchestrator_65a4ae9b - INFO - Initialized 2 phase(s): ['Warmup', 'Profiling']
2026-06-03 08:51:54.223 - dataset_manager - INFO - Dataset client initialized and freed 0 conversations from memory
2026-06-03 08:51:54.224 - system_controller - INFO - All services configured in 0.95 seconds
2026-06-03 08:51:54.224 - system_controller - INFO - AIPerf System is CONFIGURED
2026-06-03 08:51:54.225 - server_metrics_manager - INFO - Server Metrics: Started 1 collector(s) successfully
2026-06-03 08:51:54.235 - PhaseRunner - NOTICE - Phase warmup started | target: 1 requests
2026-06-03 08:51:54.236 - AgenticReplayTiming - INFO - WARMUP execute: dispatching 1 trajectory credits
2026-06-03 08:51:54.236 - PhaseRunner - NOTICE - Phase warmup sending complete | sent=1, completed=0, in_flight=1
2026-06-03 08:51:54.292 - records_manager - INFO - Credit phase start: warmup
2026-06-03 08:51:54.313 - system_controller - INFO - All services started profiling successfully
2026-06-03 08:51:54.313 - system_controller - INFO - AIPerf System is PROFILING
2026-06-03 08:52:02.141 - PhaseRunner - NOTICE - Phase warmup complete | completed=1, cancelled=0, errors=0 | elapsed=7.91s
2026-06-03 08:52:02.141 - aiperf.timing.branch_orchestrator - INFO - BranchOrchestrator stats: spawned=0 completed=0 errored=0 suspended=0 resumed=0 parents_failed_due_to_child_error=0 joins_suppressed=0
2026-06-03 08:52:02.153 - AgenticReplayTiming - INFO - PROFILING setup: trajectories=1 traces, recycle_queue=225 traces (full pool)
2026-06-03 08:52:02.153 - PhaseRunner - NOTICE - Phase profiling started | target: 1800.0s duration
2026-06-03 08:52:02.154 - PhaseRunner - INFO - Waiting for event 'profiling phase sending' with timeout of 1799.999523871s
2026-06-03 08:52:02.154 - AgenticReplayTiming - INFO - PROFILING execute: resuming 1 trajectory sessions
2026-06-03 08:52:02.154 - records_manager - INFO - Credit phase start: profiling
2026-06-03 08:52:53.043 - records_manager - INFO - [realtime 00:50 profiling] rps=0.4 (avg 0.4) tput_in=28278/s tput_out=77/s done=1 ok=1 err=0
                           ttft p50=697ms  p75=697ms  p95=697ms  p99=697ms
                           itl  p50=10ms   p75=10ms   p95=10ms   p99=10ms
                           e2e  p50=2600ms p75=2600ms p95=2600ms p99=2600ms
                           intvty p50=104    p75=104    p95=104    p99=104 (1/tpot tok/s)
                           isl  p50=73,513    p75=73,513    p90=73,513    p99=73,513 (tokens)
                           osl  p50=199       p75=199       p90=199       p99=199 (tokens)
                           tot  in=73,513         out=199
                           trace theoretical_prefix_cache_hit=94.2%
                           srv  prefix_cache_hit=66.5% unique_in_srv=74,054 kv_usage=5.8% queue=1r/0w tput_in_srv=3,709/s tput_out_srv=20/s
2026-06-03 08:53:23.068 - records_manager - INFO - [realtime 01:20 profiling] rps=0.1 (avg 0.1) tput_in=8274/s tput_out=49/s done=4 ok=4 err=0
                           ttft p50=853ms  p75=1012ms p95=1019ms p99=1020ms
                           itl  p50=10ms   p75=10ms   p95=10ms   p99=10ms
                           e2e  p50=3275ms p75=5741ms p95=11060ms p99=12124ms
                           intvty p50=98     p75=100    p95=103    p99=104 (1/tpot tok/s)
                           isl  p50=74,230    p75=75,641    p90=77,833    p99=79,149 (tokens)
                           osl  p50=242       p75=461       p90=846       p99=1,076 (tokens)
                           tot  in=301,267        out=1,784
                           trace theoretical_prefix_cache_hit=96.7%
                           srv  prefix_cache_hit=78.8% unique_in_srv=79,356 kv_usage=0.0% queue=0r/0w tput_in_srv=4,182/s tput_out_srv=22/s
2026-06-03 08:53:53.092 - records_manager - INFO - [realtime 01:50 profiling] rps=0.0 (avg 0.1) tput_in=8274/s tput_out=49/s done=4 ok=4 err=0
                           ttft p50=853ms  p75=1012ms p95=1019ms p99=1020ms
                           itl  p50=10ms   p75=10ms   p95=10ms   p99=10ms
                           e2e  p50=3275ms p75=5741ms p95=11060ms p99=12124ms
                           intvty p50=98     p75=100    p95=103    p99=104 (1/tpot tok/s)
                           isl  p50=74,230    p75=75,641    p90=77,833    p99=79,149 (tokens)
                           osl  p50=242       p75=461       p90=846       p99=1,076 (tokens)
                           tot  in=301,267        out=1,784
                           trace theoretical_prefix_cache_hit=96.7%
                           srv  prefix_cache_hit=78.8% unique_in_srv=79,356 kv_usage=0.0% queue=0r/0w tput_in_srv=3,133/s tput_out_srv=17/s
2026-06-03 08:54:23.168 - records_manager - INFO - [realtime 02:21 profiling] rps=0.1 (avg 0.1) tput_in=4682/s tput_out=32/s done=6 ok=6 err=0
                           ttft p50=740ms  p75=953ms  p95=1018ms p99=1020ms
                           itl  p50=10ms   p75=10ms   p95=10ms   p99=10ms
                           e2e  p50=4473ms p75=8439ms p95=11654ms p99=12243ms
                           intvty p50=98     p75=99     p95=103    p99=104 (1/tpot tok/s)
                           isl  p50=76,859    p75=79,927    p90=80,782    p99=81,363 (tokens)
                           osl  p50=358       p75=763       p90=982       p99=1,090 (tokens)
                           tot  in=462,832        out=3,115
                           trace theoretical_prefix_cache_hit=97.4%
                           srv  prefix_cache_hit=84.8% unique_in_srv=81,529 kv_usage=0.0% queue=0r/0w tput_in_srv=3,585/s tput_out_srv=22/s
2026-06-03 08:54:53.209 - records_manager - INFO - [realtime 02:51 profiling] rps=0.0 (avg 0.1) tput_in=4038/s tput_out=43/s done=7 ok=7 err=0
                           ttft p50=698ms  p75=896ms  p95=1017ms p99=1020ms
                           itl  p50=10ms   p75=10ms   p95=10ms   p99=10ms
                           e2e  p50=5421ms p75=10918ms p95=23973ms p99=27944ms
                           intvty p50=98     p75=99     p95=103    p99=104 (1/tpot tok/s)
                           isl  p50=79,295    p75=80,782    p90=82,071    p99=82,940 (tokens)
                           osl  p50=470       p75=982       p90=1,766     p99=2,662 (tokens)
                           tot  in=545,869        out=5,877
                           trace theoretical_prefix_cache_hit=97.5%
                           srv  prefix_cache_hit=86.6% unique_in_srv=83,158 kv_usage=0.0% queue=0r/0w tput_in_srv=3,448/s tput_out_srv=34/s
2026-06-03 08:55:23.254 - records_manager - INFO - [realtime 03:21 profiling] rps=0.0 (avg 0.1) tput_in=4114/s tput_out=40/s done=8 ok=8 err=0
                           ttft p50=697ms  p75=839ms  p95=1017ms p99=1019ms
                           itl  p50=10ms   p75=10ms   p95=10ms   p99=10ms
                           e2e  p50=4473ms p75=10182ms p95=23146ms p99=27779ms
                           intvty p50=98     p75=99     p95=103    p99=104 (1/tpot tok/s)
                           isl  p50=79,716    p75=81,830    p90=83,365    p99=84,053 (tokens)
                           osl  p50=358       p75=921       p90=1,600     p99=2,646 (tokens)
                           tot  in=629,999        out=6,081
                           trace theoretical_prefix_cache_hit=97.6%
                           srv  prefix_cache_hit=88.0% unique_in_srv=84,280 kv_usage=0.0% queue=0r/0w tput_in_srv=3,356/s tput_out_srv=30/s
2026-06-03 08:55:53.302 - records_manager - INFO - [realtime 03:51 profiling] rps=0.0 (avg 0.0) tput_in=3774/s tput_out=34/s done=9 ok=9 err=0
                           ttft p50=697ms  p75=783ms  p95=1016ms p99=1019ms
                           itl  p50=10ms   p75=10ms   p95=10ms   p99=10ms
                           e2e  p50=3525ms p75=9445ms p95=22318ms p99=27613ms
                           intvty p50=99     p75=99     p95=102    p99=104 (1/tpot tok/s)
                           isl  p50=80,138    p75=83,037    p90=84,182    p99=84,368 (tokens)
                           osl  p50=267       p75=861       p90=1,434     p99=2,629 (tokens)
                           tot  in=714,388        out=6,348
                           trace theoretical_prefix_cache_hit=97.9%
                           srv  prefix_cache_hit=87.6% unique_in_srv=111,428 kv_usage=8.4% queue=1r/0w tput_in_srv=3,288/s tput_out_srv=27/s
2026-06-03 08:56:23.359 - records_manager - INFO - [realtime 04:21 profiling] rps=0.0 (avg 0.0) tput_in=3686/s tput_out=39/s done=10 ok=10 err=0
                           ttft p50=697ms  p75=953ms  p95=2969ms p99=4245ms
                           itl  p50=10ms   p75=10ms   p95=11ms   p99=11ms
                           e2e  p50=4473ms p75=11654ms p95=30449ms p99=31438ms
                           intvty p50=98     p75=99     p95=102    p99=104 (1/tpot tok/s)
                           isl  p50=80,782    p75=83,857    p90=87,077    p99=108,852 (tokens)
                           osl  p50=368       p75=1,042     p90=2,514     p99=2,737 (tokens)
                           tot  in=825,659        out=8,834
                           trace theoretical_prefix_cache_hit=94.9%
                           srv  prefix_cache_hit=87.6% unique_in_srv=111,428 kv_usage=0.0% queue=0r/0w tput_in_srv=3,331/s tput_out_srv=33/s
2026-06-03 08:56:53.420 - records_manager - INFO - [realtime 04:51 profiling] rps=0.0 (avg 0.0) tput_in=3762/s tput_out=39/s done=11 ok=11 err=0
                           ttft p50=698ms  p75=938ms  p95=2792ms p99=4209ms
                           itl  p50=10ms   p75=10ms   p95=11ms   p99=11ms
                           e2e  p50=5421ms p75=11109ms p95=30311ms p99=31410ms
                           intvty p50=98     p75=99     p95=102    p99=104 (1/tpot tok/s)
                           isl  p50=81,427    p75=84,260    p90=111,271   p99=112,943 (tokens)
                           osl  p50=470       p75=982       p90=2,486     p99=2,734 (tokens)
                           tot  in=938,788        out=9,627
                           trace theoretical_prefix_cache_hit=95.3%
                           srv  prefix_cache_hit=88.8% unique_in_srv=113,293 kv_usage=0.0% queue=0r/0w tput_in_srv=3,375/s tput_out_srv=33/s
2026-06-03 08:57:23.481 - records_manager - INFO - [realtime 05:21 profiling] rps=0.0 (avg 0.0) tput_in=3762/s tput_out=39/s done=11 ok=11 err=0
                           ttft p50=698ms  p75=938ms  p95=2792ms p99=4209ms
                           itl  p50=10ms   p75=10ms   p95=11ms   p99=11ms
                           e2e  p50=5421ms p75=11109ms p95=30311ms p99=31410ms
                           intvty p50=98     p75=99     p95=102    p99=104 (1/tpot tok/s)
                           isl  p50=81,427    p75=84,260    p90=111,271   p99=112,943 (tokens)
                           osl  p50=470       p75=982       p90=2,486     p99=2,734 (tokens)
                           tot  in=938,788        out=9,627
                           trace theoretical_prefix_cache_hit=95.3%
                           srv  prefix_cache_hit=89.9% unique_in_srv=113,627 kv_usage=9.0% queue=1r/0w tput_in_srv=3,412/s tput_out_srv=37/s
2026-06-03 08:57:53.548 - records_manager - INFO - [realtime 05:51 profiling] rps=0.0 (avg 0.0) tput_in=3557/s tput_out=44/s done=12 ok=12 err=0
                           ttft p50=697ms  p75=902ms  p95=2615ms p99=4174ms
                           itl  p50=10ms   p75=10ms   p95=11ms   p99=12ms
                           e2e  p50=7433ms p75=16527ms p95=35157ms p99=38551ms
                           intvty p50=98     p75=99     p95=102    p99=104 (1/tpot tok/s)
                           isl  p50=82,232    p75=91,110    p90=112,943   p99=113,418 (tokens)
                           osl  p50=632       p75=1,448     p90=2,734     p99=3,296 (tokens)
                           tot  in=1,052,242      out=12,989
                           trace theoretical_prefix_cache_hit=95.8%
                           srv  prefix_cache_hit=90.6% unique_in_srv=117,169 kv_usage=9.1% queue=1r/0w tput_in_srv=3,452/s tput_out_srv=37/s
2026-06-03 08:58:23.623 - records_manager - INFO - [realtime 06:21 profiling] rps=0.1 (avg 0.0) tput_in=4239/s tput_out=42/s done=15 ok=15 err=0
                           ttft p50=697ms  p75=938ms  p95=2151ms p99=4081ms
                           itl  p50=10ms   p75=11ms   p95=11ms   p99=12ms
                           e2e  p50=5364ms p75=11109ms p95=34000ms p99=38320ms
                           intvty p50=97     p75=99     p95=101    p99=103 (1/tpot tok/s)
                           isl  p50=84,130    p75=113,292   p90=117,176   p99=117,586 (tokens)
                           osl  p50=427       p75=982       p90=2,652     p99=3,278 (tokens)
                           tot  in=1,404,161      out=13,928
                           trace theoretical_prefix_cache_hit=96.6%
                           srv  prefix_cache_hit=92.0% unique_in_srv=117,866 kv_usage=0.0% queue=0r/0w tput_in_srv=3,789/s tput_out_srv=36/s
2026-06-03 08:58:53.705 - records_manager - INFO - [realtime 06:51 profiling] rps=0.1 (avg 0.0) tput_in=4408/s tput_out=39/s done=17 ok=17 err=0
                           ttft p50=692ms  p75=866ms  p95=1806ms p99=4012ms
                           itl  p50=10ms   p75=11ms   p95=11ms   p99=12ms
                           e2e  p50=5095ms p75=9829ms p95=33228ms p99=38166ms
                           intvty p50=97     p75=99     p95=101    p99=103 (1/tpot tok/s)
                           isl  p50=84,389    p75=116,982   p90=117,763   p99=118,346 (tokens)
                           osl  p50=405       p75=861       p90=2,596     p99=3,266 (tokens)
                           tot  in=1,640,541      out=14,600
                           trace theoretical_prefix_cache_hit=97.0%
                           srv  prefix_cache_hit=93.1% unique_in_srv=118,694 kv_usage=0.0% queue=0r/0w tput_in_srv=4,081/s tput_out_srv=35/s
2026-06-03 08:59:23.785 - records_manager - INFO - [realtime 07:21 profiling] rps=0.0 (avg 0.0) tput_in=4408/s tput_out=39/s done=17 ok=17 err=0
                           ttft p50=692ms  p75=866ms  p95=1806ms p99=4012ms
                           itl  p50=10ms   p75=11ms   p95=11ms   p99=12ms
                           e2e  p50=5095ms p75=9829ms p95=33228ms p99=38166ms
                           intvty p50=97     p75=99     p95=101    p99=103 (1/tpot tok/s)
                           isl  p50=84,389    p75=116,982   p90=117,763   p99=118,346 (tokens)
                           osl  p50=405       p75=861       p90=2,596     p99=3,266 (tokens)
                           tot  in=1,640,541      out=14,600
                           trace theoretical_prefix_cache_hit=97.0%
                           srv  prefix_cache_hit=93.1% unique_in_srv=118,694 kv_usage=0.0% queue=0r/0w tput_in_srv=3,806/s tput_out_srv=33/s
2026-06-03 08:59:53.873 - records_manager - INFO - [realtime 07:51 profiling] rps=0.1 (avg 0.0) tput_in=4054/s tput_out=34/s done=19 ok=19 err=0
                           ttft p50=685ms  p75=824ms  p95=1461ms p99=3943ms
                           itl  p50=10ms   p75=11ms   p95=11ms   p99=12ms
                           e2e  p50=4712ms p75=9637ms p95=32457ms p99=38011ms
                           intvty p50=97     p75=99     p95=106    p99=116 (1/tpot tok/s)
                           isl  p50=84,389    p75=117,144   p90=118,053   p99=118,900 (tokens)
                           osl  p50=317       p75=827       p90=2,541     p99=3,254 (tokens)
                           tot  in=1,759,982      out=14,719
                           trace theoretical_prefix_cache_hit=97.2%
                           srv  prefix_cache_hit=91.0% unique_in_srv=170,551 kv_usage=1.3% queue=1r/0w tput_in_srv=3,817/s tput_out_srv=31/s
2026-06-03 09:00:23.967 - records_manager - INFO - [realtime 08:21 profiling] rps=0.1 (avg 0.0) tput_in=4134/s tput_out=34/s done=21 ok=21 err=0
                           ttft p50=692ms  p75=866ms  p95=3047ms p99=4260ms
                           itl  p50=10ms   p75=11ms   p95=11ms   p99=11ms
                           e2e  p50=4712ms p75=9445ms p95=31685ms p99=37857ms
                           intvty p50=97     p75=99     p95=108    p99=117 (1/tpot tok/s)
                           isl  p50=84,130    p75=116,982   p90=117,961   p99=118,888 (tokens)
                           osl  p50=351       p75=793       p90=2,486     p99=3,242 (tokens)
                           tot  in=1,866,425      out=15,422
                           trace theoretical_prefix_cache_hit=94.4%
                           srv  prefix_cache_hit=91.2% unique_in_srv=176,180 kv_usage=4.4% queue=1r/0w tput_in_srv=3,913/s tput_out_srv=32/s
2026-06-03 09:00:54.065 - records_manager - INFO - [realtime 08:51 profiling] rps=0.1 (avg 0.0) tput_in=4086/s tput_out=36/s done=23 ok=23 err=0
                           ttft p50=685ms  p75=824ms  p95=2854ms p99=4230ms
                           itl  p50=10ms   p75=11ms   p95=11ms   p99=11ms
                           e2e  p50=5095ms p75=9637ms p95=31410ms p99=37703ms
                           intvty p50=98     p75=102    p95=108    p99=117 (1/tpot tok/s)
                           isl  p50=83,037    p75=115,218   p90=117,895   p99=118,876 (tokens)
                           osl  p50=352       p75=827       p90=2,254     p99=3,230 (tokens)
                           tot  in=1,981,351      out=17,359
                           trace theoretical_prefix_cache_hit=94.6%
                           srv  prefix_cache_hit=91.5% unique_in_srv=179,124 kv_usage=4.6% queue=1r/0w tput_in_srv=3,913/s tput_out_srv=33/s
2026-06-03 09:01:24.168 - records_manager - INFO - [realtime 09:22 profiling] rps=0.0 (avg 0.0) tput_in=4058/s tput_out=36/s done=24 ok=24 err=0
                           ttft p50=673ms  p75=803ms  p95=2758ms p99=4215ms
                           itl  p50=10ms   p75=11ms   p95=11ms   p99=11ms
                           e2e  p50=5230ms p75=9541ms p95=31273ms p99=37626ms
                           intvty p50=98     p75=101    p95=108    p99=117 (1/tpot tok/s)
                           isl  p50=82,232    p75=114,336   p90=117,862   p99=118,870 (tokens)
                           osl  p50=378       p75=863       p90=2,139     p99=3,224 (tokens)
                           tot  in=2,041,067      out=18,227
                           trace theoretical_prefix_cache_hit=94.6%
                           srv  prefix_cache_hit=91.6% unique_in_srv=183,940 kv_usage=5.1% queue=1r/0w tput_in_srv=3,818/s tput_out_srv=34/s
2026-06-03 09:01:54.271 - records_manager - INFO - [realtime 09:52 profiling] rps=0.0 (avg 0.0) tput_in=3972/s tput_out=37/s done=25 ok=25 err=0
                           ttft p50=685ms  p75=841ms  p95=2661ms p99=4200ms
                           itl  p50=10ms   p75=11ms   p95=11ms   p99=11ms
                           e2e  p50=5364ms p75=9829ms p95=31136ms p99=37548ms
                           intvty p50=98     p75=100    p95=108    p99=117 (1/tpot tok/s)
                           isl  p50=81,427    p75=113,454   p90=117,829   p99=118,864 (tokens)
                           osl  p50=405       p75=868       p90=2,115     p99=3,218 (tokens)
                           tot  in=2,105,595      out=19,786
                           trace theoretical_prefix_cache_hit=94.6%
                           srv  prefix_cache_hit=91.8% unique_in_srv=184,538 kv_usage=5.2% queue=1r/0w tput_in_srv=3,736/s tput_out_srv=36/s
2026-06-03 09:02:24.381 - records_manager - INFO - [realtime 10:22 profiling] rps=0.0 (avg 0.0) tput_in=3716/s tput_out=41/s done=26 ok=26 err=0
                           ttft p50=673ms  p75=826ms  p95=2564ms p99=4184ms
                           itl  p50=10ms   p75=11ms   p95=11ms   p99=11ms
                           e2e  p50=5393ms p75=11750ms p95=37471ms p99=43682ms
                           intvty p50=98     p75=100    p95=107    p99=116 (1/tpot tok/s)
                           isl  p50=80,782    p75=113,373   p90=117,796   p99=118,858 (tokens)
                           osl  p50=416       p75=1,044     p90=2,624     p99=4,079 (tokens)
                           tot  in=2,170,705      out=24,104
                           trace theoretical_prefix_cache_hit=94.7%
                           srv  prefix_cache_hit=91.8% unique_in_srv=184,538 kv_usage=0.0% queue=0r/0w tput_in_srv=3,558/s tput_out_srv=39/s
2026-06-03 09:02:54.491 - records_manager - INFO - [realtime 10:52 profiling] rps=0.0 (avg 0.0) tput_in=3716/s tput_out=41/s done=26 ok=26 err=0
                           ttft p50=673ms  p75=826ms  p95=2564ms p99=4184ms
                           itl  p50=10ms   p75=11ms   p95=11ms   p99=11ms
                           e2e  p50=5393ms p75=11750ms p95=37471ms p99=43682ms
                           intvty p50=98     p75=100    p95=107    p99=116 (1/tpot tok/s)
                           isl  p50=80,782    p75=113,373   p90=117,796   p99=118,858 (tokens)
                           osl  p50=416       p75=1,044     p90=2,624     p99=4,079 (tokens)
                           tot  in=2,170,705      out=24,104
                           trace theoretical_prefix_cache_hit=94.7%
                           srv  prefix_cache_hit=91.8% unique_in_srv=184,538 kv_usage=0.0% queue=0r/0w tput_in_srv=3,395/s tput_out_srv=37/s
2026-06-03 09:03:24.601 - records_manager - INFO - [realtime 11:22 profiling] rps=0.0 (avg 0.0) tput_in=3716/s tput_out=41/s done=26 ok=26 err=0
                           ttft p50=673ms  p75=826ms  p95=2564ms p99=4184ms
                           itl  p50=10ms   p75=11ms   p95=11ms   p99=11ms
                           e2e  p50=5393ms p75=11750ms p95=37471ms p99=43682ms
                           intvty p50=98     p75=100    p95=107    p99=116 (1/tpot tok/s)
                           isl  p50=80,782    p75=113,373   p90=117,796   p99=118,858 (tokens)
                           osl  p50=416       p75=1,044     p90=2,624     p99=4,079 (tokens)
                           tot  in=2,170,705      out=24,104
                           trace theoretical_prefix_cache_hit=94.7%
                           srv  prefix_cache_hit=92.0% unique_in_srv=185,269 kv_usage=5.1% queue=1r/0w tput_in_srv=3,343/s tput_out_srv=35/s
2026-06-03 09:03:54.714 - records_manager - INFO - [realtime 11:52 profiling] rps=0.0 (avg 0.0) tput_in=3366/s tput_out=39/s done=27 ok=27 err=0
                           ttft p50=661ms  p75=812ms  p95=2468ms p99=4169ms
                           itl  p50=10ms   p75=11ms   p95=11ms   p99=11ms
                           e2e  p50=5421ms p75=12753ms p95=37086ms p99=43625ms
                           intvty p50=98     p75=100    p95=107    p99=116 (1/tpot tok/s)
                           isl  p50=80,138    p75=113,292   p90=117,763   p99=118,853 (tokens)
                           osl  p50=427       p75=1,215     p90=2,596     p99=4,069 (tokens)
                           tot  in=2,236,524      out=26,053
                           trace theoretical_prefix_cache_hit=94.8%
                           srv  prefix_cache_hit=92.0% unique_in_srv=185,269 kv_usage=0.0% queue=0r/0w tput_in_srv=3,204/s tput_out_srv=36/s
2026-06-03 09:04:24.828 - records_manager - INFO - [realtime 12:22 profiling] rps=0.0 (avg 0.0) tput_in=3327/s tput_out=39/s done=28 ok=28 err=0
                           ttft p50=659ms  p75=797ms  p95=2371ms p99=4154ms
                           itl  p50=10ms   p75=11ms   p95=11ms   p99=11ms
                           e2e  p50=5858ms p75=12572ms p95=36700ms p99=43568ms
                           intvty p50=98     p75=100    p95=107    p99=116 (1/tpot tok/s)
                           isl  p50=79,716    p75=113,210   p90=117,730   p99=118,847 (tokens)
                           osl  p50=448       p75=1,158     p90=2,569     p99=4,060 (tokens)
                           tot  in=2,303,244      out=26,848
                           trace theoretical_prefix_cache_hit=94.9%
                           srv  prefix_cache_hit=92.2% unique_in_srv=186,197 kv_usage=0.0% queue=0r/0w tput_in_srv=3,163/s tput_out_srv=36/s
2026-06-03 09:04:54.945 - records_manager - INFO - [realtime 12:52 profiling] rps=0.0 (avg 0.0) tput_in=3307/s tput_out=39/s done=29 ok=29 err=0
                           ttft p50=656ms  p75=783ms  p95=2275ms p99=4139ms
                           itl  p50=10ms   p75=11ms   p95=11ms   p99=11ms
                           e2e  p50=6294ms p75=12390ms p95=36314ms p99=43511ms
                           intvty p50=98     p75=100    p95=107    p99=116 (1/tpot tok/s)
                           isl  p50=79,295    p75=113,129   p90=117,697   p99=118,841 (tokens)
                           osl  p50=470       p75=1,102     p90=2,541     p99=4,050 (tokens)
                           tot  in=2,370,870      out=27,608
                           trace theoretical_prefix_cache_hit=95.0%
                           srv  prefix_cache_hit=92.5% unique_in_srv=187,788 kv_usage=5.3% queue=1r/0w tput_in_srv=3,216/s tput_out_srv=36/s
2026-06-03 09:05:25.066 - records_manager - INFO - [realtime 13:22 profiling] rps=0.0 (avg 0.0) tput_in=3239/s tput_out=39/s done=30 ok=30 err=0
                           ttft p50=650ms  p75=761ms  p95=2178ms p99=4124ms
                           itl  p50=10ms   p75=11ms   p95=11ms   p99=11ms
                           e2e  p50=6377ms p75=12935ms p95=35928ms p99=43454ms
                           intvty p50=98     p75=100    p95=107    p99=116 (1/tpot tok/s)
                           isl  p50=76,859    p75=112,664   p90=117,664   p99=118,835 (tokens)
                           osl  p50=540       p75=1,272     p90=2,514     p99=4,041 (tokens)
                           tot  in=2,439,139      out=29,285
                           trace theoretical_prefix_cache_hit=95.2%
                           srv  prefix_cache_hit=92.7% unique_in_srv=187,791 kv_usage=5.3% queue=1r/0w tput_in_srv=3,181/s tput_out_srv=37/s
2026-06-03 09:05:55.189 - records_manager - INFO - [realtime 13:53 profiling] rps=0.0 (avg 0.0) tput_in=3221/s tput_out=39/s done=31 ok=31 err=0
                           ttft p50=644ms  p75=740ms  p95=2082ms p99=4109ms
                           itl  p50=10ms   p75=11ms   p95=11ms   p99=11ms
                           e2e  p50=6459ms p75=13783ms p95=35543ms p99=43397ms
                           intvty p50=98     p75=100    p95=107    p99=116 (1/tpot tok/s)
                           isl  p50=74,423    p75=112,200   p90=117,631   p99=118,829 (tokens)
                           osl  p50=609       p75=1,338     p90=2,486     p99=4,031 (tokens)
                           tot  in=2,507,526      out=30,632
                           trace theoretical_prefix_cache_hit=95.3%
                           srv  prefix_cache_hit=92.9% unique_in_srv=187,800 kv_usage=5.5% queue=1r/0w tput_in_srv=3,149/s tput_out_srv=38/s
2026-06-03 09:06:25.311 - records_manager - INFO - [realtime 14:23 profiling] rps=0.0 (avg 0.0) tput_in=3221/s tput_out=39/s done=31 ok=31 err=0
                           ttft p50=644ms  p75=740ms  p95=2082ms p99=4109ms
                           itl  p50=10ms   p75=11ms   p95=11ms   p99=11ms
                           e2e  p50=6459ms p75=13783ms p95=35543ms p99=43397ms
                           intvty p50=98     p75=100    p95=107    p99=116 (1/tpot tok/s)
                           isl  p50=74,423    p75=112,200   p90=117,631   p99=118,829 (tokens)
                           osl  p50=609       p75=1,338     p90=2,486     p99=4,031 (tokens)
                           tot  in=2,507,526      out=30,632
                           trace theoretical_prefix_cache_hit=95.3%
                           srv  prefix_cache_hit=92.9% unique_in_srv=187,800 kv_usage=5.7% queue=1r/0w tput_in_srv=3,040/s tput_out_srv=40/s
2026-06-03 09:06:55.434 - records_manager - INFO - [realtime 14:53 profiling] rps=0.0 (avg 0.0) tput_in=3221/s tput_out=39/s done=31 ok=31 err=0
                           ttft p50=644ms  p75=740ms  p95=2082ms p99=4109ms
                           itl  p50=10ms   p75=11ms   p95=11ms   p99=11ms
                           e2e  p50=6459ms p75=13783ms p95=35543ms p99=43397ms
                           intvty p50=98     p75=100    p95=107    p99=116 (1/tpot tok/s)
                           isl  p50=74,423    p75=112,200   p90=117,631   p99=118,829 (tokens)
                           osl  p50=609       p75=1,338     p90=2,486     p99=4,031 (tokens)
                           tot  in=2,507,526      out=30,632
                           trace theoretical_prefix_cache_hit=95.3%
                           srv  prefix_cache_hit=92.9% unique_in_srv=187,800 kv_usage=5.9% queue=1r/0w tput_in_srv=2,939/s tput_out_srv=42/s
2026-06-03 09:07:25.591 - records_manager - INFO - [realtime 15:23 profiling] rps=0.0 (avg 0.0) tput_in=2918/s tput_out=46/s done=32 ok=32 err=0
                           ttft p50=636ms  p75=719ms  p95=1985ms p99=4093ms
                           itl  p50=10ms   p75=11ms   p95=11ms   p99=11ms
                           e2e  p50=7374ms p75=15020ms p95=41969ms p99=80287ms
                           intvty p50=98     p75=100    p95=107    p99=116 (1/tpot tok/s)
                           isl  p50=74,230    p75=111,736   p90=117,598   p99=118,823 (tokens)
                           osl  p50=684       p75=1,400     p90=2,734     p99=8,003 (tokens)
                           tot  in=2,576,815      out=40,291
                           trace theoretical_prefix_cache_hit=95.4%
                           srv  prefix_cache_hit=92.9% unique_in_srv=187,800 kv_usage=0.0% queue=0r/0w tput_in_srv=2,843/s tput_out_srv=43/s
2026-06-03 09:07:55.721 - records_manager - INFO - [realtime 15:53 profiling] rps=0.0 (avg 0.0) tput_in=2918/s tput_out=46/s done=32 ok=32 err=0
                           ttft p50=636ms  p75=719ms  p95=1985ms p99=4093ms
                           itl  p50=10ms   p75=11ms   p95=11ms   p99=11ms
                           e2e  p50=7374ms p75=15020ms p95=41969ms p99=80287ms
                           intvty p50=98     p75=100    p95=107    p99=116 (1/tpot tok/s)
                           isl  p50=74,230    p75=111,736   p90=117,598   p99=118,823 (tokens)
                           osl  p50=684       p75=1,400     p90=2,734     p99=8,003 (tokens)
                           tot  in=2,576,815      out=40,291
                           trace theoretical_prefix_cache_hit=95.4%
                           srv  prefix_cache_hit=92.9% unique_in_srv=187,800 kv_usage=0.0% queue=0r/0w tput_in_srv=2,755/s tput_out_srv=42/s
2026-06-03 09:08:25.854 - records_manager - INFO - [realtime 16:23 profiling] rps=0.1 (avg 0.0) tput_in=2895/s tput_out=44/s done=34 ok=34 err=0
                           ttft p50=636ms  p75=698ms  p95=1792ms p99=4063ms
                           itl  p50=10ms   p75=10ms   p95=11ms   p99=11ms
                           e2e  p50=7374ms p75=14116ms p95=41398ms p99=79267ms
                           intvty p50=98     p75=100    p95=106    p99=116 (1/tpot tok/s)
                           isl  p50=74,036    p75=104,550   p90=117,534   p99=118,812 (tokens)
                           osl  p50=684       p75=1,342     p90=2,679     p99=7,896 (tokens)
                           tot  in=2,724,364      out=41,592
                           trace theoretical_prefix_cache_hit=95.4%
                           srv  prefix_cache_hit=93.3% unique_in_srv=187,829 kv_usage=0.0% queue=0r/0w tput_in_srv=2,820/s tput_out_srv=42/s
2026-06-03 09:08:55.989 - records_manager - INFO - [realtime 16:53 profiling] rps=0.1 (avg 0.0) tput_in=3003/s tput_out=44/s done=36 ok=36 err=0
                           ttft p50=627ms  p75=698ms  p95=1599ms p99=4033ms
                           itl  p50=10ms   p75=10ms   p95=11ms   p99=11ms
                           e2e  p50=6377ms p75=13450ms p95=40827ms p99=78247ms
                           intvty p50=98     p75=99     p95=106    p99=115 (1/tpot tok/s)
                           isl  p50=74,230    p75=91,110    p90=117,468   p99=118,800 (tokens)
                           osl  p50=540       p75=1,333     p90=2,624     p99=7,790 (tokens)
                           tot  in=2,878,082      out=42,075
                           trace theoretical_prefix_cache_hit=95.5%
                           srv  prefix_cache_hit=93.6% unique_in_srv=187,883 kv_usage=0.0% queue=0r/0w tput_in_srv=2,887/s tput_out_srv=41/s
2026-06-03 09:09:26.127 - records_manager - INFO - [realtime 17:23 profiling] rps=0.0 (avg 0.0) tput_in=2950/s tput_out=42/s done=37 ok=37 err=0
                           ttft p50=625ms  p75=698ms  p95=1503ms p99=4018ms
                           itl  p50=10ms   p75=10ms   p95=11ms   p99=11ms
                           e2e  p50=6294ms p75=13117ms p95=40542ms p99=77737ms
                           intvty p50=98     p75=99     p95=106    p99=115 (1/tpot tok/s)
                           isl  p50=74,423    p75=84,389    p90=117,436   p99=118,794 (tokens)
                           osl  p50=470       p75=1,328     p90=2,596     p99=7,736 (tokens)
                           tot  in=2,958,220      out=42,545
                           trace theoretical_prefix_cache_hit=95.6%
                           srv  prefix_cache_hit=93.8% unique_in_srv=187,893 kv_usage=0.0% queue=0r/0w tput_in_srv=2,881/s tput_out_srv=41/s
2026-06-03 09:09:56.270 - records_manager - INFO - [realtime 17:54 profiling] rps=0.0 (avg 0.0) tput_in=2977/s tput_out=43/s done=38 ok=38 err=0
                           ttft p50=619ms  p75=697ms  p95=1406ms p99=4002ms
                           itl  p50=10ms   p75=10ms   p95=11ms   p99=11ms
                           e2e  p50=6377ms p75=12935ms p95=40256ms p99=77228ms
                           intvty p50=98     p75=99     p95=106    p99=115 (1/tpot tok/s)
                           isl  p50=74,423    p75=84,324    p90=117,404   p99=118,788 (tokens)
                           osl  p50=540       p75=1,272     p90=2,569     p99=7,683 (tokens)
                           tot  in=3,039,647      out=43,406
                           trace theoretical_prefix_cache_hit=95.7%
                           srv  prefix_cache_hit=94.1% unique_in_srv=187,941 kv_usage=6.5% queue=1r/0w tput_in_srv=2,952/s tput_out_srv=41/s
2026-06-03 09:10:26.415 - records_manager - INFO - [realtime 18:24 profiling] rps=0.0 (avg 0.0) tput_in=2950/s tput_out=44/s done=39 ok=39 err=0
                           ttft p50=613ms  p75=697ms  p95=1310ms p99=3987ms
                           itl  p50=10ms   p75=11ms   p95=11ms   p99=11ms
                           e2e  p50=6459ms p75=13783ms p95=39971ms p99=76718ms
                           intvty p50=98     p75=99     p95=106    p99=115 (1/tpot tok/s)
                           isl  p50=74,423    p75=84,260    p90=117,371   p99=118,782 (tokens)
                           osl  p50=609       p75=1,338     p90=2,762     p99=7,629 (tokens)
                           tot  in=3,122,684      out=46,168
                           trace theoretical_prefix_cache_hit=95.7%
                           srv  prefix_cache_hit=94.1% unique_in_srv=187,941 kv_usage=0.0% queue=0r/0w tput_in_srv=2,872/s tput_out_srv=42/s
2026-06-03 09:10:56.564 - records_manager - INFO - [realtime 18:54 profiling] rps=0.0 (avg 0.0) tput_in=2979/s tput_out=43/s done=40 ok=40 err=0
                           ttft p50=609ms  p75=697ms  p95=1213ms p99=3972ms
                           itl  p50=10ms   p75=11ms   p95=11ms   p99=11ms
                           e2e  p50=6377ms p75=13450ms p95=39685ms p99=76208ms
                           intvty p50=98     p75=99     p95=106    p99=115 (1/tpot tok/s)
                           isl  p50=76,859    p75=84,195    p90=117,338   p99=118,776 (tokens)
                           osl  p50=540       p75=1,333     p90=2,762     p99=7,576 (tokens)
                           tot  in=3,206,814      out=46,372
                           trace theoretical_prefix_cache_hit=95.8%
                           srv  prefix_cache_hit=94.3% unique_in_srv=187,943 kv_usage=0.0% queue=0r/0w tput_in_srv=2,870/s tput_out_srv=41/s
2026-06-03 09:11:26.715 - records_manager - INFO - [realtime 19:24 profiling] rps=0.0 (avg 0.0) tput_in=2958/s tput_out=42/s done=41 ok=41 err=0
                           ttft p50=604ms  p75=697ms  p95=1117ms p99=3957ms
                           itl  p50=10ms   p75=10ms   p95=11ms   p99=11ms
                           e2e  p50=6294ms p75=13117ms p95=39400ms p99=75698ms
                           intvty p50=98     p75=99     p95=106    p99=115 (1/tpot tok/s)
                           isl  p50=79,295    p75=84,389    p90=117,306   p99=118,771 (tokens)
                           osl  p50=470       p75=1,328     p90=2,762     p99=7,523 (tokens)
                           tot  in=3,291,203      out=46,639
                           trace theoretical_prefix_cache_hit=95.9%
                           srv  prefix_cache_hit=94.6% unique_in_srv=187,955 kv_usage=8.7% queue=1r/0w tput_in_srv=2,963/s tput_out_srv=41/s
2026-06-03 09:11:56.872 - records_manager - INFO - [realtime 19:54 profiling] rps=0.0 (avg 0.0) tput_in=2972/s tput_out=43/s done=42 ok=42 err=0
                           ttft p50=602ms  p75=695ms  p95=1112ms p99=3942ms
                           itl  p50=10ms   p75=11ms   p95=11ms   p99=11ms
                           e2e  p50=6377ms p75=14116ms p95=39014ms p99=75188ms
                           intvty p50=98     p75=99     p95=105    p99=115 (1/tpot tok/s)
                           isl  p50=79,295    p75=84,389    p90=117,274   p99=118,765 (tokens)
                           osl  p50=540       p75=1,342     p90=2,734     p99=7,469 (tokens)
                           tot  in=3,402,474      out=49,125
                           trace theoretical_prefix_cache_hit=95.2%
                           srv  prefix_cache_hit=94.6% unique_in_srv=187,955 kv_usage=0.0% queue=0r/0w tput_in_srv=2,889/s tput_out_srv=41/s
2026-06-03 09:12:27.030 - records_manager - INFO - [realtime 20:24 profiling] rps=0.0 (avg 0.0) tput_in=3005/s tput_out=43/s done=43 ok=43 err=0
                           ttft p50=600ms  p75=694ms  p95=1107ms p99=3927ms
                           itl  p50=10ms   p75=11ms   p95=11ms   p99=11ms
                           e2e  p50=6459ms p75=13783ms p95=38629ms p99=74679ms
                           intvty p50=98     p75=99     p95=105    p99=115 (1/tpot tok/s)
                           isl  p50=79,295    p75=97,830    p90=117,241   p99=118,759 (tokens)
                           osl  p50=609       p75=1,338     p90=2,707     p99=7,416 (tokens)
                           tot  in=3,515,603      out=49,918
                           trace theoretical_prefix_cache_hit=95.3%
                           srv  prefix_cache_hit=94.9% unique_in_srv=187,978 kv_usage=8.9% queue=1r/0w tput_in_srv=3,002/s tput_out_srv=42/s
2026-06-03 09:12:57.225 - records_manager - INFO - [realtime 20:55 profiling] rps=0.0 (avg 0.0) tput_in=2988/s tput_out=44/s done=44 ok=44 err=0
                           ttft p50=602ms  p75=693ms  p95=1102ms p99=3912ms
                           itl  p50=10ms   p75=11ms   p95=11ms   p99=11ms
                           e2e  p50=7374ms p75=15020ms p95=39119ms p99=74169ms
                           intvty p50=97     p75=99     p95=105    p99=114 (1/tpot tok/s)
                           isl  p50=79,716    p75=111,271   p90=117,209   p99=118,753 (tokens)
                           osl  p50=684       p75=1,400     p90=2,762     p99=7,362 (tokens)
                           tot  in=3,629,057      out=53,280
                           trace theoretical_prefix_cache_hit=95.5%
                           srv  prefix_cache_hit=94.9% unique_in_srv=187,978 kv_usage=0.0% queue=0r/0w tput_in_srv=2,930/s tput_out_srv=42/s
2026-06-03 09:13:27.395 - records_manager - INFO - [realtime 21:25 profiling] rps=0.1 (avg 0.0) tput_in=3188/s tput_out=43/s done=47 ok=47 err=0
                           ttft p50=604ms  p75=689ms  p95=1088ms p99=3866ms
                           itl  p50=10ms   p75=11ms   p95=11ms   p99=11ms
                           e2e  p50=6294ms p75=13783ms p95=38838ms p99=72639ms
                           intvty p50=97     p75=99     p95=105    p99=114 (1/tpot tok/s)
                           isl  p50=80,138    p75=113,129   p90=117,436   p99=118,735 (tokens)
                           osl  p50=470       p75=1,338     p90=2,762     p99=7,202 (tokens)
                           tot  in=3,980,976      out=54,219
                           trace theoretical_prefix_cache_hit=95.8%
                           srv  prefix_cache_hit=95.4% unique_in_srv=188,057 kv_usage=0.0% queue=0r/0w tput_in_srv=3,134/s tput_out_srv=42/s
2026-06-03 09:13:57.566 - records_manager - INFO - [realtime 21:55 profiling] rps=0.0 (avg 0.0) tput_in=3188/s tput_out=43/s done=47 ok=47 err=0
                           ttft p50=604ms  p75=689ms  p95=1088ms p99=3866ms
                           itl  p50=10ms   p75=11ms   p95=11ms   p99=11ms
                           e2e  p50=6294ms p75=13783ms p95=38838ms p99=72639ms
                           intvty p50=97     p75=99     p95=105    p99=114 (1/tpot tok/s)
                           isl  p50=80,138    p75=113,129   p90=117,436   p99=118,735 (tokens)
                           osl  p50=470       p75=1,338     p90=2,762     p99=7,202 (tokens)
                           tot  in=3,980,976      out=54,219
                           trace theoretical_prefix_cache_hit=95.8%
                           srv  prefix_cache_hit=95.5% unique_in_srv=188,066 kv_usage=9.2% queue=1r/0w tput_in_srv=3,152/s tput_out_srv=41/s
2026-06-03 09:14:27.739 - records_manager - INFO - [realtime 22:25 profiling] rps=0.1 (avg 0.0) tput_in=3270/s tput_out=43/s done=49 ok=49 err=0
                           ttft p50=600ms  p75=685ms  p95=1078ms p99=3836ms
                           itl  p50=10ms   p75=11ms   p95=11ms   p99=11ms
                           e2e  p50=5421ms p75=13117ms p95=38651ms p99=71620ms
                           intvty p50=97     p75=99     p95=105    p99=114 (1/tpot tok/s)
                           isl  p50=81,427    p75=113,454   p90=117,697   p99=118,724 (tokens)
                           osl  p50=470       p75=1,328     p90=2,762     p99=7,095 (tokens)
                           tot  in=4,217,356      out=54,891
                           trace theoretical_prefix_cache_hit=96.0%
                           srv  prefix_cache_hit=95.6% unique_in_srv=188,085 kv_usage=0.0% queue=0r/0w tput_in_srv=3,169/s tput_out_srv=41/s
2026-06-03 09:14:57.913 - records_manager - INFO - [realtime 22:55 profiling] rps=0.0 (avg 0.0) tput_in=3270/s tput_out=43/s done=49 ok=49 err=0
                           ttft p50=600ms  p75=685ms  p95=1078ms p99=3836ms
                           itl  p50=10ms   p75=11ms   p95=11ms   p99=11ms
                           e2e  p50=5421ms p75=13117ms p95=38651ms p99=71620ms
                           intvty p50=97     p75=99     p95=105    p99=114 (1/tpot tok/s)
                           isl  p50=81,427    p75=113,454   p90=117,697   p99=118,724 (tokens)
                           osl  p50=470       p75=1,328     p90=2,762     p99=7,095 (tokens)
                           tot  in=4,217,356      out=54,891
                           trace theoretical_prefix_cache_hit=96.0%
                           srv  prefix_cache_hit=95.6% unique_in_srv=188,085 kv_usage=0.0% queue=0r/0w tput_in_srv=3,100/s tput_out_srv=40/s
2026-06-03 09:15:28.091 - records_manager - INFO - [realtime 23:25 profiling] rps=0.1 (avg 0.0) tput_in=3210/s tput_out=41/s done=51 ok=51 err=0
                           ttft p50=575ms  p75=673ms  p95=1068ms p99=3805ms
                           itl  p50=10ms   p75=11ms   p95=11ms   p99=11ms
                           e2e  p50=5383ms p75=12753ms p95=38464ms p99=70600ms
                           intvty p50=97     p75=99     p95=107    p99=118 (1/tpot tok/s)
                           isl  p50=81,427    p75=113,454   p90=117,961   p99=119,005 (tokens)
                           osl  p50=427       p75=1,215     p90=2,762     p99=6,988 (tokens)
                           tot  in=4,337,497      out=55,009
                           trace theoretical_prefix_cache_hit=96.1%
                           srv  prefix_cache_hit=94.5% unique_in_srv=245,787 kv_usage=4.6% queue=1r/0w tput_in_srv=3,159/s tput_out_srv=40/s
2026-06-03 09:15:58.271 - records_manager - INFO - [realtime 23:56 profiling] rps=0.0 (avg 0.0) tput_in=3210/s tput_out=41/s done=51 ok=51 err=0
                           ttft p50=575ms  p75=673ms  p95=1068ms p99=3805ms
                           itl  p50=10ms   p75=11ms   p95=11ms   p99=11ms
                           e2e  p50=5383ms p75=12753ms p95=38464ms p99=70600ms
                           intvty p50=97     p75=99     p95=107    p99=118 (1/tpot tok/s)
                           isl  p50=81,427    p75=113,454   p90=117,961   p99=119,005 (tokens)
                           osl  p50=427       p75=1,215     p90=2,762     p99=6,988 (tokens)
                           tot  in=4,337,497      out=55,009
                           trace theoretical_prefix_cache_hit=96.1%
                           srv  prefix_cache_hit=94.5% unique_in_srv=245,787 kv_usage=4.8% queue=1r/0w tput_in_srv=3,094/s tput_out_srv=41/s
2026-06-03 09:16:28.449 - records_manager - INFO - [realtime 24:26 profiling] rps=0.0 (avg 0.0) tput_in=3210/s tput_out=41/s done=51 ok=51 err=0
                           ttft p50=575ms  p75=673ms  p95=1068ms p99=3805ms
                           itl  p50=10ms   p75=11ms   p95=11ms   p99=11ms
                           e2e  p50=5383ms p75=12753ms p95=38464ms p99=70600ms
                           intvty p50=97     p75=99     p95=107    p99=118 (1/tpot tok/s)
                           isl  p50=81,427    p75=113,454   p90=117,961   p99=119,005 (tokens)
                           osl  p50=427       p75=1,215     p90=2,762     p99=6,988 (tokens)
                           tot  in=4,337,497      out=55,009
                           trace theoretical_prefix_cache_hit=96.1%
                           srv  prefix_cache_hit=94.5% unique_in_srv=245,787 kv_usage=5.1% queue=1r/0w tput_in_srv=3,030/s tput_out_srv=43/s
2026-06-03 09:16:58.668 - records_manager - INFO - [realtime 24:56 profiling] rps=0.0 (avg 0.0) tput_in=3069/s tput_out=44/s done=52 ok=52 err=0
                           ttft p50=588ms  p75=687ms  p95=1985ms p99=4050ms
                           itl  p50=10ms   p75=11ms   p95=11ms   p99=11ms
                           e2e  p50=5402ms p75=13450ms p95=41969ms p99=86625ms
                           intvty p50=97     p75=99     p95=107    p99=118 (1/tpot tok/s)
                           isl  p50=80,782    p75=113,454   p90=117,928   p99=119,005 (tokens)
                           osl  p50=448       p75=1,333     p90=2,762     p99=8,704 (tokens)
                           tot  in=4,395,186      out=62,795
                           trace theoretical_prefix_cache_hit=94.8%
                           srv  prefix_cache_hit=94.5% unique_in_srv=245,787 kv_usage=0.0% queue=0r/0w tput_in_srv=2,969/s tput_out_srv=42/s
2026-06-03 09:17:28.859 - records_manager - INFO - [realtime 25:26 profiling] rps=0.1 (avg 0.0) tput_in=3050/s tput_out=43/s done=54 ok=54 err=0
                           ttft p50=575ms  p75=679ms  p95=1792ms p99=4030ms
                           itl  p50=10ms   p75=11ms   p95=11ms   p99=11ms
                           e2e  p50=5402ms p75=12935ms p95=41398ms p99=86254ms
                           intvty p50=97     p75=100    p95=111    p99=700 (1/tpot tok/s)
                           isl  p50=80,138    p75=113,373   p90=117,862   p99=119,005 (tokens)
                           osl  p50=448       p75=1,272     p90=2,762     p99=8,666 (tokens)
                           tot  in=4,516,144      out=63,476
                           trace theoretical_prefix_cache_hit=94.9%
                           srv  prefix_cache_hit=94.6% unique_in_srv=249,369 kv_usage=0.0% queue=0r/0w tput_in_srv=2,990/s tput_out_srv=41/s
2026-06-03 09:17:59.052 - records_manager - INFO - [realtime 25:56 profiling] rps=0.0 (avg 0.0) tput_in=3050/s tput_out=43/s done=54 ok=54 err=0
                           ttft p50=575ms  p75=679ms  p95=1792ms p99=4030ms
                           itl  p50=10ms   p75=11ms   p95=11ms   p99=11ms
                           e2e  p50=5402ms p75=12935ms p95=41398ms p99=86254ms
                           intvty p50=97     p75=100    p95=111    p99=700 (1/tpot tok/s)
                           isl  p50=80,138    p75=113,373   p90=117,862   p99=119,005 (tokens)
                           osl  p50=448       p75=1,272     p90=2,762     p99=8,666 (tokens)
                           tot  in=4,516,144      out=63,476
                           trace theoretical_prefix_cache_hit=94.9%
                           srv  prefix_cache_hit=94.6% unique_in_srv=249,369 kv_usage=0.0% queue=0r/0w tput_in_srv=2,932/s tput_out_srv=41/s
2026-06-03 09:18:29.243 - records_manager - INFO - [realtime 26:27 profiling] rps=0.0 (avg 0.0) tput_in=3050/s tput_out=43/s done=54 ok=54 err=0
                           ttft p50=575ms  p75=679ms  p95=1792ms p99=4030ms
                           itl  p50=10ms   p75=11ms   p95=11ms   p99=11ms
                           e2e  p50=5402ms p75=12935ms p95=41398ms p99=86254ms
                           intvty p50=97     p75=100    p95=111    p99=700 (1/tpot tok/s)
                           isl  p50=80,138    p75=113,373   p90=117,862   p99=119,005 (tokens)
                           osl  p50=448       p75=1,272     p90=2,762     p99=8,666 (tokens)
                           tot  in=4,516,144      out=63,476
                           trace theoretical_prefix_cache_hit=94.9%
                           srv  prefix_cache_hit=93.4% unique_in_srv=309,044 kv_usage=4.7% queue=1r/0w tput_in_srv=2,914/s tput_out_srv=40/s
2026-06-03 09:18:59.436 - records_manager - INFO - [realtime 26:57 profiling] rps=0.0 (avg 0.0) tput_in=3050/s tput_out=43/s done=54 ok=54 err=0
                           ttft p50=575ms  p75=679ms  p95=1792ms p99=4030ms
                           itl  p50=10ms   p75=11ms   p95=11ms   p99=11ms
                           e2e  p50=5402ms p75=12935ms p95=41398ms p99=86254ms
                           intvty p50=97     p75=100    p95=111    p99=700 (1/tpot tok/s)
                           isl  p50=80,138    p75=113,373   p90=117,862   p99=119,005 (tokens)
                           osl  p50=448       p75=1,272     p90=2,762     p99=8,666 (tokens)
                           tot  in=4,516,144      out=63,476
                           trace theoretical_prefix_cache_hit=94.9%
                           srv  prefix_cache_hit=93.4% unique_in_srv=309,044 kv_usage=4.9% queue=1r/0w tput_in_srv=2,860/s tput_out_srv=41/s
2026-06-03 09:19:29.637 - records_manager - INFO - [realtime 27:27 profiling] rps=0.1 (avg 0.0) tput_in=2878/s tput_out=42/s done=56 ok=56 err=0
                           ttft p50=584ms  p75=687ms  p95=3175ms p99=4123ms
                           itl  p50=10ms   p75=11ms   p95=11ms   p99=11ms
                           e2e  p50=5402ms p75=13450ms p95=45350ms p99=85883ms
                           intvty p50=97     p75=100    p95=110    p99=675 (1/tpot tok/s)
                           isl  p50=79,716    p75=113,210   p90=117,796   p99=119,005 (tokens)
                           osl  p50=456       p75=1,333     p90=3,062     p99=8,629 (tokens)
                           tot  in=4,637,738      out=68,105
                           trace theoretical_prefix_cache_hit=95.0%
                           srv  prefix_cache_hit=93.4% unique_in_srv=311,315 kv_usage=0.0% queue=0r/0w tput_in_srv=2,845/s tput_out_srv=41/s
2026-06-03 09:19:59.845 - records_manager - INFO - [realtime 27:57 profiling] rps=0.1 (avg 0.0) tput_in=2947/s tput_out=42/s done=59 ok=59 err=0
                           ttft p50=575ms  p75=673ms  p95=3098ms p99=4099ms
                           itl  p50=10ms   p75=11ms   p95=11ms   p99=11ms
                           e2e  p50=5364ms p75=12753ms p95=45206ms p99=85326ms
                           intvty p50=98     p75=101    p95=120    p99=664 (1/tpot tok/s)
                           isl  p50=79,295    p75=113,129   p90=117,697   p99=119,005 (tokens)
                           osl  p50=427       p75=1,215     p90=2,882     p99=8,573 (tokens)
                           tot  in=4,826,158      out=68,248
                           trace theoretical_prefix_cache_hit=95.1%
                           srv  prefix_cache_hit=93.6% unique_in_srv=312,727 kv_usage=0.0% queue=0r/0w tput_in_srv=2,906/s tput_out_srv=41/s
2026-06-03 09:20:30.090 - records_manager - INFO - [realtime 28:27 profiling] rps=0.1 (avg 0.0) tput_in=2979/s tput_out=41/s done=61 ok=61 err=0
                           ttft p50=574ms  p75=661ms  p95=3047ms p99=4083ms
                           itl  p50=10ms   p75=11ms   p95=11ms   p99=11ms
                           e2e  p50=5287ms p75=12390ms p95=45109ms p99=84955ms
                           intvty p50=98     p75=101    p95=127    p99=640 (1/tpot tok/s)
                           isl  p50=74,423    p75=113,129   p90=117,631   p99=119,005 (tokens)
                           osl  p50=427       p75=1,102     p90=2,762     p99=8,535 (tokens)
                           tot  in=4,952,242      out=68,390
                           trace theoretical_prefix_cache_hit=95.3%
                           srv  prefix_cache_hit=93.8% unique_in_srv=313,179 kv_usage=0.0% queue=0r/0w tput_in_srv=2,928/s tput_out_srv=40/s
2026-06-03 09:21:00.303 - records_manager - INFO - [realtime 28:58 profiling] rps=0.0 (avg 0.0) tput_in=2979/s tput_out=41/s done=61 ok=61 err=0
                           ttft p50=574ms  p75=661ms  p95=3047ms p99=4083ms
                           itl  p50=10ms   p75=11ms   p95=11ms   p99=11ms
                           e2e  p50=5287ms p75=12390ms p95=45109ms p99=84955ms
                           intvty p50=98     p75=101    p95=127    p99=640 (1/tpot tok/s)
                           isl  p50=74,423    p75=113,129   p90=117,631   p99=119,005 (tokens)
                           osl  p50=427       p75=1,102     p90=2,762     p99=8,535 (tokens)
                           tot  in=4,952,242      out=68,390
                           trace theoretical_prefix_cache_hit=95.3%
                           srv  prefix_cache_hit=93.8% unique_in_srv=313,179 kv_usage=0.0% queue=0r/0w tput_in_srv=2,877/s tput_out_srv=39/s
2026-06-03 09:21:30.514 - records_manager - INFO - [realtime 29:28 profiling] rps=0.0 (avg 0.0) tput_in=2911/s tput_out=40/s done=62 ok=62 err=0
                           ttft p50=575ms  p75=660ms  p95=2951ms p99=4075ms
                           itl  p50=10ms   p75=11ms   p95=11ms   p99=11ms
                           e2e  p50=5191ms p75=12319ms p95=44824ms p99=84769ms
                           intvty p50=98     p75=102    p95=126    p99=628 (1/tpot tok/s)
                           isl  p50=74,423    p75=112,664   p90=117,631   p99=119,005 (tokens)
                           osl  p50=416       p75=1,102     p90=2,762     p99=8,516 (tokens)
                           tot  in=5,015,486      out=68,442
                           trace theoretical_prefix_cache_hit=95.3%
                           srv  prefix_cache_hit=93.8% unique_in_srv=313,255 kv_usage=0.0% queue=0r/0w tput_in_srv=2,864/s tput_out_srv=39/s
2026-06-03 09:22:00.731 - records_manager - INFO - [realtime 29:58 profiling] rps=0.0 (avg 0.0) tput_in=2911/s tput_out=40/s done=62 ok=62 err=0
                           ttft p50=575ms  p75=660ms  p95=2951ms p99=4075ms
                           itl  p50=10ms   p75=11ms   p95=11ms   p99=11ms
                           e2e  p50=5191ms p75=12319ms p95=44824ms p99=84769ms
                           intvty p50=98     p75=102    p95=126    p99=628 (1/tpot tok/s)
                           isl  p50=74,423    p75=112,664   p90=117,631   p99=119,005 (tokens)
                           osl  p50=416       p75=1,102     p90=2,762     p99=8,516 (tokens)
                           tot  in=5,015,486      out=68,442
                           trace theoretical_prefix_cache_hit=95.3%
                           srv  prefix_cache_hit=93.8% unique_in_srv=313,255 kv_usage=0.0% queue=0r/0w tput_in_srv=2,816/s tput_out_srv=38/s
2026-06-03 09:22:02.154 - PhaseRunner - INFO - Timeout of 1799.999523871s elapsed for event 'profiling phase sending'
2026-06-03 09:22:02.155 - PhaseRunner - NOTICE - Phase profiling sending complete | sent=62, completed=62, in_flight=0 | sessions: sent=2, completed=2 | timeout_triggered=True
2026-06-03 09:22:02.155 - PhaseRunner - INFO - All credits already returned. Setting all_credits_returned_event.
2026-06-03 09:22:02.155 - PhaseRunner - NOTICE - Phase profiling complete | completed=62, cancelled=0, errors=0 | sessions: completed=2, cancelled=0 | elapsed=1800.00s
2026-06-03 09:22:02.155 - aiperf.timing.branch_orchestrator - INFO - BranchOrchestrator stats: spawned=0 completed=0 errored=0 suspended=0 resumed=0 parents_failed_due_to_child_error=0 joins_suppressed=0
2026-06-03 09:22:02.156 - PhaseOrchestrator_65a4ae9b - NOTICE - All credits completed
2026-06-03 09:22:02.156 - records_manager - INFO - Sent 62 requests. Waiting for all to complete...
2026-06-03 09:22:02.156 - records_manager - INFO - Received CREDIT_PHASE_COMPLETE message, Phase complete: PhaseRecordsStats(phase=CreditPhase.PROFILING, start_ns=1780476722153929528, sent_end_ns=1780478522155198458, requests_end_ns=1780478522155623588, total_expected_requests=None, expected_duration_sec=None, expected_num_sessions=None, expected_grace_period_sec=None, final_requests_sent=None, final_requests_completed=62, final_requests_cancelled=0, final_request_errors=0, final_sent_sessions=None, final_completed_sessions=None, final_cancelled_sessions=None, timeout_triggered=True, grace_period_timeout_triggered=False, was_cancelled=False, records_end_ns=None, success_records=62, error_records=0)
2026-06-03 09:22:02.156 - records_manager - NOTICE - All requests have completed, please wait for the results to be processed (currently 62 of 62 records processed)...
2026-06-03 09:22:02.156 - system_controller - INFO - Received credits complete from 'timing_manager'
2026-06-03 09:22:02.156 - records_manager - INFO - Processed 62 valid requests and 0 errors (62 total).
2026-06-03 09:22:02.156 - records_manager - INFO - Received all records, processing now...
2026-06-03 09:22:02.156 - records_manager - INFO - All credits complete, please wait for the results to be processed...
2026-06-03 09:22:02.157 - server_metrics_manager - INFO - Server Metrics: Profiling complete, capturing final metrics...
2026-06-03 09:22:02.158 - records_manager - INFO - Waiting 2.0s for server metrics flush period...
2026-06-03 09:22:04.156 - records_manager - INFO - Processing records results...
2026-06-03 09:22:06.372 - RecordExportJSONLWriter_42fa81a3 - WARNING - Timeout waiting for 0 pending flush tasks during shutdown. Cancelling tasks and proceeding with cleanup.
2026-06-03 09:22:06.436 - system_controller - INFO - Waiting for server metrics results...
2026-06-03 09:22:06.437 - system_controller - INFO - Waiting for server metrics results...
2026-06-03 09:22:07.421 - records_manager - INFO - _finalize_and_process_results completed
2026-06-03 09:22:07.801 - system_controller - INFO - All results received, initiating shutdown
2026-06-03 09:22:08.538 - ExporterManager - INFO - Exporting all records
2026-06-03 09:22:08.676 - aiperf.common.scenario.validator - INFO - Scenario 'inferencex-agentx-mvp': setting timing_mode=agentic_replay (was at default request_rate).
2026-06-03 09:22:09.271 - aiperf.common.scenario.validator - INFO - Scenario 'inferencex-agentx-mvp': setting timing_mode=agentic_replay (was at default request_rate).
2026-06-03 09:22:09.322 - ExporterManager - INFO - Exporting console data
