2026-06-03 07:56:40.574 - aiperf.cli_runner - INFO - Starting AIPerf System
2026-06-03 07:56:40.811 - server_metrics_manager - INFO - Server Metrics: Discovered 1 endpoints: ['http://localhost:8890/metrics']
2026-06-03 07:56:40.849 - system_controller - INFO - Registered Gpu Telemetry Manager (id: 'gpu_telemetry_manager')
2026-06-03 07:56:40.890 - system_controller - INFO - Registered Worker Manager (id: 'worker_manager')
2026-06-03 07:56:40.961 - system_controller - INFO - Registered Dataset Manager (id: 'dataset_manager')
2026-06-03 07:56:40.961 - system_controller - INFO - Registered Server Metrics Manager (id: 'server_metrics_manager')
2026-06-03 07:56:40.974 - system_controller - INFO - Registered Timing Manager (id: 'timing_manager')
2026-06-03 07:56:41.091 - system_controller - INFO - Registered Record Processor (id: 'record_processor_7070c574')
2026-06-03 07:56:41.168 - GPUTelemetryJSONLWriter_a67ca15a - INFO - GPU telemetry export enabled: /workspace/results/aiperf_artifacts/gpu_telemetry_export.jsonl
2026-06-03 07:56:41.170 - RecordExportJSONLWriter_c0ebfa7a - INFO - Record metrics export enabled: /workspace/results/aiperf_artifacts/profile_export.jsonl
2026-06-03 07:56:41.200 - system_controller - INFO - Registered Worker (id: 'worker_4cb7d1c5')
2026-06-03 07:56:41.200 - system_controller - INFO - Registered Record Processor (id: 'record_processor_2247f8af')
2026-06-03 07:56:41.200 - system_controller - INFO - Registered Record Processor (id: 'record_processor_3a52640c')
2026-06-03 07:56:41.201 - system_controller - INFO - Registered Record Processor (id: 'record_processor_614ac00d')
2026-06-03 07:56:41.201 - system_controller - INFO - Registered Record Processor (id: 'record_processor_9c357385')
2026-06-03 07:56:41.201 - system_controller - INFO - Registered Record Processor (id: 'record_processor_228721b1')
2026-06-03 07:56:41.201 - system_controller - INFO - Registered Record Processor (id: 'record_processor_a1e3fb29')
2026-06-03 07:56:41.274 - system_controller - INFO - Registered Worker (id: 'worker_97a1563d')
2026-06-03 07:56:41.274 - system_controller - INFO - Registered Worker (id: 'worker_48a0485b')
2026-06-03 07:56:41.275 - system_controller - INFO - Registered Worker (id: 'worker_d895115c')
2026-06-03 07:56:41.275 - system_controller - INFO - Registered Worker (id: 'worker_6437be7a')
2026-06-03 07:56:41.275 - system_controller - INFO - Registered Worker (id: 'worker_12521868')
2026-06-03 07:56:41.275 - system_controller - INFO - Registered Worker (id: 'worker_adcfacfe')
2026-06-03 07:56:41.276 - system_controller - INFO - Registered Worker (id: 'worker_5d10ba79')
2026-06-03 07:56:41.276 - system_controller - INFO - Registered Worker (id: 'worker_116a0074')
2026-06-03 07:56:41.276 - system_controller - INFO - Registered Worker (id: 'worker_5eeb269c')
2026-06-03 07:56:41.276 - system_controller - INFO - Registered Worker (id: 'worker_f753f20c')
2026-06-03 07:56:41.277 - system_controller - INFO - Registered Worker (id: 'worker_1ff089e4')
2026-06-03 07:56:41.277 - system_controller - INFO - Registered Worker (id: 'worker_d2c345c6')
2026-06-03 07:56:41.277 - system_controller - INFO - Registered Worker (id: 'worker_5f1692d7')
2026-06-03 07:56:41.278 - system_controller - INFO - Registered Worker (id: 'worker_530772eb')
2026-06-03 07:56:41.279 - system_controller - INFO - Registered Worker (id: 'worker_815002ea')
2026-06-03 07:56:41.279 - system_controller - INFO - Registered Worker (id: 'worker_65a358c3')
2026-06-03 07:56:41.279 - system_controller - INFO - Registered Worker (id: 'worker_2914728d')
2026-06-03 07:56:41.280 - system_controller - INFO - Registered Worker (id: 'worker_fd883813')
2026-06-03 07:56:41.280 - system_controller - INFO - Registered Worker (id: 'worker_2857deec')
2026-06-03 07:56:41.280 - system_controller - INFO - Registered Worker (id: 'worker_3d34247c')
2026-06-03 07:56:41.280 - system_controller - INFO - Registered Worker (id: 'worker_a264ac10')
2026-06-03 07:56:41.281 - system_controller - INFO - Registered Worker (id: 'worker_8d4bdc9d')
2026-06-03 07:56:41.281 - system_controller - INFO - Registered Worker (id: 'worker_8f1c2b8a')
2026-06-03 07:56:41.281 - system_controller - INFO - Registered Worker (id: 'worker_882e0ed9')
2026-06-03 07:56:41.281 - system_controller - INFO - Registered Worker (id: 'worker_4f92d64c')
2026-06-03 07:56:41.289 - system_controller - INFO - Registered Worker (id: 'worker_a02272c4')
2026-06-03 07:56:41.289 - system_controller - INFO - Registered Worker (id: 'worker_4ad6c87e')
2026-06-03 07:56:41.290 - system_controller - INFO - Registered Worker (id: 'worker_b668d06e')
2026-06-03 07:56:41.297 - system_controller - INFO - Registered Worker (id: 'worker_95f499ae')
2026-06-03 07:56:41.298 - system_controller - INFO - Registered Worker (id: 'worker_e438193b')
2026-06-03 07:56:41.299 - system_controller - INFO - Registered Worker (id: 'worker_fbb2b6d3')
2026-06-03 07:56:41.300 - system_controller - INFO - Registered Records Manager (id: 'records_manager')
2026-06-03 07:56:41.430 - system_controller - INFO - Registered Record Processor (id: 'record_processor_a454e6ef')
2026-06-03 07:56:41.788 - system_controller - INFO - AIPerf System is CONFIGURING
2026-06-03 07:56:41.788 - system_controller - INFO - Configuring all services to start profiling
2026-06-03 07:56:41.790 - InferenceResultParser_b6217f31 - INFO - Tokenization is disabled for this endpoint, skipping tokenizer configuration
2026-06-03 07:56:41.790 - InferenceResultParser_f8698d1f - INFO - Tokenization is disabled for this endpoint, skipping tokenizer configuration
2026-06-03 07:56:41.790 - timing_manager - INFO - Waiting for dataset to be configured before configuring timing
2026-06-03 07:56:41.790 - InferenceResultParser_afd59565 - INFO - Tokenization is disabled for this endpoint, skipping tokenizer configuration
2026-06-03 07:56:41.790 - InferenceResultParser_66357649 - INFO - Tokenization is disabled for this endpoint, skipping tokenizer configuration
2026-06-03 07:56:41.790 - InferenceResultParser_74bcfd87 - INFO - Tokenization is disabled for this endpoint, skipping tokenizer configuration
2026-06-03 07:56:41.790 - InferenceResultParser_2c0633aa - INFO - Tokenization is disabled for this endpoint, skipping tokenizer configuration
2026-06-03 07:56:41.790 - InferenceResultParser_1a2b2af3 - INFO - Tokenization is disabled for this endpoint, skipping tokenizer configuration
2026-06-03 07:56:41.790 - InferenceResultParser_9c3cdb48 - INFO - Tokenization is disabled for this endpoint, skipping tokenizer configuration
2026-06-03 07:56:41.800 - system_controller - INFO - GPU telemetry disabled - no DCGM endpoints reachable
2026-06-03 07:56:41.810 - server_metrics_manager - INFO - Server Metrics: Capturing baseline metrics...
2026-06-03 07:56:41.823 - dataset_manager - INFO - Memory-mapped dataset cache HIT (key=ff75f2f4ef52300e2266b7e8fa1f0d9e); skipping tokenizer + composer.
2026-06-03 07:56:41.838 - http://localhost:8890/metrics - INFO - Skipping unsupported summary metric: http_request_size_bytes
2026-06-03 07:56:41.838 - http://localhost:8890/metrics - INFO - Skipping unsupported summary metric: http_response_size_bytes
2026-06-03 07:56:41.840 - system_controller - INFO - Server metrics enabled - 1/1 endpoint(s) reachable.
2026-06-03 07:56:42.090 - aiperf.dataset.mmap_cache - INFO - Restored mmap cache file dataset.dat via copy in 0.266s (1.27 GiB)
2026-06-03 07:56:42.091 - aiperf.dataset.mmap_cache - INFO - Restored mmap cache file index.dat via copy in 0.000s (0.00 GiB)
2026-06-03 07:56:42.091 - aiperf.dataset.mmap_cache - INFO - Restored mmap cache files in 0.267s via dataset=copy index=copy (dataset=1.27 GiB, index=0.00 GiB)
2026-06-03 07:56:42.240 - dataset_manager - INFO - sampling strategy: sequential, unique conversations: 678, unique turn count: 52915
2026-06-03 07:56:42.540 - aiperf.timing.trajectory_source - INFO - TrajectorySource: built 48 trajectories from 225 traces
  range cfg=[0.25, 0.75]  observed sample pct: min= 25% median= 45% max= 75%
    lane=00  sample_time= 39%  root_next= 14/32  ( 44% turns)  live=1 ready=1  trace_id=00e7d11db2db59f44a87b4110175b11d1af3
    lane=01  sample_time= 55%  root_next= 15/28  ( 54% turns)  live=1 ready=1  trace_id=01fece675b92efe07620225cd69c3884f774
    lane=02  sample_time= 55%  root_next=306/594 ( 52% turns)  live=1 ready=1  trace_id=0275949f4db511444909fe92b12f7e921e4a
    lane=03  sample_time= 27%  root_next= 13/27  ( 48% turns)  live=1 ready=1  trace_id=03be8f1eb1e9e620f46bd07068d6ab1aaae3
    lane=04  sample_time= 40%  root_next= 71/151 ( 47% turns)  live=1 ready=1  trace_id=0475b786230f3f2e24220d28e247eaee2dae
    lane=05  sample_time= 50%  root_next= 56/99  ( 57% turns)  live=1 ready=1  trace_id=04b25fe5b2ffa5e7ec9890426cce59838a05
    lane=06  sample_time= 69%  root_next= 10/20  ( 50% turns)  live=1 ready=1  trace_id=06385769df23204ac35c53ad431cf42f7c02
    lane=07  sample_time= 63%  root_next= 53/80  ( 66% turns)  live=1 ready=1  trace_id=07fc71985fbafc8e1abb181b7d28b8349f45
    lane=08  sample_time= 29%  root_next= 48/165 ( 29% turns)  live=1 ready=1  trace_id=09a5d415a7157ed48a5a6fa2711f2d8565c1
    lane=09  sample_time= 28%  root_next=  6/27  ( 22% turns)  live=1 ready=1  trace_id=09c188c8b9201ec2046cc2df702623fef33e
    lane=10  sample_time= 44%  root_next= 35/78  ( 45% turns)  live=1 ready=1  trace_id=0b1cf5ad73920121aa53e1acb0851a8ecf32
    lane=11  sample_time= 61%  root_next=161/254 ( 63% turns)  live=1 ready=1  trace_id=0b4a56f22f01dc235b7ce1cc3aeabd6943e8
    lane=12  sample_time= 32%  root_next= 59/184 ( 32% turns)  live=1 ready=1  trace_id=0d75185d4e958ad360c16451eaa95d508edf
    lane=13  sample_time= 51%  root_next= 10/18  ( 56% turns)  live=1 ready=1  trace_id=0da3a3bea6f3559a2eff4114839b328dad53
    lane=14  sample_time= 71%  root_next= 18/23  ( 78% turns)  live=1 ready=1  trace_id=116cb8d945f9d0810e788e51e3744adaab74
    lane=15  sample_time= 46%  root_next= 26/39  ( 67% turns)  live=1 ready=1  trace_id=1186d32070428ea303de493d61ee3effd467
    lane=16  sample_time= 74%  root_next= 23/26  ( 88% turns)  live=1 ready=1  trace_id=13762df76dba635a268bf3acbb30bfffed63
    lane=17  sample_time= 27%  root_next=  8/27  ( 30% turns)  live=1 ready=1  trace_id=14933d8a4190c45ac8fbd21183bba9469140
    lane=18  sample_time= 43%  root_next= 24/38  ( 63% turns)  live=1 ready=1  trace_id=1770548ae8e30555e62d6d6296c0166d6074
    lane=19  sample_time= 35%  root_next= 20/44  ( 45% turns)  live=3 ready=2  trace_id=1ac9d045056424d98ec4b5725460ca2b6120
    lane=20  sample_time= 55%  root_next= 31/50  ( 62% turns)  live=1 ready=1  trace_id=1b29955ec88767b5f8870f705f770cd46c60
    lane=21  sample_time= 69%  root_next=318/452 ( 70% turns)  live=1 ready=1  trace_id=1ec7f23f1ca1449b1758b86dba91df97cf1a
    lane=22  sample_time= 40%  root_next= 13/31  ( 42% turns)  live=1 ready=1  trace_id=1ff2c5c397d1c8f4a2e069449ec8e10b882a
    lane=23  sample_time= 34%  root_next= 33/55  ( 60% turns)  live=1 ready=1  trace_id=219331470ffaa5388ff9d7d8da92f5dc575b
    lane=24  sample_time= 46%  root_next= 38/63  ( 60% turns)  live=1 ready=1  trace_id=263134ce70d475337deb473aadc255479210
    lane=25  sample_time= 25%  root_next= 14/39  ( 36% turns)  live=1 ready=1  trace_id=265a5749ca677d0b0c90e7d3d6029a45318f
    lane=26  sample_time= 26%  root_next=  7/21  ( 33% turns)  live=1 ready=1  trace_id=2781d1fa9a22e982996948283bbcd3136c44
    lane=27  sample_time= 45%  root_next= 17/30  ( 57% turns)  live=1 ready=1  trace_id=27bf77bcaaf2b6d2210bdbdab4934348f322
    lane=28  sample_time= 73%  root_next= 61/84  ( 73% turns)  live=1 ready=1  trace_id=27cf2ada39b896fea5580c895bfbd4119490
    lane=29  sample_time= 52%  root_next= 20/34  ( 59% turns)  live=1 ready=1  trace_id=298daf6961d9121ca2f5d3cde68ba961c0c5
    lane=30  sample_time= 27%  root_next= 15/43  ( 35% turns)  live=1 ready=1  trace_id=2b971773e1889a7692523d5cc0a78a0361cb
    lane=31  sample_time= 43%  root_next=  8/21  ( 38% turns)  live=1 ready=1  trace_id=2c3e52bf4e687293e9fb70cba1c1786dceea
    lane=32  sample_time= 38%  root_next= 15/26  ( 58% turns)  live=1 ready=1  trace_id=2cfbb581474c482911487fd9b13d720889fa
    lane=33  sample_time= 36%  root_next= 58/160 ( 36% turns)  live=1 ready=1  trace_id=2dd25288ba9fe088c0419aabfb19c3ca4f36
    lane=34  sample_time= 69%  root_next= 52/109 ( 48% turns)  live=1 ready=1  trace_id=2de8538029066d95b4ff113d5750eb403cb7
    lane=35  sample_time= 63%  root_next= 50/103 ( 49% turns)  live=1 ready=1  trace_id=2df1b153c477169c8ab4ecd9e917ccaa3dba
    lane=36  sample_time= 52%  root_next= 32/71  ( 45% turns)  live=1 ready=1  trace_id=2e6fc2e7b28c2e567d9c2aa0a38586d494eb
    lane=37  sample_time= 51%  root_next= 31/57  ( 54% turns)  live=1 ready=1  trace_id=300134008d4cc98f288179ea9dd9314f140c
    lane=38  sample_time= 37%  root_next=157/361 ( 43% turns)  live=1 ready=1  trace_id=3042c8b3b1ecd64c1df1a1c3987e0869b81e
    lane=39  sample_time= 28%  root_next= 21/101 ( 21% turns)  live=1 ready=1  trace_id=30b5428f1c359a9d2fdf9c25ecd3e4c0f480
    lane=40  sample_time= 75%  root_next= 28/38  ( 74% turns)  live=1 ready=1  trace_id=322d6256b084ece9fbbaa8ec9cca3dadaf7e
    lane=41  sample_time= 34%  root_next= 72/184 ( 39% turns)  live=1 ready=1  trace_id=346d091b7f1689ef5327401a2bd912f404d9
    lane=42  sample_time= 54%  root_next= 52/104 ( 50% turns)  live=1 ready=1  trace_id=350b6e2414c221593bf4a0772ecd7c4fa009
    lane=43  sample_time= 42%  root_next= 12/25  ( 48% turns)  live=1 ready=1  trace_id=388f557746c6b960834161cca0a7c99a3bf2
    lane=44  sample_time= 59%  root_next= 30/38  ( 79% turns)  live=1 ready=1  trace_id=3b87c0e23861fdc2e2351fbe9c7f69668069
    lane=45  sample_time= 35%  root_next= 78/208 ( 38% turns)  live=1 ready=1  trace_id=3bc0e09a2d6ec317e0f01281dfe65ecda2a8
    lane=46  sample_time= 51%  root_next= 37/58  ( 64% turns)  live=1 ready=1  trace_id=3d3bd73c61922b4c3c9833ee94391f3a728a
    lane=47  sample_time= 39%  root_next= 32/46  ( 70% turns)  live=5 ready=4  trace_id=3e653a2a3388ad3d70449933e8d72b12b100
2026-06-03 07:56:42.540 - PhaseOrchestrator_9faaf1e0 - INFO - Initialized 2 phase(s): ['Warmup', 'Profiling']
2026-06-03 07:56:42.552 - dataset_manager - INFO - Dataset client initialized and freed 0 conversations from memory
2026-06-03 07:56:42.582 - system_controller - INFO - All services configured in 0.79 seconds
2026-06-03 07:56:42.582 - system_controller - INFO - AIPerf System is CONFIGURED
2026-06-03 07:56:42.583 - server_metrics_manager - INFO - Server Metrics: Started 1 collector(s) successfully
2026-06-03 07:56:42.636 - PhaseRunner - NOTICE - Phase warmup started | target: 52 requests
2026-06-03 07:56:42.636 - AgenticReplayTiming - INFO - WARMUP execute: dispatching 52 trajectory credits
2026-06-03 07:56:42.639 - PhaseRunner - NOTICE - Phase warmup sending complete | sent=52, completed=0, in_flight=52
2026-06-03 07:56:42.728 - records_manager - INFO - Credit phase start: warmup
2026-06-03 07:56:42.748 - system_controller - INFO - All services started profiling successfully
2026-06-03 07:56:42.748 - system_controller - INFO - AIPerf System is PROFILING
2026-06-03 08:02:17.445 - AgenticReplayTiming - INFO - WARMUP 1/52 returned [ok] (lane=19, trace_id=1ac9d045056424d98ec4b5725460ca2b6120::sa:subagent_001_88698b09:s0, start_turn=0/24 (0% through trace))
2026-06-03 08:05:07.972 - AgenticReplayTiming - INFO - WARMUP 2/52 returned [ok] (lane=47, trace_id=3e653a2a3388ad3d70449933e8d72b12b100::sa:subagent_010_b83a72f9:s1, start_turn=0/2 (0% through trace))
2026-06-03 08:05:20.700 - AgenticReplayTiming - INFO - WARMUP 3/52 returned [ok] (lane=47, trace_id=3e653a2a3388ad3d70449933e8d72b12b100::sa:subagent_010_b83a72f9:s0, start_turn=0/134 (0% through trace))
2026-06-03 08:06:24.026 - AgenticReplayTiming - INFO - WARMUP 4/52 returned [ok] (lane=47, trace_id=3e653a2a3388ad3d70449933e8d72b12b100::sa:subagent_009_49633524:s0, start_turn=10/43 (23% through trace))
2026-06-03 08:06:25.245 - AgenticReplayTiming - INFO - WARMUP 5/52 returned [ok] (lane=47, trace_id=3e653a2a3388ad3d70449933e8d72b12b100::sa:subagent_009_49633524:s1, start_turn=1/5 (20% through trace))
2026-06-03 08:06:31.637 - AgenticReplayTiming - INFO - WARMUP 6/52 returned [ok] (lane=19, trace_id=1ac9d045056424d98ec4b5725460ca2b6120::sa:subagent_001_88698b09:s1, start_turn=0/4 (0% through trace))
2026-06-03 08:09:13.942 - PhaseRunner - NOTICE - Phase warmup complete | completed=52, cancelled=0, errors=0 | elapsed=751.31s
2026-06-03 08:09:13.942 - aiperf.timing.branch_orchestrator - INFO - BranchOrchestrator stats: spawned=0 completed=0 errored=0 suspended=0 resumed=0 parents_failed_due_to_child_error=0 joins_suppressed=0
2026-06-03 08:09:13.954 - AgenticReplayTiming - INFO - PROFILING setup: trajectories=48 traces, recycle_queue=225 traces (full pool)
2026-06-03 08:09:13.955 - PhaseRunner - NOTICE - Phase profiling started | target: 1800.0s duration
2026-06-03 08:09:13.955 - PhaseRunner - INFO - Waiting for event 'profiling phase sending' with timeout of 1799.999522961s
2026-06-03 08:09:13.955 - AgenticReplayTiming - INFO - PROFILING execute: resuming 48 trajectory sessions
2026-06-03 08:09:13.955 - records_manager - INFO - Credit phase start: profiling
2026-06-03 08:09:14.084 - EventLoopMonitor - WARNING - Event loop for worker_65a358c3 is taking too long to run. Overhead: 36.67ms
2026-06-03 08:10:41.248 - records_manager - INFO - [realtime 01:27 profiling] rps=0.0 (avg 0.0) tput_in=1891/s tput_out=1/s done=2 ok=2 err=0
                           ttft p50=36731ms p75=50932ms p95=62293ms p99=64566ms
                           itl  p50=855ms  p75=1009ms p95=1133ms p99=1157ms
                           e2e  p50=71836ms p75=73820ms p95=75407ms p99=75724ms
                           intvty p50=1      p75=2      p95=2      p99=2 (1/tpot tok/s)
                           isl  p50=73,968    p75=79,018    p90=82,047    p99=83,865 (tokens)
                           osl  p50=32        p75=46        p90=54        p99=58 (tokens)
                           tot  in=147,937        out=65
                           trace theoretical_prefix_cache_hit=99.7%
                           srv  prefix_cache_hit=30.7% unique_in_srv=5,313,126 kv_usage=80.8% queue=34r/13w tput_in_srv=9,105/s tput_out_srv=99/s
2026-06-03 08:11:11.267 - records_manager - INFO - [realtime 01:57 profiling] rps=0.0 (avg 0.0) tput_in=2790/s tput_out=1/s done=3 ok=3 err=0
                           ttft p50=28893ms p75=47013ms p95=61510ms p99=64409ms
                           itl  p50=1017ms p75=1090ms p95=1149ms p99=1160ms
                           e2e  p50=75804ms p75=82339ms p95=87567ms p99=88612ms
                           intvty p50=1      p75=1      p95=2      p99=2 (1/tpot tok/s)
                           isl  p50=84,067    p75=93,650    p90=99,400    p99=102,850 (tokens)
                           osl  p50=59        p75=60        p90=60        p99=60 (tokens)
                           tot  in=251,170        out=125
                           trace theoretical_prefix_cache_hit=99.7%
                           srv  prefix_cache_hit=29.7% unique_in_srv=5,590,296 kv_usage=85.4% queue=36r/12w tput_in_srv=9,062/s tput_out_srv=97/s
2026-06-03 08:11:41.286 - records_manager - INFO - [realtime 02:27 profiling] rps=0.0 (avg 0.0) tput_in=3057/s tput_out=1/s done=4 ok=4 err=0
                           ttft p50=42877ms p75=58928ms p95=63893ms p99=64885ms
                           itl  p50=938ms  p75=1053ms p95=1141ms p99=1159ms
                           e2e  p50=82339ms p75=100209ms p95=127415ms p99=132856ms
                           intvty p50=1      p75=1      p95=2      p99=2 (1/tpot tok/s)
                           isl  p50=93,650    p75=124,968   p90=164,092   p99=187,567 (tokens)
                           osl  p50=60        p75=68        p90=82        p99=90 (tokens)
                           tot  in=441,345        out=216
                           trace theoretical_prefix_cache_hit=99.8%
                           srv  prefix_cache_hit=29.1% unique_in_srv=5,851,386 kv_usage=88.2% queue=38r/11w tput_in_srv=9,064/s tput_out_srv=95/s
2026-06-03 08:12:11.305 - records_manager - INFO - [realtime 02:57 profiling] rps=0.0 (avg 0.0) tput_in=3524/s tput_out=2/s done=5 ok=5 err=0
                           ttft p50=28893ms p75=56860ms p95=63479ms p99=64803ms
                           itl  p50=1015ms p75=1017ms p95=1134ms p99=1157ms
                           e2e  p50=88874ms p75=134216ms p95=146676ms p99=149168ms
                           intvty p50=1      p75=1      p95=2      p99=2 (1/tpot tok/s)
                           isl  p50=89,574    p75=103,233   p90=155,398   p99=186,697 (tokens)
                           osl  p50=60        p75=91        p90=116       p99=130 (tokens)
                           tot  in=530,919        out=348
                           trace theoretical_prefix_cache_hit=99.8%
                           srv  prefix_cache_hit=28.6% unique_in_srv=6,002,824 kv_usage=90.9% queue=38r/11w tput_in_srv=8,879/s tput_out_srv=93/s
2026-06-03 08:12:41.326 - records_manager - INFO - [realtime 03:27 profiling] rps=0.0 (avg 0.0) tput_in=3032/s tput_out=3/s done=6 ok=6 err=0
                           ttft p50=22866ms p75=49868ms p95=63065ms p99=64720ms
                           itl  p50=1016ms p75=1027ms p95=1130ms p99=1157ms
                           e2e  p50=111545ms p75=145897ms p95=190625ms p99=201515ms
                           intvty p50=1      p75=1      p95=2      p99=2 (1/tpot tok/s)
                           isl  p50=88,947    p75=99,818    p90=146,704   p99=185,828 (tokens)
                           osl  p50=76        p75=122       p90=164       p99=193 (tokens)
                           tot  in=619,239        out=544
                           trace theoretical_prefix_cache_hit=99.7%
                           srv  prefix_cache_hit=27.8% unique_in_srv=6,221,466 kv_usage=94.6% queue=39r/9w tput_in_srv=8,907/s tput_out_srv=91/s
2026-06-03 08:13:11.405 - records_manager - INFO - [realtime 03:57 profiling] rps=0.1 (avg 0.0) tput_in=3278/s tput_out=4/s done=9 ok=9 err=0
                           ttft p50=28893ms p75=59884ms p95=63790ms p99=64865ms
                           itl  p50=1026ms p75=1039ms p95=1117ms p99=1154ms
                           e2e  p50=149791ms p75=200955ms p95=220293ms p99=228856ms
                           intvty p50=1      p75=1      p95=2      p99=2 (1/tpot tok/s)
                           isl  p50=84,067    p75=89,574    p90=120,621   p99=183,220 (tokens)
                           osl  p50=117       p75=135       p90=201       p99=220 (tokens)
                           tot  in=761,557        out=1,018
                           trace theoretical_prefix_cache_hit=99.4%
                           srv  prefix_cache_hit=24.6% unique_in_srv=7,348,447 kv_usage=97.9% queue=39r/8w tput_in_srv=8,922/s tput_out_srv=90/s
2026-06-03 08:13:41.445 - records_manager - INFO - [realtime 04:27 profiling] rps=0.1 (avg 0.1) tput_in=3949/s tput_out=8/s done=13 ok=13 err=0
                           ttft p50=20755ms p75=59884ms p95=71447ms p99=79023ms
                           itl  p50=1015ms p75=1030ms p95=1094ms p99=1149ms
                           e2e  p50=200955ms p75=230996ms p95=251719ms p99=256079ms
                           intvty p50=1      p75=1      p95=1      p99=2 (1/tpot tok/s)
                           isl  p50=64,521    p75=89,574    p90=131,990   p99=184,055 (tokens)
                           osl  p50=135       p75=222       p90=250       p99=271 (tokens)
                           tot  in=1,022,647      out=1,948
                           trace theoretical_prefix_cache_hit=97.3%
                           srv  prefix_cache_hit=19.1% unique_in_srv=10,154,155 kv_usage=97.1% queue=37r/9w tput_in_srv=8,859/s tput_out_srv=89/s
2026-06-03 08:14:11.502 - records_manager - INFO - [realtime 04:57 profiling] rps=0.2 (avg 0.1) tput_in=4887/s tput_out=9/s done=18 ok=18 err=0
                           ttft p50=42877ms p75=76971ms p95=183589ms p99=192707ms
                           itl  p50=915ms  p75=1024ms p95=1065ms p99=1144ms
                           e2e  p50=209833ms p75=246605ms p95=261452ms p99=280864ms
                           intvty p50=1      p75=1      p95=2      p99=2 (1/tpot tok/s)
                           isl  p50=69,003    p75=99,818    p90=129,145   p99=181,506 (tokens)
                           osl  p50=134       p75=216       p90=257       p99=310 (tokens)
                           tot  in=1,446,842      out=2,663
                           trace theoretical_prefix_cache_hit=97.7%
                           srv  prefix_cache_hit=13.4% unique_in_srv=15,525,489 kv_usage=93.2% queue=37r/10w tput_in_srv=8,934/s tput_out_srv=89/s
2026-06-03 08:14:41.564 - records_manager - INFO - [realtime 05:27 profiling] rps=0.1 (avg 0.1) tput_in=4965/s tput_out=11/s done=21 ok=21 err=0
                           ttft p50=28893ms p75=80917ms p95=194986ms p99=202205ms
                           itl  p50=878ms  p75=1017ms p95=1048ms p99=1140ms
                           e2e  p50=220688ms p75=248086ms p95=302283ms p99=315103ms
                           intvty p50=1      p75=1      p95=2      p99=2 (1/tpot tok/s)
                           isl  p50=64,521    p75=91,975    p90=124,844   p99=179,976 (tokens)
                           osl  p50=135       p75=249       p90=317       p99=353 (tokens)
                           tot  in=1,594,722      out=3,452
                           trace theoretical_prefix_cache_hit=97.6%
                           srv  prefix_cache_hit=13.4% unique_in_srv=15,525,489 kv_usage=93.6% queue=34r/13w tput_in_srv=8,686/s tput_out_srv=87/s
2026-06-03 08:15:11.633 - records_manager - INFO - [realtime 05:57 profiling] rps=0.1 (avg 0.1) tput_in=5086/s tput_out=11/s done=23 ok=23 err=0
                           ttft p50=56860ms p75=89795ms p95=193645ms p99=202024ms
                           itl  p50=862ms  p75=1016ms p95=1047ms p99=1138ms
                           e2e  p50=230996ms p75=256476ms p95=306698ms p99=315862ms
                           intvty p50=1      p75=1      p95=2      p99=2 (1/tpot tok/s)
                           isl  p50=73,485    p75=97,604    p90=122,929   p99=178,956 (tokens)
                           osl  p50=135       p75=250       p90=308       p99=353 (tokens)
                           tot  in=1,783,085      out=3,832
                           trace theoretical_prefix_cache_hit=97.6%
                           srv  prefix_cache_hit=11.6% unique_in_srv=18,239,186 kv_usage=95.7% queue=36r/12w tput_in_srv=8,783/s tput_out_srv=86/s
2026-06-03 08:15:41.706 - records_manager - INFO - [realtime 06:27 profiling] rps=0.1 (avg 0.1) tput_in=5416/s tput_out=13/s done=26 ok=26 err=0
                           ttft p50=58372ms p75=91718ms p95=191634ms p99=201754ms
                           itl  p50=856ms  p75=1009ms p95=1045ms p99=1134ms
                           e2e  p50=237194ms p75=260602ms p95=348345ms p99=371451ms
                           intvty p50=1      p75=1      p95=2      p99=2 (1/tpot tok/s)
                           isl  p50=78,776    p75=100,418   p90=132,012   p99=191,734 (tokens)
                           osl  p50=150       p75=257       p90=348       p99=440 (tokens)
                           tot  in=2,072,863      out=4,811
                           trace theoretical_prefix_cache_hit=97.6%
                           srv  prefix_cache_hit=10.8% unique_in_srv=19,824,926 kv_usage=94.9% queue=37r/11w tput_in_srv=8,799/s tput_out_srv=86/s
2026-06-03 08:16:11.786 - records_manager - INFO - [realtime 06:57 profiling] rps=0.1 (avg 0.1) tput_in=5820/s tput_out=13/s done=28 ok=28 err=0
                           ttft p50=60829ms p75=111539ms p95=190293ms p99=201573ms
                           itl  p50=840ms  p75=996ms  p95=1045ms p99=1132ms
                           e2e  p50=237194ms p75=267740ms p95=365889ms p99=374231ms
                           intvty p50=1      p75=2      p95=2      p99=2 (1/tpot tok/s)
                           isl  p50=84,402    p75=106,538   p90=154,478   p99=191,693 (tokens)
                           osl  p50=160       p75=263       p90=361       p99=445 (tokens)
                           tot  in=2,379,165      out=5,371
                           trace theoretical_prefix_cache_hit=97.9%
                           srv  prefix_cache_hit=9.8% unique_in_srv=22,003,627 kv_usage=93.7% queue=39r/9w tput_in_srv=8,781/s tput_out_srv=86/s
2026-06-03 08:16:41.876 - records_manager - INFO - [realtime 07:27 profiling] rps=0.1 (avg 0.1) tput_in=6030/s tput_out=14/s done=31 ok=31 err=0
                           ttft p50=61774ms p75=122345ms p95=188282ms p99=201302ms
                           itl  p50=828ms  p75=953ms  p95=1043ms p99=1129ms
                           e2e  p50=243391ms p75=294000ms p95=383449ms p99=393948ms
                           intvty p50=1      p75=2      p95=2      p99=2 (1/tpot tok/s)
                           isl  p50=84,067    p75=109,448   p90=151,443   p99=191,630 (tokens)
                           osl  p50=164       p75=296       p90=396       p99=476 (tokens)
                           tot  in=2,611,481      out=6,270
                           trace theoretical_prefix_cache_hit=97.9%
                           srv  prefix_cache_hit=9.7% unique_in_srv=22,389,179 kv_usage=96.3% queue=41r/8w tput_in_srv=8,860/s tput_out_srv=85/s
2026-06-03 08:17:11.971 - records_manager - INFO - [realtime 07:58 profiling] rps=0.1 (avg 0.1) tput_in=6069/s tput_out=15/s done=33 ok=33 err=0
                           ttft p50=61774ms p75=125268ms p95=186941ms p99=201122ms
                           itl  p50=817ms  p75=917ms  p95=1042ms p99=1126ms
                           e2e  p50=243391ms p75=302283ms p95=392720ms p99=446766ms
                           intvty p50=1      p75=2      p95=2      p99=2 (1/tpot tok/s)
                           isl  p50=84,736    p75=116,127   p90=148,990   p99=191,589 (tokens)
                           osl  p50=164       p75=317       p90=406       p99=583 (tokens)
                           tot  in=2,858,874      out=7,007
                           trace theoretical_prefix_cache_hit=98.1%
                           srv  prefix_cache_hit=9.4% unique_in_srv=23,061,136 kv_usage=96.3% queue=41r/7w tput_in_srv=8,813/s tput_out_srv=84/s
2026-06-03 08:17:42.068 - records_manager - INFO - [realtime 08:28 profiling] rps=0.0 (avg 0.1) tput_in=6042/s tput_out=16/s done=34 ok=34 err=0
                           ttft p50=61242ms p75=123217ms p95=186271ms p99=201032ms
                           itl  p50=811ms  p75=916ms  p95=1042ms p99=1125ms
                           e2e  p50=245533ms p75=305962ms p95=416126ms p99=465759ms
                           intvty p50=1      p75=2      p95=2      p99=2 (1/tpot tok/s)
                           isl  p50=84,402    p75=115,913   p90=147,764   p99=191,568 (tokens)
                           osl  p50=180       p75=335       p90=447       p99=604 (tokens)
                           tot  in=2,903,156      out=7,557
                           trace theoretical_prefix_cache_hit=98.0%
                           srv  prefix_cache_hit=9.4% unique_in_srv=23,151,104 kv_usage=98.3% queue=40r/9w tput_in_srv=8,603/s tput_out_srv=83/s
2026-06-03 08:18:12.168 - records_manager - INFO - [realtime 08:58 profiling] rps=0.1 (avg 0.1) tput_in=6146/s tput_out=16/s done=36 ok=36 err=0
                           ttft p50=61242ms p75=120975ms p95=184930ms p99=200851ms
                           itl  p50=797ms  p75=914ms  p95=1041ms p99=1123ms
                           e2e  p50=247694ms p75=309969ms p95=459034ms p99=492611ms
                           intvty p50=1      p75=2      p95=2      p99=2 (1/tpot tok/s)
                           isl  p50=86,528    p75=123,070   p90=150,062   p99=191,526 (tokens)
                           osl  p50=198       p75=345       p90=472       p99=629 (tokens)
                           tot  in=3,192,688      out=8,417
                           trace theoretical_prefix_cache_hit=98.2%
                           srv  prefix_cache_hit=8.7% unique_in_srv=25,162,851 kv_usage=96.7% queue=40r/8w tput_in_srv=8,620/s tput_out_srv=82/s
2026-06-03 08:18:42.272 - records_manager - INFO - [realtime 09:28 profiling] rps=0.1 (avg 0.1) tput_in=5917/s tput_out=16/s done=38 ok=38 err=0
                           ttft p50=63415ms p75=124119ms p95=183589ms p99=200671ms
                           itl  p50=797ms  p75=916ms  p95=1040ms p99=1121ms
                           e2e  p50=247899ms p75=315528ms p95=457433ms p99=491947ms
                           intvty p50=1      p75=2      p95=2      p99=2 (1/tpot tok/s)
                           isl  p50=84,436    p75=120,891   p90=149,509   p99=191,485 (tokens)
                           osl  p50=198       p75=352       p90=468       p99=628 (tokens)
                           tot  in=3,323,715      out=8,948
                           trace theoretical_prefix_cache_hit=98.2%
                           srv  prefix_cache_hit=8.7% unique_in_srv=25,279,107 kv_usage=97.4% queue=39r/9w tput_in_srv=8,569/s tput_out_srv=81/s
2026-06-03 08:19:12.384 - records_manager - INFO - [realtime 09:58 profiling] rps=0.2 (avg 0.1) tput_in=6025/s tput_out=18/s done=43 ok=43 err=0
                           ttft p50=70372ms p75=122970ms p95=181069ms p99=200220ms
                           itl  p50=768ms  p75=895ms  p95=1038ms p99=1115ms
                           e2e  p50=255782ms p75=318092ms p95=469441ms p99=541015ms
                           intvty p50=1      p75=2      p95=2      p99=15 (1/tpot tok/s)
                           isl  p50=73,485    p75=115,698   p90=147,114   p99=191,381 (tokens)
                           osl  p50=222       p75=348       p90=477       p99=658 (tokens)
                           tot  in=3,601,011      out=10,474
                           trace theoretical_prefix_cache_hit=97.1%
                           srv  prefix_cache_hit=7.0% unique_in_srv=31,667,196 kv_usage=96.7% queue=37r/12w tput_in_srv=8,550/s tput_out_srv=81/s
2026-06-03 08:19:42.499 - records_manager - INFO - [realtime 10:28 profiling] rps=0.1 (avg 0.1) tput_in=6186/s tput_out=18/s done=46 ok=46 err=0
                           ttft p50=83434ms p75=127036ms p95=180306ms p99=199949ms
                           itl  p50=757ms  p75=874ms  p95=1037ms p99=1111ms
                           e2e  p50=251934ms p75=318200ms p95=467040ms p99=539112ms
                           intvty p50=1      p75=2      p95=2      p99=25 (1/tpot tok/s)
                           isl  p50=78,776    p75=115,913   p90=144,766   p99=191,318 (tokens)
                           osl  p50=210       p75=352       p90=472       p99=656 (tokens)
                           tot  in=3,881,079      out=11,118
                           trace theoretical_prefix_cache_hit=97.3%
                           srv  prefix_cache_hit=5.7% unique_in_srv=39,362,326 kv_usage=94.0% queue=36r/12w tput_in_srv=8,563/s tput_out_srv=82/s
2026-06-03 08:20:12.615 - records_manager - INFO - [realtime 10:58 profiling] rps=0.0 (avg 0.1) tput_in=6162/s tput_out=17/s done=47 ok=47 err=0
                           ttft p50=85951ms p75=130717ms p95=180052ms p99=199859ms
                           itl  p50=747ms  p75=870ms  p95=1036ms p99=1110ms
                           e2e  p50=248086ms p75=318092ms p95=466239ms p99=538477ms
                           intvty p50=1      p75=2      p95=3      p99=25 (1/tpot tok/s)
                           isl  p50=84,067    p75=116,194   p90=143,983   p99=191,298 (tokens)
                           osl  p50=216       p75=348       p90=470       p99=656 (tokens)
                           tot  in=3,997,340      out=11,334
                           trace theoretical_prefix_cache_hit=97.4%
                           srv  prefix_cache_hit=5.1% unique_in_srv=44,527,889 kv_usage=97.5% queue=37r/13w tput_in_srv=8,500/s tput_out_srv=82/s
2026-06-03 08:20:42.737 - records_manager - INFO - [realtime 11:28 profiling] rps=0.1 (avg 0.1) tput_in=6102/s tput_out=19/s done=50 ok=50 err=0
                           ttft p50=89795ms p75=127036ms p95=179288ms p99=199588ms
                           itl  p50=727ms  p75=862ms  p95=1035ms p99=1107ms
                           e2e  p50=256476ms p75=348345ms p95=489293ms p99=611448ms
                           intvty p50=1      p75=2      p95=3      p99=25 (1/tpot tok/s)
                           isl  p50=78,776    p75=115,913   p90=141,635   p99=191,235 (tokens)
                           osl  p50=226       p75=375       p90=557       p99=799 (tokens)
                           tot  in=4,196,886      out=13,264
                           trace theoretical_prefix_cache_hit=97.4%
                           srv  prefix_cache_hit=4.3% unique_in_srv=53,726,003 kv_usage=97.3% queue=37r/11w tput_in_srv=8,524/s tput_out_srv=83/s
2026-06-03 08:21:12.908 - records_manager - INFO - [realtime 11:58 profiling] rps=0.1 (avg 0.1) tput_in=6423/s tput_out=23/s done=54 ok=54 err=0
                           ttft p50=89795ms p75=127036ms p95=178271ms p99=199227ms
                           itl  p50=711ms  p75=858ms  p95=1033ms p99=1102ms
                           e2e  p50=259458ms p75=374348ms p95=612126ms p99=685708ms
                           intvty p50=1      p75=2      p95=10     p99=25 (1/tpot tok/s)
                           isl  p50=78,776    p75=115,913   p90=146,332   p99=199,455 (tokens)
                           osl  p50=232       p75=393       p90=631       p99=1,068 (tokens)
                           tot  in=4,516,744      out=16,313
                           trace theoretical_prefix_cache_hit=97.4%
                           srv  prefix_cache_hit=3.7% unique_in_srv=62,184,388 kv_usage=95.1% queue=36r/12w tput_in_srv=8,481/s tput_out_srv=83/s
2026-06-03 08:21:43.044 - records_manager - INFO - [realtime 12:29 profiling] rps=0.1 (avg 0.1) tput_in=6439/s tput_out=23/s done=57 ok=57 err=0
                           ttft p50=99914ms p75=133808ms p95=177507ms p99=198956ms
                           itl  p50=697ms  p75=852ms  p95=1032ms p99=1099ms
                           e2e  p50=257169ms p75=375816ms p95=602573ms p99=685625ms
                           intvty p50=1      p75=2      p95=8      p99=25 (1/tpot tok/s)
                           isl  p50=73,485    p75=115,270   p90=143,983   p99=198,995 (tokens)
                           osl  p50=229       p75=396       p90=644       p99=1,068 (tokens)
                           tot  in=4,705,511      out=17,128
                           trace theoretical_prefix_cache_hit=97.5%
                           srv  prefix_cache_hit=3.7% unique_in_srv=62,627,542 kv_usage=99.2% queue=38r/9w tput_in_srv=8,523/s tput_out_srv=82/s
2026-06-03 08:22:13.187 - records_manager - INFO - [realtime 12:59 profiling] rps=0.1 (avg 0.1) tput_in=6564/s tput_out=24/s done=60 ok=60 err=0
                           ttft p50=102177ms p75=133150ms p95=176744ms p99=198686ms
                           itl  p50=664ms  p75=835ms  p95=1031ms p99=1095ms
                           e2e  p50=256476ms p75=379563ms p95=593020ms p99=685541ms
                           intvty p50=2      p75=2      p95=4      p99=25 (1/tpot tok/s)
                           isl  p50=69,200    p75=115,484   p90=142,104   p99=198,536 (tokens)
                           osl  p50=226       p75=399       p90=634       p99=1,068 (tokens)
                           tot  in=4,925,454      out=17,978
                           trace theoretical_prefix_cache_hit=97.4%
                           srv  prefix_cache_hit=3.6% unique_in_srv=64,246,999 kv_usage=99.5% queue=37r/9w tput_in_srv=8,480/s tput_out_srv=82/s
2026-06-03 08:22:43.336 - records_manager - INFO - [realtime 13:29 profiling] rps=0.1 (avg 0.1) tput_in=6588/s tput_out=26/s done=64 ok=64 err=0
                           ttft p50=96777ms p75=130233ms p95=176231ms p99=198325ms
                           itl  p50=641ms  p75=828ms  p95=1030ms p99=1090ms
                           e2e  p50=259458ms p75=392105ms p95=643970ms p99=715211ms
                           intvty p50=2      p75=2      p95=3      p99=25 (1/tpot tok/s)
                           isl  p50=84,102    p75=115,270   p90=141,217   p99=197,923 (tokens)
                           osl  p50=232       p75=459       p90=678       p99=1,107 (tokens)
                           tot  in=5,294,672      out=20,671
                           trace theoretical_prefix_cache_hit=97.5%
                           srv  prefix_cache_hit=3.3% unique_in_srv=71,247,077 kv_usage=96.7% queue=37r/8w tput_in_srv=8,518/s tput_out_srv=82/s
2026-06-03 08:23:13.489 - records_manager - INFO - [realtime 13:59 profiling] rps=0.1 (avg 0.1) tput_in=6643/s tput_out=28/s done=66 ok=66 err=0
                           ttft p50=96777ms p75=132032ms p95=176059ms p99=198144ms
                           itl  p50=634ms  p75=825ms  p95=1029ms p99=1088ms
                           e2e  p50=263932ms p75=394153ms p95=676685ms p99=780384ms
                           intvty p50=2      p75=2      p95=3      p99=25 (1/tpot tok/s)
                           isl  p50=84,102    p75=112,906   p90=141,112   p99=197,616 (tokens)
                           osl  p50=242       p75=476       p90=696       p99=1,212 (tokens)
                           tot  in=5,441,825      out=22,588
                           trace theoretical_prefix_cache_hit=96.9%
                           srv  prefix_cache_hit=2.9% unique_in_srv=79,234,867 kv_usage=97.8% queue=36r/10w tput_in_srv=8,422/s tput_out_srv=82/s
2026-06-03 08:23:43.647 - records_manager - INFO - [realtime 14:29 profiling] rps=0.1 (avg 0.1) tput_in=6513/s tput_out=27/s done=68 ok=68 err=0
                           ttft p50=96930ms p75=130233ms p95=175887ms p99=197964ms
                           itl  p50=630ms  p75=820ms  p95=1029ms p99=1086ms
                           e2e  p50=263932ms p75=401043ms p95=673597ms p99=779388ms
                           intvty p50=2      p75=2      p95=3      p99=25 (1/tpot tok/s)
                           isl  p50=84,300    p75=115,270   p90=141,008   p99=197,310 (tokens)
                           osl  p50=242       p75=498       p90=725       p99=1,210 (tokens)
                           tot  in=5,650,838      out=23,508
                           trace theoretical_prefix_cache_hit=97.0%
                           srv  prefix_cache_hit=2.9% unique_in_srv=79,574,023 kv_usage=95.8% queue=35r/12w tput_in_srv=8,394/s tput_out_srv=81/s
2026-06-03 08:24:13.813 - records_manager - INFO - [realtime 14:59 profiling] rps=0.2 (avg 0.1) tput_in=6605/s tput_out=29/s done=73 ok=73 err=0
                           ttft p50=106177ms p75=133808ms p95=175456ms p99=197513ms
                           itl  p50=618ms  p75=805ms  p95=1028ms p99=1080ms
                           e2e  p50=269906ms p75=395177ms p95=665876ms p99=776897ms
                           intvty p50=2      p75=2      p95=5      p99=25 (1/tpot tok/s)
                           isl  p50=84,067    p75=105,812   p90=140,517   p99=196,544 (tokens)
                           osl  p50=250       p75=512       p90=746       p99=1,204 (tokens)
                           tot  in=5,919,326      out=25,592
                           trace theoretical_prefix_cache_hit=97.1%
                           srv  prefix_cache_hit=2.7% unique_in_srv=85,057,170 kv_usage=96.8% queue=35r/10w tput_in_srv=8,429/s tput_out_srv=81/s
2026-06-03 08:24:44.030 - records_manager - INFO - [realtime 15:30 profiling] rps=0.1 (avg 0.1) tput_in=6765/s tput_out=29/s done=75 ok=75 err=0
                           ttft p50=109859ms p75=135352ms p95=175284ms p99=197332ms
                           itl  p50=617ms  p75=797ms  p95=1027ms p99=1078ms
                           e2e  p50=274126ms p75=406909ms p95=662788ms p99=775900ms
                           intvty p50=2      p75=2      p95=4      p99=25 (1/tpot tok/s)
                           isl  p50=84,067    p75=110,541   p90=141,165   p99=196,237 (tokens)
                           osl  p50=259       p75=531       p90=738       p99=1,201 (tokens)
                           tot  in=6,124,873      out=26,616
                           trace theoretical_prefix_cache_hit=97.1%
                           srv  prefix_cache_hit=2.7% unique_in_srv=85,292,571 kv_usage=97.6% queue=36r/14w tput_in_srv=8,372/s tput_out_srv=80/s
2026-06-03 08:25:14.214 - records_manager - INFO - [realtime 16:00 profiling] rps=0.1 (avg 0.1) tput_in=6902/s tput_out=30/s done=79 ok=79 err=0
                           ttft p50=109859ms p75=134404ms p95=174940ms p99=196971ms
                           itl  p50=617ms  p75=783ms  p95=1026ms p99=1073ms
                           e2e  p50=274126ms p75=422266ms p95=684683ms p99=840126ms
                           intvty p50=2      p75=2      p95=4      p99=25 (1/tpot tok/s)
                           isl  p50=84,137    p75=113,520   p90=142,834   p99=196,331 (tokens)
                           osl  p50=259       p75=584       p90=831       p99=1,327 (tokens)
                           tot  in=6,601,517      out=29,117
                           trace theoretical_prefix_cache_hit=97.3%
                           srv  prefix_cache_hit=2.6% unique_in_srv=89,643,069 kv_usage=90.1% queue=34r/15w tput_in_srv=8,393/s tput_out_srv=80/s
2026-06-03 08:25:44.398 - records_manager - INFO - [realtime 16:30 profiling] rps=0.0 (avg 0.1) tput_in=6868/s tput_out=31/s done=80 ok=80 err=0
                           ttft p50=110028ms p75=134158ms p95=174854ms p99=196881ms
                           itl  p50=616ms  p75=780ms  p95=1026ms p99=1072ms
                           e2e  p50=279552ms p75=426852ms p95=690965ms p99=838883ms
                           intvty p50=2      p75=2      p95=4      p99=25 (1/tpot tok/s)
                           isl  p50=84,300    p75=112,645   p90=142,104   p99=196,187 (tokens)
                           osl  p50=266       p75=619       p90=881       p99=1,325 (tokens)
                           tot  in=6,691,192      out=30,289
                           trace theoretical_prefix_cache_hit=97.3%
                           srv  prefix_cache_hit=2.6% unique_in_srv=89,946,793 kv_usage=95.2% queue=36r/15w tput_in_srv=8,410/s tput_out_srv=79/s
2026-06-03 08:26:14.591 - records_manager - INFO - [realtime 17:00 profiling] rps=0.1 (avg 0.1) tput_in=6906/s tput_out=32/s done=83 ok=83 err=0
                           ttft p50=110873ms p75=134439ms p95=173777ms p99=196610ms
                           itl  p50=616ms  p75=773ms  p95=1025ms p99=1069ms
                           e2e  p50=285718ms p75=433500ms p95=723696ms p99=835152ms
                           intvty p50=2      p75=2      p95=3      p99=25 (1/tpot tok/s)
                           isl  p50=84,464    p75=115,270   p90=141,269   p99=195,755 (tokens)
                           osl  p50=274       p75=626       p90=893       p99=1,320 (tokens)
                           tot  in=7,003,727      out=32,384
                           trace theoretical_prefix_cache_hit=97.4%
                           srv  prefix_cache_hit=2.6% unique_in_srv=90,136,985 kv_usage=93.8% queue=36r/15w tput_in_srv=8,413/s tput_out_srv=79/s
2026-06-03 08:26:44.788 - records_manager - INFO - [realtime 17:30 profiling] rps=0.1 (avg 0.1) tput_in=6926/s tput_out=32/s done=85 ok=85 err=0
                           ttft p50=110873ms p75=133877ms p95=172787ms p99=196430ms
                           itl  p50=614ms  p75=768ms  p95=1024ms p99=1066ms
                           e2e  p50=284978ms p75=429735ms p95=719638ms p99=832665ms
                           intvty p50=2      p75=2      p95=3      p99=25 (1/tpot tok/s)
                           isl  p50=84,464    p75=115,270   p90=141,165   p99=195,466 (tokens)
                           osl  p50=273       p75=624       p90=890       p99=1,316 (tokens)
                           tot  in=7,160,112      out=32,595
                           trace theoretical_prefix_cache_hit=97.5%
                           srv  prefix_cache_hit=2.4% unique_in_srv=98,890,581 kv_usage=97.5% queue=39r/13w tput_in_srv=8,384/s tput_out_srv=79/s
2026-06-03 08:27:14.993 - records_manager - INFO - [realtime 18:01 profiling] rps=0.1 (avg 0.1) tput_in=6989/s tput_out=31/s done=89 ok=89 err=0
                           ttft p50=113151ms p75=133877ms p95=170807ms p99=196069ms
                           itl  p50=611ms  p75=766ms  p95=1022ms p99=1062ms
                           e2e  p50=274126ms p75=425891ms p95=711523ms p99=827691ms
                           intvty p50=2      p75=2      p95=3      p99=25 (1/tpot tok/s)
                           isl  p50=84,736    p75=115,270   p90=141,219   p99=194,890 (tokens)
                           osl  p50=259       p75=617       p90=883       p99=1,309 (tokens)
                           tot  in=7,550,495      out=33,322
                           trace theoretical_prefix_cache_hit=97.6%
                           srv  prefix_cache_hit=2.3% unique_in_srv=102,189,190 kv_usage=93.2% queue=38r/13w tput_in_srv=8,396/s tput_out_srv=79/s
2026-06-03 08:27:45.246 - records_manager - INFO - [realtime 18:31 profiling] rps=0.0 (avg 0.1) tput_in=7036/s tput_out=31/s done=90 ok=90 err=0
                           ttft p50=113293ms p75=133860ms p95=170312ms p99=195979ms
                           itl  p50=609ms  p75=762ms  p95=1022ms p99=1060ms
                           e2e  p50=272016ms p75=424078ms p95=709494ms p99=826447ms
                           intvty p50=2      p75=2      p95=3      p99=25 (1/tpot tok/s)
                           isl  p50=84,765    p75=115,270   p90=141,200   p99=194,746 (tokens)
                           osl  p50=254       p75=600       p90=881       p99=1,307 (tokens)
                           tot  in=7,646,928      out=33,532
                           trace theoretical_prefix_cache_hit=97.5%
                           srv  prefix_cache_hit=2.3% unique_in_srv=102,256,303 kv_usage=93.5% queue=38r/14w tput_in_srv=8,259/s tput_out_srv=78/s
2026-06-03 08:28:15.457 - records_manager - INFO - [realtime 19:01 profiling] rps=0.0 (avg 0.1) tput_in=6805/s tput_out=30/s done=91 ok=91 err=0
                           ttft p50=113436ms p75=134439ms p95=169817ms p99=195888ms
                           itl  p50=607ms  p75=757ms  p95=1021ms p99=1059ms
                           e2e  p50=274126ms p75=427813ms p95=707465ms p99=825204ms
                           intvty p50=2      p75=2      p95=3      p99=25 (1/tpot tok/s)
                           isl  p50=84,736    p75=115,270   p90=141,181   p99=194,601 (tokens)
                           osl  p50=259       p75=620       p90=879       p99=1,306 (tokens)
                           tot  in=7,695,562      out=34,200
                           trace theoretical_prefix_cache_hit=97.5%
                           srv  prefix_cache_hit=2.2% unique_in_srv=105,078,232 kv_usage=99.6% queue=39r/12w tput_in_srv=8,322/s tput_out_srv=78/s
2026-06-03 08:28:45.675 - records_manager - INFO - [realtime 19:31 profiling] rps=0.1 (avg 0.1) tput_in=6888/s tput_out=30/s done=95 ok=95 err=0
                           ttft p50=114863ms p75=135911ms p95=171049ms p99=195527ms
                           itl  p50=599ms  p75=745ms  p95=1019ms p99=1055ms
                           e2e  p50=269906ms p75=422266ms p95=699349ms p99=820230ms
                           intvty p50=2      p75=2      p95=3      p99=25 (1/tpot tok/s)
                           isl  p50=84,736    p75=113,520   p90=141,049   p99=194,025 (tokens)
                           osl  p50=257       p75=584       p90=855       p99=1,299 (tokens)
                           tot  in=7,980,711      out=34,944
                           trace theoretical_prefix_cache_hit=96.7%
                           srv  prefix_cache_hit=2.2% unique_in_srv=106,129,678 kv_usage=98.6% queue=38r/13w tput_in_srv=8,316/s tput_out_srv=78/s
2026-06-03 08:29:15.903 - records_manager - INFO - [realtime 20:01 profiling] rps=0.1 (avg 0.1) tput_in=6929/s tput_out=30/s done=99 ok=99 err=0
                           ttft p50=118149ms p75=136636ms p95=174940ms p99=195167ms
                           itl  p50=598ms  p75=739ms  p95=1018ms p99=1050ms
                           e2e  p50=266117ms p75=422266ms p95=691234ms p99=815255ms
                           intvty p50=2      p75=2      p95=3      p99=25 (1/tpot tok/s)
                           isl  p50=84,736    p75=115,270   p90=140,918   p99=193,448 (tokens)
                           osl  p50=257       p75=584       p90=831       p99=1,292 (tokens)
                           tot  in=8,309,458      out=36,167
                           trace theoretical_prefix_cache_hit=96.4%
                           srv  prefix_cache_hit=2.1% unique_in_srv=112,939,674 kv_usage=96.4% queue=37r/13w tput_in_srv=8,347/s tput_out_srv=78/s
2026-06-03 08:29:46.140 - records_manager - INFO - [realtime 20:32 profiling] rps=0.1 (avg 0.1) tput_in=7072/s tput_out=31/s done=103 ok=103 err=0
                           ttft p50=118149ms p75=137947ms p95=174420ms p99=194718ms
                           itl  p50=591ms  p75=732ms  p95=1016ms p99=1048ms
                           e2e  p50=274126ms p75=427813ms p95=686899ms p99=811801ms
                           intvty p50=2      p75=2      p95=3      p99=25 (1/tpot tok/s)
                           isl  p50=84,736    p75=115,270   p90=141,115   p99=194,111 (tokens)
                           osl  p50=273       p75=604       p90=808       p99=1,286 (tokens)
                           tot  in=8,647,633      out=38,258
                           trace theoretical_prefix_cache_hit=96.3%
                           srv  prefix_cache_hit=1.8% unique_in_srv=127,980,671 kv_usage=94.2% queue=36r/12w tput_in_srv=8,322/s tput_out_srv=80/s
2026-06-03 08:30:16.430 - records_manager - INFO - [realtime 21:02 profiling] rps=0.1 (avg 0.1) tput_in=6986/s tput_out=30/s done=105 ok=105 err=0
                           ttft p50=119543ms p75=140152ms p95=176145ms p99=194623ms
                           itl  p50=589ms  p75=728ms  p95=1016ms p99=1047ms
                           e2e  p50=269906ms p75=425891ms p95=686622ms p99=810833ms
                           intvty p50=2      p75=2      p95=3      p99=25 (1/tpot tok/s)
                           isl  p50=84,736    p75=115,270   p90=141,049   p99=194,091 (tokens)
                           osl  p50=259       p75=591       p90=797       p99=1,283 (tokens)
                           tot  in=8,813,012      out=38,401
                           trace theoretical_prefix_cache_hit=96.4%
                           srv  prefix_cache_hit=1.8% unique_in_srv=130,009,530 kv_usage=94.6% queue=36r/14w tput_in_srv=8,329/s tput_out_srv=79/s
2026-06-03 08:30:46.682 - records_manager - INFO - [realtime 21:32 profiling] rps=0.1 (avg 0.1) tput_in=7032/s tput_out=30/s done=108 ok=108 err=0
                           ttft p50=120107ms p75=142285ms p95=176662ms p99=194581ms
                           itl  p50=584ms  p75=721ms  p95=1016ms p99=1047ms
                           e2e  p50=264078ms p75=420453ms p95=686206ms p99=809382ms
                           intvty p50=2      p75=2      p95=3      p99=25 (1/tpot tok/s)
                           isl  p50=84,765    p75=115,270   p90=140,951   p99=194,062 (tokens)
                           osl  p50=254       p75=560       p90=780       p99=1,280 (tokens)
                           tot  in=9,055,249      out=38,753
                           trace theoretical_prefix_cache_hit=96.5%
                           srv  prefix_cache_hit=1.8% unique_in_srv=130,252,266 kv_usage=96.1% queue=36r/13w tput_in_srv=8,326/s tput_out_srv=78/s
2026-06-03 08:31:16.933 - records_manager - INFO - [realtime 22:02 profiling] rps=0.1 (avg 0.1) tput_in=7144/s tput_out=30/s done=110 ok=110 err=0
                           ttft p50=120932ms p75=142408ms p95=177037ms p99=194465ms
                           itl  p50=576ms  p75=719ms  p95=1016ms p99=1047ms
                           e2e  p50=268011ms p75=424078ms p95=685929ms p99=808414ms
                           intvty p50=2      p75=2      p95=3      p99=25 (1/tpot tok/s)
                           isl  p50=84,765    p75=115,270   p90=141,200   p99=206,365 (tokens)
                           osl  p50=254       p75=581       p90=819       p99=1,278 (tokens)
                           tot  in=9,339,854      out=39,808
                           trace theoretical_prefix_cache_hit=96.6%
                           srv  prefix_cache_hit=1.8% unique_in_srv=131,145,603 kv_usage=95.6% queue=38r/12w tput_in_srv=8,350/s tput_out_srv=78/s
2026-06-03 08:31:47.199 - records_manager - INFO - [realtime 22:33 profiling] rps=0.1 (avg 0.1) tput_in=7126/s tput_out=32/s done=113 ok=113 err=0
                           ttft p50=120671ms p75=142420ms p95=176960ms p99=194291ms
                           itl  p50=571ms  p75=719ms  p95=1016ms p99=1047ms
                           e2e  p50=274126ms p75=437264ms p95=716610ms p99=821707ms
                           intvty p50=2      p75=2      p95=3      p99=25 (1/tpot tok/s)
                           isl  p50=84,736    p75=115,270   p90=141,335   p99=205,962 (tokens)
                           osl  p50=259       p75=624       p90=867       p99=1,326 (tokens)
                           tot  in=9,559,305      out=43,035
                           trace theoretical_prefix_cache_hit=96.4%
                           srv  prefix_cache_hit=1.7% unique_in_srv=136,875,891 kv_usage=95.4% queue=36r/12w tput_in_srv=8,290/s tput_out_srv=78/s
2026-06-03 08:32:17.517 - records_manager - INFO - [realtime 23:03 profiling] rps=0.1 (avg 0.1) tput_in=7182/s tput_out=31/s done=117 ok=117 err=0
                           ttft p50=121379ms p75=144351ms p95=176857ms p99=194059ms
                           itl  p50=568ms  p75=719ms  p95=1016ms p99=1046ms
                           e2e  p50=266117ms p75=429735ms p95=712896ms p99=821301ms
                           intvty p50=2      p75=2      p95=3      p99=25 (1/tpot tok/s)
                           isl  p50=84,794    p75=115,270   p90=141,258   p99=205,424 (tokens)
                           osl  p50=250       p75=617       p90=843       p99=1,324 (tokens)
                           tot  in=9,912,391      out=43,326
                           trace theoretical_prefix_cache_hit=96.5%
                           srv  prefix_cache_hit=1.7% unique_in_srv=137,159,936 kv_usage=92.0% queue=34r/14w tput_in_srv=8,270/s tput_out_srv=77/s
2026-06-03 08:32:47.797 - records_manager - INFO - [realtime 23:33 profiling] rps=0.0 (avg 0.1) tput_in=7256/s tput_out=31/s done=118 ok=118 err=0
                           ttft p50=122104ms p75=146205ms p95=176831ms p99=194001ms
                           itl  p50=570ms  p75=715ms  p95=1016ms p99=1046ms
                           e2e  p50=268011ms p75=428774ms p95=711967ms p99=821199ms
                           intvty p50=2      p75=2      p95=3      p99=25 (1/tpot tok/s)
                           isl  p50=84,959    p75=115,418   p90=142,451   p99=205,289 (tokens)
                           osl  p50=250       p75=610       p90=837       p99=1,324 (tokens)
                           tot  in=10,057,356     out=43,533
                           trace theoretical_prefix_cache_hit=96.5%
                           srv  prefix_cache_hit=1.7% unique_in_srv=137,316,424 kv_usage=93.6% queue=37r/13w tput_in_srv=8,295/s tput_out_srv=77/s
2026-06-03 08:33:18.085 - records_manager - INFO - [realtime 24:04 profiling] rps=0.1 (avg 0.1) tput_in=7060/s tput_out=32/s done=120 ok=120 err=0
                           ttft p50=122859ms p75=147386ms p95=176780ms p99=193885ms
                           itl  p50=567ms  p75=707ms  p95=1016ms p99=1046ms
                           e2e  p50=268011ms p75=431617ms p95=729513ms p99=915425ms
                           intvty p50=2      p75=2      p95=4      p99=25 (1/tpot tok/s)
                           isl  p50=84,765    p75=115,320   p90=141,732   p99=205,020 (tokens)
                           osl  p50=250       p75=619       p90=881       p99=1,440 (tokens)
                           tot  in=10,190,199     out=45,871
                           trace theoretical_prefix_cache_hit=96.5%
                           srv  prefix_cache_hit=1.6% unique_in_srv=144,975,335 kv_usage=97.5% queue=39r/11w tput_in_srv=8,313/s tput_out_srv=78/s
2026-06-03 08:33:48.410 - records_manager - INFO - [realtime 24:34 profiling] rps=0.1 (avg 0.1) tput_in=7164/s tput_out=32/s done=123 ok=123 err=0
                           ttft p50=122926ms p75=148744ms p95=176728ms p99=193712ms
                           itl  p50=558ms  p75=700ms  p95=1016ms p99=1046ms
                           e2e  p50=269906ms p75=427813ms p95=725897ms p99=911999ms
                           intvty p50=2      p75=2      p95=4      p99=25 (1/tpot tok/s)
                           isl  p50=84,736    p75=115,270   p90=141,335   p99=204,617 (tokens)
                           osl  p50=250       p75=604       p90=867       p99=1,436 (tokens)
                           tot  in=10,421,803     out=46,655
                           trace theoretical_prefix_cache_hit=96.5%
                           srv  prefix_cache_hit=1.4% unique_in_srv=164,769,362 kv_usage=97.0% queue=37r/14w tput_in_srv=8,235/s tput_out_srv=79/s
2026-06-03 08:34:18.703 - records_manager - INFO - [realtime 25:04 profiling] rps=0.0 (avg 0.1) tput_in=6996/s tput_out=31/s done=124 ok=124 err=0
                           ttft p50=124097ms p75=148653ms p95=176714ms p99=193654ms
                           itl  p50=556ms  p75=698ms  p95=1016ms p99=1046ms
                           e2e  p50=268011ms p75=426852ms p95=724968ms p99=910857ms
                           intvty p50=2      p75=2      p95=4      p99=25 (1/tpot tok/s)
                           isl  p50=84,765    p75=115,270   p90=141,315   p99=204,483 (tokens)
                           osl  p50=250       p75=598       p90=861       p99=1,434 (tokens)
                           tot  in=10,507,199     out=46,843
                           trace theoretical_prefix_cache_hit=96.5%
                           srv  prefix_cache_hit=1.4% unique_in_srv=168,751,408 kv_usage=97.9% queue=37r/13w tput_in_srv=8,219/s tput_out_srv=78/s
2026-06-03 08:34:49.005 - records_manager - INFO - [realtime 25:35 profiling] rps=0.1 (avg 0.1) tput_in=7123/s tput_out=32/s done=126 ok=126 err=0
                           ttft p50=125690ms p75=148835ms p95=177140ms p99=193538ms
                           itl  p50=553ms  p75=693ms  p95=1016ms p99=1045ms
                           e2e  p50=270787ms p75=428774ms p95=723111ms p99=908574ms
                           intvty p50=2      p75=2      p95=4      p99=25 (1/tpot tok/s)
                           isl  p50=84,959    p75=115,418   p90=146,822   p99=204,311 (tokens)
                           osl  p50=254       p75=610       p90=888       p99=1,432 (tokens)
                           tot  in=10,860,989     out=48,136
                           trace theoretical_prefix_cache_hit=96.5%
                           srv  prefix_cache_hit=1.4% unique_in_srv=172,244,901 kv_usage=93.6% queue=36r/14w tput_in_srv=8,161/s tput_out_srv=78/s
2026-06-03 08:35:19.311 - records_manager - INFO - [realtime 26:05 profiling] rps=0.1 (avg 0.1) tput_in=7136/s tput_out=33/s done=128 ok=128 err=0
                           ttft p50=126509ms p75=148653ms p95=177089ms p99=193422ms
                           itl  p50=552ms  p75=686ms  p95=1016ms p99=1045ms
                           e2e  p50=272897ms p75=440137ms p95=726606ms p99=906290ms
                           intvty p50=2      p75=2      p95=4      p99=25 (1/tpot tok/s)
                           isl  p50=84,959    p75=115,550   p90=147,290   p99=204,050 (tokens)
                           osl  p50=258       p75=625       p90=930       p99=1,429 (tokens)
                           tot  in=11,054,161     out=50,353
                           trace theoretical_prefix_cache_hit=96.0%
                           srv  prefix_cache_hit=1.4% unique_in_srv=172,440,760 kv_usage=94.4% queue=36r/15w tput_in_srv=8,148/s tput_out_srv=78/s
2026-06-03 08:35:49.666 - records_manager - INFO - [realtime 26:35 profiling] rps=0.1 (avg 0.1) tput_in=7127/s tput_out=34/s done=131 ok=131 err=0
                           ttft p50=126906ms p75=148744ms p95=177012ms p99=193248ms
                           itl  p50=551ms  p75=675ms  p95=1015ms p99=1045ms
                           e2e  p50=274126ms p75=443010ms p95=745350ms p99=1250524ms
                           intvty p50=2      p75=2      p95=4      p99=25 (1/tpot tok/s)
                           isl  p50=84,794    p75=115,369   p90=146,695   p99=203,658 (tokens)
                           osl  p50=259       p75=626       p90=962       p99=1,989 (tokens)
                           tot  in=11,280,737     out=53,599
                           trace theoretical_prefix_cache_hit=96.1%
                           srv  prefix_cache_hit=1.4% unique_in_srv=172,733,883 kv_usage=95.2% queue=36r/14w tput_in_srv=8,160/s tput_out_srv=77/s
2026-06-03 08:36:20.002 - records_manager - INFO - [realtime 27:06 profiling] rps=0.1 (avg 0.1) tput_in=7204/s tput_out=36/s done=134 ok=134 err=0
                           ttft p50=126509ms p75=148835ms p95=178065ms p99=195553ms
                           itl  p50=553ms  p75=679ms  p95=1015ms p99=1045ms
                           e2e  p50=282182ms p75=449393ms p95=781321ms p99=1493419ms
                           intvty p50=2      p75=2      p95=4      p99=25 (1/tpot tok/s)
                           isl  p50=84,959    p75=115,712   p90=146,176   p99=203,267 (tokens)
                           osl  p50=264       p75=630       p90=1,068     p99=2,492 (tokens)
                           tot  in=11,576,024     out=57,844
                           trace theoretical_prefix_cache_hit=96.1%
                           srv  prefix_cache_hit=1.4% unique_in_srv=172,961,789 kv_usage=93.8% queue=37r/12w tput_in_srv=8,186/s tput_out_srv=76/s
2026-06-03 08:36:50.344 - records_manager - INFO - [realtime 27:36 profiling] rps=0.1 (avg 0.1) tput_in=7099/s tput_out=35/s done=136 ok=136 err=0
                           ttft p50=127118ms p75=150764ms p95=182663ms p99=201148ms
                           itl  p50=555ms  p75=698ms  p95=1015ms p99=1045ms
                           e2e  p50=277732ms p75=448969ms p95=776483ms p99=1490178ms
                           intvty p50=2      p75=2      p95=4      p99=25 (1/tpot tok/s)
                           isl  p50=84,765    p75=115,550   p90=145,830   p99=203,006 (tokens)
                           osl  p50=258       p75=629       p90=1,068     p99=2,484 (tokens)
                           tot  in=11,708,214     out=57,973
                           trace theoretical_prefix_cache_hit=95.9%
                           srv  prefix_cache_hit=1.4% unique_in_srv=173,224,357 kv_usage=97.5% queue=38r/11w tput_in_srv=8,186/s tput_out_srv=76/s
2026-06-03 08:37:20.735 - records_manager - INFO - [realtime 28:06 profiling] rps=0.1 (avg 0.1) tput_in=7161/s tput_out=36/s done=140 ok=140 err=0
                           ttft p50=127477ms p75=153660ms p95=188157ms p99=205380ms
                           itl  p50=555ms  p75=707ms  p95=1015ms p99=1044ms
                           e2e  p50=283726ms p75=450961ms p95=772169ms p99=1483695ms
                           intvty p50=2      p75=2      p95=4      p99=25 (1/tpot tok/s)
                           isl  p50=84,600    p75=115,550   p90=145,138   p99=202,484 (tokens)
                           osl  p50=258       p75=630       p90=1,069     p99=2,467 (tokens)
                           tot  in=11,960,811     out=60,417
                           trace theoretical_prefix_cache_hit=95.9%
                           srv  prefix_cache_hit=1.3% unique_in_srv=176,205,047 kv_usage=96.5% queue=36r/14w tput_in_srv=8,140/s tput_out_srv=76/s
2026-06-03 08:37:51.099 - records_manager - INFO - [realtime 28:37 profiling] rps=0.1 (avg 0.1) tput_in=7085/s tput_out=36/s done=142 ok=142 err=0
                           ttft p50=127657ms p75=153983ms p95=189138ms p99=205335ms
                           itl  p50=553ms  p75=702ms  p95=1014ms p99=1044ms
                           e2e  p50=283726ms p75=453675ms p95=810632ms p99=1480454ms
                           intvty p50=2      p75=2      p95=3      p99=25 (1/tpot tok/s)
                           isl  p50=84,300    p75=115,418   p90=144,606   p99=202,222 (tokens)
                           osl  p50=258       p75=631       p90=1,071     p99=2,459 (tokens)
                           tot  in=12,080,856     out=62,031
                           trace theoretical_prefix_cache_hit=95.9%
                           srv  prefix_cache_hit=1.3% unique_in_srv=189,091,319 kv_usage=97.5% queue=35r/15w tput_in_srv=8,119/s tput_out_srv=76/s
2026-06-03 08:38:21.470 - records_manager - INFO - [realtime 29:07 profiling] rps=0.1 (avg 0.1) tput_in=7049/s tput_out=36/s done=144 ok=144 err=0
                           ttft p50=128087ms p75=155862ms p95=193548ms p99=207908ms
                           itl  p50=555ms  p75=698ms  p95=1011ms p99=1044ms
                           e2e  p50=283726ms p75=450961ms p95=806358ms p99=1477213ms
                           intvty p50=2      p75=2      p95=3      p99=25 (1/tpot tok/s)
                           isl  p50=84,300    p75=115,320   p90=143,887   p99=201,961 (tokens)
                           osl  p50=257       p75=630       p90=1,070     p99=2,451 (tokens)
                           tot  in=12,262,590     out=62,471
                           trace theoretical_prefix_cache_hit=95.9%
                           srv  prefix_cache_hit=1.2% unique_in_srv=192,603,256 kv_usage=96.8% queue=34r/15w tput_in_srv=8,092/s tput_out_srv=76/s
2026-06-03 08:38:51.880 - records_manager - INFO - [realtime 29:37 profiling] rps=0.1 (avg 0.1) tput_in=7136/s tput_out=36/s done=146 ok=146 err=0
                           ttft p50=128747ms p75=157189ms p95=195621ms p99=215999ms
                           itl  p50=557ms  p75=693ms  p95=1009ms p99=1044ms
                           e2e  p50=283726ms p75=449393ms p95=802084ms p99=1473971ms
                           intvty p50=2      p75=2      p95=3      p99=25 (1/tpot tok/s)
                           isl  p50=84,600    p75=115,418   p90=145,830   p99=201,700 (tokens)
                           osl  p50=254       p75=630       p90=1,070     p99=2,442 (tokens)
                           tot  in=12,496,358     out=62,728
                           trace theoretical_prefix_cache_hit=96.0%
                           srv  prefix_cache_hit=1.2% unique_in_srv=192,829,068 kv_usage=96.2% queue=34r/16w tput_in_srv=8,048/s tput_out_srv=75/s
2026-06-03 08:39:13.955 - PhaseRunner - INFO - Timeout of 1799.999522961s elapsed for event 'profiling phase sending'
2026-06-03 08:39:13.956 - PhaseRunner - NOTICE - Phase profiling sending complete | sent=197, completed=149, in_flight=48 | timeout_triggered=True
2026-06-03 08:39:13.956 - PhaseRunner - INFO - Waiting for event 'profiling phase credits returned' with timeout of 29.99871067999993s
2026-06-03 08:39:13.956 - records_manager - INFO - Sent 197 requests. Waiting for all to complete...
2026-06-03 08:39:22.283 - records_manager - INFO - [realtime 30:08 profiling] rps=0.1 (avg 0.1) tput_in=7103/s tput_out=38/s done=149 ok=149 err=0
                           ttft p50=128486ms p75=157450ms p95=195494ms p99=215989ms
                           itl  p50=556ms  p75=682ms  p95=1005ms p99=1043ms
                           e2e  p50=284899ms p75=455032ms p95=860943ms p99=1576259ms
                           intvty p50=2      p75=2      p95=3      p99=25 (1/tpot tok/s)
                           isl  p50=84,464    p75=115,468   p90=146,977   p99=201,309 (tokens)
                           osl  p50=257       p75=631       p90=1,099     p99=2,667 (tokens)
                           tot  in=12,739,777     out=67,622
                           trace theoretical_prefix_cache_hit=96.0%
                           srv  prefix_cache_hit=1.1% unique_in_srv=208,392,773 kv_usage=94.7% queue=34r/14w tput_in_srv=8,041/s tput_out_srv=76/s
2026-06-03 08:39:43.955 - PhaseRunner - INFO - Timeout of 29.99871067999993s elapsed for event 'profiling phase credits returned'
2026-06-03 08:39:43.955 - PhaseRunner - WARNING - Phase profiling timed out, cancelling all credits. Stats: sent=197, completed=150, cancelled=0, in_flight=47
2026-06-03 08:39:43.956 - StickyCreditRouter_a488bcf5 - INFO - Sent cancellation requests for 47 in-flight credits across 30 workers
2026-06-03 08:39:43.956 - PhaseRunner - INFO - Waiting for all cancelled credits to be returned for phase profiling. Need 47 more credits.
2026-06-03 08:39:52.695 - records_manager - INFO - [realtime 30:38 profiling] rps=0.0 (avg 0.1) tput_in=7069/s tput_out=39/s done=150 ok=150 err=0
                           ttft p50=128087ms p75=157189ms p95=195452ms p99=215986ms
                           itl  p50=557ms  p75=679ms  p95=1004ms p99=1043ms
                           e2e  p50=284939ms p75=455324ms p95=903225ms p99=1697236ms
                           intvty p50=2      p75=2      p95=3      p99=25 (1/tpot tok/s)
                           isl  p50=84,600    p75=115,418   p90=146,836   p99=201,178 (tokens)
                           osl  p50=258       p75=655       p90=1,106     p99=2,910 (tokens)
                           tot  in=12,844,355     out=70,776
                           trace theoretical_prefix_cache_hit=96.1%
                           srv  prefix_cache_hit=1.1% unique_in_srv=210,952,591 kv_usage=0.0% queue=0r/0w tput_in_srv=8,022/s tput_out_srv=76/s
2026-06-03 08:39:53.956 - PhaseRunner - ERROR - Timeout waiting 10.0s for cancelled credits to return. Some credits may be stuck. Forcing phase completion.
2026-06-03 08:39:53.956 - PhaseRunner - NOTICE - Phase profiling complete | completed=150, cancelled=47, errors=0 | elapsed=1840.00s | grace_period_timeout=True
2026-06-03 08:39:53.957 - aiperf.timing.branch_orchestrator - INFO - BranchOrchestrator stats: spawned=6 completed=1 errored=0 suspended=2 resumed=0 parents_failed_due_to_child_error=0 joins_suppressed=1
2026-06-03 08:39:53.957 - aiperf.timing.branch_orchestrator - WARNING - BranchOrchestrator leaked state at cleanup: 1 active_joins, 0 future_joins, 1 tracked children, 1 parents with descendants
2026-06-03 08:39:53.957 - aiperf.timing.branch_orchestrator - WARNING - Abandoned pending join for parent 6306d271-a82a-417c-b27b-0bb2045dc9ca (outstanding=1, gated_turn_index=32, age_ms=1840000)
2026-06-03 08:39:53.957 - PhaseOrchestrator_9faaf1e0 - NOTICE - All credits completed
2026-06-03 08:39:53.957 - records_manager - INFO - Received CREDIT_PHASE_COMPLETE message, Phase complete: PhaseRecordsStats(phase=CreditPhase.PROFILING, start_ns=1780474153955004222, sent_end_ns=1780475953955880983, requests_end_ns=1780475993956516397, total_expected_requests=None, expected_duration_sec=None, expected_num_sessions=None, expected_grace_period_sec=None, final_requests_sent=None, final_requests_completed=150, final_requests_cancelled=47, final_request_errors=0, final_sent_sessions=None, final_completed_sessions=None, final_cancelled_sessions=None, timeout_triggered=True, grace_period_timeout_triggered=True, was_cancelled=False, records_end_ns=None, success_records=150, error_records=0)
2026-06-03 08:39:53.958 - records_manager - NOTICE - All requests have completed, please wait for the results to be processed (currently 150 of 150 records processed)...
2026-06-03 08:39:53.958 - records_manager - INFO - Processed 150 valid requests and 0 errors (150 total).
2026-06-03 08:39:53.958 - records_manager - INFO - Received all records, processing now...
2026-06-03 08:39:53.958 - system_controller - INFO - Received credits complete from 'timing_manager'
2026-06-03 08:39:53.958 - records_manager - INFO - All credits complete, please wait for the results to be processed...
2026-06-03 08:39:53.959 - server_metrics_manager - INFO - Server Metrics: Profiling complete, capturing final metrics...
2026-06-03 08:39:53.960 - records_manager - INFO - Waiting 2.0s for server metrics flush period...
2026-06-03 08:39:55.957 - records_manager - INFO - Processing records results...
2026-06-03 08:39:58.404 - RecordExportJSONLWriter_c0ebfa7a - WARNING - Timeout waiting for 0 pending flush tasks during shutdown. Cancelling tasks and proceeding with cleanup.
2026-06-03 08:39:58.535 - system_controller - INFO - Waiting for server metrics results...
2026-06-03 08:39:58.535 - system_controller - INFO - Waiting for server metrics results...
2026-06-03 08:39:59.557 - records_manager - INFO - _finalize_and_process_results completed
2026-06-03 08:39:59.897 - system_controller - INFO - All results received, initiating shutdown
2026-06-03 08:40:00.685 - ExporterManager - INFO - Exporting all records
2026-06-03 08:40:00.841 - aiperf.common.scenario.validator - INFO - Scenario 'inferencex-agentx-mvp': setting timing_mode=agentic_replay (was at default request_rate).
2026-06-03 08:40:01.770 - aiperf.common.scenario.validator - INFO - Scenario 'inferencex-agentx-mvp': setting timing_mode=agentic_replay (was at default request_rate).
2026-06-03 08:40:01.831 - ExporterManager - INFO - Exporting console data
