2026-06-02 22:28:24.473 - aiperf.cli_runner - INFO - Starting AIPerf System
2026-06-02 22:28:24.694 - system_controller - INFO - Registered Worker Manager (id: 'worker_manager')
2026-06-02 22:28:24.726 - system_controller - INFO - Registered Dataset Manager (id: 'dataset_manager')
2026-06-02 22:28:24.732 - server_metrics_manager - INFO - Server Metrics: Discovered 1 endpoints: ['http://localhost:8888/metrics']
2026-06-02 22:28:24.747 - system_controller - INFO - Registered Gpu Telemetry Manager (id: 'gpu_telemetry_manager')
2026-06-02 22:28:24.755 - system_controller - INFO - Registered Server Metrics Manager (id: 'server_metrics_manager')
2026-06-02 22:28:24.834 - system_controller - INFO - Registered Worker (id: 'worker_27f042f0')
2026-06-02 22:28:24.837 - system_controller - INFO - Registered Worker (id: 'worker_026aec64')
2026-06-02 22:28:24.837 - system_controller - INFO - Registered Worker (id: 'worker_27343e22')
2026-06-02 22:28:24.838 - system_controller - INFO - Registered Timing Manager (id: 'timing_manager')
2026-06-02 22:28:24.840 - system_controller - INFO - Registered Record Processor (id: 'record_processor_21755741')
2026-06-02 22:28:24.841 - system_controller - INFO - Registered Record Processor (id: 'record_processor_4912f171')
2026-06-02 22:28:24.844 - system_controller - INFO - Registered Worker (id: 'worker_fdaa28b2')
2026-06-02 22:28:24.845 - system_controller - INFO - Registered Worker (id: 'worker_4ce7daf0')
2026-06-02 22:28:24.846 - system_controller - INFO - Registered Worker (id: 'worker_78d9294f')
2026-06-02 22:28:24.920 - GPUTelemetryJSONLWriter_8487cd39 - INFO - GPU telemetry export enabled: /workspace/results/aiperf_artifacts/gpu_telemetry_export.jsonl
2026-06-02 22:28:24.923 - RecordExportJSONLWriter_2be47d24 - INFO - Record metrics export enabled: /workspace/results/aiperf_artifacts/profile_export.jsonl
2026-06-02 22:28:24.945 - system_controller - INFO - Registered Worker (id: 'worker_0d037406')
2026-06-02 22:28:24.945 - system_controller - INFO - Registered Worker (id: 'worker_ec86bf5a')
2026-06-02 22:28:24.955 - system_controller - INFO - Registered Records Manager (id: 'records_manager')
2026-06-02 22:28:25.181 - system_controller - INFO - AIPerf System is CONFIGURING
2026-06-02 22:28:25.181 - system_controller - INFO - Configuring all services to start profiling
2026-06-02 22:28:25.183 - InferenceResultParser_6a078ebd - INFO - Tokenization is disabled for this endpoint, skipping tokenizer configuration
2026-06-02 22:28:25.183 - timing_manager - INFO - Waiting for dataset to be configured before configuring timing
2026-06-02 22:28:25.183 - InferenceResultParser_ba4f1cc3 - INFO - Tokenization is disabled for this endpoint, skipping tokenizer configuration
2026-06-02 22:28:25.192 - system_controller - INFO - GPU telemetry disabled - no DCGM endpoints reachable
2026-06-02 22:28:25.195 - server_metrics_manager - INFO - Server Metrics: Capturing baseline metrics...
2026-06-02 22:28:25.212 - http://localhost:8888/metrics - INFO - Skipping unsupported summary metric: http_request_size_bytes
2026-06-02 22:28:25.212 - http://localhost:8888/metrics - INFO - Skipping unsupported summary metric: http_response_size_bytes
2026-06-02 22:28:25.213 - system_controller - INFO - Server metrics enabled - 1/1 endpoint(s) reachable.
2026-06-02 22:28:25.233 - dataset_manager - INFO - Memory-mapped dataset cache HIT (key=9ea77629aaffea823767a106cff84381); skipping tokenizer + composer.
2026-06-02 22:28:26.413 - aiperf.dataset.mmap_cache - INFO - Restored mmap cache file dataset.dat via copy in 1.180s (2.10 GiB)
2026-06-02 22:28:26.415 - aiperf.dataset.mmap_cache - INFO - Restored mmap cache file index.dat via copy in 0.002s (0.00 GiB)
2026-06-02 22:28:26.416 - aiperf.dataset.mmap_cache - INFO - Restored mmap cache files in 1.183s via dataset=copy index=copy (dataset=2.10 GiB, index=0.00 GiB)
2026-06-02 22:28:26.655 - dataset_manager - INFO - sampling strategy: sequential, unique conversations: 634, unique turn count: 62664
2026-06-02 22:28:26.852 - dataset_manager - INFO - Dataset client initialized and freed 0 conversations from memory
2026-06-02 22:28:26.975 - aiperf.timing.trajectory_source - INFO - TrajectorySource: built 8 trajectories from 225 traces
  range cfg=[0.25, 0.75]  observed sample pct: min= 27% median= 52% max= 69%
    lane=00  sample_time= 39%  root_next= 14/32  ( 44% turns)  live=1 ready=1  trace_id=00e7d11db2db59f44a87b4110175b11d1af3
    lane=01  sample_time= 55%  root_next= 20/37  ( 54% turns)  live=1 ready=1  trace_id=01fece675b92efe07620225cd69c3884f774
    lane=02  sample_time= 55%  root_next=311/594 ( 52% turns)  live=1 ready=1  trace_id=0275949f4db511444909fe92b12f7e921e4a
    lane=03  sample_time= 27%  root_next= 13/27  ( 48% turns)  live=1 ready=1  trace_id=03be8f1eb1e9e620f46bd07068d6ab1aaae3
    lane=04  sample_time= 40%  root_next= 69/151 ( 46% turns)  live=1 ready=1  trace_id=0475b786230f3f2e24220d28e247eaee2dae
    lane=05  sample_time= 50%  root_next= 99/187 ( 53% turns)  live=1 ready=1  trace_id=04b25fe5b2ffa5e7ec9890426cce59838a05
    lane=06  sample_time= 69%  root_next= 10/20  ( 50% turns)  live=1 ready=1  trace_id=06385769df23204ac35c53ad431cf42f7c02
    lane=07  sample_time= 63%  root_next= 65/121 ( 54% turns)  live=1 ready=1  trace_id=07fc71985fbafc8e1abb181b7d28b8349f45
2026-06-02 22:28:26.975 - PhaseOrchestrator_2bc2b299 - INFO - Initialized 2 phase(s): ['Warmup', 'Profiling']
2026-06-02 22:28:27.009 - system_controller - INFO - All services configured in 1.83 seconds
2026-06-02 22:28:27.010 - system_controller - INFO - AIPerf System is CONFIGURED
2026-06-02 22:28:27.010 - server_metrics_manager - INFO - Server Metrics: Started 1 collector(s) successfully
2026-06-02 22:28:27.031 - PhaseRunner - NOTICE - Phase warmup started | target: 8 requests
2026-06-02 22:28:27.031 - AgenticReplayTiming - INFO - WARMUP execute: dispatching 8 trajectory credits
2026-06-02 22:28:27.032 - PhaseRunner - NOTICE - Phase warmup sending complete | sent=8, completed=0, in_flight=8
2026-06-02 22:28:27.207 - records_manager - INFO - Credit phase start: warmup
2026-06-02 22:28:27.208 - system_controller - INFO - All services started profiling successfully
2026-06-02 22:28:27.209 - system_controller - INFO - AIPerf System is PROFILING
2026-06-02 22:29:38.099 - PhaseRunner - NOTICE - Phase warmup complete | completed=8, cancelled=0, errors=0 | elapsed=71.07s
2026-06-02 22:29:38.099 - aiperf.timing.branch_orchestrator - INFO - BranchOrchestrator stats: spawned=0 completed=0 errored=0 suspended=0 resumed=0 parents_failed_due_to_child_error=0 joins_suppressed=0
2026-06-02 22:29:38.109 - AgenticReplayTiming - INFO - PROFILING setup: trajectories=8 traces, recycle_queue=225 traces (full pool)
2026-06-02 22:29:38.109 - PhaseRunner - NOTICE - Phase profiling started | target: 1800.0s duration
2026-06-02 22:29:38.109 - PhaseRunner - INFO - Waiting for event 'profiling phase sending' with timeout of 1799.999498996s
2026-06-02 22:29:38.109 - records_manager - INFO - Credit phase start: profiling
2026-06-02 22:29:38.110 - AgenticReplayTiming - INFO - PROFILING execute: resuming 8 trajectory sessions
2026-06-02 22:29:44.923 - AgenticReplayTiming - INFO - Terminating trajectory 04b25fe5b2ffa5e7ec9890426cce59838a05 early at turn 99/186: context-overflow error from server
2026-06-02 22:30:24.987 - records_manager - INFO - [realtime 00:46 profiling] rps=0.3 (avg 0.3) tput_in=15141/s tput_out=72/s done=12 ok=12 err=0
                           ttft p50=1108ms p75=12062ms p95=14890ms p99=16727ms
                           itl  p50=8ms    p75=17ms   p95=36ms   p99=43ms
                           e2e  p50=8859ms p75=12141ms p95=20367ms p99=20883ms
                           intvty p50=120    p75=129    p95=137    p99=138 (1/tpot tok/s)
                           isl  p50=73,503    p75=86,516    p90=87,752    p99=88,279 (tokens)
                           osl  p50=199       p75=392       p90=481       p99=728 (tokens)
                           tot  in=653,074        out=3,090
                           trace theoretical_prefix_cache_hit=93.0%
                           srv  prefix_cache_hit=59.3% unique_in_srv=652,927 kv_usage=14.6% queue=4r/0w tput_in_srv=13,430/s tput_out_srv=79/s
2026-06-02 22:30:55.041 - records_manager - INFO - [realtime 01:16 profiling] rps=0.4 (avg 0.3) tput_in=20578/s tput_out=126/s done=25 ok=25 err=0
                           ttft p50=590ms  p75=3869ms p95=12560ms p99=16130ms
                           itl  p50=12ms   p75=14ms   p95=26ms   p99=40ms
                           e2e  p50=7795ms p75=12020ms p95=19320ms p99=20716ms
                           intvty p50=81     p75=119    p95=136    p99=137 (1/tpot tok/s)
                           isl  p50=70,674    p75=85,778    p90=88,162    p99=96,354 (tokens)
                           osl  p50=253       p75=616       p90=1,058     p99=1,156 (tokens)
                           tot  in=1,559,800      out=9,557
                           trace theoretical_prefix_cache_hit=91.1%
                           srv  prefix_cache_hit=70.7% unique_in_srv=719,264 kv_usage=15.1% queue=4r/0w tput_in_srv=16,414/s tput_out_srv=120/s
2026-06-02 22:31:25.103 - records_manager - INFO - [realtime 01:46 profiling] rps=0.3 (avg 0.3) tput_in=23613/s tput_out=183/s done=34 ok=34 err=0
                           ttft p50=625ms  p75=3147ms p95=12461ms p99=15717ms
                           itl  p50=11ms   p75=13ms   p95=23ms   p99=39ms
                           e2e  p50=6189ms p75=12414ms p95=21025ms p99=36254ms
                           intvty p50=89     p75=115    p95=135    p99=137 (1/tpot tok/s)
                           isl  p50=74,025    p75=87,618    p90=96,730    p99=174,501 (tokens)
                           osl  p50=270       p75=629       p90=1,158     p99=2,932 (tokens)
                           tot  in=2,413,856      out=18,747
                           trace theoretical_prefix_cache_hit=86.7%
                           srv  prefix_cache_hit=75.7% unique_in_srv=761,934 kv_usage=5.7% queue=2r/0w tput_in_srv=17,442/s tput_out_srv=137/s
2026-06-02 22:31:55.178 - records_manager - INFO - [realtime 02:17 profiling] rps=0.3 (avg 0.3) tput_in=23091/s tput_out=192/s done=43 ok=43 err=0
                           ttft p50=572ms  p75=2303ms p95=12341ms p99=15303ms
                           itl  p50=11ms   p75=13ms   p95=20ms   p99=37ms
                           e2e  p50=7001ms p75=12584ms p95=21043ms p99=34340ms
                           intvty p50=90     p75=113    p95=136    p99=149 (1/tpot tok/s)
                           isl  p50=74,072    p75=86,798    p90=97,537    p99=169,334 (tokens)
                           osl  p50=306       p75=726       p90=1,809     p99=2,817 (tokens)
                           tot  in=3,110,430      out=25,903
                           trace theoretical_prefix_cache_hit=89.1%
                           srv  prefix_cache_hit=80.6% unique_in_srv=779,462 kv_usage=12.6% queue=3r/0w tput_in_srv=19,103/s tput_out_srv=157/s
2026-06-02 22:32:25.273 - records_manager - INFO - [realtime 02:47 profiling] rps=0.4 (avg 0.3) tput_in=25425/s tput_out=221/s done=56 ok=56 err=0
                           ttft p50=573ms  p75=1317ms p95=11938ms p99=14706ms
                           itl  p50=12ms   p75=13ms   p95=18ms   p99=35ms
                           e2e  p50=6730ms p75=12152ms p95=21944ms p99=46792ms
                           intvty p50=87     p75=102    p95=135    p99=147 (1/tpot tok/s)
                           isl  p50=74,415    p75=87,692    p90=108,106   p99=195,765 (tokens)
                           osl  p50=317       p75=745       p90=1,871     p99=3,886 (tokens)
                           tot  in=4,218,965      out=36,617
                           trace theoretical_prefix_cache_hit=90.9%
                           srv  prefix_cache_hit=82.9% unique_in_srv=859,957 kv_usage=11.7% queue=4r/0w tput_in_srv=21,020/s tput_out_srv=178/s
2026-06-02 22:32:55.389 - records_manager - INFO - [realtime 03:17 profiling] rps=0.4 (avg 0.3) tput_in=26394/s tput_out=236/s done=68 ok=68 err=0
                           ttft p50=572ms  p75=1243ms p95=9840ms p99=14155ms
                           itl  p50=11ms   p75=13ms   p95=16ms   p99=33ms
                           e2e  p50=7271ms p75=12152ms p95=22848ms p99=45910ms
                           intvty p50=87     p75=102    p95=131    p99=145 (1/tpot tok/s)
                           isl  p50=79,286    p75=87,854    p90=104,852   p99=195,526 (tokens)
                           osl  p50=379       p75=817       p90=1,928     p99=3,744 (tokens)
                           tot  in=5,169,798      out=46,207
                           trace theoretical_prefix_cache_hit=91.3%
                           srv  prefix_cache_hit=85.2% unique_in_srv=900,261 kv_usage=12.9% queue=2r/0w tput_in_srv=22,518/s tput_out_srv=194/s
2026-06-02 22:33:25.508 - records_manager - INFO - [realtime 03:47 profiling] rps=0.2 (avg 0.3) tput_in=26025/s tput_out=231/s done=74 ok=74 err=0
                           ttft p50=575ms  p75=1228ms p95=7929ms p99=13879ms
                           itl  p50=11ms   p75=13ms   p95=16ms   p99=32ms
                           e2e  p50=7285ms p75=12414ms p95=22217ms p99=45469ms
                           intvty p50=90     p75=105    p95=135    p99=159 (1/tpot tok/s)
                           isl  p50=81,417    p75=88,338    p90=132,345   p99=197,718 (tokens)
                           osl  p50=446       p75=861       p90=1,975     p99=3,673 (tokens)
                           tot  in=5,830,380      out=51,836
                           trace theoretical_prefix_cache_hit=92.0%
                           srv  prefix_cache_hit=85.6% unique_in_srv=927,048 kv_usage=0.8% queue=1r/0w tput_in_srv=21,406/s tput_out_srv=189/s
2026-06-02 22:33:55.656 - records_manager - INFO - [realtime 04:17 profiling] rps=0.4 (avg 0.3) tput_in=25871/s tput_out=215/s done=85 ok=85 err=0
                           ttft p50=572ms  p75=1138ms p95=5300ms p99=13374ms
                           itl  p50=11ms   p75=12ms   p95=15ms   p99=30ms
                           e2e  p50=6175ms p75=11663ms p95=21362ms p99=44660ms
                           intvty p50=93     p75=113    p95=138    p99=158 (1/tpot tok/s)
                           isl  p50=83,572    p75=88,488    p90=126,266   p99=197,373 (tokens)
                           osl  p50=346       p75=804       p90=1,873     p99=3,543 (tokens)
                           tot  in=6,609,392      out=54,940
                           trace theoretical_prefix_cache_hit=92.6%
                           srv  prefix_cache_hit=87.0% unique_in_srv=966,775 kv_usage=10.1% queue=3r/0w tput_in_srv=22,556/s tput_out_srv=186/s
2026-06-02 22:34:25.814 - records_manager - INFO - [realtime 04:47 profiling] rps=0.2 (avg 0.3) tput_in=24937/s tput_out=211/s done=92 ok=92 err=0
                           ttft p50=569ms  p75=1016ms p95=5116ms p99=13052ms
                           itl  p50=11ms   p75=13ms   p95=15ms   p99=28ms
                           e2e  p50=6160ms p75=11732ms p95=22427ms p99=44146ms
                           intvty p50=92     p75=111    p95=138    p99=158 (1/tpot tok/s)
                           isl  p50=81,417    p75=88,526    p90=114,614   p99=197,153 (tokens)
                           osl  p50=345       p75=817       p90=1,880     p99=3,460 (tokens)
                           tot  in=7,069,454      out=59,744
                           trace theoretical_prefix_cache_hit=92.7%
                           srv  prefix_cache_hit=87.6% unique_in_srv=1,009,881 kv_usage=19.1% queue=5r/0w tput_in_srv=22,578/s tput_out_srv=199/s
2026-06-02 22:34:32.495 - AgenticReplayTiming - INFO - Terminating trajectory 01fece675b92efe07620225cd69c3884f774 early at turn 28/36: context-overflow error from server
2026-06-02 22:34:56.003 - records_manager - INFO - [realtime 05:17 profiling] rps=0.6 (avg 0.3) tput_in=25674/s tput_out=234/s done=109 ok=109 err=0
                           ttft p50=569ms  p75=878ms  p95=4836ms p99=12580ms
                           itl  p50=11ms   p75=13ms   p95=15ms   p99=26ms
                           e2e  p50=6147ms p75=11345ms p95=29594ms p99=50321ms
                           intvty p50=92     p75=111    p95=138    p99=156 (1/tpot tok/s)
                           isl  p50=80,127    p75=89,035    p90=113,718   p99=199,791 (tokens)
                           osl  p50=345       p75=792       p90=2,013     p99=4,453 (tokens)
                           tot  in=8,081,152      out=73,527
                           trace theoretical_prefix_cache_hit=92.7%
                           srv  prefix_cache_hit=88.1% unique_in_srv=1,058,345 kv_usage=9.5% queue=4r/0w tput_in_srv=22,800/s tput_out_srv=207/s
2026-06-02 22:35:26.222 - records_manager - INFO - [realtime 05:48 profiling] rps=0.4 (avg 0.3) tput_in=25111/s tput_out=234/s done=121 ok=121 err=0
                           ttft p50=567ms  p75=818ms  p95=4806ms p99=12553ms
                           itl  p50=10ms   p75=12ms   p95=15ms   p99=26ms
                           e2e  p50=5760ms p75=11035ms p95=30271ms p99=49439ms
                           intvty p50=95     p75=109    p95=137    p99=154 (1/tpot tok/s)
                           isl  p50=74,415    p75=89,035    p90=113,185   p99=199,414 (tokens)
                           osl  p50=317       p75=792       p90=2,006     p99=4,315 (tokens)
                           tot  in=8,706,350      out=81,106
                           trace theoretical_prefix_cache_hit=92.9%
                           srv  prefix_cache_hit=88.7% unique_in_srv=1,091,217 kv_usage=14.2% queue=4r/0w tput_in_srv=22,867/s tput_out_srv=214/s
2026-06-02 22:35:56.471 - records_manager - INFO - [realtime 06:18 profiling] rps=0.6 (avg 0.4) tput_in=27622/s tput_out=241/s done=140 ok=140 err=0
                           ttft p50=571ms  p75=840ms  p95=3927ms p99=12511ms
                           itl  p50=11ms   p75=13ms   p95=15ms   p99=27ms
                           e2e  p50=4061ms p75=10580ms p95=30965ms p99=48042ms
                           intvty p50=94     p75=108    p95=136    p99=151 (1/tpot tok/s)
                           isl  p50=79,706    p75=90,365    p90=115,322   p99=202,000 (tokens)
                           osl  p50=281       p75=754       p90=2,009     p99=4,446 (tokens)
                           tot  in=10,403,194     out=90,854
                           trace theoretical_prefix_cache_hit=92.8%
                           srv  prefix_cache_hit=89.2% unique_in_srv=1,203,749 kv_usage=5.0% queue=2r/0w tput_in_srv=24,616/s tput_out_srv=216/s
2026-06-02 22:36:26.730 - records_manager - INFO - [realtime 06:48 profiling] rps=0.3 (avg 0.4) tput_in=27593/s tput_out=240/s done=148 ok=148 err=0
                           ttft p50=569ms  p75=829ms  p95=3715ms p99=12494ms
                           itl  p50=10ms   p75=12ms   p95=15ms   p99=27ms
                           e2e  p50=3879ms p75=10580ms p95=30463ms p99=47454ms
                           intvty p50=95     p75=110    p95=139    p99=150 (1/tpot tok/s)
                           isl  p50=74,468    p75=90,279    p90=114,030   p99=201,743 (tokens)
                           osl  p50=270       p75=754       p90=1,940     p99=4,430 (tokens)
                           tot  in=10,922,327     out=95,181
                           trace theoretical_prefix_cache_hit=93.0%
                           srv  prefix_cache_hit=89.6% unique_in_srv=1,219,194 kv_usage=7.2% queue=2r/0w tput_in_srv=24,285/s tput_out_srv=210/s
2026-06-02 22:36:57.008 - records_manager - INFO - [realtime 07:18 profiling] rps=0.3 (avg 0.4) tput_in=27091/s tput_out=233/s done=157 ok=157 err=0
                           ttft p50=570ms  p75=828ms  p95=3611ms p99=12474ms
                           itl  p50=10ms   p75=12ms   p95=15ms   p99=26ms
                           e2e  p50=3878ms p75=10537ms p95=30173ms p99=46792ms
                           intvty p50=97     p75=112    p95=138    p99=148 (1/tpot tok/s)
                           isl  p50=77,666    p75=91,334    p90=117,170   p99=209,695 (tokens)
                           osl  p50=270       p75=773       p90=1,951     p99=4,411 (tokens)
                           tot  in=11,852,102     out=101,891
                           trace theoretical_prefix_cache_hit=93.4%
                           srv  prefix_cache_hit=89.6% unique_in_srv=1,340,764 kv_usage=26.3% queue=6r/0w tput_in_srv=25,220/s tput_out_srv=211/s
2026-06-02 22:37:27.389 - records_manager - INFO - [realtime 07:49 profiling] rps=0.4 (avg 0.4) tput_in=27476/s tput_out=238/s done=168 ok=168 err=0
                           ttft p50=576ms  p75=867ms  p95=4421ms p99=12450ms
                           itl  p50=10ms   p75=12ms   p95=15ms   p99=26ms
                           e2e  p50=3951ms p75=11226ms p95=29658ms p99=45984ms
                           intvty p50=96     p75=110    p95=138    p99=147 (1/tpot tok/s)
                           isl  p50=82,222    p75=91,990    p90=117,137   p99=208,139 (tokens)
                           osl  p50=281       p75=824       p90=1,940     p99=4,387 (tokens)
                           tot  in=12,849,369     out=111,168
                           trace theoretical_prefix_cache_hit=92.9%
                           srv  prefix_cache_hit=90.0% unique_in_srv=1,365,890 kv_usage=7.5% queue=2r/0w tput_in_srv=25,135/s tput_out_srv=219/s
2026-06-02 22:37:57.723 - records_manager - INFO - [realtime 08:19 profiling] rps=0.3 (avg 0.4) tput_in=27658/s tput_out=240/s done=177 ok=177 err=0
                           ttft p50=577ms  p75=837ms  p95=4032ms p99=12430ms
                           itl  p50=10ms   p75=12ms   p95=15ms   p99=26ms
                           e2e  p50=3881ms p75=11182ms p95=29571ms p99=45322ms
                           intvty p50=100    p75=113    p95=138    p99=159 (1/tpot tok/s)
                           isl  p50=84,116    p75=92,448    p90=117,170   p99=206,865 (tokens)
                           osl  p50=279       p75=839       p90=1,951     p99=4,369 (tokens)
                           tot  in=13,532,526     out=117,410
                           trace theoretical_prefix_cache_hit=92.9%
                           srv  prefix_cache_hit=90.0% unique_in_srv=1,469,110 kv_usage=19.9% queue=5r/0w tput_in_srv=25,565/s tput_out_srv=215/s
2026-06-02 22:38:28.075 - records_manager - INFO - [realtime 08:49 profiling] rps=0.4 (avg 0.4) tput_in=27769/s tput_out=239/s done=188 ok=188 err=0
                           ttft p50=578ms  p75=867ms  p95=4759ms p99=12405ms
                           itl  p50=10ms   p75=13ms   p95=16ms   p99=26ms
                           e2e  p50=3951ms p75=11800ms p95=30463ms p99=44513ms
                           intvty p50=96     p75=112    p95=138    p99=158 (1/tpot tok/s)
                           isl  p50=85,547    p75=93,237    p90=117,137   p99=205,309 (tokens)
                           osl  p50=288       p75=856       p90=1,940     p99=4,346 (tokens)
                           tot  in=14,602,024     out=125,619
                           trace theoretical_prefix_cache_hit=92.9%
                           srv  prefix_cache_hit=90.5% unique_in_srv=1,474,925 kv_usage=11.9% queue=2r/0w tput_in_srv=25,702/s tput_out_srv=221/s
2026-06-02 22:38:58.471 - records_manager - INFO - [realtime 09:20 profiling] rps=0.4 (avg 0.4) tput_in=28182/s tput_out=240/s done=199 ok=199 err=0
                           ttft p50=588ms  p75=843ms  p95=4669ms p99=12381ms
                           itl  p50=10ms   p75=13ms   p95=16ms   p99=26ms
                           e2e  p50=4155ms p75=11595ms p95=30857ms p99=43850ms
                           intvty p50=97     p75=112    p95=138    p99=158 (1/tpot tok/s)
                           isl  p50=87,039    p75=93,916    p90=117,104   p99=217,335 (tokens)
                           osl  p50=298       p75=890       p90=1,928     p99=4,322 (tokens)
                           tot  in=15,739,193     out=134,310
                           trace theoretical_prefix_cache_hit=93.3%
                           srv  prefix_cache_hit=90.9% unique_in_srv=1,486,988 kv_usage=0.0% queue=0r/0w tput_in_srv=25,778/s tput_out_srv=220/s
2026-06-02 22:39:28.848 - records_manager - INFO - [realtime 09:50 profiling] rps=0.2 (avg 0.3) tput_in=27789/s tput_out=233/s done=206 ok=206 err=0
                           ttft p50=588ms  p75=833ms  p95=4507ms p99=12354ms
                           itl  p50=10ms   p75=13ms   p95=17ms   p99=26ms
                           e2e  p50=4222ms p75=11576ms p95=30527ms p99=43558ms
                           intvty p50=96     p75=112    p95=138    p99=157 (1/tpot tok/s)
                           isl  p50=87,280    p75=94,080    p90=116,266   p99=216,911 (tokens)
                           osl  p50=298       p75=848       p90=1,876     p99=4,291 (tokens)
                           tot  in=16,329,746     out=136,922
                           trace theoretical_prefix_cache_hit=93.5%
                           srv  prefix_cache_hit=91.1% unique_in_srv=1,562,603 kv_usage=25.7% queue=4r/0w tput_in_srv=26,504/s tput_out_srv=219/s
2026-06-02 22:39:59.281 - records_manager - INFO - [realtime 10:21 profiling] rps=0.2 (avg 0.3) tput_in=27574/s tput_out=232/s done=213 ok=213 err=0
                           ttft p50=590ms  p75=828ms  p95=4719ms p99=12310ms
                           itl  p50=11ms   p75=13ms   p95=17ms   p99=26ms
                           e2e  p50=4362ms p75=11879ms p95=31206ms p99=44012ms
                           intvty p50=94     p75=111    p95=138    p99=156 (1/tpot tok/s)
                           isl  p50=87,618    p75=94,478    p90=116,974   p99=217,335 (tokens)
                           osl  p50=307       p75=919       p90=1,880     p99=4,237 (tokens)
                           tot  in=17,079,611     out=143,938
                           trace theoretical_prefix_cache_hit=93.4%
                           srv  prefix_cache_hit=91.3% unique_in_srv=1,579,611 kv_usage=23.0% queue=5r/0w tput_in_srv=26,315/s tput_out_srv=226/s
2026-06-02 22:40:29.717 - records_manager - INFO - [realtime 10:51 profiling] rps=0.3 (avg 0.3) tput_in=27876/s tput_out=235/s done=222 ok=222 err=0
                           ttft p50=597ms  p75=829ms  p95=4645ms p99=12254ms
                           itl  p50=11ms   p75=13ms   p95=16ms   p99=26ms
                           e2e  p50=4325ms p75=11901ms p95=31843ms p99=49489ms
                           intvty p50=95     p75=112    p95=137    p99=154 (1/tpot tok/s)
                           isl  p50=87,854    p75=95,090    p90=117,007   p99=217,335 (tokens)
                           osl  p50=308       p75=957       p90=2,001     p99=4,190 (tokens)
                           tot  in=18,076,736     out=152,198
                           trace theoretical_prefix_cache_hit=93.7%
                           srv  prefix_cache_hit=91.7% unique_in_srv=1,588,024 kv_usage=16.8% queue=3r/0w tput_in_srv=26,040/s tput_out_srv=226/s
2026-06-02 22:41:00.227 - records_manager - INFO - [realtime 11:22 profiling] rps=0.2 (avg 0.3) tput_in=27869/s tput_out=242/s done=229 ok=229 err=0
                           ttft p50=602ms  p75=829ms  p95=4378ms p99=12211ms
                           itl  p50=11ms   p75=13ms   p95=16ms   p99=25ms
                           e2e  p50=4476ms p75=12417ms p95=32566ms p99=52074ms
                           intvty p50=94     p75=111    p95=137    p99=153 (1/tpot tok/s)
                           isl  p50=88,118    p75=95,455    p90=115,558   p99=217,335 (tokens)
                           osl  p50=317       p75=998       p90=2,009     p99=4,469 (tokens)
                           tot  in=18,756,220     out=162,883
                           trace theoretical_prefix_cache_hit=93.7%
                           srv  prefix_cache_hit=91.9% unique_in_srv=1,617,968 kv_usage=24.6% queue=4r/0w tput_in_srv=26,472/s tput_out_srv=228/s
2026-06-02 22:41:30.683 - records_manager - INFO - [realtime 11:52 profiling] rps=0.3 (avg 0.3) tput_in=27698/s tput_out=240/s done=237 ok=237 err=0
                           ttft p50=606ms  p75=829ms  p95=4032ms p99=12161ms
                           itl  p50=11ms   p75=13ms   p95=17ms   p99=25ms
                           e2e  p50=4798ms p75=12530ms p95=33105ms p99=51932ms
                           intvty p50=92     p75=110    p95=136    p99=152 (1/tpot tok/s)
                           isl  p50=88,432    p75=95,582    p90=116,030   p99=221,690 (tokens)
                           osl  p50=323       p75=998       p90=2,014     p99=4,453 (tokens)
                           tot  in=19,653,125     out=170,041
                           trace theoretical_prefix_cache_hit=93.7%
                           srv  prefix_cache_hit=92.1% unique_in_srv=1,635,124 kv_usage=20.4% queue=4r/0w tput_in_srv=26,445/s tput_out_srv=233/s
2026-06-02 22:42:01.206 - records_manager - INFO - [realtime 12:23 profiling] rps=0.2 (avg 0.3) tput_in=27803/s tput_out=242/s done=243 ok=243 err=0
                           ttft p50=607ms  p75=826ms  p95=3773ms p99=12124ms
                           itl  p50=11ms   p75=13ms   p95=17ms   p99=25ms
                           e2e  p50=4798ms p75=12640ms p95=33584ms p99=51825ms
                           intvty p50=91     p75=110    p95=136    p99=151 (1/tpot tok/s)
                           isl  p50=88,604    p75=95,793    p90=115,711   p99=221,294 (tokens)
                           osl  p50=323       p75=1,000     p90=2,033     p99=4,440 (tokens)
                           tot  in=20,256,875     out=176,335
                           trace theoretical_prefix_cache_hit=93.8%
                           srv  prefix_cache_hit=92.4% unique_in_srv=1,642,698 kv_usage=26.8% queue=6r/0w tput_in_srv=26,393/s tput_out_srv=236/s
2026-06-02 22:42:31.730 - records_manager - INFO - [realtime 12:53 profiling] rps=0.3 (avg 0.3) tput_in=27529/s tput_out=252/s done=252 ok=252 err=0
                           ttft p50=609ms  p75=828ms  p95=3676ms p99=12068ms
                           itl  p50=11ms   p75=13ms   p95=17ms   p99=24ms
                           e2e  p50=5570ms p75=13327ms p95=33658ms p99=56125ms
                           intvty p50=91     p75=110    p95=136    p99=149 (1/tpot tok/s)
                           isl  p50=88,997    p75=96,234    p90=115,837   p99=226,385 (tokens)
                           osl  p50=347       p75=1,015     p90=2,038     p99=4,540 (tokens)
                           tot  in=21,195,516     out=194,336
                           trace theoretical_prefix_cache_hit=93.9%
                           srv  prefix_cache_hit=92.5% unique_in_srv=1,646,161 kv_usage=3.7% queue=1r/0w tput_in_srv=25,849/s tput_out_srv=236/s
2026-06-02 22:43:02.295 - records_manager - INFO - [realtime 13:24 profiling] rps=0.2 (avg 0.3) tput_in=27324/s tput_out=249/s done=259 ok=259 err=0
                           ttft p50=612ms  p75=825ms  p95=3601ms p99=12025ms
                           itl  p50=11ms   p75=13ms   p95=16ms   p99=24ms
                           e2e  p50=5381ms p75=12817ms p95=33611ms p99=55633ms
                           intvty p50=92     p75=111    p95=135    p99=148 (1/tpot tok/s)
                           isl  p50=89,035    p75=96,461    p90=116,216   p99=226,049 (tokens)
                           osl  p50=348       p75=1,013     p90=2,046     p99=4,538 (tokens)
                           tot  in=21,851,032     out=198,823
                           trace theoretical_prefix_cache_hit=93.8%
                           srv  prefix_cache_hit=92.8% unique_in_srv=1,655,045 kv_usage=17.1% queue=4r/0w tput_in_srv=26,093/s tput_out_srv=236/s
2026-06-02 22:43:32.871 - records_manager - INFO - [realtime 13:54 profiling] rps=0.3 (avg 0.3) tput_in=27476/s tput_out=245/s done=267 ok=267 err=0
                           ttft p50=621ms  p75=826ms  p95=3554ms p99=11975ms
                           itl  p50=11ms   p75=13ms   p95=17ms   p99=24ms
                           e2e  p50=5311ms p75=12817ms p95=33447ms p99=55069ms
                           intvty p50=91     p75=110    p95=135    p99=147 (1/tpot tok/s)
                           isl  p50=89,693    p75=96,946    p90=116,978   p99=225,664 (tokens)
                           osl  p50=345       p75=1,013     p90=2,035     p99=4,536 (tokens)
                           tot  in=22,687,787     out=202,651
                           trace theoretical_prefix_cache_hit=93.5%
                           srv  prefix_cache_hit=92.9% unique_in_srv=1,706,778 kv_usage=25.4% queue=5r/0w tput_in_srv=26,372/s tput_out_srv=240/s
2026-06-02 22:44:03.443 - records_manager - INFO - [realtime 14:25 profiling] rps=0.2 (avg 0.3) tput_in=27387/s tput_out=247/s done=274 ok=274 err=0
                           ttft p50=623ms  p75=829ms  p95=3549ms p99=11932ms
                           itl  p50=11ms   p75=14ms   p95=17ms   p99=23ms
                           e2e  p50=5570ms p75=13514ms p95=34372ms p99=54576ms
                           intvty p50=90     p75=109    p95=135    p99=146 (1/tpot tok/s)
                           isl  p50=90,152    p75=97,696    p90=116,996   p99=225,328 (tokens)
                           osl  p50=347       p75=1,017     p90=2,058     p99=4,533 (tokens)
                           tot  in=23,440,338     out=211,225
                           trace theoretical_prefix_cache_hit=93.6%
                           srv  prefix_cache_hit=93.0% unique_in_srv=1,709,348 kv_usage=22.6% queue=4r/0w tput_in_srv=26,233/s tput_out_srv=243/s
2026-06-02 22:44:34.080 - records_manager - INFO - [realtime 14:55 profiling] rps=0.3 (avg 0.3) tput_in=27548/s tput_out=258/s done=282 ok=282 err=0
                           ttft p50=625ms  p75=832ms  p95=3542ms p99=11882ms
                           itl  p50=11ms   p75=14ms   p95=16ms   p99=23ms
                           e2e  p50=6128ms p75=13598ms p95=35488ms p99=70964ms
                           intvty p50=89     p75=109    p95=135    p99=144 (1/tpot tok/s)
                           isl  p50=90,840    p75=98,740    p90=118,002   p99=229,077 (tokens)
                           osl  p50=373       p75=1,043     p90=2,081     p99=5,655 (tokens)
                           tot  in=24,476,623     out=229,507
                           trace theoretical_prefix_cache_hit=93.8%
                           srv  prefix_cache_hit=93.2% unique_in_srv=1,716,059 kv_usage=8.9% queue=2r/0w tput_in_srv=26,111/s tput_out_srv=245/s
2026-06-02 22:45:04.688 - records_manager - INFO - [realtime 15:26 profiling] rps=0.4 (avg 0.3) tput_in=27784/s tput_out=259/s done=293 ok=293 err=0
                           ttft p50=630ms  p75=831ms  p95=3427ms p99=11814ms
                           itl  p50=11ms   p75=14ms   p95=16ms   p99=23ms
                           e2e  p50=6109ms p75=13531ms p95=35812ms p99=69984ms
                           intvty p50=91     p75=109    p95=135    p99=143 (1/tpot tok/s)
                           isl  p50=91,722    p75=101,134   p90=118,781   p99=228,900 (tokens)
                           osl  p50=376       p75=1,028     p90=2,077     p99=5,531 (tokens)
                           tot  in=25,685,362     out=239,057
                           trace theoretical_prefix_cache_hit=94.1%
                           srv  prefix_cache_hit=93.4% unique_in_srv=1,722,661 kv_usage=0.0% queue=0r/0w tput_in_srv=26,287/s tput_out_srv=244/s
2026-06-02 22:45:35.369 - records_manager - INFO - [realtime 15:57 profiling] rps=0.2 (avg 0.3) tput_in=27630/s tput_out=253/s done=299 ok=299 err=0
                           ttft p50=632ms  p75=831ms  p95=3358ms p99=11777ms
                           itl  p50=11ms   p75=13ms   p95=16ms   p99=22ms
                           e2e  p50=6109ms p75=12817ms p95=35596ms p99=69449ms
                           intvty p50=91     p75=110    p95=134    p99=142 (1/tpot tok/s)
                           isl  p50=91,990    p75=105,707   p90=119,598   p99=228,804 (tokens)
                           osl  p50=379       p75=1,016     p90=2,067     p99=5,464 (tokens)
                           tot  in=26,386,979     out=241,481
                           trace theoretical_prefix_cache_hit=94.2%
                           srv  prefix_cache_hit=93.7% unique_in_srv=1,735,920 kv_usage=19.2% queue=3r/0w tput_in_srv=26,674/s tput_out_srv=243/s
2026-06-02 22:46:06.053 - records_manager - INFO - [realtime 16:27 profiling] rps=0.1 (avg 0.3) tput_in=27365/s tput_out=247/s done=303 ok=303 err=0
                           ttft p50=637ms  p75=840ms  p95=3312ms p99=11752ms
                           itl  p50=11ms   p75=13ms   p95=16ms   p99=22ms
                           e2e  p50=5760ms p75=12726ms p95=35452ms p99=69093ms
                           intvty p50=91     p75=110    p95=134    p99=141 (1/tpot tok/s)
                           isl  p50=92,283    p75=106,672   p90=120,500   p99=228,740 (tokens)
                           osl  p50=376       p75=1,013     p90=2,061     p99=5,419 (tokens)
                           tot  in=26,845,203     out=242,590
                           trace theoretical_prefix_cache_hit=94.3%
                           srv  prefix_cache_hit=93.4% unique_in_srv=1,854,155 kv_usage=23.0% queue=5r/0w tput_in_srv=26,421/s tput_out_srv=244/s
2026-06-02 22:46:36.757 - records_manager - INFO - [realtime 16:58 profiling] rps=0.2 (avg 0.3) tput_in=27192/s tput_out=254/s done=310 ok=310 err=0
                           ttft p50=639ms  p75=842ms  p95=3254ms p99=11307ms
                           itl  p50=11ms   p75=14ms   p95=16ms   p99=22ms
                           e2e  p50=6128ms p75=13598ms p95=37598ms p99=77210ms
                           intvty p50=91     p75=109    p95=134    p99=141 (1/tpot tok/s)
                           isl  p50=92,448    p75=107,352   p90=122,174   p99=230,231 (tokens)
                           osl  p50=392       p75=1,043     p90=2,088     p99=6,464 (tokens)
                           tot  in=27,598,814     out=257,566
                           trace theoretical_prefix_cache_hit=94.3%
                           srv  prefix_cache_hit=93.5% unique_in_srv=1,861,761 kv_usage=20.8% queue=4r/0w tput_in_srv=26,321/s tput_out_srv=245/s
2026-06-02 22:47:07.464 - records_manager - INFO - [realtime 17:29 profiling] rps=0.2 (avg 0.3) tput_in=27554/s tput_out=254/s done=316 ok=316 err=0
                           ttft p50=639ms  p75=842ms  p95=3205ms p99=10926ms
                           itl  p50=11ms   p75=13ms   p95=16ms   p99=22ms
                           e2e  p50=5934ms p75=13549ms p95=36940ms p99=76687ms
                           intvty p50=90     p75=109    p95=134    p99=141 (1/tpot tok/s)
                           isl  p50=92,741    p75=108,998   p90=124,742   p99=230,962 (tokens)
                           osl  p50=378       p75=1,032     p90=2,072     p99=6,397 (tokens)
                           tot  in=28,324,716     out=261,003
                           trace theoretical_prefix_cache_hit=94.4%
                           srv  prefix_cache_hit=93.2% unique_in_srv=2,022,399 kv_usage=36.5% queue=7r/0w tput_in_srv=26,280/s tput_out_srv=244/s
2026-06-02 22:47:38.232 - records_manager - INFO - [realtime 18:00 profiling] rps=0.2 (avg 0.3) tput_in=27021/s tput_out=246/s done=322 ok=322 err=0
                           ttft p50=647ms  p75=863ms  p95=3542ms p99=10824ms
                           itl  p50=11ms   p75=14ms   p95=16ms   p99=22ms
                           e2e  p50=6153ms p75=13696ms p95=36281ms p99=76163ms
                           intvty p50=90     p75=109    p95=133    p99=141 (1/tpot tok/s)
                           isl  p50=93,112    p75=111,030   p90=128,404   p99=230,920 (tokens)
                           osl  p50=392       p75=1,024     p90=2,063     p99=6,329 (tokens)
                           tot  in=29,059,060     out=264,805
                           trace theoretical_prefix_cache_hit=94.5%
                           srv  prefix_cache_hit=93.3% unique_in_srv=2,023,577 kv_usage=17.6% queue=3r/0w tput_in_srv=26,106/s tput_out_srv=246/s
2026-06-02 22:48:09.004 - records_manager - INFO - [realtime 18:30 profiling] rps=0.4 (avg 0.3) tput_in=27246/s tput_out=254/s done=334 ok=334 err=0
                           ttft p50=653ms  p75=870ms  p95=3549ms p99=10239ms
                           itl  p50=11ms   p75=14ms   p95=16ms   p99=25ms
                           e2e  p50=6128ms p75=13883ms p95=38404ms p99=77945ms
                           intvty p50=89     p75=109    p95=132    p99=141 (1/tpot tok/s)
                           isl  p50=93,376    p75=111,030   p90=129,374   p99=230,834 (tokens)
                           osl  p50=378       p75=1,024     p90=2,075     p99=6,830 (tokens)
                           tot  in=30,217,788     out=281,554
                           trace theoretical_prefix_cache_hit=94.6%
                           srv  prefix_cache_hit=93.3% unique_in_srv=2,068,397 kv_usage=9.9% queue=2r/0w tput_in_srv=26,232/s tput_out_srv=246/s
2026-06-02 22:48:39.802 - records_manager - INFO - [realtime 19:01 profiling] rps=0.2 (avg 0.3) tput_in=27133/s tput_out=251/s done=340 ok=340 err=0
                           ttft p50=654ms  p75=874ms  p95=3544ms p99=9946ms
                           itl  p50=11ms   p75=14ms   p95=16ms   p99=25ms
                           e2e  p50=6153ms p75=13697ms p95=38379ms p99=77935ms
                           intvty p50=89     p75=109    p95=132    p99=141 (1/tpot tok/s)
                           isl  p50=93,442    p75=111,226   p90=130,996   p99=230,792 (tokens)
                           osl  p50=392       p75=1,016     p90=2,066     p99=6,805 (tokens)
                           tot  in=30,799,402     out=285,268
                           trace theoretical_prefix_cache_hit=94.6%
                           srv  prefix_cache_hit=93.4% unique_in_srv=2,114,896 kv_usage=21.2% queue=3r/0w tput_in_srv=26,300/s tput_out_srv=246/s
2026-06-02 22:49:10.633 - records_manager - INFO - [realtime 19:32 profiling] rps=0.3 (avg 0.3) tput_in=27105/s tput_out=256/s done=350 ok=350 err=0
                           ttft p50=654ms  p75=876ms  p95=3461ms p99=9458ms
                           itl  p50=11ms   p75=14ms   p95=16ms   p99=24ms
                           e2e  p50=6153ms p75=13846ms p95=38421ms p99=90414ms
                           intvty p50=90     p75=109    p95=131    p99=141 (1/tpot tok/s)
                           isl  p50=93,376    p75=111,403   p90=131,666   p99=233,805 (tokens)
                           osl  p50=416       p75=1,017     p90=2,066     p99=7,676 (tokens)
                           tot  in=31,728,362     out=299,281
                           trace theoretical_prefix_cache_hit=94.7%
                           srv  prefix_cache_hit=93.4% unique_in_srv=2,140,518 kv_usage=5.1% queue=1r/0w tput_in_srv=26,057/s tput_out_srv=246/s
2026-06-02 22:49:41.514 - records_manager - INFO - [realtime 20:03 profiling] rps=0.3 (avg 0.3) tput_in=27408/s tput_out=258/s done=359 ok=359 err=0
                           ttft p50=655ms  p75=882ms  p95=3358ms p99=9018ms
                           itl  p50=11ms   p75=13ms   p95=16ms   p99=24ms
                           e2e  p50=6164ms p75=13695ms p95=39003ms p99=88306ms
                           intvty p50=90     p75=108    p95=130    p99=141 (1/tpot tok/s)
                           isl  p50=93,458    p75=112,284   p90=132,758   p99=237,882 (tokens)
                           osl  p50=436       p75=1,015     p90=2,067     p99=7,554 (tokens)
                           tot  in=32,799,420     out=308,727
                           trace theoretical_prefix_cache_hit=94.8%
                           srv  prefix_cache_hit=93.6% unique_in_srv=2,161,180 kv_usage=10.9% queue=2r/0w tput_in_srv=26,394/s tput_out_srv=246/s
2026-06-02 22:50:12.389 - records_manager - INFO - [realtime 20:34 profiling] rps=0.2 (avg 0.3) tput_in=27293/s tput_out=255/s done=365 ok=365 err=0
                           ttft p50=659ms  p75=902ms  p95=3295ms p99=8725ms
                           itl  p50=11ms   p75=13ms   p95=16ms   p99=24ms
                           e2e  p50=6189ms p75=13631ms p95=38441ms p99=86901ms
                           intvty p50=90     p75=109    p95=130    p99=141 (1/tpot tok/s)
                           isl  p50=93,702    p75=112,464   p90=134,121   p99=237,658 (tokens)
                           osl  p50=446       p75=1,014     p90=2,056     p99=7,473 (tokens)
                           tot  in=33,508,178     out=313,411
                           trace theoretical_prefix_cache_hit=94.8%
                           srv  prefix_cache_hit=93.7% unique_in_srv=2,175,765 kv_usage=8.9% queue=2r/0w tput_in_srv=26,266/s tput_out_srv=246/s
2026-06-02 22:50:38.769 - AgenticReplayTiming - INFO - Terminating trajectory 07fc71985fbafc8e1abb181b7d28b8349f45 early at turn 80/120: context-overflow error from server
2026-06-02 22:50:43.300 - records_manager - INFO - [realtime 21:05 profiling] rps=0.3 (avg 0.3) tput_in=27408/s tput_out=253/s done=375 ok=375 err=0
                           ttft p50=664ms  p75=911ms  p95=3221ms p99=8286ms
                           itl  p50=11ms   p75=13ms   p95=16ms   p99=26ms
                           e2e  p50=6177ms p75=13598ms p95=38404ms p99=84793ms
                           intvty p50=90     p75=108    p95=128    p99=141 (1/tpot tok/s)
                           isl  p50=93,942    p75=112,464   p90=135,714   p99=240,488 (tokens)
                           osl  p50=441       p75=1,015     p90=2,059     p99=7,351 (tokens)
                           tot  in=34,603,247     out=319,234
                           trace theoretical_prefix_cache_hit=94.9%
                           srv  prefix_cache_hit=93.7% unique_in_srv=2,247,212 kv_usage=16.4% queue=4r/0w tput_in_srv=26,629/s tput_out_srv=247/s
2026-06-02 22:51:14.269 - records_manager - INFO - [realtime 21:36 profiling] rps=0.4 (avg 0.3) tput_in=27623/s tput_out=251/s done=386 ok=386 err=0
                           ttft p50=669ms  p75=914ms  p95=3144ms p99=7749ms
                           itl  p50=11ms   p75=13ms   p95=16ms   p99=26ms
                           e2e  p50=6160ms p75=13157ms p95=38147ms p99=82217ms
                           intvty p50=91     p75=108    p95=127    p99=141 (1/tpot tok/s)
                           isl  p50=94,415    p75=112,464   p90=136,008   p99=240,290 (tokens)
                           osl  p50=427       p75=1,010     p90=2,056     p99=7,202 (tokens)
                           tot  in=35,742,097     out=324,931
                           trace theoretical_prefix_cache_hit=94.8%
                           srv  prefix_cache_hit=93.8% unique_in_srv=2,267,839 kv_usage=18.6% queue=4r/0w tput_in_srv=26,819/s tput_out_srv=250/s
2026-06-02 22:51:45.309 - records_manager - INFO - [realtime 22:07 profiling] rps=0.2 (avg 0.3) tput_in=27496/s tput_out=255/s done=393 ok=393 err=0
                           ttft p50=670ms  p75=914ms  p95=3132ms p99=7407ms
                           itl  p50=11ms   p75=13ms   p95=16ms   p99=26ms
                           e2e  p50=6162ms p75=12794ms p95=38412ms p99=101744ms
                           intvty p50=90     p75=108    p95=127    p99=141 (1/tpot tok/s)
                           isl  p50=94,001    p75=112,464   p90=136,113   p99=240,164 (tokens)
                           osl  p50=432       p75=1,006     p90=2,063     p99=8,359 (tokens)
                           tot  in=36,346,514     out=336,562
                           trace theoretical_prefix_cache_hit=94.9%
                           srv  prefix_cache_hit=93.9% unique_in_srv=2,305,606 kv_usage=27.5% queue=5r/0w tput_in_srv=26,900/s tput_out_srv=252/s
2026-06-02 22:52:16.335 - records_manager - INFO - [realtime 22:38 profiling] rps=0.2 (avg 0.3) tput_in=27367/s tput_out=260/s done=398 ok=398 err=0
                           ttft p50=671ms  p75=919ms  p95=3124ms p99=7163ms
                           itl  p50=11ms   p75=13ms   p95=16ms   p99=26ms
                           e2e  p50=6189ms p75=13157ms p95=41544ms p99=103067ms
                           intvty p50=90     p75=108    p95=126    p99=141 (1/tpot tok/s)
                           isl  p50=94,415    p75=112,464   p90=137,640   p99=240,074 (tokens)
                           osl  p50=446       p75=1,010     p90=2,099     p99=8,452 (tokens)
                           tot  in=37,081,783     out=351,857
                           trace theoretical_prefix_cache_hit=94.9%
                           srv  prefix_cache_hit=93.9% unique_in_srv=2,313,617 kv_usage=13.0% queue=3r/0w tput_in_srv=26,566/s tput_out_srv=255/s
2026-06-02 22:52:47.465 - records_manager - INFO - [realtime 23:09 profiling] rps=0.2 (avg 0.3) tput_in=27440/s tput_out=262/s done=403 ok=403 err=0
                           ttft p50=671ms  p75=919ms  p95=3116ms p99=6919ms
                           itl  p50=11ms   p75=13ms   p95=16ms   p99=26ms
                           e2e  p50=6177ms p75=13514ms p95=42345ms p99=102999ms
                           intvty p50=90     p75=108    p95=126    p99=141 (1/tpot tok/s)
                           isl  p50=94,434    p75=112,464   p90=138,081   p99=239,984 (tokens)
                           osl  p50=441       p75=1,014     p90=2,119     p99=8,436 (tokens)
                           tot  in=37,621,279     out=359,021
                           trace theoretical_prefix_cache_hit=95.0%
                           srv  prefix_cache_hit=94.0% unique_in_srv=2,324,374 kv_usage=13.2% queue=4r/0w tput_in_srv=26,302/s tput_out_srv=256/s
2026-06-02 22:53:18.512 - records_manager - INFO - [realtime 23:40 profiling] rps=0.5 (avg 0.3) tput_in=27207/s tput_out=265/s done=419 ok=419 err=0
                           ttft p50=670ms  p75=916ms  p95=2938ms p99=6650ms
                           itl  p50=11ms   p75=13ms   p95=16ms   p99=26ms
                           e2e  p50=6128ms p75=12987ms p95=42513ms p99=102750ms
                           intvty p50=90     p75=108    p95=126    p99=141 (1/tpot tok/s)
                           isl  p50=93,942    p75=112,464   p90=137,530   p99=239,408 (tokens)
                           osl  p50=406       p75=1,008     p90=2,140     p99=8,415 (tokens)
                           tot  in=38,542,595     out=375,382
                           trace theoretical_prefix_cache_hit=94.9%
                           srv  prefix_cache_hit=94.0% unique_in_srv=2,396,873 kv_usage=21.1% queue=4r/0w tput_in_srv=26,581/s tput_out_srv=257/s
2026-06-02 22:53:49.635 - records_manager - INFO - [realtime 24:11 profiling] rps=0.7 (avg 0.3) tput_in=27671/s tput_out=267/s done=440 ok=440 err=0
                           ttft p50=666ms  p75=919ms  p95=2624ms p99=6341ms
                           itl  p50=11ms   p75=13ms   p95=16ms   p99=25ms
                           e2e  p50=5381ms p75=12640ms p95=41435ms p99=102422ms
                           intvty p50=90     p75=107    p95=126    p99=141 (1/tpot tok/s)
                           isl  p50=93,643    p75=112,464   p90=138,411   p99=238,626 (tokens)
                           osl  p50=370       p75=1,005     p90=2,182     p99=8,389 (tokens)
                           tot  in=40,063,044     out=386,164
                           trace theoretical_prefix_cache_hit=94.9%
                           srv  prefix_cache_hit=94.0% unique_in_srv=2,450,883 kv_usage=13.9% queue=3r/0w tput_in_srv=26,914/s tput_out_srv=259/s
2026-06-02 22:54:20.850 - records_manager - INFO - [realtime 24:42 profiling] rps=0.6 (avg 0.3) tput_in=28073/s tput_out=265/s done=460 ok=460 err=0
                           ttft p50=662ms  p75=915ms  p95=2553ms p99=6046ms
                           itl  p50=11ms   p75=13ms   p95=16ms   p99=24ms
                           e2e  p50=4774ms p75=12409ms p95=40800ms p99=102109ms
                           intvty p50=89     p75=107    p95=125    p99=141 (1/tpot tok/s)
                           isl  p50=93,308    p75=111,257   p90=138,411   p99=237,882 (tokens)
                           osl  p50=319       p75=999       p90=2,135     p99=8,365 (tokens)
                           tot  in=41,532,879     out=391,723
                           trace theoretical_prefix_cache_hit=95.0%
                           srv  prefix_cache_hit=94.2% unique_in_srv=2,487,092 kv_usage=16.5% queue=4r/0w tput_in_srv=27,365/s tput_out_srv=260/s
2026-06-02 22:54:52.173 - records_manager - INFO - [realtime 25:14 profiling] rps=0.8 (avg 0.3) tput_in=29032/s tput_out=269/s done=486 ok=486 err=0
                           ttft p50=657ms  p75=914ms  p95=2490ms p99=5664ms
                           itl  p50=11ms   p75=13ms   p95=16ms   p99=23ms
                           e2e  p50=4010ms p75=12115ms p95=41166ms p99=101703ms
                           intvty p50=90     p75=107    p95=125    p99=141 (1/tpot tok/s)
                           isl  p50=92,970    p75=111,064   p90=141,290   p99=236,914 (tokens)
                           osl  p50=298       p75=980       p90=2,107     p99=8,333 (tokens)
                           tot  in=43,842,372     out=406,684
                           trace theoretical_prefix_cache_hit=95.2%
                           srv  prefix_cache_hit=94.3% unique_in_srv=2,539,405 kv_usage=7.7% queue=3r/0w tput_in_srv=28,138/s tput_out_srv=260/s
2026-06-02 22:55:23.444 - records_manager - INFO - [realtime 25:45 profiling] rps=0.5 (avg 0.3) tput_in=29445/s tput_out=267/s done=503 ok=503 err=0
                           ttft p50=656ms  p75=914ms  p95=2483ms p99=5414ms
                           itl  p50=11ms   p75=13ms   p95=16ms   p99=22ms
                           e2e  p50=3951ms p75=11901ms p95=40722ms p99=101437ms
                           intvty p50=89     p75=106    p95=125    p99=141 (1/tpot tok/s)
                           isl  p50=92,856    p75=109,419   p90=141,547   p99=236,281 (tokens)
                           osl  p50=282       p75=972       p90=2,063     p99=8,312 (tokens)
                           tot  in=45,432,233     out=412,409
                           trace theoretical_prefix_cache_hit=95.3%
                           srv  prefix_cache_hit=94.5% unique_in_srv=2,563,565 kv_usage=13.2% queue=3r/0w tput_in_srv=28,606/s tput_out_srv=261/s
2026-06-02 22:55:54.697 - records_manager - INFO - [realtime 26:16 profiling] rps=0.3 (avg 0.3) tput_in=29597/s tput_out=269/s done=512 ok=512 err=0
                           ttft p50=659ms  p75=919ms  p95=2441ms p99=5397ms
                           itl  p50=11ms   p75=13ms   p95=16ms   p99=22ms
                           e2e  p50=4001ms p75=11937ms p95=41197ms p99=99703ms
                           intvty p50=89     p75=106    p95=125    p99=141 (1/tpot tok/s)
                           isl  p50=93,308    p75=109,907   p90=142,431   p99=235,829 (tokens)
                           osl  p50=283       p75=972       p90=2,084     p99=8,236 (tokens)
                           tot  in=46,535,092     out=422,850
                           trace theoretical_prefix_cache_hit=95.4%
                           srv  prefix_cache_hit=94.6% unique_in_srv=2,573,896 kv_usage=14.0% queue=4r/0w tput_in_srv=28,799/s tput_out_srv=263/s
2026-06-02 22:56:25.980 - records_manager - INFO - [realtime 26:47 profiling] rps=0.3 (avg 0.3) tput_in=29735/s tput_out=271/s done=522 ok=522 err=0
                           ttft p50=659ms  p75=919ms  p95=2389ms p99=5396ms
                           itl  p50=11ms   p75=13ms   p95=16ms   p99=22ms
                           e2e  p50=4234ms p75=11988ms p95=41251ms p99=97555ms
                           intvty p50=89     p75=106    p95=125    p99=141 (1/tpot tok/s)
                           isl  p50=93,427    p75=109,582   p90=143,023   p99=235,310 (tokens)
                           osl  p50=299       p75=970       p90=2,125     p99=8,143 (tokens)
                           tot  in=47,615,193     out=433,252
                           trace theoretical_prefix_cache_hit=95.5%
                           srv  prefix_cache_hit=94.7% unique_in_srv=2,596,480 kv_usage=18.6% queue=4r/0w tput_in_srv=28,982/s tput_out_srv=264/s
2026-06-02 22:56:57.310 - records_manager - INFO - [realtime 27:19 profiling] rps=0.4 (avg 0.3) tput_in=29935/s tput_out=272/s done=533 ok=533 err=0
                           ttft p50=662ms  p75=919ms  p95=2350ms p99=5393ms
                           itl  p50=11ms   p75=13ms   p95=16ms   p99=22ms
                           e2e  p50=4325ms p75=12013ms p95=41195ms p99=95193ms
                           intvty p50=89     p75=105    p95=125    p99=141 (1/tpot tok/s)
                           isl  p50=93,809    p75=108,998   p90=145,431   p99=234,739 (tokens)
                           osl  p50=308       p75=971       p90=2,171     p99=8,040 (tokens)
                           tot  in=48,820,469     out=443,638
                           trace theoretical_prefix_cache_hit=95.5%
                           srv  prefix_cache_hit=94.8% unique_in_srv=2,606,424 kv_usage=14.3% queue=4r/0w tput_in_srv=29,090/s tput_out_srv=264/s
2026-06-02 22:57:28.687 - records_manager - INFO - [realtime 27:50 profiling] rps=0.4 (avg 0.3) tput_in=30204/s tput_out=272/s done=546 ok=546 err=0
                           ttft p50=666ms  p75=919ms  p95=2309ms p99=5391ms
                           itl  p50=11ms   p75=13ms   p95=16ms   p99=22ms
                           e2e  p50=4288ms p75=11913ms p95=41158ms p99=92400ms
                           intvty p50=89     p75=105    p95=124    p99=141 (1/tpot tok/s)
                           isl  p50=94,262    p75=108,740   p90=146,277   p99=234,065 (tokens)
                           osl  p50=308       p75=966       p90=2,156     p99=7,919 (tokens)
                           tot  in=50,283,452     out=452,278
                           trace theoretical_prefix_cache_hit=95.6%
                           srv  prefix_cache_hit=94.9% unique_in_srv=2,618,302 kv_usage=12.2% queue=3r/0w tput_in_srv=29,375/s tput_out_srv=265/s
2026-06-02 22:58:00.173 - records_manager - INFO - [realtime 28:22 profiling] rps=0.3 (avg 0.3) tput_in=30371/s tput_out=272/s done=557 ok=557 err=0
                           ttft p50=666ms  p75=919ms  p95=2277ms p99=5389ms
                           itl  p50=11ms   p75=13ms   p95=16ms   p99=22ms
                           e2e  p50=4365ms p75=11925ms p95=41184ms p99=90038ms
                           intvty p50=89     p75=105    p95=124    p99=141 (1/tpot tok/s)
                           isl  p50=94,502    p75=109,040   p90=146,991   p99=233,494 (tokens)
                           osl  p50=314       p75=967       p90=2,151     p99=7,816 (tokens)
                           tot  in=51,579,329     out=462,652
                           trace theoretical_prefix_cache_hit=95.7%
                           srv  prefix_cache_hit=95.0% unique_in_srv=2,632,450 kv_usage=18.2% queue=4r/0w tput_in_srv=29,676/s tput_out_srv=266/s
2026-06-02 22:58:31.567 - records_manager - INFO - [realtime 28:53 profiling] rps=0.2 (avg 0.3) tput_in=30461/s tput_out=274/s done=563 ok=563 err=0
                           ttft p50=670ms  p75=927ms  p95=2260ms p99=5388ms
                           itl  p50=11ms   p75=13ms   p95=16ms   p99=22ms
                           e2e  p50=4473ms p75=12213ms p95=41235ms p99=88749ms
                           intvty p50=89     p75=105    p95=124    p99=141 (1/tpot tok/s)
                           isl  p50=94,621    p75=110,179   p90=147,017   p99=233,182 (tokens)
                           osl  p50=318       p75=975       p90=2,208     p99=7,760 (tokens)
                           tot  in=52,435,343     out=472,369
                           trace theoretical_prefix_cache_hit=95.8%
                           srv  prefix_cache_hit=95.0% unique_in_srv=2,638,293 kv_usage=10.9% queue=2r/0w tput_in_srv=29,524/s tput_out_srv=267/s
2026-06-02 22:59:03.045 - records_manager - INFO - [realtime 29:24 profiling] rps=0.2 (avg 0.3) tput_in=30220/s tput_out=272/s done=570 ok=570 err=0
                           ttft p50=671ms  p75=922ms  p95=2218ms p99=5386ms
                           itl  p50=11ms   p75=13ms   p95=16ms   p99=22ms
                           e2e  p50=4469ms p75=12115ms p95=41444ms p99=87246ms
                           intvty p50=89     p75=105    p95=124    p99=141 (1/tpot tok/s)
                           isl  p50=94,776    p75=109,806   p90=147,017   p99=232,819 (tokens)
                           osl  p50=317       p75=973       p90=2,215     p99=7,695 (tokens)
                           tot  in=53,194,154     out=478,222
                           trace theoretical_prefix_cache_hit=95.8%
                           srv  prefix_cache_hit=95.1% unique_in_srv=2,646,901 kv_usage=6.8% queue=1r/0w tput_in_srv=29,374/s tput_out_srv=265/s
2026-06-02 22:59:34.984 - records_manager - INFO - [realtime 29:56 profiling] rps=0.3 (avg 0.3) tput_in=30399/s tput_out=272/s done=580 ok=580 err=0
                           ttft p50=672ms  p75=935ms  p95=2154ms p99=5384ms
                           itl  p50=11ms   p75=13ms   p95=16ms   p99=22ms
                           e2e  p50=4642ms p75=12039ms p95=41283ms p99=85098ms
                           intvty p50=89     p75=105    p95=124    p99=141 (1/tpot tok/s)
                           isl  p50=95,098    p75=110,996   p90=147,976   p99=232,300 (tokens)
                           osl  p50=325       p75=974       p90=2,215     p99=7,601 (tokens)
                           tot  in=54,507,371     out=488,364
                           trace theoretical_prefix_cache_hit=95.9%
                           srv  prefix_cache_hit=95.2% unique_in_srv=2,660,461 kv_usage=8.3% queue=2r/0w tput_in_srv=29,606/s tput_out_srv=265/s
2026-06-02 22:59:38.109 - PhaseRunner - INFO - Timeout of 1799.999498996s elapsed for event 'profiling phase sending'
2026-06-02 22:59:38.109 - PhaseRunner - NOTICE - Phase profiling sending complete | sent=582, completed=580, in_flight=2 | sessions: sent=8, completed=5 | timeout_triggered=True
2026-06-02 22:59:38.110 - PhaseRunner - INFO - Waiting for event 'profiling phase credits returned' with timeout of 29.999208470999974s
2026-06-02 22:59:38.110 - records_manager - INFO - Sent 582 requests. Waiting for all to complete...
2026-06-02 22:59:55.069 - PhaseRunner - NOTICE - Phase profiling complete | completed=582, cancelled=0, errors=0 | sessions: completed=5, cancelled=0 | elapsed=1816.96s
2026-06-02 22:59:55.069 - aiperf.timing.branch_orchestrator - INFO - BranchOrchestrator stats: spawned=6 completed=6 errored=0 suspended=4 resumed=4 parents_failed_due_to_child_error=0 joins_suppressed=0
2026-06-02 22:59:55.069 - PhaseOrchestrator_2bc2b299 - NOTICE - All credits completed
2026-06-02 22:59:55.070 - system_controller - INFO - Received credits complete from 'timing_manager'
2026-06-02 22:59:55.070 - records_manager - INFO - Received CREDIT_PHASE_COMPLETE message, Phase complete: PhaseRecordsStats(phase=CreditPhase.PROFILING, start_ns=1780439378109366714, sent_end_ns=1780441178109750629, requests_end_ns=1780441195068993877, total_expected_requests=None, expected_duration_sec=None, expected_num_sessions=None, expected_grace_period_sec=None, final_requests_sent=None, final_requests_completed=582, final_requests_cancelled=0, final_request_errors=0, final_sent_sessions=None, final_completed_sessions=None, final_cancelled_sessions=None, timeout_triggered=True, grace_period_timeout_triggered=False, was_cancelled=False, records_end_ns=None, success_records=581, error_records=0)
2026-06-02 22:59:55.070 - records_manager - NOTICE - All requests have completed, please wait for the results to be processed (currently 581 of 582 records processed)...
2026-06-02 22:59:55.070 - records_manager - INFO - All credits complete, please wait for the results to be processed...
2026-06-02 22:59:55.076 - records_manager - INFO - Processed 582 valid requests and 0 errors (582 total).
2026-06-02 22:59:55.076 - records_manager - INFO - Received all records, processing now...
2026-06-02 22:59:55.076 - server_metrics_manager - INFO - Server Metrics: Profiling complete, capturing final metrics...
2026-06-02 22:59:55.077 - records_manager - INFO - Waiting 2.0s for server metrics flush period...
2026-06-02 22:59:57.068 - records_manager - INFO - Processing records results...
2026-06-02 23:00:00.485 - RecordExportJSONLWriter_2be47d24 - WARNING - Timeout waiting for 0 pending flush tasks during shutdown. Cancelling tasks and proceeding with cleanup.
2026-06-02 23:00:00.844 - system_controller - INFO - Waiting for server metrics results...
2026-06-02 23:00:00.844 - system_controller - INFO - Waiting for server metrics results...
2026-06-02 23:00:01.925 - records_manager - INFO - _finalize_and_process_results completed
2026-06-02 23:00:02.363 - system_controller - INFO - All results received, initiating shutdown
2026-06-02 23:00:03.051 - ExporterManager - INFO - Exporting all records
2026-06-02 23:00:03.188 - aiperf.common.scenario.validator - INFO - Scenario 'inferencex-agentx-mvp': setting timing_mode=agentic_replay (was at default request_rate).
2026-06-02 23:00:04.950 - aiperf.common.scenario.validator - INFO - Scenario 'inferencex-agentx-mvp': setting timing_mode=agentic_replay (was at default request_rate).
2026-06-02 23:00:05.087 - ExporterManager - INFO - Exporting console data
