2026-06-03 16:42:54.210 - aiperf.cli_runner - INFO - Starting AIPerf System
2026-06-03 16:42:54.393 - server_metrics_manager - INFO - Server Metrics: Discovered 1 endpoints: ['http://localhost:8895/metrics']
2026-06-03 16:42:54.478 - GPUTelemetryJSONLWriter_068a6d00 - INFO - GPU telemetry export enabled: /workspace/results/aiperf_artifacts/gpu_telemetry_export.jsonl
2026-06-03 16:42:54.479 - RecordExportJSONLWriter_c1036228 - INFO - Record metrics export enabled: /workspace/results/aiperf_artifacts/profile_export.jsonl
2026-06-03 16:42:54.487 - system_controller - INFO - Registered Worker Manager (id: 'worker_manager')
2026-06-03 16:42:54.577 - system_controller - INFO - Registered Gpu Telemetry Manager (id: 'gpu_telemetry_manager')
2026-06-03 16:42:54.577 - system_controller - INFO - Registered Server Metrics Manager (id: 'server_metrics_manager')
2026-06-03 16:42:54.578 - system_controller - INFO - Registered Dataset Manager (id: 'dataset_manager')
2026-06-03 16:42:54.597 - system_controller - INFO - Registered Timing Manager (id: 'timing_manager')
2026-06-03 16:42:54.611 - system_controller - INFO - Registered Worker (id: 'worker_28bc7664')
2026-06-03 16:42:54.611 - system_controller - INFO - Registered Records Manager (id: 'records_manager')
2026-06-03 16:42:54.628 - system_controller - INFO - Registered Worker (id: 'worker_a5f4a006')
2026-06-03 16:42:54.648 - system_controller - INFO - Registered Worker (id: 'worker_1c29460a')
2026-06-03 16:42:54.648 - system_controller - INFO - Registered Worker (id: 'worker_e5913268')
2026-06-03 16:42:54.651 - system_controller - INFO - Registered Record Processor (id: 'record_processor_8628ff40')
2026-06-03 16:42:54.657 - system_controller - INFO - Registered Record Processor (id: 'record_processor_8fa4d6a3')
2026-06-03 16:42:54.694 - system_controller - INFO - Registered Worker (id: 'worker_40351bf1')
2026-06-03 16:42:54.707 - system_controller - INFO - Registered Worker (id: 'worker_71770738')
2026-06-03 16:42:54.708 - system_controller - INFO - Registered Worker (id: 'worker_1ba3131c')
2026-06-03 16:42:54.720 - system_controller - INFO - Registered Worker (id: 'worker_4f72e3ba')
2026-06-03 16:42:54.721 - system_controller - INFO - Registered Worker (id: 'worker_c562e16b')
2026-06-03 16:42:54.721 - system_controller - INFO - Registered Worker (id: 'worker_44eff51f')
2026-06-03 16:42:54.721 - system_controller - INFO - Registered Worker (id: 'worker_ed0d58b1')
2026-06-03 16:42:54.729 - system_controller - INFO - Registered Worker (id: 'worker_a14ee14b')
2026-06-03 16:42:54.731 - system_controller - INFO - Registered Worker (id: 'worker_5ff6e0ce')
2026-06-03 16:42:54.745 - system_controller - INFO - Registered Worker (id: 'worker_62343176')
2026-06-03 16:42:54.745 - system_controller - INFO - Registered Worker (id: 'worker_5732c9ca')
2026-06-03 16:42:54.746 - system_controller - INFO - Registered Worker (id: 'worker_24a803d2')
2026-06-03 16:42:54.746 - system_controller - INFO - Registered Worker (id: 'worker_eeb2e229')
2026-06-03 16:42:54.747 - system_controller - INFO - Registered Worker (id: 'worker_6da584f6')
2026-06-03 16:42:54.752 - system_controller - INFO - Registered Worker (id: 'worker_c2d77275')
2026-06-03 16:42:54.752 - system_controller - INFO - Registered Record Processor (id: 'record_processor_57fec6b6')
2026-06-03 16:42:54.753 - system_controller - INFO - Registered Record Processor (id: 'record_processor_6497ba87')
2026-06-03 16:42:54.753 - system_controller - INFO - Registered Record Processor (id: 'record_processor_13fee6ed')
2026-06-03 16:42:54.755 - system_controller - INFO - Registered Worker (id: 'worker_c2f75ccd')
2026-06-03 16:42:54.756 - system_controller - INFO - Registered Record Processor (id: 'record_processor_1e34b882')
2026-06-03 16:42:54.758 - system_controller - INFO - Registered Worker (id: 'worker_8f774ff1')
2026-06-03 16:42:54.759 - system_controller - INFO - Registered Record Processor (id: 'record_processor_02aecb4e')
2026-06-03 16:42:54.776 - system_controller - INFO - Registered Worker (id: 'worker_402df094')
2026-06-03 16:42:54.780 - system_controller - INFO - Registered Worker (id: 'worker_530c9a79')
2026-06-03 16:42:54.783 - system_controller - INFO - Registered Worker (id: 'worker_af1abee2')
2026-06-03 16:42:54.786 - system_controller - INFO - Registered Worker (id: 'worker_740f6a9f')
2026-06-03 16:42:54.787 - system_controller - INFO - Registered Worker (id: 'worker_efd2d2ab')
2026-06-03 16:42:54.788 - system_controller - INFO - Registered Worker (id: 'worker_85c03c5f')
2026-06-03 16:42:54.792 - system_controller - INFO - Registered Worker (id: 'worker_d83d6ff7')
2026-06-03 16:42:54.793 - system_controller - INFO - Registered Worker (id: 'worker_67bb64d0')
2026-06-03 16:42:54.794 - system_controller - INFO - Registered Worker (id: 'worker_ff38ed0e')
2026-06-03 16:42:54.795 - system_controller - INFO - Registered Worker (id: 'worker_4c643d9d')
2026-06-03 16:42:54.800 - system_controller - INFO - Registered Worker (id: 'worker_a7028c80')
2026-06-03 16:42:54.801 - system_controller - INFO - Registered Record Processor (id: 'record_processor_5e674b83')
2026-06-03 16:42:54.865 - system_controller - INFO - AIPerf System is CONFIGURING
2026-06-03 16:42:54.866 - system_controller - INFO - Configuring all services to start profiling
2026-06-03 16:42:54.867 - InferenceResultParser_140436f9 - INFO - Tokenization is disabled for this endpoint, skipping tokenizer configuration
2026-06-03 16:42:54.867 - timing_manager - INFO - Waiting for dataset to be configured before configuring timing
2026-06-03 16:42:54.867 - InferenceResultParser_be72c4b8 - INFO - Tokenization is disabled for this endpoint, skipping tokenizer configuration
2026-06-03 16:42:54.868 - InferenceResultParser_377d81a3 - INFO - Tokenization is disabled for this endpoint, skipping tokenizer configuration
2026-06-03 16:42:54.868 - InferenceResultParser_1a455e4c - INFO - Tokenization is disabled for this endpoint, skipping tokenizer configuration
2026-06-03 16:42:54.868 - InferenceResultParser_463b21ca - INFO - Tokenization is disabled for this endpoint, skipping tokenizer configuration
2026-06-03 16:42:54.868 - InferenceResultParser_5e713684 - INFO - Tokenization is disabled for this endpoint, skipping tokenizer configuration
2026-06-03 16:42:54.868 - InferenceResultParser_d72e0e22 - INFO - Tokenization is disabled for this endpoint, skipping tokenizer configuration
2026-06-03 16:42:54.868 - InferenceResultParser_d47e1d64 - INFO - Tokenization is disabled for this endpoint, skipping tokenizer configuration
2026-06-03 16:42:54.876 - system_controller - INFO - GPU telemetry disabled - no DCGM endpoints reachable
2026-06-03 16:42:54.887 - server_metrics_manager - INFO - Server Metrics: Capturing baseline metrics...
2026-06-03 16:42:54.902 - dataset_manager - INFO - Memory-mapped dataset cache HIT (key=f921ed09196f017e89b67d5e8eb9a265); skipping tokenizer + composer.
2026-06-03 16:42:54.916 - http://localhost:8895/metrics - INFO - Skipping unsupported summary metric: http_request_size_bytes
2026-06-03 16:42:54.916 - http://localhost:8895/metrics - INFO - Skipping unsupported summary metric: http_response_size_bytes
2026-06-03 16:42:54.918 - system_controller - INFO - Server metrics enabled - 1/1 endpoint(s) reachable.
2026-06-03 16:42:55.214 - aiperf.dataset.mmap_cache - INFO - Restored mmap cache file dataset.dat via copy in 0.312s (1.24 GiB)
2026-06-03 16:42:55.215 - aiperf.dataset.mmap_cache - INFO - Restored mmap cache file index.dat via copy in 0.000s (0.00 GiB)
2026-06-03 16:42:55.215 - aiperf.dataset.mmap_cache - INFO - Restored mmap cache files in 0.313s via dataset=copy index=copy (dataset=1.24 GiB, index=0.00 GiB)
2026-06-03 16:42:55.355 - dataset_manager - INFO - sampling strategy: sequential, unique conversations: 678, unique turn count: 52915
2026-06-03 16:42:55.640 - aiperf.timing.trajectory_source - INFO - TrajectorySource: built 32 trajectories from 225 traces
  range cfg=[0.25, 0.75]  observed sample pct: min= 25% median= 45% max= 74%
    lane=00  sample_time= 39%  root_next= 14/32  ( 44% turns)  live=1 ready=1  trace_id=00e7d11db2db59f44a87b4110175b11d1af3
    lane=01  sample_time= 55%  root_next= 15/28  ( 54% turns)  live=1 ready=1  trace_id=01fece675b92efe07620225cd69c3884f774
    lane=02  sample_time= 55%  root_next=306/594 ( 52% turns)  live=1 ready=1  trace_id=0275949f4db511444909fe92b12f7e921e4a
    lane=03  sample_time= 27%  root_next= 13/27  ( 48% turns)  live=1 ready=1  trace_id=03be8f1eb1e9e620f46bd07068d6ab1aaae3
    lane=04  sample_time= 40%  root_next= 71/151 ( 47% turns)  live=1 ready=1  trace_id=0475b786230f3f2e24220d28e247eaee2dae
    lane=05  sample_time= 50%  root_next= 56/99  ( 57% turns)  live=1 ready=1  trace_id=04b25fe5b2ffa5e7ec9890426cce59838a05
    lane=06  sample_time= 69%  root_next= 10/20  ( 50% turns)  live=1 ready=1  trace_id=06385769df23204ac35c53ad431cf42f7c02
    lane=07  sample_time= 63%  root_next= 53/80  ( 66% turns)  live=1 ready=1  trace_id=07fc71985fbafc8e1abb181b7d28b8349f45
    lane=08  sample_time= 29%  root_next= 48/165 ( 29% turns)  live=1 ready=1  trace_id=09a5d415a7157ed48a5a6fa2711f2d8565c1
    lane=09  sample_time= 28%  root_next=  6/27  ( 22% turns)  live=1 ready=1  trace_id=09c188c8b9201ec2046cc2df702623fef33e
    lane=10  sample_time= 44%  root_next= 35/78  ( 45% turns)  live=1 ready=1  trace_id=0b1cf5ad73920121aa53e1acb0851a8ecf32
    lane=11  sample_time= 61%  root_next=161/254 ( 63% turns)  live=1 ready=1  trace_id=0b4a56f22f01dc235b7ce1cc3aeabd6943e8
    lane=12  sample_time= 32%  root_next= 59/184 ( 32% turns)  live=1 ready=1  trace_id=0d75185d4e958ad360c16451eaa95d508edf
    lane=13  sample_time= 51%  root_next= 10/18  ( 56% turns)  live=1 ready=1  trace_id=0da3a3bea6f3559a2eff4114839b328dad53
    lane=14  sample_time= 71%  root_next= 18/23  ( 78% turns)  live=1 ready=1  trace_id=116cb8d945f9d0810e788e51e3744adaab74
    lane=15  sample_time= 46%  root_next= 26/39  ( 67% turns)  live=1 ready=1  trace_id=1186d32070428ea303de493d61ee3effd467
    lane=16  sample_time= 74%  root_next= 23/26  ( 88% turns)  live=1 ready=1  trace_id=13762df76dba635a268bf3acbb30bfffed63
    lane=17  sample_time= 27%  root_next=  8/27  ( 30% turns)  live=1 ready=1  trace_id=14933d8a4190c45ac8fbd21183bba9469140
    lane=18  sample_time= 43%  root_next= 24/38  ( 63% turns)  live=1 ready=1  trace_id=1770548ae8e30555e62d6d6296c0166d6074
    lane=19  sample_time= 35%  root_next= 20/44  ( 45% turns)  live=3 ready=2  trace_id=1ac9d045056424d98ec4b5725460ca2b6120
    lane=20  sample_time= 55%  root_next= 31/50  ( 62% turns)  live=1 ready=1  trace_id=1b29955ec88767b5f8870f705f770cd46c60
    lane=21  sample_time= 69%  root_next=318/452 ( 70% turns)  live=1 ready=1  trace_id=1ec7f23f1ca1449b1758b86dba91df97cf1a
    lane=22  sample_time= 40%  root_next= 13/31  ( 42% turns)  live=1 ready=1  trace_id=1ff2c5c397d1c8f4a2e069449ec8e10b882a
    lane=23  sample_time= 34%  root_next= 33/55  ( 60% turns)  live=1 ready=1  trace_id=219331470ffaa5388ff9d7d8da92f5dc575b
    lane=24  sample_time= 46%  root_next= 38/63  ( 60% turns)  live=1 ready=1  trace_id=263134ce70d475337deb473aadc255479210
    lane=25  sample_time= 25%  root_next= 14/39  ( 36% turns)  live=1 ready=1  trace_id=265a5749ca677d0b0c90e7d3d6029a45318f
    lane=26  sample_time= 26%  root_next=  7/21  ( 33% turns)  live=1 ready=1  trace_id=2781d1fa9a22e982996948283bbcd3136c44
    lane=27  sample_time= 45%  root_next= 17/30  ( 57% turns)  live=1 ready=1  trace_id=27bf77bcaaf2b6d2210bdbdab4934348f322
    lane=28  sample_time= 73%  root_next= 61/84  ( 73% turns)  live=1 ready=1  trace_id=27cf2ada39b896fea5580c895bfbd4119490
    lane=29  sample_time= 52%  root_next= 20/34  ( 59% turns)  live=1 ready=1  trace_id=298daf6961d9121ca2f5d3cde68ba961c0c5
    lane=30  sample_time= 27%  root_next= 15/43  ( 35% turns)  live=1 ready=1  trace_id=2b971773e1889a7692523d5cc0a78a0361cb
    lane=31  sample_time= 43%  root_next=  8/21  ( 38% turns)  live=1 ready=1  trace_id=2c3e52bf4e687293e9fb70cba1c1786dceea
2026-06-03 16:42:55.641 - PhaseOrchestrator_90968838 - INFO - Initialized 2 phase(s): ['Warmup', 'Profiling']
2026-06-03 16:42:55.678 - dataset_manager - INFO - Dataset client initialized and freed 0 conversations from memory
2026-06-03 16:42:55.679 - system_controller - INFO - All services configured in 0.81 seconds
2026-06-03 16:42:55.679 - system_controller - INFO - AIPerf System is CONFIGURED
2026-06-03 16:42:55.680 - server_metrics_manager - INFO - Server Metrics: Started 1 collector(s) successfully
2026-06-03 16:42:55.689 - PhaseRunner - NOTICE - Phase warmup started | target: 33 requests
2026-06-03 16:42:55.689 - AgenticReplayTiming - INFO - WARMUP execute: dispatching 33 trajectory credits
2026-06-03 16:42:55.690 - PhaseRunner - NOTICE - Phase warmup sending complete | sent=33, completed=0, in_flight=33
2026-06-03 16:42:55.793 - records_manager - INFO - Credit phase start: warmup
2026-06-03 16:42:55.836 - system_controller - INFO - All services started profiling successfully
2026-06-03 16:42:55.836 - system_controller - INFO - AIPerf System is PROFILING
2026-06-03 16:44:40.519 - AgenticReplayTiming - INFO - WARMUP 1/33 returned [ok] (lane=19, trace_id=1ac9d045056424d98ec4b5725460ca2b6120::sa:subagent_001_88698b09:s0, start_turn=0/24 (0% through trace))
2026-06-03 16:45:16.081 - AgenticReplayTiming - INFO - WARMUP 2/33 returned [ok] (lane=19, trace_id=1ac9d045056424d98ec4b5725460ca2b6120::sa:subagent_001_88698b09:s1, start_turn=0/4 (0% through trace))
2026-06-03 16:55:15.777 - PhaseRunner - NOTICE - Phase warmup complete | completed=33, cancelled=0, errors=0 | elapsed=740.09s
2026-06-03 16:55:15.777 - aiperf.timing.branch_orchestrator - INFO - BranchOrchestrator stats: spawned=0 completed=0 errored=0 suspended=0 resumed=0 parents_failed_due_to_child_error=0 joins_suppressed=0
2026-06-03 16:55:15.791 - AgenticReplayTiming - INFO - PROFILING setup: trajectories=32 traces, recycle_queue=225 traces (full pool)
2026-06-03 16:55:15.791 - PhaseRunner - NOTICE - Phase profiling started | target: 1800.0s duration
2026-06-03 16:55:15.791 - PhaseRunner - INFO - Waiting for event 'profiling phase sending' with timeout of 1799.999426923s
2026-06-03 16:55:15.792 - records_manager - INFO - Credit phase start: profiling
2026-06-03 16:55:15.792 - AgenticReplayTiming - INFO - PROFILING execute: resuming 32 trajectory sessions
2026-06-03 16:55:22.782 - AgenticReplayTiming - INFO - Terminating trajectory 0b1cf5ad73920121aa53e1acb0851a8ecf32 early at turn 35/77: context-overflow error from server
2026-06-03 16:55:37.795 - EventLoopMonitor - WARNING - Event loop for worker_740f6a9f is taking too long to run. Overhead: 29.96ms
2026-06-03 16:55:54.557 - records_manager - INFO - [realtime 00:38 profiling] rps=0.2 (avg 0.2) tput_in=8696/s tput_out=36/s done=7 ok=7 err=0
                           ttft p50=13386ms p75=17585ms p95=21187ms p99=21940ms
                           itl  p50=96ms   p75=123ms  p95=194ms  p99=213ms
                           e2e  p50=32266ms p75=32941ms p95=34144ms p99=34434ms
                           intvty p50=11     p75=18     p95=24     p99=26 (1/tpot tok/s)
                           isl  p50=46,970    p75=59,760    p90=76,106    p99=87,099 (tokens)
                           osl  p50=236       p75=268       p90=296       p99=315 (tokens)
                           tot  in=314,304        out=1,318
                           trace theoretical_prefix_cache_hit=92.7%
                           srv  prefix_cache_hit=0.0% unique_in_srv=1,438,829,414 ext_cache_hit=11.6% kv_usage=80.9% queue=3r/22w tput_in_srv=4,309/s tput_out_srv=78/s
2026-06-03 16:56:24.636 - records_manager - INFO - [realtime 01:08 profiling] rps=0.1 (avg 0.2) tput_in=10855/s tput_out=48/s done=10 ok=10 err=0
                           ttft p50=15261ms p75=22129ms p95=40500ms p99=45698ms
                           itl  p50=68ms   p75=118ms  p95=180ms  p99=210ms
                           e2e  p50=33056ms p75=43875ms p95=47405ms p99=47467ms
                           intvty p50=15     p75=26     p95=38     p99=38 (1/tpot tok/s)
                           isl  p50=47,360    p75=88,320    p90=127,729   p99=146,599 (tokens)
                           osl  p50=250       p75=317       p90=625       p99=630 (tokens)
                           tot  in=587,836        out=2,585
                           trace theoretical_prefix_cache_hit=95.4%
                           srv  prefix_cache_hit=0.0% unique_in_srv=1,564,332,047 ext_cache_hit=18.4% kv_usage=82.0% queue=3r/27w tput_in_srv=4,489/s tput_out_srv=79/s
2026-06-03 16:56:54.667 - records_manager - INFO - [realtime 01:38 profiling] rps=0.0 (avg 0.1) tput_in=7839/s tput_out=44/s done=11 ok=11 err=0
                           ttft p50=16810ms p75=28598ms p95=47676ms p99=48120ms
                           itl  p50=59ms   p75=107ms  p95=175ms  p99=209ms
                           e2e  p50=33782ms p75=46435ms p95=66348ms p99=78697ms
                           intvty p50=17     p75=34     p95=38     p99=38 (1/tpot tok/s)
                           isl  p50=55,626    p75=94,418    p90=125,108   p99=146,337 (tokens)
                           osl  p50=262       p75=547       p90=697       p99=1,229 (tokens)
                           tot  in=684,286        out=3,873
                           trace theoretical_prefix_cache_hit=95.0%
                           srv  prefix_cache_hit=0.0% unique_in_srv=1,633,746,540 ext_cache_hit=20.2% kv_usage=84.1% queue=2r/29w tput_in_srv=4,329/s tput_out_srv=81/s
2026-06-03 16:57:24.706 - records_manager - INFO - [realtime 02:08 profiling] rps=0.0 (avg 0.1) tput_in=8012/s tput_out=66/s done=12 ok=12 err=0
                           ttft p50=18360ms p75=30011ms p95=47614ms p99=48107ms
                           itl  p50=51ms   p75=96ms   p95=171ms  p99=208ms
                           e2e  p50=34507ms p75=47385ms p95=89155ms p99=95053ms
                           intvty p50=20     p75=37     p95=39     p99=40 (1/tpot tok/s)
                           isl  p50=63,893    p75=106,647   p90=122,487   p99=146,075 (tokens)
                           osl  p50=274       p75=628       p90=1,288     p99=2,561 (tokens)
                           tot  in=801,130        out=6,575
                           trace theoretical_prefix_cache_hit=95.7%
                           srv  prefix_cache_hit=0.0% unique_in_srv=1,755,822,198 ext_cache_hit=20.2% kv_usage=79.5% queue=3r/30w tput_in_srv=4,409/s tput_out_srv=80/s
2026-06-03 16:57:54.752 - records_manager - INFO - [realtime 02:38 profiling] rps=0.1 (avg 0.1) tput_in=9075/s tput_out=71/s done=15 ok=15 err=0
                           ttft p50=25698ms p75=45209ms p95=122799ms p99=122819ms
                           itl  p50=37ms   p75=73ms   p95=157ms  p99=205ms
                           e2e  p50=45582ms p75=92841ms p95=126707ms p99=127816ms
                           intvty p50=27     p75=37     p95=39     p99=40 (1/tpot tok/s)
                           isl  p50=86,186    p75=121,076   p90=169,375   p99=188,601 (tokens)
                           osl  p50=262       p75=629       p90=2,278     p99=3,057 (tokens)
                           tot  in=1,253,568      out=9,782
                           trace theoretical_prefix_cache_hit=97.1%
                           srv  prefix_cache_hit=0.0% unique_in_srv=1,846,108,866 ext_cache_hit=29.6% kv_usage=89.7% queue=5r/26w tput_in_srv=4,819/s tput_out_srv=82/s
2026-06-03 16:58:24.799 - records_manager - INFO - [realtime 03:09 profiling] rps=0.0 (avg 0.1) tput_in=8255/s tput_out=66/s done=16 ok=16 err=0
                           ttft p50=29267ms p75=47614ms p95=123036ms p99=123432ms
                           itl  p50=35ms   p75=71ms   p95=152ms  p99=204ms
                           e2e  p50=47289ms p75=109744ms p95=133817ms p99=144501ms
                           intvty p50=28     p75=37     p95=39     p99=40 (1/tpot tok/s)
                           isl  p50=84,051    p75=119,666   p90=166,421   p99=188,481 (tokens)
                           osl  p50=274       p75=654       p90=2,136     p99=3,053 (tokens)
                           tot  in=1,318,057      out=10,459
                           trace theoretical_prefix_cache_hit=97.2%
                           srv  prefix_cache_hit=0.0% unique_in_srv=1,898,564,686 ext_cache_hit=31.0% kv_usage=95.2% queue=5r/27w tput_in_srv=4,758/s tput_out_srv=84/s
2026-06-03 16:58:54.866 - records_manager - INFO - [realtime 03:39 profiling] rps=0.1 (avg 0.1) tput_in=7509/s tput_out=75/s done=19 ok=19 err=0
                           ttft p50=35299ms p75=115732ms p95=125980ms p99=137083ms
                           itl  p50=35ms   p75=64ms   p95=138ms  p99=202ms
                           e2e  p50=64633ms p75=127560ms p95=184245ms p99=202157ms
                           intvty p50=29     p75=36     p95=39     p99=40 (1/tpot tok/s)
                           isl  p50=87,994    p75=115,577   p90=157,559   p99=188,124 (tokens)
                           osl  p50=470       p75=1,259     p90=2,824     p99=3,147 (tokens)
                           tot  in=1,622,092      out=16,249
                           trace theoretical_prefix_cache_hit=97.5%
                           srv  prefix_cache_hit=0.0% unique_in_srv=1,981,787,709 ext_cache_hit=35.7% kv_usage=97.9% queue=6r/25w tput_in_srv=4,940/s tput_out_srv=86/s
2026-06-03 16:59:24.947 - records_manager - INFO - [realtime 04:09 profiling] rps=0.2 (avg 0.1) tput_in=7408/s tput_out=74/s done=24 ok=24 err=0
                           ttft p50=48231ms p75=131695ms p95=198986ms p99=208910ms
                           itl  p50=35ms   p75=49ms   p95=123ms  p99=197ms
                           e2e  p50=122961ms p75=190436ms p95=215734ms p99=220172ms
                           intvty p50=29     p75=33     p95=38     p99=40 (1/tpot tok/s)
                           isl  p50=64,538    p75=108,184   p90=143,454   p99=187,529 (tokens)
                           osl  p50=481       p75=1,044     p90=2,455     p99=3,144 (tokens)
                           tot  in=1,839,551      out=18,448
                           trace theoretical_prefix_cache_hit=97.3%
                           srv  prefix_cache_hit=0.0% unique_in_srv=2,017,912,456 ext_cache_hit=35.2% kv_usage=76.4% queue=4r/25w tput_in_srv=4,904/s tput_out_srv=87/s
2026-06-03 16:59:55.032 - records_manager - INFO - [realtime 04:39 profiling] rps=0.0 (avg 0.1) tput_in=7291/s tput_out=71/s done=25 ok=25 err=0
                           ttft p50=74846ms p75=147430ms p95=209777ms p99=218451ms
                           itl  p50=35ms   p75=47ms   p95=123ms  p99=196ms
                           e2e  p50=124461ms p75=200818ms p95=220534ms p99=225746ms
                           intvty p50=29     p75=31     p95=38     p99=40 (1/tpot tok/s)
                           isl  p50=69,026    p75=106,388   p90=140,833   p99=187,409 (tokens)
                           osl  p50=399       p75=980       p90=2,331     p99=3,144 (tokens)
                           tot  in=1,913,064      out=18,647
                           trace theoretical_prefix_cache_hit=97.2%
                           srv  prefix_cache_hit=0.0% unique_in_srv=2,036,119,124 ext_cache_hit=33.8% kv_usage=99.8% queue=5r/27w tput_in_srv=4,914/s tput_out_srv=86/s
2026-06-03 17:00:25.118 - records_manager - INFO - [realtime 05:09 profiling] rps=0.0 (avg 0.1) tput_in=7128/s tput_out=67/s done=26 ok=26 err=0
                           ttft p50=101461ms p75=170144ms p95=218717ms p99=231711ms
                           itl  p50=35ms   p75=46ms   p95=123ms  p99=195ms
                           e2e  p50=125961ms p75=201541ms p95=225919ms p99=239731ms
                           intvty p50=29     p75=30     p95=38     p99=40 (1/tpot tok/s)
                           isl  p50=73,513    p75=104,592   p90=138,212   p99=187,290 (tokens)
                           osl  p50=317       p75=916       p90=2,207     p99=3,143 (tokens)
                           tot  in=1,997,823      out=18,906
                           trace theoretical_prefix_cache_hit=97.1%
                           srv  prefix_cache_hit=0.0% unique_in_srv=2,036,119,124 ext_cache_hit=33.8% kv_usage=83.2% queue=4r/29w tput_in_srv=4,773/s tput_out_srv=89/s
2026-06-03 17:00:55.209 - records_manager - INFO - [realtime 05:39 profiling] rps=0.0 (avg 0.1) tput_in=6300/s tput_out=67/s done=27 ok=27 err=0
                           ttft p50=110975ms p75=186207ms p95=218274ms p99=231563ms
                           itl  p50=34ms   p75=44ms   p95=123ms  p99=194ms
                           e2e  p50=127027ms p75=205362ms p95=239564ms p99=294766ms
                           intvty p50=29     p75=31     p95=38     p99=40 (1/tpot tok/s)
                           isl  p50=78,782    p75=104,511   p90=135,592   p99=187,171 (tokens)
                           osl  p50=399       p75=1,107     p90=2,906     p99=3,500 (tokens)
                           tot  in=2,102,090      out=22,522
                           trace theoretical_prefix_cache_hit=97.3%
                           srv  prefix_cache_hit=0.0% unique_in_srv=2,036,119,124 ext_cache_hit=33.8% kv_usage=75.4% queue=4r/28w tput_in_srv=4,641/s tput_out_srv=91/s
2026-06-03 17:01:25.311 - records_manager - INFO - [realtime 06:09 profiling] rps=0.1 (avg 0.1) tput_in=6206/s tput_out=82/s done=29 ok=29 err=0
                           ttft p50=121637ms p75=192426ms p95=230086ms p99=284019ms
                           itl  p50=35ms   p75=40ms   p95=122ms  p99=192ms
                           e2e  p50=137633ms p75=213134ms p95=313139ms p99=331587ms
                           intvty p50=29     p75=31     p95=38     p99=40 (1/tpot tok/s)
                           isl  p50=69,026    p75=104,348   p90=130,350   p99=186,933 (tokens)
                           osl  p50=410       p75=1,200     p90=3,123     p99=5,460 (tokens)
                           tot  in=2,200,634      out=29,002
                           trace theoretical_prefix_cache_hit=97.3%
                           srv  prefix_cache_hit=0.0% unique_in_srv=2,085,020,850 ext_cache_hit=33.5% kv_usage=90.8% queue=5r/27w tput_in_srv=4,661/s tput_out_srv=90/s
2026-06-03 17:01:55.414 - records_manager - INFO - [realtime 06:39 profiling] rps=0.0 (avg 0.1) tput_in=5751/s tput_out=77/s done=30 ok=30 err=0
                           ttft p50=122785ms p75=195018ms p95=275335ms p99=305228ms
                           itl  p50=35ms   p75=46ms   p95=122ms  p99=191ms
                           e2e  p50=147172ms p75=216134ms p95=328432ms p99=347316ms
                           intvty p50=29     p75=30     p95=38     p99=40 (1/tpot tok/s)
                           isl  p50=64,538    p75=104,267   p90=127,729   p99=186,814 (tokens)
                           osl  p50=481       p75=1,171     p90=3,119     p99=5,435 (tokens)
                           tot  in=2,224,556      out=29,632
                           trace theoretical_prefix_cache_hit=97.2%
                           srv  prefix_cache_hit=0.0% unique_in_srv=2,142,602,385 ext_cache_hit=33.5% kv_usage=94.0% queue=4r/28w tput_in_srv=4,662/s tput_out_srv=91/s
2026-06-03 17:02:25.518 - records_manager - INFO - [realtime 07:09 profiling] rps=0.0 (avg 0.1) tput_in=5775/s tput_out=77/s done=31 ok=31 err=0
                           ttft p50=122805ms p75=196208ms p95=304479ms p99=306847ms
                           itl  p50=35ms   p75=49ms   p95=121ms  p99=190ms
                           e2e  p50=159358ms p75=220016ms p95=345149ms p99=361163ms
                           intvty p50=29     p75=30     p95=38     p99=40 (1/tpot tok/s)
                           isl  p50=69,026    p75=102,313   p90=125,108   p99=186,695 (tokens)
                           osl  p50=516       p75=1,172     p90=3,114     p99=5,409 (tokens)
                           tot  in=2,314,230      out=30,804
                           trace theoretical_prefix_cache_hit=97.3%
                           srv  prefix_cache_hit=0.0% unique_in_srv=2,210,496,712 ext_cache_hit=33.0% kv_usage=91.6% queue=4r/29w tput_in_srv=4,608/s tput_out_srv=91/s
2026-06-03 17:02:55.624 - records_manager - INFO - [realtime 07:39 profiling] rps=0.0 (avg 0.1) tput_in=5625/s tput_out=86/s done=32 ok=32 err=0
                           ttft p50=122824ms p75=195811ms p95=304259ms p99=306841ms
                           itl  p50=35ms   p75=48ms   p95=121ms  p99=189ms
                           e2e  p50=171543ms p75=224191ms p95=358123ms p99=395972ms
                           intvty p50=29     p75=30     p95=38     p99=40 (1/tpot tok/s)
                           isl  p50=73,513    p75=104,430   p90=122,487   p99=186,576 (tokens)
                           osl  p50=550       p75=1,230     p90=3,154     p99=6,130 (tokens)
                           tot  in=2,423,375      out=36,905
                           trace theoretical_prefix_cache_hit=97.4%
                           srv  prefix_cache_hit=0.0% unique_in_srv=2,306,738,530 ext_cache_hit=32.5% kv_usage=84.9% queue=4r/28w tput_in_srv=4,559/s tput_out_srv=92/s
2026-06-03 17:03:25.741 - records_manager - INFO - [realtime 08:09 profiling] rps=0.0 (avg 0.1) tput_in=5185/s tput_out=98/s done=33 ok=33 err=0
                           ttft p50=122805ms p75=195414ms p95=304038ms p99=306836ms
                           itl  p50=35ms   p75=47ms   p95=121ms  p99=189ms
                           e2e  p50=175918ms p75=231235ms p95=385040ms p99=456439ms
                           intvty p50=29     p75=30     p95=38     p99=40 (1/tpot tok/s)
                           isl  p50=78,782    p75=104,348   p90=121,923   p99=186,457 (tokens)
                           osl  p50=587       p75=1,332     p90=3,570     p99=9,198 (tokens)
                           tot  in=2,518,582      out=47,476
                           trace theoretical_prefix_cache_hit=97.5%
                           srv  prefix_cache_hit=0.0% unique_in_srv=2,430,948,544 ext_cache_hit=34.4% kv_usage=99.6% queue=4r/27w tput_in_srv=4,548/s tput_out_srv=93/s
2026-06-03 17:03:55.866 - records_manager - INFO - [realtime 08:40 profiling] rps=0.1 (avg 0.1) tput_in=5480/s tput_out=98/s done=37 ok=37 err=0
                           ttft p50=123838ms p75=213847ms p95=431164ms p99=437597ms
                           itl  p50=35ms   p75=47ms   p95=119ms  p99=185ms
                           e2e  p50=201059ms p75=319939ms p95=451927ms p99=470552ms
                           intvty p50=29     p75=30     p95=38     p99=40 (1/tpot tok/s)
                           isl  p50=76,788    p75=104,348   p90=122,776   p99=185,980 (tokens)
                           osl  p50=587       p75=1,332     p90=3,385     p99=9,021 (tokens)
                           tot  in=2,833,098      out=50,622
                           trace theoretical_prefix_cache_hit=97.7%
                           srv  prefix_cache_hit=0.0% unique_in_srv=2,465,930,224 ext_cache_hit=35.4% kv_usage=91.0% queue=5r/24w tput_in_srv=4,668/s tput_out_srv=93/s
2026-06-03 17:04:26.000 - records_manager - INFO - [realtime 09:10 profiling] rps=0.1 (avg 0.1) tput_in=5613/s tput_out=102/s done=40 ok=40 err=0
                           ttft p50=139859ms p75=268655ms p95=434830ms p99=442836ms
                           itl  p50=35ms   p75=48ms   p95=118ms  p99=182ms
                           e2e  p50=206635ms p75=358123ms p95=470786ms p99=491479ms
                           intvty p50=29     p75=30     p95=38     p99=39 (1/tpot tok/s)
                           isl  p50=73,513    p75=104,430   p90=127,022   p99=185,623 (tokens)
                           osl  p50=550       p75=1,376     p90=3,797     p99=8,888 (tokens)
                           tot  in=3,050,495      out=55,672
                           trace theoretical_prefix_cache_hit=93.9%
                           srv  prefix_cache_hit=0.0% unique_in_srv=2,504,516,666 ext_cache_hit=34.2% kv_usage=81.7% queue=4r/28w tput_in_srv=4,671/s tput_out_srv=92/s
2026-06-03 17:04:56.140 - records_manager - INFO - [realtime 09:40 profiling] rps=0.1 (avg 0.1) tput_in=5641/s tput_out=98/s done=42 ok=42 err=0
                           ttft p50=170144ms p75=306462ms p95=439359ms p99=445702ms
                           itl  p50=35ms   p75=50ms   p95=118ms  p99=180ms
                           e2e  p50=212134ms p75=409091ms p95=470017ms p99=491035ms
                           intvty p50=29     p75=30     p95=38     p99=39 (1/tpot tok/s)
                           isl  p50=80,063    p75=104,592   p90=123,066   p99=185,385 (tokens)
                           osl  p50=550       p75=1,288     p90=3,616     p99=8,799 (tokens)
                           tot  in=3,264,753      out=56,599
                           trace theoretical_prefix_cache_hit=94.1%
                           srv  prefix_cache_hit=0.0% unique_in_srv=2,635,211,714 ext_cache_hit=33.2% kv_usage=52.3% queue=4r/27w tput_in_srv=4,655/s tput_out_srv=92/s
2026-06-03 17:05:19.778 - AgenticReplayTiming - INFO - Terminating trajectory 1186d32070428ea303de493d61ee3effd467 early at turn 27/38: context-overflow error from server
2026-06-03 17:05:26.295 - records_manager - INFO - [realtime 10:10 profiling] rps=0.0 (avg 0.1) tput_in=5641/s tput_out=98/s done=43 ok=43 err=0
                           ttft p50=170144ms p75=306462ms p95=439359ms p99=445702ms
                           itl  p50=35ms   p75=50ms   p95=118ms  p99=180ms
                           e2e  p50=212134ms p75=409091ms p95=470017ms p99=491035ms
                           intvty p50=29     p75=30     p95=38     p99=39 (1/tpot tok/s)
                           isl  p50=80,063    p75=104,592   p90=123,066   p99=185,385 (tokens)
                           osl  p50=550       p75=1,288     p90=3,616     p99=8,799 (tokens)
                           tot  in=3,264,753      out=56,599
                           trace theoretical_prefix_cache_hit=94.1%
                           srv  prefix_cache_hit=0.0% unique_in_srv=2,635,211,714 ext_cache_hit=33.2% kv_usage=84.7% queue=4r/29w tput_in_srv=4,551/s tput_out_srv=90/s
2026-06-03 17:05:56.440 - records_manager - INFO - [realtime 10:40 profiling] rps=0.1 (avg 0.1) tput_in=5459/s tput_out=93/s done=46 ok=46 err=0
                           ttft p50=185838ms p75=347319ms p95=446168ms p99=455107ms
                           itl  p50=35ms   p75=60ms   p95=114ms  p99=177ms
                           e2e  p50=218722ms p75=437332ms p95=496587ms p99=534772ms
                           intvty p50=28     p75=30     p95=38     p99=39 (1/tpot tok/s)
                           isl  p50=76,788    p75=105,730   p90=136,912   p99=185,027 (tokens)
                           osl  p50=587       p75=1,299     p90=3,477     p99=8,667 (tokens)
                           tot  in=3,482,994      out=59,069
                           trace theoretical_prefix_cache_hit=94.3%
                           srv  prefix_cache_hit=0.0% unique_in_srv=2,701,509,769 ext_cache_hit=32.4% kv_usage=72.3% queue=3r/28w tput_in_srv=4,692/s tput_out_srv=90/s
2026-06-03 17:06:26.585 - records_manager - INFO - [realtime 11:10 profiling] rps=0.0 (avg 0.1) tput_in=5547/s tput_out=92/s done=47 ok=47 err=0
                           ttft p50=191562ms p75=390837ms p95=453242ms p99=456945ms
                           itl  p50=35ms   p75=58ms   p95=112ms  p99=176ms
                           e2e  p50=221311ms p75=447600ms p95=495476ms p99=534162ms
                           intvty p50=28     p75=30     p95=38     p99=39 (1/tpot tok/s)
                           isl  p50=80,063    p75=104,592   p90=134,934   p99=184,908 (tokens)
                           osl  p50=550       p75=1,288     p90=3,431     p99=8,622 (tokens)
                           tot  in=3,567,114      out=59,445
                           trace theoretical_prefix_cache_hit=94.4%
                           srv  prefix_cache_hit=0.0% unique_in_srv=2,721,855,712 ext_cache_hit=31.5% kv_usage=88.8% queue=3r/29w tput_in_srv=4,591/s tput_out_srv=88/s
2026-06-03 17:06:56.735 - records_manager - INFO - [realtime 11:40 profiling] rps=0.0 (avg 0.1) tput_in=5503/s tput_out=87/s done=48 ok=48 err=0
                           ttft p50=193290ms p75=418704ms p95=455139ms p99=470291ms
                           itl  p50=35ms   p75=56ms   p95=111ms  p99=175ms
                           e2e  p50=224191ms p75=448277ms p95=496094ms p99=533553ms
                           intvty p50=28     p75=30     p95=38     p99=39 (1/tpot tok/s)
                           isl  p50=82,057    p75=108,007   p90=145,771   p99=190,149 (tokens)
                           osl  p50=516       p75=1,259     p90=3,385     p99=8,578 (tokens)
                           tot  in=3,757,263      out=59,609
                           trace theoretical_prefix_cache_hit=94.7%
                           srv  prefix_cache_hit=0.0% unique_in_srv=2,751,825,806 ext_cache_hit=30.9% kv_usage=78.4% queue=3r/29w tput_in_srv=4,706/s tput_out_srv=87/s
2026-06-03 17:07:26.893 - records_manager - INFO - [realtime 12:11 profiling] rps=0.0 (avg 0.1) tput_in=5316/s tput_out=91/s done=49 ok=49 err=0
                           ttft p50=195018ms p75=409415ms p95=455130ms p99=470074ms
                           itl  p50=35ms   p75=55ms   p95=109ms  p99=175ms
                           e2e  p50=227071ms p75=449327ms p95=499995ms p99=621796ms
                           intvty p50=28     p75=30     p95=38     p99=39 (1/tpot tok/s)
                           isl  p50=80,063    p75=106,868   p90=145,186   p99=190,149 (tokens)
                           osl  p50=550       p75=1,310     p90=3,977     p99=8,534 (tokens)
                           tot  in=3,833,128      out=65,684
                           trace theoretical_prefix_cache_hit=94.8%
                           srv  prefix_cache_hit=0.0% unique_in_srv=2,829,182,452 ext_cache_hit=32.5% kv_usage=98.7% queue=2r/30w tput_in_srv=4,609/s tput_out_srv=87/s
2026-06-03 17:07:57.086 - records_manager - INFO - [realtime 12:41 profiling] rps=0.1 (avg 0.1) tput_in=5366/s tput_out=90/s done=51 ok=51 err=0
                           ttft p50=196604ms p75=430110ms p95=471379ms p99=504541ms
                           itl  p50=35ms   p75=51ms   p95=107ms  p99=173ms
                           e2e  p50=243728ms p75=457255ms p95=531618ms p99=619544ms
                           intvty p50=28     p75=30     p95=38     p99=41 (1/tpot tok/s)
                           isl  p50=84,051    p75=109,145   p90=144,016   p99=190,149 (tokens)
                           osl  p50=550       p75=1,331     p90=3,797     p99=8,445 (tokens)
                           tot  in=4,050,845      out=67,650
                           trace theoretical_prefix_cache_hit=94.9%
                           srv  prefix_cache_hit=0.0% unique_in_srv=2,842,726,360 ext_cache_hit=32.8% kv_usage=89.6% queue=5r/25w tput_in_srv=4,701/s tput_out_srv=87/s
2026-06-03 17:08:27.254 - records_manager - INFO - [realtime 13:11 profiling] rps=0.1 (avg 0.1) tput_in=5346/s tput_out=88/s done=53 ok=53 err=0
                           ttft p50=199251ms p75=432559ms p95=494240ms p99=504267ms
                           itl  p50=35ms   p75=61ms   p95=104ms  p99=171ms
                           e2e  p50=311779ms p75=467423ms p95=534358ms p99=617292ms
                           intvty p50=28     p75=30     p95=38     p99=41 (1/tpot tok/s)
                           isl  p50=80,063    p75=106,868   p90=142,846   p99=190,149 (tokens)
                           osl  p50=512       p75=1,310     p90=3,616     p99=8,356 (tokens)
                           tot  in=4,160,796      out=68,620
                           trace theoretical_prefix_cache_hit=95.0%
                           srv  prefix_cache_hit=0.0% unique_in_srv=2,850,932,992 ext_cache_hit=32.4% kv_usage=95.9% queue=5r/27w tput_in_srv=4,747/s tput_out_srv=86/s
2026-06-03 17:08:57.374 - records_manager - INFO - [realtime 13:41 profiling] rps=0.1 (avg 0.1) tput_in=5283/s tput_out=86/s done=55 ok=55 err=0
                           ttft p50=211634ms p75=439359ms p95=500073ms p99=516090ms
                           itl  p50=37ms   p75=65ms   p95=101ms  p99=169ms
                           e2e  p50=313872ms p75=470017ms p95=546140ms p99=615039ms
                           intvty p50=27     p75=30     p95=38     p99=41 (1/tpot tok/s)
                           isl  p50=80,063    p75=104,592   p90=138,890   p99=190,149 (tokens)
                           osl  p50=512       p75=1,288     p90=3,524     p99=8,268 (tokens)
                           tot  in=4,300,149      out=69,663
                           trace theoretical_prefix_cache_hit=94.3%
                           srv  prefix_cache_hit=0.0% unique_in_srv=2,887,580,631 ext_cache_hit=31.9% kv_usage=89.0% queue=5r/27w tput_in_srv=4,681/s tput_out_srv=86/s
2026-06-03 17:09:27.558 - records_manager - INFO - [realtime 14:11 profiling] rps=0.1 (avg 0.1) tput_in=5255/s tput_out=86/s done=57 ok=57 err=0
                           ttft p50=220488ms p75=445504ms p95=505925ms p99=515883ms
                           itl  p50=37ms   p75=65ms   p95=98ms   p99=167ms
                           e2e  p50=338139ms p75=475636ms p95=559695ms p99=633695ms
                           intvty p50=27     p75=30     p95=38     p99=41 (1/tpot tok/s)
                           isl  p50=75,865    p75=104,592   p90=134,934   p99=190,149 (tokens)
                           osl  p50=550       p75=1,310     p90=3,431     p99=8,179 (tokens)
                           tot  in=4,400,925      out=71,770
                           trace theoretical_prefix_cache_hit=94.4%
                           srv  prefix_cache_hit=0.0% unique_in_srv=2,924,554,840 ext_cache_hit=31.4% kv_usage=93.9% queue=4r/28w tput_in_srv=4,712/s tput_out_srv=85/s
2026-06-03 17:09:57.726 - records_manager - INFO - [realtime 14:41 profiling] rps=0.1 (avg 0.1) tput_in=5275/s tput_out=84/s done=60 ok=60 err=0
                           ttft p50=268655ms p75=452801ms p95=512511ms p99=526420ms
                           itl  p50=38ms   p75=65ms   p95=94ms   p99=164ms
                           e2e  p50=358123ms p75=484535ms p95=582637ms p99=631478ms
                           intvty p50=26     p75=30     p95=38     p99=41 (1/tpot tok/s)
                           isl  p50=74,950    p75=104,511   p90=129,000   p99=190,149 (tokens)
                           osl  p50=587       p75=1,259     p90=3,293     p99=8,046 (tokens)
                           tot  in=4,611,357      out=73,782
                           trace theoretical_prefix_cache_hit=94.7%
                           srv  prefix_cache_hit=0.0% unique_in_srv=2,933,031,174 ext_cache_hit=30.5% kv_usage=89.4% queue=5r/26w tput_in_srv=4,700/s tput_out_srv=85/s
2026-06-03 17:10:27.927 - records_manager - INFO - [realtime 15:12 profiling] rps=0.0 (avg 0.1) tput_in=5417/s tput_out=88/s done=61 ok=61 err=0
                           ttft p50=302056ms p75=455094ms p95=512052ms p99=526305ms
                           itl  p50=38ms   p75=65ms   p95=93ms   p99=163ms
                           e2e  p50=365361ms p75=492270ms p95=590505ms p99=699259ms
                           intvty p50=26     p75=30     p95=38     p99=41 (1/tpot tok/s)
                           isl  p50=75,865    p75=104,592   p90=144,016   p99=190,149 (tokens)
                           osl  p50=624       p75=1,310     p90=3,761     p99=8,002 (tokens)
                           tot  in=4,793,127      out=78,125
                           trace theoretical_prefix_cache_hit=94.8%
                           srv  prefix_cache_hit=0.0% unique_in_srv=2,977,786,794 ext_cache_hit=30.1% kv_usage=79.0% queue=5r/27w tput_in_srv=4,736/s tput_out_srv=84/s
2026-06-03 17:10:58.135 - records_manager - INFO - [realtime 15:42 profiling] rps=0.1 (avg 0.1) tput_in=5353/s tput_out=85/s done=64 ok=64 err=0
                           ttft p50=306733ms p75=455139ms p95=510928ms p99=525959ms
                           itl  p50=38ms   p75=65ms   p95=106ms  p99=160ms
                           e2e  p50=410390ms p75=496094ms p95=589081ms p99=697426ms
                           intvty p50=26     p75=30     p95=38     p99=41 (1/tpot tok/s)
                           isl  p50=74,950    p75=104,592   p90=140,868   p99=190,149 (tokens)
                           osl  p50=587       p75=1,259     p90=3,570     p99=7,869 (tokens)
                           tot  in=5,015,613      out=79,220
                           trace theoretical_prefix_cache_hit=95.0%
                           srv  prefix_cache_hit=0.0% unique_in_srv=2,985,611,666 ext_cache_hit=29.0% kv_usage=81.8% queue=5r/25w tput_in_srv=4,762/s tput_out_srv=83/s
2026-06-03 17:11:28.350 - records_manager - INFO - [realtime 16:12 profiling] rps=0.1 (avg 0.1) tput_in=5255/s tput_out=83/s done=66 ok=66 err=0
                           ttft p50=319909ms p75=455970ms p95=510520ms p99=525728ms
                           itl  p50=38ms   p75=65ms   p95=111ms  p99=159ms
                           e2e  p50=417121ms p75=499945ms p95=588275ms p99=696204ms
                           intvty p50=26     p75=30     p95=38     p99=41 (1/tpot tok/s)
                           isl  p50=73,774    p75=104,592   p90=136,912   p99=190,149 (tokens)
                           osl  p50=587       p75=1,201     p90=3,477     p99=7,781 (tokens)
                           tot  in=5,086,600      out=80,153
                           trace theoretical_prefix_cache_hit=95.0%
                           srv  prefix_cache_hit=0.0% unique_in_srv=3,024,656,286 ext_cache_hit=29.0% kv_usage=87.7% queue=4r/28w tput_in_srv=4,763/s tput_out_srv=83/s
2026-06-03 17:11:58.577 - records_manager - INFO - [realtime 16:42 profiling] rps=0.1 (avg 0.1) tput_in=5304/s tput_out=82/s done=68 ok=68 err=0
                           ttft p50=347048ms p75=455664ms p95=510113ms p99=525497ms
                           itl  p50=38ms   p75=66ms   p95=110ms  p99=157ms
                           e2e  p50=426692ms p75=496094ms p95=587470ms p99=694983ms
                           intvty p50=26     p75=30     p95=38     p99=41 (1/tpot tok/s)
                           isl  p50=74,950    p75=104,511   p90=132,956   p99=190,149 (tokens)
                           osl  p50=587       p75=1,172     p90=3,385     p99=7,692 (tokens)
                           tot  in=5,267,194      out=81,031
                           trace theoretical_prefix_cache_hit=95.1%
                           srv  prefix_cache_hit=0.0% unique_in_srv=3,062,553,264 ext_cache_hit=28.5% kv_usage=84.5% queue=5r/28w tput_in_srv=4,775/s tput_out_srv=83/s
2026-06-03 17:12:28.856 - records_manager - INFO - [realtime 17:13 profiling] rps=0.1 (avg 0.1) tput_in=5253/s tput_out=81/s done=70 ok=70 err=0
                           ttft p50=376059ms p75=457058ms p95=509705ms p99=525267ms
                           itl  p50=38ms   p75=66ms   p95=110ms  p99=155ms
                           e2e  p50=432370ms p75=499945ms p95=596125ms p99=698223ms
                           intvty p50=26     p75=29     p95=38     p99=41 (1/tpot tok/s)
                           isl  p50=74,950    p75=104,592   p90=129,000   p99=190,149 (tokens)
                           osl  p50=587       p75=1,201     p90=3,293     p99=7,604 (tokens)
                           tot  in=5,421,134      out=83,670
                           trace theoretical_prefix_cache_hit=95.2%
                           srv  prefix_cache_hit=0.0% unique_in_srv=3,112,237,592 ext_cache_hit=28.1% kv_usage=75.8% queue=4r/28w tput_in_srv=4,757/s tput_out_srv=83/s
2026-06-03 17:12:59.103 - records_manager - INFO - [realtime 17:43 profiling] rps=0.1 (avg 0.1) tput_in=5458/s tput_out=83/s done=74 ok=74 err=0
                           ttft p50=409725ms p75=459034ms p95=508891ms p99=524805ms
                           itl  p50=38ms   p75=66ms   p95=109ms  p99=151ms
                           e2e  p50=442337ms p75=504130ms p95=614114ms p99=696046ms
                           intvty p50=26     p75=30     p95=38     p99=41 (1/tpot tok/s)
                           isl  p50=77,964    p75=104,624   p90=123,066   p99=190,149 (tokens)
                           osl  p50=587       p75=1,299     p90=3,150     p99=7,426 (tokens)
                           tot  in=5,755,586      out=87,470
                           trace theoretical_prefix_cache_hit=95.4%
                           srv  prefix_cache_hit=0.0% unique_in_srv=3,119,486,581 ext_cache_hit=28.5% kv_usage=80.2% queue=3r/29w tput_in_srv=4,744/s tput_out_srv=82/s
2026-06-03 17:13:29.334 - records_manager - INFO - [realtime 18:13 profiling] rps=0.1 (avg 0.1) tput_in=5545/s tput_out=82/s done=78 ok=78 err=0
                           ttft p50=420039ms p75=458473ms p95=508076ms p99=524344ms
                           itl  p50=38ms   p75=66ms   p95=108ms  p99=147ms
                           e2e  p50=442337ms p75=517869ms p95=607708ms p99=693869ms
                           intvty p50=26     p75=30     p95=39     p99=45 (1/tpot tok/s)
                           isl  p50=77,964    p75=104,624   p90=123,066   p99=190,149 (tokens)
                           osl  p50=587       p75=1,217     p90=3,132     p99=7,249 (tokens)
                           tot  in=6,052,542      out=89,905
                           trace theoretical_prefix_cache_hit=95.2%
                           srv  prefix_cache_hit=0.0% unique_in_srv=3,201,563,581 ext_cache_hit=30.4% kv_usage=87.2% queue=3r/26w tput_in_srv=4,937/s tput_out_srv=82/s
2026-06-03 17:13:59.601 - records_manager - INFO - [realtime 18:43 profiling] rps=0.0 (avg 0.1) tput_in=5446/s tput_out=82/s done=79 ok=79 err=0
                           ttft p50=414142ms p75=458329ms p95=507872ms p99=524229ms
                           itl  p50=38ms   p75=66ms   p95=108ms  p99=146ms
                           e2e  p50=439059ms p75=516436ms p95=606107ms p99=693325ms
                           intvty p50=26     p75=30     p95=39     p99=45 (1/tpot tok/s)
                           isl  p50=75,865    p75=104,592   p90=123,066   p99=190,149 (tokens)
                           osl  p50=624       p75=1,193     p90=3,128     p99=7,205 (tokens)
                           tot  in=6,056,500      out=90,703
                           trace theoretical_prefix_cache_hit=95.2%
                           srv  prefix_cache_hit=0.0% unique_in_srv=3,259,288,129 ext_cache_hit=30.4% kv_usage=95.4% queue=3r/29w tput_in_srv=4,917/s tput_out_srv=82/s
2026-06-03 17:14:29.878 - records_manager - INFO - [realtime 19:14 profiling] rps=0.1 (avg 0.1) tput_in=5541/s tput_out=82/s done=81 ok=81 err=0
                           ttft p50=414142ms p75=457482ms p95=507464ms p99=523998ms
                           itl  p50=38ms   p75=66ms   p95=107ms  p99=145ms
                           e2e  p50=439059ms p75=511526ms p95=602904ms p99=692236ms
                           intvty p50=26     p75=30     p95=38     p99=44 (1/tpot tok/s)
                           isl  p50=80,063    p75=106,932   p90=127,022   p99=190,149 (tokens)
                           osl  p50=629       p75=1,240     p90=3,119     p99=7,116 (tokens)
                           tot  in=6,321,062      out=93,771
                           trace theoretical_prefix_cache_hit=95.1%
                           srv  prefix_cache_hit=0.0% unique_in_srv=3,355,740,690 ext_cache_hit=31.8% kv_usage=79.8% queue=4r/27w tput_in_srv=4,938/s tput_out_srv=83/s
2026-06-03 17:15:00.171 - records_manager - INFO - [realtime 19:44 profiling] rps=0.1 (avg 0.1) tput_in=5807/s tput_out=84/s done=85 ok=85 err=0
                           ttft p50=408044ms p75=456386ms p95=506895ms p99=523537ms
                           itl  p50=37ms   p75=66ms   p95=105ms  p99=141ms
                           e2e  p50=433909ms p75=503323ms p95=598679ms p99=690059ms
                           intvty p50=27     p75=31     p95=39     p99=47 (1/tpot tok/s)
                           isl  p50=80,645    p75=109,372   p90=138,890   p99=190,254 (tokens)
                           osl  p50=629       p75=1,240     p90=3,028     p99=6,939 (tokens)
                           tot  in=6,780,868      out=97,693
                           trace theoretical_prefix_cache_hit=95.2%
                           srv  prefix_cache_hit=0.0% unique_in_srv=3,412,949,882 ext_cache_hit=34.2% kv_usage=81.2% queue=6r/23w tput_in_srv=5,104/s tput_out_srv=83/s
2026-06-03 17:15:30.508 - records_manager - INFO - [realtime 20:14 profiling] rps=0.1 (avg 0.1) tput_in=5879/s tput_out=83/s done=89 ok=89 err=0
                           ttft p50=390837ms p75=455981ms p95=506572ms p99=523075ms
                           itl  p50=38ms   p75=66ms   p95=102ms  p99=137ms
                           e2e  p50=432633ms p75=499973ms p95=596636ms p99=687882ms
                           intvty p50=27     p75=31     p95=39     p99=46 (1/tpot tok/s)
                           isl  p50=80,063    p75=106,932   p90=130,978   p99=190,231 (tokens)
                           osl  p50=624       p75=1,182     p90=2,865     p99=6,762 (tokens)
                           tot  in=7,062,764      out=99,374
                           trace theoretical_prefix_cache_hit=94.6%
                           srv  prefix_cache_hit=0.0% unique_in_srv=3,488,176,692 ext_cache_hit=35.9% kv_usage=99.6% queue=6r/24w tput_in_srv=5,213/s tput_out_srv=83/s
2026-06-03 17:16:00.823 - records_manager - INFO - [realtime 20:45 profiling] rps=0.1 (avg 0.1) tput_in=5839/s tput_out=81/s done=91 ok=91 err=0
                           ttft p50=362972ms p75=455824ms p95=506410ms p99=522845ms
                           itl  p50=38ms   p75=65ms   p95=100ms  p99=135ms
                           e2e  p50=430830ms p75=499918ms p95=595614ms p99=686793ms
                           intvty p50=27     p75=30     p95=39     p99=46 (1/tpot tok/s)
                           isl  p50=80,063    p75=109,145   p90=143,616   p99=190,219 (tokens)
                           osl  p50=629       p75=1,172     p90=2,784     p99=6,673 (tokens)
                           tot  in=7,261,224      out=101,278
                           trace theoretical_prefix_cache_hit=93.9%
                           srv  prefix_cache_hit=0.0% unique_in_srv=3,628,356,212 ext_cache_hit=37.1% kv_usage=96.5% queue=4r/27w tput_in_srv=5,134/s tput_out_srv=84/s
2026-06-03 17:16:31.134 - records_manager - INFO - [realtime 21:15 profiling] rps=0.2 (avg 0.1) tput_in=6020/s tput_out=86/s done=97 ok=97 err=0
                           ttft p50=361129ms p75=455094ms p95=505925ms p99=522153ms
                           itl  p50=38ms   p75=64ms   p95=95ms   p99=130ms
                           e2e  p50=411688ms p75=487177ms p95=592549ms p99=683528ms
                           intvty p50=26     p75=30     p95=40     p99=48 (1/tpot tok/s)
                           isl  p50=75,865    p75=106,932   p90=134,934   p99=190,184 (tokens)
                           osl  p50=630       p75=1,298     p90=2,848     p99=6,408 (tokens)
                           tot  in=7,649,479      out=108,836
                           trace theoretical_prefix_cache_hit=94.1%
                           srv  prefix_cache_hit=0.0% unique_in_srv=3,658,259,201 ext_cache_hit=38.0% kv_usage=79.2% queue=3r/26w tput_in_srv=5,216/s tput_out_srv=84/s
2026-06-03 17:17:01.497 - records_manager - INFO - [realtime 21:45 profiling] rps=0.1 (avg 0.1) tput_in=6010/s tput_out=84/s done=99 ok=99 err=0
                           ttft p50=360738ms p75=455005ms p95=505763ms p99=521922ms
                           itl  p50=38ms   p75=63ms   p95=93ms   p99=128ms
                           e2e  p50=409091ms p75=484622ms p95=591527ms p99=682439ms
                           intvty p50=26     p75=30     p95=39     p99=48 (1/tpot tok/s)
                           isl  p50=75,865    p75=104,719   p90=130,978   p99=190,172 (tokens)
                           osl  p50=629       p75=1,288     p90=2,800     p99=6,319 (tokens)
                           tot  in=7,800,333      out=109,224
                           trace theoretical_prefix_cache_hit=94.2%
                           srv  prefix_cache_hit=0.0% unique_in_srv=3,705,927,267 ext_cache_hit=38.5% kv_usage=88.7% queue=5r/26w tput_in_srv=5,318/s tput_out_srv=84/s
2026-06-03 17:17:31.884 - records_manager - INFO - [realtime 22:16 profiling] rps=0.1 (avg 0.1) tput_in=6036/s tput_out=85/s done=102 ok=102 err=0
                           ttft p50=351342ms p75=448395ms p95=505521ms p99=521576ms
                           itl  p50=39ms   p75=63ms   p95=91ms   p99=125ms
                           e2e  p50=400811ms p75=484359ms p95=589994ms p99=680806ms
                           intvty p50=26     p75=30     p95=39     p99=48 (1/tpot tok/s)
                           isl  p50=75,144    p75=104,624   p90=125,044   p99=190,155 (tokens)
                           osl  p50=630       p75=1,217     p90=2,726     p99=6,186 (tokens)
                           tot  in=7,932,595      out=111,320
                           trace theoretical_prefix_cache_hit=93.9%
                           srv  prefix_cache_hit=0.0% unique_in_srv=3,832,015,241 ext_cache_hit=39.1% kv_usage=86.3% queue=3r/30w tput_in_srv=5,297/s tput_out_srv=84/s
2026-06-03 17:18:02.331 - records_manager - INFO - [realtime 22:46 profiling] rps=0.1 (avg 0.1) tput_in=6133/s tput_out=83/s done=106 ok=106 err=0
                           ttft p50=340879ms p75=446077ms p95=505236ms p99=521427ms
                           itl  p50=38ms   p75=62ms   p95=89ms   p99=124ms
                           e2e  p50=385986ms p75=482606ms p95=588275ms p99=680062ms
                           intvty p50=26     p75=31     p95=39     p99=48 (1/tpot tok/s)
                           isl  p50=76,539    p75=105,826   p90=123,066   p99=190,149 (tokens)
                           osl  p50=626       p75=1,177     p90=2,700     p99=6,141 (tokens)
                           tot  in=8,325,843      out=113,062
                           trace theoretical_prefix_cache_hit=94.2%
                           srv  prefix_cache_hit=0.0% unique_in_srv=3,905,649,328 ext_cache_hit=40.9% kv_usage=89.3% queue=4r/27w tput_in_srv=5,413/s tput_out_srv=84/s
2026-06-03 17:18:32.748 - records_manager - INFO - [realtime 23:16 profiling] rps=0.1 (avg 0.1) tput_in=6214/s tput_out=84/s done=109 ok=109 err=0
                           ttft p50=332814ms p75=445648ms p95=505032ms p99=521393ms
                           itl  p50=38ms   p75=61ms   p95=87ms   p99=124ms
                           e2e  p50=365691ms p75=479881ms p95=587067ms p99=679862ms
                           intvty p50=26     p75=31     p95=39     p99=48 (1/tpot tok/s)
                           isl  p50=80,063    p75=107,702   p90=123,066   p99=190,149 (tokens)
                           osl  p50=629       p75=1,182     p90=2,698     p99=6,140 (tokens)
                           tot  in=8,636,030      out=116,461
                           trace theoretical_prefix_cache_hit=94.2%
                           srv  prefix_cache_hit=0.0% unique_in_srv=4,011,639,244 ext_cache_hit=41.7% kv_usage=71.5% queue=3r/28w tput_in_srv=5,442/s tput_out_srv=85/s
2026-06-03 17:19:03.183 - records_manager - INFO - [realtime 23:47 profiling] rps=0.1 (avg 0.1) tput_in=6268/s tput_out=87/s done=111 ok=111 err=0
                           ttft p50=330922ms p75=445256ms p95=504896ms p99=521370ms
                           itl  p50=38ms   p75=60ms   p95=86ms   p99=124ms
                           e2e  p50=365691ms p75=477711ms p95=586262ms p99=679729ms
                           intvty p50=27     p75=31     p95=39     p99=48 (1/tpot tok/s)
                           isl  p50=80,063    p75=109,145   p90=127,022   p99=190,149 (tokens)
                           osl  p50=630       p75=1,288     p90=2,751     p99=6,139 (tokens)
                           tot  in=8,862,072      out=122,396
                           trace theoretical_prefix_cache_hit=94.3%
                           srv  prefix_cache_hit=0.0% unique_in_srv=4,064,011,818 ext_cache_hit=41.9% kv_usage=76.0% queue=2r/29w tput_in_srv=5,365/s tput_out_srv=84/s
2026-06-03 17:19:33.628 - records_manager - INFO - [realtime 24:17 profiling] rps=0.1 (avg 0.1) tput_in=6247/s tput_out=85/s done=113 ok=113 err=0
                           ttft p50=313901ms p75=445112ms p95=504760ms p99=521348ms
                           itl  p50=38ms   p75=59ms   p95=86ms   p99=123ms
                           e2e  p50=365361ms p75=475636ms p95=585456ms p99=679596ms
                           intvty p50=27     p75=32     p95=40     p99=48 (1/tpot tok/s)
                           isl  p50=79,295    p75=107,702   p90=123,066   p99=190,149 (tokens)
                           osl  p50=629       p75=1,240     p90=2,702     p99=6,138 (tokens)
                           tot  in=9,006,299      out=122,731
                           trace theoretical_prefix_cache_hit=94.3%
                           srv  prefix_cache_hit=0.0% unique_in_srv=4,136,707,170 ext_cache_hit=42.8% kv_usage=97.0% queue=4r/27w tput_in_srv=5,516/s tput_out_srv=84/s
2026-06-03 17:20:04.127 - records_manager - INFO - [realtime 24:48 profiling] rps=0.1 (avg 0.1) tput_in=6170/s tput_out=85/s done=115 ok=115 err=0
                           ttft p50=307004ms p75=444968ms p95=504624ms p99=521325ms
                           itl  p50=37ms   p75=58ms   p95=85ms   p99=123ms
                           e2e  p50=364802ms p75=473560ms p95=584651ms p99=679463ms
                           intvty p50=27     p75=32     p95=40     p99=48 (1/tpot tok/s)
                           isl  p50=79,295    p75=109,145   p90=138,890   p99=190,149 (tokens)
                           osl  p50=630       p75=1,288     p90=2,701     p99=6,137 (tokens)
                           tot  in=9,164,800      out=125,784
                           trace theoretical_prefix_cache_hit=94.3%
                           srv  prefix_cache_hit=0.0% unique_in_srv=4,188,085,932 ext_cache_hit=42.8% kv_usage=81.1% queue=4r/26w tput_in_srv=5,462/s tput_out_srv=85/s
2026-06-03 17:20:34.590 - records_manager - INFO - [realtime 25:18 profiling] rps=0.0 (avg 0.1) tput_in=6153/s tput_out=84/s done=116 ok=116 err=0
                           ttft p50=306733ms p75=443981ms p95=504556ms p99=521314ms
                           itl  p50=37ms   p75=58ms   p95=84ms   p99=123ms
                           e2e  p50=364538ms p75=472698ms p95=584248ms p99=679396ms
                           intvty p50=27     p75=33     p95=40     p99=48 (1/tpot tok/s)
                           isl  p50=79,679    p75=109,485   p90=136,912   p99=190,149 (tokens)
                           osl  p50=630       p75=1,278     p90=2,700     p99=6,137 (tokens)
                           tot  in=9,279,379      out=126,053
                           trace theoretical_prefix_cache_hit=94.2%
                           srv  prefix_cache_hit=0.0% unique_in_srv=4,236,366,547 ext_cache_hit=43.3% kv_usage=98.5% queue=4r/28w tput_in_srv=5,490/s tput_out_srv=85/s
2026-06-03 17:21:05.063 - records_manager - INFO - [realtime 25:49 profiling] rps=0.1 (avg 0.1) tput_in=6193/s tput_out=84/s done=119 ok=119 err=0
                           ttft p50=304989ms p75=441022ms p95=504351ms p99=521280ms
                           itl  p50=37ms   p75=58ms   p95=83ms   p99=123ms
                           e2e  p50=364274ms p75=470113ms p95=583040ms p99=679196ms
                           intvty p50=27     p75=33     p95=40     p99=48 (1/tpot tok/s)
                           isl  p50=80,063    p75=110,504   p90=130,978   p99=190,149 (tokens)
                           osl  p50=629       p75=1,288     p90=2,800     p99=6,135 (tokens)
                           tot  in=9,571,527      out=130,241
                           trace theoretical_prefix_cache_hit=94.3%
                           srv  prefix_cache_hit=0.0% unique_in_srv=4,241,220,836 ext_cache_hit=42.4% kv_usage=88.8% queue=5r/25w tput_in_srv=5,507/s tput_out_srv=84/s
2026-06-03 17:21:35.549 - records_manager - INFO - [realtime 26:19 profiling] rps=0.1 (avg 0.1) tput_in=6161/s tput_out=83/s done=121 ok=121 err=0
                           ttft p50=304989ms p75=440190ms p95=504215ms p99=521257ms
                           itl  p50=38ms   p75=58ms   p95=82ms   p99=123ms
                           e2e  p50=362071ms p75=470069ms p95=582234ms p99=679063ms
                           intvty p50=27     p75=33     p95=40     p99=48 (1/tpot tok/s)
                           isl  p50=80,063    p75=110,051   p90=127,022   p99=190,149 (tokens)
                           osl  p50=629       p75=1,268     p90=2,751     p99=6,135 (tokens)
                           tot  in=9,724,044      out=131,179
                           trace theoretical_prefix_cache_hit=94.4%
                           srv  prefix_cache_hit=0.0% unique_in_srv=4,298,506,509 ext_cache_hit=42.2% kv_usage=72.5% queue=4r/26w tput_in_srv=5,484/s tput_out_srv=84/s
2026-06-03 17:22:06.056 - records_manager - INFO - [realtime 26:50 profiling] rps=0.0 (avg 0.1) tput_in=6174/s tput_out=83/s done=122 ok=122 err=0
                           ttft p50=303522ms p75=439774ms p95=504147ms p99=521246ms
                           itl  p50=38ms   p75=58ms   p95=82ms   p99=123ms
                           e2e  p50=358691ms p75=470047ms p95=581832ms p99=678997ms
                           intvty p50=27     p75=32     p95=40     p99=48 (1/tpot tok/s)
                           isl  p50=79,679    p75=109,824   p90=125,044   p99=190,149 (tokens)
                           osl  p50=626       p75=1,258     p90=2,726     p99=6,134 (tokens)
                           tot  in=9,774,953      out=131,574
                           trace theoretical_prefix_cache_hit=94.4%
                           srv  prefix_cache_hit=0.0% unique_in_srv=4,324,941,046 ext_cache_hit=41.6% kv_usage=94.3% queue=4r/28w tput_in_srv=5,413/s tput_out_srv=83/s
2026-06-03 17:22:36.553 - records_manager - INFO - [realtime 27:20 profiling] rps=0.1 (avg 0.1) tput_in=6170/s tput_out=84/s done=124 ok=124 err=0
                           ttft p50=302048ms p75=438101ms p95=503814ms p99=521223ms
                           itl  p50=38ms   p75=58ms   p95=81ms   p99=123ms
                           e2e  p50=363173ms p75=470023ms p95=580712ms p99=678863ms
                           intvty p50=26     p75=32     p95=40     p99=48 (1/tpot tok/s)
                           isl  p50=79,679    p75=110,278   p90=140,868   p99=190,612 (tokens)
                           osl  p50=630       p75=1,298     p90=2,922     p99=6,133 (tokens)
                           tot  in=10,014,763     out=136,567
                           trace theoretical_prefix_cache_hit=94.5%
                           srv  prefix_cache_hit=0.0% unique_in_srv=4,333,522,739 ext_cache_hit=41.0% kv_usage=88.7% queue=5r/25w tput_in_srv=5,455/s tput_out_srv=83/s
2026-06-03 17:22:40.243 - AgenticReplayTiming - INFO - Terminating trajectory 04b25fe5b2ffa5e7ec9890426cce59838a05 early at turn 60/98: context-overflow error from server
2026-06-03 17:23:07.058 - records_manager - INFO - [realtime 27:51 profiling] rps=0.1 (avg 0.1) tput_in=6150/s tput_out=83/s done=127 ok=127 err=0
                           ttft p50=303522ms p75=435584ms p95=503285ms p99=521201ms
                           itl  p50=38ms   p75=59ms   p95=89ms   p99=163ms
                           e2e  p50=364538ms p75=470019ms p95=579277ms p99=678730ms
                           intvty p50=26     p75=32     p95=40     p99=48 (1/tpot tok/s)
                           isl  p50=79,679    p75=110,822   p90=145,540   p99=190,600 (tokens)
                           osl  p50=630       p75=1,292     p90=2,873     p99=6,133 (tokens)
                           tot  in=10,240,092     out=137,680
                           trace theoretical_prefix_cache_hit=94.3%
                           srv  prefix_cache_hit=0.0% unique_in_srv=4,412,977,299 ext_cache_hit=40.7% kv_usage=55.0% queue=4r/28w tput_in_srv=5,432/s tput_out_srv=83/s
2026-06-03 17:23:37.638 - records_manager - INFO - [realtime 28:21 profiling] rps=0.0 (avg 0.1) tput_in=6075/s tput_out=82/s done=128 ok=128 err=0
                           ttft p50=304989ms p75=434326ms p95=503020ms p99=521189ms
                           itl  p50=38ms   p75=60ms   p95=89ms   p99=163ms
                           e2e  p50=364802ms p75=470026ms p95=578560ms p99=678664ms
                           intvty p50=26     p75=32     p95=40     p99=48 (1/tpot tok/s)
                           isl  p50=79,295    p75=110,504   p90=145,155   p99=190,594 (tokens)
                           osl  p50=630       p75=1,302     p90=2,848     p99=6,132 (tokens)
                           tot  in=10,292,764     out=139,518
                           trace theoretical_prefix_cache_hit=94.3%
                           srv  prefix_cache_hit=0.0% unique_in_srv=4,421,857,850 ext_cache_hit=40.0% kv_usage=93.9% queue=6r/26w tput_in_srv=5,459/s tput_out_srv=82/s
2026-06-03 17:24:08.183 - records_manager - INFO - [realtime 28:52 profiling] rps=0.1 (avg 0.1) tput_in=6123/s tput_out=82/s done=132 ok=132 err=0
                           ttft p50=306967ms p75=433124ms p95=501961ms p99=521144ms
                           itl  p50=38ms   p75=63ms   p95=88ms   p99=160ms
                           e2e  p50=365691ms p75=470017ms p95=575691ms p99=678397ms
                           intvty p50=26     p75=32     p95=39     p99=47 (1/tpot tok/s)
                           isl  p50=78,116    p75=109,598   p90=143,616   p99=190,571 (tokens)
                           osl  p50=629       p75=1,302     p90=2,751     p99=6,131 (tokens)
                           tot  in=10,562,059     out=141,916
                           trace theoretical_prefix_cache_hit=94.4%
                           srv  prefix_cache_hit=0.0% unique_in_srv=4,464,601,038 ext_cache_hit=39.8% kv_usage=83.1% queue=6r/25w tput_in_srv=5,472/s tput_out_srv=82/s
2026-06-03 17:24:38.736 - records_manager - INFO - [realtime 29:22 profiling] rps=0.0 (avg 0.1) tput_in=6098/s tput_out=82/s done=133 ok=133 err=0
                           ttft p50=306985ms p75=433045ms p95=501696ms p99=521133ms
                           itl  p50=39ms   p75=63ms   p95=88ms   p99=160ms
                           e2e  p50=368743ms p75=469825ms p95=574974ms p99=678330ms
                           intvty p50=26     p75=32     p95=39     p99=47 (1/tpot tok/s)
                           isl  p50=77,664    p75=109,485   p90=143,231   p99=190,565 (tokens)
                           osl  p50=626       p75=1,298     p90=2,726     p99=6,130 (tokens)
                           tot  in=10,628,689     out=142,083
                           trace theoretical_prefix_cache_hit=94.4%
                           srv  prefix_cache_hit=0.0% unique_in_srv=4,491,252,778 ext_cache_hit=39.5% kv_usage=76.7% queue=5r/27w tput_in_srv=5,498/s tput_out_srv=82/s
2026-06-03 17:25:09.369 - records_manager - INFO - [realtime 29:53 profiling] rps=0.1 (avg 0.1) tput_in=6105/s tput_out=81/s done=136 ok=136 err=0
                           ttft p50=313901ms p75=432808ms p95=500902ms p99=521099ms
                           itl  p50=39ms   p75=65ms   p95=87ms   p99=158ms
                           e2e  p50=375206ms p75=470017ms p95=572822ms p99=678131ms
                           intvty p50=26     p75=31     p95=39     p99=47 (1/tpot tok/s)
                           isl  p50=78,116    p75=110,504   p90=138,890   p99=190,547 (tokens)
                           osl  p50=629       p75=1,302     p90=2,701     p99=6,129 (tokens)
                           tot  in=10,883,248     out=144,836
                           trace theoretical_prefix_cache_hit=94.5%
                           srv  prefix_cache_hit=0.0% unique_in_srv=4,500,021,976 ext_cache_hit=38.8% kv_usage=91.2% queue=5r/27w tput_in_srv=5,480/s tput_out_srv=81/s
2026-06-03 17:25:15.791 - PhaseRunner - INFO - Timeout of 1799.999426923s elapsed for event 'profiling phase sending'
2026-06-03 17:25:15.792 - PhaseRunner - NOTICE - Phase profiling sending complete | sent=168, completed=137, in_flight=31 | sessions: sent=4, completed=1 | timeout_triggered=True
2026-06-03 17:25:15.792 - PhaseRunner - INFO - Waiting for event 'profiling phase credits returned' with timeout of 29.9990143739999s
2026-06-03 17:25:15.792 - records_manager - INFO - Sent 168 requests. Waiting for all to complete...
2026-06-03 17:25:39.953 - records_manager - INFO - [realtime 30:24 profiling] rps=0.1 (avg 0.1) tput_in=6138/s tput_out=80/s done=139 ok=139 err=0
                           ttft p50=323458ms p75=431295ms p95=500107ms p99=521065ms
                           itl  p50=39ms   p75=65ms   p95=94ms   p99=176ms
                           e2e  p50=379299ms p75=469442ms p95=570670ms p99=677931ms
                           intvty p50=26     p75=31     p95=39     p99=47 (1/tpot tok/s)
                           isl  p50=79,679    p75=110,760   p90=132,956   p99=190,530 (tokens)
                           osl  p50=600       p75=1,292     p90=2,699     p99=6,128 (tokens)
                           tot  in=11,188,668     out=145,231
                           trace theoretical_prefix_cache_hit=94.5%
                           srv  prefix_cache_hit=0.0% unique_in_srv=4,509,135,664 ext_cache_hit=38.3% kv_usage=68.3% queue=4r/25w tput_in_srv=5,526/s tput_out_srv=81/s
2026-06-03 17:25:45.791 - PhaseRunner - INFO - Timeout of 29.9990143739999s elapsed for event 'profiling phase credits returned'
2026-06-03 17:25:45.791 - PhaseRunner - WARNING - Phase profiling timed out, cancelling all credits. Stats: sent=168, completed=140, cancelled=0, in_flight=28
2026-06-03 17:25:45.792 - StickyCreditRouter_8b47331d - INFO - Sent cancellation requests for 28 in-flight credits across 26 workers
2026-06-03 17:25:45.792 - PhaseRunner - INFO - Waiting for all cancelled credits to be returned for phase profiling. Need 28 more credits.
2026-06-03 17:25:45.794 - PhaseRunner - INFO - All cancelled credits returned for phase profiling
2026-06-03 17:25:45.794 - PhaseRunner - NOTICE - Phase profiling complete | completed=140, cancelled=28, errors=0 | sessions: completed=1, cancelled=1 | elapsed=1830.00s | grace_period_timeout=True
2026-06-03 17:25:45.795 - aiperf.timing.branch_orchestrator - INFO - BranchOrchestrator stats: spawned=2 completed=1 errored=0 suspended=1 resumed=0 parents_failed_due_to_child_error=0 joins_suppressed=1
2026-06-03 17:25:45.795 - PhaseOrchestrator_90968838 - NOTICE - All credits completed
2026-06-03 17:25:45.795 - system_controller - INFO - Received credits complete from 'timing_manager'
2026-06-03 17:25:45.795 - records_manager - INFO - Received CREDIT_PHASE_COMPLETE message, Phase complete: PhaseRecordsStats(phase=CreditPhase.PROFILING, start_ns=1780505715791336605, sent_end_ns=1780507515792012557, requests_end_ns=1780507545794862825, total_expected_requests=None, expected_duration_sec=None, expected_num_sessions=None, expected_grace_period_sec=None, final_requests_sent=None, final_requests_completed=140, final_requests_cancelled=28, final_request_errors=0, final_sent_sessions=None, final_completed_sessions=None, final_cancelled_sessions=None, timeout_triggered=True, grace_period_timeout_triggered=True, was_cancelled=False, records_end_ns=None, success_records=140, error_records=0)
2026-06-03 17:25:45.796 - records_manager - NOTICE - All requests have completed, please wait for the results to be processed (currently 140 of 140 records processed)...
2026-06-03 17:25:45.796 - records_manager - INFO - Processed 140 valid requests and 0 errors (140 total).
2026-06-03 17:25:45.796 - records_manager - INFO - Received all records, processing now...
2026-06-03 17:25:45.796 - records_manager - INFO - All credits complete, please wait for the results to be processed...
2026-06-03 17:25:45.797 - server_metrics_manager - INFO - Server Metrics: Profiling complete, capturing final metrics...
2026-06-03 17:25:45.798 - records_manager - INFO - Waiting 2.0s for server metrics flush period...
2026-06-03 17:25:47.795 - records_manager - INFO - Processing records results...
2026-06-03 17:25:50.386 - RecordExportJSONLWriter_c1036228 - WARNING - Timeout waiting for 0 pending flush tasks during shutdown. Cancelling tasks and proceeding with cleanup.
2026-06-03 17:25:50.527 - system_controller - INFO - Waiting for server metrics results...
2026-06-03 17:25:50.528 - system_controller - INFO - Waiting for server metrics results...
2026-06-03 17:25:51.634 - records_manager - INFO - _finalize_and_process_results completed
2026-06-03 17:25:51.938 - system_controller - INFO - All results received, initiating shutdown
2026-06-03 17:25:52.773 - ExporterManager - INFO - Exporting all records
2026-06-03 17:25:53.040 - aiperf.common.scenario.validator - INFO - Scenario 'inferencex-agentx-mvp': setting timing_mode=agentic_replay (was at default request_rate).
2026-06-03 17:25:53.832 - aiperf.common.scenario.validator - INFO - Scenario 'inferencex-agentx-mvp': setting timing_mode=agentic_replay (was at default request_rate).
2026-06-03 17:25:53.900 - ExporterManager - INFO - Exporting console data
