2026-06-03 08:45:49.989 - aiperf.cli_runner - INFO - Starting AIPerf System
2026-06-03 08:45:50.468 - system_controller - INFO - Registered Gpu Telemetry Manager (id: 'gpu_telemetry_manager')
2026-06-03 08:45:50.496 - system_controller - INFO - Registered Dataset Manager (id: 'dataset_manager')
2026-06-03 08:45:50.509 - server_metrics_manager - INFO - Server Metrics: Discovered 1 endpoints: ['http://localhost:8888/metrics']
2026-06-03 08:45:50.565 - system_controller - INFO - Registered Worker Manager (id: 'worker_manager')
2026-06-03 08:45:50.633 - system_controller - INFO - Registered Server Metrics Manager (id: 'server_metrics_manager')
2026-06-03 08:45:50.732 - system_controller - INFO - Registered Record Processor (id: 'record_processor_3b769e7c')
2026-06-03 08:45:50.766 - system_controller - INFO - Registered Worker (id: 'worker_75f67916')
2026-06-03 08:45:50.768 - system_controller - INFO - Registered Worker (id: 'worker_40f75321')
2026-06-03 08:45:50.768 - system_controller - INFO - Registered Worker (id: 'worker_d8c87bdd')
2026-06-03 08:45:50.769 - system_controller - INFO - Registered Worker (id: 'worker_49233c53')
2026-06-03 08:45:50.774 - system_controller - INFO - Registered Worker (id: 'worker_99527d40')
2026-06-03 08:45:50.777 - system_controller - INFO - Registered Worker (id: 'worker_e13494ac')
2026-06-03 08:45:50.780 - system_controller - INFO - Registered Worker (id: 'worker_96e5b015')
2026-06-03 08:45:50.790 - system_controller - INFO - Registered Record Processor (id: 'record_processor_686491aa')
2026-06-03 08:45:50.810 - system_controller - INFO - Registered Timing Manager (id: 'timing_manager')
2026-06-03 08:45:50.816 - system_controller - INFO - Registered Worker (id: 'worker_08ba9d70')
2026-06-03 08:45:50.949 - GPUTelemetryJSONLWriter_d7164fd3 - INFO - GPU telemetry export enabled: /workspace/results/aiperf_artifacts/gpu_telemetry_export.jsonl
2026-06-03 08:45:50.951 - RecordExportJSONLWriter_f2866ffe - INFO - Record metrics export enabled: /workspace/results/aiperf_artifacts/profile_export.jsonl
2026-06-03 08:45:50.986 - system_controller - INFO - Registered Records Manager (id: 'records_manager')
2026-06-03 08:45:51.396 - system_controller - INFO - AIPerf System is CONFIGURING
2026-06-03 08:45:51.396 - system_controller - INFO - Configuring all services to start profiling
2026-06-03 08:45:51.398 - timing_manager - INFO - Waiting for dataset to be configured before configuring timing
2026-06-03 08:45:51.398 - InferenceResultParser_5575a829 - INFO - Tokenization is disabled for this endpoint, skipping tokenizer configuration
2026-06-03 08:45:51.398 - InferenceResultParser_39446f2e - INFO - Tokenization is disabled for this endpoint, skipping tokenizer configuration
2026-06-03 08:45:51.407 - system_controller - INFO - GPU telemetry disabled - no DCGM endpoints reachable
2026-06-03 08:45:51.418 - server_metrics_manager - INFO - Server Metrics: Capturing baseline metrics...
2026-06-03 08:45:51.433 - dataset_manager - INFO - Memory-mapped dataset cache HIT (key=a89c8d7d3f52d83cd608ced66434c13c); skipping tokenizer + composer.
2026-06-03 08:45:51.445 - http://localhost:8888/metrics - INFO - Skipping unsupported summary metric: http_request_size_bytes
2026-06-03 08:45:51.446 - http://localhost:8888/metrics - INFO - Skipping unsupported summary metric: http_response_size_bytes
2026-06-03 08:45:51.448 - system_controller - INFO - Server metrics enabled - 1/1 endpoint(s) reachable.
2026-06-03 08:45:51.921 - aiperf.dataset.mmap_cache - INFO - Restored mmap cache file dataset.dat via copy in 0.488s (1.24 GiB)
2026-06-03 08:45:51.922 - aiperf.dataset.mmap_cache - INFO - Restored mmap cache file index.dat via copy in 0.001s (0.00 GiB)
2026-06-03 08:45:51.922 - aiperf.dataset.mmap_cache - INFO - Restored mmap cache files in 0.489s via dataset=copy index=copy (dataset=1.24 GiB, index=0.00 GiB)
2026-06-03 08:45:52.079 - dataset_manager - INFO - sampling strategy: sequential, unique conversations: 678, unique turn count: 52915
2026-06-03 08:45:52.306 - aiperf.timing.trajectory_source - INFO - TrajectorySource: built 8 trajectories from 225 traces
  range cfg=[0.25, 0.75]  observed sample pct: min= 27% median= 52% max= 69%
    lane=00  sample_time= 39%  root_next= 14/32  ( 44% turns)  live=1 ready=1  trace_id=00e7d11db2db59f44a87b4110175b11d1af3
    lane=01  sample_time= 55%  root_next= 15/28  ( 54% turns)  live=1 ready=1  trace_id=01fece675b92efe07620225cd69c3884f774
    lane=02  sample_time= 55%  root_next=306/594 ( 52% turns)  live=1 ready=1  trace_id=0275949f4db511444909fe92b12f7e921e4a
    lane=03  sample_time= 27%  root_next= 13/27  ( 48% turns)  live=1 ready=1  trace_id=03be8f1eb1e9e620f46bd07068d6ab1aaae3
    lane=04  sample_time= 40%  root_next= 71/151 ( 47% turns)  live=1 ready=1  trace_id=0475b786230f3f2e24220d28e247eaee2dae
    lane=05  sample_time= 50%  root_next= 56/99  ( 57% turns)  live=1 ready=1  trace_id=04b25fe5b2ffa5e7ec9890426cce59838a05
    lane=06  sample_time= 69%  root_next= 10/20  ( 50% turns)  live=1 ready=1  trace_id=06385769df23204ac35c53ad431cf42f7c02
    lane=07  sample_time= 63%  root_next= 53/80  ( 66% turns)  live=1 ready=1  trace_id=07fc71985fbafc8e1abb181b7d28b8349f45
2026-06-03 08:45:52.307 - PhaseOrchestrator_d810d515 - INFO - Initialized 2 phase(s): ['Warmup', 'Profiling']
2026-06-03 08:45:52.363 - dataset_manager - INFO - Dataset client initialized and freed 0 conversations from memory
2026-06-03 08:45:52.364 - system_controller - INFO - All services configured in 0.97 seconds
2026-06-03 08:45:52.364 - system_controller - INFO - AIPerf System is CONFIGURED
2026-06-03 08:45:52.365 - server_metrics_manager - INFO - Server Metrics: Started 1 collector(s) successfully
2026-06-03 08:45:52.375 - PhaseRunner - NOTICE - Phase warmup started | target: 8 requests
2026-06-03 08:45:52.375 - AgenticReplayTiming - INFO - WARMUP execute: dispatching 8 trajectory credits
2026-06-03 08:45:52.376 - PhaseRunner - NOTICE - Phase warmup sending complete | sent=8, completed=0, in_flight=8
2026-06-03 08:45:52.426 - records_manager - INFO - Credit phase start: warmup
2026-06-03 08:45:52.448 - system_controller - INFO - All services started profiling successfully
2026-06-03 08:45:52.448 - system_controller - INFO - AIPerf System is PROFILING
2026-06-03 08:47:59.497 - PhaseRunner - NOTICE - Phase warmup complete | completed=8, cancelled=0, errors=0 | elapsed=127.12s
2026-06-03 08:47:59.497 - aiperf.timing.branch_orchestrator - INFO - BranchOrchestrator stats: spawned=0 completed=0 errored=0 suspended=0 resumed=0 parents_failed_due_to_child_error=0 joins_suppressed=0
2026-06-03 08:47:59.510 - AgenticReplayTiming - INFO - PROFILING setup: trajectories=8 traces, recycle_queue=225 traces (full pool)
2026-06-03 08:47:59.510 - PhaseRunner - NOTICE - Phase profiling started | target: 1800.0s duration
2026-06-03 08:47:59.510 - PhaseRunner - INFO - Waiting for event 'profiling phase sending' with timeout of 1799.999497931s
2026-06-03 08:47:59.511 - AgenticReplayTiming - INFO - PROFILING execute: resuming 8 trajectory sessions
2026-06-03 08:47:59.511 - records_manager - INFO - Credit phase start: profiling
2026-06-03 08:48:21.019 - records_manager - INFO - [realtime 00:21 profiling] rps=0.4 (avg 0.4) tput_in=34451/s tput_out=49/s done=5 ok=5 err=0
                           ttft p50=1153ms p75=1164ms p95=1296ms p99=1323ms
                           itl  p50=17ms   p75=17ms   p95=23ms   p99=24ms
                           e2e  p50=3356ms p75=4579ms p95=5961ms p99=6237ms
                           intvty p50=60     p75=60     p95=62     p99=62 (1/tpot tok/s)
                           isl  p50=84,051    p75=88,320    p90=149,417   p99=186,076 (tokens)
                           osl  p50=91        p75=196       p90=269       p99=312 (tokens)
                           tot  in=472,993        out=669
                           trace theoretical_prefix_cache_hit=99.6%
                           srv  prefix_cache_hit=49.9% unique_in_srv=742,938 kv_usage=20.9% queue=2r/0w tput_in_srv=9,927/s tput_out_srv=43/s
2026-06-03 08:48:51.053 - records_manager - INFO - [realtime 00:51 profiling] rps=0.1 (avg 0.2) tput_in=18211/s tput_out=72/s done=9 ok=9 err=0
                           ttft p50=993ms  p75=1153ms p95=1263ms p99=1316ms
                           itl  p50=21ms   p75=24ms   p95=25ms   p99=25ms
                           e2e  p50=4915ms p75=6306ms p95=19962ms p99=24171ms
                           intvty p50=48     p75=60     p95=62     p99=62 (1/tpot tok/s)
                           isl  p50=73,513    p75=88,320    p90=109,769   p99=182,111 (tokens)
                           osl  p50=199       p75=317       p90=619       p99=1,117 (tokens)
                           tot  in=700,153        out=2,750
                           trace theoretical_prefix_cache_hit=98.6%
                           srv  prefix_cache_hit=55.4% unique_in_srv=778,269 kv_usage=23.7% queue=3r/0w tput_in_srv=9,728/s tput_out_srv=54/s
2026-06-03 08:49:21.151 - records_manager - INFO - [realtime 01:21 profiling] rps=0.2 (avg 0.2) tput_in=14644/s tput_out=56/s done=15 ok=15 err=0
                           ttft p50=739ms  p75=1103ms p95=1713ms p99=2428ms
                           itl  p50=25ms   p75=34ms   p95=40ms   p99=41ms
                           e2e  p50=6001ms p75=12311ms p95=25224ms p99=25225ms
                           intvty p50=41     p75=54     p95=61     p99=62 (1/tpot tok/s)
                           isl  p50=64,233    p75=84,282    p90=89,132    p99=176,082 (tokens)
                           osl  p50=199       p75=346       p90=570       p99=1,096 (tokens)
                           tot  in=1,096,987      out=4,204
                           trace theoretical_prefix_cache_hit=95.9%
                           srv  prefix_cache_hit=68.8% unique_in_srv=782,792 kv_usage=52.1% queue=6r/0w tput_in_srv=11,970/s tput_out_srv=65/s
2026-06-03 08:49:51.234 - records_manager - INFO - [realtime 01:51 profiling] rps=0.3 (avg 0.2) tput_in=19081/s tput_out=91/s done=24 ok=24 err=0
                           ttft p50=787ms  p75=1156ms p95=4561ms p99=6067ms
                           itl  p50=28ms   p75=35ms   p95=41ms   p99=42ms
                           e2e  p50=6264ms p75=13236ms p95=38070ms p99=71503ms
                           intvty p50=36     p75=42     p95=60     p99=62 (1/tpot tok/s)
                           isl  p50=73,774    p75=85,660    p90=154,263   p99=190,149 (tokens)
                           osl  p50=214       p75=332       p90=960       p99=2,664 (tokens)
                           tot  in=1,976,191      out=9,441
                           trace theoretical_prefix_cache_hit=95.1%
                           srv  prefix_cache_hit=74.2% unique_in_srv=840,567 kv_usage=42.2% queue=4r/0w tput_in_srv=13,601/s tput_out_srv=69/s
2026-06-03 08:50:21.334 - records_manager - INFO - [realtime 02:21 profiling] rps=0.2 (avg 0.2) tput_in=18611/s tput_out=96/s done=29 ok=29 err=0
                           ttft p50=739ms  p75=1153ms p95=4498ms p99=5972ms
                           itl  p50=31ms   p75=36ms   p95=41ms   p99=44ms
                           e2e  p50=6354ms p75=15292ms p95=62254ms p99=79707ms
                           intvty p50=32     p75=41     p95=60     p99=62 (1/tpot tok/s)
                           isl  p50=74,423    p75=88,320    p90=127,311   p99=190,149 (tokens)
                           osl  p50=236       p75=348       p90=1,116     p99=2,809 (tokens)
                           tot  in=2,395,882      out=12,355
                           trace theoretical_prefix_cache_hit=95.1%
                           srv  prefix_cache_hit=76.3% unique_in_srv=874,734 kv_usage=43.2% queue=4r/0w tput_in_srv=13,690/s tput_out_srv=72/s
2026-06-03 08:50:51.444 - records_manager - INFO - [realtime 02:51 profiling] rps=0.2 (avg 0.2) tput_in=17145/s tput_out=84/s done=35 ok=35 err=0
                           ttft p50=631ms  p75=1128ms p95=4422ms p99=5857ms
                           itl  p50=31ms   p75=37ms   p95=42ms   p99=44ms
                           e2e  p50=7820ms p75=15928ms p95=51295ms p99=79470ms
                           intvty p50=32     p75=41     p95=60     p99=62 (1/tpot tok/s)
                           isl  p50=79,295    p75=86,848    p90=124,568   p99=190,149 (tokens)
                           osl  p50=236       p75=423       p90=913       p99=2,745 (tokens)
                           tot  in=2,893,603      out=14,163
                           trace theoretical_prefix_cache_hit=95.3%
                           srv  prefix_cache_hit=78.7% unique_in_srv=878,396 kv_usage=38.4% queue=4r/0w tput_in_srv=13,767/s tput_out_srv=79/s
2026-06-03 08:51:21.553 - records_manager - INFO - [realtime 03:22 profiling] rps=0.1 (avg 0.2) tput_in=16808/s tput_out=91/s done=39 ok=39 err=0
                           ttft p50=631ms  p75=1078ms p95=4371ms p99=5781ms
                           itl  p50=31ms   p75=36ms   p95=41ms   p99=44ms
                           e2e  p50=8346ms p75=17208ms p95=77259ms p99=88131ms
                           intvty p50=32     p75=40     p95=60     p99=62 (1/tpot tok/s)
                           isl  p50=80,138    p75=88,997    p90=141,712   p99=190,512 (tokens)
                           osl  p50=247       p75=498       p90=1,116     p99=2,953 (tokens)
                           tot  in=3,353,476      out=18,194
                           trace theoretical_prefix_cache_hit=95.9%
                           srv  prefix_cache_hit=80.7% unique_in_srv=883,647 kv_usage=37.1% queue=5r/0w tput_in_srv=13,857/s tput_out_srv=83/s
2026-06-03 08:51:51.688 - records_manager - INFO - [realtime 03:52 profiling] rps=0.3 (avg 0.2) tput_in=17706/s tput_out=96/s done=48 ok=48 err=0
                           ttft p50=638ms  p75=1011ms p95=4139ms p99=5609ms
                           itl  p50=34ms   p75=37ms   p95=42ms   p99=44ms
                           e2e  p50=9484ms p75=19024ms p95=64080ms p99=87068ms
                           intvty p50=30     p75=39     p95=60     p99=61 (1/tpot tok/s)
                           isl  p50=80,782    p75=88,658    p90=133,043   p99=190,460 (tokens)
                           osl  p50=252       p75=526       p90=1,055     p99=2,915 (tokens)
                           tot  in=4,071,225      out=22,112
                           trace theoretical_prefix_cache_hit=96.4%
                           srv  prefix_cache_hit=83.4% unique_in_srv=888,794 kv_usage=42.4% queue=4r/0w tput_in_srv=14,874/s tput_out_srv=87/s
2026-06-03 08:52:21.823 - records_manager - INFO - [realtime 04:22 profiling] rps=0.0 (avg 0.2) tput_in=17706/s tput_out=96/s done=48 ok=48 err=0
                           ttft p50=638ms  p75=1011ms p95=4139ms p99=5609ms
                           itl  p50=34ms   p75=37ms   p95=42ms   p99=44ms
                           e2e  p50=9484ms p75=19024ms p95=64080ms p99=87068ms
                           intvty p50=30     p75=39     p95=60     p99=61 (1/tpot tok/s)
                           isl  p50=80,782    p75=88,658    p90=133,043   p99=190,460 (tokens)
                           osl  p50=252       p75=526       p90=1,055     p99=2,915 (tokens)
                           tot  in=4,071,225      out=22,112
                           trace theoretical_prefix_cache_hit=96.4%
                           srv  prefix_cache_hit=84.2% unique_in_srv=900,937 kv_usage=70.2% queue=8r/0w tput_in_srv=14,638/s tput_out_srv=93/s
2026-06-03 08:52:51.962 - records_manager - INFO - [realtime 04:52 profiling] rps=0.1 (avg 0.2) tput_in=15951/s tput_out=102/s done=52 ok=52 err=0
                           ttft p50=640ms  p75=1031ms p95=4021ms p99=5533ms
                           itl  p50=34ms   p75=40ms   p95=43ms   p99=44ms
                           e2e  p50=11436ms p75=25224ms p95=78641ms p99=125429ms
                           intvty p50=29     p75=37     p95=59     p99=61 (1/tpot tok/s)
                           isl  p50=82,739    p75=90,560    p90=136,203   p99=190,436 (tokens)
                           osl  p50=276       p75=652       p90=1,095     p99=3,714 (tokens)
                           tot  in=4,533,511      out=29,005
                           trace theoretical_prefix_cache_hit=96.6%
                           srv  prefix_cache_hit=84.4% unique_in_srv=903,464 kv_usage=41.5% queue=5r/0w tput_in_srv=13,806/s tput_out_srv=96/s
2026-06-03 08:53:22.119 - records_manager - INFO - [realtime 05:22 profiling] rps=0.1 (avg 0.2) tput_in=15457/s tput_out=104/s done=55 ok=55 err=0
                           ttft p50=634ms  p75=1038ms p95=3932ms p99=5476ms
                           itl  p50=35ms   p75=40ms   p95=43ms   p99=44ms
                           e2e  p50=12071ms p75=25520ms p95=80992ms p99=123420ms
                           intvty p50=29     p75=36     p95=59     p99=61 (1/tpot tok/s)
                           isl  p50=81,427    p75=89,964    p90=135,510   p99=190,419 (tokens)
                           osl  p50=283       p75=712       p90=1,165     p99=3,677 (tokens)
                           tot  in=4,767,157      out=32,198
                           trace theoretical_prefix_cache_hit=96.7%
                           srv  prefix_cache_hit=84.9% unique_in_srv=905,748 kv_usage=39.9% queue=4r/0w tput_in_srv=13,357/s tput_out_srv=99/s
2026-06-03 08:53:46.958 - AgenticReplayTiming - INFO - Terminating trajectory 04b25fe5b2ffa5e7ec9890426cce59838a05 early at turn 60/98: context-overflow error from server
2026-06-03 08:53:52.308 - records_manager - INFO - [realtime 05:52 profiling] rps=0.4 (avg 0.2) tput_in=16299/s tput_out=121/s done=66 ok=66 err=0
                           ttft p50=645ms  p75=1023ms p95=3621ms p99=5285ms
                           itl  p50=35ms   p75=40ms   p95=43ms   p99=45ms
                           e2e  p50=10802ms p75=25815ms p95=90375ms p99=137474ms
                           intvty p50=29     p75=36     p95=57     p99=61 (1/tpot tok/s)
                           isl  p50=84,051    p75=90,255    p90=137,400   p99=190,968 (tokens)
                           osl  p50=283       p75=735       p90=2,035     p99=3,665 (tokens)
                           tot  in=5,639,185      out=41,947
                           trace theoretical_prefix_cache_hit=97.0%
                           srv  prefix_cache_hit=86.1% unique_in_srv=954,895 kv_usage=39.3% queue=5r/0w tput_in_srv=14,336/s tput_out_srv=99/s
2026-06-03 08:54:22.546 - records_manager - INFO - [realtime 06:23 profiling] rps=0.3 (avg 0.2) tput_in=16503/s tput_out=117/s done=74 ok=74 err=0
                           ttft p50=654ms  p75=1028ms p95=3352ms p99=5133ms
                           itl  p50=36ms   p75=40ms   p95=43ms   p99=45ms
                           e2e  p50=10236ms p75=25815ms p95=85894ms p99=134710ms
                           intvty p50=28     p75=36     p95=53     p99=61 (1/tpot tok/s)
                           isl  p50=84,120    p75=90,255    p90=137,722   p99=190,916 (tokens)
                           osl  p50=269       p75=735       p90=1,861     p99=3,580 (tokens)
                           tot  in=6,253,352      out=44,376
                           trace theoretical_prefix_cache_hit=96.6%
                           srv  prefix_cache_hit=86.9% unique_in_srv=976,884 kv_usage=34.2% queue=5r/0w tput_in_srv=14,556/s tput_out_srv=101/s
2026-06-03 08:54:52.754 - records_manager - INFO - [realtime 06:53 profiling] rps=0.2 (avg 0.2) tput_in=16243/s tput_out=115/s done=80 ok=80 err=0
                           ttft p50=665ms  p75=1025ms p95=3150ms p99=5019ms
                           itl  p50=36ms   p75=41ms   p95=45ms   p99=53ms
                           e2e  p50=10802ms p75=25520ms p95=82533ms p99=132638ms
                           intvty p50=28     p75=36     p95=49     p99=61 (1/tpot tok/s)
                           isl  p50=84,120    p75=89,964    p90=136,756   p99=190,877 (tokens)
                           osl  p50=269       p75=712       p90=1,544     p99=3,516 (tokens)
                           tot  in=6,638,799      out=47,039
                           trace theoretical_prefix_cache_hit=96.4%
                           srv  prefix_cache_hit=87.1% unique_in_srv=1,022,745 kv_usage=41.4% queue=5r/0w tput_in_srv=14,621/s tput_out_srv=102/s
2026-06-03 08:55:22.976 - records_manager - INFO - [realtime 07:23 profiling] rps=0.2 (avg 0.2) tput_in=15920/s tput_out=111/s done=86 ok=86 err=0
                           ttft p50=645ms  p75=1023ms p95=2988ms p99=4904ms
                           itl  p50=36ms   p75=41ms   p95=45ms   p99=53ms
                           e2e  p50=10802ms p75=25815ms p95=81293ms p99=130565ms
                           intvty p50=28     p75=36     p95=48     p99=61 (1/tpot tok/s)
                           isl  p50=84,051    p75=88,565    p90=135,510   p99=190,839 (tokens)
                           osl  p50=269       p75=674       p90=1,322     p99=3,453 (tokens)
                           tot  in=6,992,875      out=48,664
                           trace theoretical_prefix_cache_hit=96.5%
                           srv  prefix_cache_hit=87.1% unique_in_srv=1,071,630 kv_usage=46.7% queue=7r/0w tput_in_srv=14,589/s tput_out_srv=104/s
2026-06-03 08:55:53.216 - records_manager - INFO - [realtime 07:53 profiling] rps=0.2 (avg 0.2) tput_in=15369/s tput_out=108/s done=92 ok=92 err=0
                           ttft p50=634ms  p75=1015ms p95=2845ms p99=4790ms
                           itl  p50=36ms   p75=41ms   p95=45ms   p99=53ms
                           e2e  p50=10802ms p75=26093ms p95=81113ms p99=128493ms
                           intvty p50=27     p75=35     p95=48     p99=60 (1/tpot tok/s)
                           isl  p50=81,427    p75=88,356    p90=134,123   p99=190,800 (tokens)
                           osl  p50=267       p75=678       p90=1,172     p99=3,389 (tokens)
                           tot  in=7,200,647      out=50,825
                           trace theoretical_prefix_cache_hit=95.8%
                           srv  prefix_cache_hit=87.1% unique_in_srv=1,093,693 kv_usage=42.9% queue=6r/0w tput_in_srv=14,113/s tput_out_srv=106/s
2026-06-03 08:56:23.481 - records_manager - INFO - [realtime 08:23 profiling] rps=0.3 (avg 0.2) tput_in=15345/s tput_out=112/s done=101 ok=101 err=0
                           ttft p50=632ms  p75=996ms  p95=3116ms p99=4636ms
                           itl  p50=37ms   p75=41ms   p95=45ms   p99=52ms
                           e2e  p50=10519ms p75=25954ms p95=81973ms p99=125384ms
                           intvty p50=27     p75=33     p95=48     p99=60 (1/tpot tok/s)
                           isl  p50=79,716    p75=88,338    p90=132,734   p99=190,741 (tokens)
                           osl  p50=262       p75=676       p90=1,197     p99=3,294 (tokens)
                           tot  in=7,690,099      out=56,143
                           trace theoretical_prefix_cache_hit=95.6%
                           srv  prefix_cache_hit=87.4% unique_in_srv=1,105,928 kv_usage=27.2% queue=3r/0w tput_in_srv=13,890/s tput_out_srv=108/s
2026-06-03 08:56:53.824 - records_manager - INFO - [realtime 08:54 profiling] rps=0.2 (avg 0.2) tput_in=15524/s tput_out=117/s done=108 ok=108 err=0
                           ttft p50=613ms  p75=966ms  p95=2940ms p99=4616ms
                           itl  p50=37ms   p75=41ms   p95=45ms   p99=52ms
                           e2e  p50=9081ms p75=25520ms p95=89255ms p99=157508ms
                           intvty p50=27     p75=36     p95=50     p99=60 (1/tpot tok/s)
                           isl  p50=79,295    p75=88,398    p90=133,197   p99=190,700 (tokens)
                           osl  p50=247       p75=659       p90=1,272     p99=4,279 (tokens)
                           tot  in=8,197,894      out=61,798
                           trace theoretical_prefix_cache_hit=95.6%
                           srv  prefix_cache_hit=87.9% unique_in_srv=1,125,608 kv_usage=26.7% queue=5r/0w tput_in_srv=14,021/s tput_out_srv=110/s
2026-06-03 08:57:24.146 - records_manager - INFO - [realtime 09:24 profiling] rps=0.2 (avg 0.2) tput_in=15511/s tput_out=126/s done=115 ok=115 err=0
                           ttft p50=615ms  p75=979ms  p95=3318ms p99=6260ms
                           itl  p50=36ms   p75=40ms   p95=45ms   p99=52ms
                           e2e  p50=9850ms p75=25667ms p95=96385ms p99=166548ms
                           intvty p50=27     p75=36     p95=53     p99=62 (1/tpot tok/s)
                           isl  p50=76,912    p75=88,525    p90=132,174   p99=190,659 (tokens)
                           osl  p50=252       p75=680       p90=1,850     p99=4,528 (tokens)
                           tot  in=8,670,582      out=70,221
                           trace theoretical_prefix_cache_hit=95.7%
                           srv  prefix_cache_hit=87.7% unique_in_srv=1,229,605 kv_usage=43.5% queue=6r/0w tput_in_srv=14,408/s tput_out_srv=110/s
2026-06-03 08:57:54.484 - records_manager - INFO - [realtime 09:54 profiling] rps=0.2 (avg 0.2) tput_in=15177/s tput_out=123/s done=120 ok=120 err=0
                           ttft p50=613ms  p75=923ms  p95=3150ms p99=6165ms
                           itl  p50=37ms   p75=41ms   p95=45ms   p99=52ms
                           e2e  p50=9464ms p75=25520ms p95=93693ms p99=166148ms
                           intvty p50=27     p75=36     p95=51     p99=62 (1/tpot tok/s)
                           isl  p50=74,423    p75=88,486    p90=131,498   p99=190,630 (tokens)
                           osl  p50=247       p75=678       p90=1,544     p99=4,518 (tokens)
                           tot  in=8,930,003      out=72,097
                           trace theoretical_prefix_cache_hit=95.7%
                           srv  prefix_cache_hit=87.9% unique_in_srv=1,239,371 kv_usage=46.9% queue=6r/0w tput_in_srv=14,220/s tput_out_srv=112/s
2026-06-03 08:58:24.847 - records_manager - INFO - [realtime 10:25 profiling] rps=0.2 (avg 0.2) tput_in=15230/s tput_out=120/s done=127 ok=127 err=0
                           ttft p50=615ms  p75=906ms  p95=3587ms p99=7626ms
                           itl  p50=37ms   p75=41ms   p95=45ms   p99=52ms
                           e2e  p50=9045ms p75=25225ms p95=89815ms p99=165587ms
                           intvty p50=27     p75=35     p95=50     p99=62 (1/tpot tok/s)
                           isl  p50=74,280    p75=88,830    p90=122,903   p99=190,588 (tokens)
                           osl  p50=242       p75=673       p90=1,297     p99=4,503 (tokens)
                           tot  in=9,421,384      out=74,436
                           trace theoretical_prefix_cache_hit=94.9%
                           srv  prefix_cache_hit=88.4% unique_in_srv=1,247,971 kv_usage=49.8% queue=7r/0w tput_in_srv=14,347/s tput_out_srv=113/s
2026-06-03 08:58:55.280 - records_manager - INFO - [realtime 10:55 profiling] rps=0.2 (avg 0.2) tput_in=15072/s tput_out=119/s done=133 ok=133 err=0
                           ttft p50=617ms  p75=906ms  p95=3385ms p99=7536ms
                           itl  p50=37ms   p75=41ms   p95=45ms   p99=52ms
                           e2e  p50=8870ms p75=25373ms p95=86454ms p99=165107ms
                           intvty p50=27     p75=35     p95=49     p99=61 (1/tpot tok/s)
                           isl  p50=74,082    p75=88,653    p90=114,434   p99=190,553 (tokens)
                           osl  p50=238       p75=670       p90=1,397     p99=4,490 (tokens)
                           tot  in=9,826,700      out=77,524
                           trace theoretical_prefix_cache_hit=94.9%
                           srv  prefix_cache_hit=88.6% unique_in_srv=1,260,151 kv_usage=40.9% queue=5r/0w tput_in_srv=14,160/s tput_out_srv=114/s
2026-06-03 08:59:25.677 - records_manager - INFO - [realtime 11:26 profiling] rps=0.1 (avg 0.2) tput_in=15102/s tput_out=117/s done=136 ok=136 err=0
                           ttft p50=618ms  p75=906ms  p95=3285ms p99=7491ms
                           itl  p50=37ms   p75=41ms   p95=45ms   p99=52ms
                           e2e  p50=8731ms p75=25224ms p95=84774ms p99=164866ms
                           intvty p50=27     p75=34     p95=49     p99=61 (1/tpot tok/s)
                           isl  p50=74,036    p75=88,742    p90=113,999   p99=190,536 (tokens)
                           osl  p50=237       p75=664       p90=1,322     p99=4,484 (tokens)
                           tot  in=10,053,470     out=78,071
                           trace theoretical_prefix_cache_hit=95.0%
                           srv  prefix_cache_hit=89.0% unique_in_srv=1,266,573 kv_usage=59.2% queue=8r/0w tput_in_srv=14,189/s tput_out_srv=116/s
2026-06-03 08:59:56.097 - records_manager - INFO - [realtime 11:56 profiling] rps=0.1 (avg 0.2) tput_in=14620/s tput_out=121/s done=140 ok=140 err=0
                           ttft p50=618ms  p75=906ms  p95=3803ms p99=7431ms
                           itl  p50=38ms   p75=41ms   p95=45ms   p99=52ms
                           e2e  p50=9081ms p75=27270ms p95=93693ms p99=164546ms
                           intvty p50=27     p75=34     p95=48     p99=61 (1/tpot tok/s)
                           isl  p50=74,128    p75=88,992    p90=113,679   p99=190,512 (tokens)
                           osl  p50=247       p75=686       p90=1,869     p99=4,475 (tokens)
                           tot  in=10,386,062     out=86,144
                           trace theoretical_prefix_cache_hit=95.2%
                           srv  prefix_cache_hit=89.1% unique_in_srv=1,270,115 kv_usage=42.2% queue=5r/0w tput_in_srv=13,818/s tput_out_srv=117/s
2026-06-03 09:00:26.576 - records_manager - INFO - [realtime 12:27 profiling] rps=0.2 (avg 0.2) tput_in=14819/s tput_out=120/s done=145 ok=145 err=0
                           ttft p50=624ms  p75=906ms  p95=3654ms p99=7357ms
                           itl  p50=38ms   p75=41ms   p95=45ms   p99=55ms
                           e2e  p50=9045ms p75=26820ms p95=90936ms p99=164146ms
                           intvty p50=26     p75=33     p95=48     p99=61 (1/tpot tok/s)
                           isl  p50=74,476    p75=89,661    p90=114,242   p99=190,483 (tokens)
                           osl  p50=242       p75=684       p90=1,817     p99=4,464 (tokens)
                           tot  in=10,874,001     out=88,286
                           trace theoretical_prefix_cache_hit=95.3%
                           srv  prefix_cache_hit=88.9% unique_in_srv=1,378,908 kv_usage=60.1% queue=7r/0w tput_in_srv=14,160/s tput_out_srv=116/s
2026-06-03 09:00:57.050 - records_manager - INFO - [realtime 12:57 profiling] rps=0.3 (avg 0.2) tput_in=15060/s tput_out=119/s done=153 ok=153 err=0
                           ttft p50=631ms  p75=915ms  p95=3972ms p99=8349ms
                           itl  p50=38ms   p75=41ms   p95=46ms   p99=66ms
                           e2e  p50=9056ms p75=28401ms p95=91826ms p99=163505ms
                           intvty p50=26     p75=32     p95=48     p99=61 (1/tpot tok/s)
                           isl  p50=80,782    p75=90,583    p90=116,742   p99=190,436 (tokens)
                           osl  p50=238       p75=684       p90=1,842     p99=4,447 (tokens)
                           tot  in=11,643,573     out=91,879
                           trace theoretical_prefix_cache_hit=95.5%
                           srv  prefix_cache_hit=89.3% unique_in_srv=1,381,984 kv_usage=43.6% queue=5r/0w tput_in_srv=14,295/s tput_out_srv=117/s
2026-06-03 09:01:27.592 - records_manager - INFO - [realtime 13:28 profiling] rps=0.1 (avg 0.2) tput_in=14991/s tput_out=125/s done=156 ok=156 err=0
                           ttft p50=633ms  p75=923ms  p95=4269ms p99=9042ms
                           itl  p50=38ms   p75=41ms   p95=46ms   p99=65ms
                           e2e  p50=9464ms p75=29513ms p95=104193ms p99=173935ms
                           intvty p50=26     p75=32     p95=48     p99=61 (1/tpot tok/s)
                           isl  p50=81,427    p75=91,288    p90=117,501   p99=190,419 (tokens)
                           osl  p50=247       p75=712       p90=1,874     p99=4,591 (tokens)
                           tot  in=12,019,207     out=100,479
                           trace theoretical_prefix_cache_hit=95.6%
                           srv  prefix_cache_hit=89.5% unique_in_srv=1,388,817 kv_usage=34.5% queue=5r/0w tput_in_srv=14,112/s tput_out_srv=118/s
2026-06-03 09:01:58.154 - records_manager - INFO - [realtime 13:58 profiling] rps=0.4 (avg 0.2) tput_in=15564/s tput_out=130/s done=167 ok=167 err=0
                           ttft p50=633ms  p75=904ms  p95=4318ms p99=9538ms
                           itl  p50=38ms   p75=41ms   p95=46ms   p99=63ms
                           e2e  p50=9931ms p75=29961ms p95=100691ms p99=172418ms
                           intvty p50=27     p75=34     p95=50     p99=62 (1/tpot tok/s)
                           isl  p50=84,086    p75=91,938    p90=117,796   p99=190,354 (tokens)
                           osl  p50=262       p75=748       p90=1,873     p99=4,583 (tokens)
                           tot  in=12,996,196     out=108,415
                           trace theoretical_prefix_cache_hit=95.0%
                           srv  prefix_cache_hit=90.1% unique_in_srv=1,410,190 kv_usage=34.8% queue=4r/0w tput_in_srv=14,684/s tput_out_srv=118/s
2026-06-03 09:02:08.754 - AgenticReplayTiming - INFO - Terminating trajectory 06385769df23204ac35c53ad431cf42f7c02 early at turn 7/19: context-overflow error from server
2026-06-03 09:02:28.712 - records_manager - INFO - [realtime 14:29 profiling] rps=0.2 (avg 0.2) tput_in=15367/s tput_out=126/s done=173 ok=173 err=0
                           ttft p50=633ms  p75=902ms  p95=4291ms p99=9523ms
                           itl  p50=38ms   p75=41ms   p95=46ms   p99=87ms
                           e2e  p50=9627ms p75=29513ms p95=98000ms p99=171728ms
                           intvty p50=26     p75=33     p95=49     p99=62 (1/tpot tok/s)
                           isl  p50=84,120    p75=92,088    p90=117,631   p99=190,325 (tokens)
                           osl  p50=247       p75=712       p90=1,866     p99=4,579 (tokens)
                           tot  in=13,303,781     out=109,066
                           trace theoretical_prefix_cache_hit=94.9%
                           srv  prefix_cache_hit=90.1% unique_in_srv=1,439,183 kv_usage=35.1% queue=4r/0w tput_in_srv=14,545/s tput_out_srv=118/s
2026-06-03 09:02:59.345 - records_manager - INFO - [realtime 14:59 profiling] rps=0.2 (avg 0.2) tput_in=15619/s tput_out=125/s done=178 ok=178 err=0
                           ttft p50=633ms  p75=906ms  p95=4263ms p99=9507ms
                           itl  p50=38ms   p75=41ms   p95=46ms   p99=85ms
                           e2e  p50=9273ms p75=29305ms p95=95308ms p99=171038ms
                           intvty p50=27     p75=33     p95=49     p99=62 (1/tpot tok/s)
                           isl  p50=84,416    p75=92,692    p90=117,796   p99=190,296 (tokens)
                           osl  p50=242       p75=700       p90=1,862     p99=4,575 (tokens)
                           tot  in=13,809,018     out=110,444
                           trace theoretical_prefix_cache_hit=95.1%
                           srv  prefix_cache_hit=90.2% unique_in_srv=1,485,230 kv_usage=46.0% queue=7r/0w tput_in_srv=14,737/s tput_out_srv=119/s
2026-06-03 09:03:29.987 - records_manager - INFO - [realtime 15:30 profiling] rps=0.3 (avg 0.2) tput_in=15693/s tput_out=126/s done=186 ok=186 err=0
                           ttft p50=633ms  p75=900ms  p95=4164ms p99=9482ms
                           itl  p50=38ms   p75=41ms   p95=46ms   p99=82ms
                           e2e  p50=9273ms p75=29939ms p95=92401ms p99=169935ms
                           intvty p50=27     p75=32     p95=48     p99=62 (1/tpot tok/s)
                           isl  p50=84,939    p75=93,303    p90=117,534   p99=190,249 (tokens)
                           osl  p50=242       p75=740       p90=1,876     p99=4,569 (tokens)
                           tot  in=14,480,389     out=116,520
                           trace theoretical_prefix_cache_hit=95.1%
                           srv  prefix_cache_hit=90.4% unique_in_srv=1,486,472 kv_usage=23.1% queue=3r/0w tput_in_srv=14,667/s tput_out_srv=120/s
2026-06-03 09:04:00.699 - records_manager - INFO - [realtime 16:01 profiling] rps=0.2 (avg 0.2) tput_in=15555/s tput_out=124/s done=191 ok=191 err=0
                           ttft p50=633ms  p75=898ms  p95=4044ms p99=9466ms
                           itl  p50=37ms   p75=41ms   p95=46ms   p99=80ms
                           e2e  p50=9081ms p75=29928ms p95=92041ms p99=169245ms
                           intvty p50=27     p75=32     p95=48     p99=62 (1/tpot tok/s)
                           isl  p50=85,306    p75=93,869    p90=117,371   p99=190,219 (tokens)
                           osl  p50=238       p75=735       p90=1,869     p99=4,565 (tokens)
                           tot  in=14,908,811     out=118,785
                           trace theoretical_prefix_cache_hit=95.0%
                           srv  prefix_cache_hit=90.7% unique_in_srv=1,496,913 kv_usage=31.0% queue=5r/0w tput_in_srv=14,739/s tput_out_srv=120/s
2026-06-03 09:04:31.400 - records_manager - INFO - [realtime 16:31 profiling] rps=0.1 (avg 0.2) tput_in=15463/s tput_out=125/s done=195 ok=195 err=0
                           ttft p50=633ms  p75=893ms  p95=3948ms p99=9453ms
                           itl  p50=38ms   p75=41ms   p95=46ms   p99=78ms
                           e2e  p50=9081ms p75=29972ms p95=96426ms p99=168693ms
                           intvty p50=27     p75=32     p95=48     p99=62 (1/tpot tok/s)
                           isl  p50=85,306    p75=93,869    p90=117,241   p99=190,196 (tokens)
                           osl  p50=238       p75=753       p90=1,877     p99=4,562 (tokens)
                           tot  in=15,224,499     out=122,890
                           trace theoretical_prefix_cache_hit=95.1%
                           srv  prefix_cache_hit=90.9% unique_in_srv=1,500,201 kv_usage=44.4% queue=6r/0w tput_in_srv=14,771/s tput_out_srv=121/s
2026-06-03 09:05:02.220 - records_manager - INFO - [realtime 17:02 profiling] rps=0.3 (avg 0.2) tput_in=15693/s tput_out=130/s done=203 ok=203 err=0
                           ttft p50=634ms  p75=887ms  p95=3755ms p99=9428ms
                           itl  p50=38ms   p75=41ms   p95=45ms   p99=75ms
                           e2e  p50=9464ms p75=31230ms p95=102140ms p99=181385ms
                           intvty p50=27     p75=32     p95=48     p99=62 (1/tpot tok/s)
                           isl  p50=85,641    p75=94,361    p90=117,306   p99=190,149 (tokens)
                           osl  p50=247       p75=769       p90=1,880     p99=4,633 (tokens)
                           tot  in=15,975,715     out=132,598
                           trace theoretical_prefix_cache_hit=95.2%
                           srv  prefix_cache_hit=91.1% unique_in_srv=1,513,132 kv_usage=26.8% queue=4r/0w tput_in_srv=14,836/s tput_out_srv=122/s
2026-06-03 09:05:33.037 - records_manager - INFO - [realtime 17:33 profiling] rps=0.3 (avg 0.2) tput_in=15904/s tput_out=132/s done=211 ok=211 err=0
                           ttft p50=634ms  p75=856ms  p95=3486ms p99=9371ms
                           itl  p50=37ms   p75=41ms   p95=45ms   p99=73ms
                           e2e  p50=9875ms p75=31230ms p95=98330ms p99=180281ms
                           intvty p50=27     p75=33     p95=50     p99=62 (1/tpot tok/s)
                           isl  p50=86,035    p75=94,455    p90=117,047   p99=190,149 (tokens)
                           osl  p50=257       p75=779       p90=1,869     p99=4,627 (tokens)
                           tot  in=16,621,375     out=138,001
                           trace theoretical_prefix_cache_hit=95.3%
                           srv  prefix_cache_hit=91.3% unique_in_srv=1,517,444 kv_usage=13.6% queue=2r/0w tput_in_srv=14,854/s tput_out_srv=123/s
2026-06-03 09:06:03.915 - records_manager - INFO - [realtime 18:04 profiling] rps=0.1 (avg 0.2) tput_in=15795/s tput_out=130/s done=214 ok=214 err=0
                           ttft p50=633ms  p75=851ms  p95=3385ms p99=9349ms
                           itl  p50=37ms   p75=41ms   p95=45ms   p99=73ms
                           e2e  p50=9751ms p75=30667ms p95=96902ms p99=179867ms
                           intvty p50=27     p75=34     p95=56     p99=76 (1/tpot tok/s)
                           isl  p50=86,035    p75=94,684    p90=116,742   p99=190,149 (tokens)
                           osl  p50=254       p75=782       p90=1,865     p99=4,625 (tokens)
                           tot  in=16,908,725     out=139,305
                           trace theoretical_prefix_cache_hit=95.4%
                           srv  prefix_cache_hit=91.6% unique_in_srv=1,526,995 kv_usage=41.1% queue=5r/0w tput_in_srv=15,001/s tput_out_srv=124/s
2026-06-03 09:06:34.819 - records_manager - INFO - [realtime 18:35 profiling] rps=0.3 (avg 0.2) tput_in=15914/s tput_out=134/s done=222 ok=222 err=0
                           ttft p50=633ms  p75=851ms  p95=3116ms p99=9292ms
                           itl  p50=37ms   p75=41ms   p95=45ms   p99=71ms
                           e2e  p50=9751ms p75=31288ms p95=102170ms p99=178764ms
                           intvty p50=27     p75=34     p95=58     p99=75 (1/tpot tok/s)
                           isl  p50=86,035    p75=95,048    p90=114,819   p99=190,149 (tokens)
                           osl  p50=254       p75=792       p90=1,867     p99=4,618 (tokens)
                           tot  in=17,533,073     out=147,120
                           trace theoretical_prefix_cache_hit=95.4%
                           srv  prefix_cache_hit=91.7% unique_in_srv=1,546,455 kv_usage=35.8% queue=4r/0w tput_in_srv=15,082/s tput_out_srv=123/s
2026-06-03 09:07:05.786 - records_manager - INFO - [realtime 19:06 profiling] rps=0.1 (avg 0.2) tput_in=15735/s tput_out=131/s done=225 ok=225 err=0
                           ttft p50=634ms  p75=860ms  p95=3035ms p99=9271ms
                           itl  p50=37ms   p75=41ms   p95=45ms   p99=71ms
                           e2e  p50=9875ms p75=30855ms p95=101188ms p99=178350ms
                           intvty p50=27     p75=34     p95=57     p99=75 (1/tpot tok/s)
                           isl  p50=86,035    p75=95,056    p90=114,354   p99=190,149 (tokens)
                           osl  p50=257       p75=785       p90=1,864     p99=4,616 (tokens)
                           tot  in=17,801,823     out=148,218
                           trace theoretical_prefix_cache_hit=95.5%
                           srv  prefix_cache_hit=91.9% unique_in_srv=1,561,345 kv_usage=49.6% queue=6r/0w tput_in_srv=15,064/s tput_out_srv=123/s
2026-06-03 09:07:36.741 - records_manager - INFO - [realtime 19:37 profiling] rps=0.2 (avg 0.2) tput_in=15615/s tput_out=129/s done=231 ok=231 err=0
                           ttft p50=636ms  p75=864ms  p95=3180ms p99=9228ms
                           itl  p50=37ms   p75=41ms   p95=45ms   p99=70ms
                           e2e  p50=10236ms p75=31230ms p95=98330ms p99=177522ms
                           intvty p50=27     p75=34     p95=56     p99=75 (1/tpot tok/s)
                           isl  p50=86,999    p75=95,151    p90=113,679   p99=190,149 (tokens)
                           osl  p50=267       p75=791       p90=1,859     p99=4,611 (tokens)
                           tot  in=18,308,870     out=151,589
                           trace theoretical_prefix_cache_hit=95.5%
                           srv  prefix_cache_hit=92.0% unique_in_srv=1,564,582 kv_usage=38.4% queue=5r/0w tput_in_srv=14,983/s tput_out_srv=124/s
2026-06-03 09:08:07.788 - records_manager - INFO - [realtime 20:08 profiling] rps=0.2 (avg 0.2) tput_in=15709/s tput_out=128/s done=238 ok=238 err=0
                           ttft p50=636ms  p75=851ms  p95=3123ms p99=9178ms
                           itl  p50=37ms   p75=41ms   p95=45ms   p99=69ms
                           e2e  p50=10055ms p75=30667ms p95=94997ms p99=176556ms
                           intvty p50=27     p75=34     p95=55     p99=75 (1/tpot tok/s)
                           isl  p50=87,240    p75=95,378    p90=113,730   p99=190,149 (tokens)
                           osl  p50=262       p75=782       p90=1,846     p99=4,606 (tokens)
                           tot  in=18,913,904     out=154,037
                           trace theoretical_prefix_cache_hit=95.5%
                           srv  prefix_cache_hit=92.2% unique_in_srv=1,578,338 kv_usage=39.3% queue=5r/0w tput_in_srv=15,095/s tput_out_srv=124/s
2026-06-03 09:08:38.829 - records_manager - INFO - [realtime 20:39 profiling] rps=0.1 (avg 0.2) tput_in=15570/s tput_out=129/s done=242 ok=242 err=0
                           ttft p50=638ms  p75=858ms  p95=3091ms p99=9149ms
                           itl  p50=37ms   p75=41ms   p95=45ms   p99=68ms
                           e2e  p50=10264ms p75=31716ms p95=101444ms p99=176005ms
                           intvty p50=27     p75=33     p95=55     p99=74 (1/tpot tok/s)
                           isl  p50=86,517    p75=95,198    p90=113,509   p99=190,149 (tokens)
                           osl  p50=267       p75=804       p90=1,858     p99=4,603 (tokens)
                           tot  in=19,166,413     out=159,083
                           trace theoretical_prefix_cache_hit=95.4%
                           srv  prefix_cache_hit=92.3% unique_in_srv=1,580,318 kv_usage=40.4% queue=4r/0w tput_in_srv=14,948/s tput_out_srv=124/s
2026-06-03 09:09:10.010 - records_manager - INFO - [realtime 21:10 profiling] rps=0.1 (avg 0.2) tput_in=15439/s tput_out=132/s done=245 ok=245 err=0
                           ttft p50=640ms  p75=872ms  p95=3035ms p99=9128ms
                           itl  p50=37ms   p75=41ms   p95=45ms   p99=67ms
                           e2e  p50=10357ms p75=32643ms p95=102067ms p99=187635ms
                           intvty p50=27     p75=33     p95=54     p99=74 (1/tpot tok/s)
                           isl  p50=87,068    p75=95,418    p90=113,895   p99=190,489 (tokens)
                           osl  p50=269       p75=866       p90=1,864     p99=5,051 (tokens)
                           tot  in=19,565,008     out=166,953
                           trace theoretical_prefix_cache_hit=95.5%
                           srv  prefix_cache_hit=92.3% unique_in_srv=1,595,260 kv_usage=52.7% queue=6r/0w tput_in_srv=14,878/s tput_out_srv=124/s
2026-06-03 09:09:41.211 - records_manager - INFO - [realtime 21:41 profiling] rps=0.1 (avg 0.2) tput_in=15301/s tput_out=131/s done=248 ok=248 err=0
                           ttft p50=641ms  p75=862ms  p95=2964ms p99=9106ms
                           itl  p50=37ms   p75=41ms   p95=45ms   p99=67ms
                           e2e  p50=10485ms p75=32655ms p95=101957ms p99=187311ms
                           intvty p50=27     p75=33     p95=54     p99=74 (1/tpot tok/s)
                           isl  p50=87,034    p75=95,457    p90=113,730   p99=190,471 (tokens)
                           osl  p50=270       p75=868       p90=1,862     p99=5,029 (tokens)
                           tot  in=19,784,009     out=168,844
                           trace theoretical_prefix_cache_hit=95.5%
                           srv  prefix_cache_hit=92.4% unique_in_srv=1,596,650 kv_usage=29.4% queue=4r/0w tput_in_srv=14,632/s tput_out_srv=126/s
2026-06-03 09:10:12.347 - records_manager - INFO - [realtime 22:12 profiling] rps=0.2 (avg 0.2) tput_in=15317/s tput_out=133/s done=253 ok=253 err=0
                           ttft p50=640ms  p75=872ms  p95=2845ms p99=9070ms
                           itl  p50=37ms   p75=41ms   p95=45ms   p99=66ms
                           e2e  p50=10613ms p75=33398ms p95=101774ms p99=186773ms
                           intvty p50=27     p75=34     p95=56     p99=74 (1/tpot tok/s)
                           isl  p50=87,068    p75=95,528    p90=114,005   p99=190,442 (tokens)
                           osl  p50=283       p75=936       p90=1,880     p99=4,993 (tokens)
                           tot  in=20,252,691     out=175,892
                           trace theoretical_prefix_cache_hit=95.5%
                           srv  prefix_cache_hit=92.6% unique_in_srv=1,603,532 kv_usage=42.1% queue=5r/0w tput_in_srv=14,753/s tput_out_srv=126/s
2026-06-03 09:10:43.600 - records_manager - INFO - [realtime 22:44 profiling] rps=0.3 (avg 0.2) tput_in=15521/s tput_out=134/s done=261 ok=261 err=0
                           ttft p50=640ms  p75=860ms  p95=2655ms p99=9013ms
                           itl  p50=37ms   p75=41ms   p95=45ms   p99=65ms
                           e2e  p50=10357ms p75=32886ms p95=101480ms p99=185910ms
                           intvty p50=27     p75=35     p95=55     p99=74 (1/tpot tok/s)
                           isl  p50=87,411    p75=95,688    p90=113,564   p99=190,395 (tokens)
                           osl  p50=282       p75=880       p90=1,904     p99=4,935 (tokens)
                           tot  in=20,892,137     out=180,565
                           trace theoretical_prefix_cache_hit=95.6%
                           srv  prefix_cache_hit=92.6% unique_in_srv=1,653,829 kv_usage=53.3% queue=6r/0w tput_in_srv=14,973/s tput_out_srv=126/s
2026-06-03 09:11:14.821 - records_manager - INFO - [realtime 23:15 profiling] rps=0.2 (avg 0.2) tput_in=15618/s tput_out=132/s done=268 ok=268 err=0
                           ttft p50=641ms  p75=876ms  p95=2964ms p99=8963ms
                           itl  p50=37ms   p75=41ms   p95=45ms   p99=63ms
                           e2e  p50=10325ms p75=32655ms p95=99209ms p99=185156ms
                           intvty p50=27     p75=35     p95=57     p99=74 (1/tpot tok/s)
                           isl  p50=87,962    p75=96,216    p90=113,730   p99=190,354 (tokens)
                           osl  p50=270       p75=854       p90=1,873     p99=4,885 (tokens)
                           tot  in=21,602,300     out=182,191
                           trace theoretical_prefix_cache_hit=95.6%
                           srv  prefix_cache_hit=92.8% unique_in_srv=1,658,585 kv_usage=62.7% queue=7r/0w tput_in_srv=15,210/s tput_out_srv=126/s
2026-06-03 09:11:46.143 - records_manager - INFO - [realtime 23:46 profiling] rps=0.1 (avg 0.2) tput_in=15368/s tput_out=131/s done=270 ok=270 err=0
                           ttft p50=642ms  p75=883ms  p95=3188ms p99=8949ms
                           itl  p50=37ms   p75=41ms   p95=45ms   p99=63ms
                           e2e  p50=10485ms p75=33251ms p95=98739ms p99=184941ms
                           intvty p50=27     p75=35     p95=57     p99=73 (1/tpot tok/s)
                           isl  p50=87,962    p75=96,284    p90=114,177   p99=190,342 (tokens)
                           osl  p50=276       p75=875       p90=1,916     p99=4,871 (tokens)
                           tot  in=21,795,651     out=185,733
                           trace theoretical_prefix_cache_hit=95.4%
                           srv  prefix_cache_hit=92.8% unique_in_srv=1,666,231 kv_usage=51.4% queue=6r/0w tput_in_srv=14,932/s tput_out_srv=127/s
2026-06-03 09:12:17.473 - records_manager - INFO - [realtime 24:17 profiling] rps=0.1 (avg 0.2) tput_in=15142/s tput_out=129/s done=272 ok=272 err=0
                           ttft p50=643ms  p75=885ms  p95=3172ms p99=8934ms
                           itl  p50=37ms   p75=41ms   p95=45ms   p99=63ms
                           e2e  p50=10615ms p75=33546ms p95=97977ms p99=184725ms
                           intvty p50=27     p75=35     p95=56     p99=73 (1/tpot tok/s)
                           isl  p50=88,042    p75=96,404    p90=114,689   p99=190,331 (tokens)
                           osl  p50=282       p75=885       p90=1,892     p99=4,856 (tokens)
                           tot  in=22,006,572     out=187,355
                           trace theoretical_prefix_cache_hit=95.4%
                           srv  prefix_cache_hit=92.9% unique_in_srv=1,669,226 kv_usage=51.8% queue=6r/0w tput_in_srv=14,771/s tput_out_srv=127/s
2026-06-03 09:12:48.813 - records_manager - INFO - [realtime 24:49 profiling] rps=0.2 (avg 0.2) tput_in=15234/s tput_out=131/s done=278 ok=278 err=0
                           ttft p50=643ms  p75=880ms  p95=3123ms p99=8892ms
                           itl  p50=37ms   p75=41ms   p95=45ms   p99=62ms
                           e2e  p50=10710ms p75=34352ms p95=96808ms p99=184079ms
                           intvty p50=27     p75=34     p95=55     p99=73 (1/tpot tok/s)
                           isl  p50=88,398    p75=96,463    p90=115,128   p99=190,296 (tokens)
                           osl  p50=288       p75=986       p90=1,940     p99=4,813 (tokens)
                           tot  in=22,624,632     out=194,314
                           trace theoretical_prefix_cache_hit=95.5%
                           srv  prefix_cache_hit=93.0% unique_in_srv=1,675,734 kv_usage=50.8% queue=6r/0w tput_in_srv=14,861/s tput_out_srv=127/s
2026-06-03 09:13:20.216 - records_manager - INFO - [realtime 25:20 profiling] rps=0.1 (avg 0.2) tput_in=15336/s tput_out=133/s done=282 ok=282 err=0
                           ttft p50=643ms  p75=883ms  p95=3091ms p99=8863ms
                           itl  p50=37ms   p75=41ms   p95=45ms   p99=61ms
                           e2e  p50=10868ms p75=34559ms p95=101444ms p99=183648ms
                           intvty p50=27     p75=34     p95=55     p99=73 (1/tpot tok/s)
                           isl  p50=88,742    p75=96,463    p90=116,963   p99=190,750 (tokens)
                           osl  p50=296       p75=997       p90=2,001     p99=4,784 (tokens)
                           tot  in=23,132,157     out=200,509
                           trace theoretical_prefix_cache_hit=95.6%
                           srv  prefix_cache_hit=93.1% unique_in_srv=1,678,070 kv_usage=42.9% queue=6r/0w tput_in_srv=14,825/s tput_out_srv=128/s
2026-06-03 09:13:51.651 - records_manager - INFO - [realtime 25:52 profiling] rps=0.1 (avg 0.2) tput_in=15182/s tput_out=131/s done=285 ok=285 err=0
                           ttft p50=643ms  p75=881ms  p95=3035ms p99=8842ms
                           itl  p50=37ms   p75=41ms   p95=45ms   p99=61ms
                           e2e  p50=10933ms p75=34388ms p95=100794ms p99=183324ms
                           intvty p50=27     p75=34     p95=54     p99=73 (1/tpot tok/s)
                           isl  p50=88,992    p75=96,670    p90=116,706   p99=190,748 (tokens)
                           osl  p50=298       p75=998       p90=1,975     p99=4,763 (tokens)
                           tot  in=23,424,948     out=202,356
                           trace theoretical_prefix_cache_hit=95.6%
                           srv  prefix_cache_hit=93.1% unique_in_srv=1,697,782 kv_usage=46.5% queue=6r/0w tput_in_srv=14,748/s tput_out_srv=129/s
2026-06-03 09:14:23.135 - records_manager - INFO - [realtime 26:23 profiling] rps=0.3 (avg 0.2) tput_in=15293/s tput_out=133/s done=296 ok=296 err=0
                           ttft p50=645ms  p75=892ms  p95=3140ms p99=8763ms
                           itl  p50=37ms   p75=41ms   p95=46ms   p99=75ms
                           e2e  p50=10975ms p75=34310ms p95=101664ms p99=182139ms
                           intvty p50=27     p75=34     p95=53     p99=72 (1/tpot tok/s)
                           isl  p50=88,955    p75=97,207    p90=116,963   p99=190,740 (tokens)
                           osl  p50=282       p75=993       p90=1,997     p99=4,683 (tokens)
                           tot  in=24,151,817     out=210,187
                           trace theoretical_prefix_cache_hit=95.2%
                           srv  prefix_cache_hit=92.9% unique_in_srv=1,822,233 kv_usage=49.5% queue=6r/0w tput_in_srv=14,927/s tput_out_srv=129/s
2026-06-03 09:14:54.767 - records_manager - INFO - [realtime 26:55 profiling] rps=0.3 (avg 0.2) tput_in=15297/s tput_out=133/s done=306 ok=306 err=0
                           ttft p50=645ms  p75=894ms  p95=3221ms p99=8691ms
                           itl  p50=37ms   p75=41ms   p95=46ms   p99=74ms
                           e2e  p50=10710ms p75=33842ms p95=102030ms p99=181267ms
                           intvty p50=27     p75=34     p95=52     p99=72 (1/tpot tok/s)
                           isl  p50=88,398    p75=97,066    p90=116,577   p99=190,717 (tokens)
                           osl  p50=267       p75=957       p90=1,997     p99=4,631 (tokens)
                           tot  in=24,625,457     out=214,619
                           trace theoretical_prefix_cache_hit=95.1%
                           srv  prefix_cache_hit=92.8% unique_in_srv=1,875,505 kv_usage=54.8% queue=6r/0w tput_in_srv=14,967/s tput_out_srv=130/s
2026-06-03 09:15:26.486 - records_manager - INFO - [realtime 27:26 profiling] rps=0.3 (avg 0.2) tput_in=15359/s tput_out=132/s done=317 ok=317 err=0
                           ttft p50=644ms  p75=904ms  p95=3308ms p99=8613ms
                           itl  p50=37ms   p75=41ms   p95=47ms   p99=74ms
                           e2e  p50=10357ms p75=33373ms p95=101627ms p99=180836ms
                           intvty p50=27     p75=33     p95=52     p99=72 (1/tpot tok/s)
                           isl  p50=88,007    p75=96,937    p90=116,449   p99=190,653 (tokens)
                           osl  p50=252       p75=866       p90=1,947     p99=4,623 (tokens)
                           tot  in=25,232,757     out=216,950
                           trace theoretical_prefix_cache_hit=95.1%
                           srv  prefix_cache_hit=92.8% unique_in_srv=1,905,519 kv_usage=42.1% queue=4r/0w tput_in_srv=14,951/s tput_out_srv=130/s
2026-06-03 09:15:58.222 - records_manager - INFO - [realtime 27:58 profiling] rps=0.3 (avg 0.2) tput_in=15512/s tput_out=131/s done=328 ok=328 err=0
                           ttft p50=643ms  p75=892ms  p95=3205ms p99=8534ms
                           itl  p50=38ms   p75=41ms   p95=47ms   p99=73ms
                           e2e  p50=10264ms p75=32655ms p95=99874ms p99=180405ms
                           intvty p50=27     p75=33     p95=51     p99=72 (1/tpot tok/s)
                           isl  p50=87,602    p75=96,966    p90=116,320   p99=190,588 (tokens)
                           osl  p50=247       p75=830       p90=1,873     p99=4,615 (tokens)
                           tot  in=25,966,887     out=219,851
                           trace theoretical_prefix_cache_hit=95.1%
                           srv  prefix_cache_hit=93.0% unique_in_srv=1,922,387 kv_usage=45.6% queue=5r/0w tput_in_srv=15,117/s tput_out_srv=130/s
2026-06-03 09:16:29.969 - records_manager - INFO - [realtime 28:30 profiling] rps=0.3 (avg 0.2) tput_in=15707/s tput_out=132/s done=339 ok=339 err=0
                           ttft p50=643ms  p75=890ms  p95=3115ms p99=8456ms
                           itl  p50=38ms   p75=41ms   p95=47ms   p99=73ms
                           e2e  p50=9799ms p75=32480ms p95=101554ms p99=179973ms
                           intvty p50=26     p75=32     p95=51     p99=72 (1/tpot tok/s)
                           isl  p50=87,411    p75=97,277    p90=116,191   p99=190,524 (tokens)
                           osl  p50=238       p75=804       p90=1,872     p99=4,607 (tokens)
                           tot  in=26,779,433     out=225,655
                           trace theoretical_prefix_cache_hit=95.2%
                           srv  prefix_cache_hit=93.1% unique_in_srv=1,943,339 kv_usage=47.5% queue=5r/0w tput_in_srv=15,313/s tput_out_srv=130/s
2026-06-03 09:17:01.891 - records_manager - INFO - [realtime 29:02 profiling] rps=0.4 (avg 0.2) tput_in=16087/s tput_out=133/s done=352 ok=352 err=0
                           ttft p50=643ms  p75=890ms  p95=3172ms p99=8363ms
                           itl  p50=38ms   p75=42ms   p95=48ms   p99=74ms
                           e2e  p50=9585ms p75=31404ms p95=101810ms p99=179464ms
                           intvty p50=26     p75=33     p95=52     p99=74 (1/tpot tok/s)
                           isl  p50=87,240    p75=97,784    p90=116,963   p99=190,771 (tokens)
                           osl  p50=234       p75=792       p90=1,867     p99=4,598 (tokens)
                           tot  in=27,944,209     out=231,524
                           trace theoretical_prefix_cache_hit=95.4%
                           srv  prefix_cache_hit=93.0% unique_in_srv=2,031,533 kv_usage=29.3% queue=4r/0w tput_in_srv=15,553/s tput_out_srv=129/s
2026-06-03 09:17:33.969 - records_manager - INFO - [realtime 29:34 profiling] rps=0.5 (avg 0.2) tput_in=16497/s tput_out=132/s done=367 ok=367 err=0
                           ttft p50=643ms  p75=891ms  p95=2988ms p99=8256ms
                           itl  p50=38ms   p75=41ms   p95=49ms   p99=77ms
                           e2e  p50=9081ms p75=29928ms p95=100181ms p99=178876ms
                           intvty p50=26     p75=33     p95=51     p99=74 (1/tpot tok/s)
                           isl  p50=86,999    p75=98,004    p90=116,963   p99=190,760 (tokens)
                           osl  p50=223       p75=755       p90=1,849     p99=4,588 (tokens)
                           tot  in=29,188,305     out=233,452
                           trace theoretical_prefix_cache_hit=95.5%
                           srv  prefix_cache_hit=93.3% unique_in_srv=2,051,651 kv_usage=54.9% queue=6r/0w tput_in_srv=16,118/s tput_out_srv=129/s
2026-06-03 09:17:59.510 - PhaseRunner - INFO - Timeout of 1799.999497931s elapsed for event 'profiling phase sending'
2026-06-03 09:17:59.510 - PhaseRunner - NOTICE - Phase profiling sending complete | sent=380, completed=373, in_flight=7 | sessions: sent=6, completed=4 | timeout_triggered=True
2026-06-03 09:17:59.510 - PhaseRunner - INFO - Waiting for event 'profiling phase credits returned' with timeout of 29.99955445799992s
2026-06-03 09:17:59.511 - records_manager - INFO - Sent 380 requests. Waiting for all to complete...
2026-06-03 09:18:06.105 - records_manager - INFO - [realtime 30:06 profiling] rps=0.2 (avg 0.2) tput_in=16602/s tput_out=131/s done=374 ok=374 err=0
                           ttft p50=643ms  p75=898ms  p95=2821ms p99=8206ms
                           itl  p50=38ms   p75=42ms   p95=49ms   p99=77ms
                           e2e  p50=9019ms p75=29884ms p95=98034ms p99=178601ms
                           intvty p50=26     p75=33     p95=51     p99=73 (1/tpot tok/s)
                           isl  p50=86,035    p75=98,084    p90=116,963   p99=190,972 (tokens)
                           osl  p50=222       p75=754       p90=1,830     p99=4,583 (tokens)
                           tot  in=29,864,682     out=235,528
                           trace theoretical_prefix_cache_hit=95.6%
                           srv  prefix_cache_hit=93.4% unique_in_srv=2,065,360 kv_usage=53.5% queue=6r/0w tput_in_srv=16,190/s tput_out_srv=130/s
2026-06-03 09:18:29.511 - PhaseRunner - INFO - Timeout of 29.99955445799992s elapsed for event 'profiling phase credits returned'
2026-06-03 09:18:29.511 - PhaseRunner - WARNING - Phase profiling timed out, cancelling all credits. Stats: sent=380, completed=378, cancelled=0, in_flight=2
2026-06-03 09:18:29.511 - StickyCreditRouter_c64b727d - INFO - Sent cancellation requests for 2 in-flight credits across 2 workers
2026-06-03 09:18:29.511 - PhaseRunner - INFO - Waiting for all cancelled credits to be returned for phase profiling. Need 2 more credits.
2026-06-03 09:18:29.513 - PhaseRunner - INFO - All cancelled credits returned for phase profiling
2026-06-03 09:18:29.513 - PhaseRunner - NOTICE - Phase profiling complete | completed=378, cancelled=2, errors=0 | sessions: completed=4, cancelled=0 | elapsed=1830.00s | grace_period_timeout=True
2026-06-03 09:18:29.513 - aiperf.timing.branch_orchestrator - INFO - BranchOrchestrator stats: spawned=5 completed=4 errored=0 suspended=2 resumed=1 parents_failed_due_to_child_error=0 joins_suppressed=2
2026-06-03 09:18:29.513 - PhaseOrchestrator_d810d515 - NOTICE - All credits completed
2026-06-03 09:18:29.514 - system_controller - INFO - Received credits complete from 'timing_manager'
2026-06-03 09:18:29.514 - records_manager - INFO - Received CREDIT_PHASE_COMPLETE message, Phase complete: PhaseRecordsStats(phase=CreditPhase.PROFILING, start_ns=1780476479510349964, sent_end_ns=1780478279510368828, requests_end_ns=1780478309513447682, total_expected_requests=None, expected_duration_sec=None, expected_num_sessions=None, expected_grace_period_sec=None, final_requests_sent=None, final_requests_completed=378, final_requests_cancelled=2, final_request_errors=0, final_sent_sessions=None, final_completed_sessions=None, final_cancelled_sessions=None, timeout_triggered=True, grace_period_timeout_triggered=True, was_cancelled=False, records_end_ns=None, success_records=378, error_records=0)
2026-06-03 09:18:29.514 - records_manager - NOTICE - All requests have completed, please wait for the results to be processed (currently 378 of 378 records processed)...
2026-06-03 09:18:29.515 - records_manager - INFO - Processed 378 valid requests and 0 errors (378 total).
2026-06-03 09:18:29.515 - records_manager - INFO - Received all records, processing now...
2026-06-03 09:18:29.515 - records_manager - INFO - All credits complete, please wait for the results to be processed...
2026-06-03 09:18:29.516 - server_metrics_manager - INFO - Server Metrics: Profiling complete, capturing final metrics...
2026-06-03 09:18:29.517 - records_manager - INFO - Waiting 2.0s for server metrics flush period...
2026-06-03 09:18:31.514 - records_manager - INFO - Processing records results...
2026-06-03 09:18:35.696 - RecordExportJSONLWriter_f2866ffe - WARNING - Timeout waiting for 0 pending flush tasks during shutdown. Cancelling tasks and proceeding with cleanup.
2026-06-03 09:18:35.935 - system_controller - INFO - Waiting for server metrics results...
2026-06-03 09:18:35.935 - system_controller - INFO - Waiting for server metrics results...
2026-06-03 09:18:37.159 - records_manager - INFO - _finalize_and_process_results completed
2026-06-03 09:18:37.433 - system_controller - INFO - All results received, initiating shutdown
2026-06-03 09:18:39.249 - records_manager - INFO - [realtime 30:30 profiling] rps=0.2 (avg 0.2) tput_in=16659/s tput_out=135/s done=378 ok=378 err=0
                           ttft p50=644ms  p75=906ms  p95=3123ms p99=8177ms
                           itl  p50=38ms   p75=42ms   p95=49ms   p99=76ms
                           e2e  p50=9095ms p75=30099ms p95=101590ms p99=184079ms
                           intvty p50=26     p75=33     p95=51     p99=73 (1/tpot tok/s)
                           isl  p50=87,034    p75=98,784    p90=116,972   p99=191,479 (tokens)
                           osl  p50=226       p75=772       p90=1,862     p99=4,813 (tokens)
                           tot  in=30,392,958     out=245,472
                           trace theoretical_prefix_cache_hit=95.6%
                           srv  prefix_cache_hit=93.4% unique_in_srv=2,065,360 kv_usage=12.1% queue=2r/0w tput_in_srv=15,978/s tput_out_srv=130/s
2026-06-03 09:18:39.950 - MultiProcessServiceManager_80b83f64 - WARNING - Service records_manager process (pid: 3577367) did not terminate gracefully, killing
2026-06-03 09:18:40.051 - ExporterManager - INFO - Exporting all records
2026-06-03 09:18:40.190 - aiperf.common.scenario.validator - INFO - Scenario 'inferencex-agentx-mvp': setting timing_mode=agentic_replay (was at default request_rate).
2026-06-03 09:18:41.199 - aiperf.common.scenario.validator - INFO - Scenario 'inferencex-agentx-mvp': setting timing_mode=agentic_replay (was at default request_rate).
2026-06-03 09:18:41.277 - ExporterManager - INFO - Exporting console data
