2026-06-04 05:54:15.369 - aiperf.cli_runner - INFO - Starting AIPerf System
2026-06-04 05:54:15.536 - system_controller - INFO - Registered Worker Manager (id: 'worker_manager')
2026-06-04 05:54:15.564 - server_metrics_manager - INFO - Server Metrics: Discovered 1 endpoints: ['http://localhost:8888/metrics']
2026-06-04 05:54:15.611 - system_controller - INFO - Registered Gpu Telemetry Manager (id: 'gpu_telemetry_manager')
2026-06-04 05:54:15.614 - system_controller - INFO - Registered Server Metrics Manager (id: 'server_metrics_manager')
2026-06-04 05:54:15.650 - system_controller - INFO - Registered Record Processor (id: 'record_processor_d81617a7')
2026-06-04 05:54:15.650 - system_controller - INFO - Registered Record Processor (id: 'record_processor_0103ad00')
2026-06-04 05:54:15.651 - system_controller - INFO - Registered Record Processor (id: 'record_processor_99d5686b')
2026-06-04 05:54:15.652 - system_controller - INFO - Registered Record Processor (id: 'record_processor_c99946aa')
2026-06-04 05:54:15.657 - system_controller - INFO - Registered Record Processor (id: 'record_processor_9f84dde2')
2026-06-04 05:54:15.659 - GPUTelemetryJSONLWriter_a26dfa85 - INFO - GPU telemetry export enabled: /workspace/results/aiperf_artifacts/gpu_telemetry_export.jsonl
2026-06-04 05:54:15.660 - RecordExportJSONLWriter_dbc057a2 - INFO - Record metrics export enabled: /workspace/results/aiperf_artifacts/profile_export.jsonl
2026-06-04 05:54:15.662 - system_controller - INFO - Registered Dataset Manager (id: 'dataset_manager')
2026-06-04 05:54:15.684 - system_controller - INFO - Registered Worker (id: 'worker_6990b11a')
2026-06-04 05:54:15.687 - system_controller - INFO - Registered Worker (id: 'worker_34c8ae9b')
2026-06-04 05:54:15.690 - system_controller - INFO - Registered Worker (id: 'worker_302975f3')
2026-06-04 05:54:15.692 - system_controller - INFO - Registered Record Processor (id: 'record_processor_a6588083')
2026-06-04 05:54:15.693 - system_controller - INFO - Registered Record Processor (id: 'record_processor_d1d7820b')
2026-06-04 05:54:15.693 - system_controller - INFO - Registered Worker (id: 'worker_5af27fb7')
2026-06-04 05:54:15.696 - system_controller - INFO - Registered Worker (id: 'worker_8fa8d1f5')
2026-06-04 05:54:15.699 - system_controller - INFO - Registered Record Processor (id: 'record_processor_e5b2547b')
2026-06-04 05:54:15.700 - system_controller - INFO - Registered Worker (id: 'worker_1415aa66')
2026-06-04 05:54:15.701 - system_controller - INFO - Registered Worker (id: 'worker_3ca0e7db')
2026-06-04 05:54:15.703 - system_controller - INFO - Registered Worker (id: 'worker_ccd6a901')
2026-06-04 05:54:15.703 - system_controller - INFO - Registered Worker (id: 'worker_16a7eca9')
2026-06-04 05:54:15.708 - system_controller - INFO - Registered Timing Manager (id: 'timing_manager')
2026-06-04 05:54:15.715 - system_controller - INFO - Registered Records Manager (id: 'records_manager')
2026-06-04 05:54:15.724 - system_controller - INFO - Registered Worker (id: 'worker_e30dd64c')
2026-06-04 05:54:15.726 - system_controller - INFO - Registered Worker (id: 'worker_72b38422')
2026-06-04 05:54:15.727 - system_controller - INFO - Registered Worker (id: 'worker_11a0d4f9')
2026-06-04 05:54:15.727 - system_controller - INFO - Registered Worker (id: 'worker_faa38bfb')
2026-06-04 05:54:15.727 - system_controller - INFO - Registered Worker (id: 'worker_30eeaedc')
2026-06-04 05:54:15.729 - system_controller - INFO - Registered Worker (id: 'worker_eced2a0a')
2026-06-04 05:54:15.729 - system_controller - INFO - Registered Worker (id: 'worker_2e0026ba')
2026-06-04 05:54:15.730 - system_controller - INFO - Registered Worker (id: 'worker_eaa8c8ab')
2026-06-04 05:54:15.730 - system_controller - INFO - Registered Worker (id: 'worker_43a8d1ef')
2026-06-04 05:54:15.740 - system_controller - INFO - Registered Worker (id: 'worker_6cb3c152')
2026-06-04 05:54:15.810 - system_controller - INFO - Registered Worker (id: 'worker_07788b20')
2026-06-04 05:54:15.811 - system_controller - INFO - Registered Worker (id: 'worker_f9e91a52')
2026-06-04 05:54:15.828 - system_controller - INFO - Registered Worker (id: 'worker_a8005fc5')
2026-06-04 05:54:15.834 - system_controller - INFO - Registered Worker (id: 'worker_006f0082')
2026-06-04 05:54:15.843 - system_controller - INFO - Registered Worker (id: 'worker_0498a434')
2026-06-04 05:54:15.849 - system_controller - INFO - Registered Worker (id: 'worker_c746af6a')
2026-06-04 05:54:15.853 - system_controller - INFO - Registered Worker (id: 'worker_9bdad75b')
2026-06-04 05:54:15.859 - system_controller - INFO - Registered Worker (id: 'worker_f44915bf')
2026-06-04 05:54:15.866 - system_controller - INFO - Registered Worker (id: 'worker_1c625027')
2026-06-04 05:54:15.869 - system_controller - INFO - Registered Worker (id: 'worker_4c3de159')
2026-06-04 05:54:15.874 - system_controller - INFO - Registered Worker (id: 'worker_f7a97867')
2026-06-04 05:54:15.875 - system_controller - INFO - Registered Worker (id: 'worker_1cc27e97')
2026-06-04 05:54:15.881 - system_controller - INFO - Registered Worker (id: 'worker_3307e016')
2026-06-04 05:54:16.029 - system_controller - INFO - AIPerf System is CONFIGURING
2026-06-04 05:54:16.029 - system_controller - INFO - Configuring all services to start profiling
2026-06-04 05:54:16.030 - InferenceResultParser_2d8cd15c - INFO - Tokenization is disabled for this endpoint, skipping tokenizer configuration
2026-06-04 05:54:16.030 - InferenceResultParser_4ad69623 - INFO - Tokenization is disabled for this endpoint, skipping tokenizer configuration
2026-06-04 05:54:16.030 - InferenceResultParser_efc5a800 - INFO - Tokenization is disabled for this endpoint, skipping tokenizer configuration
2026-06-04 05:54:16.030 - InferenceResultParser_8ef21784 - INFO - Tokenization is disabled for this endpoint, skipping tokenizer configuration
2026-06-04 05:54:16.030 - timing_manager - INFO - Waiting for dataset to be configured before configuring timing
2026-06-04 05:54:16.031 - InferenceResultParser_c20f55df - INFO - Tokenization is disabled for this endpoint, skipping tokenizer configuration
2026-06-04 05:54:16.031 - InferenceResultParser_f13c1f4d - INFO - Tokenization is disabled for this endpoint, skipping tokenizer configuration
2026-06-04 05:54:16.031 - InferenceResultParser_ed513d56 - INFO - Tokenization is disabled for this endpoint, skipping tokenizer configuration
2026-06-04 05:54:16.031 - InferenceResultParser_4e4ff561 - INFO - Tokenization is disabled for this endpoint, skipping tokenizer configuration
2026-06-04 05:54:16.032 - dataset_manager - INFO - Configuring tokenizer(s) for dataset manager
2026-06-04 05:54:16.038 - system_controller - INFO - GPU telemetry disabled - no DCGM endpoints reachable
2026-06-04 05:54:16.042 - server_metrics_manager - INFO - Server Metrics: Capturing baseline metrics...
2026-06-04 05:54:16.057 - http://localhost:8888/metrics - INFO - Skipping unsupported summary metric: http_request_size_bytes
2026-06-04 05:54:16.057 - http://localhost:8888/metrics - INFO - Skipping unsupported summary metric: http_response_size_bytes
2026-06-04 05:54:16.058 - system_controller - INFO - Server metrics enabled - 1/1 endpoint(s) reachable.
2026-06-04 05:54:22.682 - transformers_modules.nvidia.Kimi_hyphen_K2_dot_5_hyphen_NVFP4.0fd0a5e6879298d3476e3b61852a79792a35ae3d.tokenization_kimi - INFO - Reloaded tiktoken model from /mnt/hf_hub_cache/models--nvidia--Kimi-K2.5-NVFP4/snapshots/0fd0a5e6879298d3476e3b61852a79792a35ae3d/tiktoken.model
2026-06-04 05:54:22.682 - transformers_modules.nvidia.Kimi_hyphen_K2_dot_5_hyphen_NVFP4.0fd0a5e6879298d3476e3b61852a79792a35ae3d.tokenization_kimi - INFO - #words: 163840 - BOS ID: 163584 - EOS ID: 163585
2026-06-04 05:54:22.826 - dataset_manager - INFO - Tokenizer(s) configured in 6.79 seconds
2026-06-04 05:54:22.826 - dataset_manager - INFO - Configuring dataset for dataset_manager
2026-06-04 05:54:23.223 - transformers_modules.nvidia.Kimi_hyphen_K2_dot_5_hyphen_NVFP4.0fd0a5e6879298d3476e3b61852a79792a35ae3d.tokenization_kimi - WARNING - Calling super().encode with {'add_special_tokens': False}
2026-06-04 05:54:23.223 - transformers_modules.nvidia.Kimi_hyphen_K2_dot_5_hyphen_NVFP4.0fd0a5e6879298d3476e3b61852a79792a35ae3d.tokenization_kimi - WARNING - Calling super().encode with {'add_special_tokens': False}
2026-06-04 05:54:23.223 - transformers_modules.nvidia.Kimi_hyphen_K2_dot_5_hyphen_NVFP4.0fd0a5e6879298d3476e3b61852a79792a35ae3d.tokenization_kimi - WARNING - Calling super().encode with {'add_special_tokens': False}
2026-06-04 05:54:23.223 - transformers_modules.nvidia.Kimi_hyphen_K2_dot_5_hyphen_NVFP4.0fd0a5e6879298d3476e3b61852a79792a35ae3d.tokenization_kimi - WARNING - Calling super().encode with {'add_special_tokens': False}
2026-06-04 05:54:23.678 - PublicDatasetComposer - INFO - Using preferred sampling strategy for semianalysis_cc_traces_weka_with_subagents_060226_256k: sequential
2026-06-04 05:54:23.839 - SemiAnalysisCCTracesWekaLoader - INFO - Loading HuggingFace dataset 'semianalysisai/cc-traces-weka-with-subagents-060226-256k' (split=train)
2026-06-04 05:54:23.931 - httpx - INFO - HTTP Request: HEAD https://huggingface.co/datasets/semianalysisai/cc-traces-weka-with-subagents-060226-256k/resolve/main/README.md "HTTP/1.1 307 Temporary Redirect"
2026-06-04 05:54:23.936 - httpx - INFO - HTTP Request: HEAD https://huggingface.co/api/resolve-cache/datasets/semianalysisai/cc-traces-weka-with-subagents-060226-256k/2cb1a1ae14ee59ff4a4997e496f6a358b6d953b4/README.md "HTTP/1.1 200 OK"
2026-06-04 05:54:23.991 - httpx - INFO - HTTP Request: HEAD https://huggingface.co/datasets/semianalysisai/cc-traces-weka-with-subagents-060226-256k/resolve/2cb1a1ae14ee59ff4a4997e496f6a358b6d953b4/cc-traces-weka-with-subagents-060226-256k.py "HTTP/1.1 404 Not Found"
2026-06-04 05:54:24.147 - httpx - INFO - HTTP Request: HEAD https://s3.amazonaws.com/datasets.huggingface.co/datasets/datasets/semianalysisai/cc-traces-weka-with-subagents-060226-256k/semianalysisai/cc-traces-weka-with-subagents-060226-256k.py "HTTP/1.1 404 Not Found"
2026-06-04 05:54:24.198 - httpx - INFO - HTTP Request: GET https://huggingface.co/api/datasets/semianalysisai/cc-traces-weka-with-subagents-060226-256k/revision/2cb1a1ae14ee59ff4a4997e496f6a358b6d953b4 "HTTP/1.1 200 OK"
2026-06-04 05:54:24.250 - httpx - INFO - HTTP Request: HEAD https://huggingface.co/datasets/semianalysisai/cc-traces-weka-with-subagents-060226-256k/resolve/2cb1a1ae14ee59ff4a4997e496f6a358b6d953b4/.huggingface.yaml "HTTP/1.1 404 Not Found"
2026-06-04 05:54:24.326 - httpx - INFO - HTTP Request: GET https://datasets-server.huggingface.co/info?dataset=semianalysisai/cc-traces-weka-with-subagents-060226-256k "HTTP/1.1 200 OK"
2026-06-04 05:54:24.387 - httpx - INFO - HTTP Request: GET https://huggingface.co/api/datasets/semianalysisai/cc-traces-weka-with-subagents-060226-256k/tree/2cb1a1ae14ee59ff4a4997e496f6a358b6d953b4?recursive=false&expand=false "HTTP/1.1 200 OK"
2026-06-04 05:54:24.443 - httpx - INFO - HTTP Request: HEAD https://huggingface.co/datasets/semianalysisai/cc-traces-weka-with-subagents-060226-256k/resolve/2cb1a1ae14ee59ff4a4997e496f6a358b6d953b4/dataset_infos.json "HTTP/1.1 404 Not Found"
2026-06-04 05:54:31.307 - SemiAnalysisCCTracesWekaLoader - INFO - Loading all 225 traces
2026-06-04 05:54:40.997 - aiperf.dataset.loader.weka_trace - INFO - WekaTraceLoader: spawning 16 worker process(es) for parallel reconstruction of 225 trace(s)
2026-06-04 05:54:49.182 - aiperf.dataset.loader.weka_parallel_convert - INFO - WekaTraceLoader: reconstructed 22/225 (10%) in 1.5s (14.9 traces/s)
2026-06-04 05:54:49.887 - aiperf.dataset.loader.weka_parallel_convert - INFO - WekaTraceLoader: reconstructed 44/225 (20%) in 2.2s (20.1 traces/s)
2026-06-04 05:55:16.027 - aiperf.dataset.loader.weka_parallel_convert - INFO - WekaTraceLoader: reconstructed 66/225 (29%) in 28.3s (2.3 traces/s)
2026-06-04 05:55:16.028 - aiperf.dataset.loader.weka_parallel_convert - INFO - WekaTraceLoader: reconstructed 88/225 (39%) in 28.3s (3.1 traces/s)
2026-06-04 05:55:16.028 - aiperf.dataset.loader.weka_parallel_convert - INFO - WekaTraceLoader: reconstructed 110/225 (49%) in 28.3s (3.9 traces/s)
2026-06-04 05:55:16.028 - aiperf.dataset.loader.weka_parallel_convert - INFO - WekaTraceLoader: reconstructed 132/225 (59%) in 28.3s (4.7 traces/s)
2026-06-04 05:55:16.028 - aiperf.dataset.loader.weka_parallel_convert - INFO - WekaTraceLoader: reconstructed 154/225 (68%) in 28.3s (5.4 traces/s)
2026-06-04 05:55:16.028 - aiperf.dataset.loader.weka_parallel_convert - INFO - WekaTraceLoader: reconstructed 176/225 (78%) in 28.3s (6.2 traces/s)
2026-06-04 05:55:16.028 - aiperf.dataset.loader.weka_parallel_convert - INFO - WekaTraceLoader: reconstructed 198/225 (88%) in 28.3s (7.0 traces/s)
2026-06-04 05:55:16.028 - aiperf.dataset.loader.weka_parallel_convert - INFO - WekaTraceLoader: reconstructed 220/225 (98%) in 28.3s (7.8 traces/s)
2026-06-04 05:55:16.028 - aiperf.dataset.loader.weka_parallel_convert - INFO - WekaTraceLoader: reconstructed 225/225 (100%) in 28.3s (7.9 traces/s)
2026-06-04 05:55:16.095 - aiperf.dataset.loader.weka_trace - INFO - WekaTraceLoader: workers finished in 38.1s; assembling Conversation objects
2026-06-04 05:55:20.686 - aiperf.dataset.loader.weka_trace - INFO - WekaTraceLoader: reconstructed 678 conversation(s) in 42.7s (total load+synth+reconstruct: 42.7s)
2026-06-04 05:55:20.703 - PublicDatasetComposer - WARNING - max_tokens=0 on turn is invalid (must be > 0); clamping to 1
2026-06-04 05:55:20.703 - PublicDatasetComposer - WARNING - max_tokens=0 on turn is invalid (must be > 0); clamping to 1
2026-06-04 05:55:20.703 - PublicDatasetComposer - WARNING - max_tokens=0 on turn is invalid (must be > 0); clamping to 1
2026-06-04 05:55:20.703 - PublicDatasetComposer - WARNING - max_tokens=0 on turn is invalid (must be > 0); clamping to 1
2026-06-04 05:55:20.703 - PublicDatasetComposer - WARNING - max_tokens=0 on turn is invalid (must be > 0); clamping to 1
2026-06-04 05:55:20.703 - PublicDatasetComposer - WARNING - max_tokens=0 on turn is invalid (must be > 0); clamping to 1
2026-06-04 05:55:20.707 - PublicDatasetComposer - WARNING - max_tokens=0 on turn is invalid (must be > 0); clamping to 1
2026-06-04 05:55:20.707 - PublicDatasetComposer - WARNING - max_tokens=0 on turn is invalid (must be > 0); clamping to 1
2026-06-04 05:55:20.708 - PublicDatasetComposer - WARNING - max_tokens=0 on turn is invalid (must be > 0); clamping to 1
2026-06-04 05:55:20.708 - PublicDatasetComposer - WARNING - max_tokens=0 on turn is invalid (must be > 0); clamping to 1
2026-06-04 05:55:20.708 - PublicDatasetComposer - WARNING - max_tokens=0 on turn is invalid (must be > 0); clamping to 1
2026-06-04 05:55:20.708 - PublicDatasetComposer - WARNING - max_tokens=0 on turn is invalid (must be > 0); clamping to 1
2026-06-04 05:55:21.410 - MemoryMapDatasetBackingStore_4f3ab8eb - INFO - Memory-mapped backing store initialized (streaming to /tmp/aiperf_mmap_7382668f-c35f-431a-ba73-3fc2b64dc5ac/dataset.dat)
2026-06-04 05:55:27.592 - MemoryMapDatasetBackingStore_4f3ab8eb - INFO - Data file finalized: 678 conversations, 1,296.61 MB
2026-06-04 05:55:27.594 - MemoryMapDatasetBackingStore_4f3ab8eb - INFO - Index file created: /tmp/aiperf_mmap_7382668f-c35f-431a-ba73-3fc2b64dc5ac/index.dat
2026-06-04 05:55:27.594 - dataset_manager - INFO - Backing store finalized: client_type=DatasetClientStoreType.MEMORY_MAP format=MemoryMapFormat.CONVERSATION data_file_path=PosixPath('/tmp/aiperf_mmap_7382668f-c35f-431a-ba73-3fc2b64dc5ac/dataset.dat') index_file_path=PosixPath('/tmp/aiperf_mmap_7382668f-c35f-431a-ba73-3fc2b64dc5ac/index.dat') conversation_count=678 total_size_bytes=1359596898 compressed=False compressed_size_bytes=0
2026-06-04 05:55:28.174 - dataset_manager - INFO - sampling strategy: sequential, unique conversations: 678, unique turn count: 52915
2026-06-04 05:55:28.507 - dataset_manager - INFO - Skipping inputs.json generation
2026-06-04 05:55:28.777 - aiperf.timing.trajectory_source - INFO - TrajectorySource: built 40 trajectories from 225 traces
  range cfg=[0.25, 0.75]  observed sample pct: min= 25% median= 45% max= 74%
    lane=00  sample_time= 39%  root_next= 14/32  ( 44% turns)  live=1 ready=1  trace_id=00e7d11db2db59f44a87b4110175b11d1af3
    lane=01  sample_time= 55%  root_next= 15/28  ( 54% turns)  live=1 ready=1  trace_id=01fece675b92efe07620225cd69c3884f774
    lane=02  sample_time= 55%  root_next=306/594 ( 52% turns)  live=1 ready=1  trace_id=0275949f4db511444909fe92b12f7e921e4a
    lane=03  sample_time= 27%  root_next= 13/27  ( 48% turns)  live=1 ready=1  trace_id=03be8f1eb1e9e620f46bd07068d6ab1aaae3
    lane=04  sample_time= 40%  root_next= 71/151 ( 47% turns)  live=1 ready=1  trace_id=0475b786230f3f2e24220d28e247eaee2dae
    lane=05  sample_time= 50%  root_next= 56/99  ( 57% turns)  live=1 ready=1  trace_id=04b25fe5b2ffa5e7ec9890426cce59838a05
    lane=06  sample_time= 69%  root_next= 10/20  ( 50% turns)  live=1 ready=1  trace_id=06385769df23204ac35c53ad431cf42f7c02
    lane=07  sample_time= 63%  root_next= 53/80  ( 66% turns)  live=1 ready=1  trace_id=07fc71985fbafc8e1abb181b7d28b8349f45
    lane=08  sample_time= 29%  root_next= 48/165 ( 29% turns)  live=1 ready=1  trace_id=09a5d415a7157ed48a5a6fa2711f2d8565c1
    lane=09  sample_time= 28%  root_next=  6/27  ( 22% turns)  live=1 ready=1  trace_id=09c188c8b9201ec2046cc2df702623fef33e
    lane=10  sample_time= 44%  root_next= 35/78  ( 45% turns)  live=1 ready=1  trace_id=0b1cf5ad73920121aa53e1acb0851a8ecf32
    lane=11  sample_time= 61%  root_next=161/254 ( 63% turns)  live=1 ready=1  trace_id=0b4a56f22f01dc235b7ce1cc3aeabd6943e8
    lane=12  sample_time= 32%  root_next= 59/184 ( 32% turns)  live=1 ready=1  trace_id=0d75185d4e958ad360c16451eaa95d508edf
    lane=13  sample_time= 51%  root_next= 10/18  ( 56% turns)  live=1 ready=1  trace_id=0da3a3bea6f3559a2eff4114839b328dad53
    lane=14  sample_time= 71%  root_next= 18/23  ( 78% turns)  live=1 ready=1  trace_id=116cb8d945f9d0810e788e51e3744adaab74
    lane=15  sample_time= 46%  root_next= 26/39  ( 67% turns)  live=1 ready=1  trace_id=1186d32070428ea303de493d61ee3effd467
    lane=16  sample_time= 74%  root_next= 23/26  ( 88% turns)  live=1 ready=1  trace_id=13762df76dba635a268bf3acbb30bfffed63
    lane=17  sample_time= 27%  root_next=  8/27  ( 30% turns)  live=1 ready=1  trace_id=14933d8a4190c45ac8fbd21183bba9469140
    lane=18  sample_time= 43%  root_next= 24/38  ( 63% turns)  live=1 ready=1  trace_id=1770548ae8e30555e62d6d6296c0166d6074
    lane=19  sample_time= 35%  root_next= 20/44  ( 45% turns)  live=3 ready=2  trace_id=1ac9d045056424d98ec4b5725460ca2b6120
    lane=20  sample_time= 55%  root_next= 31/50  ( 62% turns)  live=1 ready=1  trace_id=1b29955ec88767b5f8870f705f770cd46c60
    lane=21  sample_time= 69%  root_next=318/452 ( 70% turns)  live=1 ready=1  trace_id=1ec7f23f1ca1449b1758b86dba91df97cf1a
    lane=22  sample_time= 40%  root_next= 13/31  ( 42% turns)  live=1 ready=1  trace_id=1ff2c5c397d1c8f4a2e069449ec8e10b882a
    lane=23  sample_time= 34%  root_next= 33/55  ( 60% turns)  live=1 ready=1  trace_id=219331470ffaa5388ff9d7d8da92f5dc575b
    lane=24  sample_time= 46%  root_next= 38/63  ( 60% turns)  live=1 ready=1  trace_id=263134ce70d475337deb473aadc255479210
    lane=25  sample_time= 25%  root_next= 14/39  ( 36% turns)  live=1 ready=1  trace_id=265a5749ca677d0b0c90e7d3d6029a45318f
    lane=26  sample_time= 26%  root_next=  7/21  ( 33% turns)  live=1 ready=1  trace_id=2781d1fa9a22e982996948283bbcd3136c44
    lane=27  sample_time= 45%  root_next= 17/30  ( 57% turns)  live=1 ready=1  trace_id=27bf77bcaaf2b6d2210bdbdab4934348f322
    lane=28  sample_time= 73%  root_next= 61/84  ( 73% turns)  live=1 ready=1  trace_id=27cf2ada39b896fea5580c895bfbd4119490
    lane=29  sample_time= 52%  root_next= 20/34  ( 59% turns)  live=1 ready=1  trace_id=298daf6961d9121ca2f5d3cde68ba961c0c5
    lane=30  sample_time= 27%  root_next= 15/43  ( 35% turns)  live=1 ready=1  trace_id=2b971773e1889a7692523d5cc0a78a0361cb
    lane=31  sample_time= 43%  root_next=  8/21  ( 38% turns)  live=1 ready=1  trace_id=2c3e52bf4e687293e9fb70cba1c1786dceea
    lane=32  sample_time= 38%  root_next= 15/26  ( 58% turns)  live=1 ready=1  trace_id=2cfbb581474c482911487fd9b13d720889fa
    lane=33  sample_time= 36%  root_next= 58/160 ( 36% turns)  live=1 ready=1  trace_id=2dd25288ba9fe088c0419aabfb19c3ca4f36
    lane=34  sample_time= 69%  root_next= 52/109 ( 48% turns)  live=1 ready=1  trace_id=2de8538029066d95b4ff113d5750eb403cb7
    lane=35  sample_time= 63%  root_next= 50/103 ( 49% turns)  live=1 ready=1  trace_id=2df1b153c477169c8ab4ecd9e917ccaa3dba
    lane=36  sample_time= 52%  root_next= 32/71  ( 45% turns)  live=1 ready=1  trace_id=2e6fc2e7b28c2e567d9c2aa0a38586d494eb
    lane=37  sample_time= 51%  root_next= 31/57  ( 54% turns)  live=1 ready=1  trace_id=300134008d4cc98f288179ea9dd9314f140c
    lane=38  sample_time= 37%  root_next=157/361 ( 43% turns)  live=1 ready=1  trace_id=3042c8b3b1ecd64c1df1a1c3987e0869b81e
    lane=39  sample_time= 28%  root_next= 21/101 ( 21% turns)  live=1 ready=1  trace_id=30b5428f1c359a9d2fdf9c25ecd3e4c0f480
2026-06-04 05:55:28.778 - PhaseOrchestrator_4c27f612 - INFO - Initialized 2 phase(s): ['Warmup', 'Profiling']
2026-06-04 05:55:29.081 - dataset_manager - INFO - Dataset client initialized and freed 678 conversations from memory
2026-06-04 05:55:29.919 - aiperf.dataset.mmap_cache - INFO - Populated mmap cache entry /root/.cache/aiperf/dataset_mmap/86880816c6c0cbd2b6f9b270c093c6cd
2026-06-04 05:55:29.920 - dataset_manager - INFO - Dataset configured in 67.09 seconds
2026-06-04 05:55:29.920 - system_controller - INFO - All services configured in 73.89 seconds
2026-06-04 05:55:29.921 - system_controller - INFO - AIPerf System is CONFIGURED
2026-06-04 05:55:29.921 - server_metrics_manager - INFO - Server Metrics: Started 1 collector(s) successfully
2026-06-04 05:55:29.929 - system_controller - INFO - All services started profiling successfully
2026-06-04 05:55:29.929 - system_controller - INFO - AIPerf System is PROFILING
2026-06-04 05:55:29.940 - PhaseRunner - NOTICE - Phase warmup started | target: 41 requests
2026-06-04 05:55:29.940 - AgenticReplayTiming - INFO - WARMUP execute: dispatching 41 trajectory credits
2026-06-04 05:55:29.940 - records_manager - INFO - Credit phase start: warmup
2026-06-04 05:55:29.942 - PhaseRunner - NOTICE - Phase warmup sending complete | sent=41, completed=0, in_flight=41
2026-06-04 05:56:24.347 - AgenticReplayTiming - INFO - WARMUP 1/41 returned [ok] (lane=19, trace_id=1ac9d045056424d98ec4b5725460ca2b6120::sa:subagent_001_88698b09:s0, start_turn=0/24 (0% through trace))
2026-06-04 05:56:39.952 - AgenticReplayTiming - INFO - WARMUP 2/41 returned [ok] (lane=19, trace_id=1ac9d045056424d98ec4b5725460ca2b6120::sa:subagent_001_88698b09:s1, start_turn=0/4 (0% through trace))
2026-06-04 06:03:10.446 - PhaseRunner - NOTICE - Phase warmup complete | completed=41, cancelled=0, errors=0 | elapsed=460.51s
2026-06-04 06:03:10.446 - aiperf.timing.branch_orchestrator - INFO - BranchOrchestrator stats: spawned=0 completed=0 errored=0 suspended=0 resumed=0 parents_failed_due_to_child_error=0 joins_suppressed=0
2026-06-04 06:03:10.453 - AgenticReplayTiming - INFO - PROFILING setup: trajectories=40 traces, recycle_queue=225 traces (full pool)
2026-06-04 06:03:10.453 - PhaseRunner - NOTICE - Phase profiling started | target: 1800.0s duration
2026-06-04 06:03:10.453 - records_manager - INFO - Credit phase start: profiling
2026-06-04 06:03:10.454 - PhaseRunner - INFO - Waiting for event 'profiling phase sending' with timeout of 1799.999526347s
2026-06-04 06:03:10.454 - AgenticReplayTiming - INFO - PROFILING execute: resuming 40 trajectory sessions
2026-06-04 06:03:45.736 - records_manager - INFO - [realtime 00:35 profiling] rps=0.4 (avg 0.4) tput_in=32678/s tput_out=125/s done=11 ok=11 err=0
                           ttft p50=13292ms p75=15266ms p95=15534ms p99=15555ms
                           itl  p50=12ms   p75=14ms   p95=23ms   p99=29ms
                           e2e  p50=16580ms p75=19616ms p95=21444ms p99=22160ms
                           intvty p50=81     p75=84     p95=88     p99=89 (1/tpot tok/s)
                           isl  p50=63,888    p75=112,874   p90=148,698   p99=187,915 (tokens)
                           osl  p50=274       p75=410       p90=624       p99=630 (tokens)
                           tot  in=905,321        out=3,452
                           trace theoretical_prefix_cache_hit=97.1%
                           srv  prefix_cache_hit=0.0% unique_in_srv=2,798,787,179 ext_cache_hit=23.2% kv_usage=83.9% queue=3r/25w tput_in_srv=8,780/s tput_out_srv=150/s
2026-06-04 06:04:15.753 - records_manager - INFO - [realtime 01:05 profiling] rps=0.1 (avg 0.2) tput_in=24922/s tput_out=193/s done=15 ok=15 err=0
                           ttft p50=15224ms p75=15534ms p95=28641ms p99=39776ms
                           itl  p50=12ms   p75=14ms   p95=20ms   p99=28ms
                           e2e  p50=19340ms p75=29544ms p95=50941ms p99=53264ms
                           intvty p50=82     p75=90     p95=95     p99=95 (1/tpot tok/s)
                           isl  p50=96,451    p75=135,598   p90=186,672   p99=205,448 (tokens)
                           osl  p50=356       p75=850       p90=2,136     p99=3,053 (tokens)
                           tot  in=1,504,518      out=11,621
                           trace theoretical_prefix_cache_hit=97.5%
                           srv  prefix_cache_hit=0.0% unique_in_srv=3,265,116,700 ext_cache_hit=30.3% kv_usage=60.1% queue=3r/33w tput_in_srv=9,155/s tput_out_srv=154/s
2026-06-04 06:04:45.774 - records_manager - INFO - [realtime 01:35 profiling] rps=0.1 (avg 0.2) tput_in=19977/s tput_out=158/s done=18 ok=18 err=0
                           ttft p50=15274ms p75=21265ms p95=80827ms p99=80867ms
                           itl  p50=12ms   p75=14ms   p95=17ms   p99=28ms
                           e2e  p50=20221ms p75=48438ms p95=82194ms p99=82637ms
                           intvty p50=84     p75=91     p95=96     p99=100 (1/tpot tok/s)
                           isl  p50=99,851    p75=142,148   p90=190,817   p99=204,988 (tokens)
                           osl  p50=336       p75=960       p90=2,824     p99=3,147 (tokens)
                           tot  in=1,883,392      out=14,872
                           trace theoretical_prefix_cache_hit=97.9%
                           srv  prefix_cache_hit=0.0% unique_in_srv=3,795,818,440 ext_cache_hit=36.5% kv_usage=92.2% queue=6r/31w tput_in_srv=9,552/s tput_out_srv=161/s
2026-06-04 06:05:15.802 - records_manager - INFO - [realtime 02:05 profiling] rps=0.1 (avg 0.2) tput_in=18469/s tput_out=160/s done=22 ok=22 err=0
                           ttft p50=15534ms p75=69708ms p95=81073ms p99=82077ms
                           itl  p50=12ms   p75=13ms   p95=15ms   p99=27ms
                           e2e  p50=29544ms p75=81791ms p95=94030ms p99=96377ms
                           intvty p50=81     p75=88     p95=95     p99=100 (1/tpot tok/s)
                           isl  p50=92,394    p75=121,093   p90=189,001   p99=204,376 (tokens)
                           osl  p50=544       p75=1,146     p90=2,578     p99=3,145 (tokens)
                           tot  in=2,171,229      out=18,815
                           trace theoretical_prefix_cache_hit=97.9%
                           srv  prefix_cache_hit=0.0% unique_in_srv=4,131,839,716 ext_cache_hit=38.3% kv_usage=70.6% queue=4r/34w tput_in_srv=9,387/s tput_out_srv=172/s
2026-06-04 06:05:45.832 - records_manager - INFO - [realtime 02:35 profiling] rps=0.1 (avg 0.2) tput_in=17578/s tput_out=197/s done=26 ok=26 err=0
                           ttft p50=19855ms p75=80087ms p95=102684ms p99=112671ms
                           itl  p50=12ms   p75=13ms   p95=15ms   p99=27ms
                           e2e  p50=47179ms p75=89040ms p95=123747ms p99=126541ms
                           intvty p50=82     p75=90     p95=95     p99=100 (1/tpot tok/s)
                           isl  p50=89,016    p75=121,093   p90=191,232   p99=203,989 (tokens)
                           osl  p50=630       p75=1,172     p90=2,906     p99=6,216 (tokens)
                           tot  in=2,595,641      out=29,019
                           trace theoretical_prefix_cache_hit=98.1%
                           srv  prefix_cache_hit=0.0% unique_in_srv=4,379,617,676 ext_cache_hit=42.8% kv_usage=79.8% queue=4r/34w tput_in_srv=9,656/s tput_out_srv=181/s
2026-06-04 06:06:15.875 - records_manager - INFO - [realtime 03:05 profiling] rps=0.3 (avg 0.2) tput_in=17287/s tput_out=280/s done=35 ok=35 err=0
                           ttft p50=51505ms p75=99382ms p95=148205ms p99=150538ms
                           itl  p50=12ms   p75=13ms   p95=14ms   p99=25ms
                           e2e  p50=82748ms p75=135543ms p95=155396ms p99=162928ms
                           intvty p50=82     p75=89     p95=96     p99=99 (1/tpot tok/s)
                           isl  p50=87,677    p75=108,192   p90=185,425   p99=202,692 (tokens)
                           osl  p50=624       p75=1,230     p90=3,431     p99=9,437 (tokens)
                           tot  in=3,154,342      out=51,090
                           trace theoretical_prefix_cache_hit=98.1%
                           srv  prefix_cache_hit=0.0% unique_in_srv=4,581,942,851 ext_cache_hit=47.8% kv_usage=92.4% queue=5r/27w tput_in_srv=10,025/s tput_out_srv=188/s
2026-06-04 06:06:45.932 - records_manager - INFO - [realtime 03:35 profiling] rps=0.3 (avg 0.2) tput_in=18641/s tput_out=299/s done=44 ok=44 err=0
                           ttft p50=80848ms p75=144535ms p95=157480ms p99=165308ms
                           itl  p50=12ms   p75=13ms   p95=19ms   p99=26ms
                           e2e  p50=101003ms p75=154625ms p95=171923ms p99=187077ms
                           intvty p50=81     p75=91     p95=95     p99=99 (1/tpot tok/s)
                           isl  p50=88,008    p75=112,877   p90=169,979   p99=201,395 (tokens)
                           osl  p50=627       p75=1,299     p90=3,477     p99=9,137 (tokens)
                           tot  in=3,982,290      out=63,827
                           trace theoretical_prefix_cache_hit=98.2%
                           srv  prefix_cache_hit=0.0% unique_in_srv=4,843,465,897 ext_cache_hit=53.0% kv_usage=84.9% queue=4r/31w tput_in_srv=10,786/s tput_out_srv=192/s
2026-06-04 06:07:15.993 - records_manager - INFO - [realtime 04:05 profiling] rps=0.1 (avg 0.2) tput_in=17514/s tput_out=277/s done=46 ok=46 err=0
                           ttft p50=80980ms p75=147711ms p95=165274ms p99=177366ms
                           itl  p50=12ms   p75=13ms   p95=18ms   p99=26ms
                           e2e  p50=110527ms p75=156628ms p95=185975ms p99=190593ms
                           intvty p50=82     p75=92     p95=95     p99=99 (1/tpot tok/s)
                           isl  p50=88,008    p75=115,056   p90=164,450   p99=201,106 (tokens)
                           osl  p50=627       p75=1,320     p90=3,385     p99=9,071 (tokens)
                           tot  in=4,187,199      out=66,120
                           trace theoretical_prefix_cache_hit=98.2%
                           srv  prefix_cache_hit=0.0% unique_in_srv=5,171,551,969 ext_cache_hit=54.4% kv_usage=94.8% queue=4r/34w tput_in_srv=10,682/s tput_out_srv=198/s
2026-06-04 06:07:46.065 - records_manager - INFO - [realtime 04:35 profiling] rps=0.2 (avg 0.2) tput_in=17698/s tput_out=273/s done=51 ok=51 err=0
                           ttft p50=92779ms p75=151550ms p95=185941ms p99=186970ms
                           itl  p50=12ms   p75=13ms   p95=17ms   p99=25ms
                           e2e  p50=126610ms p75=165663ms p95=188501ms p99=203864ms
                           intvty p50=87     p75=92     p95=95     p99=99 (1/tpot tok/s)
                           isl  p50=88,338    p75=116,513   p90=150,628   p99=200,386 (tokens)
                           osl  p50=624       p75=1,310     p90=3,616     p99=8,904 (tokens)
                           tot  in=4,655,334      out=71,730
                           trace theoretical_prefix_cache_hit=96.3%
                           srv  prefix_cache_hit=0.0% unique_in_srv=5,653,526,716 ext_cache_hit=56.4% kv_usage=78.7% queue=3r/37w tput_in_srv=10,763/s tput_out_srv=202/s
2026-06-04 06:08:16.149 - records_manager - INFO - [realtime 05:05 profiling] rps=0.2 (avg 0.2) tput_in=17097/s tput_out=284/s done=56 ok=56 err=0
                           ttft p50=115509ms p75=159703ms p95=186920ms p99=199056ms
                           itl  p50=11ms   p75=13ms   p95=16ms   p99=25ms
                           e2e  p50=149784ms p75=174378ms p95=215660ms p99=239620ms
                           intvty p50=87     p75=92     p95=95     p99=98 (1/tpot tok/s)
                           isl  p50=89,016    p75=116,329   p90=164,450   p99=208,778 (tokens)
                           osl  p50=627       p75=1,364     p90=5,297     p99=8,842 (tokens)
                           tot  in=5,211,116      out=86,634
                           trace theoretical_prefix_cache_hit=96.4%
                           srv  prefix_cache_hit=0.0% unique_in_srv=6,095,000,413 ext_cache_hit=59.2% kv_usage=87.2% queue=5r/31w tput_in_srv=11,097/s tput_out_srv=203/s
2026-06-04 06:08:46.260 - records_manager - INFO - [realtime 05:35 profiling] rps=0.4 (avg 0.2) tput_in=19067/s tput_out=290/s done=68 ok=68 err=0
                           ttft p50=141700ms p75=165661ms p95=187301ms p99=197337ms
                           itl  p50=12ms   p75=14ms   p95=16ms   p99=23ms
                           e2e  p50=150763ms p75=182095ms p95=215772ms p99=241226ms
                           intvty p50=82     p75=91     p95=95     p99=98 (1/tpot tok/s)
                           isl  p50=88,490    p75=116,329   p90=184,319   p99=208,462 (tokens)
                           osl  p50=587       p75=1,299     p90=4,396     p99=8,465 (tokens)
                           tot  in=6,390,043      out=97,320
                           trace theoretical_prefix_cache_hit=96.7%
                           srv  prefix_cache_hit=0.0% unique_in_srv=6,323,465,203 ext_cache_hit=63.6% kv_usage=97.3% queue=5r/28w tput_in_srv=11,977/s tput_out_srv=208/s
2026-06-04 06:09:16.393 - records_manager - INFO - [realtime 06:05 profiling] rps=0.5 (avg 0.2) tput_in=20388/s tput_out=299/s done=82 ok=82 err=0
                           ttft p50=137938ms p75=163920ms p95=187060ms p99=195332ms
                           itl  p50=12ms   p75=14ms   p95=16ms   p99=22ms
                           e2e  p50=149784ms p75=173817ms p95=214920ms p99=239820ms
                           intvty p50=81     p75=91     p95=95     p99=97 (1/tpot tok/s)
                           isl  p50=86,700    p75=115,393   p90=175,508   p99=208,093 (tokens)
                           osl  p50=630       p75=1,266     p90=3,570     p99=8,025 (tokens)
                           tot  in=7,428,670      out=108,916
                           trace theoretical_prefix_cache_hit=96.6%
                           srv  prefix_cache_hit=0.0% unique_in_srv=6,548,811,005 ext_cache_hit=66.2% kv_usage=80.4% queue=3r/28w tput_in_srv=12,788/s tput_out_srv=212/s
2026-06-04 06:09:46.580 - records_manager - INFO - [realtime 06:36 profiling] rps=0.4 (avg 0.2) tput_in=21798/s tput_out=295/s done=93 ok=93 err=0
                           ttft p50=136103ms p75=154371ms p95=186950ms p99=193756ms
                           itl  p50=12ms   p75=14ms   p95=16ms   p99=21ms
                           e2e  p50=147753ms p75=170026ms p95=207559ms p99=238716ms
                           intvty p50=82     p75=92     p95=95     p99=99 (1/tpot tok/s)
                           isl  p50=87,677    p75=116,145   p90=173,000   p99=207,804 (tokens)
                           osl  p50=624       p75=1,201     p90=3,145     p99=7,679 (tokens)
                           tot  in=8,563,218      out=115,916
                           trace theoretical_prefix_cache_hit=96.8%
                           srv  prefix_cache_hit=0.0% unique_in_srv=6,893,394,544 ext_cache_hit=69.1% kv_usage=91.2% queue=3r/31w tput_in_srv=13,645/s tput_out_srv=213/s
2026-06-04 06:10:16.741 - records_manager - INFO - [realtime 07:06 profiling] rps=0.1 (avg 0.2) tput_in=22375/s tput_out=300/s done=96 ok=96 err=0
                           ttft p50=135787ms p75=153607ms p95=186920ms p99=193326ms
                           itl  p50=12ms   p75=14ms   p95=16ms   p99=20ms
                           e2e  p50=147008ms p75=169663ms p95=205552ms p99=238415ms
                           intvty p50=83     p75=92     p95=95     p99=101 (1/tpot tok/s)
                           isl  p50=88,490    p75=116,178   p90=180,037   p99=210,358 (tokens)
                           osl  p50=630       p75=1,223     p90=3,132     p99=7,585 (tokens)
                           tot  in=8,989,071      out=120,405
                           trace theoretical_prefix_cache_hit=96.8%
                           srv  prefix_cache_hit=0.0% unique_in_srv=7,048,414,192 ext_cache_hit=69.7% kv_usage=94.5% queue=0r/40w tput_in_srv=13,218/s tput_out_srv=207/s
2026-06-04 06:10:46.902 - records_manager - INFO - [realtime 07:36 profiling] rps=0.0 (avg 0.2) tput_in=22375/s tput_out=300/s done=96 ok=96 err=0
                           ttft p50=135787ms p75=153607ms p95=186920ms p99=193326ms
                           itl  p50=12ms   p75=14ms   p95=16ms   p99=20ms
                           e2e  p50=147008ms p75=169663ms p95=205552ms p99=238415ms
                           intvty p50=83     p75=92     p95=95     p99=101 (1/tpot tok/s)
                           isl  p50=88,490    p75=116,178   p90=180,037   p99=210,358 (tokens)
                           osl  p50=630       p75=1,223     p90=3,132     p99=7,585 (tokens)
                           tot  in=8,989,071      out=120,405
                           trace theoretical_prefix_cache_hit=96.8%
                           srv  prefix_cache_hit=0.0% unique_in_srv=7,048,414,192 ext_cache_hit=69.7% kv_usage=94.5% queue=0r/41w tput_in_srv=12,813/s tput_out_srv=201/s
2026-06-04 06:11:17.065 - records_manager - INFO - [realtime 08:06 profiling] rps=0.0 (avg 0.2) tput_in=22375/s tput_out=300/s done=96 ok=96 err=0
                           ttft p50=135787ms p75=153607ms p95=186920ms p99=193326ms
                           itl  p50=12ms   p75=14ms   p95=16ms   p99=20ms
                           e2e  p50=147008ms p75=169663ms p95=205552ms p99=238415ms
                           intvty p50=83     p75=92     p95=95     p99=101 (1/tpot tok/s)
                           isl  p50=88,490    p75=116,178   p90=180,037   p99=210,358 (tokens)
                           osl  p50=630       p75=1,223     p90=3,132     p99=7,585 (tokens)
                           tot  in=8,989,071      out=120,405
                           trace theoretical_prefix_cache_hit=96.8%
                           srv  prefix_cache_hit=0.0% unique_in_srv=7,048,414,192 ext_cache_hit=69.7% kv_usage=94.5% queue=0r/41w tput_in_srv=12,437/s tput_out_srv=195/s
2026-06-04 06:11:47.224 - records_manager - INFO - [realtime 08:36 profiling] rps=0.0 (avg 0.2) tput_in=22375/s tput_out=300/s done=96 ok=96 err=0
                           ttft p50=135787ms p75=153607ms p95=186920ms p99=193326ms
                           itl  p50=12ms   p75=14ms   p95=16ms   p99=20ms
                           e2e  p50=147008ms p75=169663ms p95=205552ms p99=238415ms
                           intvty p50=83     p75=92     p95=95     p99=101 (1/tpot tok/s)
                           isl  p50=88,490    p75=116,178   p90=180,037   p99=210,358 (tokens)
                           osl  p50=630       p75=1,223     p90=3,132     p99=7,585 (tokens)
                           tot  in=8,989,071      out=120,405
                           trace theoretical_prefix_cache_hit=96.8%
                           srv  prefix_cache_hit=0.0% unique_in_srv=7,048,414,192 ext_cache_hit=69.7% kv_usage=94.5% queue=0r/41w tput_in_srv=12,078/s tput_out_srv=189/s
2026-06-04 06:12:17.384 - records_manager - INFO - [realtime 09:06 profiling] rps=0.0 (avg 0.2) tput_in=22375/s tput_out=300/s done=96 ok=96 err=0
                           ttft p50=135787ms p75=153607ms p95=186920ms p99=193326ms
                           itl  p50=12ms   p75=14ms   p95=16ms   p99=20ms
                           e2e  p50=147008ms p75=169663ms p95=205552ms p99=238415ms
                           intvty p50=83     p75=92     p95=95     p99=101 (1/tpot tok/s)
                           isl  p50=88,490    p75=116,178   p90=180,037   p99=210,358 (tokens)
                           osl  p50=630       p75=1,223     p90=3,132     p99=7,585 (tokens)
                           tot  in=8,989,071      out=120,405
                           trace theoretical_prefix_cache_hit=96.8%
                           srv  prefix_cache_hit=0.0% unique_in_srv=7,048,414,192 ext_cache_hit=69.7% kv_usage=94.5% queue=0r/41w tput_in_srv=11,742/s tput_out_srv=184/s
2026-06-04 06:12:47.573 - records_manager - INFO - [realtime 09:37 profiling] rps=0.0 (avg 0.2) tput_in=22375/s tput_out=300/s done=96 ok=96 err=0
                           ttft p50=135787ms p75=153607ms p95=186920ms p99=193326ms
                           itl  p50=12ms   p75=14ms   p95=16ms   p99=20ms
                           e2e  p50=147008ms p75=169663ms p95=205552ms p99=238415ms
                           intvty p50=83     p75=92     p95=95     p99=101 (1/tpot tok/s)
                           isl  p50=88,490    p75=116,178   p90=180,037   p99=210,358 (tokens)
                           osl  p50=630       p75=1,223     p90=3,132     p99=7,585 (tokens)
                           tot  in=8,989,071      out=120,405
                           trace theoretical_prefix_cache_hit=96.8%
                           srv  prefix_cache_hit=0.0% unique_in_srv=7,048,414,192 ext_cache_hit=69.7% kv_usage=94.5% queue=0r/41w tput_in_srv=11,422/s tput_out_srv=179/s
2026-06-04 06:13:17.732 - records_manager - INFO - [realtime 10:07 profiling] rps=0.0 (avg 0.2) tput_in=22375/s tput_out=300/s done=96 ok=96 err=0
                           ttft p50=135787ms p75=153607ms p95=186920ms p99=193326ms
                           itl  p50=12ms   p75=14ms   p95=16ms   p99=20ms
                           e2e  p50=147008ms p75=169663ms p95=205552ms p99=238415ms
                           intvty p50=83     p75=92     p95=95     p99=101 (1/tpot tok/s)
                           isl  p50=88,490    p75=116,178   p90=180,037   p99=210,358 (tokens)
                           osl  p50=630       p75=1,223     p90=3,132     p99=7,585 (tokens)
                           tot  in=8,989,071      out=120,405
                           trace theoretical_prefix_cache_hit=96.8%
                           srv  prefix_cache_hit=0.0% unique_in_srv=7,048,414,192 ext_cache_hit=69.7% kv_usage=94.5% queue=0r/41w tput_in_srv=11,122/s tput_out_srv=174/s
2026-06-04 06:13:47.894 - records_manager - INFO - [realtime 10:37 profiling] rps=0.0 (avg 0.2) tput_in=22375/s tput_out=300/s done=96 ok=96 err=0
                           ttft p50=135787ms p75=153607ms p95=186920ms p99=193326ms
                           itl  p50=12ms   p75=14ms   p95=16ms   p99=20ms
                           e2e  p50=147008ms p75=169663ms p95=205552ms p99=238415ms
                           intvty p50=83     p75=92     p95=95     p99=101 (1/tpot tok/s)
                           isl  p50=88,490    p75=116,178   p90=180,037   p99=210,358 (tokens)
                           osl  p50=630       p75=1,223     p90=3,132     p99=7,585 (tokens)
                           tot  in=8,989,071      out=120,405
                           trace theoretical_prefix_cache_hit=96.8%
                           srv  prefix_cache_hit=0.0% unique_in_srv=7,048,414,192 ext_cache_hit=69.7% kv_usage=94.5% queue=0r/41w tput_in_srv=10,834/s tput_out_srv=170/s
2026-06-04 06:14:18.052 - records_manager - INFO - [realtime 11:07 profiling] rps=0.0 (avg 0.2) tput_in=22375/s tput_out=300/s done=96 ok=96 err=0
                           ttft p50=135787ms p75=153607ms p95=186920ms p99=193326ms
                           itl  p50=12ms   p75=14ms   p95=16ms   p99=20ms
                           e2e  p50=147008ms p75=169663ms p95=205552ms p99=238415ms
                           intvty p50=83     p75=92     p95=95     p99=101 (1/tpot tok/s)
                           isl  p50=88,490    p75=116,178   p90=180,037   p99=210,358 (tokens)
                           osl  p50=630       p75=1,223     p90=3,132     p99=7,585 (tokens)
                           tot  in=8,989,071      out=120,405
                           trace theoretical_prefix_cache_hit=96.8%
                           srv  prefix_cache_hit=0.0% unique_in_srv=7,048,414,192 ext_cache_hit=69.7% kv_usage=94.5% queue=0r/41w tput_in_srv=10,563/s tput_out_srv=166/s
2026-06-04 06:14:48.211 - records_manager - INFO - [realtime 11:37 profiling] rps=0.0 (avg 0.2) tput_in=22375/s tput_out=300/s done=96 ok=96 err=0
                           ttft p50=135787ms p75=153607ms p95=186920ms p99=193326ms
                           itl  p50=12ms   p75=14ms   p95=16ms   p99=20ms
                           e2e  p50=147008ms p75=169663ms p95=205552ms p99=238415ms
                           intvty p50=83     p75=92     p95=95     p99=101 (1/tpot tok/s)
                           isl  p50=88,490    p75=116,178   p90=180,037   p99=210,358 (tokens)
                           osl  p50=630       p75=1,223     p90=3,132     p99=7,585 (tokens)
                           tot  in=8,989,071      out=120,405
                           trace theoretical_prefix_cache_hit=96.8%
                           srv  prefix_cache_hit=0.0% unique_in_srv=7,048,414,192 ext_cache_hit=69.7% kv_usage=94.5% queue=0r/41w tput_in_srv=10,303/s tput_out_srv=162/s
2026-06-04 06:15:18.397 - records_manager - INFO - [realtime 12:07 profiling] rps=0.0 (avg 0.2) tput_in=22375/s tput_out=300/s done=96 ok=96 err=0
                           ttft p50=135787ms p75=153607ms p95=186920ms p99=193326ms
                           itl  p50=12ms   p75=14ms   p95=16ms   p99=20ms
                           e2e  p50=147008ms p75=169663ms p95=205552ms p99=238415ms
                           intvty p50=83     p75=92     p95=95     p99=101 (1/tpot tok/s)
                           isl  p50=88,490    p75=116,178   p90=180,037   p99=210,358 (tokens)
                           osl  p50=630       p75=1,223     p90=3,132     p99=7,585 (tokens)
                           tot  in=8,989,071      out=120,405
                           trace theoretical_prefix_cache_hit=96.8%
                           srv  prefix_cache_hit=0.0% unique_in_srv=7,048,414,192 ext_cache_hit=69.7% kv_usage=94.5% queue=0r/41w tput_in_srv=10,058/s tput_out_srv=158/s
2026-06-04 06:15:48.556 - records_manager - INFO - [realtime 12:38 profiling] rps=0.0 (avg 0.2) tput_in=22375/s tput_out=300/s done=96 ok=96 err=0
                           ttft p50=135787ms p75=153607ms p95=186920ms p99=193326ms
                           itl  p50=12ms   p75=14ms   p95=16ms   p99=20ms
                           e2e  p50=147008ms p75=169663ms p95=205552ms p99=238415ms
                           intvty p50=83     p75=92     p95=95     p99=101 (1/tpot tok/s)
                           isl  p50=88,490    p75=116,178   p90=180,037   p99=210,358 (tokens)
                           osl  p50=630       p75=1,223     p90=3,132     p99=7,585 (tokens)
                           tot  in=8,989,071      out=120,405
                           trace theoretical_prefix_cache_hit=96.8%
                           srv  prefix_cache_hit=0.0% unique_in_srv=7,048,414,192 ext_cache_hit=69.7% kv_usage=94.5% queue=0r/41w tput_in_srv=9,822/s tput_out_srv=154/s
2026-06-04 06:16:18.716 - records_manager - INFO - [realtime 13:08 profiling] rps=0.0 (avg 0.2) tput_in=22375/s tput_out=300/s done=96 ok=96 err=0
                           ttft p50=135787ms p75=153607ms p95=186920ms p99=193326ms
                           itl  p50=12ms   p75=14ms   p95=16ms   p99=20ms
                           e2e  p50=147008ms p75=169663ms p95=205552ms p99=238415ms
                           intvty p50=83     p75=92     p95=95     p99=101 (1/tpot tok/s)
                           isl  p50=88,490    p75=116,178   p90=180,037   p99=210,358 (tokens)
                           osl  p50=630       p75=1,223     p90=3,132     p99=7,585 (tokens)
                           tot  in=8,989,071      out=120,405
                           trace theoretical_prefix_cache_hit=96.8%
                           srv  prefix_cache_hit=0.0% unique_in_srv=7,048,414,192 ext_cache_hit=69.7% kv_usage=94.5% queue=0r/41w tput_in_srv=9,599/s tput_out_srv=151/s
2026-06-04 06:16:48.875 - records_manager - INFO - [realtime 13:38 profiling] rps=0.0 (avg 0.2) tput_in=22375/s tput_out=300/s done=96 ok=96 err=0
                           ttft p50=135787ms p75=153607ms p95=186920ms p99=193326ms
                           itl  p50=12ms   p75=14ms   p95=16ms   p99=20ms
                           e2e  p50=147008ms p75=169663ms p95=205552ms p99=238415ms
                           intvty p50=83     p75=92     p95=95     p99=101 (1/tpot tok/s)
                           isl  p50=88,490    p75=116,178   p90=180,037   p99=210,358 (tokens)
                           osl  p50=630       p75=1,223     p90=3,132     p99=7,585 (tokens)
                           tot  in=8,989,071      out=120,405
                           trace theoretical_prefix_cache_hit=96.8%
                           srv  prefix_cache_hit=0.0% unique_in_srv=7,048,414,192 ext_cache_hit=69.7% kv_usage=94.5% queue=0r/41w tput_in_srv=9,386/s tput_out_srv=147/s
2026-06-04 06:17:19.033 - records_manager - INFO - [realtime 14:08 profiling] rps=0.0 (avg 0.2) tput_in=22375/s tput_out=300/s done=96 ok=96 err=0
                           ttft p50=135787ms p75=153607ms p95=186920ms p99=193326ms
                           itl  p50=12ms   p75=14ms   p95=16ms   p99=20ms
                           e2e  p50=147008ms p75=169663ms p95=205552ms p99=238415ms
                           intvty p50=83     p75=92     p95=95     p99=101 (1/tpot tok/s)
                           isl  p50=88,490    p75=116,178   p90=180,037   p99=210,358 (tokens)
                           osl  p50=630       p75=1,223     p90=3,132     p99=7,585 (tokens)
                           tot  in=8,989,071      out=120,405
                           trace theoretical_prefix_cache_hit=96.8%
                           srv  prefix_cache_hit=0.0% unique_in_srv=7,048,414,192 ext_cache_hit=69.7% kv_usage=94.5% queue=0r/41w tput_in_srv=9,180/s tput_out_srv=144/s
2026-06-04 06:17:49.217 - records_manager - INFO - [realtime 14:38 profiling] rps=0.0 (avg 0.2) tput_in=22375/s tput_out=300/s done=96 ok=96 err=0
                           ttft p50=135787ms p75=153607ms p95=186920ms p99=193326ms
                           itl  p50=12ms   p75=14ms   p95=16ms   p99=20ms
                           e2e  p50=147008ms p75=169663ms p95=205552ms p99=238415ms
                           intvty p50=83     p75=92     p95=95     p99=101 (1/tpot tok/s)
                           isl  p50=88,490    p75=116,178   p90=180,037   p99=210,358 (tokens)
                           osl  p50=630       p75=1,223     p90=3,132     p99=7,585 (tokens)
                           tot  in=8,989,071      out=120,405
                           trace theoretical_prefix_cache_hit=96.8%
                           srv  prefix_cache_hit=0.0% unique_in_srv=7,048,414,192 ext_cache_hit=69.7% kv_usage=94.5% queue=0r/41w tput_in_srv=8,985/s tput_out_srv=141/s
2026-06-04 06:18:19.376 - records_manager - INFO - [realtime 15:08 profiling] rps=0.0 (avg 0.2) tput_in=22375/s tput_out=300/s done=96 ok=96 err=0
                           ttft p50=135787ms p75=153607ms p95=186920ms p99=193326ms
                           itl  p50=12ms   p75=14ms   p95=16ms   p99=20ms
                           e2e  p50=147008ms p75=169663ms p95=205552ms p99=238415ms
                           intvty p50=83     p75=92     p95=95     p99=101 (1/tpot tok/s)
                           isl  p50=88,490    p75=116,178   p90=180,037   p99=210,358 (tokens)
                           osl  p50=630       p75=1,223     p90=3,132     p99=7,585 (tokens)
                           tot  in=8,989,071      out=120,405
                           trace theoretical_prefix_cache_hit=96.8%
                           srv  prefix_cache_hit=0.0% unique_in_srv=7,048,414,192 ext_cache_hit=69.7% kv_usage=94.5% queue=0r/41w tput_in_srv=8,796/s tput_out_srv=138/s
2026-06-04 06:18:49.535 - records_manager - INFO - [realtime 15:39 profiling] rps=0.0 (avg 0.2) tput_in=22375/s tput_out=300/s done=96 ok=96 err=0
                           ttft p50=135787ms p75=153607ms p95=186920ms p99=193326ms
                           itl  p50=12ms   p75=14ms   p95=16ms   p99=20ms
                           e2e  p50=147008ms p75=169663ms p95=205552ms p99=238415ms
                           intvty p50=83     p75=92     p95=95     p99=101 (1/tpot tok/s)
                           isl  p50=88,490    p75=116,178   p90=180,037   p99=210,358 (tokens)
                           osl  p50=630       p75=1,223     p90=3,132     p99=7,585 (tokens)
                           tot  in=8,989,071      out=120,405
                           trace theoretical_prefix_cache_hit=96.8%
                           srv  prefix_cache_hit=0.0% unique_in_srv=7,048,414,192 ext_cache_hit=69.7% kv_usage=94.5% queue=0r/41w tput_in_srv=8,617/s tput_out_srv=135/s
2026-06-04 06:19:19.694 - records_manager - INFO - [realtime 16:09 profiling] rps=0.0 (avg 0.2) tput_in=22375/s tput_out=300/s done=96 ok=96 err=0
                           ttft p50=135787ms p75=153607ms p95=186920ms p99=193326ms
                           itl  p50=12ms   p75=14ms   p95=16ms   p99=20ms
                           e2e  p50=147008ms p75=169663ms p95=205552ms p99=238415ms
                           intvty p50=83     p75=92     p95=95     p99=101 (1/tpot tok/s)
                           isl  p50=88,490    p75=116,178   p90=180,037   p99=210,358 (tokens)
                           osl  p50=630       p75=1,223     p90=3,132     p99=7,585 (tokens)
                           tot  in=8,989,071      out=120,405
                           trace theoretical_prefix_cache_hit=96.8%
                           srv  prefix_cache_hit=0.0% unique_in_srv=7,048,414,192 ext_cache_hit=69.7% kv_usage=94.5% queue=0r/41w tput_in_srv=8,443/s tput_out_srv=132/s
2026-06-04 06:19:49.853 - records_manager - INFO - [realtime 16:39 profiling] rps=0.0 (avg 0.2) tput_in=22375/s tput_out=300/s done=96 ok=96 err=0
                           ttft p50=135787ms p75=153607ms p95=186920ms p99=193326ms
                           itl  p50=12ms   p75=14ms   p95=16ms   p99=20ms
                           e2e  p50=147008ms p75=169663ms p95=205552ms p99=238415ms
                           intvty p50=83     p75=92     p95=95     p99=101 (1/tpot tok/s)
                           isl  p50=88,490    p75=116,178   p90=180,037   p99=210,358 (tokens)
                           osl  p50=630       p75=1,223     p90=3,132     p99=7,585 (tokens)
                           tot  in=8,989,071      out=120,405
                           trace theoretical_prefix_cache_hit=96.8%
                           srv  prefix_cache_hit=0.0% unique_in_srv=7,048,414,192 ext_cache_hit=69.7% kv_usage=94.5% queue=0r/41w tput_in_srv=8,278/s tput_out_srv=130/s
2026-06-04 06:20:20.011 - records_manager - INFO - [realtime 17:09 profiling] rps=0.0 (avg 0.2) tput_in=22375/s tput_out=300/s done=96 ok=96 err=0
                           ttft p50=135787ms p75=153607ms p95=186920ms p99=193326ms
                           itl  p50=12ms   p75=14ms   p95=16ms   p99=20ms
                           e2e  p50=147008ms p75=169663ms p95=205552ms p99=238415ms
                           intvty p50=83     p75=92     p95=95     p99=101 (1/tpot tok/s)
                           isl  p50=88,490    p75=116,178   p90=180,037   p99=210,358 (tokens)
                           osl  p50=630       p75=1,223     p90=3,132     p99=7,585 (tokens)
                           tot  in=8,989,071      out=120,405
                           trace theoretical_prefix_cache_hit=96.8%
                           srv  prefix_cache_hit=0.0% unique_in_srv=7,048,414,192 ext_cache_hit=69.7% kv_usage=94.5% queue=0r/41w tput_in_srv=8,117/s tput_out_srv=127/s
2026-06-04 06:20:50.193 - records_manager - INFO - [realtime 17:39 profiling] rps=0.0 (avg 0.2) tput_in=22375/s tput_out=300/s done=96 ok=96 err=0
                           ttft p50=135787ms p75=153607ms p95=186920ms p99=193326ms
                           itl  p50=12ms   p75=14ms   p95=16ms   p99=20ms
                           e2e  p50=147008ms p75=169663ms p95=205552ms p99=238415ms
                           intvty p50=83     p75=92     p95=95     p99=101 (1/tpot tok/s)
                           isl  p50=88,490    p75=116,178   p90=180,037   p99=210,358 (tokens)
                           osl  p50=630       p75=1,223     p90=3,132     p99=7,585 (tokens)
                           tot  in=8,989,071      out=120,405
                           trace theoretical_prefix_cache_hit=96.8%
                           srv  prefix_cache_hit=0.0% unique_in_srv=7,048,414,192 ext_cache_hit=69.7% kv_usage=94.5% queue=0r/41w tput_in_srv=7,965/s tput_out_srv=125/s
2026-06-04 06:21:20.352 - records_manager - INFO - [realtime 18:09 profiling] rps=0.0 (avg 0.2) tput_in=22375/s tput_out=300/s done=96 ok=96 err=0
                           ttft p50=135787ms p75=153607ms p95=186920ms p99=193326ms
                           itl  p50=12ms   p75=14ms   p95=16ms   p99=20ms
                           e2e  p50=147008ms p75=169663ms p95=205552ms p99=238415ms
                           intvty p50=83     p75=92     p95=95     p99=101 (1/tpot tok/s)
                           isl  p50=88,490    p75=116,178   p90=180,037   p99=210,358 (tokens)
                           osl  p50=630       p75=1,223     p90=3,132     p99=7,585 (tokens)
                           tot  in=8,989,071      out=120,405
                           trace theoretical_prefix_cache_hit=96.8%
                           srv  prefix_cache_hit=0.0% unique_in_srv=7,048,414,192 ext_cache_hit=69.7% kv_usage=94.5% queue=0r/41w tput_in_srv=7,816/s tput_out_srv=123/s
2026-06-04 06:21:50.511 - records_manager - INFO - [realtime 18:40 profiling] rps=0.0 (avg 0.2) tput_in=22375/s tput_out=300/s done=96 ok=96 err=0
                           ttft p50=135787ms p75=153607ms p95=186920ms p99=193326ms
                           itl  p50=12ms   p75=14ms   p95=16ms   p99=20ms
                           e2e  p50=147008ms p75=169663ms p95=205552ms p99=238415ms
                           intvty p50=83     p75=92     p95=95     p99=101 (1/tpot tok/s)
                           isl  p50=88,490    p75=116,178   p90=180,037   p99=210,358 (tokens)
                           osl  p50=630       p75=1,223     p90=3,132     p99=7,585 (tokens)
                           tot  in=8,989,071      out=120,405
                           trace theoretical_prefix_cache_hit=96.8%
                           srv  prefix_cache_hit=0.0% unique_in_srv=7,048,414,192 ext_cache_hit=69.7% kv_usage=94.5% queue=0r/41w tput_in_srv=7,674/s tput_out_srv=120/s
2026-06-04 06:22:20.671 - records_manager - INFO - [realtime 19:10 profiling] rps=0.0 (avg 0.2) tput_in=22375/s tput_out=300/s done=96 ok=96 err=0
                           ttft p50=135787ms p75=153607ms p95=186920ms p99=193326ms
                           itl  p50=12ms   p75=14ms   p95=16ms   p99=20ms
                           e2e  p50=147008ms p75=169663ms p95=205552ms p99=238415ms
                           intvty p50=83     p75=92     p95=95     p99=101 (1/tpot tok/s)
                           isl  p50=88,490    p75=116,178   p90=180,037   p99=210,358 (tokens)
                           osl  p50=630       p75=1,223     p90=3,132     p99=7,585 (tokens)
                           tot  in=8,989,071      out=120,405
                           trace theoretical_prefix_cache_hit=96.8%
                           srv  prefix_cache_hit=0.0% unique_in_srv=7,048,414,192 ext_cache_hit=69.7% kv_usage=94.5% queue=0r/41w tput_in_srv=7,536/s tput_out_srv=118/s
2026-06-04 06:22:50.829 - records_manager - INFO - [realtime 19:40 profiling] rps=0.0 (avg 0.2) tput_in=22375/s tput_out=300/s done=96 ok=96 err=0
                           ttft p50=135787ms p75=153607ms p95=186920ms p99=193326ms
                           itl  p50=12ms   p75=14ms   p95=16ms   p99=20ms
                           e2e  p50=147008ms p75=169663ms p95=205552ms p99=238415ms
                           intvty p50=83     p75=92     p95=95     p99=101 (1/tpot tok/s)
                           isl  p50=88,490    p75=116,178   p90=180,037   p99=210,358 (tokens)
                           osl  p50=630       p75=1,223     p90=3,132     p99=7,585 (tokens)
                           tot  in=8,989,071      out=120,405
                           trace theoretical_prefix_cache_hit=96.8%
                           srv  prefix_cache_hit=0.0% unique_in_srv=7,048,414,192 ext_cache_hit=69.7% kv_usage=94.5% queue=0r/41w tput_in_srv=7,404/s tput_out_srv=116/s
2026-06-04 06:23:21.013 - records_manager - INFO - [realtime 20:10 profiling] rps=0.0 (avg 0.2) tput_in=22375/s tput_out=300/s done=96 ok=96 err=0
                           ttft p50=135787ms p75=153607ms p95=186920ms p99=193326ms
                           itl  p50=12ms   p75=14ms   p95=16ms   p99=20ms
                           e2e  p50=147008ms p75=169663ms p95=205552ms p99=238415ms
                           intvty p50=83     p75=92     p95=95     p99=101 (1/tpot tok/s)
                           isl  p50=88,490    p75=116,178   p90=180,037   p99=210,358 (tokens)
                           osl  p50=630       p75=1,223     p90=3,132     p99=7,585 (tokens)
                           tot  in=8,989,071      out=120,405
                           trace theoretical_prefix_cache_hit=96.8%
                           srv  prefix_cache_hit=0.0% unique_in_srv=7,048,414,192 ext_cache_hit=69.7% kv_usage=94.5% queue=0r/41w tput_in_srv=7,275/s tput_out_srv=114/s
2026-06-04 06:23:51.172 - records_manager - INFO - [realtime 20:40 profiling] rps=0.0 (avg 0.2) tput_in=22375/s tput_out=300/s done=96 ok=96 err=0
                           ttft p50=135787ms p75=153607ms p95=186920ms p99=193326ms
                           itl  p50=12ms   p75=14ms   p95=16ms   p99=20ms
                           e2e  p50=147008ms p75=169663ms p95=205552ms p99=238415ms
                           intvty p50=83     p75=92     p95=95     p99=101 (1/tpot tok/s)
                           isl  p50=88,490    p75=116,178   p90=180,037   p99=210,358 (tokens)
                           osl  p50=630       p75=1,223     p90=3,132     p99=7,585 (tokens)
                           tot  in=8,989,071      out=120,405
                           trace theoretical_prefix_cache_hit=96.8%
                           srv  prefix_cache_hit=0.0% unique_in_srv=7,048,414,192 ext_cache_hit=69.7% kv_usage=94.5% queue=0r/41w tput_in_srv=7,152/s tput_out_srv=112/s
2026-06-04 06:24:21.331 - records_manager - INFO - [realtime 21:10 profiling] rps=0.0 (avg 0.2) tput_in=22375/s tput_out=300/s done=96 ok=96 err=0
                           ttft p50=135787ms p75=153607ms p95=186920ms p99=193326ms
                           itl  p50=12ms   p75=14ms   p95=16ms   p99=20ms
                           e2e  p50=147008ms p75=169663ms p95=205552ms p99=238415ms
                           intvty p50=83     p75=92     p95=95     p99=101 (1/tpot tok/s)
                           isl  p50=88,490    p75=116,178   p90=180,037   p99=210,358 (tokens)
                           osl  p50=630       p75=1,223     p90=3,132     p99=7,585 (tokens)
                           tot  in=8,989,071      out=120,405
                           trace theoretical_prefix_cache_hit=96.8%
                           srv  prefix_cache_hit=0.0% unique_in_srv=7,048,414,192 ext_cache_hit=69.7% kv_usage=94.5% queue=0r/41w tput_in_srv=7,032/s tput_out_srv=110/s
2026-06-04 06:24:51.490 - records_manager - INFO - [realtime 21:41 profiling] rps=0.0 (avg 0.2) tput_in=22375/s tput_out=300/s done=96 ok=96 err=0
                           ttft p50=135787ms p75=153607ms p95=186920ms p99=193326ms
                           itl  p50=12ms   p75=14ms   p95=16ms   p99=20ms
                           e2e  p50=147008ms p75=169663ms p95=205552ms p99=238415ms
                           intvty p50=83     p75=92     p95=95     p99=101 (1/tpot tok/s)
                           isl  p50=88,490    p75=116,178   p90=180,037   p99=210,358 (tokens)
                           osl  p50=630       p75=1,223     p90=3,132     p99=7,585 (tokens)
                           tot  in=8,989,071      out=120,405
                           trace theoretical_prefix_cache_hit=96.8%
                           srv  prefix_cache_hit=0.0% unique_in_srv=7,048,414,192 ext_cache_hit=69.7% kv_usage=94.5% queue=0r/41w tput_in_srv=6,917/s tput_out_srv=108/s
2026-06-04 06:25:21.658 - records_manager - INFO - [realtime 22:11 profiling] rps=0.0 (avg 0.2) tput_in=22375/s tput_out=300/s done=96 ok=96 err=0
                           ttft p50=135787ms p75=153607ms p95=186920ms p99=193326ms
                           itl  p50=12ms   p75=14ms   p95=16ms   p99=20ms
                           e2e  p50=147008ms p75=169663ms p95=205552ms p99=238415ms
                           intvty p50=83     p75=92     p95=95     p99=101 (1/tpot tok/s)
                           isl  p50=88,490    p75=116,178   p90=180,037   p99=210,358 (tokens)
                           osl  p50=630       p75=1,223     p90=3,132     p99=7,585 (tokens)
                           tot  in=8,989,071      out=120,405
                           trace theoretical_prefix_cache_hit=96.8%
                           srv  prefix_cache_hit=0.0% unique_in_srv=7,048,414,192 ext_cache_hit=69.7% kv_usage=94.5% queue=0r/41w tput_in_srv=6,804/s tput_out_srv=107/s
2026-06-04 06:25:51.844 - records_manager - INFO - [realtime 22:41 profiling] rps=0.0 (avg 0.2) tput_in=22375/s tput_out=300/s done=96 ok=96 err=0
                           ttft p50=135787ms p75=153607ms p95=186920ms p99=193326ms
                           itl  p50=12ms   p75=14ms   p95=16ms   p99=20ms
                           e2e  p50=147008ms p75=169663ms p95=205552ms p99=238415ms
                           intvty p50=83     p75=92     p95=95     p99=101 (1/tpot tok/s)
                           isl  p50=88,490    p75=116,178   p90=180,037   p99=210,358 (tokens)
                           osl  p50=630       p75=1,223     p90=3,132     p99=7,585 (tokens)
                           tot  in=8,989,071      out=120,405
                           trace theoretical_prefix_cache_hit=96.8%
                           srv  prefix_cache_hit=0.0% unique_in_srv=7,048,414,192 ext_cache_hit=69.7% kv_usage=94.5% queue=0r/41w tput_in_srv=6,697/s tput_out_srv=105/s
2026-06-04 06:26:22.013 - records_manager - INFO - [realtime 23:11 profiling] rps=0.0 (avg 0.2) tput_in=22375/s tput_out=300/s done=96 ok=96 err=0
                           ttft p50=135787ms p75=153607ms p95=186920ms p99=193326ms
                           itl  p50=12ms   p75=14ms   p95=16ms   p99=20ms
                           e2e  p50=147008ms p75=169663ms p95=205552ms p99=238415ms
                           intvty p50=83     p75=92     p95=95     p99=101 (1/tpot tok/s)
                           isl  p50=88,490    p75=116,178   p90=180,037   p99=210,358 (tokens)
                           osl  p50=630       p75=1,223     p90=3,132     p99=7,585 (tokens)
                           tot  in=8,989,071      out=120,405
                           trace theoretical_prefix_cache_hit=96.8%
                           srv  prefix_cache_hit=0.0% unique_in_srv=7,048,414,192 ext_cache_hit=69.7% kv_usage=94.5% queue=0r/41w tput_in_srv=6,591/s tput_out_srv=103/s
2026-06-04 06:26:52.172 - records_manager - INFO - [realtime 23:41 profiling] rps=0.0 (avg 0.2) tput_in=22375/s tput_out=300/s done=96 ok=96 err=0
                           ttft p50=135787ms p75=153607ms p95=186920ms p99=193326ms
                           itl  p50=12ms   p75=14ms   p95=16ms   p99=20ms
                           e2e  p50=147008ms p75=169663ms p95=205552ms p99=238415ms
                           intvty p50=83     p75=92     p95=95     p99=101 (1/tpot tok/s)
                           isl  p50=88,490    p75=116,178   p90=180,037   p99=210,358 (tokens)
                           osl  p50=630       p75=1,223     p90=3,132     p99=7,585 (tokens)
                           tot  in=8,989,071      out=120,405
                           trace theoretical_prefix_cache_hit=96.8%
                           srv  prefix_cache_hit=0.0% unique_in_srv=7,048,414,192 ext_cache_hit=69.7% kv_usage=94.5% queue=0r/41w tput_in_srv=6,490/s tput_out_srv=102/s
2026-06-04 06:27:22.332 - records_manager - INFO - [realtime 24:11 profiling] rps=0.0 (avg 0.2) tput_in=22375/s tput_out=300/s done=96 ok=96 err=0
                           ttft p50=135787ms p75=153607ms p95=186920ms p99=193326ms
                           itl  p50=12ms   p75=14ms   p95=16ms   p99=20ms
                           e2e  p50=147008ms p75=169663ms p95=205552ms p99=238415ms
                           intvty p50=83     p75=92     p95=95     p99=101 (1/tpot tok/s)
                           isl  p50=88,490    p75=116,178   p90=180,037   p99=210,358 (tokens)
                           osl  p50=630       p75=1,223     p90=3,132     p99=7,585 (tokens)
                           tot  in=8,989,071      out=120,405
                           trace theoretical_prefix_cache_hit=96.8%
                           srv  prefix_cache_hit=0.0% unique_in_srv=7,048,414,192 ext_cache_hit=69.7% kv_usage=94.5% queue=0r/41w tput_in_srv=6,392/s tput_out_srv=100/s
2026-06-04 06:27:52.494 - records_manager - INFO - [realtime 24:42 profiling] rps=0.0 (avg 0.2) tput_in=22375/s tput_out=300/s done=96 ok=96 err=0
                           ttft p50=135787ms p75=153607ms p95=186920ms p99=193326ms
                           itl  p50=12ms   p75=14ms   p95=16ms   p99=20ms
                           e2e  p50=147008ms p75=169663ms p95=205552ms p99=238415ms
                           intvty p50=83     p75=92     p95=95     p99=101 (1/tpot tok/s)
                           isl  p50=88,490    p75=116,178   p90=180,037   p99=210,358 (tokens)
                           osl  p50=630       p75=1,223     p90=3,132     p99=7,585 (tokens)
                           tot  in=8,989,071      out=120,405
                           trace theoretical_prefix_cache_hit=96.8%
                           srv  prefix_cache_hit=0.0% unique_in_srv=7,048,414,192 ext_cache_hit=69.7% kv_usage=94.5% queue=0r/41w tput_in_srv=6,296/s tput_out_srv=99/s
2026-06-04 06:28:22.686 - records_manager - INFO - [realtime 25:12 profiling] rps=0.0 (avg 0.2) tput_in=22375/s tput_out=300/s done=96 ok=96 err=0
                           ttft p50=135787ms p75=153607ms p95=186920ms p99=193326ms
                           itl  p50=12ms   p75=14ms   p95=16ms   p99=20ms
                           e2e  p50=147008ms p75=169663ms p95=205552ms p99=238415ms
                           intvty p50=83     p75=92     p95=95     p99=101 (1/tpot tok/s)
                           isl  p50=88,490    p75=116,178   p90=180,037   p99=210,358 (tokens)
                           osl  p50=630       p75=1,223     p90=3,132     p99=7,585 (tokens)
                           tot  in=8,989,071      out=120,405
                           trace theoretical_prefix_cache_hit=96.8%
                           srv  prefix_cache_hit=0.0% unique_in_srv=7,048,414,192 ext_cache_hit=69.7% kv_usage=94.5% queue=0r/41w tput_in_srv=6,204/s tput_out_srv=97/s
2026-06-04 06:28:52.854 - records_manager - INFO - [realtime 25:42 profiling] rps=0.0 (avg 0.2) tput_in=22375/s tput_out=300/s done=96 ok=96 err=0
                           ttft p50=135787ms p75=153607ms p95=186920ms p99=193326ms
                           itl  p50=12ms   p75=14ms   p95=16ms   p99=20ms
                           e2e  p50=147008ms p75=169663ms p95=205552ms p99=238415ms
                           intvty p50=83     p75=92     p95=95     p99=101 (1/tpot tok/s)
                           isl  p50=88,490    p75=116,178   p90=180,037   p99=210,358 (tokens)
                           osl  p50=630       p75=1,223     p90=3,132     p99=7,585 (tokens)
                           tot  in=8,989,071      out=120,405
                           trace theoretical_prefix_cache_hit=96.8%
                           srv  prefix_cache_hit=0.0% unique_in_srv=7,048,414,192 ext_cache_hit=69.7% kv_usage=94.5% queue=0r/41w tput_in_srv=6,113/s tput_out_srv=96/s
2026-06-04 06:29:23.014 - records_manager - INFO - [realtime 26:12 profiling] rps=0.0 (avg 0.2) tput_in=22375/s tput_out=300/s done=96 ok=96 err=0
                           ttft p50=135787ms p75=153607ms p95=186920ms p99=193326ms
                           itl  p50=12ms   p75=14ms   p95=16ms   p99=20ms
                           e2e  p50=147008ms p75=169663ms p95=205552ms p99=238415ms
                           intvty p50=83     p75=92     p95=95     p99=101 (1/tpot tok/s)
                           isl  p50=88,490    p75=116,178   p90=180,037   p99=210,358 (tokens)
                           osl  p50=630       p75=1,223     p90=3,132     p99=7,585 (tokens)
                           tot  in=8,989,071      out=120,405
                           trace theoretical_prefix_cache_hit=96.8%
                           srv  prefix_cache_hit=0.0% unique_in_srv=7,048,414,192 ext_cache_hit=69.7% kv_usage=94.5% queue=0r/41w tput_in_srv=6,025/s tput_out_srv=94/s
2026-06-04 06:29:53.174 - records_manager - INFO - [realtime 26:42 profiling] rps=0.0 (avg 0.2) tput_in=22375/s tput_out=300/s done=96 ok=96 err=0
                           ttft p50=135787ms p75=153607ms p95=186920ms p99=193326ms
                           itl  p50=12ms   p75=14ms   p95=16ms   p99=20ms
                           e2e  p50=147008ms p75=169663ms p95=205552ms p99=238415ms
                           intvty p50=83     p75=92     p95=95     p99=101 (1/tpot tok/s)
                           isl  p50=88,490    p75=116,178   p90=180,037   p99=210,358 (tokens)
                           osl  p50=630       p75=1,223     p90=3,132     p99=7,585 (tokens)
                           tot  in=8,989,071      out=120,405
                           trace theoretical_prefix_cache_hit=96.8%
                           srv  prefix_cache_hit=0.0% unique_in_srv=7,048,414,192 ext_cache_hit=69.7% kv_usage=94.5% queue=0r/41w tput_in_srv=5,940/s tput_out_srv=93/s
2026-06-04 06:30:23.335 - records_manager - INFO - [realtime 27:12 profiling] rps=0.0 (avg 0.2) tput_in=22375/s tput_out=300/s done=96 ok=96 err=0
                           ttft p50=135787ms p75=153607ms p95=186920ms p99=193326ms
                           itl  p50=12ms   p75=14ms   p95=16ms   p99=20ms
                           e2e  p50=147008ms p75=169663ms p95=205552ms p99=238415ms
                           intvty p50=83     p75=92     p95=95     p99=101 (1/tpot tok/s)
                           isl  p50=88,490    p75=116,178   p90=180,037   p99=210,358 (tokens)
                           osl  p50=630       p75=1,223     p90=3,132     p99=7,585 (tokens)
                           tot  in=8,989,071      out=120,405
                           trace theoretical_prefix_cache_hit=96.8%
                           srv  prefix_cache_hit=0.0% unique_in_srv=7,048,414,192 ext_cache_hit=69.7% kv_usage=94.5% queue=0r/41w tput_in_srv=5,858/s tput_out_srv=92/s
2026-06-04 06:30:53.501 - records_manager - INFO - [realtime 27:43 profiling] rps=0.0 (avg 0.2) tput_in=22375/s tput_out=300/s done=96 ok=96 err=0
                           ttft p50=135787ms p75=153607ms p95=186920ms p99=193326ms
                           itl  p50=12ms   p75=14ms   p95=16ms   p99=20ms
                           e2e  p50=147008ms p75=169663ms p95=205552ms p99=238415ms
                           intvty p50=83     p75=92     p95=95     p99=101 (1/tpot tok/s)
                           isl  p50=88,490    p75=116,178   p90=180,037   p99=210,358 (tokens)
                           osl  p50=630       p75=1,223     p90=3,132     p99=7,585 (tokens)
                           tot  in=8,989,071      out=120,405
                           trace theoretical_prefix_cache_hit=96.8%
                           srv  prefix_cache_hit=0.0% unique_in_srv=7,048,414,192 ext_cache_hit=69.7% kv_usage=94.5% queue=0r/41w tput_in_srv=5,777/s tput_out_srv=91/s
2026-06-04 06:31:23.687 - records_manager - INFO - [realtime 28:13 profiling] rps=0.0 (avg 0.2) tput_in=22375/s tput_out=300/s done=96 ok=96 err=0
                           ttft p50=135787ms p75=153607ms p95=186920ms p99=193326ms
                           itl  p50=12ms   p75=14ms   p95=16ms   p99=20ms
                           e2e  p50=147008ms p75=169663ms p95=205552ms p99=238415ms
                           intvty p50=83     p75=92     p95=95     p99=101 (1/tpot tok/s)
                           isl  p50=88,490    p75=116,178   p90=180,037   p99=210,358 (tokens)
                           osl  p50=630       p75=1,223     p90=3,132     p99=7,585 (tokens)
                           tot  in=8,989,071      out=120,405
                           trace theoretical_prefix_cache_hit=96.8%
                           srv  prefix_cache_hit=0.0% unique_in_srv=7,048,414,192 ext_cache_hit=69.7% kv_usage=94.5% queue=0r/41w tput_in_srv=5,699/s tput_out_srv=89/s
2026-06-04 06:31:53.848 - records_manager - INFO - [realtime 28:43 profiling] rps=0.0 (avg 0.2) tput_in=22375/s tput_out=300/s done=96 ok=96 err=0
                           ttft p50=135787ms p75=153607ms p95=186920ms p99=193326ms
                           itl  p50=12ms   p75=14ms   p95=16ms   p99=20ms
                           e2e  p50=147008ms p75=169663ms p95=205552ms p99=238415ms
                           intvty p50=83     p75=92     p95=95     p99=101 (1/tpot tok/s)
                           isl  p50=88,490    p75=116,178   p90=180,037   p99=210,358 (tokens)
                           osl  p50=630       p75=1,223     p90=3,132     p99=7,585 (tokens)
                           tot  in=8,989,071      out=120,405
                           trace theoretical_prefix_cache_hit=96.8%
                           srv  prefix_cache_hit=0.0% unique_in_srv=7,048,414,192 ext_cache_hit=69.7% kv_usage=94.5% queue=0r/41w tput_in_srv=5,623/s tput_out_srv=88/s
2026-06-04 06:32:24.008 - records_manager - INFO - [realtime 29:13 profiling] rps=0.0 (avg 0.2) tput_in=22375/s tput_out=300/s done=96 ok=96 err=0
                           ttft p50=135787ms p75=153607ms p95=186920ms p99=193326ms
                           itl  p50=12ms   p75=14ms   p95=16ms   p99=20ms
                           e2e  p50=147008ms p75=169663ms p95=205552ms p99=238415ms
                           intvty p50=83     p75=92     p95=95     p99=101 (1/tpot tok/s)
                           isl  p50=88,490    p75=116,178   p90=180,037   p99=210,358 (tokens)
                           osl  p50=630       p75=1,223     p90=3,132     p99=7,585 (tokens)
                           tot  in=8,989,071      out=120,405
                           trace theoretical_prefix_cache_hit=96.8%
                           srv  prefix_cache_hit=0.0% unique_in_srv=7,048,414,192 ext_cache_hit=69.7% kv_usage=94.5% queue=0r/41w tput_in_srv=5,549/s tput_out_srv=87/s
2026-06-04 06:32:54.168 - records_manager - INFO - [realtime 29:43 profiling] rps=0.0 (avg 0.2) tput_in=22375/s tput_out=300/s done=96 ok=96 err=0
                           ttft p50=135787ms p75=153607ms p95=186920ms p99=193326ms
                           itl  p50=12ms   p75=14ms   p95=16ms   p99=20ms
                           e2e  p50=147008ms p75=169663ms p95=205552ms p99=238415ms
                           intvty p50=83     p75=92     p95=95     p99=101 (1/tpot tok/s)
                           isl  p50=88,490    p75=116,178   p90=180,037   p99=210,358 (tokens)
                           osl  p50=630       p75=1,223     p90=3,132     p99=7,585 (tokens)
                           tot  in=8,989,071      out=120,405
                           trace theoretical_prefix_cache_hit=96.8%
                           srv  prefix_cache_hit=0.0% unique_in_srv=7,048,414,192 ext_cache_hit=69.7% kv_usage=94.5% queue=0r/41w tput_in_srv=5,476/s tput_out_srv=86/s
2026-06-04 06:33:10.453 - PhaseRunner - INFO - Timeout of 1799.999526347s elapsed for event 'profiling phase sending'
2026-06-04 06:33:10.453 - PhaseRunner - NOTICE - Phase profiling sending complete | sent=137, completed=96, in_flight=41 | timeout_triggered=True
2026-06-04 06:33:10.453 - PhaseRunner - INFO - Waiting for event 'profiling phase credits returned' with timeout of 29.9998792639999s
2026-06-04 06:33:10.453 - records_manager - INFO - Sent 137 requests. Waiting for all to complete...
2026-06-04 06:33:24.332 - records_manager - INFO - [realtime 30:13 profiling] rps=0.0 (avg 0.2) tput_in=22375/s tput_out=300/s done=96 ok=96 err=0
                           ttft p50=135787ms p75=153607ms p95=186920ms p99=193326ms
                           itl  p50=12ms   p75=14ms   p95=16ms   p99=20ms
                           e2e  p50=147008ms p75=169663ms p95=205552ms p99=238415ms
                           intvty p50=83     p75=92     p95=95     p99=101 (1/tpot tok/s)
                           isl  p50=88,490    p75=116,178   p90=180,037   p99=210,358 (tokens)
                           osl  p50=630       p75=1,223     p90=3,132     p99=7,585 (tokens)
                           tot  in=8,989,071      out=120,405
                           trace theoretical_prefix_cache_hit=96.8%
                           srv  prefix_cache_hit=0.0% unique_in_srv=7,048,414,192 ext_cache_hit=69.7% kv_usage=94.5% queue=0r/41w tput_in_srv=5,406/s tput_out_srv=85/s
2026-06-04 06:33:40.454 - PhaseRunner - INFO - Timeout of 29.9998792639999s elapsed for event 'profiling phase credits returned'
2026-06-04 06:33:40.454 - PhaseRunner - WARNING - Phase profiling timed out, cancelling all credits. Stats: sent=137, completed=96, cancelled=0, in_flight=41
2026-06-04 06:33:40.454 - StickyCreditRouter_019b247e - INFO - Sent cancellation requests for 41 in-flight credits across 32 workers
2026-06-04 06:33:40.454 - PhaseRunner - INFO - Waiting for all cancelled credits to be returned for phase profiling. Need 41 more credits.
2026-06-04 06:33:40.456 - PhaseRunner - INFO - All cancelled credits returned for phase profiling
2026-06-04 06:33:40.456 - PhaseRunner - NOTICE - Phase profiling complete | completed=96, cancelled=41, errors=0 | elapsed=1830.00s | grace_period_timeout=True
2026-06-04 06:33:40.456 - aiperf.timing.branch_orchestrator - INFO - BranchOrchestrator stats: spawned=2 completed=0 errored=0 suspended=1 resumed=0 parents_failed_due_to_child_error=0 joins_suppressed=2
2026-06-04 06:33:40.456 - PhaseOrchestrator_4c27f612 - NOTICE - All credits completed
2026-06-04 06:33:40.456 - records_manager - INFO - Received CREDIT_PHASE_COMPLETE message, Phase complete: PhaseRecordsStats(phase=CreditPhase.PROFILING, start_ns=1780552990453630412, sent_end_ns=1780554790453627703, requests_end_ns=1780554820456464291, total_expected_requests=None, expected_duration_sec=None, expected_num_sessions=None, expected_grace_period_sec=None, final_requests_sent=None, final_requests_completed=96, final_requests_cancelled=41, final_request_errors=0, final_sent_sessions=None, final_completed_sessions=None, final_cancelled_sessions=None, timeout_triggered=True, grace_period_timeout_triggered=True, was_cancelled=False, records_end_ns=None, success_records=96, error_records=0)
2026-06-04 06:33:40.457 - records_manager - NOTICE - All requests have completed, please wait for the results to be processed (currently 96 of 96 records processed)...
2026-06-04 06:33:40.457 - records_manager - INFO - Processed 96 valid requests and 0 errors (96 total).
2026-06-04 06:33:40.456 - system_controller - INFO - Received credits complete from 'timing_manager'
2026-06-04 06:33:40.457 - records_manager - INFO - Received all records, processing now...
2026-06-04 06:33:40.457 - records_manager - INFO - All credits complete, please wait for the results to be processed...
2026-06-04 06:33:40.458 - server_metrics_manager - INFO - Server Metrics: Profiling complete, capturing final metrics...
2026-06-04 06:33:40.458 - records_manager - INFO - Waiting 2.0s for server metrics flush period...
2026-06-04 06:33:42.457 - records_manager - INFO - Processing records results...
2026-06-04 06:33:44.643 - RecordExportJSONLWriter_dbc057a2 - WARNING - Timeout waiting for 0 pending flush tasks during shutdown. Cancelling tasks and proceeding with cleanup.
2026-06-04 06:33:44.683 - system_controller - INFO - Waiting for server metrics results...
2026-06-04 06:33:44.683 - system_controller - INFO - Waiting for server metrics results...
2026-06-04 06:33:45.832 - records_manager - INFO - _finalize_and_process_results completed
2026-06-04 06:33:46.387 - system_controller - INFO - All results received, initiating shutdown
2026-06-04 06:33:46.989 - ExporterManager - INFO - Exporting all records
2026-06-04 06:33:47.067 - aiperf.common.scenario.validator - INFO - Scenario 'inferencex-agentx-mvp': setting timing_mode=agentic_replay (was at default request_rate).
2026-06-04 06:33:47.997 - aiperf.common.scenario.validator - INFO - Scenario 'inferencex-agentx-mvp': setting timing_mode=agentic_replay (was at default request_rate).
2026-06-04 06:33:48.060 - ExporterManager - INFO - Exporting console data
