2026-05-30 12:17:05.699 - aiperf.cli_runner - INFO - Starting AIPerf System
2026-05-30 12:17:05.872 - server_metrics_manager - INFO - Server Metrics: Discovered 1 endpoints: ['http://localhost:8888/metrics']
2026-05-30 12:17:05.940 - GPUTelemetryJSONLWriter_2f9c594a - INFO - GPU telemetry export enabled: /workspace/results/aiperf_artifacts/gpu_telemetry_export.jsonl
2026-05-30 12:17:05.941 - RecordExportJSONLWriter_73ecd552 - INFO - Record metrics export enabled: /workspace/results/aiperf_artifacts/profile_export.jsonl
2026-05-30 12:17:05.954 - system_controller - INFO - Registered Worker Manager (id: 'worker_manager')
2026-05-30 12:17:05.974 - system_controller - INFO - Registered Dataset Manager (id: 'dataset_manager')
2026-05-30 12:17:05.974 - system_controller - INFO - Registered Gpu Telemetry Manager (id: 'gpu_telemetry_manager')
2026-05-30 12:17:05.983 - system_controller - INFO - Registered Records Manager (id: 'records_manager')
2026-05-30 12:17:06.004 - system_controller - INFO - Registered Server Metrics Manager (id: 'server_metrics_manager')
2026-05-30 12:17:06.048 - system_controller - INFO - Registered Timing Manager (id: 'timing_manager')
2026-05-30 12:17:06.051 - system_controller - INFO - Registered Worker (id: 'worker_db3ae707')
2026-05-30 12:17:06.052 - system_controller - INFO - Registered Worker (id: 'worker_4940c767')
2026-05-30 12:17:06.053 - system_controller - INFO - Registered Worker (id: 'worker_d053ba2f')
2026-05-30 12:17:06.056 - system_controller - INFO - Registered Worker (id: 'worker_c38033fa')
2026-05-30 12:17:06.120 - system_controller - INFO - Registered Record Processor (id: 'record_processor_3d29150d')
2026-05-30 12:17:06.120 - system_controller - INFO - Registered Record Processor (id: 'record_processor_205c7b57')
2026-05-30 12:17:06.121 - system_controller - INFO - Registered Record Processor (id: 'record_processor_292e88e3')
2026-05-30 12:17:06.122 - system_controller - INFO - Registered Record Processor (id: 'record_processor_737dfdf2')
2026-05-30 12:17:06.133 - system_controller - INFO - Registered Worker (id: 'worker_4e063eab')
2026-05-30 12:17:06.147 - system_controller - INFO - Registered Worker (id: 'worker_675425ce')
2026-05-30 12:17:06.150 - system_controller - INFO - Registered Worker (id: 'worker_491fe6be')
2026-05-30 12:17:06.151 - system_controller - INFO - Registered Worker (id: 'worker_536939c7')
2026-05-30 12:17:06.161 - system_controller - INFO - Registered Worker (id: 'worker_03bd26a7')
2026-05-30 12:17:06.181 - system_controller - INFO - Registered Worker (id: 'worker_ea011faa')
2026-05-30 12:17:06.181 - system_controller - INFO - Registered Worker (id: 'worker_ef055dad')
2026-05-30 12:17:06.182 - system_controller - INFO - Registered Worker (id: 'worker_18c1a653')
2026-05-30 12:17:06.209 - system_controller - INFO - Registered Worker (id: 'worker_0547d98b')
2026-05-30 12:17:06.213 - system_controller - INFO - Registered Worker (id: 'worker_02d69437')
2026-05-30 12:17:06.215 - system_controller - INFO - Registered Worker (id: 'worker_f8c14618')
2026-05-30 12:17:06.221 - system_controller - INFO - Registered Worker (id: 'worker_ff4be85b')
2026-05-30 12:17:06.344 - system_controller - INFO - AIPerf System is CONFIGURING
2026-05-30 12:17:06.344 - system_controller - INFO - Configuring all services to start profiling
2026-05-30 12:17:06.345 - InferenceResultParser_5b6a9e04 - INFO - Tokenization is disabled for this endpoint, skipping tokenizer configuration
2026-05-30 12:17:06.346 - InferenceResultParser_ba35a58f - INFO - Tokenization is disabled for this endpoint, skipping tokenizer configuration
2026-05-30 12:17:06.346 - InferenceResultParser_3a8478f8 - INFO - Tokenization is disabled for this endpoint, skipping tokenizer configuration
2026-05-30 12:17:06.346 - InferenceResultParser_e5c0a6dc - INFO - Tokenization is disabled for this endpoint, skipping tokenizer configuration
2026-05-30 12:17:06.346 - timing_manager - INFO - Waiting for dataset to be configured before configuring timing
2026-05-30 12:17:06.347 - dataset_manager - INFO - Configuring tokenizer(s) for dataset manager
2026-05-30 12:17:06.354 - system_controller - INFO - GPU telemetry disabled - no DCGM endpoints reachable
2026-05-30 12:17:06.362 - server_metrics_manager - INFO - Server Metrics: Capturing baseline metrics...
2026-05-30 12:17:06.383 - http://localhost:8888/metrics - INFO - Skipping unsupported summary metric: http_request_size_bytes
2026-05-30 12:17:06.383 - http://localhost:8888/metrics - INFO - Skipping unsupported summary metric: http_response_size_bytes
2026-05-30 12:17:06.384 - system_controller - INFO - Server metrics enabled - 1/1 endpoint(s) reachable.
2026-05-30 12:17:10.618 - transformers_modules.amd.Kimi_hyphen_K2_dot_5_hyphen_MXFP4.419004c8716cf22c929aa15d39b85e09a8a2091a.tokenization_kimi - INFO - Reloaded tiktoken model from /mnt/hf_hub_cache/models--amd--Kimi-K2.5-MXFP4/snapshots/419004c8716cf22c929aa15d39b85e09a8a2091a/tiktoken.model
2026-05-30 12:17:10.618 - transformers_modules.amd.Kimi_hyphen_K2_dot_5_hyphen_MXFP4.419004c8716cf22c929aa15d39b85e09a8a2091a.tokenization_kimi - INFO - #words: 163840 - BOS ID: 163584 - EOS ID: 163585
2026-05-30 12:17:10.714 - dataset_manager - INFO - Tokenizer(s) configured in 4.37 seconds
2026-05-30 12:17:10.714 - dataset_manager - INFO - Configuring dataset for dataset_manager
2026-05-30 12:17:11.320 - transformers_modules.amd.Kimi_hyphen_K2_dot_5_hyphen_MXFP4.419004c8716cf22c929aa15d39b85e09a8a2091a.tokenization_kimi - WARNING - Calling super().encode with {'add_special_tokens': False}
2026-05-30 12:17:11.322 - transformers_modules.amd.Kimi_hyphen_K2_dot_5_hyphen_MXFP4.419004c8716cf22c929aa15d39b85e09a8a2091a.tokenization_kimi - WARNING - Calling super().encode with {'add_special_tokens': False}
2026-05-30 12:17:11.323 - transformers_modules.amd.Kimi_hyphen_K2_dot_5_hyphen_MXFP4.419004c8716cf22c929aa15d39b85e09a8a2091a.tokenization_kimi - WARNING - Calling super().encode with {'add_special_tokens': False}
2026-05-30 12:17:11.323 - transformers_modules.amd.Kimi_hyphen_K2_dot_5_hyphen_MXFP4.419004c8716cf22c929aa15d39b85e09a8a2091a.tokenization_kimi - WARNING - Calling super().encode with {'add_special_tokens': False}
2026-05-30 12:17:11.591 - PublicDatasetComposer - INFO - Using preferred sampling strategy for semianalysis_cc_traces_weka_with_subagents: sequential
2026-05-30 12:17:11.693 - SemiAnalysisCCTracesWekaLoader - INFO - Loading HuggingFace dataset 'semianalysisai/cc-traces-weka-with-subagents-052726' (split=train)
2026-05-30 12:17:11.760 - httpx - INFO - HTTP Request: HEAD https://huggingface.co/datasets/semianalysisai/cc-traces-weka-with-subagents-052726/resolve/main/README.md "HTTP/1.1 307 Temporary Redirect"
2026-05-30 12:17:11.766 - httpx - INFO - HTTP Request: HEAD https://huggingface.co/api/resolve-cache/datasets/semianalysisai/cc-traces-weka-with-subagents-052726/7b8c23e09a708b1fa794ac31b4708b0267db9462/README.md "HTTP/1.1 200 OK"
2026-05-30 12:17:11.814 - httpx - INFO - HTTP Request: HEAD https://huggingface.co/datasets/semianalysisai/cc-traces-weka-with-subagents-052726/resolve/7b8c23e09a708b1fa794ac31b4708b0267db9462/cc-traces-weka-with-subagents-052726.py "HTTP/1.1 404 Not Found"
2026-05-30 12:17:11.950 - httpx - INFO - HTTP Request: HEAD https://s3.amazonaws.com/datasets.huggingface.co/datasets/datasets/semianalysisai/cc-traces-weka-with-subagents-052726/semianalysisai/cc-traces-weka-with-subagents-052726.py "HTTP/1.1 404 Not Found"
2026-05-30 12:17:11.995 - httpx - INFO - HTTP Request: GET https://huggingface.co/api/datasets/semianalysisai/cc-traces-weka-with-subagents-052726/revision/7b8c23e09a708b1fa794ac31b4708b0267db9462 "HTTP/1.1 200 OK"
2026-05-30 12:17:12.042 - httpx - INFO - HTTP Request: HEAD https://huggingface.co/datasets/semianalysisai/cc-traces-weka-with-subagents-052726/resolve/7b8c23e09a708b1fa794ac31b4708b0267db9462/.huggingface.yaml "HTTP/1.1 404 Not Found"
2026-05-30 12:17:12.178 - httpx - INFO - HTTP Request: GET https://datasets-server.huggingface.co/info?dataset=semianalysisai/cc-traces-weka-with-subagents-052726 "HTTP/1.1 200 OK"
2026-05-30 12:17:12.238 - httpx - INFO - HTTP Request: GET https://huggingface.co/api/datasets/semianalysisai/cc-traces-weka-with-subagents-052726/tree/7b8c23e09a708b1fa794ac31b4708b0267db9462?recursive=false&expand=false "HTTP/1.1 200 OK"
2026-05-30 12:17:12.291 - httpx - INFO - HTTP Request: HEAD https://huggingface.co/datasets/semianalysisai/cc-traces-weka-with-subagents-052726/resolve/7b8c23e09a708b1fa794ac31b4708b0267db9462/dataset_infos.json "HTTP/1.1 404 Not Found"
2026-05-30 12:17:38.844 - SemiAnalysisCCTracesWekaLoader - INFO - Loading all 472 traces
2026-05-30 12:18:00.535 - aiperf.dataset.loader.weka_trace - INFO - WekaTraceLoader: spawning 16 worker process(es) for parallel reconstruction of 472 trace(s)
2026-05-30 12:18:10.628 - aiperf.dataset.loader.weka_parallel_convert - INFO - WekaTraceLoader: reconstructed 47/472 (10%) in 5.4s (8.7 traces/s)
2026-05-30 12:18:10.628 - aiperf.dataset.loader.weka_parallel_convert - INFO - WekaTraceLoader: reconstructed 94/472 (20%) in 5.4s (17.4 traces/s)
2026-05-30 12:18:14.186 - aiperf.dataset.loader.weka_parallel_convert - INFO - WekaTraceLoader: reconstructed 141/472 (30%) in 9.0s (15.7 traces/s)
2026-05-30 12:18:14.511 - aiperf.dataset.loader.weka_parallel_convert - INFO - WekaTraceLoader: reconstructed 188/472 (40%) in 9.3s (20.2 traces/s)
2026-05-30 12:18:19.267 - aiperf.dataset.loader.weka_parallel_convert - INFO - WekaTraceLoader: reconstructed 235/472 (50%) in 14.0s (16.7 traces/s)
2026-05-30 12:18:19.269 - aiperf.dataset.loader.weka_parallel_convert - INFO - WekaTraceLoader: reconstructed 282/472 (60%) in 14.0s (20.1 traces/s)
2026-05-30 12:18:19.269 - aiperf.dataset.loader.weka_parallel_convert - INFO - WekaTraceLoader: reconstructed 329/472 (70%) in 14.0s (23.4 traces/s)
2026-05-30 12:18:25.957 - aiperf.dataset.loader.weka_parallel_convert - INFO - WekaTraceLoader: reconstructed 376/472 (80%) in 20.7s (18.1 traces/s)
2026-05-30 12:18:25.958 - aiperf.dataset.loader.weka_parallel_convert - INFO - WekaTraceLoader: reconstructed 423/472 (90%) in 20.7s (20.4 traces/s)
2026-05-30 12:18:25.958 - aiperf.dataset.loader.weka_parallel_convert - INFO - WekaTraceLoader: reconstructed 470/472 (100%) in 20.7s (22.7 traces/s)
2026-05-30 12:18:25.958 - aiperf.dataset.loader.weka_parallel_convert - INFO - WekaTraceLoader: reconstructed 472/472 (100%) in 20.7s (22.8 traces/s)
2026-05-30 12:18:26.043 - aiperf.dataset.loader.weka_trace - INFO - WekaTraceLoader: workers finished in 30.1s; assembling Conversation objects
2026-05-30 12:18:36.748 - aiperf.dataset.loader.weka_trace - INFO - WekaTraceLoader: reconstructed 1888 conversation(s) in 40.8s (total load+synth+reconstruct: 40.8s)
2026-05-30 12:18:36.782 - PublicDatasetComposer - WARNING - max_tokens=0 on turn is invalid (must be > 0); clamping to 1
2026-05-30 12:18:36.785 - PublicDatasetComposer - WARNING - max_tokens=0 on turn is invalid (must be > 0); clamping to 1
2026-05-30 12:18:36.785 - PublicDatasetComposer - WARNING - max_tokens=0 on turn is invalid (must be > 0); clamping to 1
2026-05-30 12:18:36.785 - PublicDatasetComposer - WARNING - max_tokens=0 on turn is invalid (must be > 0); clamping to 1
2026-05-30 12:18:36.786 - PublicDatasetComposer - WARNING - max_tokens=0 on turn is invalid (must be > 0); clamping to 1
2026-05-30 12:18:36.786 - PublicDatasetComposer - WARNING - max_tokens=0 on turn is invalid (must be > 0); clamping to 1
2026-05-30 12:18:36.786 - PublicDatasetComposer - WARNING - max_tokens=0 on turn is invalid (must be > 0); clamping to 1
2026-05-30 12:18:36.786 - PublicDatasetComposer - WARNING - max_tokens=0 on turn is invalid (must be > 0); clamping to 1
2026-05-30 12:18:36.788 - PublicDatasetComposer - WARNING - max_tokens=0 on turn is invalid (must be > 0); clamping to 1
2026-05-30 12:18:36.789 - PublicDatasetComposer - WARNING - max_tokens=0 on turn is invalid (must be > 0); clamping to 1
2026-05-30 12:18:36.791 - PublicDatasetComposer - WARNING - max_tokens=0 on turn is invalid (must be > 0); clamping to 1
2026-05-30 12:18:36.791 - PublicDatasetComposer - WARNING - max_tokens=0 on turn is invalid (must be > 0); clamping to 1
2026-05-30 12:18:36.791 - PublicDatasetComposer - WARNING - max_tokens=0 on turn is invalid (must be > 0); clamping to 1
2026-05-30 12:18:36.794 - PublicDatasetComposer - WARNING - max_tokens=0 on turn is invalid (must be > 0); clamping to 1
2026-05-30 12:18:36.794 - PublicDatasetComposer - WARNING - max_tokens=0 on turn is invalid (must be > 0); clamping to 1
2026-05-30 12:18:36.796 - PublicDatasetComposer - WARNING - max_tokens=0 on turn is invalid (must be > 0); clamping to 1
2026-05-30 12:18:36.798 - PublicDatasetComposer - WARNING - max_tokens=0 on turn is invalid (must be > 0); clamping to 1
2026-05-30 12:18:36.798 - PublicDatasetComposer - WARNING - max_tokens=0 on turn is invalid (must be > 0); clamping to 1
2026-05-30 12:18:36.798 - PublicDatasetComposer - WARNING - max_tokens=0 on turn is invalid (must be > 0); clamping to 1
2026-05-30 12:18:36.800 - PublicDatasetComposer - WARNING - max_tokens=0 on turn is invalid (must be > 0); clamping to 1
2026-05-30 12:18:36.800 - PublicDatasetComposer - WARNING - max_tokens=0 on turn is invalid (must be > 0); clamping to 1
2026-05-30 12:18:36.800 - PublicDatasetComposer - WARNING - max_tokens=0 on turn is invalid (must be > 0); clamping to 1
2026-05-30 12:18:36.800 - PublicDatasetComposer - WARNING - max_tokens=0 on turn is invalid (must be > 0); clamping to 1
2026-05-30 12:18:36.802 - PublicDatasetComposer - WARNING - max_tokens=0 on turn is invalid (must be > 0); clamping to 1
2026-05-30 12:18:36.804 - PublicDatasetComposer - WARNING - max_tokens=0 on turn is invalid (must be > 0); clamping to 1
2026-05-30 12:18:36.804 - PublicDatasetComposer - WARNING - max_tokens=0 on turn is invalid (must be > 0); clamping to 1
2026-05-30 12:18:36.804 - PublicDatasetComposer - WARNING - max_tokens=0 on turn is invalid (must be > 0); clamping to 1
2026-05-30 12:18:36.805 - PublicDatasetComposer - WARNING - max_tokens=0 on turn is invalid (must be > 0); clamping to 1
2026-05-30 12:18:36.807 - PublicDatasetComposer - WARNING - max_tokens=0 on turn is invalid (must be > 0); clamping to 1
2026-05-30 12:18:36.811 - PublicDatasetComposer - WARNING - max_tokens=0 on turn is invalid (must be > 0); clamping to 1
2026-05-30 12:18:36.813 - PublicDatasetComposer - WARNING - max_tokens=0 on turn is invalid (must be > 0); clamping to 1
2026-05-30 12:18:36.813 - PublicDatasetComposer - WARNING - max_tokens=0 on turn is invalid (must be > 0); clamping to 1
2026-05-30 12:18:36.813 - PublicDatasetComposer - WARNING - max_tokens=0 on turn is invalid (must be > 0); clamping to 1
2026-05-30 12:18:36.817 - PublicDatasetComposer - WARNING - max_tokens=0 on turn is invalid (must be > 0); clamping to 1
2026-05-30 12:18:36.817 - PublicDatasetComposer - WARNING - max_tokens=0 on turn is invalid (must be > 0); clamping to 1
2026-05-30 12:18:36.822 - PublicDatasetComposer - WARNING - max_tokens=0 on turn is invalid (must be > 0); clamping to 1
2026-05-30 12:18:36.823 - PublicDatasetComposer - WARNING - max_tokens=0 on turn is invalid (must be > 0); clamping to 1
2026-05-30 12:18:36.825 - PublicDatasetComposer - WARNING - max_tokens=0 on turn is invalid (must be > 0); clamping to 1
2026-05-30 12:18:36.825 - PublicDatasetComposer - WARNING - max_tokens=0 on turn is invalid (must be > 0); clamping to 1
2026-05-30 12:18:36.831 - PublicDatasetComposer - WARNING - max_tokens=0 on turn is invalid (must be > 0); clamping to 1
2026-05-30 12:18:36.831 - PublicDatasetComposer - WARNING - max_tokens=0 on turn is invalid (must be > 0); clamping to 1
2026-05-30 12:18:36.831 - PublicDatasetComposer - WARNING - max_tokens=0 on turn is invalid (must be > 0); clamping to 1
2026-05-30 12:18:36.831 - PublicDatasetComposer - WARNING - max_tokens=0 on turn is invalid (must be > 0); clamping to 1
2026-05-30 12:18:36.833 - PublicDatasetComposer - WARNING - max_tokens=0 on turn is invalid (must be > 0); clamping to 1
2026-05-30 12:18:36.837 - PublicDatasetComposer - WARNING - max_tokens=0 on turn is invalid (must be > 0); clamping to 1
2026-05-30 12:18:36.837 - PublicDatasetComposer - WARNING - max_tokens=0 on turn is invalid (must be > 0); clamping to 1
2026-05-30 12:18:36.837 - PublicDatasetComposer - WARNING - max_tokens=0 on turn is invalid (must be > 0); clamping to 1
2026-05-30 12:18:36.838 - PublicDatasetComposer - WARNING - max_tokens=0 on turn is invalid (must be > 0); clamping to 1
2026-05-30 12:18:36.838 - PublicDatasetComposer - WARNING - max_tokens=0 on turn is invalid (must be > 0); clamping to 1
2026-05-30 12:18:36.838 - PublicDatasetComposer - WARNING - max_tokens=0 on turn is invalid (must be > 0); clamping to 1
2026-05-30 12:18:36.838 - PublicDatasetComposer - WARNING - max_tokens=0 on turn is invalid (must be > 0); clamping to 1
2026-05-30 12:18:36.838 - PublicDatasetComposer - WARNING - max_tokens=0 on turn is invalid (must be > 0); clamping to 1
2026-05-30 12:18:38.638 - MemoryMapDatasetBackingStore_c1557e3f - INFO - Memory-mapped backing store initialized (streaming to /tmp/aiperf_mmap_4b10f4a3-f02b-40cb-945c-d05b95e1d215/dataset.dat)
2026-05-30 12:22:29.006 - MemoryMapDatasetBackingStore_c1557e3f - INFO - Data file finalized: 1888 conversations, 98,153.24 MB
2026-05-30 12:22:29.045 - MemoryMapDatasetBackingStore_c1557e3f - INFO - Index file created: /tmp/aiperf_mmap_4b10f4a3-f02b-40cb-945c-d05b95e1d215/index.dat
2026-05-30 12:22:29.045 - dataset_manager - INFO - Backing store finalized: client_type=DatasetClientStoreType.MEMORY_MAP format=MemoryMapFormat.CONVERSATION data_file_path=PosixPath('/tmp/aiperf_mmap_4b10f4a3-f02b-40cb-945c-d05b95e1d215/dataset.dat') index_file_path=PosixPath('/tmp/aiperf_mmap_4b10f4a3-f02b-40cb-945c-d05b95e1d215/index.dat') conversation_count=1888 total_size_bytes=102921134255 compressed=False compressed_size_bytes=0
2026-05-30 12:22:30.612 - dataset_manager - INFO - sampling strategy: sequential, unique conversations: 1888, unique turn count: 113254
2026-05-30 12:22:30.723 - dataset_manager - INFO - Skipping inputs.json generation
2026-05-30 12:22:31.038 - aiperf.timing.trajectory_source - INFO - TrajectorySource: built 16 trajectories from 472 traces
  range cfg=[0.25, 0.75]  observed sample pct: min= 25% median= 42% max= 74%
    lane=00  sample_time= 42%  root_next=288/581 ( 50% turns)  live=1 ready=1  trace_id=008df469894b62a281ead30c5d59ec67c09a
    lane=01  sample_time= 60%  root_next= 60/72  ( 83% turns)  live=1 ready=1  trace_id=009dfc4e83422be8d3daa41cfda78036b2cd
    lane=02  sample_time= 60%  root_next=835/1450 ( 58% turns)  live=1 ready=1  trace_id=00ac905ea15e7901d7e2e5e41eb2e8f09684
    lane=03  sample_time= 41%  root_next= 51/117 ( 44% turns)  live=1 ready=1  trace_id=00cce9f29920af4b553f6278d313d6ce45e5
    lane=04  sample_time= 43%  root_next= 35/90  ( 39% turns)  live=1 ready=1  trace_id=00f4cc77fc2de6713521dad5f0066c6a051a
    lane=05  sample_time= 70%  root_next=225/352 ( 64% turns)  live=1 ready=1  trace_id=015dff5473d6ef6fa2f62522abde478d7bf4
    lane=06  sample_time= 38%  root_next= 59/117 ( 50% turns)  live=1 ready=1  trace_id=019b5b97730cacf13803ac76c3a3c736668c
    lane=07  sample_time= 39%  root_next=129/269 ( 48% turns)  live=1 ready=1  trace_id=020db36acd1683304d1aa97874a68c06318a
    lane=08  sample_time= 41%  root_next= 24/40  ( 60% turns)  live=1 ready=1  trace_id=031de6c76f8eb0194c7babac9754ce37a277
    lane=09  sample_time= 74%  root_next= 40/55  ( 73% turns)  live=1 ready=1  trace_id=03cfc3a979078960cc1fec9f86acc78b93bc
    lane=10  sample_time= 53%  root_next= 35/59  ( 59% turns)  live=1 ready=1  trace_id=047ecfb79fa6fc013caa21b6654de24d26e4
    lane=11  sample_time= 27%  root_next=  4/25  ( 16% turns)  live=1 ready=1  trace_id=05e848a02096a5905710829e272ac4d5e82c
    lane=12  sample_time= 30%  root_next= 35/181 ( 19% turns)  live=2 ready=1  trace_id=0605169f853339123b00578c5fe0204b4a79
    lane=13  sample_time= 60%  root_next= 15/21  ( 71% turns)  live=1 ready=1  trace_id=08937088f7b6ba23a08f372e87ca180d43a3
    lane=14  sample_time= 66%  root_next= 20/31  ( 65% turns)  live=1 ready=1  trace_id=0af3e551f4b5f408f6f5fd060efc0fda2a02
    lane=15  sample_time= 25%  root_next= 13/29  ( 45% turns)  live=1 ready=1  trace_id=0af74bd3f6093d3898f9eaff4d367b8a0eac
2026-05-30 12:22:31.038 - PhaseOrchestrator_46973236 - INFO - Initialized 2 phase(s): ['Warmup', 'Profiling']
2026-05-30 12:22:32.670 - dataset_manager - INFO - Dataset client initialized and freed 1888 conversations from memory
2026-05-30 12:22:44.703 - aiperf.dataset.mmap_cache - INFO - Populated mmap cache entry /root/.cache/aiperf/dataset_mmap/587721ff6943b8cb30ab246f32059456
2026-05-30 12:22:44.703 - dataset_manager - INFO - Dataset configured in 333.99 seconds
2026-05-30 12:22:44.705 - system_controller - INFO - All services configured in 338.36 seconds
2026-05-30 12:22:44.705 - system_controller - INFO - AIPerf System is CONFIGURED
2026-05-30 12:22:44.706 - server_metrics_manager - INFO - Server Metrics: Started 1 collector(s) successfully
2026-05-30 12:22:44.714 - system_controller - INFO - All services started profiling successfully
2026-05-30 12:22:44.714 - system_controller - INFO - AIPerf System is PROFILING
2026-05-30 12:22:44.725 - PhaseRunner - NOTICE - Phase warmup started | target: 16 requests
2026-05-30 12:22:44.725 - AgenticReplayTiming - INFO - WARMUP execute: dispatching 16 trajectory credits
2026-05-30 12:22:44.726 - records_manager - INFO - Credit phase start: warmup
2026-05-30 12:22:44.726 - PhaseRunner - NOTICE - Phase warmup sending complete | sent=16, completed=0, in_flight=16
2026-05-30 12:22:45.108 - EventLoopMonitor - WARNING - Event loop for worker_536939c7 is taking too long to run. Overhead: 241.14ms
2026-05-30 12:22:45.282 - EventLoopMonitor - WARNING - Event loop for worker_d053ba2f is taking too long to run. Overhead: 438.64ms
2026-05-30 12:22:45.390 - EventLoopMonitor - WARNING - Event loop for worker_675425ce is taking too long to run. Overhead: 283.76ms
2026-05-30 12:22:44.981 - EventLoopMonitor - WARNING - Event loop for worker_db3ae707 is taking too long to run. Overhead: 116.60ms
2026-05-30 12:22:48.438 - EventLoopMonitor - WARNING - Event loop for worker_d053ba2f is taking too long to run. Overhead: 972.17ms
2026-05-30 12:22:48.456 - worker_manager - WARNING - CPU usage for worker_d053ba2f is 93%. AIPerf results may be inaccurate.
2026-05-30 12:28:44.971 - AgenticReplayTiming - INFO - WARMUP 1/16 returned [ok] (lane=12, trace_id=0605169f853339123b00578c5fe0204b4a79::sa:subagent_001_7bff5d9f, start_turn=62/64 (97% through trace))
2026-05-30 12:30:38.185 - PhaseRunner - NOTICE - Phase warmup complete | completed=16, cancelled=0, errors=0 | elapsed=473.46s
2026-05-30 12:30:38.186 - aiperf.timing.branch_orchestrator - INFO - BranchOrchestrator stats: spawned=0 completed=0 errored=0 suspended=0 resumed=0 parents_failed_due_to_child_error=0 joins_suppressed=0
2026-05-30 12:30:38.214 - AgenticReplayTiming - INFO - PROFILING setup: trajectories=16 traces, recycle_queue=472 traces (full pool)
2026-05-30 12:30:38.214 - PhaseRunner - NOTICE - Phase profiling started | target: 1800.0s duration
2026-05-30 12:30:38.215 - records_manager - INFO - Credit phase start: profiling
2026-05-30 12:30:38.216 - PhaseRunner - INFO - Waiting for event 'profiling phase sending' with timeout of 1799.998757543s
2026-05-30 12:30:38.216 - AgenticReplayTiming - INFO - PROFILING execute: resuming 16 trajectory sessions
2026-05-30 12:30:38.881 - EventLoopMonitor - WARNING - Event loop for worker_db3ae707 is taking too long to run. Overhead: 43.47ms
2026-05-30 12:30:48.170 - EventLoopMonitor - WARNING - Event loop for worker_675425ce is taking too long to run. Overhead: 205.96ms
2026-05-30 12:30:48.553 - EventLoopMonitor - WARNING - Event loop for worker_491fe6be is taking too long to run. Overhead: 383.42ms
2026-05-30 12:30:51.983 - EventLoopMonitor - WARNING - Event loop for worker_ef055dad is taking too long to run. Overhead: 64.47ms
2026-05-30 12:30:54.908 - AgenticReplayTiming - INFO - Terminating trajectory 00ac905ea15e7901d7e2e5e41eb2e8f09684 early at turn 835/1449: context-overflow error from server
2026-05-30 12:30:55.441 - EventLoopMonitor - WARNING - Event loop for worker_18c1a653 is taking too long to run. Overhead: 305.21ms
2026-05-30 12:30:58.685 - worker_manager - WARNING - CPU usage for worker_18c1a653 is 95%. AIPerf results may be inaccurate.
2026-05-30 12:31:06.046 - records_manager - INFO - [realtime 00:27 profiling] rps=0.2 (avg 0.2) tput_in=24885/s tput_out=21/s done=6 ok=6 err=0
                           ttft p50=676ms  p75=736ms  p95=4088ms p99=4758ms
                           itl  p50=13ms   p75=14ms   p95=81ms   p99=94ms
                           e2e  p50=2451ms p75=2754ms p95=13065ms p99=15127ms
                           intvty p50=75     p75=78     p95=82     p99=82 (1/tpot tok/s)
                           isl  p50=115,819   p75=129,006   p90=198,422   p99=240,071 (tokens)
                           osl  p50=135       p75=144       p90=146       p99=148 (tokens)
                           tot  in=660,912        out=549
                           trace theoretical_prefix_cache_hit=99.6%
                           srv  prefix_cache_hit=50.1% unique_in_srv=1,924,525 ext_cache_hit=0.0% kv_usage=36.5% queue=9r/0w tput_in_srv=4,597/s tput_out_srv=15/s
2026-05-30 12:31:06.994 - EventLoopMonitor - WARNING - Event loop for worker_02d69437 is taking too long to run. Overhead: 42.38ms
2026-05-30 12:31:10.280 - EventLoopMonitor - WARNING - Event loop for worker_f8c14618 is taking too long to run. Overhead: 75.57ms
2026-05-30 12:31:12.764 - AgenticReplayTiming - INFO - Terminating trajectory 008df469894b62a281ead30c5d59ec67c09a early at turn 288/580: context-overflow error from server
2026-05-30 12:31:17.489 - EventLoopMonitor - WARNING - Event loop for worker_491fe6be is taking too long to run. Overhead: 183.42ms
2026-05-30 12:31:18.557 - AgenticReplayTiming - INFO - Terminating trajectory 020db36acd1683304d1aa97874a68c06318a early at turn 129/268: context-overflow error from server
2026-05-30 12:31:36.073 - records_manager - INFO - [realtime 00:57 profiling] rps=0.5 (avg 0.3) tput_in=35134/s tput_out=43/s done=22 ok=22 err=0
                           ttft p50=2546ms p75=4549ms p95=6863ms p99=6922ms
                           itl  p50=85ms   p75=120ms  p95=226ms  p99=317ms
                           e2e  p50=13891ms p75=19269ms p95=27299ms p99=29417ms
                           intvty p50=12     p75=35     p95=79     p99=82 (1/tpot tok/s)
                           isl  p50=93,178    p75=122,837   p90=222,618   p99=240,803 (tokens)
                           osl  p50=131       p75=178       p90=206       p99=256 (tokens)
                           tot  in=1,956,009      out=2,376
                           trace theoretical_prefix_cache_hit=85.4%
                           srv  prefix_cache_hit=57.9% unique_in_srv=2,096,636 ext_cache_hit=0.0% kv_usage=31.8% queue=7r/0w tput_in_srv=5,726/s tput_out_srv=18/s
2026-05-30 12:31:41.317 - EventLoopMonitor - WARNING - Event loop for worker_db3ae707 is taking too long to run. Overhead: 105.53ms
2026-05-30 12:32:06.109 - records_manager - INFO - [realtime 01:27 profiling] rps=0.3 (avg 0.3) tput_in=32105/s tput_out=64/s done=30 ok=30 err=0
                           ttft p50=3650ms p75=4937ms p95=11919ms p99=13467ms
                           itl  p50=68ms   p75=96ms   p95=196ms  p99=307ms
                           e2e  p50=15643ms p75=22428ms p95=52645ms p99=55471ms
                           intvty p50=15     p75=36     p95=78     p99=81 (1/tpot tok/s)
                           isl  p50=97,864    p75=123,502   p90=178,548   p99=239,072 (tokens)
                           osl  p50=130       p75=184       p90=403       p99=1,069 (tokens)
                           tot  in=2,722,131      out=5,456
                           trace theoretical_prefix_cache_hit=89.2%
                           srv  prefix_cache_hit=57.9% unique_in_srv=2,306,016 ext_cache_hit=0.0% kv_usage=23.6% queue=6r/0w tput_in_srv=6,030/s tput_out_srv=21/s
2026-05-30 12:32:36.189 - records_manager - INFO - [realtime 01:57 profiling] rps=0.3 (avg 0.3) tput_in=31829/s tput_out=61/s done=40 ok=40 err=0
                           ttft p50=4101ms p75=5310ms p95=12656ms p99=13456ms
                           itl  p50=60ms   p75=85ms   p95=166ms  p99=294ms
                           e2e  p50=13310ms p75=21943ms p95=52315ms p99=55116ms
                           intvty p50=17     p75=34     p95=76     p99=81 (1/tpot tok/s)
                           isl  p50=93,178    p75=116,727   p90=140,568   p99=236,908 (tokens)
                           osl  p50=120       p75=184       p90=246       p99=1,019 (tokens)
                           tot  in=3,525,438      out=6,809
                           trace theoretical_prefix_cache_hit=91.4%
                           srv  prefix_cache_hit=65.8% unique_in_srv=2,390,913 ext_cache_hit=0.0% kv_usage=43.9% queue=12r/0w tput_in_srv=7,207/s tput_out_srv=24/s
2026-05-30 12:33:06.292 - records_manager - INFO - [realtime 02:28 profiling] rps=0.6 (avg 0.4) tput_in=36213/s tput_out=81/s done=58 ok=58 err=0
                           ttft p50=3888ms p75=6896ms p95=11761ms p99=13437ms
                           itl  p50=60ms   p75=88ms   p95=156ms  p99=271ms
                           e2e  p50=13310ms p75=22428ms p95=53909ms p99=100691ms
                           intvty p50=17     p75=32     p95=72     p99=80 (1/tpot tok/s)
                           isl  p50=92,914    p75=117,362   p90=135,571   p99=236,629 (tokens)
                           osl  p50=130       p75=189       p90=253       p99=1,364 (tokens)
                           tot  in=5,187,127      out=11,666
                           trace theoretical_prefix_cache_hit=92.7%
                           srv  prefix_cache_hit=71.8% unique_in_srv=2,420,863 ext_cache_hit=0.0% kv_usage=41.8% queue=10r/0w tput_in_srv=8,695/s tput_out_srv=27/s
2026-05-30 12:33:36.402 - records_manager - INFO - [realtime 02:58 profiling] rps=0.3 (avg 0.4) tput_in=33619/s tput_out=77/s done=67 ok=67 err=0
                           ttft p50=3706ms p75=6767ms p95=11380ms p99=13427ms
                           itl  p50=67ms   p75=91ms   p95=152ms  p99=260ms
                           e2e  p50=14043ms p75=22185ms p95=52744ms p99=96299ms
                           intvty p50=15     p75=31     p95=68     p99=80 (1/tpot tok/s)
                           isl  p50=89,860    p75=116,683   p90=133,076   p99=235,284 (tokens)
                           osl  p50=132       p75=206       p90=345       p99=1,331 (tokens)
                           tot  in=5,940,748      out=13,605
                           trace theoretical_prefix_cache_hit=92.5%
                           srv  prefix_cache_hit=73.5% unique_in_srv=2,493,682 ext_cache_hit=0.0% kv_usage=43.8% queue=11r/0w tput_in_srv=9,492/s tput_out_srv=33/s
2026-05-30 12:34:06.536 - records_manager - INFO - [realtime 03:28 profiling] rps=0.3 (avg 0.4) tput_in=34415/s tput_out=97/s done=77 ok=77 err=0
                           ttft p50=3664ms p75=6826ms p95=11812ms p99=13543ms
                           itl  p50=56ms   p75=87ms   p95=145ms  p99=248ms
                           e2e  p50=15650ms p75=26607ms p95=64042ms p99=113639ms
                           intvty p50=18     p75=28     p95=58     p99=80 (1/tpot tok/s)
                           isl  p50=89,860    p75=117,680   p90=135,702   p99=242,410 (tokens)
                           osl  p50=136       p75=228       p90=673       p99=1,573 (tokens)
                           tot  in=7,041,249      out=19,920
                           trace theoretical_prefix_cache_hit=93.2%
                           srv  prefix_cache_hit=75.2% unique_in_srv=2,558,658 ext_cache_hit=0.0% kv_usage=39.2% queue=11r/0w tput_in_srv=10,127/s tput_out_srv=39/s
2026-05-30 12:34:36.707 - records_manager - INFO - [realtime 03:58 profiling] rps=0.5 (avg 0.4) tput_in=35202/s tput_out=119/s done=91 ok=91 err=0
                           ttft p50=2992ms p75=5777ms p95=11431ms p99=13519ms
                           itl  p50=50ms   p75=78ms   p95=138ms  p99=230ms
                           e2e  p50=15488ms p75=27077ms p95=80151ms p99=134113ms
                           intvty p50=20     p75=32     p95=48     p99=79 (1/tpot tok/s)
                           isl  p50=86,886    p75=117,044   p90=135,178   p99=245,488 (tokens)
                           osl  p50=143       p75=258       p90=814       p99=1,764 (tokens)
                           tot  in=8,330,097      out=28,042
                           trace theoretical_prefix_cache_hit=94.1%
                           srv  prefix_cache_hit=77.3% unique_in_srv=2,570,963 ext_cache_hit=0.0% kv_usage=30.5% queue=8r/0w tput_in_srv=10,764/s tput_out_srv=46/s
2026-05-30 12:34:48.540 - AgenticReplayTiming - INFO - Terminating trajectory 03cfc3a979078960cc1fec9f86acc78b93bc early at turn 43/54: context-overflow error from server
2026-05-30 12:35:01.343 - AgenticReplayTiming - INFO - Terminating trajectory 015dff5473d6ef6fa2f62522abde478d7bf4 early at turn 228/351: context-overflow error from server
2026-05-30 12:35:06.892 - records_manager - INFO - [realtime 04:28 profiling] rps=0.3 (avg 0.4) tput_in=37037/s tput_out=132/s done=100 ok=100 err=0
                           ttft p50=2790ms p75=5209ms p95=11407ms p99=13506ms
                           itl  p50=48ms   p75=76ms   p95=137ms  p99=221ms
                           e2e  p50=15643ms p75=27149ms p95=83058ms p99=130304ms
                           intvty p50=21     p75=33     p95=49     p99=79 (1/tpot tok/s)
                           isl  p50=86,968    p75=117,998   p90=143,982   p99=250,997 (tokens)
                           osl  p50=144       p75=322       p90=949       p99=2,208 (tokens)
                           tot  in=9,228,342      out=32,999
                           trace theoretical_prefix_cache_hit=94.5%
                           srv  prefix_cache_hit=77.2% unique_in_srv=2,739,345 ext_cache_hit=0.0% kv_usage=24.8% queue=8r/6w tput_in_srv=11,022/s tput_out_srv=48/s
2026-05-30 12:35:37.097 - records_manager - INFO - [realtime 04:58 profiling] rps=0.3 (avg 0.4) tput_in=33587/s tput_out=115/s done=110 ok=110 err=0
                           ttft p50=3079ms p75=6808ms p95=15894ms p99=24632ms
                           itl  p50=48ms   p75=79ms   p95=139ms  p99=211ms
                           e2e  p50=15785ms p75=27295ms p95=80590ms p99=126304ms
                           intvty p50=21     p75=34     p95=47     p99=78 (1/tpot tok/s)
                           isl  p50=86,805    p75=117,997   p90=135,571   p99=250,525 (tokens)
                           osl  p50=144       p75=260       p90=832       p99=2,153 (tokens)
                           tot  in=9,992,027      out=34,130
                           trace theoretical_prefix_cache_hit=93.9%
                           srv  prefix_cache_hit=78.5% unique_in_srv=2,837,367 ext_cache_hit=0.0% kv_usage=37.5% queue=12r/0w tput_in_srv=11,903/s tput_out_srv=51/s
2026-05-30 12:36:07.298 - records_manager - INFO - [realtime 05:29 profiling] rps=0.0 (avg 0.4) tput_in=33587/s tput_out=115/s done=110 ok=110 err=0
                           ttft p50=3079ms p75=6808ms p95=15894ms p99=24632ms
                           itl  p50=48ms   p75=79ms   p95=139ms  p99=211ms
                           e2e  p50=15785ms p75=27295ms p95=80590ms p99=126304ms
                           intvty p50=21     p75=34     p95=47     p99=78 (1/tpot tok/s)
                           isl  p50=86,805    p75=117,997   p90=135,571   p99=250,525 (tokens)
                           osl  p50=144       p75=260       p90=832       p99=2,153 (tokens)
                           tot  in=9,992,027      out=34,130
                           trace theoretical_prefix_cache_hit=93.9%
                           srv  prefix_cache_hit=77.4% unique_in_srv=3,046,460 ext_cache_hit=0.0% kv_usage=45.0% queue=15r/0w tput_in_srv=11,771/s tput_out_srv=50/s
2026-05-30 12:36:37.531 - records_manager - INFO - [realtime 05:59 profiling] rps=0.5 (avg 0.3) tput_in=32399/s tput_out=117/s done=124 ok=124 err=0
                           ttft p50=3079ms p75=6896ms p95=23863ms p99=25004ms
                           itl  p50=50ms   p75=84ms   p95=155ms  p99=328ms
                           e2e  p50=16692ms p75=29981ms p95=82035ms p99=124596ms
                           intvty p50=20     p75=33     p95=43     p99=78 (1/tpot tok/s)
                           isl  p50=86,805    p75=117,362   p90=135,048   p99=249,676 (tokens)
                           osl  p50=151       p75=402       p90=831       p99=2,076 (tokens)
                           tot  in=11,274,878     out=40,654
                           trace theoretical_prefix_cache_hit=93.2%
                           srv  prefix_cache_hit=78.8% unique_in_srv=3,101,710 ext_cache_hit=0.0% kv_usage=41.0% queue=13r/0w tput_in_srv=12,487/s tput_out_srv=55/s
2026-05-30 12:37:07.810 - records_manager - INFO - [realtime 06:29 profiling] rps=0.4 (avg 0.3) tput_in=31966/s tput_out=134/s done=136 ok=136 err=0
                           ttft p50=3019ms p75=6606ms p95=20147ms p99=24951ms
                           itl  p50=46ms   p75=78ms   p95=151ms  p99=320ms
                           e2e  p50=17019ms p75=29920ms p95=84442ms p99=165129ms
                           intvty p50=22     p75=33     p95=43     p99=78 (1/tpot tok/s)
                           isl  p50=86,805    p75=117,998   p90=134,786   p99=248,947 (tokens)
                           osl  p50=157       p75=483       p90=845       p99=2,555 (tokens)
                           tot  in=12,396,617     out=52,008
                           trace theoretical_prefix_cache_hit=93.6%
                           srv  prefix_cache_hit=79.4% unique_in_srv=3,121,279 ext_cache_hit=0.0% kv_usage=24.4% queue=7r/0w tput_in_srv=12,608/s tput_out_srv=63/s
2026-05-30 12:37:38.119 - records_manager - INFO - [realtime 06:59 profiling] rps=0.3 (avg 0.3) tput_in=31959/s tput_out=141/s done=146 ok=146 err=0
                           ttft p50=2951ms p75=6258ms p95=16450ms p99=24906ms
                           itl  p50=43ms   p75=77ms   p95=147ms  p99=314ms
                           e2e  p50=16692ms p75=29946ms p95=87450ms p99=168251ms
                           intvty p50=23     p75=34     p95=43     p99=77 (1/tpot tok/s)
                           isl  p50=86,494    p75=117,997   p90=129,087   p99=248,340 (tokens)
                           osl  p50=159       p75=486       p90=1,023     p99=2,554 (tokens)
                           tot  in=13,167,817     out=58,055
                           trace theoretical_prefix_cache_hit=93.7%
                           srv  prefix_cache_hit=80.2% unique_in_srv=3,228,887 ext_cache_hit=0.0% kv_usage=34.4% queue=12r/0w tput_in_srv=13,217/s tput_out_srv=67/s
2026-05-30 12:38:08.484 - records_manager - INFO - [realtime 07:30 profiling] rps=0.5 (avg 0.4) tput_in=31883/s tput_out=150/s done=162 ok=162 err=0
                           ttft p50=2498ms p75=5784ms p95=17929ms p99=25138ms
                           itl  p50=41ms   p75=74ms   p95=141ms  p99=304ms
                           e2e  p50=16574ms p75=29893ms p95=88483ms p99=162970ms
                           intvty p50=24     p75=34     p95=43     p99=77 (1/tpot tok/s)
                           isl  p50=86,149    p75=116,502   p90=126,376   p99=247,369 (tokens)
                           osl  p50=184       p75=509       p90=1,058     p99=2,883 (tokens)
                           tot  in=14,293,729     out=67,264
                           trace theoretical_prefix_cache_hit=93.3%
                           srv  prefix_cache_hit=80.8% unique_in_srv=3,332,286 ext_cache_hit=0.0% kv_usage=32.1% queue=9r/0w tput_in_srv=13,727/s tput_out_srv=73/s
2026-05-30 12:38:38.906 - records_manager - INFO - [realtime 08:00 profiling] rps=0.4 (avg 0.4) tput_in=32213/s tput_out=161/s done=175 ok=175 err=0
                           ttft p50=2483ms p75=5129ms p95=15507ms p99=25122ms
                           itl  p50=41ms   p75=73ms   p95=138ms  p99=295ms
                           e2e  p50=16456ms p75=29060ms p95=90291ms p99=209412ms
                           intvty p50=25     p75=34     p95=42     p99=76 (1/tpot tok/s)
                           isl  p50=85,324    p75=116,461   p90=125,060   p99=246,580 (tokens)
                           osl  p50=191       p75=486       p90=1,032     p99=3,915 (tokens)
                           tot  in=15,258,608     out=76,318
                           trace theoretical_prefix_cache_hit=93.4%
                           srv  prefix_cache_hit=81.0% unique_in_srv=3,490,433 ext_cache_hit=0.0% kv_usage=33.1% queue=10r/3w tput_in_srv=14,120/s tput_out_srv=76/s
2026-05-30 12:39:09.374 - records_manager - INFO - [realtime 08:31 profiling] rps=0.3 (avg 0.4) tput_in=31730/s tput_out=161/s done=185 ok=185 err=0
                           ttft p50=2456ms p75=5180ms p95=14459ms p99=25110ms
                           itl  p50=42ms   p75=73ms   p95=136ms  p99=289ms
                           e2e  p50=16633ms p75=29561ms p95=93420ms p99=200393ms
                           intvty p50=24     p75=33     p95=43     p99=76 (1/tpot tok/s)
                           isl  p50=86,035    p75=116,379   p90=125,287   p99=245,973 (tokens)
                           osl  p50=191       p75=490       p90=1,032     p99=3,714 (tokens)
                           tot  in=16,179,250     out=82,288
                           trace theoretical_prefix_cache_hit=93.8%
                           srv  prefix_cache_hit=81.2% unique_in_srv=3,647,448 ext_cache_hit=0.0% kv_usage=39.9% queue=15r/0w tput_in_srv=14,657/s tput_out_srv=77/s
2026-05-30 12:39:39.905 - records_manager - INFO - [realtime 09:01 profiling] rps=0.6 (avg 0.4) tput_in=32674/s tput_out=164/s done=204 ok=204 err=0
                           ttft p50=2467ms p75=5548ms p95=13739ms p99=25086ms
                           itl  p50=42ms   p75=69ms   p95=133ms  p99=277ms
                           e2e  p50=16709ms p75=29375ms p95=87966ms p99=183257ms
                           intvty p50=24     p75=32     p95=42     p99=75 (1/tpot tok/s)
                           isl  p50=84,726    p75=116,078   p90=124,940   p99=244,820 (tokens)
                           osl  p50=198       p75=480       p90=902       p99=3,225 (tokens)
                           tot  in=17,613,924     out=88,230
                           trace theoretical_prefix_cache_hit=93.2%
                           srv  prefix_cache_hit=82.3% unique_in_srv=3,693,069 ext_cache_hit=0.0% kv_usage=39.8% queue=13r/0w tput_in_srv=15,411/s tput_out_srv=82/s
2026-05-30 12:40:10.527 - records_manager - INFO - [realtime 09:32 profiling] rps=0.4 (avg 0.4) tput_in=32849/s tput_out=162/s done=216 ok=216 err=0
                           ttft p50=2384ms p75=5548ms p95=13826ms p99=25039ms
                           itl  p50=43ms   p75=70ms   p95=138ms  p99=269ms
                           e2e  p50=17349ms p75=29211ms p95=84442ms p99=178153ms
                           intvty p50=23     p75=32     p95=42     p99=75 (1/tpot tok/s)
                           isl  p50=84,726    p75=116,078   p90=125,205   p99=244,386 (tokens)
                           osl  p50=198       p75=470       p90=873       p99=3,166 (tokens)
                           tot  in=18,591,856     out=91,652
                           trace theoretical_prefix_cache_hit=93.4%
                           srv  prefix_cache_hit=82.8% unique_in_srv=3,815,336 ext_cache_hit=0.0% kv_usage=46.7% queue=16r/0w tput_in_srv=15,971/s tput_out_srv=84/s
2026-05-30 12:40:41.175 - records_manager - INFO - [realtime 10:02 profiling] rps=0.7 (avg 0.4) tput_in=33761/s tput_out=160/s done=236 ok=236 err=0
                           ttft p50=2045ms p75=5122ms p95=13657ms p99=24951ms
                           itl  p50=43ms   p75=69ms   p95=134ms  p99=257ms
                           e2e  p50=16338ms p75=28142ms p95=81305ms p99=171552ms
                           intvty p50=23     p75=32     p95=42     p99=74 (1/tpot tok/s)
                           isl  p50=84,940    p75=116,420   p90=125,312   p99=243,758 (tokens)
                           osl  p50=199       p75=428       p90=852       p99=3,150 (tokens)
                           tot  in=20,302,220     out=96,478
                           trace theoretical_prefix_cache_hit=93.8%
                           srv  prefix_cache_hit=83.7% unique_in_srv=3,846,565 ext_cache_hit=0.0% kv_usage=41.3% queue=12r/0w tput_in_srv=16,668/s tput_out_srv=89/s
2026-05-30 12:41:11.941 - records_manager - INFO - [realtime 10:33 profiling] rps=0.7 (avg 0.4) tput_in=34864/s tput_out=165/s done=256 ok=256 err=0
                           ttft p50=1888ms p75=4880ms p95=13570ms p99=24862ms
                           itl  p50=44ms   p75=67ms   p95=130ms  p99=244ms
                           e2e  p50=15807ms p75=27660ms p95=81305ms p99=164950ms
                           intvty p50=23     p75=32     p95=41     p99=73 (1/tpot tok/s)
                           isl  p50=84,940    p75=113,518   p90=125,312   p99=243,132 (tokens)
                           osl  p50=197       p75=418       p90=873       p99=3,134 (tokens)
                           tot  in=21,981,095     out=103,911
                           trace theoretical_prefix_cache_hit=94.2%
                           srv  prefix_cache_hit=84.7% unique_in_srv=3,870,843 ext_cache_hit=0.0% kv_usage=40.5% queue=12r/0w tput_in_srv=17,516/s tput_out_srv=92/s
2026-05-30 12:41:42.703 - records_manager - INFO - [realtime 11:04 profiling] rps=0.3 (avg 0.4) tput_in=35444/s tput_out=165/s done=266 ok=266 err=0
                           ttft p50=1888ms p75=4549ms p95=13496ms p99=24817ms
                           itl  p50=43ms   p75=66ms   p95=127ms  p99=238ms
                           e2e  p50=15657ms p75=27004ms p95=81176ms p99=161650ms
                           intvty p50=23     p75=32     p95=41     p99=73 (1/tpot tok/s)
                           isl  p50=85,921    p75=111,218   p90=125,312   p99=242,818 (tokens)
                           osl  p50=193       p75=409       p90=852       p99=3,125 (tokens)
                           tot  in=22,893,039     out=106,318
                           trace theoretical_prefix_cache_hit=94.3%
                           srv  prefix_cache_hit=85.2% unique_in_srv=3,927,985 ext_cache_hit=0.0% kv_usage=49.8% queue=16r/0w tput_in_srv=17,999/s tput_out_srv=94/s
2026-05-30 12:42:13.578 - records_manager - INFO - [realtime 11:35 profiling] rps=0.4 (avg 0.4) tput_in=34699/s tput_out=163/s done=277 ok=277 err=0
                           ttft p50=1873ms p75=4485ms p95=13435ms p99=24768ms
                           itl  p50=43ms   p75=66ms   p95=131ms  p99=231ms
                           e2e  p50=15775ms p75=27077ms p95=84141ms p99=158019ms
                           intvty p50=23     p75=31     p95=41     p99=72 (1/tpot tok/s)
                           isl  p50=86,157    p75=113,634   p90=126,690   p99=242,473 (tokens)
                           osl  p50=192       p75=410       p90=871       p99=3,116 (tokens)
                           tot  in=24,054,624     out=112,792
                           trace theoretical_prefix_cache_hit=94.4%
                           srv  prefix_cache_hit=85.7% unique_in_srv=3,972,821 ext_cache_hit=0.0% kv_usage=54.0% queue=16r/1w tput_in_srv=18,365/s tput_out_srv=97/s
2026-05-30 12:42:44.494 - records_manager - INFO - [realtime 12:06 profiling] rps=0.5 (avg 0.4) tput_in=35202/s tput_out=164/s done=294 ok=294 err=0
                           ttft p50=1844ms p75=4192ms p95=13361ms p99=24693ms
                           itl  p50=43ms   p75=65ms   p95=131ms  p99=221ms
                           e2e  p50=15643ms p75=27004ms p95=85043ms p99=152408ms
                           intvty p50=23     p75=31     p95=41     p99=71 (1/tpot tok/s)
                           isl  p50=86,149    p75=113,084   p90=126,750   p99=241,940 (tokens)
                           osl  p50=189       p75=409       p90=889       p99=3,103 (tokens)
                           tot  in=25,482,844     out=118,685
                           trace theoretical_prefix_cache_hit=94.6%
                           srv  prefix_cache_hit=86.3% unique_in_srv=3,983,362 ext_cache_hit=0.0% kv_usage=50.6% queue=15r/0w tput_in_srv=18,976/s tput_out_srv=103/s
2026-05-30 12:43:15.559 - records_manager - INFO - [realtime 12:37 profiling] rps=0.5 (avg 0.4) tput_in=35770/s tput_out=175/s done=311 ok=311 err=0
                           ttft p50=1799ms p75=4134ms p95=13182ms p99=24630ms
                           itl  p50=43ms   p75=63ms   p95=129ms  p99=211ms
                           e2e  p50=15488ms p75=26795ms p95=92318ms p99=179803ms
                           intvty p50=23     p75=31     p95=41     p99=70 (1/tpot tok/s)
                           isl  p50=86,278    p75=114,777   p90=126,750   p99=241,427 (tokens)
                           osl  p50=190       p75=431       p90=986       p99=3,170 (tokens)
                           tot  in=27,018,575     out=132,156
                           trace theoretical_prefix_cache_hit=94.9%
                           srv  prefix_cache_hit=86.8% unique_in_srv=3,995,975 ext_cache_hit=0.0% kv_usage=40.6% queue=11r/0w tput_in_srv=19,350/s tput_out_srv=107/s
2026-05-30 12:43:46.699 - records_manager - INFO - [realtime 13:08 profiling] rps=0.4 (avg 0.4) tput_in=35585/s tput_out=173/s done=322 ok=322 err=0
                           ttft p50=1778ms p75=4101ms p95=12872ms p99=24611ms
                           itl  p50=42ms   p75=61ms   p95=128ms  p99=205ms
                           e2e  p50=15333ms p75=26167ms p95=91662ms p99=176172ms
                           intvty p50=24     p75=31     p95=41     p99=68 (1/tpot tok/s)
                           isl  p50=86,392    p75=115,702   p90=126,750   p99=241,124 (tokens)
                           osl  p50=192       p75=433       p90=980       p99=3,161 (tokens)
                           tot  in=27,990,938     out=136,413
                           trace theoretical_prefix_cache_hit=95.0%
                           srv  prefix_cache_hit=87.2% unique_in_srv=4,037,722 ext_cache_hit=0.0% kv_usage=50.2% queue=15r/0w tput_in_srv=19,725/s tput_out_srv=111/s
2026-05-30 12:44:17.928 - records_manager - INFO - [realtime 13:39 profiling] rps=0.6 (avg 0.4) tput_in=36502/s tput_out=180/s done=341 ok=341 err=0
                           ttft p50=1722ms p75=4102ms p95=12545ms p99=24577ms
                           itl  p50=42ms   p75=60ms   p95=128ms  p99=206ms
                           e2e  p50=15322ms p75=26376ms p95=93401ms p99=169901ms
                           intvty p50=24     p75=31     p95=41     p99=64 (1/tpot tok/s)
                           isl  p50=86,886    p75=116,379   p90=127,094   p99=240,602 (tokens)
                           osl  p50=192       p75=460       p90=986       p99=3,146 (tokens)
                           tot  in=29,815,567     out=146,634
                           trace theoretical_prefix_cache_hit=95.2%
                           srv  prefix_cache_hit=87.7% unique_in_srv=4,061,374 ext_cache_hit=0.0% kv_usage=40.0% queue=11r/0w tput_in_srv=20,310/s tput_out_srv=114/s
2026-05-30 12:44:49.347 - records_manager - INFO - [realtime 14:11 profiling] rps=0.6 (avg 0.4) tput_in=37697/s tput_out=194/s done=361 ok=361 err=0
                           ttft p50=1681ms p75=3903ms p95=12438ms p99=24541ms
                           itl  p50=42ms   p75=59ms   p95=126ms  p99=202ms
                           e2e  p50=15296ms p75=25802ms p95=96647ms p99=220363ms
                           intvty p50=24     p75=31     p95=41     p99=60 (1/tpot tok/s)
                           isl  p50=87,235    p75=117,307   p90=128,381   p99=240,963 (tokens)
                           osl  p50=192       p75=460       p90=1,067     p99=3,980 (tokens)
                           tot  in=31,971,834     out=164,217
                           trace theoretical_prefix_cache_hit=95.5%
                           srv  prefix_cache_hit=88.2% unique_in_srv=4,074,216 ext_cache_hit=0.0% kv_usage=19.4% queue=7r/0w tput_in_srv=20,782/s tput_out_srv=117/s
2026-05-30 12:45:20.867 - records_manager - INFO - [realtime 14:42 profiling] rps=0.4 (avg 0.4) tput_in=37992/s tput_out=190/s done=375 ok=375 err=0
                           ttft p50=1664ms p75=3820ms p95=12306ms p99=24515ms
                           itl  p50=42ms   p75=60ms   p95=121ms  p99=199ms
                           e2e  p50=14429ms p75=25260ms p95=95890ms p99=208258ms
                           intvty p50=24     p75=32     p95=41     p99=60 (1/tpot tok/s)
                           isl  p50=87,920    p75=118,128   p90=128,142   p99=240,811 (tokens)
                           osl  p50=188       p75=452       p90=1,019     p99=3,730 (tokens)
                           tot  in=33,345,127     out=166,793
                           trace theoretical_prefix_cache_hit=95.6%
                           srv  prefix_cache_hit=88.7% unique_in_srv=4,151,694 ext_cache_hit=0.0% kv_usage=40.5% queue=13r/1w tput_in_srv=21,648/s tput_out_srv=118/s
2026-05-30 12:45:52.523 - records_manager - INFO - [realtime 15:14 profiling] rps=0.6 (avg 0.4) tput_in=38709/s tput_out=191/s done=394 ok=394 err=0
                           ttft p50=1671ms p75=3805ms p95=12134ms p99=24481ms
                           itl  p50=42ms   p75=62ms   p95=127ms  p99=283ms
                           e2e  p50=14910ms p75=25579ms p95=94498ms p99=191829ms
                           intvty p50=24     p75=31     p95=41     p99=57 (1/tpot tok/s)
                           isl  p50=90,238    p75=118,959   p90=128,202   p99=240,603 (tokens)
                           osl  p50=189       p75=454       p90=1,019     p99=3,389 (tokens)
                           tot  in=35,278,584     out=173,965
                           trace theoretical_prefix_cache_hit=95.6%
                           srv  prefix_cache_hit=89.0% unique_in_srv=4,209,895 ext_cache_hit=0.0% kv_usage=35.7% queue=9r/0w tput_in_srv=22,285/s tput_out_srv=119/s
2026-05-30 12:46:24.261 - records_manager - INFO - [realtime 15:46 profiling] rps=0.5 (avg 0.4) tput_in=39307/s tput_out=190/s done=409 ok=409 err=0
                           ttft p50=1678ms p75=3712ms p95=12025ms p99=24449ms
                           itl  p50=42ms   p75=60ms   p95=125ms  p99=274ms
                           e2e  p50=15296ms p75=25457ms p95=92437ms p99=180463ms
                           intvty p50=24     p75=31     p95=41     p99=55 (1/tpot tok/s)
                           isl  p50=91,590    p75=119,374   p90=129,063   p99=241,531 (tokens)
                           osl  p50=192       p75=448       p90=1,002     p99=3,173 (tokens)
                           tot  in=37,067,542     out=178,930
                           trace theoretical_prefix_cache_hit=95.8%
                           srv  prefix_cache_hit=89.5% unique_in_srv=4,238,644 ext_cache_hit=0.0% kv_usage=40.1% queue=12r/0w tput_in_srv=22,992/s tput_out_srv=121/s
2026-05-30 12:46:56.098 - records_manager - INFO - [realtime 16:17 profiling] rps=0.5 (avg 0.4) tput_in=39789/s tput_out=198/s done=425 ok=425 err=0
                           ttft p50=1672ms p75=3655ms p95=12101ms p99=24393ms
                           itl  p50=42ms   p75=60ms   p95=116ms  p99=264ms
                           e2e  p50=15356ms p75=25578ms p95=92773ms p99=251490ms
                           intvty p50=24     p75=31     p95=41     p99=54 (1/tpot tok/s)
                           isl  p50=91,911    p75=119,500   p90=130,267   p99=241,357 (tokens)
                           osl  p50=194       p75=480       p90=1,024     p99=4,626 (tokens)
                           tot  in=38,640,607     out=192,123
                           trace theoretical_prefix_cache_hit=95.8%
                           srv  prefix_cache_hit=89.8% unique_in_srv=4,253,831 ext_cache_hit=0.0% kv_usage=29.5% queue=9r/0w tput_in_srv=23,251/s tput_out_srv=124/s
2026-05-30 12:47:28.075 - records_manager - INFO - [realtime 16:49 profiling] rps=0.4 (avg 0.4) tput_in=40196/s tput_out=198/s done=439 ok=439 err=0
                           ttft p50=1674ms p75=3578ms p95=11783ms p99=24344ms
                           itl  p50=42ms   p75=59ms   p95=114ms  p99=255ms
                           e2e  p50=15356ms p75=25655ms p95=91841ms p99=239385ms
                           intvty p50=24     p75=31     p95=41     p99=53 (1/tpot tok/s)
                           isl  p50=93,044    p75=120,235   p90=131,537   p99=241,882 (tokens)
                           osl  p50=194       p75=486       p90=1,028     p99=4,375 (tokens)
                           tot  in=40,447,480     out=199,179
                           trace theoretical_prefix_cache_hit=95.9%
                           srv  prefix_cache_hit=90.2% unique_in_srv=4,284,226 ext_cache_hit=0.0% kv_usage=38.0% queue=10r/0w tput_in_srv=23,931/s tput_out_srv=126/s
2026-05-30 12:48:00.164 - records_manager - INFO - [realtime 17:21 profiling] rps=0.4 (avg 0.4) tput_in=40650/s tput_out=197/s done=452 ok=452 err=0
                           ttft p50=1711ms p75=3516ms p95=11566ms p99=24298ms
                           itl  p50=42ms   p75=57ms   p95=113ms  p99=247ms
                           e2e  p50=15380ms p75=26297ms p95=90231ms p99=228144ms
                           intvty p50=24     p75=31     p95=41     p99=53 (1/tpot tok/s)
                           isl  p50=93,990    p75=120,825   p90=133,831   p99=242,914 (tokens)
                           osl  p50=197       p75=495       p90=1,026     p99=4,142 (tokens)
                           tot  in=42,212,010     out=204,177
                           trace theoretical_prefix_cache_hit=96.0%
                           srv  prefix_cache_hit=90.5% unique_in_srv=4,318,467 ext_cache_hit=0.0% kv_usage=33.3% queue=12r/0w tput_in_srv=24,450/s tput_out_srv=128/s
2026-05-30 12:48:32.311 - records_manager - INFO - [realtime 17:54 profiling] rps=0.2 (avg 0.4) tput_in=40154/s tput_out=194/s done=459 ok=459 err=0
                           ttft p50=1714ms p75=3505ms p95=11511ms p99=24273ms
                           itl  p50=42ms   p75=56ms   p95=113ms  p99=243ms
                           e2e  p50=15441ms p75=26635ms p95=88841ms p99=222092ms
                           intvty p50=24     p75=31     p95=41     p99=53 (1/tpot tok/s)
                           isl  p50=93,400    p75=120,825   p90=134,031   p99=242,800 (tokens)
                           osl  p50=198       p75=496       p90=1,022     p99=4,016 (tokens)
                           tot  in=42,741,259     out=206,731
                           trace theoretical_prefix_cache_hit=95.8%
                           srv  prefix_cache_hit=90.2% unique_in_srv=4,494,428 ext_cache_hit=0.0% kv_usage=37.7% queue=12r/0w tput_in_srv=24,363/s tput_out_srv=129/s
2026-05-30 12:49:04.497 - records_manager - INFO - [realtime 18:26 profiling] rps=0.2 (avg 0.4) tput_in=39362/s tput_out=189/s done=465 ok=465 err=0
                           ttft p50=1719ms p75=3527ms p95=11637ms p99=24252ms
                           itl  p50=42ms   p75=58ms   p95=113ms  p99=239ms
                           e2e  p50=15441ms p75=26232ms p95=87648ms p99=216904ms
                           intvty p50=24     p75=31     p95=41     p99=52 (1/tpot tok/s)
                           isl  p50=93,754    p75=121,426   p90=134,262   p99=242,703 (tokens)
                           osl  p50=198       p75=488       p90=1,019     p99=3,909 (tokens)
                           tot  in=43,399,624     out=208,129
                           trace theoretical_prefix_cache_hit=95.8%
                           srv  prefix_cache_hit=90.3% unique_in_srv=4,523,090 ext_cache_hit=0.0% kv_usage=44.0% queue=13r/0w tput_in_srv=24,451/s tput_out_srv=131/s
2026-05-30 12:49:36.746 - records_manager - INFO - [realtime 18:58 profiling] rps=0.2 (avg 0.4) tput_in=39314/s tput_out=189/s done=471 ok=471 err=0
                           ttft p50=1719ms p75=3538ms p95=11574ms p99=24231ms
                           itl  p50=42ms   p75=58ms   p95=112ms  p99=235ms
                           e2e  p50=15532ms p75=26635ms p95=90430ms p99=211716ms
                           intvty p50=24     p75=31     p95=41     p99=52 (1/tpot tok/s)
                           isl  p50=94,080    p75=121,563   p90=134,506   p99=242,606 (tokens)
                           osl  p50=198       p75=496       p90=1,020     p99=3,801 (tokens)
                           tot  in=43,989,858     out=211,884
                           trace theoretical_prefix_cache_hit=95.8%
                           srv  prefix_cache_hit=90.2% unique_in_srv=4,667,629 ext_cache_hit=0.0% kv_usage=50.1% queue=14r/2w tput_in_srv=24,409/s tput_out_srv=131/s
2026-05-30 12:50:09.005 - records_manager - INFO - [realtime 19:30 profiling] rps=0.1 (avg 0.4) tput_in=37913/s tput_out=182/s done=473 ok=473 err=0
                           ttft p50=1719ms p75=3555ms p95=11558ms p99=24224ms
                           itl  p50=42ms   p75=58ms   p95=114ms  p99=234ms
                           e2e  p50=15609ms p75=26808ms p95=90033ms p99=209987ms
                           intvty p50=24     p75=31     p95=41     p99=52 (1/tpot tok/s)
                           isl  p50=94,311    p75=121,884   p90=134,724   p99=242,574 (tokens)
                           osl  p50=200       p75=494       p90=1,020     p99=3,765 (tokens)
                           tot  in=44,259,317     out=212,461
                           trace theoretical_prefix_cache_hit=95.8%
                           srv  prefix_cache_hit=90.1% unique_in_srv=4,740,321 ext_cache_hit=0.0% kv_usage=53.2% queue=15r/0w tput_in_srv=24,253/s tput_out_srv=130/s
2026-05-30 12:50:31.593 - EventLoopMonitor - WARNING - Event loop for worker_4940c767 is taking too long to run. Overhead: 464.06ms
2026-05-30 12:50:33.638 - AgenticReplayTiming - INFO - Terminating trajectory 0e42cb4b5137151929d8e4ab11f374f4a4eb early at turn 0/246: context-overflow error from server
2026-05-30 12:50:41.428 - records_manager - INFO - [realtime 20:03 profiling] rps=0.5 (avg 0.4) tput_in=38506/s tput_out=184/s done=489 ok=489 err=0
                           ttft p50=1719ms p75=3619ms p95=12152ms p99=25106ms
                           itl  p50=42ms   p75=60ms   p95=115ms  p99=225ms
                           e2e  p50=15657ms p75=27957ms p95=91482ms p99=206959ms
                           intvty p50=24     p75=31     p95=41     p99=51 (1/tpot tok/s)
                           isl  p50=94,556    p75=122,644   p90=136,048   p99=243,811 (tokens)
                           osl  p50=200       p75=495       p90=1,022     p99=3,497 (tokens)
                           tot  in=46,154,678     out=220,646
                           trace theoretical_prefix_cache_hit=95.6%
                           srv  prefix_cache_hit=90.3% unique_in_srv=4,807,145 ext_cache_hit=0.0% kv_usage=43.2% queue=13r/0w tput_in_srv=24,618/s tput_out_srv=132/s
2026-05-30 12:51:13.902 - records_manager - INFO - [realtime 20:35 profiling] rps=0.2 (avg 0.4) tput_in=38736/s tput_out=186/s done=494 ok=494 err=0
                           ttft p50=1722ms p75=3604ms p95=12137ms p99=25100ms
                           itl  p50=42ms   p75=60ms   p95=114ms  p99=222ms
                           e2e  p50=15650ms p75=28083ms p95=92222ms p99=203242ms
                           intvty p50=24     p75=31     p95=41     p99=51 (1/tpot tok/s)
                           isl  p50=94,752    p75=122,762   p90=136,548   p99=244,528 (tokens)
                           osl  p50=200       p75=498       p90=1,025     p99=3,407 (tokens)
                           tot  in=46,842,005     out=224,570
                           trace theoretical_prefix_cache_hit=95.6%
                           srv  prefix_cache_hit=90.2% unique_in_srv=4,898,991 ext_cache_hit=0.0% kv_usage=36.2% queue=11r/2w tput_in_srv=24,332/s tput_out_srv=132/s
2026-05-30 12:51:46.516 - records_manager - INFO - [realtime 21:08 profiling] rps=0.4 (avg 0.4) tput_in=38146/s tput_out=182/s done=506 ok=506 err=0
                           ttft p50=1720ms p75=3604ms p95=12172ms p99=25085ms
                           itl  p50=43ms   p75=60ms   p95=127ms  p99=340ms
                           e2e  p50=15691ms p75=28320ms p95=92773ms p99=228543ms
                           intvty p50=23     p75=31     p95=41     p99=51 (1/tpot tok/s)
                           isl  p50=95,140    p75=123,006   p90=136,821   p99=244,505 (tokens)
                           osl  p50=200       p75=494       p90=1,024     p99=3,481 (tokens)
                           tot  in=48,231,454     out=230,194
                           trace theoretical_prefix_cache_hit=95.7%
                           srv  prefix_cache_hit=90.5% unique_in_srv=4,908,520 ext_cache_hit=0.0% kv_usage=40.1% queue=11r/0w tput_in_srv=24,801/s tput_out_srv=134/s
2026-05-30 12:52:19.265 - records_manager - INFO - [realtime 21:41 profiling] rps=0.4 (avg 0.4) tput_in=38272/s tput_out=186/s done=518 ok=518 err=0
                           ttft p50=1718ms p75=3527ms p95=12279ms p99=25193ms
                           itl  p50=42ms   p75=60ms   p95=127ms  p99=332ms
                           e2e  p50=15660ms p75=28887ms p95=94028ms p99=263543ms
                           intvty p50=24     p75=31     p95=41     p99=51 (1/tpot tok/s)
                           isl  p50=95,394    p75=123,102   p90=138,333   p99=244,410 (tokens)
                           osl  p50=200       p75=499       p90=1,039     p99=4,801 (tokens)
                           tot  in=49,572,637     out=240,886
                           trace theoretical_prefix_cache_hit=95.8%
                           srv  prefix_cache_hit=90.7% unique_in_srv=4,922,344 ext_cache_hit=0.0% kv_usage=35.6% queue=9r/0w tput_in_srv=24,976/s tput_out_srv=136/s
2026-05-30 12:52:29.145 - EventLoopMonitor - WARNING - Event loop for worker_d053ba2f is taking too long to run. Overhead: 46.42ms
2026-05-30 12:52:52.287 - records_manager - INFO - [realtime 22:14 profiling] rps=0.3 (avg 0.4) tput_in=38256/s tput_out=189/s done=529 ok=529 err=0
                           ttft p50=1719ms p75=3533ms p95=12400ms p99=25179ms
                           itl  p50=42ms   p75=60ms   p95=125ms  p99=325ms
                           e2e  p50=15664ms p75=28898ms p95=95439ms p99=270823ms
                           intvty p50=24     p75=32     p95=41     p99=51 (1/tpot tok/s)
                           isl  p50=95,615    p75=123,260   p90=139,949   p99=244,656 (tokens)
                           osl  p50=201       p75=506       p90=1,084     p99=4,995 (tokens)
                           tot  in=50,810,744     out=250,419
                           trace theoretical_prefix_cache_hit=95.8%
                           srv  prefix_cache_hit=90.7% unique_in_srv=5,009,483 ext_cache_hit=0.0% kv_usage=36.0% queue=10r/0w tput_in_srv=25,182/s tput_out_srv=137/s
2026-05-30 12:53:25.404 - records_manager - INFO - [realtime 22:47 profiling] rps=0.2 (avg 0.4) tput_in=38056/s tput_out=188/s done=537 ok=537 err=0
                           ttft p50=1719ms p75=3533ms p95=12292ms p99=25169ms
                           itl  p50=42ms   p75=59ms   p95=121ms  p99=320ms
                           e2e  p50=15664ms p75=28939ms p95=94185ms p99=270525ms
                           intvty p50=24     p75=32     p95=41     p99=51 (1/tpot tok/s)
                           isl  p50=95,615    p75=123,374   p90=138,433   p99=244,640 (tokens)
                           osl  p50=201       p75=509       p90=1,095     p99=4,992 (tokens)
                           tot  in=51,562,627     out=254,378
                           trace theoretical_prefix_cache_hit=95.8%
                           srv  prefix_cache_hit=90.8% unique_in_srv=5,086,397 ext_cache_hit=0.0% kv_usage=46.4% queue=13r/0w tput_in_srv=25,172/s tput_out_srv=139/s
2026-05-30 12:53:58.675 - records_manager - INFO - [realtime 23:20 profiling] rps=0.4 (avg 0.4) tput_in=38084/s tput_out=190/s done=550 ok=550 err=0
                           ttft p50=1720ms p75=3513ms p95=12149ms p99=25154ms
                           itl  p50=42ms   p75=59ms   p95=116ms  p99=312ms
                           e2e  p50=15691ms p75=28930ms p95=95282ms p99=275927ms
                           intvty p50=24     p75=32     p95=41     p99=51 (1/tpot tok/s)
                           isl  p50=95,821    p75=123,777   p90=140,132   p99=246,509 (tokens)
                           osl  p50=202       p75=510       p90=1,078     p99=5,058 (tokens)
                           tot  in=53,066,050     out=264,647
                           trace theoretical_prefix_cache_hit=95.8%
                           srv  prefix_cache_hit=90.9% unique_in_srv=5,103,091 ext_cache_hit=0.0% kv_usage=33.3% queue=10r/0w tput_in_srv=25,341/s tput_out_srv=142/s
2026-05-30 12:54:31.988 - records_manager - INFO - [realtime 23:53 profiling] rps=0.2 (avg 0.4) tput_in=37777/s tput_out=187/s done=557 ok=557 err=0
                           ttft p50=1719ms p75=3485ms p95=12128ms p99=25145ms
                           itl  p50=42ms   p75=58ms   p95=116ms  p99=307ms
                           e2e  p50=15657ms p75=28898ms p95=94185ms p99=275400ms
                           intvty p50=24     p75=32     p95=41     p99=51 (1/tpot tok/s)
                           isl  p50=96,037    p75=123,932   p90=140,293   p99=246,287 (tokens)
                           osl  p50=202       p75=510       p90=1,040     p99=5,052 (tokens)
                           tot  in=53,879,605     out=267,296
                           trace theoretical_prefix_cache_hit=95.9%
                           srv  prefix_cache_hit=91.1% unique_in_srv=5,118,922 ext_cache_hit=0.0% kv_usage=46.5% queue=13r/0w tput_in_srv=25,426/s tput_out_srv=144/s
2026-05-30 12:55:05.566 - records_manager - INFO - [realtime 24:27 profiling] rps=0.3 (avg 0.4) tput_in=37719/s tput_out=193/s done=568 ok=568 err=0
                           ttft p50=1709ms p75=3459ms p95=12073ms p99=25132ms
                           itl  p50=41ms   p75=58ms   p95=115ms  p99=300ms
                           e2e  p50=15691ms p75=28993ms p95=96591ms p99=274574ms
                           intvty p50=24     p75=32     p95=41     p99=51 (1/tpot tok/s)
                           isl  p50=96,228    p75=124,138   p90=140,324   p99=248,453 (tokens)
                           osl  p50=208       p75=520       p90=1,111     p99=5,041 (tokens)
                           tot  in=55,114,584     out=282,723
                           trace theoretical_prefix_cache_hit=96.0%
                           srv  prefix_cache_hit=91.2% unique_in_srv=5,131,108 ext_cache_hit=0.0% kv_usage=42.7% queue=11r/0w tput_in_srv=25,709/s tput_out_srv=146/s
2026-05-30 12:55:39.127 - records_manager - INFO - [realtime 25:00 profiling] rps=0.4 (avg 0.4) tput_in=37662/s tput_out=193/s done=580 ok=580 err=0
                           ttft p50=1689ms p75=3377ms p95=11783ms p99=25117ms
                           itl  p50=41ms   p75=57ms   p95=116ms  p99=293ms
                           e2e  p50=15650ms p75=28948ms p95=96220ms p99=273672ms
                           intvty p50=24     p75=32     p95=40     p99=51 (1/tpot tok/s)
                           isl  p50=95,530    p75=124,138   p90=140,324   p99=249,612 (tokens)
                           osl  p50=208       p75=522       p90=1,114     p99=5,029 (tokens)
                           tot  in=56,268,970     out=287,696
                           trace theoretical_prefix_cache_hit=96.0%
                           srv  prefix_cache_hit=91.3% unique_in_srv=5,145,472 ext_cache_hit=0.0% kv_usage=33.8% queue=10r/0w tput_in_srv=25,691/s tput_out_srv=149/s
2026-05-30 12:56:12.873 - records_manager - INFO - [realtime 25:34 profiling] rps=0.4 (avg 0.4) tput_in=37614/s tput_out=194/s done=592 ok=592 err=0
                           ttft p50=1687ms p75=3315ms p95=11574ms p99=25102ms
                           itl  p50=40ms   p75=56ms   p95=115ms  p99=285ms
                           e2e  p50=15387ms p75=28783ms p95=96467ms p99=272770ms
                           intvty p50=25     p75=33     p95=41     p99=51 (1/tpot tok/s)
                           isl  p50=94,898    p75=124,020   p90=140,320   p99=249,499 (tokens)
                           osl  p50=204       p75=519       p90=1,113     p99=5,194 (tokens)
                           tot  in=57,372,772     out=295,671
                           trace theoretical_prefix_cache_hit=96.1%
                           srv  prefix_cache_hit=91.5% unique_in_srv=5,158,315 ext_cache_hit=0.0% kv_usage=37.6% queue=11r/0w tput_in_srv=25,855/s tput_out_srv=151/s
2026-05-30 12:56:42.853 - AgenticReplayTiming - INFO - Terminating trajectory 05e848a02096a5905710829e272ac4d5e82c early at turn 11/24: context-overflow error from server
2026-05-30 12:56:43.027 - EventLoopMonitor - WARNING - Event loop for worker_675425ce is taking too long to run. Overhead: 107.05ms
2026-05-30 12:56:46.837 - records_manager - INFO - [realtime 26:08 profiling] rps=0.4 (avg 0.4) tput_in=37649/s tput_out=198/s done=606 ok=606 err=0
                           ttft p50=1675ms p75=3281ms p95=11471ms p99=25086ms
                           itl  p50=40ms   p75=56ms   p95=113ms  p99=277ms
                           e2e  p50=15353ms p75=28690ms p95=96818ms p99=279328ms
                           intvty p50=25     p75=32     p95=41     p99=51 (1/tpot tok/s)
                           isl  p50=95,342    p75=124,238   p90=140,474   p99=249,377 (tokens)
                           osl  p50=205       p75=518       p90=1,115     p99=5,729 (tokens)
                           tot  in=58,817,997     out=309,734
                           trace theoretical_prefix_cache_hit=96.1%
                           srv  prefix_cache_hit=91.5% unique_in_srv=5,245,291 ext_cache_hit=0.0% kv_usage=33.2% queue=10r/0w tput_in_srv=26,004/s tput_out_srv=152/s
2026-05-30 12:57:07.648 - AgenticReplayTiming - INFO - Terminating trajectory 00f4cc77fc2de6713521dad5f0066c6a051a early at turn 51/89: context-overflow error from server
2026-05-30 12:57:20.965 - records_manager - INFO - [realtime 26:42 profiling] rps=0.3 (avg 0.4) tput_in=37477/s tput_out=197/s done=616 ok=616 err=0
                           ttft p50=1678ms p75=3249ms p95=11431ms p99=25053ms
                           itl  p50=40ms   p75=56ms   p95=113ms  p99=274ms
                           e2e  p50=15367ms p75=28597ms p95=96405ms p99=278633ms
                           intvty p50=25     p75=32     p95=41     p99=50 (1/tpot tok/s)
                           isl  p50=94,854    p75=124,206   p90=140,503   p99=250,231 (tokens)
                           osl  p50=208       p75=520       p90=1,115     p99=5,685 (tokens)
                           tot  in=59,619,438     out=313,956
                           trace theoretical_prefix_cache_hit=96.1%
                           srv  prefix_cache_hit=91.4% unique_in_srv=5,373,947 ext_cache_hit=0.0% kv_usage=35.5% queue=12r/0w tput_in_srv=26,027/s tput_out_srv=153/s
2026-05-30 12:57:55.247 - records_manager - INFO - [realtime 27:17 profiling] rps=0.3 (avg 0.4) tput_in=37318/s tput_out=195/s done=627 ok=627 err=0
                           ttft p50=1680ms p75=3281ms p95=11393ms p99=25004ms
                           itl  p50=40ms   p75=56ms   p95=113ms  p99=272ms
                           e2e  p50=15353ms p75=28142ms p95=96065ms p99=277806ms
                           intvty p50=25     p75=32     p95=41     p99=50 (1/tpot tok/s)
                           isl  p50=94,858    p75=124,536   p90=140,588   p99=250,128 (tokens)
                           osl  p50=209       p75=516       p90=1,112     p99=5,616 (tokens)
                           tot  in=60,756,172     out=316,965
                           trace theoretical_prefix_cache_hit=96.0%
                           srv  prefix_cache_hit=91.5% unique_in_srv=5,453,643 ext_cache_hit=0.0% kv_usage=43.0% queue=15r/0w tput_in_srv=26,210/s tput_out_srv=155/s
2026-05-30 12:58:29.729 - records_manager - INFO - [realtime 27:51 profiling] rps=0.5 (avg 0.4) tput_in=37234/s tput_out=194/s done=645 ok=645 err=0
                           ttft p50=1671ms p75=3204ms p95=11277ms p99=24924ms
                           itl  p50=41ms   p75=56ms   p95=113ms  p99=269ms
                           e2e  p50=15281ms p75=28021ms p95=95803ms p99=276453ms
                           intvty p50=25     p75=32     p95=41     p99=50 (1/tpot tok/s)
                           isl  p50=94,190    p75=124,033   p90=140,474   p99=249,959 (tokens)
                           osl  p50=205       p75=515       p90=1,113     p99=5,503 (tokens)
                           tot  in=62,030,299     out=324,019
                           trace theoretical_prefix_cache_hit=95.9%
                           srv  prefix_cache_hit=91.5% unique_in_srv=5,562,487 ext_cache_hit=0.0% kv_usage=41.4% queue=15r/0w tput_in_srv=26,364/s tput_out_srv=157/s
2026-05-30 12:58:53.874 - EventLoopMonitor - WARNING - Event loop for worker_0547d98b is taking too long to run. Overhead: 25.75ms
2026-05-30 12:59:04.387 - records_manager - INFO - [realtime 28:26 profiling] rps=0.4 (avg 0.4) tput_in=37307/s tput_out=196/s done=660 ok=660 err=0
                           ttft p50=1672ms p75=3214ms p95=11088ms p99=24857ms
                           itl  p50=40ms   p75=56ms   p95=112ms  p99=266ms
                           e2e  p50=14818ms p75=27632ms p95=95865ms p99=275325ms
                           intvty p50=25     p75=32     p95=41     p99=50 (1/tpot tok/s)
                           isl  p50=94,080    p75=123,992   p90=140,474   p99=249,818 (tokens)
                           osl  p50=211       p75=513       p90=1,115     p99=5,408 (tokens)
                           tot  in=63,230,174     out=331,438
                           trace theoretical_prefix_cache_hit=95.8%
                           srv  prefix_cache_hit=91.2% unique_in_srv=5,865,464 ext_cache_hit=0.0% kv_usage=32.2% queue=13r/3w tput_in_srv=26,321/s tput_out_srv=158/s
2026-05-30 12:59:39.012 - records_manager - INFO - [realtime 29:00 profiling] rps=0.1 (avg 0.4) tput_in=36657/s tput_out=192/s done=664 ok=664 err=0
                           ttft p50=1678ms p75=3272ms p95=11495ms p99=26223ms
                           itl  p50=40ms   p75=56ms   p95=112ms  p99=265ms
                           e2e  p50=14967ms p75=28083ms p95=95815ms p99=275025ms
                           intvty p50=25     p75=33     p95=41     p99=50 (1/tpot tok/s)
                           isl  p50=94,080    p75=123,992   p90=140,474   p99=249,781 (tokens)
                           osl  p50=210       p75=510       p90=1,113     p99=5,383 (tokens)
                           tot  in=63,604,214     out=332,436
                           trace theoretical_prefix_cache_hit=95.8%
                           srv  prefix_cache_hit=91.2% unique_in_srv=5,879,354 ext_cache_hit=0.0% kv_usage=36.3% queue=14r/0w tput_in_srv=26,194/s tput_out_srv=157/s
2026-05-30 13:00:13.689 - records_manager - INFO - [realtime 29:35 profiling] rps=0.2 (avg 0.4) tput_in=36693/s tput_out=191/s done=671 ok=671 err=0
                           ttft p50=1675ms p75=3310ms p95=11597ms p99=27413ms
                           itl  p50=40ms   p75=56ms   p95=113ms  p99=264ms
                           e2e  p50=14910ms p75=28381ms p95=95439ms p99=274498ms
                           intvty p50=25     p75=33     p95=41     p99=50 (1/tpot tok/s)
                           isl  p50=93,517    p75=123,932   p90=140,474   p99=249,715 (tokens)
                           osl  p50=209       p75=506       p90=1,110     p99=5,339 (tokens)
                           tot  in=64,028,594     out=333,870
                           trace theoretical_prefix_cache_hit=95.7%
                           srv  prefix_cache_hit=91.0% unique_in_srv=6,085,459 ext_cache_hit=0.0% kv_usage=42.2% queue=15r/2w tput_in_srv=26,047/s tput_out_srv=157/s
2026-05-30 13:00:38.215 - PhaseRunner - INFO - Timeout of 1799.998757543s elapsed for event 'profiling phase sending'
2026-05-30 13:00:38.216 - PhaseRunner - NOTICE - Phase profiling sending complete | sent=693, completed=678, in_flight=15 | sessions: sent=16, completed=8 | timeout_triggered=True
2026-05-30 13:00:38.216 - PhaseRunner - INFO - Waiting for event 'profiling phase credits returned' with timeout of 29.99841815500008s
2026-05-30 13:00:38.216 - records_manager - INFO - Sent 693 requests. Waiting for all to complete...
2026-05-30 13:00:48.495 - records_manager - INFO - [realtime 30:10 profiling] rps=0.2 (avg 0.4) tput_in=36153/s tput_out=189/s done=678 ok=678 err=0
                           ttft p50=1687ms p75=3410ms p95=12306ms p99=30616ms
                           itl  p50=40ms   p75=56ms   p95=116ms  p99=263ms
                           e2e  p50=15311ms p75=29027ms p95=95890ms p99=273972ms
                           intvty p50=25     p75=33     p95=40     p99=50 (1/tpot tok/s)
                           isl  p50=93,400    p75=123,956   p90=140,474   p99=249,649 (tokens)
                           osl  p50=209       p75=507       p90=1,111     p99=5,295 (tokens)
                           tot  in=64,637,525     out=337,086
                           trace theoretical_prefix_cache_hit=95.5%
                           srv  prefix_cache_hit=90.8% unique_in_srv=6,209,399 ext_cache_hit=0.0% kv_usage=37.6% queue=14r/1w tput_in_srv=25,867/s tput_out_srv=156/s
2026-05-30 13:01:08.214 - PhaseRunner - INFO - Timeout of 29.99841815500008s elapsed for event 'profiling phase credits returned'
2026-05-30 13:01:08.215 - PhaseRunner - WARNING - Phase profiling timed out, cancelling all credits. Stats: sent=693, completed=689, cancelled=0, in_flight=4
2026-05-30 13:01:08.215 - StickyCreditRouter_2740bd42 - INFO - Sent cancellation requests for 4 in-flight credits across 4 workers
2026-05-30 13:01:08.215 - PhaseRunner - INFO - Waiting for all cancelled credits to be returned for phase profiling. Need 4 more credits.
2026-05-30 13:01:08.216 - PhaseRunner - INFO - All cancelled credits returned for phase profiling
2026-05-30 13:01:08.217 - PhaseRunner - NOTICE - Phase profiling complete | completed=689, cancelled=4, errors=0 | sessions: completed=8, cancelled=0 | elapsed=1830.00s | grace_period_timeout=True
2026-05-30 13:01:08.217 - aiperf.timing.branch_orchestrator - INFO - BranchOrchestrator stats: spawned=7 completed=4 errored=0 suspended=4 resumed=2 parents_failed_due_to_child_error=0 joins_suppressed=3
2026-05-30 13:01:08.217 - PhaseOrchestrator_46973236 - NOTICE - All credits completed
2026-05-30 13:01:08.217 - records_manager - INFO - Received CREDIT_PHASE_COMPLETE message, Phase complete: PhaseRecordsStats(phase=CreditPhase.PROFILING, start_ns=1780144238214751144, sent_end_ns=1780146038215868987, requests_end_ns=1780146068216961544, total_expected_requests=None, expected_duration_sec=None, expected_num_sessions=None, expected_grace_period_sec=None, final_requests_sent=None, final_requests_completed=689, final_requests_cancelled=4, final_request_errors=0, final_sent_sessions=None, final_completed_sessions=None, final_cancelled_sessions=None, timeout_triggered=True, grace_period_timeout_triggered=True, was_cancelled=False, records_end_ns=None, success_records=689, error_records=0)
2026-05-30 13:01:08.218 - system_controller - INFO - Received credits complete from 'timing_manager'
2026-05-30 13:01:08.218 - records_manager - NOTICE - All requests have completed, please wait for the results to be processed (currently 689 of 689 records processed)...
2026-05-30 13:01:08.218 - records_manager - INFO - Processed 689 valid requests and 0 errors (689 total).
2026-05-30 13:01:08.218 - records_manager - INFO - Received all records, processing now...
2026-05-30 13:01:08.218 - records_manager - INFO - All credits complete, please wait for the results to be processed...
2026-05-30 13:01:08.219 - server_metrics_manager - INFO - Server Metrics: Profiling complete, capturing final metrics...
2026-05-30 13:01:08.220 - records_manager - INFO - Waiting 2.0s for server metrics flush period...
2026-05-30 13:01:10.218 - records_manager - INFO - Processing records results...
2026-05-30 13:01:17.640 - RecordExportJSONLWriter_73ecd552 - WARNING - Timeout waiting for 0 pending flush tasks during shutdown. Cancelling tasks and proceeding with cleanup.
2026-05-30 13:01:18.048 - system_controller - INFO - Waiting for server metrics results...
2026-05-30 13:01:18.048 - system_controller - INFO - Waiting for server metrics results...
2026-05-30 13:01:18.964 - records_manager - INFO - _finalize_and_process_results completed
2026-05-30 13:01:19.237 - system_controller - INFO - All results received, initiating shutdown
2026-05-30 13:01:21.749 - MultiProcessServiceManager_5bfe6a6c - WARNING - Service records_manager process (pid: 8001) did not terminate gracefully, killing
2026-05-30 13:01:21.850 - ExporterManager - INFO - Exporting all records
2026-05-30 13:01:21.964 - aiperf.common.scenario.validator - INFO - Scenario 'inferencex-agentx-mvp': setting timing_mode=agentic_replay (was at default request_rate).
2026-05-30 13:01:23.245 - aiperf.common.scenario.validator - INFO - Scenario 'inferencex-agentx-mvp': setting timing_mode=agentic_replay (was at default request_rate).
2026-05-30 13:01:23.361 - ExporterManager - INFO - Exporting console data
