2026-06-04 06:40:54.897 - aiperf.cli_runner - INFO - Starting AIPerf System
2026-06-04 06:40:55.088 - server_metrics_manager - INFO - Server Metrics: Discovered 1 endpoints: ['http://localhost:8890/metrics']
2026-06-04 06:40:55.110 - system_controller - INFO - Registered Server Metrics Manager (id: 'server_metrics_manager')
2026-06-04 06:40:55.164 - system_controller - INFO - Registered Worker Manager (id: 'worker_manager')
2026-06-04 06:40:55.202 - system_controller - INFO - Registered Gpu Telemetry Manager (id: 'gpu_telemetry_manager')
2026-06-04 06:40:55.391 - system_controller - INFO - Registered Dataset Manager (id: 'dataset_manager')
2026-06-04 06:40:55.495 - system_controller - INFO - Registered Worker (id: 'worker_b38f1127')
2026-06-04 06:40:55.531 - system_controller - INFO - Registered Record Processor (id: 'record_processor_0a9123ec')
2026-06-04 06:40:55.531 - system_controller - INFO - Registered Record Processor (id: 'record_processor_99e119b3')
2026-06-04 06:40:55.560 - GPUTelemetryJSONLWriter_965d37d3 - INFO - GPU telemetry export enabled: /workspace/results/aiperf_artifacts/gpu_telemetry_export.jsonl
2026-06-04 06:40:55.561 - RecordExportJSONLWriter_06d4aac7 - INFO - Record metrics export enabled: /workspace/results/aiperf_artifacts/profile_export.jsonl
2026-06-04 06:40:55.593 - system_controller - INFO - Registered Worker (id: 'worker_3f7c91a7')
2026-06-04 06:40:55.594 - system_controller - INFO - Registered Worker (id: 'worker_4e6f31f0')
2026-06-04 06:40:55.594 - system_controller - INFO - Registered Timing Manager (id: 'timing_manager')
2026-06-04 06:40:55.629 - system_controller - INFO - Registered Worker (id: 'worker_2e1ed4fc')
2026-06-04 06:40:55.633 - system_controller - INFO - Registered Records Manager (id: 'records_manager')
2026-06-04 06:40:55.643 - system_controller - INFO - Registered Worker (id: 'worker_2b347b36')
2026-06-04 06:40:55.644 - system_controller - INFO - Registered Worker (id: 'worker_306549df')
2026-06-04 06:40:55.653 - system_controller - INFO - Registered Worker (id: 'worker_f081823b')
2026-06-04 06:40:55.656 - system_controller - INFO - Registered Worker (id: 'worker_3083268c')
2026-06-04 06:40:56.059 - system_controller - INFO - AIPerf System is CONFIGURING
2026-06-04 06:40:56.059 - system_controller - INFO - Configuring all services to start profiling
2026-06-04 06:40:56.061 - timing_manager - INFO - Waiting for dataset to be configured before configuring timing
2026-06-04 06:40:56.061 - InferenceResultParser_06b01af5 - INFO - Tokenization is disabled for this endpoint, skipping tokenizer configuration
2026-06-04 06:40:56.061 - InferenceResultParser_7bdea031 - INFO - Tokenization is disabled for this endpoint, skipping tokenizer configuration
2026-06-04 06:40:56.073 - system_controller - INFO - GPU telemetry disabled - no DCGM endpoints reachable
2026-06-04 06:40:56.079 - server_metrics_manager - INFO - Server Metrics: Capturing baseline metrics...
2026-06-04 06:40:56.093 - dataset_manager - INFO - Memory-mapped dataset cache HIT (key=a89c8d7d3f52d83cd608ced66434c13c); skipping tokenizer + composer.
2026-06-04 06:40:56.101 - http://localhost:8890/metrics - INFO - Skipping unsupported summary metric: http_request_size_bytes
2026-06-04 06:40:56.101 - http://localhost:8890/metrics - INFO - Skipping unsupported summary metric: http_response_size_bytes
2026-06-04 06:40:56.103 - system_controller - INFO - Server metrics enabled - 1/1 endpoint(s) reachable.
2026-06-04 06:40:56.351 - aiperf.dataset.mmap_cache - INFO - Restored mmap cache file dataset.dat via copy in 0.258s (1.24 GiB)
2026-06-04 06:40:56.352 - aiperf.dataset.mmap_cache - INFO - Restored mmap cache file index.dat via copy in 0.000s (0.00 GiB)
2026-06-04 06:40:56.352 - aiperf.dataset.mmap_cache - INFO - Restored mmap cache files in 0.259s via dataset=copy index=copy (dataset=1.24 GiB, index=0.00 GiB)
2026-06-04 06:40:56.533 - dataset_manager - INFO - sampling strategy: sequential, unique conversations: 678, unique turn count: 52915
2026-06-04 06:40:56.765 - aiperf.timing.trajectory_source - INFO - TrajectorySource: built 8 trajectories from 225 traces
  range cfg=[0.25, 0.75]  observed sample pct: min= 27% median= 52% max= 69%
    lane=00  sample_time= 39%  root_next= 14/32  ( 44% turns)  live=1 ready=1  trace_id=00e7d11db2db59f44a87b4110175b11d1af3
    lane=01  sample_time= 55%  root_next= 15/28  ( 54% turns)  live=1 ready=1  trace_id=01fece675b92efe07620225cd69c3884f774
    lane=02  sample_time= 55%  root_next=306/594 ( 52% turns)  live=1 ready=1  trace_id=0275949f4db511444909fe92b12f7e921e4a
    lane=03  sample_time= 27%  root_next= 13/27  ( 48% turns)  live=1 ready=1  trace_id=03be8f1eb1e9e620f46bd07068d6ab1aaae3
    lane=04  sample_time= 40%  root_next= 71/151 ( 47% turns)  live=1 ready=1  trace_id=0475b786230f3f2e24220d28e247eaee2dae
    lane=05  sample_time= 50%  root_next= 56/99  ( 57% turns)  live=1 ready=1  trace_id=04b25fe5b2ffa5e7ec9890426cce59838a05
    lane=06  sample_time= 69%  root_next= 10/20  ( 50% turns)  live=1 ready=1  trace_id=06385769df23204ac35c53ad431cf42f7c02
    lane=07  sample_time= 63%  root_next= 53/80  ( 66% turns)  live=1 ready=1  trace_id=07fc71985fbafc8e1abb181b7d28b8349f45
2026-06-04 06:40:56.765 - PhaseOrchestrator_e57f1640 - INFO - Initialized 2 phase(s): ['Warmup', 'Profiling']
2026-06-04 06:40:56.832 - dataset_manager - INFO - Dataset client initialized and freed 0 conversations from memory
2026-06-04 06:40:56.833 - system_controller - INFO - All services configured in 0.77 seconds
2026-06-04 06:40:56.833 - system_controller - INFO - AIPerf System is CONFIGURED
2026-06-04 06:40:56.835 - server_metrics_manager - INFO - Server Metrics: Started 1 collector(s) successfully
2026-06-04 06:40:56.844 - PhaseRunner - NOTICE - Phase warmup started | target: 8 requests
2026-06-04 06:40:56.845 - AgenticReplayTiming - INFO - WARMUP execute: dispatching 8 trajectory credits
2026-06-04 06:40:56.845 - PhaseRunner - NOTICE - Phase warmup sending complete | sent=8, completed=0, in_flight=8
2026-06-04 06:40:56.873 - records_manager - INFO - Credit phase start: warmup
2026-06-04 06:40:56.917 - system_controller - INFO - All services started profiling successfully
2026-06-04 06:40:56.917 - system_controller - INFO - AIPerf System is PROFILING
2026-06-04 06:43:09.554 - PhaseRunner - NOTICE - Phase warmup complete | completed=8, cancelled=0, errors=0 | elapsed=132.71s
2026-06-04 06:43:09.555 - aiperf.timing.branch_orchestrator - INFO - BranchOrchestrator stats: spawned=0 completed=0 errored=0 suspended=0 resumed=0 parents_failed_due_to_child_error=0 joins_suppressed=0
2026-06-04 06:43:09.567 - AgenticReplayTiming - INFO - PROFILING setup: trajectories=8 traces, recycle_queue=225 traces (full pool)
2026-06-04 06:43:09.567 - PhaseRunner - NOTICE - Phase profiling started | target: 1800.0s duration
2026-06-04 06:43:09.568 - PhaseRunner - INFO - Waiting for event 'profiling phase sending' with timeout of 1799.999531393s
2026-06-04 06:43:09.568 - AgenticReplayTiming - INFO - PROFILING execute: resuming 8 trajectory sessions
2026-06-04 06:43:09.569 - records_manager - INFO - Credit phase start: profiling
2026-06-04 06:43:22.040 - EventLoopMonitor - WARNING - Event loop for worker_306549df is taking too long to run. Overhead: 67.26ms
2026-06-04 06:43:25.664 - records_manager - INFO - [realtime 00:16 profiling] rps=0.4 (avg 0.4) tput_in=34044/s tput_out=48/s done=5 ok=5 err=0
                           ttft p50=1121ms p75=1226ms p95=1280ms p99=1291ms
                           itl  p50=17ms   p75=17ms   p95=23ms   p99=24ms
                           e2e  p50=3519ms p75=4597ms p95=5935ms p99=6203ms
                           intvty p50=59     p75=61     p95=83     p99=88 (1/tpot tok/s)
                           isl  p50=84,051    p75=88,320    p90=149,417   p99=186,076 (tokens)
                           osl  p50=91        p75=196       p90=269       p99=312 (tokens)
                           tot  in=472,993        out=669
                           trace theoretical_prefix_cache_hit=99.6%
                           srv  prefix_cache_hit=49.9% unique_in_srv=742,938 ext_cache_hit=0.0% kv_usage=20.8% queue=2r/0w tput_in_srv=9,918/s tput_out_srv=39/s
2026-06-04 06:43:55.698 - records_manager - INFO - [realtime 00:46 profiling] rps=0.1 (avg 0.2) tput_in=17949/s tput_out=70/s done=9 ok=9 err=0
                           ttft p50=952ms  p75=1121ms p95=1267ms p99=1288ms
                           itl  p50=22ms   p75=25ms   p95=27ms   p99=27ms
                           e2e  p50=5476ms p75=6869ms p95=21339ms p99=25855ms
                           intvty p50=45     p75=59     p95=78     p99=87 (1/tpot tok/s)
                           isl  p50=73,513    p75=88,320    p90=109,769   p99=182,111 (tokens)
                           osl  p50=199       p75=317       p90=619       p99=1,117 (tokens)
                           tot  in=700,153        out=2,750
                           trace theoretical_prefix_cache_hit=98.6%
                           srv  prefix_cache_hit=56.1% unique_in_srv=744,220 ext_cache_hit=0.0% kv_usage=19.7% queue=2r/0w tput_in_srv=9,438/s tput_out_srv=51/s
2026-06-04 06:44:25.797 - records_manager - INFO - [realtime 01:16 profiling] rps=0.1 (avg 0.2) tput_in=13331/s tput_out=52/s done=13 ok=13 err=0
                           ttft p50=911ms  p75=1121ms p95=1902ms p99=2631ms
                           itl  p50=25ms   p75=31ms   p95=37ms   p99=38ms
                           e2e  p50=5476ms p75=12870ms p95=26157ms p99=26819ms
                           intvty p50=40     p75=58     p95=72     p99=86 (1/tpot tok/s)
                           isl  p50=64,233    p75=84,120    p90=89,403    p99=178,092 (tokens)
                           osl  p50=199       p75=376       p90=599       p99=1,107 (tokens)
                           tot  in=963,322        out=3,773
                           trace theoretical_prefix_cache_hit=95.6%
                           srv  prefix_cache_hit=64.2% unique_in_srv=781,709 ext_cache_hit=0.0% kv_usage=37.3% queue=5r/0w tput_in_srv=10,412/s tput_out_srv=61/s
2026-06-04 06:44:55.877 - records_manager - INFO - [realtime 01:46 profiling] rps=0.3 (avg 0.2) tput_in=18207/s tput_out=89/s done=23 ok=23 err=0
                           ttft p50=794ms  p75=1060ms p95=4950ms p99=6148ms
                           itl  p50=28ms   p75=36ms   p95=43ms   p99=43ms
                           e2e  p50=6564ms p75=13033ms p95=39244ms p99=73996ms
                           intvty p50=35     p75=40     p95=61     p99=83 (1/tpot tok/s)
                           isl  p50=73,513    p75=84,609    p90=160,525   p99=190,149 (tokens)
                           osl  p50=199       p75=346       p90=1,007     p99=2,684 (tokens)
                           tot  in=1,877,869      out=9,158
                           trace theoretical_prefix_cache_hit=97.3%
                           srv  prefix_cache_hit=72.3% unique_in_srv=832,110 ext_cache_hit=0.0% kv_usage=29.6% queue=3r/0w tput_in_srv=12,521/s tput_out_srv=66/s
2026-06-04 06:45:25.981 - records_manager - INFO - [realtime 02:16 profiling] rps=0.2 (avg 0.2) tput_in=18131/s tput_out=93/s done=29 ok=29 err=0
                           ttft p50=794ms  p75=1195ms p95=5926ms p99=6855ms
                           itl  p50=32ms   p75=38ms   p95=43ms   p99=46ms
                           e2e  p50=6869ms p75=14921ms p95=63834ms p99=82267ms
                           intvty p50=31     p75=40     p95=60     p99=81 (1/tpot tok/s)
                           isl  p50=74,423    p75=88,320    p90=127,311   p99=190,149 (tokens)
                           osl  p50=236       p75=348       p90=1,116     p99=2,809 (tokens)
                           tot  in=2,395,882      out=12,355
                           trace theoretical_prefix_cache_hit=95.1%
                           srv  prefix_cache_hit=75.6% unique_in_srv=857,716 ext_cache_hit=0.0% kv_usage=29.0% queue=2r/0w tput_in_srv=13,024/s tput_out_srv=70/s
2026-06-04 06:45:56.092 - records_manager - INFO - [realtime 02:46 profiling] rps=0.1 (avg 0.2) tput_in=16644/s tput_out=82/s done=33 ok=33 err=0
                           ttft p50=711ms  p75=1195ms p95=5680ms p99=6831ms
                           itl  p50=32ms   p75=38ms   p95=45ms   p99=47ms
                           e2e  p50=6869ms p75=16087ms p95=56092ms p99=82104ms
                           intvty p50=31     p75=38     p95=60     p99=80 (1/tpot tok/s)
                           isl  p50=74,423    p75=88,320    p90=127,897   p99=190,149 (tokens)
                           osl  p50=236       p75=376       p90=1,007     p99=2,766 (tokens)
                           tot  in=2,728,090      out=13,505
                           trace theoretical_prefix_cache_hit=95.1%
                           srv  prefix_cache_hit=78.4% unique_in_srv=876,114 ext_cache_hit=0.0% kv_usage=46.0% queue=5r/0w tput_in_srv=13,536/s tput_out_srv=74/s
2026-06-04 06:46:26.210 - records_manager - INFO - [realtime 03:16 profiling] rps=0.1 (avg 0.2) tput_in=16541/s tput_out=93/s done=37 ok=37 err=0
                           ttft p50=705ms  p75=1121ms p95=5434ms p99=6807ms
                           itl  p50=33ms   p75=38ms   p95=44ms   p99=47ms
                           e2e  p50=8864ms p75=17911ms p95=80139ms p99=93464ms
                           intvty p50=31     p75=38     p95=59     p99=79 (1/tpot tok/s)
                           isl  p50=79,295    p75=88,320    p90=150,031   p99=190,524 (tokens)
                           osl  p50=247       p75=481       p90=1,130     p99=2,961 (tokens)
                           tot  in=3,135,255      out=17,548
                           trace theoretical_prefix_cache_hit=95.6%
                           srv  prefix_cache_hit=80.1% unique_in_srv=882,502 ext_cache_hit=0.0% kv_usage=43.3% queue=5r/0w tput_in_srv=13,434/s tput_out_srv=79/s
2026-06-04 06:46:56.344 - records_manager - INFO - [realtime 03:46 profiling] rps=0.3 (avg 0.2) tput_in=16982/s tput_out=94/s done=45 ok=45 err=0
                           ttft p50=711ms  p75=1032ms p95=4966ms p99=6758ms
                           itl  p50=34ms   p75=39ms   p95=46ms   p99=73ms
                           e2e  p50=9240ms p75=19053ms p95=71577ms p99=92207ms
                           intvty p50=29     p75=38     p95=59     p99=77 (1/tpot tok/s)
                           isl  p50=80,138    p75=88,320    p90=132,039   p99=190,477 (tokens)
                           osl  p50=247       p75=554       p90=1,075     p99=2,928 (tokens)
                           tot  in=3,799,174      out=21,077
                           trace theoretical_prefix_cache_hit=96.2%
                           srv  prefix_cache_hit=83.1% unique_in_srv=888,775 ext_cache_hit=0.0% kv_usage=56.8% queue=6r/0w tput_in_srv=14,642/s tput_out_srv=83/s
2026-06-04 06:47:26.478 - records_manager - INFO - [realtime 04:16 profiling] rps=0.1 (avg 0.2) tput_in=17198/s tput_out=93/s done=48 ok=48 err=0
                           ttft p50=708ms  p75=1040ms p95=4800ms p99=6740ms
                           itl  p50=36ms   p75=40ms   p95=46ms   p99=71ms
                           e2e  p50=9763ms p75=19799ms p95=65770ms p99=91736ms
                           intvty p50=28     p75=37     p95=59     p99=76 (1/tpot tok/s)
                           isl  p50=80,782    p75=88,658    p90=133,043   p99=190,460 (tokens)
                           osl  p50=252       p75=526       p90=1,055     p99=2,915 (tokens)
                           tot  in=4,071,225      out=22,112
                           trace theoretical_prefix_cache_hit=96.4%
                           srv  prefix_cache_hit=84.2% unique_in_srv=900,937 ext_cache_hit=0.0% kv_usage=70.0% queue=8r/0w tput_in_srv=14,631/s tput_out_srv=87/s
2026-06-04 06:47:56.628 - records_manager - INFO - [realtime 04:47 profiling] rps=0.1 (avg 0.2) tput_in=16070/s tput_out=102/s done=51 ok=51 err=0
                           ttft p50=705ms  p75=1048ms p95=4633ms p99=6722ms
                           itl  p50=36ms   p75=42ms   p95=45ms   p99=70ms
                           e2e  p50=11844ms p75=25651ms p95=81367ms p99=134542ms
                           intvty p50=28     p75=36     p95=58     p99=75 (1/tpot tok/s)
                           isl  p50=81,427    p75=89,964    p90=134,123   p99=190,442 (tokens)
                           osl  p50=269       p75=634       p90=1,102     p99=3,726 (tokens)
                           tot  in=4,397,077      out=27,999
                           trace theoretical_prefix_cache_hit=96.6%
                           srv  prefix_cache_hit=84.4% unique_in_srv=903,464 ext_cache_hit=0.0% kv_usage=52.0% queue=6r/0w tput_in_srv=13,811/s tput_out_srv=92/s
2026-06-04 06:48:26.778 - records_manager - INFO - [realtime 05:17 profiling] rps=0.1 (avg 0.2) tput_in=15314/s tput_out=103/s done=55 ok=55 err=0
                           ttft p50=705ms  p75=1092ms p95=4412ms p99=6698ms
                           itl  p50=36ms   p75=42ms   p95=45ms   p99=68ms
                           e2e  p50=12870ms p75=27332ms p95=83071ms p99=131708ms
                           intvty p50=27     p75=35     p95=58     p99=74 (1/tpot tok/s)
                           isl  p50=81,427    p75=89,964    p90=135,510   p99=190,419 (tokens)
                           osl  p50=283       p75=712       p90=1,165     p99=3,677 (tokens)
                           tot  in=4,767,157      out=32,198
                           trace theoretical_prefix_cache_hit=96.7%
                           srv  prefix_cache_hit=84.9% unique_in_srv=905,748 ext_cache_hit=0.0% kv_usage=39.8% queue=4r/0w tput_in_srv=13,352/s tput_out_srv=95/s
2026-06-04 06:48:56.960 - records_manager - INFO - [realtime 05:47 profiling] rps=0.2 (avg 0.2) tput_in=15827/s tput_out=121/s done=61 ok=61 err=0
                           ttft p50=711ms  p75=1064ms p95=4079ms p99=6661ms
                           itl  p50=36ms   p75=41ms   p95=44ms   p99=65ms
                           e2e  p50=13196ms p75=31572ms p95=99117ms p99=142542ms
                           intvty p50=28     p75=36     p95=58     p99=72 (1/tpot tok/s)
                           isl  p50=84,051    p75=91,475    p90=138,044   p99=190,994 (tokens)
                           osl  p50=317       p75=753       p90=2,036     p99=3,707 (tokens)
                           tot  in=5,414,171      out=41,380
                           trace theoretical_prefix_cache_hit=96.9%
                           srv  prefix_cache_hit=86.1% unique_in_srv=912,510 ext_cache_hit=0.0% kv_usage=31.8% queue=4r/0w tput_in_srv=13,663/s tput_out_srv=97/s
2026-06-04 06:49:03.086 - AgenticReplayTiming - INFO - Terminating trajectory 04b25fe5b2ffa5e7ec9890426cce59838a05 early at turn 60/98: context-overflow error from server
2026-06-04 06:49:27.183 - records_manager - INFO - [realtime 06:17 profiling] rps=0.3 (avg 0.2) tput_in=15721/s tput_out=113/s done=69 ok=69 err=0
                           ttft p50=703ms  p75=1034ms p95=3800ms p99=6619ms
                           itl  p50=36ms   p75=41ms   p95=45ms   p99=62ms
                           e2e  p50=11065ms p75=27158ms p95=93621ms p99=139342ms
                           intvty p50=28     p75=35     p95=53     p99=70 (1/tpot tok/s)
                           isl  p50=84,086    p75=89,819    p90=136,917   p99=190,949 (tokens)
                           osl  p50=276       p75=700       p90=2,034     p99=3,633 (tokens)
                           tot  in=5,888,502      out=42,472
                           trace theoretical_prefix_cache_hit=97.1%
                           srv  prefix_cache_hit=86.6% unique_in_srv=955,979 ext_cache_hit=0.0% kv_usage=40.0% queue=5r/0w tput_in_srv=13,992/s tput_out_srv=98/s
2026-06-04 06:49:57.393 - records_manager - INFO - [realtime 06:47 profiling] rps=0.3 (avg 0.2) tput_in=16440/s tput_out=113/s done=77 ok=77 err=0
                           ttft p50=708ms  p75=1046ms p95=3482ms p99=6570ms
                           itl  p50=36ms   p75=41ms   p95=46ms   p99=60ms
                           e2e  p50=9763ms p75=27158ms p95=87339ms p99=135685ms
                           intvty p50=28     p75=35     p95=58     p99=68 (1/tpot tok/s)
                           isl  p50=84,260    p75=90,560    p90=137,239   p99=190,897 (tokens)
                           osl  p50=262       p75=700       p90=1,602     p99=3,548 (tokens)
                           tot  in=6,520,483      out=44,805
                           trace theoretical_prefix_cache_hit=96.8%
                           srv  prefix_cache_hit=87.0% unique_in_srv=1,019,768 ext_cache_hit=0.0% kv_usage=46.9% queue=7r/0w tput_in_srv=14,538/s tput_out_srv=99/s
2026-06-04 06:50:27.613 - records_manager - INFO - [realtime 07:18 profiling] rps=0.2 (avg 0.2) tput_in=16098/s tput_out=112/s done=84 ok=84 err=0
                           ttft p50=711ms  p75=1052ms p95=3236ms p99=6528ms
                           itl  p50=36ms   p75=42ms   p95=47ms   p99=62ms
                           e2e  p50=10285ms p75=27332ms p95=83365ms p99=132486ms
                           intvty p50=28     p75=35     p95=57     p99=66 (1/tpot tok/s)
                           isl  p50=84,120    p75=89,120    p90=135,972   p99=190,851 (tokens)
                           osl  p50=267       p75=682       p90=1,372     p99=3,474 (tokens)
                           tot  in=6,871,570      out=47,754
                           trace theoretical_prefix_cache_hit=96.5%
                           srv  prefix_cache_hit=87.0% unique_in_srv=1,065,149 ext_cache_hit=0.0% kv_usage=45.1% queue=7r/0w tput_in_srv=14,337/s tput_out_srv=101/s
2026-06-04 06:50:57.858 - records_manager - INFO - [realtime 07:48 profiling] rps=0.2 (avg 0.2) tput_in=15414/s tput_out=109/s done=91 ok=91 err=0
                           ttft p50=703ms  p75=1039ms p95=3072ms p99=6485ms
                           itl  p50=38ms   p75=42ms   p95=47ms   p99=60ms
                           e2e  p50=11083ms p75=27505ms p95=83194ms p99=129286ms
                           intvty p50=27     p75=33     p95=52     p99=64 (1/tpot tok/s)
                           isl  p50=82,232    p75=88,373    p90=134,354   p99=190,806 (tokens)
                           osl  p50=268       p75=680       p90=1,197     p99=3,400 (tokens)
                           tot  in=7,179,329      out=50,701
                           trace theoretical_prefix_cache_hit=95.8%
                           srv  prefix_cache_hit=87.1% unique_in_srv=1,092,019 ext_cache_hit=0.0% kv_usage=42.7% queue=5r/0w tput_in_srv=14,045/s tput_out_srv=104/s
2026-06-04 06:51:28.121 - records_manager - INFO - [realtime 08:18 profiling] rps=0.2 (avg 0.2) tput_in=14886/s tput_out=107/s done=97 ok=97 err=0
                           ttft p50=677ms  p75=1034ms p95=2931ms p99=6449ms
                           itl  p50=38ms   p75=42ms   p95=47ms   p99=57ms
                           e2e  p50=10304ms p75=27158ms p95=83047ms p99=126544ms
                           intvty p50=26     p75=32     p95=48     p99=63 (1/tpot tok/s)
                           isl  p50=76,912    p75=88,085    p90=133,352   p99=190,767 (tokens)
                           osl  p50=262       p75=676       p90=1,163     p99=3,336 (tokens)
                           tot  in=7,374,794      out=52,931
                           trace theoretical_prefix_cache_hit=95.8%
                           srv  prefix_cache_hit=87.2% unique_in_srv=1,096,591 ext_cache_hit=0.0% kv_usage=38.2% queue=4r/0w tput_in_srv=13,617/s tput_out_srv=106/s
2026-06-04 06:51:58.446 - records_manager - INFO - [realtime 08:48 profiling] rps=0.3 (avg 0.2) tput_in=15503/s tput_out=117/s done=106 ok=106 err=0
                           ttft p50=661ms  p75=1032ms p95=3189ms p99=6369ms
                           itl  p50=38ms   p75=41ms   p95=47ms   p99=55ms
                           e2e  p50=9554ms p75=26984ms p95=95976ms p99=168139ms
                           intvty p50=26     p75=34     p95=53     p99=61 (1/tpot tok/s)
                           isl  p50=80,138    p75=88,406    p90=133,506   p99=190,712 (tokens)
                           osl  p50=257       p75=674       p90=1,322     p99=4,301 (tokens)
                           tot  in=8,120,670      out=61,460
                           trace theoretical_prefix_cache_hit=95.6%
                           srv  prefix_cache_hit=87.8% unique_in_srv=1,120,781 ext_cache_hit=0.0% kv_usage=26.2% queue=5r/0w tput_in_srv=13,893/s tput_out_srv=107/s
2026-06-04 06:52:28.758 - records_manager - INFO - [realtime 09:19 profiling] rps=0.2 (avg 0.2) tput_in=15579/s tput_out=117/s done=112 ok=112 err=0
                           ttft p50=661ms  p75=989ms  p95=3048ms p99=6296ms
                           itl  p50=38ms   p75=41ms   p95=47ms   p99=55ms
                           e2e  p50=9240ms p75=26059ms p95=91265ms p99=165396ms
                           intvty p50=27     p75=35     p95=56     p99=63 (1/tpot tok/s)
                           isl  p50=79,295    p75=88,486    p90=132,580   p99=190,676 (tokens)
                           osl  p50=247       p75=672       p90=1,172     p99=4,237 (tokens)
                           tot  in=8,467,508      out=63,475
                           trace theoretical_prefix_cache_hit=95.7%
                           srv  prefix_cache_hit=87.6% unique_in_srv=1,226,919 ext_cache_hit=0.0% kv_usage=53.9% queue=7r/0w tput_in_srv=14,299/s tput_out_srv=107/s
2026-06-04 06:52:59.103 - records_manager - INFO - [realtime 09:49 profiling] rps=0.2 (avg 0.2) tput_in=15282/s tput_out=123/s done=118 ok=118 err=0
                           ttft p50=661ms  p75=1032ms p95=4200ms p99=6928ms
                           itl  p50=38ms   p75=41ms   p95=46ms   p99=55ms
                           e2e  p50=9554ms p75=26984ms p95=100294ms p99=173844ms
                           intvty p50=27     p75=35     p95=55     p99=63 (1/tpot tok/s)
                           isl  p50=74,530    p75=88,565    p90=131,768   p99=190,641 (tokens)
                           osl  p50=247       p75=674       p90=1,666     p99=4,522 (tokens)
                           tot  in=8,854,055      out=71,118
                           trace theoretical_prefix_cache_hit=95.7%
                           srv  prefix_cache_hit=87.9% unique_in_srv=1,236,563 ext_cache_hit=0.0% kv_usage=48.7% queue=7r/0w tput_in_srv=14,144/s tput_out_srv=109/s
2026-06-04 06:53:29.509 - records_manager - INFO - [realtime 10:19 profiling] rps=0.2 (avg 0.2) tput_in=15113/s tput_out=120/s done=125 ok=125 err=0
                           ttft p50=664ms  p75=1008ms p95=4591ms p99=8467ms
                           itl  p50=38ms   p75=41ms   p95=46ms   p99=55ms
                           e2e  p50=9397ms p75=27095ms p95=96761ms p99=173521ms
                           intvty p50=26     p75=34     p95=53     p99=63 (1/tpot tok/s)
                           isl  p50=74,476    p75=88,936    p90=126,233   p99=190,600 (tokens)
                           osl  p50=247       p75=676       p90=1,347     p99=4,507 (tokens)
                           tot  in=9,310,786      out=74,231
                           trace theoretical_prefix_cache_hit=94.8%
                           srv  prefix_cache_hit=88.1% unique_in_srv=1,246,206 ext_cache_hit=0.0% kv_usage=35.0% queue=5r/0w tput_in_srv=13,945/s tput_out_srv=110/s
2026-06-04 06:53:59.894 - records_manager - INFO - [realtime 10:50 profiling] rps=0.2 (avg 0.2) tput_in=14906/s tput_out=117/s done=130 ok=130 err=0
                           ttft p50=667ms  p75=1000ms p95=4441ms p99=8373ms
                           itl  p50=38ms   p75=41ms   p95=46ms   p99=54ms
                           e2e  p50=9149ms p75=26984ms p95=92835ms p99=173290ms
                           intvty p50=26     p75=34     p95=51     p99=63 (1/tpot tok/s)
                           isl  p50=74,137    p75=88,918    p90=117,909   p99=190,571 (tokens)
                           osl  p50=238       p75=669       p90=1,222     p99=4,496 (tokens)
                           tot  in=9,631,624      out=75,397
                           trace theoretical_prefix_cache_hit=94.9%
                           srv  prefix_cache_hit=88.5% unique_in_srv=1,258,288 ext_cache_hit=0.0% kv_usage=43.8% queue=6r/0w tput_in_srv=13,955/s tput_out_srv=112/s
2026-06-04 06:54:30.301 - records_manager - INFO - [realtime 11:20 profiling] rps=0.2 (avg 0.2) tput_in=14914/s tput_out=116/s done=136 ok=136 err=0
                           ttft p50=661ms  p75=977ms  p95=4260ms p99=8261ms
                           itl  p50=38ms   p75=41ms   p95=46ms   p99=54ms
                           e2e  p50=8864ms p75=26703ms p95=88124ms p99=173013ms
                           intvty p50=26     p75=32     p95=49     p99=63 (1/tpot tok/s)
                           isl  p50=74,036    p75=88,742    p90=113,999   p99=190,536 (tokens)
                           osl  p50=237       p75=664       p90=1,322     p99=4,484 (tokens)
                           tot  in=10,053,460     out=78,071
                           trace theoretical_prefix_cache_hit=95.0%
                           srv  prefix_cache_hit=89.0% unique_in_srv=1,266,556 ext_cache_hit=0.0% kv_usage=59.0% queue=8r/0w tput_in_srv=14,192/s tput_out_srv=113/s
2026-06-04 06:55:00.733 - records_manager - INFO - [realtime 11:51 profiling] rps=0.1 (avg 0.2) tput_in=14705/s tput_out=121/s done=139 ok=139 err=0
                           ttft p50=661ms  p75=978ms  p95=4734ms p99=8205ms
                           itl  p50=38ms   p75=41ms   p95=46ms   p99=54ms
                           e2e  p50=9195ms p75=27617ms p95=100000ms p99=172875ms
                           intvty p50=26     p75=32     p95=48     p99=62 (1/tpot tok/s)
                           isl  p50=74,082    p75=88,974    p90=113,792   p99=190,518 (tokens)
                           osl  p50=242       p75=680       p90=1,870     p99=4,477 (tokens)
                           tot  in=10,295,679     out=85,003
                           trace theoretical_prefix_cache_hit=95.1%
                           srv  prefix_cache_hit=89.0% unique_in_srv=1,266,556 ext_cache_hit=0.0% kv_usage=40.0% queue=5r/0w tput_in_srv=13,681/s tput_out_srv=115/s
2026-06-04 06:55:31.205 - records_manager - INFO - [realtime 12:21 profiling] rps=0.1 (avg 0.2) tput_in=14566/s tput_out=120/s done=143 ok=143 err=0
                           ttft p50=669ms  p75=994ms  p95=4651ms p99=8130ms
                           itl  p50=39ms   p75=41ms   p95=46ms   p99=54ms
                           e2e  p50=9397ms p75=28327ms p95=98332ms p99=172690ms
                           intvty p50=26     p75=31     p95=46     p99=62 (1/tpot tok/s)
                           isl  p50=74,280    p75=89,497    p90=114,466   p99=190,495 (tokens)
                           osl  p50=247       p75=687       p90=1,850     p99=4,469 (tokens)
                           tot  in=10,691,090     out=88,163
                           trace theoretical_prefix_cache_hit=95.2%
                           srv  prefix_cache_hit=88.7% unique_in_srv=1,378,319 ext_cache_hit=0.0% kv_usage=54.5% queue=7r/0w tput_in_srv=13,795/s tput_out_srv=115/s
2026-06-04 06:56:01.681 - records_manager - INFO - [realtime 12:52 profiling] rps=0.2 (avg 0.2) tput_in=14725/s tput_out=119/s done=149 ok=149 err=0
                           ttft p50=679ms  p75=1008ms p95=4518ms p99=8018ms
                           itl  p50=39ms   p75=42ms   p95=47ms   p99=86ms
                           e2e  p50=9397ms p75=28600ms p95=97181ms p99=172413ms
                           intvty p50=26     p75=31     p95=46     p99=62 (1/tpot tok/s)
                           isl  p50=76,912    p75=90,242    p90=115,300   p99=190,460 (tokens)
                           osl  p50=242       p75=684       p90=1,860     p99=4,456 (tokens)
                           tot  in=11,239,378     out=90,676
                           trace theoretical_prefix_cache_hit=95.4%
                           srv  prefix_cache_hit=89.1% unique_in_srv=1,379,866 ext_cache_hit=0.0% kv_usage=55.4% queue=6r/0w tput_in_srv=14,020/s tput_out_srv=114/s
2026-06-04 06:56:32.206 - records_manager - INFO - [realtime 13:22 profiling] rps=0.1 (avg 0.2) tput_in=14848/s tput_out=117/s done=153 ok=153 err=0
                           ttft p50=695ms  p75=1008ms p95=4424ms p99=7943ms
                           itl  p50=39ms   p75=42ms   p95=48ms   p99=85ms
                           e2e  p50=9343ms p75=28600ms p95=96074ms p99=172229ms
                           intvty p50=26     p75=31     p95=46     p99=62 (1/tpot tok/s)
                           isl  p50=80,782    p75=90,583    p90=116,742   p99=190,436 (tokens)
                           osl  p50=238       p75=684       p90=1,842     p99=4,447 (tokens)
                           tot  in=11,643,555     out=91,879
                           trace theoretical_prefix_cache_hit=95.5%
                           srv  prefix_cache_hit=89.4% unique_in_srv=1,383,914 ext_cache_hit=0.0% kv_usage=51.8% queue=6r/0w tput_in_srv=13,945/s tput_out_srv=115/s
2026-06-04 06:57:02.755 - records_manager - INFO - [realtime 13:53 profiling] rps=0.3 (avg 0.2) tput_in=15359/s tput_out=128/s done=163 ok=163 err=0
                           ttft p50=700ms  p75=994ms  p95=4681ms p99=9778ms
                           itl  p50=39ms   p75=42ms   p95=47ms   p99=84ms
                           e2e  p50=9898ms p75=30167ms p95=104711ms p99=177083ms
                           intvty p50=26     p75=31     p95=54     p99=67 (1/tpot tok/s)
                           isl  p50=84,086    p75=91,865    p90=117,928   p99=190,378 (tokens)
                           osl  p50=252       p75=748       p90=1,865     p99=4,586 (tokens)
                           tot  in=12,696,910     out=105,517
                           trace theoretical_prefix_cache_hit=94.9%
                           srv  prefix_cache_hit=89.8% unique_in_srv=1,395,995 ext_cache_hit=0.0% kv_usage=16.1% queue=3r/0w tput_in_srv=14,125/s tput_out_srv=116/s
2026-06-04 06:57:27.314 - AgenticReplayTiming - INFO - Terminating trajectory 06385769df23204ac35c53ad431cf42f7c02 early at turn 7/19: context-overflow error from server
2026-06-04 06:57:33.333 - records_manager - INFO - [realtime 14:23 profiling] rps=0.3 (avg 0.2) tput_in=15328/s tput_out=126/s done=171 ok=171 err=0
                           ttft p50=701ms  p75=976ms  p95=4675ms p99=9620ms
                           itl  p50=38ms   p75=42ms   p95=48ms   p99=98ms
                           e2e  p50=9774ms p75=29327ms p95=102650ms p99=176634ms
                           intvty p50=26     p75=32     p95=51     p99=67 (1/tpot tok/s)
                           isl  p50=84,120    p75=91,942    p90=117,697   p99=190,337 (tokens)
                           osl  p50=247       p75=735       p90=1,869     p99=4,581 (tokens)
                           tot  in=13,183,451     out=108,676
                           trace theoretical_prefix_cache_hit=95.0%
                           srv  prefix_cache_hit=90.0% unique_in_srv=1,439,144 ext_cache_hit=0.0% kv_usage=37.1% queue=5r/0w tput_in_srv=14,454/s tput_out_srv=116/s
2026-06-04 06:58:03.968 - records_manager - INFO - [realtime 14:54 profiling] rps=0.2 (avg 0.2) tput_in=15384/s tput_out=124/s done=177 ok=177 err=0
                           ttft p50=701ms  p75=977ms  p95=4669ms p99=9484ms
                           itl  p50=38ms   p75=42ms   p95=48ms   p99=97ms
                           e2e  p50=9554ms p75=29049ms p95=100883ms p99=176249ms
                           intvty p50=26     p75=31     p95=49     p99=66 (1/tpot tok/s)
                           isl  p50=84,389    p75=92,546    p90=117,829   p99=190,301 (tokens)
                           osl  p50=247       p75=712       p90=1,862     p99=4,576 (tokens)
                           tot  in=13,715,132     out=110,432
                           trace theoretical_prefix_cache_hit=95.0%
                           srv  prefix_cache_hit=90.2% unique_in_srv=1,446,882 ext_cache_hit=0.0% kv_usage=38.8% queue=4r/0w tput_in_srv=14,443/s tput_out_srv=116/s
2026-06-04 06:58:34.592 - records_manager - INFO - [realtime 15:25 profiling] rps=0.1 (avg 0.2) tput_in=15332/s tput_out=122/s done=181 ok=181 err=0
                           ttft p50=701ms  p75=977ms  p95=4666ms p99=9394ms
                           itl  p50=38ms   p75=42ms   p95=49ms   p99=109ms
                           e2e  p50=9446ms p75=29049ms p95=99706ms p99=175993ms
                           intvty p50=26     p75=31     p95=47     p99=66 (1/tpot tok/s)
                           isl  p50=84,774    p75=92,922    p90=117,697   p99=190,278 (tokens)
                           osl  p50=238       p75=712       p90=1,869     p99=4,573 (tokens)
                           tot  in=14,093,785     out=112,575
                           trace theoretical_prefix_cache_hit=95.1%
                           srv  prefix_cache_hit=90.3% unique_in_srv=1,485,823 ext_cache_hit=0.0% kv_usage=38.5% queue=6r/0w tput_in_srv=14,490/s tput_out_srv=117/s
2026-06-04 06:59:05.368 - records_manager - INFO - [realtime 15:55 profiling] rps=0.3 (avg 0.2) tput_in=15483/s tput_out=124/s done=189 ok=189 err=0
                           ttft p50=702ms  p75=977ms  p95=4529ms p99=9214ms
                           itl  p50=38ms   p75=42ms   p95=48ms   p99=108ms
                           e2e  p50=9446ms p75=29887ms p95=97457ms p99=175480ms
                           intvty p50=26     p75=31     p95=46     p99=65 (1/tpot tok/s)
                           isl  p50=85,104    p75=93,395    p90=117,436   p99=190,231 (tokens)
                           osl  p50=238       p75=744       p90=1,872     p99=4,567 (tokens)
                           tot  in=14,706,270     out=117,918
                           trace theoretical_prefix_cache_hit=94.9%
                           srv  prefix_cache_hit=90.6% unique_in_srv=1,489,253 ext_cache_hit=0.0% kv_usage=33.2% queue=4r/0w tput_in_srv=14,582/s tput_out_srv=118/s
2026-06-04 06:59:36.079 - records_manager - INFO - [realtime 16:26 profiling] rps=0.1 (avg 0.2) tput_in=15427/s tput_out=122/s done=192 ok=192 err=0
                           ttft p50=702ms  p75=975ms  p95=4461ms p99=9146ms
                           itl  p50=38ms   p75=41ms   p95=48ms   p99=108ms
                           e2e  p50=9343ms p75=29188ms p95=96627ms p99=175288ms
                           intvty p50=26     p75=31     p95=46     p99=65 (1/tpot tok/s)
                           isl  p50=85,340    p75=93,869    p90=117,338   p99=190,213 (tokens)
                           osl  p50=238       p75=734       p90=1,867     p99=4,564 (tokens)
                           tot  in=15,004,941     out=118,795
                           trace theoretical_prefix_cache_hit=95.0%
                           srv  prefix_cache_hit=90.8% unique_in_srv=1,498,751 ext_cache_hit=0.0% kv_usage=47.0% queue=7r/0w tput_in_srv=14,606/s tput_out_srv=118/s
2026-06-04 07:00:06.893 - records_manager - INFO - [realtime 16:57 profiling] rps=0.2 (avg 0.2) tput_in=15311/s tput_out=122/s done=198 ok=198 err=0
                           ttft p50=703ms  p75=965ms  p95=4326ms p99=9010ms
                           itl  p50=38ms   p75=42ms   p95=48ms   p99=107ms
                           e2e  p50=9500ms p75=30588ms p95=100177ms p99=174903ms
                           intvty p50=26     p75=31     p95=45     p99=64 (1/tpot tok/s)
                           isl  p50=85,508    p75=93,992    p90=117,144   p99=190,178 (tokens)
                           osl  p50=242       p75=754       p90=1,873     p99=4,560 (tokens)
                           tot  in=15,520,683     out=124,075
                           trace theoretical_prefix_cache_hit=95.2%
                           srv  prefix_cache_hit=91.0% unique_in_srv=1,502,989 ext_cache_hit=0.0% kv_usage=33.5% queue=5r/0w tput_in_srv=14,513/s tput_out_srv=119/s
2026-06-04 07:00:37.699 - records_manager - INFO - [realtime 17:28 profiling] rps=0.2 (avg 0.2) tput_in=15515/s tput_out=129/s done=205 ok=205 err=0
                           ttft p50=705ms  p75=973ms  p95=4200ms p99=8860ms
                           itl  p50=38ms   p75=42ms   p95=47ms   p99=106ms
                           e2e  p50=9774ms p75=32481ms p95=102932ms p99=180865ms
                           intvty p50=26     p75=31     p95=45     p99=64 (1/tpot tok/s)
                           isl  p50=86,035    p75=94,443    p90=117,241   p99=190,149 (tokens)
                           osl  p50=247       p75=780       p90=1,877     p99=4,631 (tokens)
                           tot  in=16,181,384     out=134,675
                           trace theoretical_prefix_cache_hit=95.2%
                           srv  prefix_cache_hit=91.2% unique_in_srv=1,513,831 ext_cache_hit=0.0% kv_usage=20.9% queue=4r/0w tput_in_srv=14,560/s tput_out_srv=120/s
2026-06-04 07:01:08.605 - records_manager - INFO - [realtime 17:59 profiling] rps=0.3 (avg 0.2) tput_in=15683/s tput_out=129/s done=213 ok=213 err=0
                           ttft p50=705ms  p75=966ms  p95=4146ms p99=8710ms
                           itl  p50=38ms   p75=41ms   p95=47ms   p99=105ms
                           e2e  p50=9774ms p75=31293ms p95=101236ms p99=180353ms
                           intvty p50=26     p75=32     p95=56     p99=88 (1/tpot tok/s)
                           isl  p50=86,035    p75=94,565    p90=116,982   p99=190,149 (tokens)
                           osl  p50=251       p75=774       p90=1,866     p99=4,625 (tokens)
                           tot  in=16,812,248     out=138,017
                           trace theoretical_prefix_cache_hit=95.4%
                           srv  prefix_cache_hit=91.5% unique_in_srv=1,525,653 ext_cache_hit=0.0% kv_usage=26.1% queue=4r/0w tput_in_srv=14,766/s tput_out_srv=121/s
2026-06-04 07:01:39.498 - records_manager - INFO - [realtime 18:29 profiling] rps=0.2 (avg 0.2) tput_in=15621/s tput_out=129/s done=218 ok=218 err=0
                           ttft p50=707ms  p75=963ms  p95=4113ms p99=8617ms
                           itl  p50=38ms   p75=41ms   p95=47ms   p99=105ms
                           e2e  p50=9959ms p75=31153ms p95=100177ms p99=180032ms
                           intvty p50=26     p75=33     p95=58     p99=87 (1/tpot tok/s)
                           isl  p50=86,517    p75=95,048    p90=115,780   p99=190,149 (tokens)
                           osl  p50=262       p75=792       p90=1,862     p99=4,621 (tokens)
                           tot  in=17,261,397     out=142,400
                           trace theoretical_prefix_cache_hit=95.4%
                           srv  prefix_cache_hit=91.6% unique_in_srv=1,527,453 ext_cache_hit=0.0% kv_usage=21.0% queue=2r/0w tput_in_srv=14,706/s tput_out_srv=122/s
2026-06-04 07:02:10.498 - records_manager - INFO - [realtime 19:00 profiling] rps=0.2 (avg 0.2) tput_in=15651/s tput_out=130/s done=225 ok=225 err=0
                           ttft p50=702ms  p75=963ms  p95=4000ms p99=8486ms
                           itl  p50=38ms   p75=41ms   p95=47ms   p99=104ms
                           e2e  p50=9896ms p75=30730ms p95=102458ms p99=179583ms
                           intvty p50=26     p75=33     p95=57     p99=86 (1/tpot tok/s)
                           isl  p50=86,035    p75=95,056    p90=114,354   p99=190,149 (tokens)
                           osl  p50=257       p75=785       p90=1,864     p99=4,616 (tokens)
                           tot  in=17,801,805     out=148,218
                           trace theoretical_prefix_cache_hit=95.5%
                           srv  prefix_cache_hit=91.8% unique_in_srv=1,551,018 ext_cache_hit=0.0% kv_usage=27.8% queue=3r/0w tput_in_srv=14,843/s tput_out_srv=121/s
2026-06-04 07:02:41.452 - records_manager - INFO - [realtime 19:31 profiling] rps=0.0 (avg 0.2) tput_in=15515/s tput_out=129/s done=226 ok=226 err=0
                           ttft p50=703ms  p75=963ms  p95=3960ms p99=8467ms
                           itl  p50=38ms   p75=41ms   p95=47ms   p99=104ms
                           e2e  p50=9959ms p75=30588ms p95=102272ms p99=179519ms
                           intvty p50=26     p75=33     p95=57     p99=86 (1/tpot tok/s)
                           isl  p50=86,517    p75=95,092    p90=114,242   p99=190,149 (tokens)
                           osl  p50=262       p75=782       p90=1,863     p99=4,615 (tokens)
                           tot  in=17,915,223     out=148,541
                           trace theoretical_prefix_cache_hit=95.5%
                           srv  prefix_cache_hit=91.9% unique_in_srv=1,561,893 ext_cache_hit=0.0% kv_usage=49.8% queue=6r/0w tput_in_srv=14,791/s tput_out_srv=122/s
2026-06-04 07:03:12.507 - records_manager - INFO - [realtime 20:02 profiling] rps=0.2 (avg 0.2) tput_in=15612/s tput_out=128/s done=233 ok=233 err=0
                           ttft p50=702ms  p75=963ms  p95=3681ms p99=8336ms
                           itl  p50=38ms   p75=41ms   p95=47ms   p99=103ms
                           e2e  p50=9896ms p75=30730ms p95=100973ms p99=179070ms
                           intvty p50=26     p75=33     p95=56     p99=85 (1/tpot tok/s)
                           isl  p50=87,068    p75=95,151    p90=113,454   p99=190,149 (tokens)
                           osl  p50=257       p75=785       p90=1,857     p99=4,610 (tokens)
                           tot  in=18,499,547     out=151,605
                           trace theoretical_prefix_cache_hit=95.5%
                           srv  prefix_cache_hit=92.1% unique_in_srv=1,565,316 ext_cache_hit=0.0% kv_usage=54.6% queue=7r/0w tput_in_srv=14,935/s tput_out_srv=122/s
2026-06-04 07:03:43.504 - records_manager - INFO - [realtime 20:33 profiling] rps=0.2 (avg 0.2) tput_in=15461/s tput_out=126/s done=238 ok=238 err=0
                           ttft p50=701ms  p75=954ms  p95=3482ms p99=8242ms
                           itl  p50=38ms   p75=41ms   p95=48ms   p99=102ms
                           e2e  p50=9959ms p75=30588ms p95=100045ms p99=178750ms
                           intvty p50=26     p75=33     p95=55     p99=84 (1/tpot tok/s)
                           isl  p50=87,240    p75=95,378    p90=113,730   p99=190,149 (tokens)
                           osl  p50=262       p75=782       p90=1,846     p99=4,606 (tokens)
                           tot  in=18,913,880     out=154,037
                           trace theoretical_prefix_cache_hit=95.5%
                           srv  prefix_cache_hit=92.2% unique_in_srv=1,578,567 ext_cache_hit=0.0% kv_usage=51.1% queue=7r/0w tput_in_srv=14,862/s tput_out_srv=122/s
2026-06-04 07:04:14.579 - records_manager - INFO - [realtime 21:05 profiling] rps=0.2 (avg 0.2) tput_in=15337/s tput_out=128/s done=243 ok=243 err=0
                           ttft p50=702ms  p75=962ms  p95=3283ms p99=8149ms
                           itl  p50=38ms   p75=41ms   p95=47ms   p99=101ms
                           e2e  p50=10285ms p75=33313ms p95=99117ms p99=178429ms
                           intvty p50=26     p75=32     p95=54     p99=84 (1/tpot tok/s)
                           isl  p50=86,999    p75=95,325    p90=113,454   p99=190,149 (tokens)
                           osl  p50=267       p75=835       p90=1,857     p99=4,602 (tokens)
                           tot  in=19,261,715     out=160,527
                           trace theoretical_prefix_cache_hit=95.5%
                           srv  prefix_cache_hit=92.3% unique_in_srv=1,580,260 ext_cache_hit=0.0% kv_usage=33.0% queue=3r/0w tput_in_srv=14,615/s tput_out_srv=123/s
2026-06-04 07:04:45.676 - records_manager - INFO - [realtime 21:36 profiling] rps=0.1 (avg 0.2) tput_in=15173/s tput_out=129/s done=245 ok=245 err=0
                           ttft p50=702ms  p75=963ms  p95=3275ms p99=8111ms
                           itl  p50=38ms   p75=41ms   p95=47ms   p99=101ms
                           e2e  p50=10323ms p75=33351ms p95=102458ms p99=188565ms
                           intvty p50=26     p75=32     p95=54     p99=83 (1/tpot tok/s)
                           isl  p50=87,068    p75=95,418    p90=113,895   p99=190,489 (tokens)
                           osl  p50=269       p75=866       p90=1,864     p99=5,051 (tokens)
                           tot  in=19,564,982     out=166,953
                           trace theoretical_prefix_cache_hit=95.5%
                           srv  prefix_cache_hit=92.4% unique_in_srv=1,596,590 ext_cache_hit=0.0% kv_usage=46.2% queue=7r/0w tput_in_srv=14,631/s tput_out_srv=123/s
2026-06-04 07:05:16.765 - records_manager - INFO - [realtime 22:07 profiling] rps=0.1 (avg 0.2) tput_in=15096/s tput_out=130/s done=249 ok=249 err=0
                           ttft p50=702ms  p75=963ms  p95=3261ms p99=8036ms
                           itl  p50=38ms   p75=41ms   p95=47ms   p99=101ms
                           e2e  p50=11677ms p75=33460ms p95=101715ms p99=188043ms
                           intvty p50=26     p75=32     p95=54     p99=83 (1/tpot tok/s)
                           isl  p50=87,068    p75=95,496    p90=114,235   p99=190,465 (tokens)
                           osl  p50=270       p75=880       p90=1,872     p99=5,022 (tokens)
                           tot  in=19,899,660     out=171,600
                           trace theoretical_prefix_cache_hit=95.5%
                           srv  prefix_cache_hit=92.4% unique_in_srv=1,596,590 ext_cache_hit=0.0% kv_usage=20.3% queue=3r/0w tput_in_srv=14,320/s tput_out_srv=124/s
2026-06-04 07:05:47.972 - records_manager - INFO - [realtime 22:38 profiling] rps=0.3 (avg 0.2) tput_in=15165/s tput_out=133/s done=257 ok=257 err=0
                           ttft p50=701ms  p75=957ms  p95=3232ms p99=7887ms
                           itl  p50=38ms   p75=41ms   p95=47ms   p99=100ms
                           e2e  p50=11628ms p75=33683ms p95=100230ms p99=186999ms
                           intvty p50=26     p75=33     p95=58     p99=84 (1/tpot tok/s)
                           isl  p50=87,068    p75=95,528    p90=113,785   p99=190,419 (tokens)
                           osl  p50=283       p75=936       p90=1,951     p99=4,964 (tokens)
                           tot  in=20,546,948     out=179,718
                           trace theoretical_prefix_cache_hit=95.5%
                           srv  prefix_cache_hit=92.6% unique_in_srv=1,604,660 ext_cache_hit=0.0% kv_usage=37.1% queue=4r/0w tput_in_srv=14,604/s tput_out_srv=124/s
2026-06-04 07:06:19.152 - records_manager - INFO - [realtime 23:09 profiling] rps=0.1 (avg 0.2) tput_in=15216/s tput_out=132/s done=261 ok=261 err=0
                           ttft p50=699ms  p75=957ms  p95=3362ms p99=7812ms
                           itl  p50=38ms   p75=41ms   p95=47ms   p99=99ms
                           e2e  p50=11277ms p75=33460ms p95=99488ms p99=186477ms
                           intvty p50=26     p75=33     p95=58     p99=83 (1/tpot tok/s)
                           isl  p50=87,411    p75=95,688    p90=113,564   p99=190,395 (tokens)
                           osl  p50=282       p75=880       p90=1,904     p99=4,935 (tokens)
                           tot  in=20,892,107     out=180,565
                           trace theoretical_prefix_cache_hit=95.6%
                           srv  prefix_cache_hit=92.6% unique_in_srv=1,655,080 ext_cache_hit=0.0% kv_usage=62.4% queue=7r/0w tput_in_srv=14,743/s tput_out_srv=124/s
2026-06-04 07:06:50.419 - records_manager - INFO - [realtime 23:40 profiling] rps=0.3 (avg 0.2) tput_in=15381/s tput_out=130/s done=269 ok=269 err=0
                           ttft p50=699ms  p75=958ms  p95=4173ms p99=8598ms
                           itl  p50=38ms   p75=41ms   p95=47ms   p99=98ms
                           e2e  p50=11277ms p75=33460ms p95=99089ms p99=185432ms
                           intvty p50=26     p75=33     p95=57     p99=83 (1/tpot tok/s)
                           isl  p50=88,007    p75=96,342    p90=114,235   p99=190,348 (tokens)
                           osl  p50=270       p75=866       p90=1,872     p99=4,878 (tokens)
                           tot  in=21,719,290     out=183,288
                           trace theoretical_prefix_cache_hit=95.4%
                           srv  prefix_cache_hit=92.8% unique_in_srv=1,658,515 ext_cache_hit=0.0% kv_usage=53.6% queue=6r/0w tput_in_srv=14,908/s tput_out_srv=124/s
2026-06-04 07:07:21.709 - records_manager - INFO - [realtime 24:12 profiling] rps=0.0 (avg 0.2) tput_in=15070/s tput_out=128/s done=270 ok=270 err=0
                           ttft p50=699ms  p75=962ms  p95=4166ms p99=8594ms
                           itl  p50=38ms   p75=41ms   p95=47ms   p99=98ms
                           e2e  p50=11452ms p75=33569ms p95=100623ms p99=185302ms
                           intvty p50=26     p75=33     p95=57     p99=83 (1/tpot tok/s)
                           isl  p50=87,962    p75=96,284    p90=114,177   p99=190,342 (tokens)
                           osl  p50=276       p75=875       p90=1,916     p99=4,871 (tokens)
                           tot  in=21,795,619     out=185,733
                           trace theoretical_prefix_cache_hit=95.4%
                           srv  prefix_cache_hit=92.8% unique_in_srv=1,667,962 ext_cache_hit=0.0% kv_usage=60.7% queue=7r/0w tput_in_srv=14,717/s tput_out_srv=124/s
2026-06-04 07:07:52.985 - records_manager - INFO - [realtime 24:43 profiling] rps=0.1 (avg 0.2) tput_in=15018/s tput_out=128/s done=272 ok=272 err=0
                           ttft p50=700ms  p75=963ms  p95=4153ms p99=8585ms
                           itl  p50=38ms   p75=41ms   p95=47ms   p99=98ms
                           e2e  p50=11652ms p75=33645ms p95=100391ms p99=185041ms
                           intvty p50=26     p75=33     p95=57     p99=82 (1/tpot tok/s)
                           isl  p50=88,042    p75=96,401    p90=114,689   p99=190,331 (tokens)
                           osl  p50=282       p75=885       p90=1,892     p99=4,856 (tokens)
                           tot  in=22,006,540     out=187,355
                           trace theoretical_prefix_cache_hit=95.4%
                           srv  prefix_cache_hit=92.9% unique_in_srv=1,669,156 ext_cache_hit=0.0% kv_usage=51.8% queue=6r/0w tput_in_srv=14,489/s tput_out_srv=125/s
2026-06-04 07:08:24.347 - records_manager - INFO - [realtime 25:14 profiling] rps=0.2 (avg 0.2) tput_in=14959/s tput_out=129/s done=277 ok=277 err=0
                           ttft p50=701ms  p75=958ms  p95=4119ms p99=8562ms
                           itl  p50=38ms   p75=41ms   p95=48ms   p99=97ms
                           e2e  p50=11844ms p75=34413ms p95=100578ms p99=184388ms
                           intvty p50=26     p75=33     p95=57     p99=82 (1/tpot tok/s)
                           isl  p50=88,391    p75=96,460    p90=115,238   p99=190,301 (tokens)
                           osl  p50=294       p75=990       p90=1,951     p99=4,820 (tokens)
                           tot  in=22,525,876     out=194,237
                           trace theoretical_prefix_cache_hit=95.5%
                           srv  prefix_cache_hit=93.0% unique_in_srv=1,675,665 ext_cache_hit=0.0% kv_usage=58.5% queue=7r/0w tput_in_srv=14,583/s tput_out_srv=125/s
2026-06-04 07:08:55.757 - records_manager - INFO - [realtime 25:46 profiling] rps=0.2 (avg 0.2) tput_in=15021/s tput_out=130/s done=282 ok=282 err=0
                           ttft p50=701ms  p75=962ms  p95=4086ms p99=8539ms
                           itl  p50=38ms   p75=42ms   p95=47ms   p99=96ms
                           e2e  p50=11991ms p75=34678ms p95=101503ms p99=191249ms
                           intvty p50=26     p75=32     p95=57     p99=82 (1/tpot tok/s)
                           isl  p50=88,742    p75=96,460    p90=116,963   p99=190,750 (tokens)
                           osl  p50=296       p75=997       p90=2,001     p99=4,784 (tokens)
                           tot  in=23,132,119     out=200,509
                           trace theoretical_prefix_cache_hit=95.6%
                           srv  prefix_cache_hit=93.1% unique_in_srv=1,677,995 ext_cache_hit=0.0% kv_usage=42.8% queue=6r/0w tput_in_srv=14,553/s tput_out_srv=125/s
2026-06-04 07:09:27.203 - records_manager - INFO - [realtime 26:17 profiling] rps=0.1 (avg 0.2) tput_in=14890/s tput_out=129/s done=285 ok=285 err=0
                           ttft p50=701ms  p75=958ms  p95=4000ms p99=8526ms
                           itl  p50=38ms   p75=41ms   p95=47ms   p99=96ms
                           e2e  p50=12138ms p75=34734ms p95=101311ms p99=191143ms
                           intvty p50=26     p75=32     p95=57     p99=81 (1/tpot tok/s)
                           isl  p50=88,992    p75=96,669    p90=116,706   p99=190,748 (tokens)
                           osl  p50=298       p75=998       p90=1,975     p99=4,763 (tokens)
                           tot  in=23,424,907     out=202,356
                           trace theoretical_prefix_cache_hit=95.6%
                           srv  prefix_cache_hit=93.1% unique_in_srv=1,697,707 ext_cache_hit=0.0% kv_usage=46.5% queue=6r/0w tput_in_srv=14,482/s tput_out_srv=126/s
2026-06-04 07:09:58.743 - records_manager - INFO - [realtime 26:49 profiling] rps=0.3 (avg 0.2) tput_in=15020/s tput_out=131/s done=294 ok=294 err=0
                           ttft p50=701ms  p75=970ms  p95=4139ms p99=8485ms
                           itl  p50=38ms   p75=42ms   p95=50ms   p99=95ms
                           e2e  p50=11991ms p75=34678ms p95=102061ms p99=190824ms
                           intvty p50=26     p75=32     p95=57     p99=80 (1/tpot tok/s)
                           isl  p50=88,992    p75=97,340    p90=116,963   p99=190,741 (tokens)
                           osl  p50=288       p75=997       p90=1,998     p99=4,698 (tokens)
                           tot  in=24,108,310     out=209,789
                           trace theoretical_prefix_cache_hit=95.3%
                           srv  prefix_cache_hit=92.9% unique_in_srv=1,821,224 ext_cache_hit=0.0% kv_usage=50.4% queue=6r/0w tput_in_srv=14,645/s tput_out_srv=127/s
2026-06-04 07:10:30.316 - records_manager - INFO - [realtime 27:20 profiling] rps=0.3 (avg 0.2) tput_in=14987/s tput_out=131/s done=303 ok=303 err=0
                           ttft p50=701ms  p75=974ms  p95=4213ms p99=8444ms
                           itl  p50=38ms   p75=42ms   p95=51ms   p99=94ms
                           e2e  p50=11712ms p75=34203ms p95=102829ms p99=190505ms
                           intvty p50=26     p75=32     p95=57     p99=80 (1/tpot tok/s)
                           isl  p50=88,565    p75=97,277    p90=116,963   p99=190,735 (tokens)
                           osl  p50=269       p75=983       p90=1,999     p99=4,633 (tokens)
                           tot  in=24,523,706     out=213,903
                           trace theoretical_prefix_cache_hit=95.2%
                           srv  prefix_cache_hit=92.8% unique_in_srv=1,861,664 ext_cache_hit=0.0% kv_usage=59.6% queue=8r/0w tput_in_srv=14,684/s tput_out_srv=127/s
2026-06-04 07:11:01.978 - records_manager - INFO - [realtime 27:52 profiling] rps=0.3 (avg 0.2) tput_in=15060/s tput_out=130/s done=314 ok=314 err=0
                           ttft p50=702ms  p75=982ms  p95=4139ms p99=8288ms
                           itl  p50=39ms   p75=42ms   p95=51ms   p99=93ms
                           e2e  p50=11694ms p75=33721ms p95=102061ms p99=189459ms
                           intvty p50=26     p75=32     p95=57     p99=79 (1/tpot tok/s)
                           isl  p50=88,198    p75=97,066    p90=116,834   p99=190,671 (tokens)
                           osl  p50=262       p75=875       p90=1,980     p99=4,625 (tokens)
                           tot  in=25,118,835     out=216,463
                           trace theoretical_prefix_cache_hit=95.1%
                           srv  prefix_cache_hit=92.8% unique_in_srv=1,901,305 ext_cache_hit=0.0% kv_usage=44.5% queue=5r/0w tput_in_srv=14,648/s tput_out_srv=127/s
2026-06-04 07:11:33.694 - records_manager - INFO - [realtime 28:24 profiling] rps=0.3 (avg 0.2) tput_in=15193/s tput_out=129/s done=325 ok=325 err=0
                           ttft p50=701ms  p75=975ms  p95=4066ms p99=8132ms
                           itl  p50=39ms   p75=42ms   p95=51ms   p99=92ms
                           e2e  p50=11153ms p75=33460ms p95=101311ms p99=188412ms
                           intvty p50=26     p75=32     p95=56     p99=79 (1/tpot tok/s)
                           isl  p50=87,917    p75=97,136    p90=116,706   p99=190,606 (tokens)
                           osl  p50=248       p75=848       p90=1,877     p99=4,617 (tokens)
                           tot  in=25,819,651     out=219,440
                           trace theoretical_prefix_cache_hit=95.1%
                           srv  prefix_cache_hit=92.9% unique_in_srv=1,916,801 ext_cache_hit=0.0% kv_usage=40.3% queue=5r/0w tput_in_srv=14,746/s tput_out_srv=127/s
2026-06-04 07:12:05.450 - records_manager - INFO - [realtime 28:55 profiling] rps=0.3 (avg 0.2) tput_in=15363/s tput_out=130/s done=336 ok=336 err=0
                           ttft p50=700ms  p75=968ms  p95=3995ms p99=7976ms
                           itl  p50=39ms   p75=42ms   p95=51ms   p99=91ms
                           e2e  p50=10603ms p75=33193ms p95=101922ms p99=187366ms
                           intvty p50=26     p75=31     p95=55     p99=78 (1/tpot tok/s)
                           isl  p50=87,602    p75=97,465    p90=116,577   p99=190,542 (tokens)
                           osl  p50=244       p75=813       p90=1,876     p99=4,610 (tokens)
                           tot  in=26,606,062     out=225,191
                           trace theoretical_prefix_cache_hit=95.2%
                           srv  prefix_cache_hit=93.1% unique_in_srv=1,936,696 ext_cache_hit=0.0% kv_usage=55.5% queue=5r/0w tput_in_srv=14,970/s tput_out_srv=127/s
2026-06-04 07:12:37.243 - records_manager - INFO - [realtime 29:27 profiling] rps=0.3 (avg 0.2) tput_in=15533/s tput_out=129/s done=346 ok=346 err=0
                           ttft p50=701ms  p75=975ms  p95=4060ms p99=7834ms
                           itl  p50=39ms   p75=42ms   p95=51ms   p99=90ms
                           e2e  p50=10154ms p75=32425ms p95=101250ms p99=186415ms
                           intvty p50=26     p75=31     p95=54     p99=78 (1/tpot tok/s)
                           isl  p50=87,240    p75=97,533    p90=116,963   p99=190,483 (tokens)
                           osl  p50=237       p75=796       p90=1,863     p99=4,602 (tokens)
                           tot  in=27,365,023     out=227,406
                           trace theoretical_prefix_cache_hit=95.3%
                           srv  prefix_cache_hit=93.0% unique_in_srv=2,031,365 ext_cache_hit=0.0% kv_usage=59.0% queue=7r/0w tput_in_srv=15,162/s tput_out_srv=127/s
2026-06-04 07:13:09.346 - records_manager - INFO - [realtime 29:59 profiling] rps=0.5 (avg 0.2) tput_in=16146/s tput_out=130/s done=363 ok=363 err=0
                           ttft p50=705ms  p75=976ms  p95=3949ms p99=7593ms
                           itl  p50=39ms   p75=42ms   p95=52ms   p99=88ms
                           e2e  p50=9446ms p75=31014ms p95=101433ms p99=184798ms
                           intvty p50=26     p75=31     p95=54     p99=77 (1/tpot tok/s)
                           isl  p50=87,591    p75=98,649    p90=116,963   p99=190,763 (tokens)
                           osl  p50=230       p75=779       p90=1,857     p99=4,590 (tokens)
                           tot  in=28,979,724     out=233,521
                           trace theoretical_prefix_cache_hit=95.5%
                           srv  prefix_cache_hit=93.2% unique_in_srv=2,047,237 ext_cache_hit=0.0% kv_usage=34.8% queue=5r/0w tput_in_srv=15,622/s tput_out_srv=127/s
2026-06-04 07:13:09.567 - PhaseRunner - INFO - Timeout of 1799.999531393s elapsed for event 'profiling phase sending'
2026-06-04 07:13:09.568 - PhaseRunner - NOTICE - Phase profiling sending complete | sent=369, completed=364, in_flight=5 | sessions: sent=6, completed=4 | timeout_triggered=True
2026-06-04 07:13:09.568 - PhaseRunner - INFO - Waiting for event 'profiling phase credits returned' with timeout of 29.998915843000077s
2026-06-04 07:13:09.569 - records_manager - INFO - Sent 369 requests. Waiting for all to complete...
2026-06-04 07:13:39.568 - PhaseRunner - INFO - Timeout of 29.998915843000077s elapsed for event 'profiling phase credits returned'
2026-06-04 07:13:39.568 - PhaseRunner - WARNING - Phase profiling timed out, cancelling all credits. Stats: sent=369, completed=367, cancelled=0, in_flight=2
2026-06-04 07:13:39.568 - StickyCreditRouter_0eda98ee - INFO - Sent cancellation requests for 2 in-flight credits across 2 workers
2026-06-04 07:13:39.568 - PhaseRunner - INFO - Waiting for all cancelled credits to be returned for phase profiling. Need 2 more credits.
2026-06-04 07:13:41.509 - records_manager - INFO - [realtime 30:31 profiling] rps=0.1 (avg 0.2) tput_in=16144/s tput_out=132/s done=367 ok=367 err=0
                           ttft p50=705ms  p75=978ms  p95=3845ms p99=7536ms
                           itl  p50=39ms   p75=42ms   p95=52ms   p99=88ms
                           e2e  p50=9554ms p75=31014ms p95=102550ms p99=191781ms
                           intvty p50=26     p75=31     p95=53     p99=77 (1/tpot tok/s)
                           isl  p50=87,591    p75=98,718    p90=116,963   p99=191,013 (tokens)
                           osl  p50=230       p75=779       p90=1,862     p99=4,892 (tokens)
                           tot  in=29,417,135     out=241,034
                           trace theoretical_prefix_cache_hit=95.5%
                           srv  prefix_cache_hit=93.3% unique_in_srv=2,047,977 ext_cache_hit=0.0% kv_usage=15.7% queue=2r/0w tput_in_srv=15,463/s tput_out_srv=127/s
2026-06-04 07:13:49.569 - PhaseRunner - ERROR - Timeout waiting 10.0s for cancelled credits to return. Some credits may be stuck. Forcing phase completion.
2026-06-04 07:13:49.569 - PhaseRunner - NOTICE - Phase profiling complete | completed=367, cancelled=2, errors=0 | sessions: completed=4, cancelled=0 | elapsed=1840.00s | grace_period_timeout=True
2026-06-04 07:13:49.570 - aiperf.timing.branch_orchestrator - INFO - BranchOrchestrator stats: spawned=5 completed=3 errored=0 suspended=2 resumed=1 parents_failed_due_to_child_error=0 joins_suppressed=1
2026-06-04 07:13:49.570 - aiperf.timing.branch_orchestrator - WARNING - BranchOrchestrator leaked state at cleanup: 1 active_joins, 0 future_joins, 1 tracked children, 1 parents with descendants
2026-06-04 07:13:49.570 - aiperf.timing.branch_orchestrator - WARNING - Abandoned pending join for parent 48d22ac9-0d6e-4988-9064-b8e59dfe9d51 (outstanding=1, gated_turn_index=12, age_ms=245708)
2026-06-04 07:13:49.570 - PhaseOrchestrator_e57f1640 - NOTICE - All credits completed
2026-06-04 07:13:49.571 - records_manager - INFO - Received CREDIT_PHASE_COMPLETE message, Phase complete: PhaseRecordsStats(phase=CreditPhase.PROFILING, start_ns=1780555389567511224, sent_end_ns=1780557189568183374, requests_end_ns=1780557229569848704, total_expected_requests=None, expected_duration_sec=None, expected_num_sessions=None, expected_grace_period_sec=None, final_requests_sent=None, final_requests_completed=367, final_requests_cancelled=2, final_request_errors=0, final_sent_sessions=None, final_completed_sessions=None, final_cancelled_sessions=None, timeout_triggered=True, grace_period_timeout_triggered=True, was_cancelled=False, records_end_ns=None, success_records=367, error_records=0)
2026-06-04 07:13:49.571 - records_manager - NOTICE - All requests have completed, please wait for the results to be processed (currently 367 of 367 records processed)...
2026-06-04 07:13:49.571 - records_manager - INFO - Processed 367 valid requests and 0 errors (367 total).
2026-06-04 07:13:49.571 - records_manager - INFO - Received all records, processing now...
2026-06-04 07:13:49.571 - system_controller - INFO - Received credits complete from 'timing_manager'
2026-06-04 07:13:49.572 - records_manager - INFO - All credits complete, please wait for the results to be processed...
2026-06-04 07:13:49.572 - server_metrics_manager - INFO - Server Metrics: Profiling complete, capturing final metrics...
2026-06-04 07:13:49.573 - records_manager - INFO - Waiting 2.0s for server metrics flush period...
2026-06-04 07:13:51.570 - records_manager - INFO - Processing records results...
2026-06-04 07:13:55.737 - RecordExportJSONLWriter_06d4aac7 - WARNING - Timeout waiting for 0 pending flush tasks during shutdown. Cancelling tasks and proceeding with cleanup.
2026-06-04 07:13:55.979 - system_controller - INFO - Waiting for server metrics results...
2026-06-04 07:13:55.979 - system_controller - INFO - Waiting for server metrics results...
2026-06-04 07:13:57.411 - records_manager - INFO - _finalize_and_process_results completed
2026-06-04 07:13:57.704 - system_controller - INFO - All results received, initiating shutdown
2026-06-04 07:13:58.540 - ExporterManager - INFO - Exporting all records
2026-06-04 07:13:58.770 - aiperf.common.scenario.validator - INFO - Scenario 'inferencex-agentx-mvp': setting timing_mode=agentic_replay (was at default request_rate).
2026-06-04 07:14:00.361 - aiperf.common.scenario.validator - INFO - Scenario 'inferencex-agentx-mvp': setting timing_mode=agentic_replay (was at default request_rate).
2026-06-04 07:14:00.449 - ExporterManager - INFO - Exporting console data
