2026-06-03 06:22:34.237 - aiperf.cli_runner - INFO - Starting AIPerf System
2026-06-03 06:22:34.472 - server_metrics_manager - INFO - Server Metrics: Discovered 1 endpoints: ['http://localhost:8893/metrics']
2026-06-03 06:22:34.538 - system_controller - INFO - Registered Worker Manager (id: 'worker_manager')
2026-06-03 06:22:34.550 - system_controller - INFO - Registered Dataset Manager (id: 'dataset_manager')
2026-06-03 06:22:34.577 - system_controller - INFO - Registered Gpu Telemetry Manager (id: 'gpu_telemetry_manager')
2026-06-03 06:22:34.591 - system_controller - INFO - Registered Server Metrics Manager (id: 'server_metrics_manager')
2026-06-03 06:22:34.635 - system_controller - INFO - Registered Record Processor (id: 'record_processor_8702c0c5')
2026-06-03 06:22:34.653 - GPUTelemetryJSONLWriter_49bdecee - INFO - GPU telemetry export enabled: /workspace/results/aiperf_artifacts/gpu_telemetry_export.jsonl
2026-06-03 06:22:34.654 - RecordExportJSONLWriter_7ba2722e - INFO - Record metrics export enabled: /workspace/results/aiperf_artifacts/profile_export.jsonl
2026-06-03 06:22:34.658 - system_controller - INFO - Registered Timing Manager (id: 'timing_manager')
2026-06-03 06:22:34.730 - system_controller - INFO - Registered Worker (id: 'worker_5b4485d4')
2026-06-03 06:22:34.734 - system_controller - INFO - Registered Worker (id: 'worker_581ce9d6')
2026-06-03 06:22:34.781 - system_controller - INFO - Registered Records Manager (id: 'records_manager')
2026-06-03 06:22:34.927 - system_controller - INFO - AIPerf System is CONFIGURING
2026-06-03 06:22:34.927 - system_controller - INFO - Configuring all services to start profiling
2026-06-03 06:22:34.929 - InferenceResultParser_c974d655 - INFO - Tokenization is disabled for this endpoint, skipping tokenizer configuration
2026-06-03 06:22:34.929 - timing_manager - INFO - Waiting for dataset to be configured before configuring timing
2026-06-03 06:22:34.941 - system_controller - INFO - GPU telemetry disabled - no DCGM endpoints reachable
2026-06-03 06:22:34.949 - server_metrics_manager - INFO - Server Metrics: Capturing baseline metrics...
2026-06-03 06:22:34.978 - http://localhost:8893/metrics - INFO - Skipping unsupported summary metric: http_request_size_bytes
2026-06-03 06:22:34.978 - http://localhost:8893/metrics - INFO - Skipping unsupported summary metric: http_response_size_bytes
2026-06-03 06:22:34.980 - system_controller - INFO - Server metrics enabled - 1/1 endpoint(s) reachable.
2026-06-03 06:22:35.007 - dataset_manager - INFO - Memory-mapped dataset cache HIT (key=ff75f2f4ef52300e2266b7e8fa1f0d9e); skipping tokenizer + composer.
2026-06-03 06:22:35.442 - aiperf.dataset.mmap_cache - INFO - Restored mmap cache file dataset.dat via copy in 0.435s (1.27 GiB)
2026-06-03 06:22:35.443 - aiperf.dataset.mmap_cache - INFO - Restored mmap cache file index.dat via copy in 0.001s (0.00 GiB)
2026-06-03 06:22:35.443 - aiperf.dataset.mmap_cache - INFO - Restored mmap cache files in 0.436s via dataset=copy index=copy (dataset=1.27 GiB, index=0.00 GiB)
2026-06-03 06:22:35.590 - dataset_manager - INFO - sampling strategy: sequential, unique conversations: 678, unique turn count: 52915
2026-06-03 06:22:35.828 - aiperf.timing.trajectory_source - INFO - TrajectorySource: built 2 trajectories from 225 traces
  range cfg=[0.25, 0.75]  observed sample pct: min= 39% median= 47% max= 55%
    lane=00  sample_time= 39%  root_next= 14/32  ( 44% turns)  live=1 ready=1  trace_id=00e7d11db2db59f44a87b4110175b11d1af3
    lane=01  sample_time= 55%  root_next= 15/28  ( 54% turns)  live=1 ready=1  trace_id=01fece675b92efe07620225cd69c3884f774
2026-06-03 06:22:35.828 - PhaseOrchestrator_b09c851a - INFO - Initialized 2 phase(s): ['Warmup', 'Profiling']
2026-06-03 06:22:35.870 - dataset_manager - INFO - Dataset client initialized and freed 0 conversations from memory
2026-06-03 06:22:35.872 - system_controller - INFO - All services configured in 0.94 seconds
2026-06-03 06:22:35.872 - system_controller - INFO - AIPerf System is CONFIGURED
2026-06-03 06:22:35.873 - server_metrics_manager - INFO - Server Metrics: Started 1 collector(s) successfully
2026-06-03 06:22:35.894 - PhaseRunner - NOTICE - Phase warmup started | target: 2 requests
2026-06-03 06:22:35.895 - AgenticReplayTiming - INFO - WARMUP execute: dispatching 2 trajectory credits
2026-06-03 06:22:35.895 - PhaseRunner - NOTICE - Phase warmup sending complete | sent=2, completed=0, in_flight=2
2026-06-03 06:22:35.937 - records_manager - INFO - Credit phase start: warmup
2026-06-03 06:22:35.937 - system_controller - INFO - All services started profiling successfully
2026-06-03 06:22:35.938 - system_controller - INFO - AIPerf System is PROFILING
2026-06-03 06:22:54.594 - PhaseRunner - NOTICE - Phase warmup complete | completed=2, cancelled=0, errors=0 | elapsed=18.70s
2026-06-03 06:22:54.595 - aiperf.timing.branch_orchestrator - INFO - BranchOrchestrator stats: spawned=0 completed=0 errored=0 suspended=0 resumed=0 parents_failed_due_to_child_error=0 joins_suppressed=0
2026-06-03 06:22:54.607 - AgenticReplayTiming - INFO - PROFILING setup: trajectories=2 traces, recycle_queue=225 traces (full pool)
2026-06-03 06:22:54.607 - PhaseRunner - NOTICE - Phase profiling started | target: 1800.0s duration
2026-06-03 06:22:54.608 - PhaseRunner - INFO - Waiting for event 'profiling phase sending' with timeout of 1799.999437972s
2026-06-03 06:22:54.608 - AgenticReplayTiming - INFO - PROFILING execute: resuming 2 trajectory sessions
2026-06-03 06:22:54.608 - records_manager - INFO - Credit phase start: profiling
2026-06-03 06:23:04.702 - records_manager - INFO - [realtime 00:10 profiling] rps=1.0 (avg 1.0) tput_in=64975/s tput_out=60/s done=1 ok=1 err=0
                           ttft p50=344ms  p75=344ms  p95=344ms  p99=344ms
                           itl  p50=11ms   p75=11ms   p95=11ms   p99=11ms
                           e2e  p50=983ms  p75=983ms  p95=983ms  p99=983ms
                           intvty p50=91     p75=91     p95=91     p99=91 (1/tpot tok/s)
                           isl  p50=63,870    p75=63,870    p90=63,870    p99=63,870 (tokens)
                           osl  p50=59        p75=59        p90=59        p99=59 (tokens)
                           tot  in=63,870         out=59
                           trace theoretical_prefix_cache_hit=99.5%
                           srv  prefix_cache_hit=31.7% unique_in_srv=137,351 ext_cache_hit=0.0% kv_usage=0.0% queue=0r/0w tput_in_srv=6,800/s tput_out_srv=11/s
2026-06-03 06:23:34.718 - records_manager - INFO - [realtime 00:40 profiling] rps=0.0 (avg 0.1) tput_in=3827/s tput_out=7/s done=2 ok=2 err=0
                           ttft p50=363ms  p75=372ms  p95=380ms  p99=381ms
                           itl  p50=11ms   p75=11ms   p95=11ms   p99=11ms
                           e2e  p50=1779ms p75=2177ms p95=2495ms p99=2559ms
                           intvty p50=91     p75=91     p95=91     p99=91 (1/tpot tok/s)
                           isl  p50=68,678    p75=71,081    p90=72,524    p99=73,389 (tokens)
                           osl  p50=129       p75=164       p90=185       p99=198 (tokens)
                           tot  in=137,355        out=258
                           trace theoretical_prefix_cache_hit=96.7%
                           srv  prefix_cache_hit=50.0% unique_in_srv=137,352 ext_cache_hit=0.0% kv_usage=0.0% queue=0r/0w tput_in_srv=4,609/s tput_out_srv=9/s
2026-06-03 06:24:04.742 - records_manager - INFO - [realtime 01:10 profiling] rps=0.1 (avg 0.1) tput_in=5339/s tput_out=24/s done=5 ok=5 err=0
                           ttft p50=1139ms p75=1528ms p95=1850ms p99=1915ms
                           itl  p50=11ms   p75=12ms   p95=13ms   p99=13ms
                           e2e  p50=2575ms p75=4567ms p95=11642ms p99=13057ms
                           intvty p50=90     p75=90     p95=91     p99=91 (1/tpot tok/s)
                           isl  p50=73,485    p75=74,007    p90=74,241    p99=74,381 (tokens)
                           osl  p50=199       p75=236       p90=756       p99=1,067 (tokens)
                           tot  in=349,830        out=1,605
                           trace theoretical_prefix_cache_hit=98.4%
                           srv  prefix_cache_hit=71.6% unique_in_srv=138,534 ext_cache_hit=0.0% kv_usage=0.0% queue=0r/0w tput_in_srv=5,438/s tput_out_srv=21/s
2026-06-03 06:24:34.823 - records_manager - INFO - [realtime 01:40 profiling] rps=0.1 (avg 0.1) tput_in=6511/s tput_out=20/s done=9 ok=9 err=0
                           ttft p50=1139ms p75=1528ms p95=2064ms p99=2135ms
                           itl  p50=11ms   p75=12ms   p95=16ms   p99=17ms
                           e2e  p50=2244ms p75=4567ms p95=10365ms p99=12801ms
                           intvty p50=89     p75=90     p95=91     p99=91 (1/tpot tok/s)
                           isl  p50=64,869    p75=74,007    p90=75,371    p99=78,878 (tokens)
                           osl  p50=59        p75=236       p90=418       p99=1,034 (tokens)
                           tot  in=622,587        out=1,885
                           trace theoretical_prefix_cache_hit=98.2%
                           srv  prefix_cache_hit=81.0% unique_in_srv=144,203 ext_cache_hit=0.0% kv_usage=0.0% queue=0r/0w tput_in_srv=6,354/s tput_out_srv=18/s
2026-06-03 06:25:04.866 - records_manager - INFO - [realtime 02:10 profiling] rps=0.0 (avg 0.1) tput_in=5864/s tput_out=20/s done=10 ok=10 err=0
                           ttft p50=1096ms p75=1527ms p95=2053ms p99=2133ms
                           itl  p50=11ms   p75=12ms   p95=15ms   p99=17ms
                           e2e  p50=2410ms p75=5489ms p95=10162ms p99=12761ms
                           intvty p50=89     p75=90     p95=91     p99=91 (1/tpot tok/s)
                           isl  p50=69,177    p75=74,300    p90=79,352    p99=80,033 (tokens)
                           osl  p50=129       p75=244       p90=533       p99=1,045 (tokens)
                           tot  in=702,696        out=2,355
                           trace theoretical_prefix_cache_hit=98.3%
                           srv  prefix_cache_hit=82.7% unique_in_srv=145,044 ext_cache_hit=0.0% kv_usage=0.0% queue=0r/0w tput_in_srv=5,615/s tput_out_srv=17/s
2026-06-03 06:25:34.921 - records_manager - INFO - [realtime 02:40 profiling] rps=0.1 (avg 0.1) tput_in=5396/s tput_out=21/s done=12 ok=12 err=0
                           ttft p50=1088ms p75=1524ms p95=2031ms p99=2128ms
                           itl  p50=11ms   p75=12ms   p95=15ms   p99=17ms
                           e2e  p50=2410ms p75=5895ms p95=11950ms p99=13118ms
                           intvty p50=89     p75=90     p95=90     p99=91 (1/tpot tok/s)
                           isl  p50=69,177    p75=75,615    p90=80,025    p99=81,257 (tokens)
                           osl  p50=136       p75=303       p90=822       p99=1,075 (tokens)
                           tot  in=848,964        out=3,290
                           trace theoretical_prefix_cache_hit=98.4%
                           srv  prefix_cache_hit=86.2% unique_in_srv=147,945 ext_cache_hit=0.0% kv_usage=2.3% queue=1r/0w tput_in_srv=5,954/s tput_out_srv=25/s
2026-06-03 06:26:04.989 - records_manager - INFO - [realtime 03:10 profiling] rps=0.1 (avg 0.1) tput_in=5836/s tput_out=39/s done=15 ok=15 err=0
                           ttft p50=1118ms p75=1525ms p95=1997ms p99=2121ms
                           itl  p50=11ms   p75=12ms   p95=14ms   p99=17ms
                           e2e  p50=2575ms p75=8473ms p95=19760ms p99=30966ms
                           intvty p50=88     p75=89     p95=90     p99=91 (1/tpot tok/s)
                           isl  p50=67,827    p75=76,832    p90=80,883    p99=82,784 (tokens)
                           osl  p50=199       p75=666       p90=1,075     p99=2,530 (tokens)
                           tot  in=1,066,918      out=7,096
                           trace theoretical_prefix_cache_hit=98.3%
                           srv  prefix_cache_hit=87.5% unique_in_srv=150,903 ext_cache_hit=0.0% kv_usage=0.0% queue=0r/0w tput_in_srv=5,745/s tput_out_srv=35/s
2026-06-03 06:26:35.058 - records_manager - INFO - [realtime 03:40 profiling] rps=0.0 (avg 0.1) tput_in=5790/s tput_out=37/s done=16 ok=16 err=0
                           ttft p50=1085ms p75=1524ms p95=1986ms p99=2119ms
                           itl  p50=11ms   p75=12ms   p95=14ms   p99=17ms
                           e2e  p50=2923ms p75=7333ms p95=18760ms p99=30766ms
                           intvty p50=89     p75=89     p95=90     p99=91 (1/tpot tok/s)
                           isl  p50=70,656    p75=79,478    p90=82,204    p99=83,935 (tokens)
                           osl  p50=202       p75=568       p90=1,068     p99=2,513 (tokens)
                           tot  in=1,151,016      out=7,300
                           trace theoretical_prefix_cache_hit=98.3%
                           srv  prefix_cache_hit=88.2% unique_in_srv=151,992 ext_cache_hit=0.0% kv_usage=0.0% queue=0r/0w tput_in_srv=5,369/s tput_out_srv=31/s
2026-06-03 06:27:05.139 - records_manager - INFO - [realtime 04:10 profiling] rps=0.1 (avg 0.1) tput_in=5607/s tput_out=35/s done=19 ok=19 err=0
                           ttft p50=1124ms p75=1673ms p95=2444ms p99=3907ms
                           itl  p50=11ms   p75=12ms   p95=13ms   p99=17ms
                           e2e  p50=4337ms p75=8473ms p95=17669ms p99=30547ms
                           intvty p50=87     p75=89     p95=90     p99=91 (1/tpot tok/s)
                           isl  p50=73,485    p75=79,688    p90=83,227    p99=84,314 (tokens)
                           osl  p50=204       p75=666       p90=1,112     p99=2,473 (tokens)
                           tot  in=1,382,932      out=8,727
                           trace theoretical_prefix_cache_hit=98.1%
                           srv  prefix_cache_hit=88.4% unique_in_srv=188,822 ext_cache_hit=0.0% kv_usage=3.0% queue=1r/0w tput_in_srv=6,044/s tput_out_srv=34/s
2026-06-03 06:27:35.224 - records_manager - INFO - [realtime 04:40 profiling] rps=0.0 (avg 0.1) tput_in=5435/s tput_out=41/s done=20 ok=20 err=0
                           ttft p50=1131ms p75=1847ms p95=4431ms p99=6817ms
                           itl  p50=11ms   p75=12ms   p95=13ms   p99=17ms
                           e2e  p50=4361ms p75=11419ms p95=33867ms p99=35378ms
                           intvty p50=88     p75=89     p95=90     p99=91 (1/tpot tok/s)
                           isl  p50=73,746    p75=80,432    p90=84,124    p99=106,132 (tokens)
                           osl  p50=220       p75=904       p90=1,287     p99=2,710 (tokens)
                           tot  in=1,494,171      out=11,213
                           trace theoretical_prefix_cache_hit=96.4%
                           srv  prefix_cache_hit=88.4% unique_in_srv=188,822 ext_cache_hit=0.0% kv_usage=0.0% queue=0r/0w tput_in_srv=5,439/s tput_out_srv=38/s
2026-06-03 06:28:05.314 - records_manager - INFO - [realtime 05:10 profiling] rps=0.0 (avg 0.1) tput_in=5339/s tput_out=40/s done=21 ok=21 err=0
                           ttft p50=1139ms p75=1819ms p95=4273ms p99=6786ms
                           itl  p50=11ms   p75=12ms   p95=13ms   p99=16ms
                           e2e  p50=4385ms p75=10755ms p95=33767ms p99=35358ms
                           intvty p50=88     p75=89     p95=90     p99=91 (1/tpot tok/s)
                           isl  p50=74,007    p75=81,399    p90=84,362    p99=112,729 (tokens)
                           osl  p50=236       p75=861       p90=1,154     p99=2,707 (tokens)
                           tot  in=1,607,273      out=12,006
                           trace theoretical_prefix_cache_hit=96.5%
                           srv  prefix_cache_hit=89.5% unique_in_srv=190,760 ext_cache_hit=0.0% kv_usage=2.0% queue=1r/0w tput_in_srv=5,511/s tput_out_srv=37/s
2026-06-03 06:28:35.408 - records_manager - INFO - [realtime 05:40 profiling] rps=0.0 (avg 0.1) tput_in=5449/s tput_out=39/s done=22 ok=22 err=0
                           ttft p50=1203ms p75=1746ms p95=4172ms p99=6755ms
                           itl  p50=11ms   p75=12ms   p95=13ms   p99=16ms
                           e2e  p50=4361ms p75=10669ms p95=32873ms p99=35339ms
                           intvty p50=88     p75=89     p95=90     p99=91 (1/tpot tok/s)
                           isl  p50=73,896    p75=81,076    p90=84,336    p99=112,711 (tokens)
                           osl  p50=220       p75=844       p90=1,149     p99=2,704 (tokens)
                           tot  in=1,681,058      out=12,057
                           trace theoretical_prefix_cache_hit=96.7%
                           srv  prefix_cache_hit=90.1% unique_in_srv=191,087 ext_cache_hit=0.0% kv_usage=3.2% queue=1r/0w tput_in_srv=5,362/s tput_out_srv=41/s
2026-06-03 06:29:05.506 - records_manager - INFO - [realtime 06:10 profiling] rps=0.1 (avg 0.1) tput_in=5186/s tput_out=43/s done=24 ok=24 err=0
                           ttft p50=1303ms p75=1725ms p95=3968ms p99=6692ms
                           itl  p50=11ms   p75=12ms   p95=13ms   p99=16ms
                           e2e  p50=4476ms p75=11419ms p95=35458ms p99=38830ms
                           intvty p50=88     p75=89     p95=90     p99=91 (1/tpot tok/s)
                           isl  p50=74,054    p75=83,281    p90=112,543   p99=116,145 (tokens)
                           osl  p50=242       p75=904       p90=2,086     p99=3,224 (tokens)
                           tot  in=1,911,443      out=15,736
                           trace theoretical_prefix_cache_hit=96.9%
                           srv  prefix_cache_hit=90.5% unique_in_srv=194,614 ext_cache_hit=0.0% kv_usage=0.0% queue=0r/0w tput_in_srv=5,248/s tput_out_srv=41/s
2026-06-03 06:29:35.617 - records_manager - INFO - [realtime 06:41 profiling] rps=0.2 (avg 0.1) tput_in=5788/s tput_out=43/s done=29 ok=29 err=0
                           ttft p50=1256ms p75=1694ms p95=3460ms p99=6535ms
                           itl  p50=11ms   p75=12ms   p95=14ms   p99=17ms
                           e2e  p50=4567ms p75=10411ms p95=34961ms p99=38631ms
                           intvty p50=88     p75=89     p95=91     p99=102 (1/tpot tok/s)
                           isl  p50=74,110    p75=84,098    p90=114,134   p99=117,517 (tokens)
                           osl  p50=247       p75=793       p90=1,420     p99=3,194 (tokens)
                           tot  in=2,296,053      out=17,236
                           trace theoretical_prefix_cache_hit=97.3%
                           srv  prefix_cache_hit=91.9% unique_in_srv=197,095 ext_cache_hit=0.0% kv_usage=0.0% queue=0r/0w tput_in_srv=5,789/s tput_out_srv=42/s
2026-06-03 06:30:05.726 - records_manager - INFO - [realtime 07:11 profiling] rps=0.0 (avg 0.1) tput_in=5746/s tput_out=42/s done=30 ok=30 err=0
                           ttft p50=1262ms p75=1788ms p95=3359ms p99=6503ms
                           itl  p50=11ms   p75=12ms   p95=14ms   p99=17ms
                           e2e  p50=4878ms p75=9599ms p95=34861ms p99=38591ms
                           intvty p50=87     p75=89     p95=91     p99=102 (1/tpot tok/s)
                           isl  p50=74,254    p75=84,296    p90=116,989   p99=117,842 (tokens)
                           osl  p50=257       p75=736       p90=1,287     p99=3,188 (tokens)
                           tot  in=2,413,991      out=17,503
                           trace theoretical_prefix_cache_hit=97.4%
                           srv  prefix_cache_hit=90.7% unique_in_srv=254,435 ext_cache_hit=0.0% kv_usage=4.9% queue=2r/0w tput_in_srv=6,057/s tput_out_srv=44/s
2026-06-03 06:30:35.835 - records_manager - INFO - [realtime 07:41 profiling] rps=0.0 (avg 0.1) tput_in=5889/s tput_out=42/s done=31 ok=31 err=0
                           ttft p50=1267ms p75=1812ms p95=3257ms p99=6472ms
                           itl  p50=11ms   p75=12ms   p95=14ms   p99=16ms
                           e2e  p50=5188ms p75=8788ms p95=34762ms p99=38551ms
                           intvty p50=87     p75=89     p95=91     p99=102 (1/tpot tok/s)
                           isl  p50=74,397    p75=97,800    p90=117,282   p99=118,258 (tokens)
                           osl  p50=267       p75=678       p90=1,154     p99=3,182 (tokens)
                           tot  in=2,532,386      out=17,908
                           trace theoretical_prefix_cache_hit=97.5%
                           srv  prefix_cache_hit=90.7% unique_in_srv=254,435 ext_cache_hit=0.0% kv_usage=1.7% queue=1r/0w tput_in_srv=5,674/s tput_out_srv=48/s
2026-06-03 06:31:05.947 - records_manager - INFO - [realtime 08:11 profiling] rps=0.0 (avg 0.1) tput_in=5889/s tput_out=42/s done=31 ok=31 err=0
                           ttft p50=1267ms p75=1812ms p95=3257ms p99=6472ms
                           itl  p50=11ms   p75=12ms   p95=14ms   p99=16ms
                           e2e  p50=5188ms p75=8788ms p95=34762ms p99=38551ms
                           intvty p50=87     p75=89     p95=91     p99=102 (1/tpot tok/s)
                           isl  p50=74,397    p75=97,800    p90=117,282   p99=118,258 (tokens)
                           osl  p50=267       p75=678       p90=1,154     p99=3,182 (tokens)
                           tot  in=2,532,386      out=17,908
                           trace theoretical_prefix_cache_hit=97.5%
                           srv  prefix_cache_hit=90.7% unique_in_srv=254,435 ext_cache_hit=0.0% kv_usage=1.8% queue=1r/0w tput_in_srv=5,341/s tput_out_srv=50/s
2026-06-03 06:31:36.078 - records_manager - INFO - [realtime 08:41 profiling] rps=0.2 (avg 0.1) tput_in=5364/s tput_out=53/s done=36 ok=36 err=0
                           ttft p50=1303ms p75=1875ms p95=4511ms p99=6647ms
                           itl  p50=11ms   p75=12ms   p95=13ms   p99=16ms
                           e2e  p50=5198ms p75=10372ms p95=36754ms p99=75710ms
                           intvty p50=87     p75=89     p95=92     p99=102 (1/tpot tok/s)
                           isl  p50=74,106    p75=91,081    p90=117,445   p99=118,775 (tokens)
                           osl  p50=267       p75=810       p90=1,820     p99=6,238 (tokens)
                           tot  in=2,775,515      out=27,254
                           trace theoretical_prefix_cache_hit=94.5%
                           srv  prefix_cache_hit=90.1% unique_in_srv=288,773 ext_cache_hit=0.0% kv_usage=0.0% queue=0r/0w tput_in_srv=5,388/s tput_out_srv=51/s
2026-06-03 06:32:06.211 - records_manager - INFO - [realtime 09:11 profiling] rps=0.1 (avg 0.1) tput_in=5311/s tput_out=51/s done=38 ok=38 err=0
                           ttft p50=1262ms p75=1847ms p95=4416ms p99=6603ms
                           itl  p50=11ms   p75=12ms   p95=13ms   p99=16ms
                           e2e  p50=5198ms p75=9873ms p95=36355ms p99=74603ms
                           intvty p50=87     p75=89     p95=92     p99=101 (1/tpot tok/s)
                           isl  p50=74,054    p75=84,296    p90=117,380   p99=118,763 (tokens)
                           osl  p50=267       p75=764       p90=1,554     p99=6,149 (tokens)
                           tot  in=2,896,408      out=27,935
                           trace theoretical_prefix_cache_hit=94.6%
                           srv  prefix_cache_hit=90.4% unique_in_srv=292,305 ext_cache_hit=0.0% kv_usage=0.0% queue=0r/0w tput_in_srv=5,313/s tput_out_srv=49/s
2026-06-03 06:32:36.349 - records_manager - INFO - [realtime 09:41 profiling] rps=0.0 (avg 0.1) tput_in=5096/s tput_out=50/s done=39 ok=39 err=0
                           ttft p50=1256ms p75=1838ms p95=4368ms p99=6582ms
                           itl  p50=11ms   p75=12ms   p95=13ms   p99=16ms
                           e2e  p50=5208ms p75=9387ms p95=36156ms p99=74050ms
                           intvty p50=88     p75=89     p95=92     p99=101 (1/tpot tok/s)
                           isl  p50=74,007    p75=84,230    p90=117,347   p99=118,757 (tokens)
                           osl  p50=267       p75=740       p90=1,420     p99=6,105 (tokens)
                           tot  in=2,931,000      out=28,621
                           trace theoretical_prefix_cache_hit=94.6%
                           srv  prefix_cache_hit=90.4% unique_in_srv=293,141 ext_cache_hit=0.0% kv_usage=0.0% queue=0r/0w tput_in_srv=5,105/s tput_out_srv=48/s
2026-06-03 06:33:06.525 - records_manager - INFO - [realtime 10:11 profiling] rps=0.0 (avg 0.1) tput_in=5039/s tput_out=50/s done=40 ok=40 err=0
                           ttft p50=1198ms p75=1828ms p95=4321ms p99=6560ms
                           itl  p50=11ms   p75=12ms   p95=13ms   p99=16ms
                           e2e  p50=5269ms p75=9660ms p95=35956ms p99=73497ms
                           intvty p50=88     p75=90     p95=92     p99=101 (1/tpot tok/s)
                           isl  p50=73,896    p75=84,164    p90=117,315   p99=118,751 (tokens)
                           osl  p50=282       p75=798       p90=1,287     p99=6,061 (tokens)
                           tot  in=2,967,329      out=29,436
                           trace theoretical_prefix_cache_hit=94.6%
                           srv  prefix_cache_hit=90.6% unique_in_srv=301,286 ext_cache_hit=0.0% kv_usage=2.8% queue=2r/0w tput_in_srv=5,080/s tput_out_srv=50/s
2026-06-03 06:33:36.669 - records_manager - INFO - [realtime 10:42 profiling] rps=0.1 (avg 0.1) tput_in=4829/s tput_out=51/s done=43 ok=43 err=0
                           ttft p50=1147ms p75=1838ms p95=5128ms p99=7055ms
                           itl  p50=11ms   p75=12ms   p95=13ms   p99=16ms
                           e2e  p50=5656ms p75=9893ms p95=35557ms p99=71837ms
                           intvty p50=88     p75=89     p95=92     p99=101 (1/tpot tok/s)
                           isl  p50=73,485    p75=83,554    p90=117,217   p99=118,734 (tokens)
                           osl  p50=298       p75=804       p90=2,220     p99=5,928 (tokens)
                           tot  in=3,044,075      out=32,446
                           trace theoretical_prefix_cache_hit=93.4%
                           srv  prefix_cache_hit=88.4% unique_in_srv=379,484 ext_cache_hit=0.0% kv_usage=2.9% queue=2r/4w tput_in_srv=4,968/s tput_out_srv=54/s
2026-06-03 06:34:06.825 - records_manager - INFO - [realtime 11:12 profiling] rps=0.1 (avg 0.1) tput_in=4824/s tput_out=57/s done=47 ok=47 err=0
                           ttft p50=1256ms p75=1953ms p95=9995ms p99=30367ms
                           itl  p50=11ms   p75=12ms   p95=14ms   p99=16ms
                           e2e  p50=6192ms p75=12082ms p95=38551ms p99=79490ms
                           intvty p50=87     p75=89     p95=92     p99=100 (1/tpot tok/s)
                           isl  p50=67,827    p75=82,204    p90=117,086   p99=118,710 (tokens)
                           osl  p50=298       p75=838       p90=2,497     p99=6,130 (tokens)
                           tot  in=3,215,517      out=38,199
                           trace theoretical_prefix_cache_hit=90.3%
                           srv  prefix_cache_hit=86.0% unique_in_srv=476,961 ext_cache_hit=0.0% kv_usage=1.8% queue=2r/2w tput_in_srv=4,940/s tput_out_srv=57/s
2026-06-03 06:34:36.993 - records_manager - INFO - [realtime 11:42 profiling] rps=0.2 (avg 0.1) tput_in=4892/s tput_out=58/s done=53 ok=53 err=0
                           ttft p50=1360ms p75=2240ms p95=23695ms p99=33790ms
                           itl  p50=11ms   p75=12ms   p95=14ms   p99=16ms
                           e2e  p50=7164ms p75=13757ms p95=40496ms p99=77457ms
                           intvty p50=88     p75=89     p95=92     p99=99 (1/tpot tok/s)
                           isl  p50=64,869    p75=80,109    p90=116,251   p99=118,675 (tokens)
                           osl  p50=344       p75=793       p90=2,262     p99=5,915 (tokens)
                           tot  in=3,417,994      out=40,800
                           trace theoretical_prefix_cache_hit=90.2%
                           srv  prefix_cache_hit=86.2% unique_in_srv=502,089 ext_cache_hit=0.0% kv_usage=2.3% queue=2r/1w tput_in_srv=5,036/s tput_out_srv=62/s
2026-06-03 06:35:07.181 - records_manager - INFO - [realtime 12:12 profiling] rps=0.3 (avg 0.1) tput_in=5244/s tput_out=59/s done=62 ok=62 err=0
                           ttft p50=1611ms p75=4293ms p95=21016ms p99=33603ms
                           itl  p50=11ms   p75=12ms   p95=13ms   p99=16ms
                           e2e  p50=6692ms p75=13153ms p95=39549ms p99=74409ms
                           intvty p50=88     p75=89     p95=92     p99=98 (1/tpot tok/s)
                           isl  p50=63,462    p75=74,477    p90=113,396   p99=118,623 (tokens)
                           osl  p50=296       p75=654       p90=1,344     p99=5,591 (tokens)
                           tot  in=3,803,275      out=42,589
                           trace theoretical_prefix_cache_hit=90.2%
                           srv  prefix_cache_hit=86.7% unique_in_srv=534,353 ext_cache_hit=0.0% kv_usage=2.6% queue=2r/2w tput_in_srv=5,360/s tput_out_srv=65/s
2026-06-03 06:35:37.401 - records_manager - INFO - [realtime 12:42 profiling] rps=0.3 (avg 0.1) tput_in=5746/s tput_out=66/s done=72 ok=72 err=0
                           ttft p50=1525ms p75=4411ms p95=24014ms p99=33395ms
                           itl  p50=11ms   p75=12ms   p95=13ms   p99=15ms
                           e2e  p50=6155ms p75=12588ms p95=40589ms p99=99579ms
                           intvty p50=88     p75=89     p95=92     p99=96 (1/tpot tok/s)
                           isl  p50=62,217    p75=74,103    p90=112,916   p99=118,564 (tokens)
                           osl  p50=278       p75=570       p90=1,344     p99=6,801 (tokens)
                           tot  in=4,367,345      out=50,506
                           trace theoretical_prefix_cache_hit=90.5%
                           srv  prefix_cache_hit=87.8% unique_in_srv=547,830 ext_cache_hit=0.0% kv_usage=0.0% queue=0r/0w tput_in_srv=5,760/s tput_out_srv=65/s
2026-06-03 06:36:07.614 - records_manager - INFO - [realtime 13:13 profiling] rps=0.0 (avg 0.1) tput_in=5792/s tput_out=66/s done=73 ok=73 err=0
                           ttft p50=1523ms p75=4299ms p95=23695ms p99=33374ms
                           itl  p50=11ms   p75=12ms   p95=13ms   p99=15ms
                           e2e  p50=6118ms p75=12452ms p95=40496ms p99=99424ms
                           intvty p50=88     p75=89     p95=92     p99=96 (1/tpot tok/s)
                           isl  p50=61,891    p75=74,101    p90=112,729   p99=118,559 (tokens)
                           osl  p50=267       p75=563       p90=1,323     p99=6,787 (tokens)
                           tot  in=4,428,626      out=50,695
                           trace theoretical_prefix_cache_hit=90.6%
                           srv  prefix_cache_hit=88.1% unique_in_srv=548,554 ext_cache_hit=0.0% kv_usage=1.7% queue=1r/0w tput_in_srv=5,696/s tput_out_srv=65/s
2026-06-03 06:36:37.892 - records_manager - INFO - [realtime 13:43 profiling] rps=0.0 (avg 0.1) tput_in=5508/s tput_out=67/s done=74 ok=74 err=0
                           ttft p50=1459ms p75=4293ms p95=23377ms p99=33353ms
                           itl  p50=11ms   p75=12ms   p95=13ms   p99=15ms
                           e2e  p50=6155ms p75=12858ms p95=44007ms p99=99268ms
                           intvty p50=88     p75=89     p95=92     p99=96 (1/tpot tok/s)
                           isl  p50=61,751    p75=74,078    p90=112,543   p99=118,553 (tokens)
                           osl  p50=278       p75=584       p90=2,150     p99=6,773 (tokens)
                           tot  in=4,490,237      out=55,002
                           trace theoretical_prefix_cache_hit=90.7%
                           srv  prefix_cache_hit=87.9% unique_in_srv=567,752 ext_cache_hit=0.0% kv_usage=1.7% queue=1r/0w tput_in_srv=5,567/s tput_out_srv=66/s
2026-06-03 06:37:08.131 - records_manager - INFO - [realtime 14:13 profiling] rps=0.1 (avg 0.1) tput_in=5487/s tput_out=68/s done=76 ok=76 err=0
                           ttft p50=1459ms p75=4280ms p95=22739ms p99=33312ms
                           itl  p50=11ms   p75=12ms   p95=13ms   p99=15ms
                           e2e  p50=6155ms p75=13047ms p95=43324ms p99=98958ms
                           intvty p50=88     p75=89     p95=92     p99=96 (1/tpot tok/s)
                           isl  p50=61,912    p75=74,030    p90=112,170   p99=118,541 (tokens)
                           osl  p50=278       p75=612       p90=2,246     p99=6,746 (tokens)
                           tot  in=4,615,390      out=57,060
                           trace theoretical_prefix_cache_hit=90.5%
                           srv  prefix_cache_hit=88.1% unique_in_srv=567,821 ext_cache_hit=0.0% kv_usage=0.0% queue=0r/0w tput_in_srv=5,446/s tput_out_srv=66/s
2026-06-03 06:37:38.370 - records_manager - INFO - [realtime 14:43 profiling] rps=0.0 (avg 0.1) tput_in=5487/s tput_out=68/s done=76 ok=76 err=0
                           ttft p50=1459ms p75=4280ms p95=22739ms p99=33312ms
                           itl  p50=11ms   p75=12ms   p95=13ms   p99=15ms
                           e2e  p50=6155ms p75=13047ms p95=43324ms p99=98958ms
                           intvty p50=88     p75=89     p95=92     p99=96 (1/tpot tok/s)
                           isl  p50=61,912    p75=74,030    p90=112,170   p99=118,541 (tokens)
                           osl  p50=278       p75=612       p90=2,246     p99=6,746 (tokens)
                           tot  in=4,615,390      out=57,060
                           trace theoretical_prefix_cache_hit=90.5%
                           srv  prefix_cache_hit=88.1% unique_in_srv=567,821 ext_cache_hit=0.0% kv_usage=0.0% queue=0r/0w tput_in_srv=5,263/s tput_out_srv=63/s
2026-06-03 06:38:08.616 - records_manager - INFO - [realtime 15:14 profiling] rps=0.1 (avg 0.1) tput_in=5323/s tput_out=64/s done=79 ok=79 err=0
                           ttft p50=1360ms p75=3732ms p95=21783ms p99=33250ms
                           itl  p50=11ms   p75=12ms   p95=13ms   p99=15ms
                           e2e  p50=6084ms p75=12723ms p95=42300ms p99=98492ms
                           intvty p50=88     p75=89     p95=92     p99=95 (1/tpot tok/s)
                           isl  p50=62,543    p75=73,896    p90=111,612   p99=118,523 (tokens)
                           osl  p50=267       p75=577       p90=2,102     p99=6,704 (tokens)
                           tot  in=4,806,270      out=57,594
                           trace theoretical_prefix_cache_hit=90.9%
                           srv  prefix_cache_hit=88.5% unique_in_srv=570,330 ext_cache_hit=0.0% kv_usage=0.0% queue=0r/0w tput_in_srv=5,298/s tput_out_srv=62/s
2026-06-03 06:38:38.862 - records_manager - INFO - [realtime 15:44 profiling] rps=0.0 (avg 0.1) tput_in=5323/s tput_out=64/s done=79 ok=79 err=0
                           ttft p50=1360ms p75=3732ms p95=21783ms p99=33250ms
                           itl  p50=11ms   p75=12ms   p95=13ms   p99=15ms
                           e2e  p50=6084ms p75=12723ms p95=42300ms p99=98492ms
                           intvty p50=88     p75=89     p95=92     p99=95 (1/tpot tok/s)
                           isl  p50=62,543    p75=73,896    p90=111,612   p99=118,523 (tokens)
                           osl  p50=267       p75=577       p90=2,102     p99=6,704 (tokens)
                           tot  in=4,806,270      out=57,594
                           trace theoretical_prefix_cache_hit=90.9%
                           srv  prefix_cache_hit=87.3% unique_in_srv=633,788 ext_cache_hit=0.0% kv_usage=1.7% queue=1r/0w tput_in_srv=5,197/s tput_out_srv=60/s
2026-06-03 06:39:09.157 - records_manager - INFO - [realtime 16:14 profiling] rps=0.1 (avg 0.1) tput_in=5153/s tput_out=62/s done=81 ok=81 err=0
                           ttft p50=1360ms p75=4273ms p95=21146ms p99=33208ms
                           itl  p50=11ms   p75=12ms   p95=13ms   p99=15ms
                           e2e  p50=6118ms p75=12994ms p95=41617ms p99=98181ms
                           intvty p50=88     p75=89     p95=92     p99=95 (1/tpot tok/s)
                           isl  p50=62,745    p75=73,785    p90=111,239   p99=118,512 (tokens)
                           osl  p50=288       p75=591       p90=2,006     p99=6,676 (tokens)
                           tot  in=4,933,277      out=59,074
                           trace theoretical_prefix_cache_hit=90.7%
                           srv  prefix_cache_hit=87.5% unique_in_srv=633,789 ext_cache_hit=0.0% kv_usage=0.0% queue=0r/0w tput_in_srv=5,103/s tput_out_srv=60/s
2026-06-03 06:39:39.410 - records_manager - INFO - [realtime 16:44 profiling] rps=0.0 (avg 0.1) tput_in=5153/s tput_out=62/s done=81 ok=81 err=0
                           ttft p50=1360ms p75=4273ms p95=21146ms p99=33208ms
                           itl  p50=11ms   p75=12ms   p95=13ms   p99=15ms
                           e2e  p50=6118ms p75=12994ms p95=41617ms p99=98181ms
                           intvty p50=88     p75=89     p95=92     p99=95 (1/tpot tok/s)
                           isl  p50=62,745    p75=73,785    p90=111,239   p99=118,512 (tokens)
                           osl  p50=288       p75=591       p90=2,006     p99=6,676 (tokens)
                           tot  in=4,933,277      out=59,074
                           trace theoretical_prefix_cache_hit=90.7%
                           srv  prefix_cache_hit=87.6% unique_in_srv=634,499 ext_cache_hit=0.0% kv_usage=1.8% queue=1r/0w tput_in_srv=5,014/s tput_out_srv=59/s
2026-06-03 06:40:09.671 - records_manager - INFO - [realtime 17:15 profiling] rps=0.1 (avg 0.1) tput_in=5034/s tput_out=59/s done=84 ok=84 err=0
                           ttft p50=1311ms p75=3462ms p95=20757ms p99=33146ms
                           itl  p50=11ms   p75=12ms   p95=13ms   p99=15ms
                           e2e  p50=6101ms p75=12588ms p95=41337ms p99=97715ms
                           intvty p50=88     p75=89     p95=92     p99=95 (1/tpot tok/s)
                           isl  p50=62,969    p75=73,560    p90=103,176   p99=118,494 (tokens)
                           osl  p50=278       p75=612       p90=1,814     p99=6,635 (tokens)
                           tot  in=5,126,720      out=60,187
                           trace theoretical_prefix_cache_hit=91.0%
                           srv  prefix_cache_hit=87.9% unique_in_srv=635,727 ext_cache_hit=0.0% kv_usage=0.0% queue=0r/0w tput_in_srv=4,992/s tput_out_srv=57/s
2026-06-03 06:40:39.936 - records_manager - INFO - [realtime 17:45 profiling] rps=0.0 (avg 0.1) tput_in=4941/s tput_out=58/s done=85 ok=85 err=0
                           ttft p50=1340ms p75=3191ms p95=20627ms p99=33125ms
                           itl  p50=11ms   p75=12ms   p95=13ms   p99=15ms
                           e2e  p50=6118ms p75=12994ms p95=41243ms p99=97559ms
                           intvty p50=88     p75=90     p95=92     p99=95 (1/tpot tok/s)
                           isl  p50=63,055    p75=73,485    p90=100,488   p99=118,488 (tokens)
                           osl  p50=288       p75=675       p90=1,750     p99=6,621 (tokens)
                           tot  in=5,191,732      out=61,238
                           trace theoretical_prefix_cache_hit=91.1%
                           srv  prefix_cache_hit=88.2% unique_in_srv=636,057 ext_cache_hit=0.0% kv_usage=1.8% queue=1r/0w tput_in_srv=4,974/s tput_out_srv=57/s
2026-06-03 06:41:10.215 - records_manager - INFO - [realtime 18:15 profiling] rps=0.1 (avg 0.1) tput_in=5010/s tput_out=57/s done=89 ok=89 err=0
                           ttft p50=1267ms p75=3165ms p95=20109ms p99=33042ms
                           itl  p50=11ms   p75=12ms   p95=13ms   p99=15ms
                           e2e  p50=6084ms p75=12452ms p95=40870ms p99=96938ms
                           intvty p50=88     p75=90     p95=91     p99=94 (1/tpot tok/s)
                           isl  p50=63,219    p75=73,453    p90=89,737    p99=118,465 (tokens)
                           osl  p50=267       p75=675       p90=1,493     p99=6,565 (tokens)
                           tot  in=5,451,656      out=62,045
                           trace theoretical_prefix_cache_hit=91.5%
                           srv  prefix_cache_hit=88.7% unique_in_srv=639,023 ext_cache_hit=0.0% kv_usage=1.9% queue=1r/0w tput_in_srv=5,075/s tput_out_srv=57/s
2026-06-03 06:41:40.546 - records_manager - INFO - [realtime 18:45 profiling] rps=0.2 (avg 0.1) tput_in=5033/s tput_out=58/s done=94 ok=94 err=0
                           ttft p50=1262ms p75=3032ms p95=19461ms p99=32938ms
                           itl  p50=11ms   p75=12ms   p95=13ms   p99=20ms
                           e2e  p50=6101ms p75=12858ms p95=40403ms p99=96161ms
                           intvty p50=88     p75=90     p95=92     p99=93 (1/tpot tok/s)
                           isl  p50=63,184    p75=68,182    p90=84,283    p99=118,436 (tokens)
                           osl  p50=257       p75=654       p90=1,814     p99=6,496 (tokens)
                           tot  in=5,646,104      out=65,407
                           trace theoretical_prefix_cache_hit=90.6%
                           srv  prefix_cache_hit=86.6% unique_in_srv=785,995 ext_cache_hit=0.0% kv_usage=2.3% queue=2r/4w tput_in_srv=5,125/s tput_out_srv=58/s
2026-06-03 06:42:10.880 - records_manager - INFO - [realtime 19:16 profiling] rps=0.7 (avg 0.1) tput_in=5430/s tput_out=59/s done=114 ok=114 err=0
                           ttft p50=1350ms p75=4210ms p95=17731ms p99=32225ms
                           itl  p50=11ms   p75=12ms   p95=16ms   p99=26ms
                           e2e  p50=5750ms p75=12858ms p95=37154ms p99=90670ms
                           intvty p50=88     p75=90     p95=92     p99=92 (1/tpot tok/s)
                           isl  p50=61,446    p75=65,384    p90=82,526    p99=118,336 (tokens)
                           osl  p50=210       p75=536       p90=1,138     p99=6,127 (tokens)
                           tot  in=6,264,263      out=68,466
                           trace theoretical_prefix_cache_hit=88.8%
                           srv  prefix_cache_hit=86.3% unique_in_srv=882,571 ext_cache_hit=0.0% kv_usage=1.9% queue=1r/1w tput_in_srv=5,480/s tput_out_srv=59/s
2026-06-03 06:42:41.254 - records_manager - INFO - [realtime 19:46 profiling] rps=0.5 (avg 0.1) tput_in=5865/s tput_out=60/s done=130 ok=130 err=0
                           ttft p50=1335ms p75=3105ms p95=17247ms p99=31527ms
                           itl  p50=11ms   p75=12ms   p95=17ms   p99=36ms
                           e2e  p50=5198ms p75=10414ms p95=35103ms p99=85249ms
                           intvty p50=88     p75=90     p95=92     p99=92 (1/tpot tok/s)
                           isl  p50=56,380    p75=64,869    p90=80,238    p99=118,262 (tokens)
                           osl  p50=192       p75=425       p90=1,056     p99=5,792 (tokens)
                           tot  in=6,926,202      out=71,137
                           trace theoretical_prefix_cache_hit=89.0%
                           srv  prefix_cache_hit=86.3% unique_in_srv=980,026 ext_cache_hit=0.0% kv_usage=2.1% queue=2r/1w tput_in_srv=5,894/s tput_out_srv=59/s
2026-06-03 06:43:11.677 - records_manager - INFO - [realtime 20:17 profiling] rps=0.5 (avg 0.1) tput_in=6447/s tput_out=61/s done=146 ok=146 err=0
                           ttft p50=1525ms p75=3196ms p95=16404ms p99=30828ms
                           itl  p50=11ms   p75=12ms   p95=17ms   p99=36ms
                           e2e  p50=5211ms p75=9283ms p95=34220ms p99=79829ms
                           intvty p50=87     p75=90     p95=92     p99=92 (1/tpot tok/s)
                           isl  p50=56,320    p75=64,411    p90=76,886    p99=118,189 (tokens)
                           osl  p50=182       p75=388       p90=1,037     p99=5,458 (tokens)
                           tot  in=7,826,191      out=74,580
                           trace theoretical_prefix_cache_hit=89.7%
                           srv  prefix_cache_hit=87.2% unique_in_srv=1,016,168 ext_cache_hit=0.0% kv_usage=0.0% queue=0r/0w tput_in_srv=6,442/s tput_out_srv=61/s
2026-06-03 06:43:42.179 - records_manager - INFO - [realtime 20:47 profiling] rps=0.5 (avg 0.1) tput_in=7111/s tput_out=61/s done=162 ok=162 err=0
                           ttft p50=1525ms p75=2890ms p95=13987ms p99=30130ms
                           itl  p50=11ms   p75=13ms   p95=18ms   p99=35ms
                           e2e  p50=4762ms p75=8654ms p95=33954ms p99=74409ms
                           intvty p50=87     p75=89     p95=92     p99=92 (1/tpot tok/s)
                           isl  p50=59,228    p75=64,976    p90=74,368    p99=118,116 (tokens)
                           osl  p50=164       p75=348       p90=1,026     p99=5,123 (tokens)
                           tot  in=8,851,789      out=76,422
                           trace theoretical_prefix_cache_hit=90.6%
                           srv  prefix_cache_hit=88.5% unique_in_srv=1,044,146 ext_cache_hit=0.0% kv_usage=4.0% queue=2r/0w tput_in_srv=7,155/s tput_out_srv=61/s
2026-06-03 06:44:12.639 - records_manager - INFO - [realtime 21:18 profiling] rps=0.0 (avg 0.1) tput_in=7111/s tput_out=61/s done=162 ok=162 err=0
                           ttft p50=1525ms p75=2890ms p95=13987ms p99=30130ms
                           itl  p50=11ms   p75=13ms   p95=18ms   p99=35ms
                           e2e  p50=4762ms p75=8654ms p95=33954ms p99=74409ms
                           intvty p50=87     p75=89     p95=92     p99=92 (1/tpot tok/s)
                           isl  p50=59,228    p75=64,976    p90=74,368    p99=118,116 (tokens)
                           osl  p50=164       p75=348       p90=1,026     p99=5,123 (tokens)
                           tot  in=8,851,789      out=76,422
                           trace theoretical_prefix_cache_hit=90.6%
                           srv  prefix_cache_hit=88.5% unique_in_srv=1,045,179 ext_cache_hit=0.0% kv_usage=3.8% queue=2r/2w tput_in_srv=7,033/s tput_out_srv=64/s
2026-06-03 06:44:43.175 - records_manager - INFO - [realtime 21:48 profiling] rps=0.1 (avg 0.1) tput_in=6915/s tput_out=63/s done=164 ok=164 err=0
                           ttft p50=1542ms p75=2904ms p95=16721ms p99=33561ms
                           itl  p50=11ms   p75=13ms   p95=18ms   p99=35ms
                           e2e  p50=4800ms p75=8730ms p95=35539ms p99=76922ms
                           intvty p50=87     p75=89     p95=92     p99=92 (1/tpot tok/s)
                           isl  p50=59,675    p75=65,353    p90=74,311    p99=118,107 (tokens)
                           osl  p50=164       p75=349       p90=1,035     p99=5,728 (tokens)
                           tot  in=8,997,492      out=81,911
                           trace theoretical_prefix_cache_hit=90.7%
                           srv  prefix_cache_hit=88.7% unique_in_srv=1,045,509 ext_cache_hit=0.0% kv_usage=3.8% queue=2r/1w tput_in_srv=6,983/s tput_out_srv=66/s
2026-06-03 06:45:13.695 - records_manager - INFO - [realtime 22:19 profiling] rps=0.1 (avg 0.1) tput_in=6995/s tput_out=68/s done=168 ok=168 err=0
                           ttft p50=1571ms p75=3171ms p95=17256ms p99=37941ms
                           itl  p50=11ms   p75=12ms   p95=18ms   p99=35ms
                           e2e  p50=4887ms p75=8994ms p95=40963ms p99=86299ms
                           intvty p50=87     p75=89     p95=92     p99=92 (1/tpot tok/s)
                           isl  p50=59,976    p75=66,234    p90=74,419    p99=118,089 (tokens)
                           osl  p50=164       p75=353       p90=1,043     p99=6,553 (tokens)
                           tot  in=9,280,589      out=90,047
                           trace theoretical_prefix_cache_hit=90.9%
                           srv  prefix_cache_hit=89.0% unique_in_srv=1,047,901 ext_cache_hit=0.0% kv_usage=2.1% queue=1r/0w tput_in_srv=6,991/s tput_out_srv=68/s
2026-06-03 06:45:44.225 - records_manager - INFO - [realtime 22:49 profiling] rps=0.0 (avg 0.1) tput_in=6995/s tput_out=68/s done=168 ok=168 err=0
                           ttft p50=1571ms p75=3171ms p95=17256ms p99=37941ms
                           itl  p50=11ms   p75=12ms   p95=18ms   p99=35ms
                           e2e  p50=4887ms p75=8994ms p95=40963ms p99=86299ms
                           intvty p50=87     p75=89     p95=92     p99=92 (1/tpot tok/s)
                           isl  p50=59,976    p75=66,234    p90=74,419    p99=118,089 (tokens)
                           osl  p50=164       p75=353       p90=1,043     p99=6,553 (tokens)
                           tot  in=9,280,589      out=90,047
                           trace theoretical_prefix_cache_hit=90.9%
                           srv  prefix_cache_hit=89.0% unique_in_srv=1,047,901 ext_cache_hit=0.0% kv_usage=2.2% queue=1r/0w tput_in_srv=6,838/s tput_out_srv=68/s
2026-06-03 06:46:14.809 - records_manager - INFO - [realtime 23:20 profiling] rps=0.1 (avg 0.1) tput_in=6794/s tput_out=68/s done=170 ok=170 err=0
                           ttft p50=1564ms p75=3105ms p95=17247ms p99=37755ms
                           itl  p50=11ms   p75=12ms   p95=18ms   p99=35ms
                           e2e  p50=4887ms p75=9283ms p95=45372ms p99=86037ms
                           intvty p50=87     p75=89     p95=92     p99=92 (1/tpot tok/s)
                           isl  p50=60,042    p75=66,350    p90=74,472    p99=118,080 (tokens)
                           osl  p50=164       p75=358       p90=1,056     p99=6,543 (tokens)
                           tot  in=9,430,584      out=94,938
                           trace theoretical_prefix_cache_hit=91.0%
                           srv  prefix_cache_hit=88.9% unique_in_srv=1,074,078 ext_cache_hit=0.0% kv_usage=2.6% queue=1r/0w tput_in_srv=6,809/s tput_out_srv=68/s
2026-06-03 06:46:45.353 - records_manager - INFO - [realtime 23:50 profiling] rps=0.0 (avg 0.1) tput_in=6794/s tput_out=68/s done=170 ok=170 err=0
                           ttft p50=1564ms p75=3105ms p95=17247ms p99=37755ms
                           itl  p50=11ms   p75=12ms   p95=18ms   p99=35ms
                           e2e  p50=4887ms p75=9283ms p95=45372ms p99=86037ms
                           intvty p50=87     p75=89     p95=92     p99=92 (1/tpot tok/s)
                           isl  p50=60,042    p75=66,350    p90=74,472    p99=118,080 (tokens)
                           osl  p50=164       p75=358       p90=1,056     p99=6,543 (tokens)
                           tot  in=9,430,584      out=94,938
                           trace theoretical_prefix_cache_hit=91.0%
                           srv  prefix_cache_hit=88.9% unique_in_srv=1,074,078 ext_cache_hit=0.0% kv_usage=2.7% queue=1r/0w tput_in_srv=6,665/s tput_out_srv=69/s
2026-06-03 06:47:15.972 - records_manager - INFO - [realtime 24:21 profiling] rps=0.0 (avg 0.1) tput_in=6544/s tput_out=66/s done=171 ok=171 err=0
                           ttft p50=1557ms p75=3044ms p95=17242ms p99=37662ms
                           itl  p50=11ms   p75=12ms   p95=18ms   p99=35ms
                           e2e  p50=4818ms p75=9138ms p95=45031ms p99=85906ms
                           intvty p50=87     p75=89     p95=92     p99=92 (1/tpot tok/s)
                           isl  p50=60,044    p75=66,452    p90=74,469    p99=118,075 (tokens)
                           osl  p50=165       p75=356       p90=1,051     p99=6,539 (tokens)
                           tot  in=9,504,694      out=95,236
                           trace theoretical_prefix_cache_hit=91.1%
                           srv  prefix_cache_hit=89.0% unique_in_srv=1,074,079 ext_cache_hit=0.0% kv_usage=2.8% queue=1r/0w tput_in_srv=6,578/s tput_out_srv=69/s
2026-06-03 06:47:46.532 - records_manager - INFO - [realtime 24:51 profiling] rps=0.1 (avg 0.1) tput_in=6478/s tput_out=65/s done=174 ok=174 err=0
                           ttft p50=1542ms p75=2917ms p95=17228ms p99=37383ms
                           itl  p50=11ms   p75=12ms   p95=18ms   p99=34ms
                           e2e  p50=4887ms p75=8832ms p95=44007ms p99=85513ms
                           intvty p50=87     p75=89     p95=92     p99=92 (1/tpot tok/s)
                           isl  p50=60,042    p75=66,496    p90=74,494    p99=118,061 (tokens)
                           osl  p50=165       p75=358       p90=1,047     p99=6,525 (tokens)
                           tot  in=9,612,921      out=96,096
                           trace theoretical_prefix_cache_hit=90.8%
                           srv  prefix_cache_hit=88.8% unique_in_srv=1,107,404 ext_cache_hit=0.0% kv_usage=3.8% queue=2r/0w tput_in_srv=6,538/s tput_out_srv=70/s
2026-06-03 06:48:17.164 - records_manager - INFO - [realtime 25:22 profiling] rps=0.1 (avg 0.1) tput_in=6476/s tput_out=70/s done=178 ok=178 err=0
                           ttft p50=1525ms p75=2917ms p95=17210ms p99=37010ms
                           itl  p50=11ms   p75=12ms   p95=18ms   p99=34ms
                           e2e  p50=4887ms p75=8832ms p95=49457ms p99=98647ms
                           intvty p50=87     p75=89     p95=92     p99=93 (1/tpot tok/s)
                           isl  p50=59,976    p75=66,496    p90=74,504    p99=118,043 (tokens)
                           osl  p50=165       p75=380       p90=1,066     p99=7,077 (tokens)
                           tot  in=9,810,709      out=106,443
                           trace theoretical_prefix_cache_hit=90.6%
                           srv  prefix_cache_hit=88.8% unique_in_srv=1,110,741 ext_cache_hit=0.0% kv_usage=0.0% queue=0r/0w tput_in_srv=6,454/s tput_out_srv=69/s
2026-06-03 06:48:47.847 - records_manager - INFO - [realtime 25:53 profiling] rps=0.1 (avg 0.1) tput_in=6405/s tput_out=70/s done=181 ok=181 err=0
                           ttft p50=1483ms p75=2898ms p95=17196ms p99=36731ms
                           itl  p50=11ms   p75=12ms   p95=18ms   p99=34ms
                           e2e  p50=4818ms p75=8849ms p95=48445ms p99=98181ms
                           intvty p50=87     p75=89     p95=92     p99=93 (1/tpot tok/s)
                           isl  p50=59,706    p75=66,365    p90=74,504    p99=118,029 (tokens)
                           osl  p50=165       p75=387       p90=1,102     p99=7,049 (tokens)
                           tot  in=9,927,015      out=108,510
                           trace theoretical_prefix_cache_hit=90.7%
                           srv  prefix_cache_hit=89.0% unique_in_srv=1,119,536 ext_cache_hit=0.0% kv_usage=2.7% queue=1r/0w tput_in_srv=6,465/s tput_out_srv=69/s
2026-06-03 06:49:18.509 - records_manager - INFO - [realtime 26:23 profiling] rps=0.1 (avg 0.1) tput_in=6421/s tput_out=70/s done=184 ok=184 err=0
                           ttft p50=1439ms p75=2875ms p95=16721ms p99=36452ms
                           itl  p50=11ms   p75=12ms   p95=18ms   p99=34ms
                           e2e  p50=4887ms p75=8994ms p95=47421ms p99=97715ms
                           intvty p50=87     p75=89     p95=92     p99=93 (1/tpot tok/s)
                           isl  p50=59,675    p75=66,408    p90=74,504    p99=118,016 (tokens)
                           osl  p50=171       p75=393       p90=1,087     p99=7,022 (tokens)
                           tot  in=10,111,079     out=110,314
                           trace theoretical_prefix_cache_hit=90.8%
                           srv  prefix_cache_hit=89.1% unique_in_srv=1,122,698 ext_cache_hit=0.0% kv_usage=1.2% queue=1r/0w tput_in_srv=6,421/s tput_out_srv=69/s
2026-06-03 06:49:49.221 - records_manager - INFO - [realtime 26:54 profiling] rps=0.1 (avg 0.1) tput_in=6356/s tput_out=69/s done=186 ok=186 err=0
                           ttft p50=1378ms p75=2838ms p95=16404ms p99=36266ms
                           itl  p50=11ms   p75=12ms   p95=18ms   p99=33ms
                           e2e  p50=4887ms p75=8832ms p95=46738ms p99=97404ms
                           intvty p50=87     p75=90     p95=92     p99=93 (1/tpot tok/s)
                           isl  p50=59,228    p75=66,350    p90=74,504    p99=118,007 (tokens)
                           osl  p50=174       p75=401       p90=1,076     p99=7,003 (tokens)
                           tot  in=10,200,320     out=111,071
                           trace theoretical_prefix_cache_hit=90.8%
                           srv  prefix_cache_hit=89.2% unique_in_srv=1,124,383 ext_cache_hit=0.0% kv_usage=1.3% queue=1r/0w tput_in_srv=6,356/s tput_out_srv=68/s
2026-06-03 06:50:19.908 - records_manager - INFO - [realtime 27:25 profiling] rps=0.1 (avg 0.1) tput_in=6419/s tput_out=69/s done=189 ok=189 err=0
                           ttft p50=1340ms p75=2750ms p95=15929ms p99=35986ms
                           itl  p50=11ms   p75=12ms   p95=18ms   p99=33ms
                           e2e  p50=4782ms p75=8781ms p95=45714ms p99=96938ms
                           intvty p50=87     p75=90     p95=92     p99=93 (1/tpot tok/s)
                           isl  p50=58,813    p75=66,365    p90=74,845    p99=117,993 (tokens)
                           osl  p50=174       p75=389       p90=1,061     p99=6,976 (tokens)
                           tot  in=10,391,633     out=111,536
                           trace theoretical_prefix_cache_hit=90.9%
                           srv  prefix_cache_hit=88.5% unique_in_srv=1,229,770 ext_cache_hit=0.0% kv_usage=4.7% queue=1r/0w tput_in_srv=6,327/s tput_out_srv=67/s
2026-06-03 06:50:50.643 - records_manager - INFO - [realtime 27:56 profiling] rps=0.1 (avg 0.1) tput_in=6364/s tput_out=68/s done=191 ok=191 err=0
                           ttft p50=1360ms p75=2883ms p95=17242ms p99=39071ms
                           itl  p50=11ms   p75=12ms   p95=18ms   p99=33ms
                           e2e  p50=4818ms p75=9138ms p95=51573ms p99=96627ms
                           intvty p50=87     p75=90     p95=92     p99=93 (1/tpot tok/s)
                           isl  p50=58,813    p75=66,452    p90=76,210    p99=118,453 (tokens)
                           osl  p50=174       p75=397       p90=1,102     p99=6,957 (tokens)
                           tot  in=10,642,509     out=113,098
                           trace theoretical_prefix_cache_hit=91.0%
                           srv  prefix_cache_hit=88.6% unique_in_srv=1,230,484 ext_cache_hit=0.0% kv_usage=0.0% queue=0r/0w tput_in_srv=6,360/s tput_out_srv=67/s
2026-06-03 06:51:21.352 - records_manager - INFO - [realtime 28:26 profiling] rps=0.1 (avg 0.1) tput_in=6562/s tput_out=67/s done=195 ok=195 err=0
                           ttft p50=1395ms p75=2883ms p95=17224ms p99=38844ms
                           itl  p50=11ms   p75=12ms   p95=18ms   p99=33ms
                           e2e  p50=4955ms p75=9138ms p95=50322ms p99=96006ms
                           intvty p50=87     p75=90     p95=92     p99=93 (1/tpot tok/s)
                           isl  p50=58,813    p75=66,828    p90=79,773    p99=203,706 (tokens)
                           osl  p50=179       p75=397       p90=1,082     p99=6,920 (tokens)
                           tot  in=11,155,962     out=114,543
                           trace theoretical_prefix_cache_hit=91.2%
                           srv  prefix_cache_hit=89.0% unique_in_srv=1,238,967 ext_cache_hit=0.0% kv_usage=0.0% queue=0r/0w tput_in_srv=6,544/s tput_out_srv=67/s
2026-06-03 06:51:52.120 - records_manager - INFO - [realtime 28:57 profiling] rps=0.1 (avg 0.1) tput_in=6618/s tput_out=67/s done=197 ok=197 err=0
                           ttft p50=1395ms p75=2898ms p95=17214ms p99=38731ms
                           itl  p50=11ms   p75=12ms   p95=18ms   p99=33ms
                           e2e  p50=4955ms p75=9427ms p95=49696ms p99=95695ms
                           intvty p50=87     p75=90     p95=92     p99=93 (1/tpot tok/s)
                           isl  p50=58,813    p75=67,118    p90=80,625    p99=205,099 (tokens)
                           osl  p50=184       p75=405       p90=1,122     p99=6,902 (tokens)
                           tot  in=11,421,547     out=116,044
                           trace theoretical_prefix_cache_hit=91.2%
                           srv  prefix_cache_hit=89.5% unique_in_srv=1,246,550 ext_cache_hit=0.0% kv_usage=7.3% queue=2r/0w tput_in_srv=6,734/s tput_out_srv=66/s
2026-06-03 06:52:22.853 - records_manager - INFO - [realtime 29:28 profiling] rps=0.2 (avg 0.1) tput_in=6915/s tput_out=67/s done=202 ok=202 err=0
                           ttft p50=1439ms p75=2838ms p95=17038ms p99=38468ms
                           itl  p50=12ms   p75=13ms   p95=18ms   p99=32ms
                           e2e  p50=5144ms p75=9631ms p95=48103ms p99=94943ms
                           intvty p50=87     p75=89     p95=92     p99=93 (1/tpot tok/s)
                           isl  p50=59,228    p75=67,602    p90=83,989    p99=216,191 (tokens)
                           osl  p50=192       p75=425       p90=1,097     p99=6,860 (tokens)
                           tot  in=12,172,810     out=118,708
                           trace theoretical_prefix_cache_hit=91.6%
                           srv  prefix_cache_hit=89.9% unique_in_srv=1,247,402 ext_cache_hit=0.0% kv_usage=0.0% queue=0r/0w tput_in_srv=6,889/s tput_out_srv=67/s
2026-06-03 06:52:53.608 - records_manager - INFO - [realtime 29:59 profiling] rps=0.1 (avg 0.1) tput_in=7120/s tput_out=67/s done=206 ok=206 err=0
                           ttft p50=1439ms p75=2838ms p95=16404ms p99=38322ms
                           itl  p50=12ms   p75=13ms   p95=18ms   p99=32ms
                           e2e  p50=5176ms p75=9631ms p95=46738ms p99=94419ms
                           intvty p50=87     p75=89     p95=92     p99=93 (1/tpot tok/s)
                           isl  p50=59,228    p75=67,811    p90=89,420    p99=216,899 (tokens)
                           osl  p50=200       p75=425       p90=1,076     p99=6,842 (tokens)
                           tot  in=12,711,389     out=120,179
                           trace theoretical_prefix_cache_hit=91.8%
                           srv  prefix_cache_hit=90.5% unique_in_srv=1,249,939 ext_cache_hit=0.0% kv_usage=7.4% queue=2r/0w tput_in_srv=7,218/s tput_out_srv=67/s
2026-06-03 06:52:54.607 - PhaseRunner - INFO - Timeout of 1799.999437972s elapsed for event 'profiling phase sending'
2026-06-03 06:52:54.608 - PhaseRunner - NOTICE - Phase profiling sending complete | sent=208, completed=207, in_flight=1 | sessions: sent=3, completed=3 | timeout_triggered=True
2026-06-03 06:52:54.608 - PhaseRunner - INFO - Waiting for event 'profiling phase credits returned' with timeout of 29.999238305000063s
2026-06-03 06:52:54.608 - records_manager - INFO - Sent 208 requests. Waiting for all to complete...
2026-06-03 06:52:57.001 - PhaseRunner - NOTICE - Phase profiling complete | completed=208, cancelled=0, errors=0 | sessions: completed=3, cancelled=0 | elapsed=1802.39s
2026-06-03 06:52:57.001 - aiperf.timing.branch_orchestrator - INFO - BranchOrchestrator stats: spawned=11 completed=11 errored=0 suspended=2 resumed=2 parents_failed_due_to_child_error=0 joins_suppressed=0
2026-06-03 06:52:57.002 - PhaseOrchestrator_b09c851a - NOTICE - All credits completed
2026-06-03 06:52:57.002 - system_controller - INFO - Received credits complete from 'timing_manager'
2026-06-03 06:52:57.002 - records_manager - INFO - Received CREDIT_PHASE_COMPLETE message, Phase complete: PhaseRecordsStats(phase=CreditPhase.PROFILING, start_ns=1780467774607562016, sent_end_ns=1780469574607920833, requests_end_ns=1780469577001337455, total_expected_requests=None, expected_duration_sec=None, expected_num_sessions=None, expected_grace_period_sec=None, final_requests_sent=None, final_requests_completed=208, final_requests_cancelled=0, final_request_errors=0, final_sent_sessions=None, final_completed_sessions=None, final_cancelled_sessions=None, timeout_triggered=True, grace_period_timeout_triggered=False, was_cancelled=False, records_end_ns=None, success_records=207, error_records=0)
2026-06-03 06:52:57.003 - records_manager - NOTICE - All requests have completed, please wait for the results to be processed (currently 207 of 208 records processed)...
2026-06-03 06:52:57.003 - records_manager - INFO - All credits complete, please wait for the results to be processed...
2026-06-03 06:52:57.018 - records_manager - INFO - Processed 208 valid requests and 0 errors (208 total).
2026-06-03 06:52:57.018 - records_manager - INFO - Received all records, processing now...
2026-06-03 06:52:57.019 - server_metrics_manager - INFO - Server Metrics: Profiling complete, capturing final metrics...
2026-06-03 06:52:57.020 - records_manager - INFO - Waiting 2.0s for server metrics flush period...
2026-06-03 06:52:59.001 - records_manager - INFO - Processing records results...
2026-06-03 06:53:01.809 - RecordExportJSONLWriter_7ba2722e - WARNING - Timeout waiting for 0 pending flush tasks during shutdown. Cancelling tasks and proceeding with cleanup.
2026-06-03 06:53:01.997 - system_controller - INFO - Waiting for server metrics results...
2026-06-03 06:53:01.997 - system_controller - INFO - Waiting for server metrics results...
2026-06-03 06:53:03.150 - records_manager - INFO - _finalize_and_process_results completed
2026-06-03 06:53:03.470 - system_controller - INFO - All results received, initiating shutdown
2026-06-03 06:53:04.283 - ExporterManager - INFO - Exporting all records
2026-06-03 06:53:04.429 - aiperf.common.scenario.validator - INFO - Scenario 'inferencex-agentx-mvp': setting timing_mode=agentic_replay (was at default request_rate).
2026-06-03 06:53:05.282 - aiperf.common.scenario.validator - INFO - Scenario 'inferencex-agentx-mvp': setting timing_mode=agentic_replay (was at default request_rate).
2026-06-03 06:53:05.347 - ExporterManager - INFO - Exporting console data
