2026-06-03 17:20:00.782 - aiperf.cli_runner - INFO - Starting AIPerf System
2026-06-03 17:20:00.836 - system_controller - INFO - Registered Worker Manager (id: 'worker_manager')
2026-06-03 17:20:00.857 - server_metrics_manager - INFO - Server Metrics: Discovered 1 endpoints: ['http://localhost:8894/metrics']
2026-06-03 17:20:00.947 - system_controller - INFO - Registered Dataset Manager (id: 'dataset_manager')
2026-06-03 17:20:00.953 - system_controller - INFO - Registered Worker (id: 'worker_2f5cd201')
2026-06-03 17:20:00.963 - system_controller - INFO - Registered Worker (id: 'worker_7e8cb7db')
2026-06-03 17:20:00.965 - system_controller - INFO - Registered Worker (id: 'worker_6679b85e')
2026-06-03 17:20:00.966 - system_controller - INFO - Registered Gpu Telemetry Manager (id: 'gpu_telemetry_manager')
2026-06-03 17:20:00.968 - system_controller - INFO - Registered Record Processor (id: 'record_processor_df7ac804')
2026-06-03 17:20:00.971 - system_controller - INFO - Registered Record Processor (id: 'record_processor_ae9370cd')
2026-06-03 17:20:00.973 - system_controller - INFO - Registered Record Processor (id: 'record_processor_dc60a254')
2026-06-03 17:20:00.979 - system_controller - INFO - Registered Server Metrics Manager (id: 'server_metrics_manager')
2026-06-03 17:20:01.029 - system_controller - INFO - Registered Timing Manager (id: 'timing_manager')
2026-06-03 17:20:01.059 - GPUTelemetryJSONLWriter_7af2693e - INFO - GPU telemetry export enabled: /workspace/results/aiperf_artifacts/gpu_telemetry_export.jsonl
2026-06-03 17:20:01.060 - RecordExportJSONLWriter_c84fb0de - INFO - Record metrics export enabled: /workspace/results/aiperf_artifacts/profile_export.jsonl
2026-06-03 17:20:01.062 - system_controller - INFO - Registered Worker (id: 'worker_f32c9f9d')
2026-06-03 17:20:01.062 - system_controller - INFO - Registered Worker (id: 'worker_5f13abea')
2026-06-03 17:20:01.062 - system_controller - INFO - Registered Record Processor (id: 'record_processor_e8dd47e4')
2026-06-03 17:20:01.062 - system_controller - INFO - Registered Worker (id: 'worker_b5d7c710')
2026-06-03 17:20:01.063 - system_controller - INFO - Registered Worker (id: 'worker_8f612096')
2026-06-03 17:20:01.064 - system_controller - INFO - Registered Worker (id: 'worker_91631afd')
2026-06-03 17:20:01.074 - system_controller - INFO - Registered Record Processor (id: 'record_processor_932a9443')
2026-06-03 17:20:01.133 - system_controller - INFO - Registered Worker (id: 'worker_d813131b')
2026-06-03 17:20:01.133 - system_controller - INFO - Registered Worker (id: 'worker_ee9ea269')
2026-06-03 17:20:01.133 - system_controller - INFO - Registered Worker (id: 'worker_1940a48a')
2026-06-03 17:20:01.134 - system_controller - INFO - Registered Worker (id: 'worker_10960471')
2026-06-03 17:20:01.134 - system_controller - INFO - Registered Worker (id: 'worker_1e41c65e')
2026-06-03 17:20:01.134 - system_controller - INFO - Registered Worker (id: 'worker_b6860f1a')
2026-06-03 17:20:01.135 - system_controller - INFO - Registered Worker (id: 'worker_2cc95e54')
2026-06-03 17:20:01.135 - system_controller - INFO - Registered Worker (id: 'worker_436b7eb4')
2026-06-03 17:20:01.135 - system_controller - INFO - Registered Worker (id: 'worker_243ab494')
2026-06-03 17:20:01.135 - system_controller - INFO - Registered Worker (id: 'worker_a9433d35')
2026-06-03 17:20:01.135 - system_controller - INFO - Registered Worker (id: 'worker_a4996c99')
2026-06-03 17:20:01.136 - system_controller - INFO - Registered Worker (id: 'worker_e92c4c66')
2026-06-03 17:20:01.136 - system_controller - INFO - Registered Worker (id: 'worker_59f0859a')
2026-06-03 17:20:01.136 - system_controller - INFO - Registered Worker (id: 'worker_dc197896')
2026-06-03 17:20:01.137 - system_controller - INFO - Registered Worker (id: 'worker_67bb5d50')
2026-06-03 17:20:01.138 - system_controller - INFO - Registered Worker (id: 'worker_dd096dff')
2026-06-03 17:20:01.138 - system_controller - INFO - Registered Worker (id: 'worker_531daee9')
2026-06-03 17:20:01.138 - system_controller - INFO - Registered Worker (id: 'worker_89499f20')
2026-06-03 17:20:01.140 - system_controller - INFO - Registered Worker (id: 'worker_c0efb042')
2026-06-03 17:20:01.144 - system_controller - INFO - Registered Worker (id: 'worker_84e018f7')
2026-06-03 17:20:01.151 - system_controller - INFO - Registered Worker (id: 'worker_8f7a4b45')
2026-06-03 17:20:01.151 - system_controller - INFO - Registered Worker (id: 'worker_365ab6bc')
2026-06-03 17:20:01.151 - system_controller - INFO - Registered Worker (id: 'worker_c37ae975')
2026-06-03 17:20:01.152 - system_controller - INFO - Registered Record Processor (id: 'record_processor_d7a994a5')
2026-06-03 17:20:01.152 - system_controller - INFO - Registered Worker (id: 'worker_9d6f7f68')
2026-06-03 17:20:01.155 - system_controller - INFO - Registered Record Processor (id: 'record_processor_c68350c8')
2026-06-03 17:20:01.155 - system_controller - INFO - Registered Record Processor (id: 'record_processor_6f6d81b3')
2026-06-03 17:20:01.193 - system_controller - INFO - Registered Records Manager (id: 'records_manager')
2026-06-03 17:20:01.325 - system_controller - INFO - AIPerf System is CONFIGURING
2026-06-03 17:20:01.325 - system_controller - INFO - Configuring all services to start profiling
2026-06-03 17:20:01.327 - InferenceResultParser_cd574a26 - INFO - Tokenization is disabled for this endpoint, skipping tokenizer configuration
2026-06-03 17:20:01.327 - timing_manager - INFO - Waiting for dataset to be configured before configuring timing
2026-06-03 17:20:01.327 - InferenceResultParser_b514c2cc - INFO - Tokenization is disabled for this endpoint, skipping tokenizer configuration
2026-06-03 17:20:01.327 - InferenceResultParser_ca9b821e - INFO - Tokenization is disabled for this endpoint, skipping tokenizer configuration
2026-06-03 17:20:01.327 - InferenceResultParser_317c8880 - INFO - Tokenization is disabled for this endpoint, skipping tokenizer configuration
2026-06-03 17:20:01.327 - InferenceResultParser_eab9ad41 - INFO - Tokenization is disabled for this endpoint, skipping tokenizer configuration
2026-06-03 17:20:01.327 - InferenceResultParser_96adc857 - INFO - Tokenization is disabled for this endpoint, skipping tokenizer configuration
2026-06-03 17:20:01.327 - InferenceResultParser_b3ab3212 - INFO - Tokenization is disabled for this endpoint, skipping tokenizer configuration
2026-06-03 17:20:01.327 - InferenceResultParser_ad5bd41d - INFO - Tokenization is disabled for this endpoint, skipping tokenizer configuration
2026-06-03 17:20:01.335 - system_controller - INFO - GPU telemetry disabled - no DCGM endpoints reachable
2026-06-03 17:20:01.351 - server_metrics_manager - INFO - Server Metrics: Capturing baseline metrics...
2026-06-03 17:20:01.360 - dataset_manager - INFO - Memory-mapped dataset cache HIT (key=b66a5a6b30281a126dcd60715e4300ab); skipping tokenizer + composer.
2026-06-03 17:20:01.394 - system_controller - INFO - Server metrics enabled - 1/1 endpoint(s) reachable.
2026-06-03 17:20:01.822 - aiperf.dataset.mmap_cache - INFO - Restored mmap cache file dataset.dat via copy in 0.461s (1.25 GiB)
2026-06-03 17:20:01.823 - aiperf.dataset.mmap_cache - INFO - Restored mmap cache file index.dat via copy in 0.001s (0.00 GiB)
2026-06-03 17:20:01.823 - aiperf.dataset.mmap_cache - INFO - Restored mmap cache files in 0.462s via dataset=copy index=copy (dataset=1.25 GiB, index=0.00 GiB)
2026-06-03 17:20:02.086 - dataset_manager - INFO - sampling strategy: sequential, unique conversations: 678, unique turn count: 52915
2026-06-03 17:20:02.609 - aiperf.timing.trajectory_source - INFO - TrajectorySource: built 48 trajectories from 225 traces
  range cfg=[0.25, 0.75]  observed sample pct: min= 25% median= 45% max= 75%
    lane=00  sample_time= 39%  root_next= 14/32  ( 44% turns)  live=1 ready=1  trace_id=00e7d11db2db59f44a87b4110175b11d1af3
    lane=01  sample_time= 55%  root_next= 15/28  ( 54% turns)  live=1 ready=1  trace_id=01fece675b92efe07620225cd69c3884f774
    lane=02  sample_time= 55%  root_next=306/594 ( 52% turns)  live=1 ready=1  trace_id=0275949f4db511444909fe92b12f7e921e4a
    lane=03  sample_time= 27%  root_next= 13/27  ( 48% turns)  live=1 ready=1  trace_id=03be8f1eb1e9e620f46bd07068d6ab1aaae3
    lane=04  sample_time= 40%  root_next= 71/151 ( 47% turns)  live=1 ready=1  trace_id=0475b786230f3f2e24220d28e247eaee2dae
    lane=05  sample_time= 50%  root_next= 56/99  ( 57% turns)  live=1 ready=1  trace_id=04b25fe5b2ffa5e7ec9890426cce59838a05
    lane=06  sample_time= 69%  root_next= 10/20  ( 50% turns)  live=1 ready=1  trace_id=06385769df23204ac35c53ad431cf42f7c02
    lane=07  sample_time= 63%  root_next= 53/80  ( 66% turns)  live=1 ready=1  trace_id=07fc71985fbafc8e1abb181b7d28b8349f45
    lane=08  sample_time= 29%  root_next= 48/165 ( 29% turns)  live=1 ready=1  trace_id=09a5d415a7157ed48a5a6fa2711f2d8565c1
    lane=09  sample_time= 28%  root_next=  6/27  ( 22% turns)  live=1 ready=1  trace_id=09c188c8b9201ec2046cc2df702623fef33e
    lane=10  sample_time= 44%  root_next= 35/78  ( 45% turns)  live=1 ready=1  trace_id=0b1cf5ad73920121aa53e1acb0851a8ecf32
    lane=11  sample_time= 61%  root_next=161/254 ( 63% turns)  live=1 ready=1  trace_id=0b4a56f22f01dc235b7ce1cc3aeabd6943e8
    lane=12  sample_time= 32%  root_next= 59/184 ( 32% turns)  live=1 ready=1  trace_id=0d75185d4e958ad360c16451eaa95d508edf
    lane=13  sample_time= 51%  root_next= 10/18  ( 56% turns)  live=1 ready=1  trace_id=0da3a3bea6f3559a2eff4114839b328dad53
    lane=14  sample_time= 71%  root_next= 18/23  ( 78% turns)  live=1 ready=1  trace_id=116cb8d945f9d0810e788e51e3744adaab74
    lane=15  sample_time= 46%  root_next= 26/39  ( 67% turns)  live=1 ready=1  trace_id=1186d32070428ea303de493d61ee3effd467
    lane=16  sample_time= 74%  root_next= 23/26  ( 88% turns)  live=1 ready=1  trace_id=13762df76dba635a268bf3acbb30bfffed63
    lane=17  sample_time= 27%  root_next=  8/27  ( 30% turns)  live=1 ready=1  trace_id=14933d8a4190c45ac8fbd21183bba9469140
    lane=18  sample_time= 43%  root_next= 24/38  ( 63% turns)  live=1 ready=1  trace_id=1770548ae8e30555e62d6d6296c0166d6074
    lane=19  sample_time= 35%  root_next= 20/44  ( 45% turns)  live=3 ready=2  trace_id=1ac9d045056424d98ec4b5725460ca2b6120
    lane=20  sample_time= 55%  root_next= 31/50  ( 62% turns)  live=1 ready=1  trace_id=1b29955ec88767b5f8870f705f770cd46c60
    lane=21  sample_time= 69%  root_next=318/452 ( 70% turns)  live=1 ready=1  trace_id=1ec7f23f1ca1449b1758b86dba91df97cf1a
    lane=22  sample_time= 40%  root_next= 13/31  ( 42% turns)  live=1 ready=1  trace_id=1ff2c5c397d1c8f4a2e069449ec8e10b882a
    lane=23  sample_time= 34%  root_next= 33/55  ( 60% turns)  live=1 ready=1  trace_id=219331470ffaa5388ff9d7d8da92f5dc575b
    lane=24  sample_time= 46%  root_next= 38/63  ( 60% turns)  live=1 ready=1  trace_id=263134ce70d475337deb473aadc255479210
    lane=25  sample_time= 25%  root_next= 14/39  ( 36% turns)  live=1 ready=1  trace_id=265a5749ca677d0b0c90e7d3d6029a45318f
    lane=26  sample_time= 26%  root_next=  7/21  ( 33% turns)  live=1 ready=1  trace_id=2781d1fa9a22e982996948283bbcd3136c44
    lane=27  sample_time= 45%  root_next= 17/30  ( 57% turns)  live=1 ready=1  trace_id=27bf77bcaaf2b6d2210bdbdab4934348f322
    lane=28  sample_time= 73%  root_next= 61/84  ( 73% turns)  live=1 ready=1  trace_id=27cf2ada39b896fea5580c895bfbd4119490
    lane=29  sample_time= 52%  root_next= 20/34  ( 59% turns)  live=1 ready=1  trace_id=298daf6961d9121ca2f5d3cde68ba961c0c5
    lane=30  sample_time= 27%  root_next= 15/43  ( 35% turns)  live=1 ready=1  trace_id=2b971773e1889a7692523d5cc0a78a0361cb
    lane=31  sample_time= 43%  root_next=  8/21  ( 38% turns)  live=1 ready=1  trace_id=2c3e52bf4e687293e9fb70cba1c1786dceea
    lane=32  sample_time= 38%  root_next= 15/26  ( 58% turns)  live=1 ready=1  trace_id=2cfbb581474c482911487fd9b13d720889fa
    lane=33  sample_time= 36%  root_next= 58/160 ( 36% turns)  live=1 ready=1  trace_id=2dd25288ba9fe088c0419aabfb19c3ca4f36
    lane=34  sample_time= 69%  root_next= 52/109 ( 48% turns)  live=1 ready=1  trace_id=2de8538029066d95b4ff113d5750eb403cb7
    lane=35  sample_time= 63%  root_next= 50/103 ( 49% turns)  live=1 ready=1  trace_id=2df1b153c477169c8ab4ecd9e917ccaa3dba
    lane=36  sample_time= 52%  root_next= 32/71  ( 45% turns)  live=1 ready=1  trace_id=2e6fc2e7b28c2e567d9c2aa0a38586d494eb
    lane=37  sample_time= 51%  root_next= 31/57  ( 54% turns)  live=1 ready=1  trace_id=300134008d4cc98f288179ea9dd9314f140c
    lane=38  sample_time= 37%  root_next=157/361 ( 43% turns)  live=1 ready=1  trace_id=3042c8b3b1ecd64c1df1a1c3987e0869b81e
    lane=39  sample_time= 28%  root_next= 21/101 ( 21% turns)  live=1 ready=1  trace_id=30b5428f1c359a9d2fdf9c25ecd3e4c0f480
    lane=40  sample_time= 75%  root_next= 28/38  ( 74% turns)  live=1 ready=1  trace_id=322d6256b084ece9fbbaa8ec9cca3dadaf7e
    lane=41  sample_time= 34%  root_next= 72/184 ( 39% turns)  live=1 ready=1  trace_id=346d091b7f1689ef5327401a2bd912f404d9
    lane=42  sample_time= 54%  root_next= 52/104 ( 50% turns)  live=1 ready=1  trace_id=350b6e2414c221593bf4a0772ecd7c4fa009
    lane=43  sample_time= 42%  root_next= 12/25  ( 48% turns)  live=1 ready=1  trace_id=388f557746c6b960834161cca0a7c99a3bf2
    lane=44  sample_time= 59%  root_next= 30/38  ( 79% turns)  live=1 ready=1  trace_id=3b87c0e23861fdc2e2351fbe9c7f69668069
    lane=45  sample_time= 35%  root_next= 78/208 ( 38% turns)  live=1 ready=1  trace_id=3bc0e09a2d6ec317e0f01281dfe65ecda2a8
    lane=46  sample_time= 51%  root_next= 37/58  ( 64% turns)  live=1 ready=1  trace_id=3d3bd73c61922b4c3c9833ee94391f3a728a
    lane=47  sample_time= 39%  root_next= 32/46  ( 70% turns)  live=5 ready=4  trace_id=3e653a2a3388ad3d70449933e8d72b12b100
2026-06-03 17:20:02.610 - PhaseOrchestrator_759d8383 - INFO - Initialized 2 phase(s): ['Warmup', 'Profiling']
2026-06-03 17:20:02.622 - dataset_manager - INFO - Dataset client initialized and freed 0 conversations from memory
2026-06-03 17:20:02.641 - system_controller - INFO - All services configured in 1.32 seconds
2026-06-03 17:20:02.642 - system_controller - INFO - AIPerf System is CONFIGURED
2026-06-03 17:20:02.643 - server_metrics_manager - INFO - Server Metrics: Started 1 collector(s) successfully
2026-06-03 17:20:02.654 - PhaseRunner - NOTICE - Phase warmup started | target: 52 requests
2026-06-03 17:20:02.654 - AgenticReplayTiming - INFO - WARMUP execute: dispatching 52 trajectory credits
2026-06-03 17:20:02.656 - PhaseRunner - NOTICE - Phase warmup sending complete | sent=52, completed=0, in_flight=52
2026-06-03 17:20:02.957 - records_manager - INFO - Credit phase start: warmup
2026-06-03 17:20:02.959 - system_controller - INFO - All services started profiling successfully
2026-06-03 17:20:02.959 - system_controller - INFO - AIPerf System is PROFILING
2026-06-03 17:21:45.637 - AgenticReplayTiming - INFO - WARMUP 1/52 returned [ok] (lane=19, trace_id=1ac9d045056424d98ec4b5725460ca2b6120::sa:subagent_001_88698b09:s0, start_turn=0/24 (0% through trace))
2026-06-03 17:22:05.439 - AgenticReplayTiming - INFO - WARMUP 2/52 returned [ok] (lane=47, trace_id=3e653a2a3388ad3d70449933e8d72b12b100::sa:subagent_009_49633524:s0, start_turn=10/43 (23% through trace))
2026-06-03 17:22:22.139 - AgenticReplayTiming - INFO - WARMUP 3/52 returned [ok] (lane=47, trace_id=3e653a2a3388ad3d70449933e8d72b12b100::sa:subagent_009_49633524:s1, start_turn=1/5 (20% through trace))
2026-06-03 17:22:26.361 - AgenticReplayTiming - INFO - WARMUP 4/52 returned [ok] (lane=47, trace_id=3e653a2a3388ad3d70449933e8d72b12b100::sa:subagent_010_b83a72f9:s0, start_turn=0/134 (0% through trace))
2026-06-03 17:22:36.716 - AgenticReplayTiming - INFO - WARMUP 5/52 returned [ok] (lane=47, trace_id=3e653a2a3388ad3d70449933e8d72b12b100::sa:subagent_010_b83a72f9:s1, start_turn=0/2 (0% through trace))
2026-06-03 17:22:59.549 - AgenticReplayTiming - INFO - WARMUP 6/52 returned [ok] (lane=19, trace_id=1ac9d045056424d98ec4b5725460ca2b6120::sa:subagent_001_88698b09:s1, start_turn=0/4 (0% through trace))
2026-06-03 17:39:27.202 - PhaseRunner - NOTICE - Phase warmup complete | completed=52, cancelled=0, errors=0 | elapsed=1164.55s
2026-06-03 17:39:27.202 - aiperf.timing.branch_orchestrator - INFO - BranchOrchestrator stats: spawned=0 completed=0 errored=0 suspended=0 resumed=0 parents_failed_due_to_child_error=0 joins_suppressed=0
2026-06-03 17:39:27.218 - AgenticReplayTiming - INFO - PROFILING setup: trajectories=48 traces, recycle_queue=225 traces (full pool)
2026-06-03 17:39:27.218 - PhaseRunner - NOTICE - Phase profiling started | target: 1800.0s duration
2026-06-03 17:39:27.219 - PhaseRunner - INFO - Waiting for event 'profiling phase sending' with timeout of 1799.999389122s
2026-06-03 17:39:27.219 - AgenticReplayTiming - INFO - PROFILING execute: resuming 48 trajectory sessions
2026-06-03 17:39:27.219 - records_manager - INFO - Credit phase start: profiling
2026-06-03 17:39:29.666 - EventLoopMonitor - WARNING - Event loop for worker_531daee9 is taking too long to run. Overhead: 26.99ms
2026-06-03 17:39:34.151 - AgenticReplayTiming - INFO - Terminating trajectory 0b1cf5ad73920121aa53e1acb0851a8ecf32 early at turn 35/77: context-overflow error from server
2026-06-03 17:39:39.688 - EventLoopMonitor - WARNING - Event loop for worker_d813131b is taking too long to run. Overhead: 46.54ms
2026-06-03 17:40:01.153 - records_manager - INFO - [realtime 00:33 profiling] rps=0.3 (avg 0.3) tput_in=22428/s tput_out=72/s done=11 ok=11 err=0
                           ttft p50=10885ms p75=11210ms p95=15652ms p99=17616ms
                           itl  p50=43ms   p75=44ms   p95=92ms   p99=93ms
                           e2e  p50=21851ms p75=23925ms p95=28817ms p99=30881ms
                           intvty p50=23     p75=24     p95=25     p99=25 (1/tpot tok/s)
                           isl  p50=55,546    p75=89,104    p90=111,991   p99=183,965 (tokens)
                           osl  p50=236       p75=306       p90=367       p99=453 (tokens)
                           tot  in=722,244        out=2,329
                           trace theoretical_prefix_cache_hit=96.5%
                           srv  prefix_cache_hit=13.1% unique_in_srv=4,368,163 kv_usage=95.0% cpu_kv_usage=38.9% queue=5r/27w tput_in_srv=4,569/s tput_out_srv=75/s
2026-06-03 17:40:31.192 - records_manager - INFO - [realtime 01:03 profiling] rps=0.1 (avg 0.3) tput_in=19415/s tput_out=74/s done=15 ok=15 err=0
                           ttft p50=11021ms p75=16597ms p95=26453ms p99=31109ms
                           itl  p50=43ms   p75=44ms   p95=91ms   p99=93ms
                           e2e  p50=23474ms p75=32160ms p95=41612ms p99=46356ms
                           intvty p50=23     p75=24     p95=26     p99=26 (1/tpot tok/s)
                           isl  p50=55,546    p75=99,710    p90=140,707   p99=186,318 (tokens)
                           osl  p50=262       p75=352       p90=576       p99=630 (tokens)
                           tot  in=1,027,058      out=3,937
                           trace theoretical_prefix_cache_hit=96.8%
                           srv  prefix_cache_hit=15.7% unique_in_srv=4,492,945 kv_usage=92.0% cpu_kv_usage=39.0% queue=6r/41w tput_in_srv=4,716/s tput_out_srv=75/s
2026-06-03 17:41:01.239 - records_manager - INFO - [realtime 01:34 profiling] rps=0.1 (avg 0.2) tput_in=14429/s tput_out=74/s done=18 ok=18 err=0
                           ttft p50=11236ms p75=18921ms p95=37690ms p99=50848ms
                           itl  p50=43ms   p75=44ms   p95=90ms   p99=93ms
                           e2e  p50=25664ms p75=38419ms p95=67433ms p99=79951ms
                           intvty p50=23     p75=25     p95=26     p99=26 (1/tpot tok/s)
                           isl  p50=63,796    p75=101,900   p90=132,865   p99=185,016 (tokens)
                           osl  p50=274       p75=463       p90=805       p99=1,253 (tokens)
                           tot  in=1,278,145      out=6,541
                           trace theoretical_prefix_cache_hit=96.8%
                           srv  prefix_cache_hit=19.5% unique_in_srv=4,493,024 kv_usage=79.0% cpu_kv_usage=39.0% queue=5r/43w tput_in_srv=4,811/s tput_out_srv=75/s
2026-06-03 17:41:31.285 - records_manager - INFO - [realtime 02:04 profiling] rps=0.0 (avg 0.2) tput_in=14429/s tput_out=74/s done=18 ok=18 err=0
                           ttft p50=11236ms p75=18921ms p95=37690ms p99=50848ms
                           itl  p50=43ms   p75=44ms   p95=90ms   p99=93ms
                           e2e  p50=25664ms p75=38419ms p95=67433ms p99=79951ms
                           intvty p50=23     p75=25     p95=26     p99=26 (1/tpot tok/s)
                           isl  p50=63,796    p75=101,900   p90=132,865   p99=185,016 (tokens)
                           osl  p50=274       p75=463       p90=805       p99=1,253 (tokens)
                           tot  in=1,278,145      out=6,541
                           trace theoretical_prefix_cache_hit=96.8%
                           srv  prefix_cache_hit=19.5% unique_in_srv=4,493,024 kv_usage=80.0% cpu_kv_usage=39.0% queue=5r/45w tput_in_srv=4,689/s tput_out_srv=73/s
2026-06-03 17:42:01.349 - records_manager - INFO - [realtime 02:34 profiling] rps=0.2 (avg 0.1) tput_in=12140/s tput_out=84/s done=23 ok=23 err=0
                           ttft p50=18010ms p75=31161ms p95=116275ms p99=119454ms
                           itl  p50=41ms   p75=43ms   p95=88ms   p99=93ms
                           e2e  p50=32555ms p75=78190ms p95=128620ms p99=143447ms
                           intvty p50=25     p75=26     p95=26     p99=27 (1/tpot tok/s)
                           isl  p50=85,769    p75=113,247   p90=175,000   p99=191,501 (tokens)
                           osl  p50=296       p75=584       p90=1,266     p99=3,024 (tokens)
                           tot  in=1,853,980      out=12,823
                           trace theoretical_prefix_cache_hit=97.3%
                           srv  prefix_cache_hit=27.0% unique_in_srv=4,493,115 kv_usage=90.0% cpu_kv_usage=39.0% queue=8r/38w tput_in_srv=5,046/s tput_out_srv=77/s
2026-06-03 17:42:31.420 - records_manager - INFO - [realtime 03:04 profiling] rps=0.1 (avg 0.1) tput_in=11065/s tput_out=91/s done=25 ok=25 err=0
                           ttft p50=18514ms p75=38718ms p95=119594ms p99=120250ms
                           itl  p50=40ms   p75=43ms   p95=85ms   p99=93ms
                           e2e  p50=35557ms p75=119955ms p95=147096ms p99=167432ms
                           intvty p50=25     p75=26     p95=27     p99=27 (1/tpot tok/s)
                           isl  p50=85,769    p75=107,474   p90=169,122   p99=191,457 (tokens)
                           osl  p50=329       p75=642       p90=2,278     p99=3,144 (tokens)
                           tot  in=2,022,788      out=16,654
                           trace theoretical_prefix_cache_hit=97.5%
                           srv  prefix_cache_hit=29.0% unique_in_srv=4,493,155 kv_usage=97.0% cpu_kv_usage=39.0% queue=7r/39w tput_in_srv=5,060/s tput_out_srv=78/s
2026-06-03 17:43:01.509 - records_manager - INFO - [realtime 03:34 profiling] rps=0.1 (avg 0.1) tput_in=11570/s tput_out=99/s done=29 ok=29 err=0
                           ttft p50=21987ms p75=114023ms p95=132382ms p99=163097ms
                           itl  p50=39ms   p75=43ms   p95=79ms   p99=93ms
                           e2e  p50=54530ms p75=133075ms p95=177158ms p99=182978ms
                           intvty p50=25     p75=26     p95=28     p99=29 (1/tpot tok/s)
                           isl  p50=87,690    p75=106,204   p90=157,367   p99=191,369 (tokens)
                           osl  p50=348       p75=954       p90=1,836     p99=3,142 (tokens)
                           tot  in=2,371,763      out=20,349
                           trace theoretical_prefix_cache_hit=97.6%
                           srv  prefix_cache_hit=32.7% unique_in_srv=4,493,714 kv_usage=99.0% cpu_kv_usage=39.0% queue=10r/38w tput_in_srv=5,214/s tput_out_srv=79/s
2026-06-03 17:43:31.604 - records_manager - INFO - [realtime 04:04 profiling] rps=0.1 (avg 0.1) tput_in=10876/s tput_out=97/s done=32 ok=32 err=0
                           ttft p50=27825ms p75=118265ms p95=178307ms p99=180026ms
                           itl  p50=38ms   p75=43ms   p95=75ms   p99=92ms
                           e2e  p50=63521ms p75=155495ms p95=198896ms p99=200446ms
                           intvty p50=26     p75=27     p95=28     p99=29 (1/tpot tok/s)
                           isl  p50=83,692    p75=103,764   p90=148,550   p99=191,304 (tokens)
                           osl  p50=373       p75=796       p90=1,465     p99=3,141 (tokens)
                           tot  in=2,456,520      out=22,010
                           trace theoretical_prefix_cache_hit=97.4%
                           srv  prefix_cache_hit=33.5% unique_in_srv=4,495,911 kv_usage=88.0% cpu_kv_usage=39.0% queue=7r/41w tput_in_srv=5,158/s tput_out_srv=78/s
2026-06-03 17:44:01.710 - records_manager - INFO - [realtime 04:34 profiling] rps=0.2 (avg 0.1) tput_in=10842/s tput_out=89/s done=38 ok=38 err=0
                           ttft p50=54138ms p75=174364ms p95=220842ms p99=227826ms
                           itl  p50=38ms   p75=43ms   p95=66ms   p99=92ms
                           e2e  p50=120456ms p75=184389ms p95=226905ms p99=235633ms
                           intvty p50=26     p75=27     p95=29     p99=29 (1/tpot tok/s)
                           isl  p50=83,692    p75=103,491   p90=142,653   p99=191,172 (tokens)
                           osl  p50=341       p75=677       p90=1,359     p99=3,138 (tokens)
                           tot  in=2,932,146      out=24,050
                           trace theoretical_prefix_cache_hit=97.7%
                           srv  prefix_cache_hit=37.8% unique_in_srv=4,499,217 kv_usage=90.0% cpu_kv_usage=39.0% queue=8r/39w tput_in_srv=5,397/s tput_out_srv=78/s
2026-06-03 17:44:31.824 - records_manager - INFO - [realtime 05:04 profiling] rps=0.1 (avg 0.1) tput_in=10729/s tput_out=95/s done=41 ok=41 err=0
                           ttft p50=84968ms p75=177628ms p95=222278ms p99=233811ms
                           itl  p50=38ms   p75=42ms   p95=62ms   p99=92ms
                           e2e  p50=126621ms p75=200429ms p95=242571ms p99=260732ms
                           intvty p50=26     p75=27     p95=29     p99=30 (1/tpot tok/s)
                           isl  p50=78,554    p75=103,202   p90=139,705   p99=191,106 (tokens)
                           osl  p50=348       p75=902       p90=1,582     p99=3,137 (tokens)
                           tot  in=3,128,560      out=27,776
                           trace theoretical_prefix_cache_hit=97.6%
                           srv  prefix_cache_hit=39.5% unique_in_srv=4,499,279 kv_usage=89.0% cpu_kv_usage=39.0% queue=6r/41w tput_in_srv=5,422/s tput_out_srv=79/s
2026-06-03 17:45:01.941 - records_manager - INFO - [realtime 05:34 profiling] rps=0.1 (avg 0.1) tput_in=10340/s tput_out=97/s done=43 ok=43 err=0
                           ttft p50=114202ms p75=178986ms p95=230740ms p99=247874ms
                           itl  p50=38ms   p75=42ms   p95=60ms   p99=92ms
                           e2e  p50=137308ms p75=216410ms p95=266930ms p99=301715ms
                           intvty p50=26     p75=27     p95=29     p99=30 (1/tpot tok/s)
                           isl  p50=85,613    p75=103,912   p90=147,567   p99=192,491 (tokens)
                           osl  p50=364       p75=911       p90=2,513     p99=3,427 (tokens)
                           tot  in=3,425,471      out=32,271
                           trace theoretical_prefix_cache_hit=97.8%
                           srv  prefix_cache_hit=41.8% unique_in_srv=4,500,254 kv_usage=94.0% cpu_kv_usage=39.0% queue=8r/39w tput_in_srv=5,518/s tput_out_srv=81/s
2026-06-03 17:45:32.070 - records_manager - INFO - [realtime 06:04 profiling] rps=0.2 (avg 0.1) tput_in=10911/s tput_out=115/s done=48 ok=48 err=0
                           ttft p50=116366ms p75=198694ms p95=290167ms p99=295854ms
                           itl  p50=38ms   p75=41ms   p95=56ms   p99=92ms
                           e2e  p50=163661ms p75=229411ms p95=308450ms p99=321433ms
                           intvty p50=26     p75=27     p95=29     p99=30 (1/tpot tok/s)
                           isl  p50=84,688    p75=104,238   p90=149,663   p99=192,446 (tokens)
                           osl  p50=376       p75=906       p90=2,659     p99=5,571 (tokens)
                           tot  in=3,886,212      out=40,948
                           trace theoretical_prefix_cache_hit=97.3%
                           srv  prefix_cache_hit=44.7% unique_in_srv=4,525,667 kv_usage=92.0% cpu_kv_usage=39.3% queue=7r/41w tput_in_srv=5,723/s tput_out_srv=85/s
2026-06-03 17:46:02.211 - records_manager - INFO - [realtime 06:34 profiling] rps=0.1 (avg 0.1) tput_in=10709/s tput_out=127/s done=51 ok=51 err=0
                           ttft p50=119065ms p75=218536ms p95=295903ms p99=305304ms
                           itl  p50=38ms   p75=41ms   p95=53ms   p99=92ms
                           e2e  p50=170084ms p75=240846ms p95=325964ms p99=347678ms
                           intvty p50=26     p75=27     p95=29     p99=30 (1/tpot tok/s)
                           isl  p50=84,190    p75=104,330   p90=148,828   p99=192,419 (tokens)
                           osl  p50=402       p75=911       p90=2,743     p99=6,700 (tokens)
                           tot  in=4,090,794      out=48,402
                           trace theoretical_prefix_cache_hit=97.3%
                           srv  prefix_cache_hit=46.1% unique_in_srv=4,526,665 kv_usage=74.0% cpu_kv_usage=39.3% queue=5r/43w tput_in_srv=5,746/s tput_out_srv=88/s
2026-06-03 17:46:32.369 - records_manager - INFO - [realtime 07:05 profiling] rps=0.2 (avg 0.1) tput_in=11142/s tput_out=131/s done=58 ok=58 err=0
                           ttft p50=132634ms p75=231210ms p95=347175ms p99=349515ms
                           itl  p50=38ms   p75=40ms   p95=47ms   p99=91ms
                           e2e  p50=197372ms p75=303595ms p95=354336ms p99=366691ms
                           intvty p50=26     p75=28     p95=29     p99=30 (1/tpot tok/s)
                           isl  p50=84,688    p75=108,799   p90=142,653   p99=192,357 (tokens)
                           osl  p50=373       p75=897       p90=2,865     p99=6,624 (tokens)
                           tot  in=4,695,403      out=55,296
                           trace theoretical_prefix_cache_hit=96.6%
                           srv  prefix_cache_hit=49.7% unique_in_srv=4,528,138 kv_usage=96.0% cpu_kv_usage=39.3% queue=7r/38w tput_in_srv=6,034/s tput_out_srv=91/s
2026-06-03 17:47:02.531 - records_manager - INFO - [realtime 07:35 profiling] rps=0.0 (avg 0.1) tput_in=11098/s tput_out=130/s done=59 ok=59 err=0
                           ttft p50=134794ms p75=234408ms p95=347173ms p99=349495ms
                           itl  p50=38ms   p75=40ms   p95=47ms   p99=91ms
                           e2e  p50=198896ms p75=305544ms p95=354233ms p99=366538ms
                           intvty p50=26     p75=27     p95=29     p99=30 (1/tpot tok/s)
                           isl  p50=84,190    p75=107,705   p90=141,670   p99=192,348 (tokens)
                           osl  p50=364       p75=892       p90=2,824     p99=6,613 (tokens)
                           tot  in=4,742,142      out=55,451
                           trace theoretical_prefix_cache_hit=96.7%
                           srv  prefix_cache_hit=49.9% unique_in_srv=4,528,733 kv_usage=91.0% cpu_kv_usage=39.3% queue=6r/41w tput_in_srv=5,946/s tput_out_srv=89/s
2026-06-03 17:47:32.754 - records_manager - INFO - [realtime 08:05 profiling] rps=0.2 (avg 0.1) tput_in=10786/s tput_out=145/s done=64 ok=64 err=0
                           ttft p50=161258ms p75=289974ms p95=348947ms p99=353016ms
                           itl  p50=38ms   p75=40ms   p95=44ms   p99=91ms
                           e2e  p50=221727ms p75=322583ms p95=374193ms p99=442602ms
                           intvty p50=26     p75=28     p95=29     p99=30 (1/tpot tok/s)
                           isl  p50=84,688    p75=106,611   p90=146,584   p99=192,303 (tokens)
                           osl  p50=373       p75=992       p90=3,028     p99=8,504 (tokens)
                           tot  in=5,228,987      out=70,096
                           trace theoretical_prefix_cache_hit=96.8%
                           srv  prefix_cache_hit=52.5% unique_in_srv=4,531,610 kv_usage=84.0% cpu_kv_usage=39.3% queue=7r/41w tput_in_srv=6,143/s tput_out_srv=97/s
2026-06-03 17:48:02.956 - records_manager - INFO - [realtime 08:35 profiling] rps=0.1 (avg 0.1) tput_in=10613/s tput_out=141/s done=67 ok=67 err=0
                           ttft p50=173850ms p75=296882ms p95=349698ms p99=353764ms
                           itl  p50=38ms   p75=39ms   p95=44ms   p99=91ms
                           e2e  p50=224117ms p75=333192ms p95=380026ms p99=441975ms
                           intvty p50=26     p75=28     p95=29     p99=29 (1/tpot tok/s)
                           isl  p50=84,223    p75=107,705   p90=143,636   p99=192,276 (tokens)
                           osl  p50=376       p75=911       p90=2,906     p99=8,404 (tokens)
                           tot  in=5,432,723      out=72,008
                           trace theoretical_prefix_cache_hit=96.9%
                           srv  prefix_cache_hit=53.4% unique_in_srv=4,533,170 kv_usage=84.0% cpu_kv_usage=39.3% queue=5r/43w tput_in_srv=6,156/s tput_out_srv=97/s
2026-06-03 17:48:33.168 - records_manager - INFO - [realtime 09:05 profiling] rps=0.1 (avg 0.1) tput_in=10916/s tput_out=143/s done=70 ok=70 err=0
                           ttft p50=176949ms p75=302739ms p95=349555ms p99=353621ms
                           itl  p50=38ms   p75=39ms   p95=44ms   p99=91ms
                           e2e  p50=225234ms p75=335852ms p95=391377ms p99=462005ms
                           intvty p50=26     p75=28     p95=28     p99=29 (1/tpot tok/s)
                           isl  p50=87,534    p75=111,548   p90=148,934   p99=192,249 (tokens)
                           osl  p50=376       p75=916       p90=3,119     p99=8,304 (tokens)
                           tot  in=5,869,699      out=76,953
                           trace theoretical_prefix_cache_hit=95.4%
                           srv  prefix_cache_hit=55.4% unique_in_srv=4,533,218 kv_usage=88.0% cpu_kv_usage=39.3% queue=6r/42w tput_in_srv=6,311/s tput_out_srv=98/s
2026-06-03 17:49:03.384 - records_manager - INFO - [realtime 09:36 profiling] rps=0.0 (avg 0.1) tput_in=10880/s tput_out=144/s done=71 ok=71 err=0
                           ttft p50=178307ms p75=308115ms p95=350333ms p99=365119ms
                           itl  p50=38ms   p75=39ms   p95=44ms   p99=91ms
                           e2e  p50=229411ms p75=338093ms p95=418117ms p99=469610ms
                           intvty p50=26     p75=28     p95=28     p99=29 (1/tpot tok/s)
                           isl  p50=87,690    p75=110,861   p90=148,742   p99=192,240 (tokens)
                           osl  p50=376       p75=1,029     p90=3,114     p99=8,271 (tokens)
                           tot  in=5,972,112      out=79,049
                           trace theoretical_prefix_cache_hit=95.5%
                           srv  prefix_cache_hit=55.9% unique_in_srv=4,533,743 kv_usage=75.0% cpu_kv_usage=39.3% queue=5r/43w tput_in_srv=6,258/s tput_out_srv=97/s
2026-06-03 17:49:07.025 - AgenticReplayTiming - INFO - Terminating trajectory 1186d32070428ea303de493d61ee3effd467 early at turn 27/38: context-overflow error from server
2026-06-03 17:49:33.607 - records_manager - INFO - [realtime 10:06 profiling] rps=0.1 (avg 0.1) tput_in=10322/s tput_out=136/s done=75 ok=75 err=0
                           ttft p50=180180ms p75=324480ms p95=351233ms p99=385462ms
                           itl  p50=38ms   p75=40ms   p95=50ms   p99=91ms
                           e2e  p50=236783ms p75=340587ms p95=413731ms p99=469344ms
                           intvty p50=26     p75=28     p95=28     p99=29 (1/tpot tok/s)
                           isl  p50=87,846    p75=111,548   p90=147,397   p99=192,213 (tokens)
                           osl  p50=376       p75=1,171     p90=3,028     p99=8,171 (tokens)
                           tot  in=6,236,053      out=82,354
                           trace theoretical_prefix_cache_hit=95.6%
                           srv  prefix_cache_hit=56.9% unique_in_srv=4,538,164 kv_usage=82.0% cpu_kv_usage=39.4% queue=7r/40w tput_in_srv=6,302/s tput_out_srv=97/s
2026-06-03 17:50:03.875 - records_manager - INFO - [realtime 10:36 profiling] rps=0.2 (avg 0.1) tput_in=10580/s tput_out=156/s done=82 ok=82 err=0
                           ttft p50=219678ms p75=329111ms p95=359032ms p99=384970ms
                           itl  p50=38ms   p75=40ms   p95=45ms   p99=90ms
                           e2e  p50=279236ms p75=354439ms p95=456119ms p99=567604ms
                           intvty p50=26     p75=27     p95=28     p99=29 (1/tpot tok/s)
                           isl  p50=86,111    p75=106,452   p90=143,362   p99=192,150 (tokens)
                           osl  p50=460       p75=1,171     p90=3,200     p99=8,088 (tokens)
                           tot  in=6,701,680      out=98,898
                           trace theoretical_prefix_cache_hit=95.2%
                           srv  prefix_cache_hit=58.4% unique_in_srv=4,580,687 kv_usage=75.0% cpu_kv_usage=39.7% queue=5r/37w tput_in_srv=6,463/s tput_out_srv=105/s
2026-06-03 17:50:34.163 - records_manager - INFO - [realtime 11:06 profiling] rps=0.2 (avg 0.1) tput_in=10859/s tput_out=152/s done=87 ok=87 err=0
                           ttft p50=221808ms p75=332560ms p95=359444ms p99=384619ms
                           itl  p50=38ms   p75=41ms   p95=53ms   p99=90ms
                           e2e  p50=303595ms p75=359935ms p95=451376ms p99=566591ms
                           intvty p50=26     p75=27     p95=28     p99=29 (1/tpot tok/s)
                           isl  p50=87,534    p75=108,799   p90=146,244   p99=193,013 (tokens)
                           osl  p50=414       p75=1,067     p90=3,136     p99=7,931 (tokens)
                           tot  in=7,180,774      out=100,632
                           trace theoretical_prefix_cache_hit=95.5%
                           srv  prefix_cache_hit=60.1% unique_in_srv=4,585,669 kv_usage=71.0% cpu_kv_usage=39.8% queue=6r/39w tput_in_srv=6,628/s tput_out_srv=105/s
2026-06-03 17:51:04.513 - records_manager - INFO - [realtime 11:37 profiling] rps=0.1 (avg 0.1) tput_in=10836/s tput_out=155/s done=90 ok=90 err=0
                           ttft p50=233342ms p75=333950ms p95=360549ms p99=384408ms
                           itl  p50=38ms   p75=41ms   p95=53ms   p99=90ms
                           e2e  p50=306881ms p75=364446ms p95=462907ms p99=565983ms
                           intvty p50=26     p75=27     p95=28     p99=29 (1/tpot tok/s)
                           isl  p50=86,111    p75=109,486   p90=149,127   p99=192,984 (tokens)
                           osl  p50=460       p75=1,119     p90=3,293     p99=7,837 (tokens)
                           tot  in=7,475,594      out=106,740
                           trace theoretical_prefix_cache_hit=95.6%
                           srv  prefix_cache_hit=60.7% unique_in_srv=4,633,385 kv_usage=97.0% cpu_kv_usage=40.2% queue=8r/38w tput_in_srv=6,681/s tput_out_srv=106/s
2026-06-03 17:51:34.857 - records_manager - INFO - [realtime 12:07 profiling] rps=0.3 (avg 0.1) tput_in=11352/s tput_out=155/s done=99 ok=99 err=0
                           ttft p50=290456ms p75=335567ms p95=359890ms p99=383776ms
                           itl  p50=38ms   p75=41ms   p95=51ms   p99=90ms
                           e2e  p50=313720ms p75=364319ms p95=457816ms p99=564160ms
                           intvty p50=26     p75=27     p95=28     p99=29 (1/tpot tok/s)
                           isl  p50=85,650    p75=111,548   p90=149,319   p99=192,898 (tokens)
                           osl  p50=463       p75=1,102     p90=3,128     p99=7,554 (tokens)
                           tot  in=8,249,350      out=112,419
                           trace theoretical_prefix_cache_hit=95.8%
                           srv  prefix_cache_hit=63.0% unique_in_srv=4,645,861 kv_usage=94.0% cpu_kv_usage=40.3% queue=9r/34w tput_in_srv=6,999/s tput_out_srv=108/s
2026-06-03 17:52:05.271 - records_manager - INFO - [realtime 12:38 profiling] rps=0.2 (avg 0.1) tput_in=11369/s tput_out=152/s done=105 ok=105 err=0
                           ttft p50=293210ms p75=334489ms p95=359521ms p99=383172ms
                           itl  p50=39ms   p75=42ms   p95=54ms   p99=89ms
                           e2e  p50=313632ms p75=362523ms p95=453937ms p99=562358ms
                           intvty p50=26     p75=27     p95=28     p99=29 (1/tpot tok/s)
                           isl  p50=84,657    p75=109,024   p90=147,397   p99=192,841 (tokens)
                           osl  p50=418       p75=1,084     p90=3,028     p99=7,424 (tokens)
                           tot  in=8,591,848      out=114,946
                           trace theoretical_prefix_cache_hit=95.9%
                           srv  prefix_cache_hit=63.9% unique_in_srv=4,656,199 kv_usage=74.0% cpu_kv_usage=40.4% queue=5r/41w tput_in_srv=7,071/s tput_out_srv=107/s
2026-06-03 17:52:35.685 - records_manager - INFO - [realtime 13:08 profiling] rps=0.2 (avg 0.1) tput_in=11728/s tput_out=153/s done=111 ok=111 err=0
                           ttft p50=292640ms p75=332560ms p95=359290ms p99=382204ms
                           itl  p50=39ms   p75=43ms   p95=57ms   p99=88ms
                           e2e  p50=313632ms p75=364319ms p95=449088ms p99=559383ms
                           intvty p50=26     p75=27     p95=28     p99=29 (1/tpot tok/s)
                           isl  p50=85,650    p75=111,548   p90=143,939   p99=192,787 (tokens)
                           osl  p50=418       p75=1,100     p90=2,784     p99=7,413 (tokens)
                           tot  in=9,211,532      out=120,185
                           trace theoretical_prefix_cache_hit=96.1%
                           srv  prefix_cache_hit=64.8% unique_in_srv=4,752,363 kv_usage=86.0% cpu_kv_usage=41.3% queue=6r/38w tput_in_srv=7,288/s tput_out_srv=108/s
2026-06-03 17:53:06.118 - records_manager - INFO - [realtime 13:38 profiling] rps=0.2 (avg 0.1) tput_in=11859/s tput_out=153/s done=117 ok=117 err=0
                           ttft p50=289509ms p75=329312ms p95=359060ms p99=381236ms
                           itl  p50=39ms   p75=42ms   p95=56ms   p99=86ms
                           e2e  p50=311260ms p75=362523ms p95=453623ms p99=556409ms
                           intvty p50=26     p75=27     p95=28     p99=29 (1/tpot tok/s)
                           isl  p50=85,650    p75=110,398   p90=141,828   p99=192,733 (tokens)
                           osl  p50=418       p75=1,101     p90=2,750     p99=7,401 (tokens)
                           tot  in=9,690,467      out=125,188
                           trace theoretical_prefix_cache_hit=96.0%
                           srv  prefix_cache_hit=65.9% unique_in_srv=4,779,074 kv_usage=96.0% cpu_kv_usage=41.5% queue=5r/39w tput_in_srv=7,425/s tput_out_srv=109/s
2026-06-03 17:53:36.573 - records_manager - INFO - [realtime 14:09 profiling] rps=0.1 (avg 0.1) tput_in=11896/s tput_out=148/s done=121 ok=121 err=0
                           ttft p50=287117ms p75=328612ms p95=358906ms p99=380590ms
                           itl  p50=39ms   p75=42ms   p95=55ms   p99=86ms
                           e2e  p50=309417ms p75=360330ms p95=453071ms p99=554426ms
                           intvty p50=26     p75=27     p95=28     p99=29 (1/tpot tok/s)
                           isl  p50=87,846    p75=109,024   p90=140,869   p99=192,698 (tokens)
                           osl  p50=409       p75=1,084     p90=2,718     p99=7,394 (tokens)
                           tot  in=10,090,073     out=125,868
                           trace theoretical_prefix_cache_hit=95.7%
                           srv  prefix_cache_hit=66.4% unique_in_srv=4,830,648 kv_usage=95.0% cpu_kv_usage=41.5% queue=8r/41w tput_in_srv=7,516/s tput_out_srv=108/s
2026-06-03 17:54:07.120 - records_manager - INFO - [realtime 14:39 profiling] rps=0.2 (avg 0.1) tput_in=12208/s tput_out=150/s done=128 ok=128 err=0
                           ttft p50=281636ms p75=327835ms p95=358338ms p99=379460ms
                           itl  p50=39ms   p75=43ms   p95=55ms   p99=84ms
                           e2e  p50=306881ms p75=358946ms p95=449444ms p99=550956ms
                           intvty p50=26     p75=27     p95=28     p99=29 (1/tpot tok/s)
                           isl  p50=88,170    p75=110,973   p90=141,588   p99=192,635 (tokens)
                           osl  p50=412       p75=1,070     p90=2,666     p99=7,380 (tokens)
                           tot  in=10,670,899     out=131,024
                           trace theoretical_prefix_cache_hit=95.7%
                           srv  prefix_cache_hit=67.6% unique_in_srv=4,850,706 kv_usage=97.0% cpu_kv_usage=42.2% queue=7r/37w tput_in_srv=7,697/s tput_out_srv=109/s
2026-06-03 17:54:37.642 - records_manager - INFO - [realtime 15:10 profiling] rps=0.2 (avg 0.1) tput_in=12583/s tput_out=149/s done=134 ok=134 err=0
                           ttft p50=271598ms p75=326393ms p95=357748ms p99=378492ms
                           itl  p50=39ms   p75=44ms   p95=55ms   p99=83ms
                           e2e  p50=303419ms p75=355263ms p95=445423ms p99=547982ms
                           intvty p50=26     p75=27     p95=28     p99=29 (1/tpot tok/s)
                           isl  p50=88,170    p75=112,416   p90=142,598   p99=193,523 (tokens)
                           osl  p50=402       p75=1,068     p90=2,602     p99=7,369 (tokens)
                           tot  in=11,285,506     out=133,877
                           trace theoretical_prefix_cache_hit=95.8%
                           srv  prefix_cache_hit=68.9% unique_in_srv=4,852,513 kv_usage=87.0% cpu_kv_usage=42.2% queue=6r/38w tput_in_srv=7,889/s tput_out_srv=109/s
2026-06-03 17:55:08.228 - records_manager - INFO - [realtime 15:41 profiling] rps=0.0 (avg 0.1) tput_in=12408/s tput_out=147/s done=135 ok=135 err=0
                           ttft p50=271318ms p75=326249ms p95=357649ms p99=378331ms
                           itl  p50=39ms   p75=44ms   p95=57ms   p99=83ms
                           e2e  p50=303244ms p75=355023ms p95=444753ms p99=547486ms
                           intvty p50=26     p75=27     p95=28     p99=29 (1/tpot tok/s)
                           isl  p50=88,494    p75=112,393   p90=142,410   p99=193,514 (tokens)
                           osl  p50=409       p75=1,067     p90=2,573     p99=7,367 (tokens)
                           tot  in=11,390,795     out=134,506
                           trace theoretical_prefix_cache_hit=95.8%
                           srv  prefix_cache_hit=69.0% unique_in_srv=4,864,682 kv_usage=73.0% cpu_kv_usage=42.3% queue=6r/42w tput_in_srv=7,821/s tput_out_srv=107/s
2026-06-03 17:55:38.819 - records_manager - INFO - [realtime 16:11 profiling] rps=0.3 (avg 0.1) tput_in=12598/s tput_out=148/s done=145 ok=145 err=0
                           ttft p50=256490ms p75=323385ms p95=356774ms p99=376717ms
                           itl  p50=39ms   p75=44ms   p95=56ms   p99=80ms
                           e2e  p50=295505ms p75=353439ms p95=438918ms p99=542529ms
                           intvty p50=26     p75=27     p95=28     p99=30 (1/tpot tok/s)
                           isl  p50=87,534    p75=112,439   p90=145,849   p99=193,418 (tokens)
                           osl  p50=409       p75=1,099     p90=2,573     p99=7,348 (tokens)
                           tot  in=12,214,869     out=143,384
                           trace theoretical_prefix_cache_hit=95.5%
                           srv  prefix_cache_hit=70.1% unique_in_srv=4,935,732 kv_usage=93.0% cpu_kv_usage=42.9% queue=8r/37w tput_in_srv=8,109/s tput_out_srv=110/s
2026-06-03 17:56:09.498 - records_manager - INFO - [realtime 16:42 profiling] rps=0.2 (avg 0.1) tput_in=12616/s tput_out=147/s done=150 ok=150 err=0
                           ttft p50=236245ms p75=322250ms p95=356552ms p99=375910ms
                           itl  p50=39ms   p75=44ms   p95=55ms   p99=79ms
                           e2e  p50=287334ms p75=352637ms p95=437736ms p99=540051ms
                           intvty p50=25     p75=27     p95=28     p99=30 (1/tpot tok/s)
                           isl  p50=86,592    p75=112,416   p90=147,196   p99=193,369 (tokens)
                           osl  p50=416       p75=1,078     p90=2,431     p99=7,338 (tokens)
                           tot  in=12,600,971     out=147,108
                           trace theoretical_prefix_cache_hit=95.5%
                           srv  prefix_cache_hit=70.7% unique_in_srv=4,945,834 kv_usage=89.0% cpu_kv_usage=43.0% queue=6r/43w tput_in_srv=8,175/s tput_out_srv=110/s
2026-06-03 17:56:40.149 - records_manager - INFO - [realtime 17:12 profiling] rps=0.1 (avg 0.1) tput_in=12699/s tput_out=148/s done=154 ok=154 err=0
                           ttft p50=230964ms p75=318442ms p95=356374ms p99=375264ms
                           itl  p50=39ms   p75=44ms   p95=55ms   p99=79ms
                           e2e  p50=284906ms p75=350949ms p95=436791ms p99=538068ms
                           intvty p50=25     p75=27     p95=28     p99=30 (1/tpot tok/s)
                           isl  p50=85,283    p75=112,416   p90=146,232   p99=193,331 (tokens)
                           osl  p50=412       p75=1,078     p90=2,602     p99=7,331 (tokens)
                           tot  in=12,944,114     out=150,576
                           trace theoretical_prefix_cache_hit=95.6%
                           srv  prefix_cache_hit=71.3% unique_in_srv=4,948,305 kv_usage=88.0% cpu_kv_usage=43.0% queue=6r/43w tput_in_srv=8,219/s tput_out_srv=110/s
2026-06-03 17:57:10.821 - records_manager - INFO - [realtime 17:43 profiling] rps=0.2 (avg 0.1) tput_in=12681/s tput_out=147/s done=159 ok=159 err=0
                           ttft p50=224635ms p75=315326ms p95=356152ms p99=374458ms
                           itl  p50=40ms   p75=44ms   p95=55ms   p99=78ms
                           e2e  p50=276722ms p75=349994ms p95=435609ms p99=535589ms
                           intvty p50=25     p75=27     p95=28     p99=30 (1/tpot tok/s)
                           isl  p50=85,650    p75=112,393   p90=144,318   p99=193,283 (tokens)
                           osl  p50=418       p75=1,098     p90=2,459     p99=7,321 (tokens)
                           tot  in=13,395,328     out=154,932
                           trace theoretical_prefix_cache_hit=95.7%
                           srv  prefix_cache_hit=72.0% unique_in_srv=4,963,551 kv_usage=86.0% cpu_kv_usage=43.2% queue=6r/44w tput_in_srv=8,313/s tput_out_srv=111/s
2026-06-03 17:57:41.594 - records_manager - INFO - [realtime 18:14 profiling] rps=0.2 (avg 0.2) tput_in=12875/s tput_out=144/s done=166 ok=166 err=0
                           ttft p50=229420ms p75=313094ms p95=355561ms p99=373328ms
                           itl  p50=40ms   p75=44ms   p95=55ms   p99=76ms
                           e2e  p50=269793ms p75=348881ms p95=433233ms p99=532119ms
                           intvty p50=25     p75=26     p95=28     p99=30 (1/tpot tok/s)
                           isl  p50=88,170    p75=112,416   p90=142,221   p99=193,215 (tokens)
                           osl  p50=412       p75=1,068     p90=2,305     p99=7,308 (tokens)
                           tot  in=14,075,375     out=156,947
                           trace theoretical_prefix_cache_hit=95.5%
                           srv  prefix_cache_hit=72.7% unique_in_srv=4,990,245 kv_usage=84.0% cpu_kv_usage=43.4% queue=6r/44w tput_in_srv=8,457/s tput_out_srv=110/s
2026-06-03 17:58:12.302 - records_manager - INFO - [realtime 18:45 profiling] rps=0.0 (avg 0.2) tput_in=12875/s tput_out=144/s done=166 ok=166 err=0
                           ttft p50=229420ms p75=313094ms p95=355561ms p99=373328ms
                           itl  p50=40ms   p75=44ms   p95=55ms   p99=76ms
                           e2e  p50=269793ms p75=348881ms p95=433233ms p99=532119ms
                           intvty p50=25     p75=26     p95=28     p99=30 (1/tpot tok/s)
                           isl  p50=88,170    p75=112,416   p90=142,221   p99=193,215 (tokens)
                           osl  p50=412       p75=1,068     p90=2,305     p99=7,308 (tokens)
                           tot  in=14,075,375     out=156,947
                           trace theoretical_prefix_cache_hit=95.5%
                           srv  prefix_cache_hit=72.8% unique_in_srv=5,006,542 kv_usage=69.0% cpu_kv_usage=43.5% queue=5r/47w tput_in_srv=8,389/s tput_out_srv=108/s
2026-06-03 17:58:43.036 - records_manager - INFO - [realtime 19:15 profiling] rps=0.1 (avg 0.1) tput_in=12451/s tput_out=141/s done=168 ok=168 err=0
                           ttft p50=228011ms p75=312104ms p95=355285ms p99=373005ms
                           itl  p50=40ms   p75=44ms   p95=55ms   p99=76ms
                           e2e  p50=273454ms p75=347735ms p95=432279ms p99=531128ms
                           intvty p50=25     p75=26     p95=28     p99=29 (1/tpot tok/s)
                           isl  p50=88,170    p75=112,393   p90=141,845   p99=193,196 (tokens)
                           osl  p50=416       p75=1,091     p90=2,430     p99=7,304 (tokens)
                           tot  in=14,191,459     out=160,902
                           trace theoretical_prefix_cache_hit=95.5%
                           srv  prefix_cache_hit=72.9% unique_in_srv=5,010,882 kv_usage=90.0% cpu_kv_usage=43.6% queue=5r/46w tput_in_srv=8,326/s tput_out_srv=109/s
2026-06-03 17:59:13.860 - records_manager - INFO - [realtime 19:46 profiling] rps=0.1 (avg 0.1) tput_in=12356/s tput_out=145/s done=171 ok=171 err=0
                           ttft p50=228123ms p75=310588ms p95=354871ms p99=372521ms
                           itl  p50=40ms   p75=44ms   p95=55ms   p99=75ms
                           e2e  p50=275272ms p75=349879ms p95=430848ms p99=529641ms
                           intvty p50=25     p75=26     p95=28     p99=29 (1/tpot tok/s)
                           isl  p50=89,193    p75=112,393   p90=143,552   p99=193,167 (tokens)
                           osl  p50=458       p75=1,102     p90=2,697     p99=7,298 (tokens)
                           tot  in=14,571,280     out=171,120
                           trace theoretical_prefix_cache_hit=95.6%
                           srv  prefix_cache_hit=73.4% unique_in_srv=5,018,223 kv_usage=81.0% cpu_kv_usage=43.6% queue=5r/45w tput_in_srv=8,381/s tput_out_srv=112/s
2026-06-03 17:59:44.726 - records_manager - INFO - [realtime 20:17 profiling] rps=0.1 (avg 0.1) tput_in=12295/s tput_out=143/s done=174 ok=174 err=0
                           ttft p50=229443ms p75=310430ms p95=354457ms p99=372037ms
                           itl  p50=40ms   p75=44ms   p95=55ms   p99=74ms
                           e2e  p50=276436ms p75=348881ms p95=429416ms p99=528153ms
                           intvty p50=25     p75=26     p95=28     p99=29 (1/tpot tok/s)
                           isl  p50=89,294    p75=112,587   p90=146,232   p99=193,138 (tokens)
                           osl  p50=438       p75=1,113     p90=2,689     p99=7,292 (tokens)
                           tot  in=14,921,602     out=173,329
                           trace theoretical_prefix_cache_hit=95.7%
                           srv  prefix_cache_hit=73.8% unique_in_srv=5,027,937 kv_usage=77.0% cpu_kv_usage=43.7% queue=7r/42w tput_in_srv=8,422/s tput_out_srv=111/s
2026-06-03 18:00:15.568 - records_manager - INFO - [realtime 20:48 profiling] rps=0.2 (avg 0.1) tput_in=12417/s tput_out=141/s done=181 ok=181 err=0
                           ttft p50=235474ms p75=310095ms p95=353491ms p99=370907ms
                           itl  p50=40ms   p75=44ms   p95=59ms   p99=100ms
                           e2e  p50=286376ms p75=342941ms p95=426077ms p99=524683ms
                           intvty p50=25     p75=26     p95=28     p99=29 (1/tpot tok/s)
                           isl  p50=89,193    p75=112,690   p90=143,552   p99=193,071 (tokens)
                           osl  p50=414       p75=1,099     p90=2,643     p99=7,279 (tokens)
                           tot  in=15,447,314     out=175,772
                           trace theoretical_prefix_cache_hit=95.5%
                           srv  prefix_cache_hit=74.1% unique_in_srv=5,119,217 kv_usage=76.0% cpu_kv_usage=44.6% queue=6r/41w tput_in_srv=8,536/s tput_out_srv=111/s
2026-06-03 18:00:26.120 - AgenticReplayTiming - INFO - Terminating trajectory 2df1b153c477169c8ab4ecd9e917ccaa3dba early at turn 53/102: context-overflow error from server
2026-06-03 18:00:46.487 - records_manager - INFO - [realtime 21:19 profiling] rps=0.3 (avg 0.1) tput_in=12672/s tput_out=141/s done=191 ok=191 err=0
                           ttft p50=237455ms p75=305204ms p95=353094ms p99=369455ms
                           itl  p50=40ms   p75=44ms   p95=60ms   p99=97ms
                           e2e  p50=288465ms p75=341764ms p95=424396ms p99=520222ms
                           intvty p50=25     p75=26     p95=28     p99=29 (1/tpot tok/s)
                           isl  p50=88,170    p75=112,416   p90=143,935   p99=193,872 (tokens)
                           osl  p50=396       p75=1,098     p90=2,550     p99=7,262 (tokens)
                           tot  in=16,135,413     out=179,870
                           trace theoretical_prefix_cache_hit=95.4%
                           srv  prefix_cache_hit=74.9% unique_in_srv=5,132,436 kv_usage=70.0% cpu_kv_usage=44.7% queue=6r/40w tput_in_srv=8,718/s tput_out_srv=111/s
2026-06-03 18:01:17.454 - records_manager - INFO - [realtime 21:50 profiling] rps=0.1 (avg 0.1) tput_in=12613/s tput_out=141/s done=193 ok=193 err=0
                           ttft p50=239143ms p75=303663ms p95=353059ms p99=369132ms
                           itl  p50=40ms   p75=44ms   p95=59ms   p99=97ms
                           e2e  p50=289635ms p75=340490ms p95=424189ms p99=519231ms
                           intvty p50=25     p75=26     p95=28     p99=29 (1/tpot tok/s)
                           isl  p50=88,170    p75=112,462   p90=143,169   p99=193,865 (tokens)
                           osl  p50=402       p75=1,100     p90=2,527     p99=7,258 (tokens)
                           tot  in=16,264,494     out=181,856
                           trace theoretical_prefix_cache_hit=95.4%
                           srv  prefix_cache_hit=75.0% unique_in_srv=5,132,557 kv_usage=83.0% cpu_kv_usage=44.7% queue=6r/42w tput_in_srv=8,658/s tput_out_srv=111/s
2026-06-03 18:01:48.459 - records_manager - INFO - [realtime 22:21 profiling] rps=0.1 (avg 0.1) tput_in=12481/s tput_out=141/s done=196 ok=196 err=0
                           ttft p50=248217ms p75=302739ms p95=353007ms p99=368648ms
                           itl  p50=40ms   p75=45ms   p95=59ms   p99=96ms
                           e2e  p50=291423ms p75=345295ms p95=427723ms p99=517743ms
                           intvty p50=25     p75=26     p95=28     p99=29 (1/tpot tok/s)
                           isl  p50=88,494    p75=112,485   p90=145,849   p99=193,853 (tokens)
                           osl  p50=414       p75=1,102     p90=2,607     p99=7,252 (tokens)
                           tot  in=16,581,514     out=187,984
                           trace theoretical_prefix_cache_hit=95.3%
                           srv  prefix_cache_hit=75.3% unique_in_srv=5,163,369 kv_usage=64.0% cpu_kv_usage=44.9% queue=4r/43w tput_in_srv=8,679/s tput_out_srv=112/s
2026-06-03 18:02:19.513 - records_manager - INFO - [realtime 22:52 profiling] rps=0.2 (avg 0.1) tput_in=12440/s tput_out=140/s done=202 ok=202 err=0
                           ttft p50=256490ms p75=309329ms p95=352903ms p99=367680ms
                           itl  p50=40ms   p75=45ms   p95=59ms   p99=94ms
                           e2e  p50=295505ms p75=345517ms p95=425773ms p99=514769ms
                           intvty p50=25     p75=26     p95=28     p99=29 (1/tpot tok/s)
                           isl  p50=87,846    p75=112,690   p90=143,552   p99=193,830 (tokens)
                           osl  p50=409       p75=1,124     p90=2,539     p99=7,241 (tokens)
                           tot  in=17,027,381     out=191,892
                           trace theoretical_prefix_cache_hit=95.4%
                           srv  prefix_cache_hit=75.8% unique_in_srv=5,165,204 kv_usage=94.0% cpu_kv_usage=45.0% queue=4r/39w tput_in_srv=8,751/s tput_out_srv=112/s
2026-06-03 18:02:50.519 - records_manager - INFO - [realtime 23:23 profiling] rps=0.1 (avg 0.1) tput_in=12331/s tput_out=139/s done=204 ok=204 err=0
                           ttft p50=268613ms p75=309907ms p95=352869ms p99=367357ms
                           itl  p50=40ms   p75=44ms   p95=59ms   p99=94ms
                           e2e  p50=297942ms p75=348548ms p95=425123ms p99=513778ms
                           intvty p50=25     p75=26     p95=28     p99=29 (1/tpot tok/s)
                           isl  p50=87,846    p75=112,485   p90=142,786   p99=193,822 (tokens)
                           osl  p50=414       p75=1,104     p90=2,516     p99=7,237 (tokens)
                           tot  in=17,150,352     out=193,749
                           trace theoretical_prefix_cache_hit=95.4%
                           srv  prefix_cache_hit=75.9% unique_in_srv=5,166,959 kv_usage=91.0% cpu_kv_usage=45.0% queue=5r/43w tput_in_srv=8,691/s tput_out_srv=111/s
2026-06-03 18:03:21.622 - records_manager - INFO - [realtime 23:54 profiling] rps=0.2 (avg 0.1) tput_in=12431/s tput_out=138/s done=210 ok=210 err=0
                           ttft p50=271088ms p75=311241ms p95=353111ms p99=367088ms
                           itl  p50=40ms   p75=44ms   p95=59ms   p99=93ms
                           e2e  p50=298663ms p75=350988ms p95=427092ms p99=511494ms
                           intvty p50=25     p75=26     p95=28     p99=30 (1/tpot tok/s)
                           isl  p50=88,494    p75=112,485   p90=144,318   p99=193,764 (tokens)
                           osl  p50=409       p75=1,103     p90=2,562     p99=7,171 (tokens)
                           tot  in=17,803,773     out=198,006
                           trace theoretical_prefix_cache_hit=95.5%
                           srv  prefix_cache_hit=76.6% unique_in_srv=5,171,996 kv_usage=87.0% cpu_kv_usage=45.0% queue=6r/42w tput_in_srv=8,845/s tput_out_srv=111/s
2026-06-03 18:03:52.770 - records_manager - INFO - [realtime 24:25 profiling] rps=0.1 (avg 0.1) tput_in=12410/s tput_out=139/s done=214 ok=214 err=0
                           ttft p50=271878ms p75=314936ms p95=353042ms p99=366909ms
                           itl  p50=40ms   p75=44ms   p95=58ms   p99=93ms
                           e2e  p50=299953ms p75=352714ms p95=426530ms p99=509971ms
                           intvty p50=25     p75=26     p95=28     p99=30 (1/tpot tok/s)
                           isl  p50=88,494    p75=112,439   p90=142,786   p99=193,726 (tokens)
                           osl  p50=414       p75=1,125     p90=2,516     p99=7,128 (tokens)
                           tot  in=18,151,430     out=202,893
                           trace theoretical_prefix_cache_hit=95.5%
                           srv  prefix_cache_hit=77.0% unique_in_srv=5,175,845 kv_usage=90.0% cpu_kv_usage=45.0% queue=6r/42w tput_in_srv=8,874/s tput_out_srv=112/s
2026-06-03 18:04:23.958 - records_manager - INFO - [realtime 24:56 profiling] rps=0.2 (avg 0.1) tput_in=12437/s tput_out=137/s done=219 ok=219 err=0
                           ttft p50=274688ms p75=316671ms p95=352955ms p99=366686ms
                           itl  p50=40ms   p75=45ms   p95=59ms   p99=117ms
                           e2e  p50=300330ms p75=352909ms p95=425826ms p99=508068ms
                           intvty p50=25     p75=26     p95=28     p99=30 (1/tpot tok/s)
                           isl  p50=88,844    p75=112,485   p90=141,845   p99=193,678 (tokens)
                           osl  p50=412       p75=1,102     p90=2,430     p99=7,073 (tokens)
                           tot  in=18,556,936     out=204,550
                           trace theoretical_prefix_cache_hit=95.4%
                           srv  prefix_cache_hit=77.2% unique_in_srv=5,218,151 kv_usage=86.0% cpu_kv_usage=45.4% queue=4r/43w tput_in_srv=8,923/s tput_out_srv=111/s
2026-06-03 18:04:55.187 - records_manager - INFO - [realtime 25:27 profiling] rps=0.2 (avg 0.1) tput_in=12556/s tput_out=140/s done=224 ok=224 err=0
                           ttft p50=275815ms p75=321530ms p95=352869ms p99=366462ms
                           itl  p50=40ms   p75=45ms   p95=59ms   p99=116ms
                           e2e  p50=300707ms p75=353888ms p95=431624ms p99=514140ms
                           intvty p50=25     p75=26     p95=28     p99=30 (1/tpot tok/s)
                           isl  p50=89,394    p75=112,894   p90=144,493   p99=193,629 (tokens)
                           osl  p50=414       p75=1,146     p90=2,516     p99=7,018 (tokens)
                           tot  in=19,140,033     out=212,682
                           trace theoretical_prefix_cache_hit=95.4%
                           srv  prefix_cache_hit=77.6% unique_in_srv=5,244,128 kv_usage=92.0% cpu_kv_usage=45.7% queue=6r/40w tput_in_srv=9,042/s tput_out_srv=113/s
2026-06-03 18:05:26.411 - records_manager - INFO - [realtime 25:59 profiling] rps=0.2 (avg 0.1) tput_in=12521/s tput_out=139/s done=229 ok=229 err=0
                           ttft p50=277063ms p75=317035ms p95=352675ms p99=366238ms
                           itl  p50=40ms   p75=45ms   p95=59ms   p99=114ms
                           e2e  p50=300330ms p75=353654ms p95=430702ms p99=514117ms
                           intvty p50=25     p75=26     p95=28     p99=30 (1/tpot tok/s)
                           isl  p50=89,294    p75=112,485   p90=143,640   p99=193,581 (tokens)
                           osl  p50=416       p75=1,136     p90=2,430     p99=6,963 (tokens)
                           tot  in=19,458,433     out=215,733
                           trace theoretical_prefix_cache_hit=95.5%
                           srv  prefix_cache_hit=77.9% unique_in_srv=5,247,584 kv_usage=98.0% cpu_kv_usage=45.7% queue=5r/44w tput_in_srv=9,055/s tput_out_srv=113/s
2026-06-03 18:05:57.700 - records_manager - INFO - [realtime 26:30 profiling] rps=0.0 (avg 0.1) tput_in=12515/s tput_out=138/s done=230 ok=230 err=0
                           ttft p50=277924ms p75=316853ms p95=352637ms p99=366193ms
                           itl  p50=40ms   p75=45ms   p95=59ms   p99=114ms
                           e2e  p50=300707ms p75=353421ms p95=430517ms p99=514113ms
                           intvty p50=25     p75=26     p95=28     p99=30 (1/tpot tok/s)
                           isl  p50=89,394    p75=112,690   p90=145,342   p99=194,108 (tokens)
                           osl  p50=414       p75=1,125     p90=2,413     p99=6,952 (tokens)
                           tot  in=19,654,440     out=216,110
                           trace theoretical_prefix_cache_hit=95.5%
                           srv  prefix_cache_hit=78.1% unique_in_srv=5,248,903 kv_usage=72.0% cpu_kv_usage=45.7% queue=4r/47w tput_in_srv=9,022/s tput_out_srv=112/s
2026-06-03 18:06:28.969 - records_manager - INFO - [realtime 27:01 profiling] rps=0.3 (avg 0.1) tput_in=12577/s tput_out=137/s done=238 ok=238 err=0
                           ttft p50=280467ms p75=317665ms p95=352327ms p99=365835ms
                           itl  p50=40ms   p75=45ms   p95=58ms   p99=112ms
                           e2e  p50=303244ms p75=352924ms p95=429043ms p99=514077ms
                           intvty p50=25     p75=26     p95=28     p99=30 (1/tpot tok/s)
                           isl  p50=89,394    p75=113,631   p90=145,766   p99=194,077 (tokens)
                           osl  p50=396       p75=1,125     p90=2,434     p99=6,865 (tokens)
                           tot  in=20,342,158     out=220,963
                           trace theoretical_prefix_cache_hit=95.6%
                           srv  prefix_cache_hit=78.7% unique_in_srv=5,253,677 kv_usage=74.0% cpu_kv_usage=45.7% queue=6r/44w tput_in_srv=9,173/s tput_out_srv=112/s
2026-06-03 18:07:00.329 - records_manager - INFO - [realtime 27:33 profiling] rps=0.1 (avg 0.1) tput_in=12554/s tput_out=136/s done=241 ok=241 err=0
                           ttft p50=280614ms p75=317085ms p95=352211ms p99=365701ms
                           itl  p50=40ms   p75=45ms   p95=59ms   p99=111ms
                           e2e  p50=303419ms p75=352804ms p95=428490ms p99=514063ms
                           intvty p50=25     p75=26     p95=28     p99=30 (1/tpot tok/s)
                           isl  p50=88,844    p75=112,792   p90=145,130   p99=194,066 (tokens)
                           osl  p50=396       p75=1,104     p90=2,389     p99=6,832 (tokens)
                           tot  in=20,508,929     out=222,075
                           trace theoretical_prefix_cache_hit=95.6%
                           srv  prefix_cache_hit=78.8% unique_in_srv=5,255,328 kv_usage=83.0% cpu_kv_usage=45.8% queue=7r/43w tput_in_srv=9,129/s tput_out_srv=111/s
2026-06-03 18:07:31.713 - records_manager - INFO - [realtime 28:04 profiling] rps=0.1 (avg 0.1) tput_in=12360/s tput_out=134/s done=245 ok=245 err=0
                           ttft p50=280614ms p75=316638ms p95=352053ms p99=365522ms
                           itl  p50=40ms   p75=45ms   p95=59ms   p99=110ms
                           e2e  p50=303419ms p75=352360ms p95=427796ms p99=514045ms
                           intvty p50=25     p75=26     p95=28     p99=30 (1/tpot tok/s)
                           isl  p50=88,170    p75=112,792   p90=144,322   p99=194,050 (tokens)
                           osl  p50=402       p75=1,102     p90=2,332     p99=6,788 (tokens)
                           tot  in=20,750,013     out=224,612
                           trace theoretical_prefix_cache_hit=95.7%
                           srv  prefix_cache_hit=79.0% unique_in_srv=5,258,396 kv_usage=92.0% cpu_kv_usage=45.8% queue=6r/41w tput_in_srv=9,112/s tput_out_srv=111/s
2026-06-03 18:08:03.101 - records_manager - INFO - [realtime 28:35 profiling] rps=0.1 (avg 0.1) tput_in=12261/s tput_out=133/s done=247 ok=247 err=0
                           ttft p50=280070ms p75=316539ms p95=351968ms p99=365433ms
                           itl  p50=40ms   p75=45ms   p95=59ms   p99=109ms
                           e2e  p50=303419ms p75=352015ms p95=427514ms p99=514036ms
                           intvty p50=25     p75=26     p95=28     p99=30 (1/tpot tok/s)
                           isl  p50=87,690    p75=112,587   p90=143,981   p99=194,043 (tokens)
                           osl  p50=402       p75=1,102     p90=2,305     p99=6,766 (tokens)
                           tot  in=20,852,782     out=226,587
                           trace theoretical_prefix_cache_hit=95.6%
                           srv  prefix_cache_hit=78.7% unique_in_srv=5,360,909 kv_usage=81.0% cpu_kv_usage=46.7% queue=6r/44w tput_in_srv=9,046/s tput_out_srv=110/s
2026-06-03 18:08:34.557 - records_manager - INFO - [realtime 29:07 profiling] rps=0.1 (avg 0.1) tput_in=12181/s tput_out=136/s done=250 ok=250 err=0
                           ttft p50=279674ms p75=315908ms p95=351840ms p99=365298ms
                           itl  p50=40ms   p75=45ms   p95=59ms   p99=108ms
                           e2e  p50=303998ms p75=352714ms p95=430517ms p99=525216ms
                           intvty p50=25     p75=26     p95=28     p99=30 (1/tpot tok/s)
                           isl  p50=87,846    p75=113,298   p90=145,342   p99=194,031 (tokens)
                           osl  p50=414       p75=1,158     p90=2,466     p99=6,733 (tokens)
                           tot  in=21,157,436     out=235,836
                           trace theoretical_prefix_cache_hit=95.6%
                           srv  prefix_cache_hit=78.9% unique_in_srv=5,367,771 kv_usage=52.0% cpu_kv_usage=46.8% queue=4r/44w tput_in_srv=9,054/s tput_out_srv=113/s
2026-06-03 18:09:06.058 - records_manager - INFO - [realtime 29:38 profiling] rps=0.2 (avg 0.1) tput_in=12128/s tput_out=135/s done=255 ok=255 err=0
                           ttft p50=280847ms p75=316820ms p95=351628ms p99=365075ms
                           itl  p50=40ms   p75=45ms   p95=59ms   p99=107ms
                           e2e  p50=306715ms p75=352623ms p95=429596ms p99=524199ms
                           intvty p50=25     p75=26     p95=28     p99=30 (1/tpot tok/s)
                           isl  p50=88,170    p75=113,096   p90=144,322   p99=194,012 (tokens)
                           osl  p50=412       p75=1,171     p90=2,438     p99=6,679 (tokens)
                           tot  in=21,544,185     out=239,542
                           trace theoretical_prefix_cache_hit=95.6%
                           srv  prefix_cache_hit=79.2% unique_in_srv=5,380,440 kv_usage=73.0% cpu_kv_usage=46.8% queue=5r/44w tput_in_srv=9,090/s tput_out_srv=113/s
2026-06-03 18:09:27.217 - PhaseRunner - INFO - Timeout of 1799.999389122s elapsed for event 'profiling phase sending'
2026-06-03 18:09:27.218 - PhaseRunner - NOTICE - Phase profiling sending complete | sent=307, completed=260, in_flight=47 | sessions: sent=5, completed=2 | timeout_triggered=True
2026-06-03 18:09:27.218 - PhaseRunner - INFO - Waiting for event 'profiling phase credits returned' with timeout of 29.999940553999977s
2026-06-03 18:09:27.219 - records_manager - INFO - Sent 307 requests. Waiting for all to complete...
2026-06-03 18:09:37.661 - records_manager - INFO - [realtime 30:10 profiling] rps=0.3 (avg 0.1) tput_in=12170/s tput_out=139/s done=263 ok=263 err=0
                           ttft p50=281476ms p75=317290ms p95=351288ms p99=364717ms
                           itl  p50=40ms   p75=45ms   p95=60ms   p99=105ms
                           e2e  p50=308492ms p75=352909ms p95=434349ms p99=544979ms
                           intvty p50=25     p75=26     p95=28     p99=30 (1/tpot tok/s)
                           isl  p50=86,592    p75=112,587   p90=142,957   p99=193,981 (tokens)
                           osl  p50=402       p75=1,171     p90=2,495     p99=6,721 (tokens)
                           tot  in=21,988,800     out=250,904
                           trace theoretical_prefix_cache_hit=94.9%
                           srv  prefix_cache_hit=79.4% unique_in_srv=5,419,615 kv_usage=93.0% cpu_kv_usage=47.2% queue=6r/38w tput_in_srv=9,145/s tput_out_srv=115/s
2026-06-03 18:09:57.218 - PhaseRunner - INFO - Timeout of 29.999940553999977s elapsed for event 'profiling phase credits returned'
2026-06-03 18:09:57.219 - PhaseRunner - WARNING - Phase profiling timed out, cancelling all credits. Stats: sent=307, completed=265, cancelled=0, in_flight=42
2026-06-03 18:09:57.219 - StickyCreditRouter_bc3283ae - INFO - Sent cancellation requests for 42 in-flight credits across 30 workers
2026-06-03 18:09:57.220 - PhaseRunner - INFO - Waiting for all cancelled credits to be returned for phase profiling. Need 42 more credits.
2026-06-03 18:09:57.224 - PhaseRunner - INFO - All cancelled credits returned for phase profiling
2026-06-03 18:09:57.224 - PhaseRunner - NOTICE - Phase profiling complete | completed=265, cancelled=42, errors=0 | sessions: completed=2, cancelled=0 | elapsed=1830.01s | grace_period_timeout=True
2026-06-03 18:09:57.224 - aiperf.timing.branch_orchestrator - INFO - BranchOrchestrator stats: spawned=7 completed=3 errored=0 suspended=3 resumed=0 parents_failed_due_to_child_error=0 joins_suppressed=3
2026-06-03 18:09:57.224 - PhaseOrchestrator_759d8383 - NOTICE - All credits completed
2026-06-03 18:09:57.225 - system_controller - INFO - Received credits complete from 'timing_manager'
2026-06-03 18:09:57.225 - records_manager - INFO - Received CREDIT_PHASE_COMPLETE message, Phase complete: PhaseRecordsStats(phase=CreditPhase.PROFILING, start_ns=1780508367218360149, sent_end_ns=1780510167218032176, requests_end_ns=1780510197224360734, total_expected_requests=None, expected_duration_sec=None, expected_num_sessions=None, expected_grace_period_sec=None, final_requests_sent=None, final_requests_completed=265, final_requests_cancelled=42, final_request_errors=0, final_sent_sessions=None, final_completed_sessions=None, final_cancelled_sessions=None, timeout_triggered=True, grace_period_timeout_triggered=True, was_cancelled=False, records_end_ns=None, success_records=265, error_records=0)
2026-06-03 18:09:57.225 - records_manager - NOTICE - All requests have completed, please wait for the results to be processed (currently 265 of 265 records processed)...
2026-06-03 18:09:57.225 - records_manager - INFO - Processed 265 valid requests and 0 errors (265 total).
2026-06-03 18:09:57.225 - records_manager - INFO - Received all records, processing now...
2026-06-03 18:09:57.225 - records_manager - INFO - All credits complete, please wait for the results to be processed...
2026-06-03 18:09:57.226 - server_metrics_manager - INFO - Server Metrics: Profiling complete, capturing final metrics...
2026-06-03 18:09:57.228 - records_manager - INFO - Waiting 2.0s for server metrics flush period...
2026-06-03 18:09:59.224 - records_manager - INFO - Processing records results...
2026-06-03 18:10:02.850 - RecordExportJSONLWriter_c84fb0de - WARNING - Timeout waiting for 0 pending flush tasks during shutdown. Cancelling tasks and proceeding with cleanup.
2026-06-03 18:10:02.928 - aiperf.server_metrics.export_stats - WARNING - Detected 11 counter reset(s) in counter metric with labels {'engine_type': 'unified', 'mode': 'decode_cuda_graph', 'model_name': 'amd/GLM-5.1-MXFP4', 'moe_ep_rank': '0', 'pp_rank': '0', 'tp_rank': '1'}. This typically indicates server restart(s) during profiling. Statistics may be inaccurate. Raw delta: 41377.00
2026-06-03 18:10:02.931 - aiperf.server_metrics.export_stats - WARNING - Detected 1 counter reset(s) in counter metric with labels {'engine_type': 'unified', 'mode': 'prefill_none', 'model_name': 'amd/GLM-5.1-MXFP4', 'moe_ep_rank': '0', 'pp_rank': '0', 'tp_rank': '0'}. This typically indicates server restart(s) during profiling. Statistics may be inaccurate. Raw delta: 192.00
2026-06-03 18:10:02.933 - aiperf.server_metrics.export_stats - WARNING - Detected 11 counter reset(s) in counter metric with labels {'engine_type': 'unified', 'mode': 'decode_cuda_graph', 'model_name': 'amd/GLM-5.1-MXFP4', 'moe_ep_rank': '0', 'pp_rank': '0', 'tp_rank': '0'}. This typically indicates server restart(s) during profiling. Statistics may be inaccurate. Raw delta: 41377.00
2026-06-03 18:10:02.935 - aiperf.server_metrics.export_stats - WARNING - Detected 1 counter reset(s) in counter metric with labels {'engine_type': 'unified', 'mode': 'prefill_compute', 'model_name': 'amd/GLM-5.1-MXFP4', 'moe_ep_rank': '0', 'pp_rank': '0', 'tp_rank': '0'}. This typically indicates server restart(s) during profiling. Statistics may be inaccurate. Raw delta: 953856.00
2026-06-03 18:10:02.937 - aiperf.server_metrics.export_stats - WARNING - Detected 11 counter reset(s) in counter metric with labels {'engine_type': 'unified', 'mode': 'decode', 'model_name': 'amd/GLM-5.1-MXFP4', 'moe_ep_rank': '0', 'pp_rank': '0', 'tp_rank': '0'}. This typically indicates server restart(s) during profiling. Statistics may be inaccurate. Raw delta: 256344.00
2026-06-03 18:10:02.939 - aiperf.server_metrics.export_stats - WARNING - Detected 3 counter reset(s) in counter metric with labels {'component': 'tokenizer'}. This typically indicates server restart(s) during profiling. Statistics may be inaccurate. Raw delta: 276.67
2026-06-03 18:10:03.015 - system_controller - INFO - Waiting for server metrics results...
2026-06-03 18:10:03.015 - system_controller - INFO - Waiting for server metrics results...
2026-06-03 18:10:04.699 - aiperf.server_metrics.export_stats - WARNING - Detected 1 counter reset(s) in counter metric with labels {'engine_type': 'unified', 'model_name': 'amd/GLM-5.1-MXFP4'}. This typically indicates server restart(s) during profiling. Statistics may be inaccurate. Raw delta: 263.00
2026-06-03 18:10:04.723 - aiperf.server_metrics.export_stats - WARNING - Detected 1 counter reset(s) in counter metric with labels {'engine_type': 'unified', 'mode': 'prefill_cache', 'model_name': 'amd/GLM-5.1-MXFP4', 'moe_ep_rank': '0', 'pp_rank': '0', 'tp_rank': '0'}. This typically indicates server restart(s) during profiling. Statistics may be inaccurate. Raw delta: 21834432.00
2026-06-03 18:10:05.258 - records_manager - INFO - _finalize_and_process_results completed
2026-06-03 18:10:06.302 - system_controller - INFO - All results received, initiating shutdown
2026-06-03 18:10:07.396 - ExporterManager - INFO - Exporting all records
2026-06-03 18:10:07.524 - aiperf.common.scenario.validator - INFO - Scenario 'inferencex-agentx-mvp': setting timing_mode=agentic_replay (was at default request_rate).
2026-06-03 18:10:08.397 - aiperf.common.scenario.validator - INFO - Scenario 'inferencex-agentx-mvp': setting timing_mode=agentic_replay (was at default request_rate).
2026-06-03 18:10:08.480 - ExporterManager - INFO - Exporting console data
