2026-06-03 09:50:51.803 - aiperf.cli_runner - INFO - Starting AIPerf System
2026-06-03 09:50:52.038 - system_controller - INFO - Registered Worker Manager (id: 'worker_manager')
2026-06-03 09:50:52.067 - server_metrics_manager - INFO - Server Metrics: Discovered 1 endpoints: ['http://localhost:8889/metrics']
2026-06-03 09:50:52.148 - system_controller - INFO - Registered Dataset Manager (id: 'dataset_manager')
2026-06-03 09:50:52.160 - system_controller - INFO - Registered Worker (id: 'worker_43d1e49b')
2026-06-03 09:50:52.168 - system_controller - INFO - Registered Worker (id: 'worker_f956059d')
2026-06-03 09:50:52.170 - system_controller - INFO - Registered Worker (id: 'worker_a97536b8')
2026-06-03 09:50:52.172 - system_controller - INFO - Registered Worker (id: 'worker_f71bd9c4')
2026-06-03 09:50:52.177 - system_controller - INFO - Registered Worker (id: 'worker_d6e8f881')
2026-06-03 09:50:52.180 - system_controller - INFO - Registered Worker (id: 'worker_8a25deec')
2026-06-03 09:50:52.181 - system_controller - INFO - Registered Gpu Telemetry Manager (id: 'gpu_telemetry_manager')
2026-06-03 09:50:52.184 - system_controller - INFO - Registered Worker (id: 'worker_21eb8c78')
2026-06-03 09:50:52.184 - system_controller - INFO - Registered Record Processor (id: 'record_processor_06787256')
2026-06-03 09:50:52.189 - system_controller - INFO - Registered Server Metrics Manager (id: 'server_metrics_manager')
2026-06-03 09:50:52.195 - system_controller - INFO - Registered Record Processor (id: 'record_processor_6d1de64b')
2026-06-03 09:50:52.198 - system_controller - INFO - Registered Record Processor (id: 'record_processor_306e6c81')
2026-06-03 09:50:52.205 - system_controller - INFO - Registered Record Processor (id: 'record_processor_d7cc61c9')
2026-06-03 09:50:52.228 - system_controller - INFO - Registered Record Processor (id: 'record_processor_0652342b')
2026-06-03 09:50:52.252 - system_controller - INFO - Registered Worker (id: 'worker_6a35afb2')
2026-06-03 09:50:52.252 - system_controller - INFO - Registered Worker (id: 'worker_5340d16a')
2026-06-03 09:50:52.252 - system_controller - INFO - Registered Worker (id: 'worker_db810ab1')
2026-06-03 09:50:52.264 - system_controller - INFO - Registered Timing Manager (id: 'timing_manager')
2026-06-03 09:50:52.265 - system_controller - INFO - Registered Worker (id: 'worker_522e147f')
2026-06-03 09:50:52.265 - system_controller - INFO - Registered Worker (id: 'worker_b9b9da12')
2026-06-03 09:50:52.273 - system_controller - INFO - Registered Worker (id: 'worker_81ca21e0')
2026-06-03 09:50:52.273 - system_controller - INFO - Registered Worker (id: 'worker_0c9876e5')
2026-06-03 09:50:52.281 - system_controller - INFO - Registered Worker (id: 'worker_17b640cb')
2026-06-03 09:50:52.282 - system_controller - INFO - Registered Worker (id: 'worker_90f79cbe')
2026-06-03 09:50:52.287 - system_controller - INFO - Registered Worker (id: 'worker_f17472ac')
2026-06-03 09:50:52.287 - system_controller - INFO - Registered Worker (id: 'worker_cdb222b7')
2026-06-03 09:50:52.287 - system_controller - INFO - Registered Worker (id: 'worker_5d8cd320')
2026-06-03 09:50:52.290 - system_controller - INFO - Registered Worker (id: 'worker_cad5ffab')
2026-06-03 09:50:52.295 - system_controller - INFO - Registered Worker (id: 'worker_93858dd6')
2026-06-03 09:50:52.304 - GPUTelemetryJSONLWriter_3ce7b5d3 - INFO - GPU telemetry export enabled: /workspace/results/aiperf_artifacts/gpu_telemetry_export.jsonl
2026-06-03 09:50:52.306 - RecordExportJSONLWriter_9c2ee808 - INFO - Record metrics export enabled: /workspace/results/aiperf_artifacts/profile_export.jsonl
2026-06-03 09:50:52.306 - system_controller - INFO - Registered Record Processor (id: 'record_processor_2f811b73')
2026-06-03 09:50:52.306 - system_controller - INFO - Registered Record Processor (id: 'record_processor_9e959f24')
2026-06-03 09:50:52.306 - system_controller - INFO - Registered Record Processor (id: 'record_processor_42f3f763')
2026-06-03 09:50:52.315 - system_controller - INFO - Registered Worker (id: 'worker_f104e380')
2026-06-03 09:50:52.324 - system_controller - INFO - Registered Worker (id: 'worker_48357260')
2026-06-03 09:50:52.333 - system_controller - INFO - Registered Worker (id: 'worker_93021630')
2026-06-03 09:50:52.339 - system_controller - INFO - Registered Worker (id: 'worker_bd23747a')
2026-06-03 09:50:52.343 - system_controller - INFO - Registered Worker (id: 'worker_da3ab697')
2026-06-03 09:50:52.348 - system_controller - INFO - Registered Worker (id: 'worker_bbfa108a')
2026-06-03 09:50:52.349 - system_controller - INFO - Registered Worker (id: 'worker_22bb6f8c')
2026-06-03 09:50:52.353 - system_controller - INFO - Registered Worker (id: 'worker_54f6cbc4')
2026-06-03 09:50:52.357 - system_controller - INFO - Registered Worker (id: 'worker_f6797c4d')
2026-06-03 09:50:52.364 - system_controller - INFO - Registered Worker (id: 'worker_473a4564')
2026-06-03 09:50:52.369 - system_controller - INFO - Registered Worker (id: 'worker_1f6d3b09')
2026-06-03 09:50:52.442 - system_controller - INFO - Registered Records Manager (id: 'records_manager')
2026-06-03 09:50:52.528 - system_controller - INFO - AIPerf System is CONFIGURING
2026-06-03 09:50:52.529 - system_controller - INFO - Configuring all services to start profiling
2026-06-03 09:50:52.530 - InferenceResultParser_79c3ba97 - INFO - Tokenization is disabled for this endpoint, skipping tokenizer configuration
2026-06-03 09:50:52.530 - timing_manager - INFO - Waiting for dataset to be configured before configuring timing
2026-06-03 09:50:52.530 - InferenceResultParser_fd30dd67 - INFO - Tokenization is disabled for this endpoint, skipping tokenizer configuration
2026-06-03 09:50:52.531 - InferenceResultParser_dc5cfc5c - INFO - Tokenization is disabled for this endpoint, skipping tokenizer configuration
2026-06-03 09:50:52.531 - InferenceResultParser_c9728434 - INFO - Tokenization is disabled for this endpoint, skipping tokenizer configuration
2026-06-03 09:50:52.531 - InferenceResultParser_d56186b4 - INFO - Tokenization is disabled for this endpoint, skipping tokenizer configuration
2026-06-03 09:50:52.531 - InferenceResultParser_8426f7c3 - INFO - Tokenization is disabled for this endpoint, skipping tokenizer configuration
2026-06-03 09:50:52.531 - InferenceResultParser_ec1bda52 - INFO - Tokenization is disabled for this endpoint, skipping tokenizer configuration
2026-06-03 09:50:52.531 - InferenceResultParser_e70e0bd3 - INFO - Tokenization is disabled for this endpoint, skipping tokenizer configuration
2026-06-03 09:50:52.536 - system_controller - INFO - GPU telemetry disabled - no DCGM endpoints reachable
2026-06-03 09:50:52.551 - server_metrics_manager - INFO - Server Metrics: Capturing baseline metrics...
2026-06-03 09:50:52.566 - dataset_manager - INFO - Memory-mapped dataset cache HIT (key=a89c8d7d3f52d83cd608ced66434c13c); skipping tokenizer + composer.
2026-06-03 09:50:52.579 - http://localhost:8889/metrics - INFO - Skipping unsupported summary metric: http_request_size_bytes
2026-06-03 09:50:52.579 - http://localhost:8889/metrics - INFO - Skipping unsupported summary metric: http_response_size_bytes
2026-06-03 09:50:52.581 - system_controller - INFO - Server metrics enabled - 1/1 endpoint(s) reachable.
2026-06-03 09:50:53.302 - aiperf.dataset.mmap_cache - INFO - Restored mmap cache file dataset.dat via copy in 0.736s (1.24 GiB)
2026-06-03 09:50:53.303 - aiperf.dataset.mmap_cache - INFO - Restored mmap cache file index.dat via copy in 0.001s (0.00 GiB)
2026-06-03 09:50:53.303 - aiperf.dataset.mmap_cache - INFO - Restored mmap cache files in 0.737s via dataset=copy index=copy (dataset=1.24 GiB, index=0.00 GiB)
2026-06-03 09:50:53.449 - dataset_manager - INFO - sampling strategy: sequential, unique conversations: 678, unique turn count: 52915
2026-06-03 09:50:53.697 - aiperf.timing.trajectory_source - INFO - TrajectorySource: built 48 trajectories from 225 traces
  range cfg=[0.25, 0.75]  observed sample pct: min= 25% median= 45% max= 75%
    lane=00  sample_time= 39%  root_next= 14/32  ( 44% turns)  live=1 ready=1  trace_id=00e7d11db2db59f44a87b4110175b11d1af3
    lane=01  sample_time= 55%  root_next= 15/28  ( 54% turns)  live=1 ready=1  trace_id=01fece675b92efe07620225cd69c3884f774
    lane=02  sample_time= 55%  root_next=306/594 ( 52% turns)  live=1 ready=1  trace_id=0275949f4db511444909fe92b12f7e921e4a
    lane=03  sample_time= 27%  root_next= 13/27  ( 48% turns)  live=1 ready=1  trace_id=03be8f1eb1e9e620f46bd07068d6ab1aaae3
    lane=04  sample_time= 40%  root_next= 71/151 ( 47% turns)  live=1 ready=1  trace_id=0475b786230f3f2e24220d28e247eaee2dae
    lane=05  sample_time= 50%  root_next= 56/99  ( 57% turns)  live=1 ready=1  trace_id=04b25fe5b2ffa5e7ec9890426cce59838a05
    lane=06  sample_time= 69%  root_next= 10/20  ( 50% turns)  live=1 ready=1  trace_id=06385769df23204ac35c53ad431cf42f7c02
    lane=07  sample_time= 63%  root_next= 53/80  ( 66% turns)  live=1 ready=1  trace_id=07fc71985fbafc8e1abb181b7d28b8349f45
    lane=08  sample_time= 29%  root_next= 48/165 ( 29% turns)  live=1 ready=1  trace_id=09a5d415a7157ed48a5a6fa2711f2d8565c1
    lane=09  sample_time= 28%  root_next=  6/27  ( 22% turns)  live=1 ready=1  trace_id=09c188c8b9201ec2046cc2df702623fef33e
    lane=10  sample_time= 44%  root_next= 35/78  ( 45% turns)  live=1 ready=1  trace_id=0b1cf5ad73920121aa53e1acb0851a8ecf32
    lane=11  sample_time= 61%  root_next=161/254 ( 63% turns)  live=1 ready=1  trace_id=0b4a56f22f01dc235b7ce1cc3aeabd6943e8
    lane=12  sample_time= 32%  root_next= 59/184 ( 32% turns)  live=1 ready=1  trace_id=0d75185d4e958ad360c16451eaa95d508edf
    lane=13  sample_time= 51%  root_next= 10/18  ( 56% turns)  live=1 ready=1  trace_id=0da3a3bea6f3559a2eff4114839b328dad53
    lane=14  sample_time= 71%  root_next= 18/23  ( 78% turns)  live=1 ready=1  trace_id=116cb8d945f9d0810e788e51e3744adaab74
    lane=15  sample_time= 46%  root_next= 26/39  ( 67% turns)  live=1 ready=1  trace_id=1186d32070428ea303de493d61ee3effd467
    lane=16  sample_time= 74%  root_next= 23/26  ( 88% turns)  live=1 ready=1  trace_id=13762df76dba635a268bf3acbb30bfffed63
    lane=17  sample_time= 27%  root_next=  8/27  ( 30% turns)  live=1 ready=1  trace_id=14933d8a4190c45ac8fbd21183bba9469140
    lane=18  sample_time= 43%  root_next= 24/38  ( 63% turns)  live=1 ready=1  trace_id=1770548ae8e30555e62d6d6296c0166d6074
    lane=19  sample_time= 35%  root_next= 20/44  ( 45% turns)  live=3 ready=2  trace_id=1ac9d045056424d98ec4b5725460ca2b6120
    lane=20  sample_time= 55%  root_next= 31/50  ( 62% turns)  live=1 ready=1  trace_id=1b29955ec88767b5f8870f705f770cd46c60
    lane=21  sample_time= 69%  root_next=318/452 ( 70% turns)  live=1 ready=1  trace_id=1ec7f23f1ca1449b1758b86dba91df97cf1a
    lane=22  sample_time= 40%  root_next= 13/31  ( 42% turns)  live=1 ready=1  trace_id=1ff2c5c397d1c8f4a2e069449ec8e10b882a
    lane=23  sample_time= 34%  root_next= 33/55  ( 60% turns)  live=1 ready=1  trace_id=219331470ffaa5388ff9d7d8da92f5dc575b
    lane=24  sample_time= 46%  root_next= 38/63  ( 60% turns)  live=1 ready=1  trace_id=263134ce70d475337deb473aadc255479210
    lane=25  sample_time= 25%  root_next= 14/39  ( 36% turns)  live=1 ready=1  trace_id=265a5749ca677d0b0c90e7d3d6029a45318f
    lane=26  sample_time= 26%  root_next=  7/21  ( 33% turns)  live=1 ready=1  trace_id=2781d1fa9a22e982996948283bbcd3136c44
    lane=27  sample_time= 45%  root_next= 17/30  ( 57% turns)  live=1 ready=1  trace_id=27bf77bcaaf2b6d2210bdbdab4934348f322
    lane=28  sample_time= 73%  root_next= 61/84  ( 73% turns)  live=1 ready=1  trace_id=27cf2ada39b896fea5580c895bfbd4119490
    lane=29  sample_time= 52%  root_next= 20/34  ( 59% turns)  live=1 ready=1  trace_id=298daf6961d9121ca2f5d3cde68ba961c0c5
    lane=30  sample_time= 27%  root_next= 15/43  ( 35% turns)  live=1 ready=1  trace_id=2b971773e1889a7692523d5cc0a78a0361cb
    lane=31  sample_time= 43%  root_next=  8/21  ( 38% turns)  live=1 ready=1  trace_id=2c3e52bf4e687293e9fb70cba1c1786dceea
    lane=32  sample_time= 38%  root_next= 15/26  ( 58% turns)  live=1 ready=1  trace_id=2cfbb581474c482911487fd9b13d720889fa
    lane=33  sample_time= 36%  root_next= 58/160 ( 36% turns)  live=1 ready=1  trace_id=2dd25288ba9fe088c0419aabfb19c3ca4f36
    lane=34  sample_time= 69%  root_next= 52/109 ( 48% turns)  live=1 ready=1  trace_id=2de8538029066d95b4ff113d5750eb403cb7
    lane=35  sample_time= 63%  root_next= 50/103 ( 49% turns)  live=1 ready=1  trace_id=2df1b153c477169c8ab4ecd9e917ccaa3dba
    lane=36  sample_time= 52%  root_next= 32/71  ( 45% turns)  live=1 ready=1  trace_id=2e6fc2e7b28c2e567d9c2aa0a38586d494eb
    lane=37  sample_time= 51%  root_next= 31/57  ( 54% turns)  live=1 ready=1  trace_id=300134008d4cc98f288179ea9dd9314f140c
    lane=38  sample_time= 37%  root_next=157/361 ( 43% turns)  live=1 ready=1  trace_id=3042c8b3b1ecd64c1df1a1c3987e0869b81e
    lane=39  sample_time= 28%  root_next= 21/101 ( 21% turns)  live=1 ready=1  trace_id=30b5428f1c359a9d2fdf9c25ecd3e4c0f480
    lane=40  sample_time= 75%  root_next= 28/38  ( 74% turns)  live=1 ready=1  trace_id=322d6256b084ece9fbbaa8ec9cca3dadaf7e
    lane=41  sample_time= 34%  root_next= 72/184 ( 39% turns)  live=1 ready=1  trace_id=346d091b7f1689ef5327401a2bd912f404d9
    lane=42  sample_time= 54%  root_next= 52/104 ( 50% turns)  live=1 ready=1  trace_id=350b6e2414c221593bf4a0772ecd7c4fa009
    lane=43  sample_time= 42%  root_next= 12/25  ( 48% turns)  live=1 ready=1  trace_id=388f557746c6b960834161cca0a7c99a3bf2
    lane=44  sample_time= 59%  root_next= 30/38  ( 79% turns)  live=1 ready=1  trace_id=3b87c0e23861fdc2e2351fbe9c7f69668069
    lane=45  sample_time= 35%  root_next= 78/208 ( 38% turns)  live=1 ready=1  trace_id=3bc0e09a2d6ec317e0f01281dfe65ecda2a8
    lane=46  sample_time= 51%  root_next= 37/58  ( 64% turns)  live=1 ready=1  trace_id=3d3bd73c61922b4c3c9833ee94391f3a728a
    lane=47  sample_time= 39%  root_next= 32/46  ( 70% turns)  live=5 ready=4  trace_id=3e653a2a3388ad3d70449933e8d72b12b100
2026-06-03 09:50:53.697 - PhaseOrchestrator_c44b0e74 - INFO - Initialized 2 phase(s): ['Warmup', 'Profiling']
2026-06-03 09:50:53.789 - dataset_manager - INFO - Dataset client initialized and freed 0 conversations from memory
2026-06-03 09:50:53.790 - system_controller - INFO - All services configured in 1.26 seconds
2026-06-03 09:50:53.790 - system_controller - INFO - AIPerf System is CONFIGURED
2026-06-03 09:50:53.791 - server_metrics_manager - INFO - Server Metrics: Started 1 collector(s) successfully
2026-06-03 09:50:53.812 - PhaseRunner - NOTICE - Phase warmup started | target: 52 requests
2026-06-03 09:50:53.812 - AgenticReplayTiming - INFO - WARMUP execute: dispatching 52 trajectory credits
2026-06-03 09:50:53.814 - PhaseRunner - NOTICE - Phase warmup sending complete | sent=52, completed=0, in_flight=52
2026-06-03 09:50:53.912 - records_manager - INFO - Credit phase start: warmup
2026-06-03 09:50:53.913 - system_controller - INFO - All services started profiling successfully
2026-06-03 09:50:53.913 - system_controller - INFO - AIPerf System is PROFILING
2026-06-03 09:52:52.753 - AgenticReplayTiming - INFO - WARMUP 1/52 returned [ok] (lane=19, trace_id=1ac9d045056424d98ec4b5725460ca2b6120::sa:subagent_001_88698b09:s0, start_turn=0/24 (0% through trace))
2026-06-03 09:53:57.762 - AgenticReplayTiming - INFO - WARMUP 2/52 returned [ok] (lane=47, trace_id=3e653a2a3388ad3d70449933e8d72b12b100::sa:subagent_010_b83a72f9:s0, start_turn=0/134 (0% through trace))
2026-06-03 09:54:06.937 - AgenticReplayTiming - INFO - WARMUP 3/52 returned [ok] (lane=47, trace_id=3e653a2a3388ad3d70449933e8d72b12b100::sa:subagent_009_49633524:s0, start_turn=10/43 (23% through trace))
2026-06-03 09:54:08.886 - AgenticReplayTiming - INFO - WARMUP 4/52 returned [ok] (lane=47, trace_id=3e653a2a3388ad3d70449933e8d72b12b100::sa:subagent_009_49633524:s1, start_turn=1/5 (20% through trace))
2026-06-03 09:54:10.301 - AgenticReplayTiming - INFO - WARMUP 5/52 returned [ok] (lane=19, trace_id=1ac9d045056424d98ec4b5725460ca2b6120::sa:subagent_001_88698b09:s1, start_turn=0/4 (0% through trace))
2026-06-03 09:55:20.254 - AgenticReplayTiming - INFO - WARMUP 6/52 returned [ok] (lane=47, trace_id=3e653a2a3388ad3d70449933e8d72b12b100::sa:subagent_010_b83a72f9:s1, start_turn=0/2 (0% through trace))
2026-06-03 10:04:54.560 - PhaseRunner - NOTICE - Phase warmup complete | completed=52, cancelled=0, errors=0 | elapsed=840.75s
2026-06-03 10:04:54.561 - aiperf.timing.branch_orchestrator - INFO - BranchOrchestrator stats: spawned=0 completed=0 errored=0 suspended=0 resumed=0 parents_failed_due_to_child_error=0 joins_suppressed=0
2026-06-03 10:04:54.575 - AgenticReplayTiming - INFO - PROFILING setup: trajectories=48 traces, recycle_queue=225 traces (full pool)
2026-06-03 10:04:54.575 - PhaseRunner - NOTICE - Phase profiling started | target: 1800.0s duration
2026-06-03 10:04:54.575 - PhaseRunner - INFO - Waiting for event 'profiling phase sending' with timeout of 1799.999473121s
2026-06-03 10:04:54.576 - AgenticReplayTiming - INFO - PROFILING execute: resuming 48 trajectory sessions
2026-06-03 10:04:54.576 - records_manager - INFO - Credit phase start: profiling
2026-06-03 10:05:01.553 - AgenticReplayTiming - INFO - Terminating trajectory 0b1cf5ad73920121aa53e1acb0851a8ecf32 early at turn 35/77: context-overflow error from server
2026-06-03 10:05:52.393 - records_manager - INFO - [realtime 00:57 profiling] rps=0.0 (avg 0.0) tput_in=3006/s tput_out=2/s done=3 ok=3 err=0
                           ttft p50=19182ms p75=24959ms p95=29581ms p99=30505ms
                           itl  p50=578ms  p75=665ms  p95=736ms  p99=750ms
                           e2e  p50=52882ms p75=53666ms p95=54293ms p99=54418ms
                           intvty p50=2      p75=2      p95=2      p99=2 (1/tpot tok/s)
                           isl  p50=83,576    p75=93,418    p90=99,323    p99=102,866 (tokens)
                           osl  p50=60        p75=60        p90=60        p99=60 (tokens)
                           tot  in=167,153        out=119
                           trace theoretical_prefix_cache_hit=99.6%
                           srv  prefix_cache_hit=0.0% unique_in_srv=570,437,170 ext_cache_hit=7.9% kv_usage=91.7% queue=14r/34w tput_in_srv=6,213/s tput_out_srv=91/s
2026-06-03 10:06:22.466 - records_manager - INFO - [realtime 01:27 profiling] rps=0.1 (avg 0.1) tput_in=4547/s tput_out=8/s done=7 ok=7 err=0
                           ttft p50=13887ms p75=28035ms p95=46216ms p99=50344ms
                           itl  p50=387ms  p75=665ms  p95=768ms  p99=772ms
                           e2e  p50=63233ms p75=69583ms p95=82594ms p99=85798ms
                           intvty p50=3      p75=3      p95=3      p99=3 (1/tpot tok/s)
                           isl  p50=76,106    p75=89,280    p90=96,430    p99=102,577 (tokens)
                           osl  p50=96        p75=180       p90=209       p99=221 (tokens)
                           tot  in=393,766        out=681
                           trace theoretical_prefix_cache_hit=99.1%
                           srv  prefix_cache_hit=0.0% unique_in_srv=571,878,777 ext_cache_hit=9.0% kv_usage=94.3% queue=13r/35w tput_in_srv=6,117/s tput_out_srv=90/s
2026-06-03 10:06:52.492 - records_manager - INFO - [realtime 01:57 profiling] rps=0.2 (avg 0.1) tput_in=4895/s tput_out=19/s done=12 ok=12 err=0
                           ttft p50=12594ms p75=26124ms p95=41776ms p99=49456ms
                           itl  p50=356ms  p75=398ms  p95=763ms  p99=771ms
                           e2e  p50=86599ms p75=108451ms p95=113128ms p99=113524ms
                           intvty p50=3      p75=3      p95=4      p99=4 (1/tpot tok/s)
                           isl  p50=46,580    p75=76,106    p90=89,600    p99=101,894 (tokens)
                           osl  p50=222       p75=296       p90=341       p99=354 (tokens)
                           tot  in=565,478        out=2,219
                           trace theoretical_prefix_cache_hit=94.8%
                           srv  prefix_cache_hit=0.0% unique_in_srv=588,940,004 ext_cache_hit=10.5% kv_usage=96.2% queue=10r/36w tput_in_srv=6,403/s tput_out_srv=89/s
2026-06-03 10:07:22.522 - records_manager - INFO - [realtime 02:27 profiling] rps=0.1 (avg 0.1) tput_in=6522/s tput_out=25/s done=14 ok=14 err=0
                           ttft p50=9898ms p75=21512ms p95=39856ms p99=49072ms
                           itl  p50=346ms  p75=395ms  p95=761ms  p99=771ms
                           e2e  p50=99497ms p75=112633ms p95=125950ms p99=133168ms
                           intvty p50=3      p75=4      p95=4      p99=5 (1/tpot tok/s)
                           isl  p50=47,360    p75=89,600    p90=118,642   p99=183,900 (tokens)
                           osl  p50=250       p75=341       p90=442       p99=611 (tokens)
                           tot  in=880,240        out=3,313
                           trace theoretical_prefix_cache_hit=96.4%
                           srv  prefix_cache_hit=0.0% unique_in_srv=622,787,813 ext_cache_hit=10.1% kv_usage=84.8% queue=10r/39w tput_in_srv=6,263/s tput_out_srv=89/s
2026-06-03 10:07:52.557 - records_manager - INFO - [realtime 02:57 profiling] rps=0.0 (avg 0.1) tput_in=6025/s tput_out=23/s done=15 ok=15 err=0
                           ttft p50=11246ms p75=28430ms p95=50403ms p99=51181ms
                           itl  p50=334ms  p75=389ms  p95=760ms  p99=770ms
                           e2e  p50=103315ms p75=113376ms p95=145625ms p99=161450ms
                           intvty p50=3      p75=4      p95=5      p99=5 (1/tpot tok/s)
                           isl  p50=55,626    p75=99,845    p90=140,833   p99=186,610 (tokens)
                           osl  p50=262       p75=352       p90=576       p99=630 (tokens)
                           tot  in=1,028,936      out=3,937
                           trace theoretical_prefix_cache_hit=96.8%
                           srv  prefix_cache_hit=0.0% unique_in_srv=622,936,353 ext_cache_hit=9.9% kv_usage=90.5% queue=11r/38w tput_in_srv=6,328/s tput_out_srv=87/s
2026-06-03 10:08:22.601 - records_manager - INFO - [realtime 03:28 profiling] rps=0.1 (avg 0.1) tput_in=6972/s tput_out=22/s done=18 ok=18 err=0
                           ttft p50=19931ms p75=49878ms p95=155571ms p99=164168ms
                           itl  p50=327ms  p75=395ms  p95=757ms  p99=770ms
                           e2e  p50=109770ms p75=134973ms p95=176299ms p99=181104ms
                           intvty p50=3      p75=4      p95=5      p99=5 (1/tpot tok/s)
                           isl  p50=63,893    p75=103,260   p90=165,277   p99=191,935 (tokens)
                           osl  p50=249       p75=341       p90=527       p99=630 (tokens)
                           tot  in=1,355,979      out=4,283
                           trace theoretical_prefix_cache_hit=97.5%
                           srv  prefix_cache_hit=0.0% unique_in_srv=625,690,894 ext_cache_hit=9.2% kv_usage=92.5% queue=14r/34w tput_in_srv=6,530/s tput_out_srv=85/s
2026-06-03 10:08:52.650 - records_manager - INFO - [realtime 03:58 profiling] rps=0.0 (avg 0.1) tput_in=5740/s tput_out=20/s done=19 ok=19 err=0
                           ttft p50=20722ms p75=51002ms p95=163964ms p99=165847ms
                           itl  p50=324ms  p75=389ms  p95=756ms  p99=770ms
                           e2e  p50=111202ms p75=157798ms p95=187883ms p99=213173ms
                           intvty p50=3      p75=4      p95=6      p99=6 (1/tpot tok/s)
                           isl  p50=58,368    p75=99,845    p90=161,132   p99=191,914 (tokens)
                           osl  p50=250       p75=352       p90=511       p99=630 (tokens)
                           tot  in=1,363,830      out=4,656
                           trace theoretical_prefix_cache_hit=97.0%
                           srv  prefix_cache_hit=0.0% unique_in_srv=657,700,863 ext_cache_hit=9.2% kv_usage=98.2% queue=13r/35w tput_in_srv=6,449/s tput_out_srv=87/s
2026-06-03 10:09:22.701 - records_manager - INFO - [realtime 04:28 profiling] rps=0.1 (avg 0.1) tput_in=5802/s tput_out=24/s done=21 ok=21 err=0
                           ttft p50=26124ms p75=67229ms p95=163687ms p99=165791ms
                           itl  p50=319ms  p75=378ms  p95=754ms  p99=769ms
                           e2e  p50=113128ms p75=170406ms p95=238102ms p99=248664ms
                           intvty p50=3      p75=4      p95=7      p99=7 (1/tpot tok/s)
                           isl  p50=64,191    p75=102,394   p90=152,841   p99=191,871 (tokens)
                           osl  p50=262       p75=396       p90=636       p99=993 (tokens)
                           tot  in=1,530,424      out=6,400
                           trace theoretical_prefix_cache_hit=97.2%
                           srv  prefix_cache_hit=0.0% unique_in_srv=687,966,526 ext_cache_hit=9.1% kv_usage=93.5% queue=12r/36w tput_in_srv=6,369/s tput_out_srv=88/s
2026-06-03 10:09:52.758 - records_manager - INFO - [realtime 04:58 profiling] rps=0.1 (avg 0.1) tput_in=5672/s tput_out=29/s done=23 ok=23 err=0
                           ttft p50=31456ms p75=108459ms p95=166179ms p99=181537ms
                           itl  p50=288ms  p75=368ms  p95=742ms  p99=769ms
                           e2e  p50=116779ms p75=180428ms p95=268746ms p99=274771ms
                           intvty p50=4      p75=5      p95=7      p99=10 (1/tpot tok/s)
                           isl  p50=64,191    p75=100,691   p90=146,075   p99=191,829 (tokens)
                           osl  p50=296       p75=584       p90=892       p99=1,242 (tokens)
                           tot  in=1,687,276      out=8,604
                           trace theoretical_prefix_cache_hit=97.1%
                           srv  prefix_cache_hit=0.0% unique_in_srv=704,374,302 ext_cache_hit=8.9% kv_usage=94.5% queue=14r/34w tput_in_srv=6,342/s tput_out_srv=89/s
2026-06-03 10:10:22.828 - records_manager - INFO - [realtime 05:28 profiling] rps=0.1 (avg 0.1) tput_in=5841/s tput_out=31/s done=26 ok=26 err=0
                           ttft p50=49878ms p75=156641ms p95=253528ms p99=277260ms
                           itl  p50=251ms  p75=356ms  p95=708ms  p99=768ms
                           e2e  p50=134973ms p75=237407ms p95=286134ms p99=295898ms
                           intvty p50=4      p75=7      p95=14     p99=15 (1/tpot tok/s)
                           isl  p50=64,489    p75=96,450    p90=138,212   p99=191,765 (tokens)
                           osl  p50=274       p75=624       p90=1,007     p99=1,260 (tokens)
                           tot  in=1,871,014      out=10,027
                           trace theoretical_prefix_cache_hit=97.2%
                           srv  prefix_cache_hit=0.0% unique_in_srv=731,534,146 ext_cache_hit=8.6% kv_usage=93.6% queue=13r/34w tput_in_srv=6,261/s tput_out_srv=90/s
2026-06-03 10:10:52.904 - records_manager - INFO - [realtime 05:58 profiling] rps=0.1 (avg 0.1) tput_in=5872/s tput_out=32/s done=29 ok=29 err=0
                           ttft p50=51603ms p75=170217ms p95=276284ms p99=297338ms
                           itl  p50=242ms  p75=349ms  p95=673ms  p99=768ms
                           e2e  p50=167174ms p75=271280ms p95=317471ms p99=319317ms
                           intvty p50=4      p75=8      p95=14     p99=15 (1/tpot tok/s)
                           isl  p50=64,191    p75=97,864    p90=142,059   p99=191,701 (tokens)
                           osl  p50=296       p75=568       p90=961       p99=1,256 (tokens)
                           tot  in=2,071,215      out=11,215
                           trace theoretical_prefix_cache_hit=97.2%
                           srv  prefix_cache_hit=0.0% unique_in_srv=743,271,250 ext_cache_hit=8.4% kv_usage=93.4% queue=12r/34w tput_in_srv=6,282/s tput_out_srv=90/s
2026-06-03 10:11:22.980 - records_manager - INFO - [realtime 06:28 profiling] rps=0.1 (avg 0.1) tput_in=5916/s tput_out=34/s done=31 ok=31 err=0
                           ttft p50=72691ms p75=179922ms p95=292912ms p99=312026ms
                           itl  p50=221ms  p75=341ms  p95=651ms  p99=767ms
                           e2e  p50=171870ms p75=277616ms p95=332879ms p99=345446ms
                           intvty p50=5      p75=8      p95=13     p99=15 (1/tpot tok/s)
                           isl  p50=64,514    p75=100,691   p90=140,162   p99=191,658 (tokens)
                           osl  p50=296       p75=606       p90=1,077     p99=1,414 (tokens)
                           tot  in=2,256,503      out=12,879
                           trace theoretical_prefix_cache_hit=97.1%
                           srv  prefix_cache_hit=0.0% unique_in_srv=758,520,565 ext_cache_hit=8.2% kv_usage=95.3% queue=12r/37w tput_in_srv=6,292/s tput_out_srv=89/s
2026-06-03 10:11:53.069 - records_manager - INFO - [realtime 06:58 profiling] rps=0.1 (avg 0.1) tput_in=5986/s tput_out=33/s done=33 ok=33 err=0
                           ttft p50=103490ms p75=204656ms p95=319014ms p99=332485ms
                           itl  p50=196ms  p75=332ms  p95=628ms  p99=767ms
                           e2e  p50=178551ms p75=290692ms p95=352642ms p99=367948ms
                           intvty p50=5      p75=9      p95=13     p99=15 (1/tpot tok/s)
                           isl  p50=69,026    p75=102,394   p90=137,541   p99=191,616 (tokens)
                           osl  p50=296       p75=568       p90=1,052     p99=1,410 (tokens)
                           tot  in=2,457,407      out=13,534
                           trace theoretical_prefix_cache_hit=97.2%
                           srv  prefix_cache_hit=0.0% unique_in_srv=803,638,659 ext_cache_hit=8.0% kv_usage=88.3% queue=11r/37w tput_in_srv=6,220/s tput_out_srv=90/s
2026-06-03 10:12:23.161 - records_manager - INFO - [realtime 07:28 profiling] rps=0.0 (avg 0.1) tput_in=5855/s tput_out=37/s done=34 ok=34 err=0
                           ttft p50=93552ms p75=185582ms p95=318603ms p99=332355ms
                           itl  p50=185ms  p75=327ms  p95=616ms  p99=767ms
                           e2e  p50=182305ms p75=298348ms p95=364886ms p99=415405ms
                           intvty p50=5      p75=9      p95=13     p99=15 (1/tpot tok/s)
                           isl  p50=73,513    p75=103,260   p90=135,869   p99=191,595 (tokens)
                           osl  p50=317       p75=624       p90=1,150     p99=2,306 (tokens)
                           tot  in=2,574,251      out=16,236
                           trace theoretical_prefix_cache_hit=97.3%
                           srv  prefix_cache_hit=0.0% unique_in_srv=824,779,867 ext_cache_hit=7.9% kv_usage=91.5% queue=11r/38w tput_in_srv=6,192/s tput_out_srv=89/s
2026-06-03 10:12:53.258 - records_manager - INFO - [realtime 07:58 profiling] rps=0.0 (avg 0.1) tput_in=5758/s tput_out=35/s done=35 ok=35 err=0
                           ttft p50=103490ms p75=242805ms p95=328076ms p99=370942ms
                           itl  p50=180ms  p75=326ms  p95=605ms  p99=766ms
                           e2e  p50=200900ms p75=310497ms p95=392123ms p99=434463ms
                           intvty p50=6      p75=9      p95=13     p99=15 (1/tpot tok/s)
                           isl  p50=78,782    p75=109,646   p90=145,851   p99=191,573 (tokens)
                           osl  p50=329       p75=606       p90=1,140     p99=2,294 (tokens)
                           tot  in=2,725,686      out=16,645
                           trace theoretical_prefix_cache_hit=97.5%
                           srv  prefix_cache_hit=0.0% unique_in_srv=843,670,252 ext_cache_hit=7.8% kv_usage=89.1% queue=11r/38w tput_in_srv=6,160/s tput_out_srv=89/s
2026-06-03 10:13:23.349 - records_manager - INFO - [realtime 08:28 profiling] rps=0.0 (avg 0.1) tput_in=5752/s tput_out=39/s done=36 ok=36 err=0
                           ttft p50=93665ms p75=223731ms p95=327427ms p99=370428ms
                           itl  p50=174ms  p75=324ms  p95=593ms  p99=766ms
                           e2e  p50=219495ms p75=316796ms p95=432518ms p99=477942ms
                           intvty p50=6      p75=9      p95=13     p99=15 (1/tpot tok/s)
                           isl  p50=84,051    p75=113,960   p90=150,339   p99=191,552 (tokens)
                           osl  p50=341       p75=628       p90=1,241     p99=2,971 (tokens)
                           tot  in=2,903,924      out=19,755
                           trace theoretical_prefix_cache_hit=97.5%
                           srv  prefix_cache_hit=0.0% unique_in_srv=879,337,410 ext_cache_hit=7.6% kv_usage=86.2% queue=12r/37w tput_in_srv=6,138/s tput_out_srv=90/s
2026-06-03 10:13:53.448 - records_manager - INFO - [realtime 08:58 profiling] rps=0.0 (avg 0.1) tput_in=5788/s tput_out=38/s done=37 ok=37 err=0
                           ttft p50=103547ms p75=261945ms p95=349355ms p99=439752ms
                           itl  p50=165ms  p75=323ms  p95=582ms  p99=766ms
                           e2e  p50=228451ms p75=319138ms p95=445143ms p99=489833ms
                           intvty p50=6      p75=9      p95=15     p99=17 (1/tpot tok/s)
                           isl  p50=84,405    p75=116,320   p90=150,066   p99=191,531 (tokens)
                           osl  p50=329       p75=626       p90=1,230     p99=2,967 (tokens)
                           tot  in=3,028,823      out=19,835
                           trace theoretical_prefix_cache_hit=97.6%
                           srv  prefix_cache_hit=0.0% unique_in_srv=889,112,411 ext_cache_hit=7.4% kv_usage=95.2% queue=13r/37w tput_in_srv=6,177/s tput_out_srv=89/s
2026-06-03 10:14:23.553 - records_manager - INFO - [realtime 09:28 profiling] rps=0.1 (avg 0.1) tput_in=6059/s tput_out=42/s done=40 ok=40 err=0
                           ttft p50=113428ms p75=266329ms p95=469197ms p99=486476ms
                           itl  p50=150ms  p75=319ms  p95=548ms  p99=765ms
                           e2e  p50=251304ms p75=344986ms p95=498289ms p99=524445ms
                           intvty p50=7      p75=9      p95=16     p99=18 (1/tpot tok/s)
                           isl  p50=87,668    p75=115,710   p90=149,244   p99=191,467 (tokens)
                           osl  p50=317       p75=628       p90=1,323     p99=3,137 (tokens)
                           tot  in=3,340,674      out=23,191
                           trace theoretical_prefix_cache_hit=97.8%
                           srv  prefix_cache_hit=0.0% unique_in_srv=899,177,472 ext_cache_hit=7.2% kv_usage=91.4% queue=13r/35w tput_in_srv=6,204/s tput_out_srv=88/s
2026-06-03 10:14:53.663 - records_manager - INFO - [realtime 09:59 profiling] rps=0.1 (avg 0.1) tput_in=6074/s tput_out=40/s done=43 ok=43 err=0
                           ttft p50=154763ms p75=297829ms p95=488362ms p99=498422ms
                           itl  p50=153ms  p75=302ms  p95=519ms  p99=765ms
                           e2e  p50=272896ms p75=368582ms p95=519873ms p99=532090ms
                           intvty p50=7      p75=9      p95=18     p99=19 (1/tpot tok/s)
                           isl  p50=87,994    p75=114,399   p90=147,748   p99=191,403 (tokens)
                           osl  p50=266       p75=606       p90=1,276     p99=3,136 (tokens)
                           tot  in=3,598,155      out=23,464
                           trace theoretical_prefix_cache_hit=97.9%
                           srv  prefix_cache_hit=0.0% unique_in_srv=924,543,130 ext_cache_hit=7.0% kv_usage=91.3% queue=16r/32w tput_in_srv=6,313/s tput_out_srv=89/s
2026-06-03 10:15:23.781 - records_manager - INFO - [realtime 10:29 profiling] rps=0.1 (avg 0.1) tput_in=6117/s tput_out=43/s done=46 ok=46 err=0
                           ttft p50=163549ms p75=315315ms p95=491876ms p99=498388ms
                           itl  p50=144ms  p75=259ms  p95=500ms  p99=764ms
                           e2e  p50=278111ms p75=436197ms p95=533440ms p99=569614ms
                           intvty p50=7      p75=9      p95=18     p99=19 (1/tpot tok/s)
                           isl  p50=87,668    p75=111,775   p90=144,903   p99=191,340 (tokens)
                           osl  p50=317       p75=624       p90=1,394     p99=3,135 (tokens)
                           tot  in=3,773,187      out=26,808
                           trace theoretical_prefix_cache_hit=97.3%
                           srv  prefix_cache_hit=0.0% unique_in_srv=987,326,305 ext_cache_hit=6.9% kv_usage=86.1% queue=14r/35w tput_in_srv=6,184/s tput_out_srv=90/s
2026-06-03 10:15:53.899 - records_manager - INFO - [realtime 10:59 profiling] rps=0.0 (avg 0.1) tput_in=6117/s tput_out=43/s done=46 ok=46 err=0
                           ttft p50=163549ms p75=315315ms p95=491876ms p99=498388ms
                           itl  p50=144ms  p75=259ms  p95=500ms  p99=764ms
                           e2e  p50=278111ms p75=436197ms p95=533440ms p99=569614ms
                           intvty p50=7      p75=9      p95=18     p99=19 (1/tpot tok/s)
                           isl  p50=87,668    p75=111,775   p90=144,903   p99=191,340 (tokens)
                           osl  p50=317       p75=624       p90=1,394     p99=3,135 (tokens)
                           tot  in=3,773,187      out=26,808
                           trace theoretical_prefix_cache_hit=97.3%
                           srv  prefix_cache_hit=0.0% unique_in_srv=1,000,450,170 ext_cache_hit=6.8% kv_usage=99.1% queue=16r/33w tput_in_srv=6,240/s tput_out_srv=90/s
2026-06-03 10:16:24.023 - records_manager - INFO - [realtime 11:29 profiling] rps=0.1 (avg 0.1) tput_in=5685/s tput_out=43/s done=50 ok=50 err=0
                           ttft p50=173931ms p75=387903ms p95=495726ms p99=507238ms
                           itl  p50=140ms  p75=251ms  p95=476ms  p99=763ms
                           e2e  p50=298348ms p75=493791ms p95=559869ms p99=578357ms
                           intvty p50=7      p75=10     p95=17     p99=19 (1/tpot tok/s)
                           isl  p50=84,051    p75=104,592   p90=141,110   p99=191,255 (tokens)
                           osl  p50=338       p75=631       p90=1,323     p99=3,133 (tokens)
                           tot  in=3,871,207      out=29,383
                           trace theoretical_prefix_cache_hit=97.2%
                           srv  prefix_cache_hit=0.0% unique_in_srv=1,054,106,946 ext_cache_hit=6.8% kv_usage=91.7% queue=12r/35w tput_in_srv=6,118/s tput_out_srv=92/s
2026-06-03 10:16:54.159 - records_manager - INFO - [realtime 11:59 profiling] rps=0.1 (avg 0.1) tput_in=5782/s tput_out=49/s done=53 ok=53 err=0
                           ttft p50=183750ms p75=469159ms p95=499472ms p99=518963ms
                           itl  p50=138ms  p75=248ms  p95=457ms  p99=763ms
                           e2e  p50=316796ms p75=498482ms p95=587272ms p99=641312ms
                           intvty p50=7      p75=10     p95=17     p99=19 (1/tpot tok/s)
                           isl  p50=84,405    p75=104,348   p90=137,782   p99=191,191 (tokens)
                           osl  p50=348       p75=712       p90=1,447     p99=3,380 (tokens)
                           tot  in=4,096,725      out=34,788
                           trace theoretical_prefix_cache_hit=97.2%
                           srv  prefix_cache_hit=0.0% unique_in_srv=1,061,433,300 ext_cache_hit=6.6% kv_usage=94.7% queue=12r/36w tput_in_srv=6,109/s tput_out_srv=91/s
2026-06-03 10:17:24.297 - records_manager - INFO - [realtime 12:29 profiling] rps=0.1 (avg 0.1) tput_in=5806/s tput_out=48/s done=55 ok=55 err=0
                           ttft p50=207529ms p75=474112ms p95=517795ms p99=540423ms
                           itl  p50=138ms  p75=245ms  p95=445ms  p99=762ms
                           e2e  p50=319231ms p75=515573ms p95=600663ms p99=644236ms
                           intvty p50=7      p75=10     p95=17     p99=19 (1/tpot tok/s)
                           isl  p50=84,405    p75=104,511   p90=145,851   p99=192,700 (tokens)
                           osl  p50=348       p75=784       p90=1,412     p99=3,371 (tokens)
                           tot  in=4,336,837      out=35,822
                           trace theoretical_prefix_cache_hit=97.3%
                           srv  prefix_cache_hit=0.0% unique_in_srv=1,077,753,806 ext_cache_hit=6.4% kv_usage=87.6% queue=12r/36w tput_in_srv=6,121/s tput_out_srv=91/s
2026-06-03 10:17:54.467 - records_manager - INFO - [realtime 12:59 profiling] rps=0.0 (avg 0.1) tput_in=5806/s tput_out=48/s done=55 ok=55 err=0
                           ttft p50=207529ms p75=474112ms p95=517795ms p99=540423ms
                           itl  p50=138ms  p75=245ms  p95=445ms  p99=762ms
                           e2e  p50=319231ms p75=515573ms p95=600663ms p99=644236ms
                           intvty p50=7      p75=10     p95=17     p99=19 (1/tpot tok/s)
                           isl  p50=84,405    p75=104,511   p90=145,851   p99=192,700 (tokens)
                           osl  p50=348       p75=784       p90=1,412     p99=3,371 (tokens)
                           tot  in=4,336,837      out=35,822
                           trace theoretical_prefix_cache_hit=97.3%
                           srv  prefix_cache_hit=0.0% unique_in_srv=1,077,753,806 ext_cache_hit=6.4% kv_usage=99.2% queue=12r/37w tput_in_srv=6,125/s tput_out_srv=90/s
2026-06-03 10:18:24.610 - records_manager - INFO - [realtime 13:30 profiling] rps=0.1 (avg 0.1) tput_in=5860/s tput_out=48/s done=58 ok=58 err=0
                           ttft p50=261536ms p75=474353ms p95=523095ms p99=552326ms
                           itl  p50=140ms  p75=237ms  p95=427ms  p99=762ms
                           e2e  p50=343893ms p75=530864ms p95=616283ms p99=703103ms
                           intvty p50=7      p75=10     p95=17     p99=19 (1/tpot tok/s)
                           isl  p50=84,051    p75=104,592   p90=149,792   p99=192,673 (tokens)
                           osl  p50=341       p75=819       p90=1,764     p99=3,357 (tokens)
                           tot  in=4,659,892      out=38,472
                           trace theoretical_prefix_cache_hit=96.6%
                           srv  prefix_cache_hit=0.0% unique_in_srv=1,078,886,125 ext_cache_hit=6.3% kv_usage=93.6% queue=12r/37w tput_in_srv=6,165/s tput_out_srv=89/s
2026-06-03 10:18:54.760 - records_manager - INFO - [realtime 14:00 profiling] rps=0.0 (avg 0.1) tput_in=5831/s tput_out=48/s done=59 ok=59 err=0
                           ttft p50=261707ms p75=475643ms p95=526627ms p99=560630ms
                           itl  p50=140ms  p75=229ms  p95=420ms  p99=762ms
                           e2e  p50=344986ms p75=532471ms p95=629322ms p99=706693ms
                           intvty p50=7      p75=10     p95=17     p99=19 (1/tpot tok/s)
                           isl  p50=84,405    p75=109,979   p90=149,518   p99=192,664 (tokens)
                           osl  p50=348       p75=788       p90=1,689     p99=3,353 (tokens)
                           tot  in=4,782,958      out=39,167
                           trace theoretical_prefix_cache_hit=96.7%
                           srv  prefix_cache_hit=0.0% unique_in_srv=1,103,382,224 ext_cache_hit=6.2% kv_usage=96.6% queue=13r/37w tput_in_srv=6,149/s tput_out_srv=90/s
2026-06-03 10:19:24.916 - records_manager - INFO - [realtime 14:30 profiling] rps=0.1 (avg 0.1) tput_in=5884/s tput_out=47/s done=62 ok=62 err=0
                           ttft p50=262144ms p75=482931ms p95=546367ms p99=567110ms
                           itl  p50=137ms  p75=206ms  p95=402ms  p99=761ms
                           e2e  p50=360663ms p75=539766ms p95=626444ms p99=704593ms
                           intvty p50=7      p75=10     p95=17     p99=19 (1/tpot tok/s)
                           isl  p50=84,120    p75=104,592   p90=148,696   p99=192,637 (tokens)
                           osl  p50=341       p75=695       p90=1,465     p99=3,339 (tokens)
                           tot  in=5,028,726      out=40,073
                           trace theoretical_prefix_cache_hit=96.7%
                           srv  prefix_cache_hit=0.0% unique_in_srv=1,148,785,570 ext_cache_hit=6.1% kv_usage=90.3% queue=13r/37w tput_in_srv=6,133/s tput_out_srv=91/s
2026-06-03 10:19:55.074 - records_manager - INFO - [realtime 15:00 profiling] rps=0.1 (avg 0.1) tput_in=5831/s tput_out=47/s done=64 ok=64 err=0
                           ttft p50=270515ms p75=490666ms p95=548062ms p99=566834ms
                           itl  p50=137ms  p75=196ms  p95=401ms  p99=761ms
                           e2e  p50=371221ms p75=555823ms p95=664688ms p99=729816ms
                           intvty p50=7      p75=10     p95=17     p99=19 (1/tpot tok/s)
                           isl  p50=84,120    p75=108,184   p90=150,239   p99=192,619 (tokens)
                           osl  p50=356       p75=757       p90=1,438     p99=3,330 (tokens)
                           tot  in=5,244,283      out=41,862
                           trace theoretical_prefix_cache_hit=96.8%
                           srv  prefix_cache_hit=0.0% unique_in_srv=1,172,040,798 ext_cache_hit=5.9% kv_usage=88.2% queue=14r/35w tput_in_srv=6,131/s tput_out_srv=91/s
2026-06-03 10:20:25.243 - records_manager - INFO - [realtime 15:30 profiling] rps=0.1 (avg 0.1) tput_in=5907/s tput_out=47/s done=67 ok=67 err=0
                           ttft p50=291683ms p75=497763ms p95=547780ms p99=566420ms
                           itl  p50=136ms  p75=185ms  p95=400ms  p99=760ms
                           e2e  p50=433569ms p75=559104ms p95=658314ms p99=729004ms
                           intvty p50=7      p75=10     p95=17     p99=19 (1/tpot tok/s)
                           isl  p50=84,086    p75=109,979   p90=149,660   p99=192,591 (tokens)
                           osl  p50=364       p75=690       p90=1,398     p99=3,316 (tokens)
                           tot  in=5,480,910      out=43,239
                           trace theoretical_prefix_cache_hit=96.3%
                           srv  prefix_cache_hit=0.0% unique_in_srv=1,183,234,830 ext_cache_hit=5.8% kv_usage=87.5% queue=13r/36w tput_in_srv=6,141/s tput_out_srv=91/s
2026-06-03 10:20:55.413 - records_manager - INFO - [realtime 16:00 profiling] rps=0.0 (avg 0.1) tput_in=5830/s tput_out=46/s done=68 ok=68 err=0
                           ttft p50=303976ms p75=498326ms p95=547685ms p99=566282ms
                           itl  p50=136ms  p75=185ms  p95=400ms  p99=760ms
                           e2e  p50=436197ms p75=560154ms p95=656189ms p99=728734ms
                           intvty p50=7      p75=10     p95=17     p99=19 (1/tpot tok/s)
                           isl  p50=84,120    p75=108,184   p90=149,468   p99=192,582 (tokens)
                           osl  p50=373       p75=686       p90=1,385     p99=3,311 (tokens)
                           tot  in=5,569,542      out=43,653
                           trace theoretical_prefix_cache_hit=96.3%
                           srv  prefix_cache_hit=0.0% unique_in_srv=1,212,390,059 ext_cache_hit=5.7% kv_usage=95.8% queue=14r/35w tput_in_srv=6,127/s tput_out_srv=91/s
2026-06-03 10:21:25.586 - records_manager - INFO - [realtime 16:31 profiling] rps=0.1 (avg 0.1) tput_in=5840/s tput_out=45/s done=70 ok=70 err=0
                           ttft p50=315315ms p75=500187ms p95=549479ms p99=566005ms
                           itl  p50=131ms  p75=185ms  p95=399ms  p99=760ms
                           e2e  p50=471978ms p75=562422ms p95=651940ms p99=728193ms
                           intvty p50=8      p75=10     p95=17     p99=19 (1/tpot tok/s)
                           isl  p50=84,120    p75=111,775   p90=149,082   p99=192,564 (tokens)
                           osl  p50=373       p75=677       p90=1,358     p99=3,302 (tokens)
                           tot  in=5,725,293      out=44,532
                           trace theoretical_prefix_cache_hit=96.4%
                           srv  prefix_cache_hit=0.0% unique_in_srv=1,221,822,120 ext_cache_hit=5.6% kv_usage=96.1% queue=14r/38w tput_in_srv=6,094/s tput_out_srv=92/s
2026-06-03 10:21:55.825 - records_manager - INFO - [realtime 17:01 profiling] rps=0.1 (avg 0.1) tput_in=5852/s tput_out=57/s done=74 ok=74 err=0
                           ttft p50=315315ms p75=501960ms p95=549070ms p99=565453ms
                           itl  p50=131ms  p75=184ms  p95=398ms  p99=759ms
                           e2e  p50=493791ms p75=570893ms p95=710844ms p99=974689ms
                           intvty p50=8      p75=10     p95=17     p99=19 (1/tpot tok/s)
                           isl  p50=84,051    p75=109,145   p90=147,134   p99=192,528 (tokens)
                           osl  p50=376       p75=819       p90=2,063     p99=6,112 (tokens)
                           tot  in=5,953,742      out=58,313
                           trace theoretical_prefix_cache_hit=96.5%
                           srv  prefix_cache_hit=0.0% unique_in_srv=1,245,132,456 ext_cache_hit=5.6% kv_usage=90.8% queue=11r/37w tput_in_srv=6,140/s tput_out_srv=91/s
2026-06-03 10:22:26.028 - records_manager - INFO - [realtime 17:31 profiling] rps=0.0 (avg 0.1) tput_in=5895/s tput_out=58/s done=75 ok=75 err=0
                           ttft p50=319426ms p75=511700ms p95=548967ms p99=565315ms
                           itl  p50=130ms  p75=184ms  p95=397ms  p99=759ms
                           e2e  p50=494830ms p75=571224ms p95=710120ms p99=974635ms
                           intvty p50=8      p75=10     p95=17     p99=19 (1/tpot tok/s)
                           isl  p50=84,086    p75=108,007   p90=146,353   p99=192,519 (tokens)
                           osl  p50=376       p75=792       p90=1,989     p99=6,112 (tokens)
                           tot  in=6,039,471      out=59,026
                           trace theoretical_prefix_cache_hit=96.5%
                           srv  prefix_cache_hit=0.0% unique_in_srv=1,257,856,356 ext_cache_hit=5.5% kv_usage=97.5% queue=11r/38w tput_in_srv=6,042/s tput_out_srv=90/s
2026-06-03 10:22:56.237 - records_manager - INFO - [realtime 18:01 profiling] rps=0.0 (avg 0.1) tput_in=5798/s tput_out=60/s done=76 ok=76 err=0
                           ttft p50=323536ms p75=508454ms p95=548865ms p99=565177ms
                           itl  p50=131ms  p75=184ms  p95=397ms  p99=758ms
                           e2e  p50=495869ms p75=573820ms p95=727652ms p99=990053ms
                           intvty p50=8      p75=10     p95=17     p99=19 (1/tpot tok/s)
                           isl  p50=84,120    p75=110,460   p90=146,356   p99=192,510 (tokens)
                           osl  p50=376       p75=849       p90=2,463     p99=6,112 (tokens)
                           tot  in=6,182,317      out=63,545
                           trace theoretical_prefix_cache_hit=95.1%
                           srv  prefix_cache_hit=0.0% unique_in_srv=1,286,283,604 ext_cache_hit=5.4% kv_usage=96.7% queue=11r/39w tput_in_srv=6,107/s tput_out_srv=90/s
2026-06-03 10:23:26.480 - records_manager - INFO - [realtime 18:31 profiling] rps=0.1 (avg 0.1) tput_in=5864/s tput_out=60/s done=79 ok=79 err=0
                           ttft p50=362204ms p75=521540ms p95=550807ms p99=564763ms
                           itl  p50=133ms  p75=181ms  p95=396ms  p99=758ms
                           e2e  p50=498804ms p75=576814ms p95=758443ms p99=988728ms
                           intvty p50=8      p75=10     p95=17     p99=19 (1/tpot tok/s)
                           isl  p50=84,440    p75=111,118   p90=144,601   p99=192,483 (tokens)
                           osl  p50=386       p75=892       p90=2,338     p99=6,110 (tokens)
                           tot  in=6,483,942      out=66,849
                           trace theoretical_prefix_cache_hit=95.3%
                           srv  prefix_cache_hit=0.0% unique_in_srv=1,296,021,598 ext_cache_hit=5.3% kv_usage=94.0% queue=11r/38w tput_in_srv=6,120/s tput_out_srv=89/s
2026-06-03 10:23:41.352 - AgenticReplayTiming - INFO - Terminating trajectory 1186d32070428ea303de493d61ee3effd467 early at turn 27/38: context-overflow error from server
2026-06-03 10:23:56.720 - records_manager - INFO - [realtime 19:02 profiling] rps=0.2 (avg 0.1) tput_in=6062/s tput_out=66/s done=84 ok=84 err=0
                           ttft p50=400940ms p75=522833ms p95=550260ms p99=564210ms
                           itl  p50=134ms  p75=184ms  p95=394ms  p99=757ms
                           e2e  p50=520996ms p75=586934ms p95=821678ms p99=1038900ms
                           intvty p50=7      p75=10     p95=17     p99=19 (1/tpot tok/s)
                           isl  p50=84,440    p75=114,399   p90=148,111   p99=192,447 (tokens)
                           osl  p50=402       p75=892       p90=2,588     p99=6,350 (tokens)
                           tot  in=6,899,827      out=75,487
                           trace theoretical_prefix_cache_hit=95.5%
                           srv  prefix_cache_hit=0.0% unique_in_srv=1,304,903,349 ext_cache_hit=5.2% kv_usage=82.8% queue=10r/39w tput_in_srv=6,150/s tput_out_srv=89/s
2026-06-03 10:24:26.966 - records_manager - INFO - [realtime 19:32 profiling] rps=0.1 (avg 0.1) tput_in=6076/s tput_out=65/s done=86 ok=86 err=0
                           ttft p50=425948ms p75=523098ms p95=550183ms p99=563934ms
                           itl  p50=135ms  p75=184ms  p95=391ms  p99=757ms
                           e2e  p50=523486ms p75=589415ms p95=813773ms p99=1037198ms
                           intvty p50=7      p75=10     p95=17     p99=19 (1/tpot tok/s)
                           isl  p50=85,244    p75=112,650   p90=146,941   p99=192,429 (tokens)
                           osl  p50=386       p75=884       p90=2,505     p99=6,328 (tokens)
                           tot  in=7,094,417      out=75,906
                           trace theoretical_prefix_cache_hit=95.6%
                           srv  prefix_cache_hit=0.0% unique_in_srv=1,308,924,879 ext_cache_hit=5.0% kv_usage=95.9% queue=15r/34w tput_in_srv=6,255/s tput_out_srv=88/s
2026-06-03 10:24:57.266 - records_manager - INFO - [realtime 20:02 profiling] rps=0.0 (avg 0.1) tput_in=6056/s tput_out=65/s done=87 ok=87 err=0
                           ttft p50=437918ms p75=523143ms p95=550144ms p99=563796ms
                           itl  p50=136ms  p75=184ms  p95=390ms  p99=756ms
                           e2e  p50=525927ms p75=592455ms p95=824049ms p99=1036347ms
                           intvty p50=7      p75=10     p95=17     p99=19 (1/tpot tok/s)
                           isl  p50=85,729    p75=113,125   p90=146,356   p99=192,420 (tokens)
                           osl  p50=396       p75=897       p90=2,463     p99=6,317 (tokens)
                           tot  in=7,207,542      out=77,610
                           trace theoretical_prefix_cache_hit=95.6%
                           srv  prefix_cache_hit=0.0% unique_in_srv=1,332,333,608 ext_cache_hit=5.0% kv_usage=98.0% queue=15r/35w tput_in_srv=6,258/s tput_out_srv=88/s
2026-06-03 10:25:27.543 - records_manager - INFO - [realtime 20:32 profiling] rps=0.1 (avg 0.1) tput_in=6133/s tput_out=65/s done=90 ok=90 err=0
                           ttft p50=470646ms p75=523721ms p95=550028ms p99=563382ms
                           itl  p50=136ms  p75=184ms  p95=387ms  p99=756ms
                           e2e  p50=528395ms p75=593608ms p95=822864ms p99=1033794ms
                           intvty p50=7      p75=10     p95=17     p99=19 (1/tpot tok/s)
                           isl  p50=86,698    p75=113,662   p90=144,601   p99=192,393 (tokens)
                           osl  p50=390       p75=884       p90=2,338     p99=6,284 (tokens)
                           tot  in=7,477,877      out=78,966
                           trace theoretical_prefix_cache_hit=95.7%
                           srv  prefix_cache_hit=0.0% unique_in_srv=1,364,144,754 ext_cache_hit=4.9% kv_usage=92.2% queue=15r/36w tput_in_srv=6,204/s tput_out_srv=89/s
2026-06-03 10:25:57.815 - records_manager - INFO - [realtime 21:03 profiling] rps=0.1 (avg 0.1) tput_in=6074/s tput_out=64/s done=93 ok=93 err=0
                           ttft p50=473622ms p75=524298ms p95=549913ms p99=562967ms
                           itl  p50=137ms  p75=183ms  p95=383ms  p99=755ms
                           e2e  p50=530864ms p75=598804ms p95=821679ms p99=1031241ms
                           intvty p50=7      p75=9      p95=17     p99=18 (1/tpot tok/s)
                           isl  p50=85,729    p75=112,450   p90=142,846   p99=192,365 (tokens)
                           osl  p50=396       p75=849       p90=2,213     p99=6,251 (tokens)
                           tot  in=7,666,099      out=80,557
                           trace theoretical_prefix_cache_hit=95.8%
                           srv  prefix_cache_hit=0.0% unique_in_srv=1,389,378,542 ext_cache_hit=4.8% kv_usage=88.2% queue=14r/36w tput_in_srv=6,234/s tput_out_srv=89/s
2026-06-03 10:26:28.094 - records_manager - INFO - [realtime 21:33 profiling] rps=0.1 (avg 0.1) tput_in=6182/s tput_out=64/s done=95 ok=95 err=0
                           ttft p50=474275ms p75=523143ms p95=549836ms p99=562691ms
                           itl  p50=137ms  p75=183ms  p95=381ms  p99=755ms
                           e2e  p50=530864ms p75=595234ms p95=820888ms p99=1029539ms
                           intvty p50=7      p75=9      p95=17     p99=18 (1/tpot tok/s)
                           isl  p50=85,729    p75=113,125   p90=147,526   p99=193,257 (tokens)
                           osl  p50=396       p75=819       p90=2,190     p99=6,230 (tokens)
                           tot  in=7,884,170      out=81,643
                           trace theoretical_prefix_cache_hit=95.9%
                           srv  prefix_cache_hit=0.0% unique_in_srv=1,425,045,987 ext_cache_hit=4.8% kv_usage=82.2% queue=13r/39w tput_in_srv=6,146/s tput_out_srv=89/s
2026-06-03 10:26:58.380 - records_manager - INFO - [realtime 22:03 profiling] rps=0.0 (avg 0.1) tput_in=6057/s tput_out=63/s done=96 ok=96 err=0
                           ttft p50=473949ms p75=523128ms p95=549797ms p99=562553ms
                           itl  p50=138ms  p75=180ms  p95=380ms  p99=755ms
                           e2e  p50=528395ms p75=594811ms p95=820493ms p99=1028688ms
                           intvty p50=7      p75=9      p95=17     p99=18 (1/tpot tok/s)
                           isl  p50=85,244    p75=112,788   p90=146,941   p99=193,247 (tokens)
                           osl  p50=390       p75=805       p90=2,178     p99=6,219 (tokens)
                           tot  in=7,937,013      out=81,992
                           trace theoretical_prefix_cache_hit=95.9%
                           srv  prefix_cache_hit=0.0% unique_in_srv=1,425,372,764 ext_cache_hit=4.7% kv_usage=96.6% queue=14r/38w tput_in_srv=6,186/s tput_out_srv=88/s
2026-06-03 10:27:28.679 - records_manager - INFO - [realtime 22:34 profiling] rps=0.2 (avg 0.1) tput_in=6085/s tput_out=62/s done=101 ok=101 err=0
                           ttft p50=476012ms p75=523113ms p95=549604ms p99=561863ms
                           itl  p50=140ms  p75=183ms  p95=374ms  p99=754ms
                           e2e  p50=525927ms p75=598360ms p95=818518ms p99=1024433ms
                           intvty p50=7      p75=10     p95=17     p99=18 (1/tpot tok/s)
                           isl  p50=84,120    p75=110,460   p90=144,016   p99=193,198 (tokens)
                           osl  p50=384       p75=792       p90=2,119     p99=6,164 (tokens)
                           tot  in=8,233,738      out=83,918
                           trace theoretical_prefix_cache_hit=95.9%
                           srv  prefix_cache_hit=0.0% unique_in_srv=1,447,342,547 ext_cache_hit=4.6% kv_usage=87.3% queue=12r/37w tput_in_srv=6,225/s tput_out_srv=88/s
2026-06-03 10:27:59.013 - records_manager - INFO - [realtime 23:04 profiling] rps=0.1 (avg 0.1) tput_in=5985/s tput_out=62/s done=103 ok=103 err=0
                           ttft p50=474409ms p75=523083ms p95=549527ms p99=561586ms
                           itl  p50=140ms  p75=183ms  p95=372ms  p99=753ms
                           e2e  p50=530864ms p75=601486ms p95=817727ms p99=1022731ms
                           intvty p50=7      p75=9      p95=17     p99=18 (1/tpot tok/s)
                           isl  p50=84,051    p75=109,145   p90=142,846   p99=193,179 (tokens)
                           osl  p50=396       p75=819       p90=2,096     p99=6,142 (tokens)
                           tot  in=8,262,086      out=85,917
                           trace theoretical_prefix_cache_hit=95.9%
                           srv  prefix_cache_hit=0.0% unique_in_srv=1,474,459,392 ext_cache_hit=4.6% kv_usage=98.3% queue=11r/40w tput_in_srv=6,219/s tput_out_srv=88/s
2026-06-03 10:28:29.333 - records_manager - INFO - [realtime 23:34 profiling] rps=0.0 (avg 0.1) tput_in=5989/s tput_out=66/s done=104 ok=104 err=0
                           ttft p50=474381ms p75=522833ms p95=549463ms p99=561570ms
                           itl  p50=140ms  p75=182ms  p95=371ms  p99=751ms
                           e2e  p50=531935ms p75=602152ms p95=825235ms p99=1106977ms
                           intvty p50=7      p75=9      p95=17     p99=18 (1/tpot tok/s)
                           isl  p50=82,586    p75=108,319   p90=142,650   p99=193,170 (tokens)
                           osl  p50=402       p75=864       p90=2,201     p99=6,142 (tokens)
                           tot  in=8,337,951      out=91,992
                           trace theoretical_prefix_cache_hit=95.9%
                           srv  prefix_cache_hit=0.0% unique_in_srv=1,542,361,821 ext_cache_hit=4.6% kv_usage=92.3% queue=10r/40w tput_in_srv=6,136/s tput_out_srv=89/s
2026-06-03 10:28:59.659 - records_manager - INFO - [realtime 24:05 profiling] rps=0.0 (avg 0.1) tput_in=5888/s tput_out=66/s done=105 ok=105 err=0
                           ttft p50=474353ms p75=522583ms p95=549399ms p99=561553ms
                           itl  p50=140ms  p75=182ms  p95=371ms  p99=749ms
                           e2e  p50=533007ms p75=605954ms p95=824839ms p99=1106126ms
                           intvty p50=7      p75=9      p95=17     p99=18 (1/tpot tok/s)
                           isl  p50=84,051    p75=107,492   p90=142,454   p99=193,161 (tokens)
                           osl  p50=409       p75=888       p90=2,190     p99=6,141 (tokens)
                           tot  in=8,428,206      out=94,028
                           trace theoretical_prefix_cache_hit=95.9%
                           srv  prefix_cache_hit=0.0% unique_in_srv=1,581,857,641 ext_cache_hit=4.5% kv_usage=94.2% queue=10r/39w tput_in_srv=6,054/s tput_out_srv=89/s
2026-06-03 10:29:30.014 - records_manager - INFO - [realtime 24:35 profiling] rps=0.1 (avg 0.1) tput_in=5868/s tput_out=70/s done=108 ok=108 err=0
                           ttft p50=474381ms p75=522833ms p95=549208ms p99=561502ms
                           itl  p50=140ms  p75=180ms  p95=368ms  p99=742ms
                           e2e  p50=538153ms p75=607744ms p95=936292ms p99=1332959ms
                           intvty p50=7      p75=10     p95=17     p99=18 (1/tpot tok/s)
                           isl  p50=82,586    p75=105,528   p90=141,866   p99=193,134 (tokens)
                           osl  p50=412       p75=911       p90=2,422     p99=7,182 (tokens)
                           tot  in=8,622,856      out=102,698
                           trace theoretical_prefix_cache_hit=95.4%
                           srv  prefix_cache_hit=0.0% unique_in_srv=1,602,192,167 ext_cache_hit=4.5% kv_usage=92.5% queue=10r/38w tput_in_srv=6,074/s tput_out_srv=88/s
2026-06-03 10:30:00.413 - records_manager - INFO - [realtime 25:05 profiling] rps=0.1 (avg 0.1) tput_in=5921/s tput_out=70/s done=110 ok=110 err=0
                           ttft p50=475211ms p75=523098ms p95=549080ms p99=561469ms
                           itl  p50=140ms  p75=176ms  p95=367ms  p99=737ms
                           e2e  p50=538153ms p75=610843ms p95=921537ms p99=1328219ms
                           intvty p50=7      p75=10     p95=17     p99=18 (1/tpot tok/s)
                           isl  p50=84,086    p75=106,666   p90=141,475   p99=193,116 (tokens)
                           osl  p50=412       p75=954       p90=2,338     p99=7,160 (tokens)
                           tot  in=8,824,846      out=103,905
                           trace theoretical_prefix_cache_hit=95.3%
                           srv  prefix_cache_hit=0.0% unique_in_srv=1,607,260,086 ext_cache_hit=4.4% kv_usage=98.1% queue=11r/40w tput_in_srv=6,140/s tput_out_srv=88/s
2026-06-03 10:30:30.781 - records_manager - INFO - [realtime 25:36 profiling] rps=0.1 (avg 0.1) tput_in=6031/s tput_out=69/s done=114 ok=114 err=0
                           ttft p50=476722ms p75=523098ms p95=548825ms p99=561402ms
                           itl  p50=140ms  p75=177ms  p95=363ms  p99=728ms
                           e2e  p50=542001ms p75=610843ms p95=892027ms p99=1318740ms
                           intvty p50=7      p75=10     p95=17     p99=18 (1/tpot tok/s)
                           isl  p50=84,282    p75=111,944   p90=141,357   p99=193,080 (tokens)
                           osl  p50=402       p75=954       p90=2,201     p99=7,117 (tokens)
                           tot  in=9,240,777      out=105,786
                           trace theoretical_prefix_cache_hit=95.1%
                           srv  prefix_cache_hit=0.0% unique_in_srv=1,616,329,573 ext_cache_hit=4.3% kv_usage=84.3% queue=11r/37w tput_in_srv=6,137/s tput_out_srv=87/s
2026-06-03 10:31:01.114 - records_manager - INFO - [realtime 26:06 profiling] rps=0.1 (avg 0.1) tput_in=6070/s tput_out=70/s done=116 ok=116 err=0
                           ttft p50=478646ms p75=523128ms p95=548697ms p99=561368ms
                           itl  p50=140ms  p75=180ms  p95=362ms  p99=724ms
                           e2e  p50=545256ms p75=613942ms p95=891033ms p99=1314000ms
                           intvty p50=7      p75=10     p95=17     p99=18 (1/tpot tok/s)
                           isl  p50=84,602    p75=111,118   p90=141,252   p99=193,061 (tokens)
                           osl  p50=402       p75=1,029     p90=2,305     p99=7,095 (tokens)
                           tot  in=9,443,818      out=108,414
                           trace theoretical_prefix_cache_hit=94.7%
                           srv  prefix_cache_hit=0.0% unique_in_srv=1,619,507,915 ext_cache_hit=4.3% kv_usage=86.8% queue=10r/38w tput_in_srv=6,142/s tput_out_srv=86/s
2026-06-03 10:31:31.454 - records_manager - INFO - [realtime 26:36 profiling] rps=0.1 (avg 0.1) tput_in=6076/s tput_out=68/s done=119 ok=119 err=0
                           ttft p50=480858ms p75=523083ms p95=548506ms p99=561318ms
                           itl  p50=140ms  p75=182ms  p95=359ms  p99=717ms
                           e2e  p50=544236ms p75=611455ms p95=872076ms p99=1306891ms
                           intvty p50=7      p75=10     p95=17     p99=18 (1/tpot tok/s)
                           isl  p50=84,444    p75=111,775   p90=141,096   p99=193,034 (tokens)
                           osl  p50=384       p75=916       p90=2,266     p99=7,062 (tokens)
                           tot  in=9,682,371      out=108,731
                           trace theoretical_prefix_cache_hit=94.8%
                           srv  prefix_cache_hit=0.0% unique_in_srv=1,634,925,434 ext_cache_hit=4.2% kv_usage=87.1% queue=10r/38w tput_in_srv=6,188/s tput_out_srv=86/s
2026-06-03 10:32:01.893 - records_manager - INFO - [realtime 27:07 profiling] rps=0.1 (avg 0.1) tput_in=6027/s tput_out=69/s done=121 ok=121 err=0
                           ttft p50=482931ms p75=522583ms p95=548378ms p99=561284ms
                           itl  p50=140ms  p75=179ms  p95=358ms  p99=712ms
                           e2e  p50=544236ms p75=613113ms p95=928335ms p99=1302151ms
                           intvty p50=7      p75=10     p95=17     p99=18 (1/tpot tok/s)
                           isl  p50=84,444    p75=110,460   p90=140,991   p99=193,016 (tokens)
                           osl  p50=384       p75=992       p90=2,402     p99=7,040 (tokens)
                           tot  in=9,785,032      out=111,526
                           trace theoretical_prefix_cache_hit=94.8%
                           srv  prefix_cache_hit=0.0% unique_in_srv=1,638,729,292 ext_cache_hit=4.1% kv_usage=99.1% queue=11r/38w tput_in_srv=6,233/s tput_out_srv=85/s
2026-06-03 10:32:32.302 - records_manager - INFO - [realtime 27:37 profiling] rps=0.1 (avg 0.1) tput_in=6159/s tput_out=68/s done=125 ok=125 err=0
                           ttft p50=486099ms p75=521940ms p95=548104ms p99=561217ms
                           itl  p50=140ms  p75=175ms  p95=355ms  p99=703ms
                           e2e  p50=536539ms p75=610494ms p95=915697ms p99=1292672ms
                           intvty p50=7      p75=10     p95=17     p99=18 (1/tpot tok/s)
                           isl  p50=84,444    p75=110,460   p90=140,552   p99=192,980 (tokens)
                           osl  p50=376       p75=906       p90=2,319     p99=6,996 (tokens)
                           tot  in=10,147,536     out=112,163
                           trace theoretical_prefix_cache_hit=95.0%
                           srv  prefix_cache_hit=0.0% unique_in_srv=1,652,629,542 ext_cache_hit=4.1% kv_usage=86.2% queue=9r/42w tput_in_srv=6,183/s tput_out_srv=85/s
2026-06-03 10:32:50.461 - EventLoopMonitor - WARNING - Event loop for worker_d6e8f881 is taking too long to run. Overhead: 32.87ms
2026-06-03 10:33:02.750 - records_manager - INFO - [realtime 28:08 profiling] rps=0.1 (avg 0.1) tput_in=6178/s tput_out=73/s done=127 ok=127 err=0
                           ttft p50=486099ms p75=521796ms p95=547957ms p99=561184ms
                           itl  p50=140ms  p75=176ms  p95=354ms  p99=698ms
                           e2e  p50=539766ms p75=611455ms p95=963214ms p99=1394435ms
                           intvty p50=7      p75=10     p95=17     p99=18 (1/tpot tok/s)
                           isl  p50=84,759    p75=109,598   p90=140,218   p99=192,962 (tokens)
                           osl  p50=376       p75=916       p90=2,516     p99=7,382 (tokens)
                           tot  in=10,352,341     out=123,152
                           trace theoretical_prefix_cache_hit=95.1%
                           srv  prefix_cache_hit=0.0% unique_in_srv=1,652,917,039 ext_cache_hit=4.0% kv_usage=92.4% queue=10r/40w tput_in_srv=6,252/s tput_out_srv=84/s
2026-06-03 10:33:33.214 - records_manager - INFO - [realtime 28:38 profiling] rps=0.1 (avg 0.1) tput_in=6174/s tput_out=73/s done=130 ok=130 err=0
                           ttft p50=487383ms p75=521868ms p95=547738ms p99=561133ms
                           itl  p50=141ms  p75=182ms  p95=353ms  p99=692ms
                           e2e  p50=542001ms p75=612284ms p95=955740ms p99=1392476ms
                           intvty p50=7      p75=10     p95=17     p99=18 (1/tpot tok/s)
                           isl  p50=84,767    p75=109,258   p90=139,716   p99=192,935 (tokens)
                           osl  p50=376       p75=954       p90=2,430     p99=7,376 (tokens)
                           tot  in=10,573,682     out=124,486
                           trace theoretical_prefix_cache_hit=95.1%
                           srv  prefix_cache_hit=0.0% unique_in_srv=1,666,302,690 ext_cache_hit=3.9% kv_usage=95.5% queue=11r/39w tput_in_srv=6,279/s tput_out_srv=84/s
2026-06-03 10:34:03.734 - records_manager - INFO - [realtime 29:09 profiling] rps=0.1 (avg 0.1) tput_in=6189/s tput_out=72/s done=132 ok=132 err=0
                           ttft p50=487383ms p75=521790ms p95=547591ms p99=561100ms
                           itl  p50=141ms  p75=180ms  p95=352ms  p99=687ms
                           e2e  p50=538153ms p75=610975ms p95=950757ms p99=1391170ms
                           intvty p50=7      p75=10     p95=17     p99=18 (1/tpot tok/s)
                           isl  p50=84,767    p75=108,578   p90=139,381   p99=192,917 (tokens)
                           osl  p50=374       p75=911       p90=2,374     p99=7,373 (tokens)
                           tot  in=10,730,494     out=124,826
                           trace theoretical_prefix_cache_hit=95.2%
                           srv  prefix_cache_hit=0.0% unique_in_srv=1,675,272,216 ext_cache_hit=3.9% kv_usage=99.3% queue=11r/40w tput_in_srv=6,309/s tput_out_srv=84/s
2026-06-03 10:34:34.223 - records_manager - INFO - [realtime 29:39 profiling] rps=0.1 (avg 0.1) tput_in=6298/s tput_out=72/s done=135 ok=135 err=0
                           ttft p50=491470ms p75=521772ms p95=547372ms p99=561049ms
                           itl  p50=142ms  p75=176ms  p95=350ms  p99=680ms
                           e2e  p50=539766ms p75=611455ms p95=975336ms p99=1389211ms
                           intvty p50=7      p75=10     p95=17     p99=18 (1/tpot tok/s)
                           isl  p50=85,729    p75=111,775   p90=140,552   p99=192,890 (tokens)
                           osl  p50=373       p75=916       p90=2,573     p99=7,367 (tokens)
                           tot  in=11,151,301     out=127,934
                           trace theoretical_prefix_cache_hit=95.3%
                           srv  prefix_cache_hit=0.0% unique_in_srv=1,692,312,140 ext_cache_hit=3.8% kv_usage=84.6% queue=11r/39w tput_in_srv=6,290/s tput_out_srv=83/s
2026-06-03 10:34:54.574 - PhaseRunner - INFO - Timeout of 1799.999473121s elapsed for event 'profiling phase sending'
2026-06-03 10:34:54.574 - PhaseRunner - NOTICE - Phase profiling sending complete | sent=186, completed=135, in_flight=51 | sessions: sent=2, completed=0 | timeout_triggered=True
2026-06-03 10:34:54.575 - PhaseRunner - INFO - Waiting for event 'profiling phase credits returned' with timeout of 30.000035763999904s
2026-06-03 10:34:54.576 - records_manager - INFO - Sent 186 requests. Waiting for all to complete...
2026-06-03 10:35:04.716 - records_manager - INFO - [realtime 30:10 profiling] rps=0.0 (avg 0.1) tput_in=6192/s tput_out=71/s done=136 ok=136 err=0
                           ttft p50=491575ms p75=521731ms p95=547299ms p99=561033ms
                           itl  p50=142ms  p75=180ms  p95=350ms  p99=678ms
                           e2e  p50=542001ms p75=610975ms p95=975067ms p99=1388558ms
                           intvty p50=7      p75=10     p95=17     p99=18 (1/tpot tok/s)
                           isl  p50=85,252    p75=111,231   p90=140,385   p99=192,881 (tokens)
                           osl  p50=364       p75=911       p90=2,545     p99=7,365 (tokens)
                           tot  in=11,198,632     out=128,252
                           trace theoretical_prefix_cache_hit=95.4%
                           srv  prefix_cache_hit=0.0% unique_in_srv=1,695,859,605 ext_cache_hit=3.8% kv_usage=95.1% queue=12r/38w tput_in_srv=6,320/s tput_out_srv=83/s
2026-06-03 10:35:24.575 - PhaseRunner - INFO - Timeout of 30.000035763999904s elapsed for event 'profiling phase credits returned'
2026-06-03 10:35:24.575 - PhaseRunner - WARNING - Phase profiling timed out, cancelling all credits. Stats: sent=186, completed=137, cancelled=0, in_flight=49
2026-06-03 10:35:24.576 - StickyCreditRouter_d4556275 - INFO - Sent cancellation requests for 49 in-flight credits across 31 workers
2026-06-03 10:35:24.576 - PhaseRunner - INFO - Waiting for all cancelled credits to be returned for phase profiling. Need 49 more credits.
2026-06-03 10:35:24.580 - PhaseRunner - INFO - All cancelled credits returned for phase profiling
2026-06-03 10:35:24.581 - PhaseRunner - NOTICE - Phase profiling complete | completed=137, cancelled=49, errors=0 | sessions: completed=0, cancelled=0 | elapsed=1830.01s | grace_period_timeout=True
2026-06-03 10:35:24.581 - aiperf.timing.branch_orchestrator - INFO - BranchOrchestrator stats: spawned=6 completed=1 errored=0 suspended=2 resumed=0 parents_failed_due_to_child_error=0 joins_suppressed=3
2026-06-03 10:35:24.581 - PhaseOrchestrator_c44b0e74 - NOTICE - All credits completed
2026-06-03 10:35:24.582 - records_manager - INFO - Received CREDIT_PHASE_COMPLETE message, Phase complete: PhaseRecordsStats(phase=CreditPhase.PROFILING, start_ns=1780481094575258991, sent_end_ns=1780482894574850617, requests_end_ns=1780482924581050481, total_expected_requests=None, expected_duration_sec=None, expected_num_sessions=None, expected_grace_period_sec=None, final_requests_sent=None, final_requests_completed=137, final_requests_cancelled=49, final_request_errors=0, final_sent_sessions=None, final_completed_sessions=None, final_cancelled_sessions=None, timeout_triggered=True, grace_period_timeout_triggered=True, was_cancelled=False, records_end_ns=None, success_records=137, error_records=0)
2026-06-03 10:35:24.582 - system_controller - INFO - Received credits complete from 'timing_manager'
2026-06-03 10:35:24.582 - records_manager - NOTICE - All requests have completed, please wait for the results to be processed (currently 137 of 137 records processed)...
2026-06-03 10:35:24.582 - records_manager - INFO - Processed 137 valid requests and 0 errors (137 total).
2026-06-03 10:35:24.582 - records_manager - INFO - Received all records, processing now...
2026-06-03 10:35:24.582 - records_manager - INFO - All credits complete, please wait for the results to be processed...
2026-06-03 10:35:24.583 - server_metrics_manager - INFO - Server Metrics: Profiling complete, capturing final metrics...
2026-06-03 10:35:24.585 - records_manager - INFO - Waiting 2.0s for server metrics flush period...
2026-06-03 10:35:26.583 - records_manager - INFO - Processing records results...
2026-06-03 10:35:29.139 - RecordExportJSONLWriter_9c2ee808 - WARNING - Timeout waiting for 0 pending flush tasks during shutdown. Cancelling tasks and proceeding with cleanup.
2026-06-03 10:35:29.277 - system_controller - INFO - Waiting for server metrics results...
2026-06-03 10:35:29.278 - system_controller - INFO - Waiting for server metrics results...
2026-06-03 10:35:30.305 - records_manager - INFO - _finalize_and_process_results completed
2026-06-03 10:35:30.659 - system_controller - INFO - All results received, initiating shutdown
2026-06-03 10:35:31.433 - ExporterManager - INFO - Exporting all records
2026-06-03 10:35:31.664 - aiperf.common.scenario.validator - INFO - Scenario 'inferencex-agentx-mvp': setting timing_mode=agentic_replay (was at default request_rate).
2026-06-03 10:35:32.451 - aiperf.common.scenario.validator - INFO - Scenario 'inferencex-agentx-mvp': setting timing_mode=agentic_replay (was at default request_rate).
2026-06-03 10:35:32.512 - ExporterManager - INFO - Exporting console data
