2026-05-31 13:42:44.963 - aiperf.cli_runner - INFO - Starting AIPerf System
2026-05-31 13:42:45.124 - system_controller - INFO - Registered Worker Manager (id: 'worker_manager')
2026-05-31 13:42:45.145 - server_metrics_manager - INFO - Server Metrics: Discovered 1 endpoints: ['http://localhost:8888/metrics']
2026-05-31 13:42:45.213 - GPUTelemetryJSONLWriter_386f63be - INFO - GPU telemetry export enabled: /workspace/results/aiperf_artifacts/gpu_telemetry_export.jsonl
2026-05-31 13:42:45.214 - RecordExportJSONLWriter_7186dae8 - INFO - Record metrics export enabled: /workspace/results/aiperf_artifacts/profile_export.jsonl
2026-05-31 13:42:45.221 - system_controller - INFO - Registered Record Processor (id: 'record_processor_bde1fb99')
2026-05-31 13:42:45.222 - system_controller - INFO - Registered Worker (id: 'worker_1252809f')
2026-05-31 13:42:45.223 - system_controller - INFO - Registered Record Processor (id: 'record_processor_3a80afe3')
2026-05-31 13:42:45.224 - system_controller - INFO - Registered Record Processor (id: 'record_processor_4f56d559')
2026-05-31 13:42:45.225 - system_controller - INFO - Registered Record Processor (id: 'record_processor_fe2b6893')
2026-05-31 13:42:45.225 - system_controller - INFO - Registered Record Processor (id: 'record_processor_f605bd00')
2026-05-31 13:42:45.226 - system_controller - INFO - Registered Record Processor (id: 'record_processor_54628651')
2026-05-31 13:42:45.230 - system_controller - INFO - Registered Worker (id: 'worker_a1786924')
2026-05-31 13:42:45.232 - system_controller - INFO - Registered Record Processor (id: 'record_processor_ca89583f')
2026-05-31 13:42:45.233 - system_controller - INFO - Registered Record Processor (id: 'record_processor_22c34ade')
2026-05-31 13:42:45.234 - system_controller - INFO - Registered Worker (id: 'worker_8a85acfa')
2026-05-31 13:42:45.235 - system_controller - INFO - Registered Worker (id: 'worker_2137f383')
2026-05-31 13:42:45.235 - system_controller - INFO - Registered Worker (id: 'worker_7742f258')
2026-05-31 13:42:45.238 - system_controller - INFO - Registered Worker (id: 'worker_d1e26ade')
2026-05-31 13:42:45.240 - system_controller - INFO - Registered Dataset Manager (id: 'dataset_manager')
2026-05-31 13:42:45.245 - system_controller - INFO - Registered Records Manager (id: 'records_manager')
2026-05-31 13:42:45.247 - system_controller - INFO - Registered Worker (id: 'worker_202458ee')
2026-05-31 13:42:45.251 - system_controller - INFO - Registered Worker (id: 'worker_52b7201d')
2026-05-31 13:42:45.251 - system_controller - INFO - Registered Worker (id: 'worker_44dce352')
2026-05-31 13:42:45.252 - system_controller - INFO - Registered Timing Manager (id: 'timing_manager')
2026-05-31 13:42:45.265 - system_controller - INFO - Registered Worker (id: 'worker_6111a3e6')
2026-05-31 13:42:45.266 - system_controller - INFO - Registered Server Metrics Manager (id: 'server_metrics_manager')
2026-05-31 13:42:45.266 - system_controller - INFO - Registered Worker (id: 'worker_166bbad1')
2026-05-31 13:42:45.266 - system_controller - INFO - Registered Worker (id: 'worker_8dad9c90')
2026-05-31 13:42:45.267 - system_controller - INFO - Registered Gpu Telemetry Manager (id: 'gpu_telemetry_manager')
2026-05-31 13:42:45.269 - system_controller - INFO - Registered Worker (id: 'worker_9ebe8966')
2026-05-31 13:42:45.272 - system_controller - INFO - Registered Worker (id: 'worker_738191fe')
2026-05-31 13:42:45.273 - system_controller - INFO - Registered Worker (id: 'worker_6787842d')
2026-05-31 13:42:45.279 - system_controller - INFO - Registered Worker (id: 'worker_01927d90')
2026-05-31 13:42:45.280 - system_controller - INFO - Registered Worker (id: 'worker_fa4369a0')
2026-05-31 13:42:45.301 - system_controller - INFO - Registered Worker (id: 'worker_af0b823b')
2026-05-31 13:42:45.303 - system_controller - INFO - Registered Worker (id: 'worker_1409e08d')
2026-05-31 13:42:45.322 - system_controller - INFO - Registered Worker (id: 'worker_bc84f916')
2026-05-31 13:42:45.322 - system_controller - INFO - Registered Worker (id: 'worker_a3c9c301')
2026-05-31 13:42:45.329 - system_controller - INFO - Registered Worker (id: 'worker_ae3a5305')
2026-05-31 13:42:45.330 - system_controller - INFO - Registered Worker (id: 'worker_0f4166eb')
2026-05-31 13:42:45.347 - system_controller - INFO - Registered Worker (id: 'worker_4b97b8f3')
2026-05-31 13:42:45.380 - system_controller - INFO - Registered Worker (id: 'worker_e3a0faab')
2026-05-31 13:42:45.381 - system_controller - INFO - Registered Worker (id: 'worker_82d8fa82')
2026-05-31 13:42:45.382 - system_controller - INFO - Registered Worker (id: 'worker_865e253b')
2026-05-31 13:42:45.383 - system_controller - INFO - Registered Worker (id: 'worker_2c688c1a')
2026-05-31 13:42:45.386 - system_controller - INFO - Registered Worker (id: 'worker_15c29db7')
2026-05-31 13:42:45.394 - system_controller - INFO - Registered Worker (id: 'worker_0a53c471')
2026-05-31 13:42:45.401 - system_controller - INFO - Registered Worker (id: 'worker_b240f52d')
2026-05-31 13:42:45.431 - system_controller - INFO - Registered Worker (id: 'worker_81e91bcb')
2026-05-31 13:42:45.618 - system_controller - INFO - AIPerf System is CONFIGURING
2026-05-31 13:42:45.618 - system_controller - INFO - Configuring all services to start profiling
2026-05-31 13:42:45.619 - InferenceResultParser_4c1b464d - INFO - Tokenization is disabled for this endpoint, skipping tokenizer configuration
2026-05-31 13:42:45.619 - timing_manager - INFO - Waiting for dataset to be configured before configuring timing
2026-05-31 13:42:45.619 - InferenceResultParser_d515c81e - INFO - Tokenization is disabled for this endpoint, skipping tokenizer configuration
2026-05-31 13:42:45.619 - InferenceResultParser_9b51d48c - INFO - Tokenization is disabled for this endpoint, skipping tokenizer configuration
2026-05-31 13:42:45.619 - InferenceResultParser_1eb1de54 - INFO - Tokenization is disabled for this endpoint, skipping tokenizer configuration
2026-05-31 13:42:45.619 - InferenceResultParser_a07d52d4 - INFO - Tokenization is disabled for this endpoint, skipping tokenizer configuration
2026-05-31 13:42:45.619 - InferenceResultParser_55183f4b - INFO - Tokenization is disabled for this endpoint, skipping tokenizer configuration
2026-05-31 13:42:45.619 - InferenceResultParser_6ff72e8b - INFO - Tokenization is disabled for this endpoint, skipping tokenizer configuration
2026-05-31 13:42:45.619 - InferenceResultParser_214f8bbb - INFO - Tokenization is disabled for this endpoint, skipping tokenizer configuration
2026-05-31 13:42:45.620 - dataset_manager - INFO - Configuring tokenizer(s) for dataset manager
2026-05-31 13:42:45.625 - system_controller - INFO - GPU telemetry disabled - no DCGM endpoints reachable
2026-05-31 13:42:45.627 - server_metrics_manager - INFO - Server Metrics: Capturing baseline metrics...
2026-05-31 13:42:45.639 - http://localhost:8888/metrics - INFO - Skipping unsupported summary metric: http_request_size_bytes
2026-05-31 13:42:45.639 - http://localhost:8888/metrics - INFO - Skipping unsupported summary metric: http_response_size_bytes
2026-05-31 13:42:45.639 - system_controller - INFO - Server metrics enabled - 1/1 endpoint(s) reachable.
2026-05-31 13:42:49.834 - transformers_modules.amd.Kimi_hyphen_K2_dot_5_hyphen_MXFP4.419004c8716cf22c929aa15d39b85e09a8a2091a.tokenization_kimi - INFO - Reloaded tiktoken model from /mnt/hf_hub_cache/models--amd--Kimi-K2.5-MXFP4/snapshots/419004c8716cf22c929aa15d39b85e09a8a2091a/tiktoken.model
2026-05-31 13:42:49.834 - transformers_modules.amd.Kimi_hyphen_K2_dot_5_hyphen_MXFP4.419004c8716cf22c929aa15d39b85e09a8a2091a.tokenization_kimi - INFO - #words: 163840 - BOS ID: 163584 - EOS ID: 163585
2026-05-31 13:42:49.935 - dataset_manager - INFO - Tokenizer(s) configured in 4.31 seconds
2026-05-31 13:42:49.935 - dataset_manager - INFO - Configuring dataset for dataset_manager
2026-05-31 13:42:50.331 - transformers_modules.amd.Kimi_hyphen_K2_dot_5_hyphen_MXFP4.419004c8716cf22c929aa15d39b85e09a8a2091a.tokenization_kimi - WARNING - Calling super().encode with {'add_special_tokens': False}
2026-05-31 13:42:50.332 - transformers_modules.amd.Kimi_hyphen_K2_dot_5_hyphen_MXFP4.419004c8716cf22c929aa15d39b85e09a8a2091a.tokenization_kimi - WARNING - Calling super().encode with {'add_special_tokens': False}
2026-05-31 13:42:50.332 - transformers_modules.amd.Kimi_hyphen_K2_dot_5_hyphen_MXFP4.419004c8716cf22c929aa15d39b85e09a8a2091a.tokenization_kimi - WARNING - Calling super().encode with {'add_special_tokens': False}
2026-05-31 13:42:50.332 - transformers_modules.amd.Kimi_hyphen_K2_dot_5_hyphen_MXFP4.419004c8716cf22c929aa15d39b85e09a8a2091a.tokenization_kimi - WARNING - Calling super().encode with {'add_special_tokens': False}
2026-05-31 13:42:50.587 - PublicDatasetComposer - INFO - Using preferred sampling strategy for semianalysis_cc_traces_weka_with_subagents: sequential
2026-05-31 13:42:50.694 - SemiAnalysisCCTracesWekaLoader - INFO - Loading HuggingFace dataset 'semianalysisai/cc-traces-weka-with-subagents-052726' (split=train)
2026-05-31 13:42:50.772 - httpx - INFO - HTTP Request: HEAD https://huggingface.co/datasets/semianalysisai/cc-traces-weka-with-subagents-052726/resolve/main/README.md "HTTP/1.1 307 Temporary Redirect"
2026-05-31 13:42:50.777 - httpx - INFO - HTTP Request: HEAD https://huggingface.co/api/resolve-cache/datasets/semianalysisai/cc-traces-weka-with-subagents-052726/7b8c23e09a708b1fa794ac31b4708b0267db9462/README.md "HTTP/1.1 200 OK"
2026-05-31 13:42:50.830 - httpx - INFO - HTTP Request: HEAD https://huggingface.co/datasets/semianalysisai/cc-traces-weka-with-subagents-052726/resolve/7b8c23e09a708b1fa794ac31b4708b0267db9462/cc-traces-weka-with-subagents-052726.py "HTTP/1.1 404 Not Found"
2026-05-31 13:42:50.941 - httpx - INFO - HTTP Request: HEAD https://s3.amazonaws.com/datasets.huggingface.co/datasets/datasets/semianalysisai/cc-traces-weka-with-subagents-052726/semianalysisai/cc-traces-weka-with-subagents-052726.py "HTTP/1.1 404 Not Found"
2026-05-31 13:42:50.987 - httpx - INFO - HTTP Request: GET https://huggingface.co/api/datasets/semianalysisai/cc-traces-weka-with-subagents-052726/revision/7b8c23e09a708b1fa794ac31b4708b0267db9462 "HTTP/1.1 200 OK"
2026-05-31 13:42:51.029 - httpx - INFO - HTTP Request: HEAD https://huggingface.co/datasets/semianalysisai/cc-traces-weka-with-subagents-052726/resolve/7b8c23e09a708b1fa794ac31b4708b0267db9462/.huggingface.yaml "HTTP/1.1 404 Not Found"
2026-05-31 13:42:51.154 - httpx - INFO - HTTP Request: GET https://datasets-server.huggingface.co/info?dataset=semianalysisai/cc-traces-weka-with-subagents-052726 "HTTP/1.1 200 OK"
2026-05-31 13:42:51.210 - httpx - INFO - HTTP Request: GET https://huggingface.co/api/datasets/semianalysisai/cc-traces-weka-with-subagents-052726/tree/7b8c23e09a708b1fa794ac31b4708b0267db9462?recursive=false&expand=false "HTTP/1.1 200 OK"
2026-05-31 13:42:51.325 - httpx - INFO - HTTP Request: HEAD https://huggingface.co/datasets/semianalysisai/cc-traces-weka-with-subagents-052726/resolve/7b8c23e09a708b1fa794ac31b4708b0267db9462/dataset_infos.json "HTTP/1.1 404 Not Found"
2026-05-31 13:43:16.468 - SemiAnalysisCCTracesWekaLoader - INFO - Loading all 472 traces
2026-05-31 13:43:39.035 - aiperf.dataset.loader.weka_trace - INFO - WekaTraceLoader: spawning 16 worker process(es) for parallel reconstruction of 472 trace(s)
2026-05-31 13:43:51.392 - aiperf.dataset.loader.weka_parallel_convert - INFO - WekaTraceLoader: reconstructed 47/472 (10%) in 7.9s (5.9 traces/s)
2026-05-31 13:43:51.392 - aiperf.dataset.loader.weka_parallel_convert - INFO - WekaTraceLoader: reconstructed 94/472 (20%) in 7.9s (11.9 traces/s)
2026-05-31 13:43:51.597 - aiperf.dataset.loader.weka_parallel_convert - INFO - WekaTraceLoader: reconstructed 141/472 (30%) in 8.1s (17.3 traces/s)
2026-05-31 13:43:51.598 - aiperf.dataset.loader.weka_parallel_convert - INFO - WekaTraceLoader: reconstructed 188/472 (40%) in 8.1s (23.1 traces/s)
2026-05-31 13:43:53.920 - aiperf.dataset.loader.weka_parallel_convert - INFO - WekaTraceLoader: reconstructed 235/472 (50%) in 10.5s (22.5 traces/s)
2026-05-31 13:43:54.443 - aiperf.dataset.loader.weka_parallel_convert - INFO - WekaTraceLoader: reconstructed 282/472 (60%) in 11.0s (25.7 traces/s)
2026-05-31 13:43:54.444 - aiperf.dataset.loader.weka_parallel_convert - INFO - WekaTraceLoader: reconstructed 329/472 (70%) in 11.0s (30.0 traces/s)
2026-05-31 13:44:02.040 - aiperf.dataset.loader.weka_parallel_convert - INFO - WekaTraceLoader: reconstructed 376/472 (80%) in 18.6s (20.2 traces/s)
2026-05-31 13:44:02.041 - aiperf.dataset.loader.weka_parallel_convert - INFO - WekaTraceLoader: reconstructed 423/472 (90%) in 18.6s (22.8 traces/s)
2026-05-31 13:44:02.041 - aiperf.dataset.loader.weka_parallel_convert - INFO - WekaTraceLoader: reconstructed 470/472 (100%) in 18.6s (25.3 traces/s)
2026-05-31 13:44:02.041 - aiperf.dataset.loader.weka_parallel_convert - INFO - WekaTraceLoader: reconstructed 472/472 (100%) in 18.6s (25.4 traces/s)
2026-05-31 13:44:02.105 - aiperf.dataset.loader.weka_trace - INFO - WekaTraceLoader: workers finished in 28.0s; assembling Conversation objects
2026-05-31 13:44:13.034 - aiperf.dataset.loader.weka_trace - INFO - WekaTraceLoader: reconstructed 1888 conversation(s) in 38.9s (total load+synth+reconstruct: 38.9s)
2026-05-31 13:44:13.070 - PublicDatasetComposer - WARNING - max_tokens=0 on turn is invalid (must be > 0); clamping to 1
2026-05-31 13:44:13.072 - PublicDatasetComposer - WARNING - max_tokens=0 on turn is invalid (must be > 0); clamping to 1
2026-05-31 13:44:13.072 - PublicDatasetComposer - WARNING - max_tokens=0 on turn is invalid (must be > 0); clamping to 1
2026-05-31 13:44:13.072 - PublicDatasetComposer - WARNING - max_tokens=0 on turn is invalid (must be > 0); clamping to 1
2026-05-31 13:44:13.072 - PublicDatasetComposer - WARNING - max_tokens=0 on turn is invalid (must be > 0); clamping to 1
2026-05-31 13:44:13.072 - PublicDatasetComposer - WARNING - max_tokens=0 on turn is invalid (must be > 0); clamping to 1
2026-05-31 13:44:13.072 - PublicDatasetComposer - WARNING - max_tokens=0 on turn is invalid (must be > 0); clamping to 1
2026-05-31 13:44:13.072 - PublicDatasetComposer - WARNING - max_tokens=0 on turn is invalid (must be > 0); clamping to 1
2026-05-31 13:44:13.073 - PublicDatasetComposer - WARNING - max_tokens=0 on turn is invalid (must be > 0); clamping to 1
2026-05-31 13:44:13.073 - PublicDatasetComposer - WARNING - max_tokens=0 on turn is invalid (must be > 0); clamping to 1
2026-05-31 13:44:13.074 - PublicDatasetComposer - WARNING - max_tokens=0 on turn is invalid (must be > 0); clamping to 1
2026-05-31 13:44:13.074 - PublicDatasetComposer - WARNING - max_tokens=0 on turn is invalid (must be > 0); clamping to 1
2026-05-31 13:44:13.074 - PublicDatasetComposer - WARNING - max_tokens=0 on turn is invalid (must be > 0); clamping to 1
2026-05-31 13:44:13.075 - PublicDatasetComposer - WARNING - max_tokens=0 on turn is invalid (must be > 0); clamping to 1
2026-05-31 13:44:13.076 - PublicDatasetComposer - WARNING - max_tokens=0 on turn is invalid (must be > 0); clamping to 1
2026-05-31 13:44:13.076 - PublicDatasetComposer - WARNING - max_tokens=0 on turn is invalid (must be > 0); clamping to 1
2026-05-31 13:44:13.077 - PublicDatasetComposer - WARNING - max_tokens=0 on turn is invalid (must be > 0); clamping to 1
2026-05-31 13:44:13.077 - PublicDatasetComposer - WARNING - max_tokens=0 on turn is invalid (must be > 0); clamping to 1
2026-05-31 13:44:13.077 - PublicDatasetComposer - WARNING - max_tokens=0 on turn is invalid (must be > 0); clamping to 1
2026-05-31 13:44:13.078 - PublicDatasetComposer - WARNING - max_tokens=0 on turn is invalid (must be > 0); clamping to 1
2026-05-31 13:44:13.078 - PublicDatasetComposer - WARNING - max_tokens=0 on turn is invalid (must be > 0); clamping to 1
2026-05-31 13:44:13.078 - PublicDatasetComposer - WARNING - max_tokens=0 on turn is invalid (must be > 0); clamping to 1
2026-05-31 13:44:13.078 - PublicDatasetComposer - WARNING - max_tokens=0 on turn is invalid (must be > 0); clamping to 1
2026-05-31 13:44:13.079 - PublicDatasetComposer - WARNING - max_tokens=0 on turn is invalid (must be > 0); clamping to 1
2026-05-31 13:44:13.080 - PublicDatasetComposer - WARNING - max_tokens=0 on turn is invalid (must be > 0); clamping to 1
2026-05-31 13:44:13.080 - PublicDatasetComposer - WARNING - max_tokens=0 on turn is invalid (must be > 0); clamping to 1
2026-05-31 13:44:13.080 - PublicDatasetComposer - WARNING - max_tokens=0 on turn is invalid (must be > 0); clamping to 1
2026-05-31 13:44:13.080 - PublicDatasetComposer - WARNING - max_tokens=0 on turn is invalid (must be > 0); clamping to 1
2026-05-31 13:44:13.081 - PublicDatasetComposer - WARNING - max_tokens=0 on turn is invalid (must be > 0); clamping to 1
2026-05-31 13:44:13.083 - PublicDatasetComposer - WARNING - max_tokens=0 on turn is invalid (must be > 0); clamping to 1
2026-05-31 13:44:13.084 - PublicDatasetComposer - WARNING - max_tokens=0 on turn is invalid (must be > 0); clamping to 1
2026-05-31 13:44:13.084 - PublicDatasetComposer - WARNING - max_tokens=0 on turn is invalid (must be > 0); clamping to 1
2026-05-31 13:44:13.084 - PublicDatasetComposer - WARNING - max_tokens=0 on turn is invalid (must be > 0); clamping to 1
2026-05-31 13:44:13.085 - PublicDatasetComposer - WARNING - max_tokens=0 on turn is invalid (must be > 0); clamping to 1
2026-05-31 13:44:13.086 - PublicDatasetComposer - WARNING - max_tokens=0 on turn is invalid (must be > 0); clamping to 1
2026-05-31 13:44:13.088 - PublicDatasetComposer - WARNING - max_tokens=0 on turn is invalid (must be > 0); clamping to 1
2026-05-31 13:44:13.088 - PublicDatasetComposer - WARNING - max_tokens=0 on turn is invalid (must be > 0); clamping to 1
2026-05-31 13:44:13.089 - PublicDatasetComposer - WARNING - max_tokens=0 on turn is invalid (must be > 0); clamping to 1
2026-05-31 13:44:13.089 - PublicDatasetComposer - WARNING - max_tokens=0 on turn is invalid (must be > 0); clamping to 1
2026-05-31 13:44:13.092 - PublicDatasetComposer - WARNING - max_tokens=0 on turn is invalid (must be > 0); clamping to 1
2026-05-31 13:44:13.092 - PublicDatasetComposer - WARNING - max_tokens=0 on turn is invalid (must be > 0); clamping to 1
2026-05-31 13:44:13.093 - PublicDatasetComposer - WARNING - max_tokens=0 on turn is invalid (must be > 0); clamping to 1
2026-05-31 13:44:13.093 - PublicDatasetComposer - WARNING - max_tokens=0 on turn is invalid (must be > 0); clamping to 1
2026-05-31 13:44:13.094 - PublicDatasetComposer - WARNING - max_tokens=0 on turn is invalid (must be > 0); clamping to 1
2026-05-31 13:44:13.096 - PublicDatasetComposer - WARNING - max_tokens=0 on turn is invalid (must be > 0); clamping to 1
2026-05-31 13:44:13.096 - PublicDatasetComposer - WARNING - max_tokens=0 on turn is invalid (must be > 0); clamping to 1
2026-05-31 13:44:13.096 - PublicDatasetComposer - WARNING - max_tokens=0 on turn is invalid (must be > 0); clamping to 1
2026-05-31 13:44:13.096 - PublicDatasetComposer - WARNING - max_tokens=0 on turn is invalid (must be > 0); clamping to 1
2026-05-31 13:44:13.096 - PublicDatasetComposer - WARNING - max_tokens=0 on turn is invalid (must be > 0); clamping to 1
2026-05-31 13:44:13.096 - PublicDatasetComposer - WARNING - max_tokens=0 on turn is invalid (must be > 0); clamping to 1
2026-05-31 13:44:13.096 - PublicDatasetComposer - WARNING - max_tokens=0 on turn is invalid (must be > 0); clamping to 1
2026-05-31 13:44:13.096 - PublicDatasetComposer - WARNING - max_tokens=0 on turn is invalid (must be > 0); clamping to 1
2026-05-31 13:44:14.624 - MemoryMapDatasetBackingStore_45d66c03 - INFO - Memory-mapped backing store initialized (streaming to /tmp/aiperf_mmap_37aaf221-d37a-46c7-9212-e8c6df058cba/dataset.dat)
2026-05-31 13:48:03.325 - MemoryMapDatasetBackingStore_45d66c03 - INFO - Data file finalized: 1888 conversations, 98,153.24 MB
2026-05-31 13:48:03.356 - MemoryMapDatasetBackingStore_45d66c03 - INFO - Index file created: /tmp/aiperf_mmap_37aaf221-d37a-46c7-9212-e8c6df058cba/index.dat
2026-05-31 13:48:03.356 - dataset_manager - INFO - Backing store finalized: client_type=DatasetClientStoreType.MEMORY_MAP format=MemoryMapFormat.CONVERSATION data_file_path=PosixPath('/tmp/aiperf_mmap_37aaf221-d37a-46c7-9212-e8c6df058cba/dataset.dat') index_file_path=PosixPath('/tmp/aiperf_mmap_37aaf221-d37a-46c7-9212-e8c6df058cba/index.dat') conversation_count=1888 total_size_bytes=102921134255 compressed=False compressed_size_bytes=0
2026-05-31 13:48:04.867 - dataset_manager - INFO - sampling strategy: sequential, unique conversations: 1888, unique turn count: 113254
2026-05-31 13:48:04.982 - dataset_manager - INFO - Skipping inputs.json generation
2026-05-31 13:48:05.330 - aiperf.timing.trajectory_source - INFO - TrajectorySource: built 32 trajectories from 472 traces
  range cfg=[0.25, 0.75]  observed sample pct: min= 25% median= 52% max= 74%
    lane=00  sample_time= 42%  root_next=288/581 ( 50% turns)  live=1 ready=1  trace_id=008df469894b62a281ead30c5d59ec67c09a
    lane=01  sample_time= 60%  root_next= 60/72  ( 83% turns)  live=1 ready=1  trace_id=009dfc4e83422be8d3daa41cfda78036b2cd
    lane=02  sample_time= 60%  root_next=835/1450 ( 58% turns)  live=1 ready=1  trace_id=00ac905ea15e7901d7e2e5e41eb2e8f09684
    lane=03  sample_time= 41%  root_next= 51/117 ( 44% turns)  live=1 ready=1  trace_id=00cce9f29920af4b553f6278d313d6ce45e5
    lane=04  sample_time= 43%  root_next= 35/90  ( 39% turns)  live=1 ready=1  trace_id=00f4cc77fc2de6713521dad5f0066c6a051a
    lane=05  sample_time= 70%  root_next=225/352 ( 64% turns)  live=1 ready=1  trace_id=015dff5473d6ef6fa2f62522abde478d7bf4
    lane=06  sample_time= 38%  root_next= 59/117 ( 50% turns)  live=1 ready=1  trace_id=019b5b97730cacf13803ac76c3a3c736668c
    lane=07  sample_time= 39%  root_next=129/269 ( 48% turns)  live=1 ready=1  trace_id=020db36acd1683304d1aa97874a68c06318a
    lane=08  sample_time= 41%  root_next= 24/40  ( 60% turns)  live=1 ready=1  trace_id=031de6c76f8eb0194c7babac9754ce37a277
    lane=09  sample_time= 74%  root_next= 40/55  ( 73% turns)  live=1 ready=1  trace_id=03cfc3a979078960cc1fec9f86acc78b93bc
    lane=10  sample_time= 53%  root_next= 35/59  ( 59% turns)  live=1 ready=1  trace_id=047ecfb79fa6fc013caa21b6654de24d26e4
    lane=11  sample_time= 27%  root_next=  4/25  ( 16% turns)  live=1 ready=1  trace_id=05e848a02096a5905710829e272ac4d5e82c
    lane=12  sample_time= 30%  root_next= 35/181 ( 19% turns)  live=2 ready=1  trace_id=0605169f853339123b00578c5fe0204b4a79
    lane=13  sample_time= 60%  root_next= 15/21  ( 71% turns)  live=1 ready=1  trace_id=08937088f7b6ba23a08f372e87ca180d43a3
    lane=14  sample_time= 66%  root_next= 20/31  ( 65% turns)  live=1 ready=1  trace_id=0af3e551f4b5f408f6f5fd060efc0fda2a02
    lane=15  sample_time= 25%  root_next= 13/29  ( 45% turns)  live=1 ready=1  trace_id=0af74bd3f6093d3898f9eaff4d367b8a0eac
    lane=16  sample_time= 73%  root_next= 24/33  ( 73% turns)  live=1 ready=1  trace_id=0b1825a4864ed8e4f4a14c43d34b634462ae
    lane=17  sample_time= 72%  root_next= 70/93  ( 75% turns)  live=1 ready=1  trace_id=0b8af1bdb1ba156b2dc69e3f9bf5e0351951
    lane=18  sample_time= 53%  root_next=137/248 ( 55% turns)  live=1 ready=1  trace_id=0b9fffc42e4a262de41727974ca8a5fe65af
    lane=19  sample_time= 42%  root_next=110/141 ( 78% turns)  live=1 ready=1  trace_id=0be3086988be62cc3202f281032b4d1b9aff
    lane=20  sample_time= 68%  root_next= 46/53  ( 87% turns)  live=1 ready=1  trace_id=0c80f810ee39c9ff7fd1da753062021f61ca
    lane=21  sample_time= 52%  root_next=104/197 ( 53% turns)  live=1 ready=1  trace_id=0cc0305639ff70b72d8879ab0155e18bb1c1
    lane=22  sample_time= 29%  root_next= 18/58  ( 31% turns)  live=1 ready=1  trace_id=0d16b460e49f5f0a3188ec9cc37bb38bf567
    lane=23  sample_time= 63%  root_next=130/194 ( 67% turns)  live=1 ready=1  trace_id=0d4f55994df94712415a1e7127b02f077a7e
    lane=24  sample_time= 72%  root_next= 15/20  ( 75% turns)  live=1 ready=1  trace_id=0e3e0d05df4033ad3442ca6a9e1670a1430d
    lane=25  sample_time= 61%  root_next=200/247 ( 81% turns)  live=1 ready=1  trace_id=0e42cb4b5137151929d8e4ab11f374f4a4eb
    lane=26  sample_time= 59%  root_next= 97/148 ( 66% turns)  live=1 ready=1  trace_id=0ea2ba1d4d78d864b40b3ebfd717f97d6245
    lane=27  sample_time= 52%  root_next= 65/225 ( 29% turns)  live=1 ready=1  trace_id=0f5b266f3286442536a9354d0361cde74da8
    lane=28  sample_time= 35%  root_next=168/419 ( 40% turns)  live=1 ready=1  trace_id=0f8deb1978198fc1b0e7576e2e77e15d6368
    lane=29  sample_time= 35%  root_next= 51/134 ( 38% turns)  live=1 ready=1  trace_id=0fbcd81b70613cb62405d69776f6c2932e8f
    lane=30  sample_time= 27%  root_next= 41/115 ( 36% turns)  live=1 ready=1  trace_id=10454fdbb1be3085822cd83a7480ad3fd966
    lane=31  sample_time= 46%  root_next= 31/47  ( 66% turns)  live=1 ready=1  trace_id=106674ca44f3a38c3ee29c49dc5f01387e1a
2026-05-31 13:48:05.330 - PhaseOrchestrator_e9f2e4de - INFO - Initialized 2 phase(s): ['Warmup', 'Profiling']
2026-05-31 13:48:06.777 - dataset_manager - INFO - Dataset client initialized and freed 1888 conversations from memory
2026-05-31 13:48:18.197 - aiperf.dataset.mmap_cache - INFO - Populated mmap cache entry /root/.cache/aiperf/dataset_mmap/587721ff6943b8cb30ab246f32059456
2026-05-31 13:48:18.197 - dataset_manager - INFO - Dataset configured in 328.26 seconds
2026-05-31 13:48:18.198 - system_controller - INFO - All services configured in 332.58 seconds
2026-05-31 13:48:18.199 - system_controller - INFO - AIPerf System is CONFIGURED
2026-05-31 13:48:18.199 - server_metrics_manager - INFO - Server Metrics: Started 1 collector(s) successfully
2026-05-31 13:48:18.210 - system_controller - INFO - All services started profiling successfully
2026-05-31 13:48:18.210 - system_controller - INFO - AIPerf System is PROFILING
2026-05-31 13:48:18.221 - PhaseRunner - NOTICE - Phase warmup started | target: 32 requests
2026-05-31 13:48:18.222 - AgenticReplayTiming - INFO - WARMUP execute: dispatching 32 trajectory credits
2026-05-31 13:48:18.222 - records_manager - INFO - Credit phase start: warmup
2026-05-31 13:48:18.223 - PhaseRunner - NOTICE - Phase warmup sending complete | sent=32, completed=0, in_flight=32
2026-05-31 13:48:18.732 - EventLoopMonitor - WARNING - Event loop for worker_fa4369a0 is taking too long to run. Overhead: 373.25ms
2026-05-31 13:48:18.604 - EventLoopMonitor - WARNING - Event loop for worker_2c688c1a is taking too long to run. Overhead: 220.79ms
2026-05-31 13:48:18.871 - EventLoopMonitor - WARNING - Event loop for worker_01927d90 is taking too long to run. Overhead: 498.36ms
2026-05-31 13:48:18.861 - EventLoopMonitor - WARNING - Event loop for worker_82d8fa82 is taking too long to run. Overhead: 484.21ms
2026-05-31 13:48:18.894 - EventLoopMonitor - WARNING - Event loop for worker_15c29db7 is taking too long to run. Overhead: 516.71ms
2026-05-31 13:48:19.245 - EventLoopMonitor - WARNING - Event loop for worker_6111a3e6 is taking too long to run. Overhead: 864.03ms
2026-05-31 13:48:18.758 - EventLoopMonitor - WARNING - Event loop for worker_8dad9c90 is taking too long to run. Overhead: 375.67ms
2026-05-31 13:48:21.839 - worker_manager - WARNING - CPU usage for worker_8dad9c90 is 85%. AIPerf results may be inaccurate.
2026-05-31 13:54:54.182 - AgenticReplayTiming - INFO - WARMUP 1/32 returned [ok] (lane=12, trace_id=0605169f853339123b00578c5fe0204b4a79::sa:subagent_001_7bff5d9f, start_turn=62/64 (97% through trace))
2026-05-31 14:00:17.039 - PhaseRunner - NOTICE - Phase warmup complete | completed=32, cancelled=0, errors=0 | elapsed=718.82s
2026-05-31 14:00:17.039 - aiperf.timing.branch_orchestrator - INFO - BranchOrchestrator stats: spawned=0 completed=0 errored=0 suspended=0 resumed=0 parents_failed_due_to_child_error=0 joins_suppressed=0
2026-05-31 14:00:17.050 - AgenticReplayTiming - INFO - PROFILING setup: trajectories=32 traces, recycle_queue=472 traces (full pool)
2026-05-31 14:00:17.050 - PhaseRunner - NOTICE - Phase profiling started | target: 1800.0s duration
2026-05-31 14:00:17.050 - records_manager - INFO - Credit phase start: profiling
2026-05-31 14:00:17.051 - PhaseRunner - INFO - Waiting for event 'profiling phase sending' with timeout of 1799.999409115s
2026-05-31 14:00:17.051 - AgenticReplayTiming - INFO - PROFILING execute: resuming 32 trajectory sessions
2026-05-31 14:00:27.234 - EventLoopMonitor - WARNING - Event loop for worker_bc84f916 is taking too long to run. Overhead: 373.80ms
2026-05-31 14:00:28.932 - EventLoopMonitor - WARNING - Event loop for worker_0f4166eb is taking too long to run. Overhead: 34.85ms
2026-05-31 14:00:27.341 - EventLoopMonitor - WARNING - Event loop for worker_a3c9c301 is taking too long to run. Overhead: 282.62ms
2026-05-31 14:00:31.599 - EventLoopMonitor - WARNING - Event loop for worker_7742f258 is taking too long to run. Overhead: 454.96ms
2026-05-31 14:00:33.525 - AgenticReplayTiming - INFO - Terminating trajectory 00ac905ea15e7901d7e2e5e41eb2e8f09684 early at turn 835/1449: context-overflow error from server
2026-05-31 14:00:34.009 - EventLoopMonitor - WARNING - Event loop for worker_d1e26ade is taking too long to run. Overhead: 409.91ms
2026-05-31 14:00:36.196 - AgenticReplayTiming - INFO - Terminating trajectory 0e42cb4b5137151929d8e4ab11f374f4a4eb early at turn 200/246: context-overflow error from server
2026-05-31 14:00:36.806 - EventLoopMonitor - WARNING - Event loop for worker_4b97b8f3 is taking too long to run. Overhead: 464.24ms
2026-05-31 14:00:38.730 - AgenticReplayTiming - INFO - Terminating trajectory 0e42cb4b5137151929d8e4ab11f374f4a4eb early at turn 0/246: context-overflow error from server
2026-05-31 14:00:40.113 - EventLoopMonitor - WARNING - Event loop for worker_82d8fa82 is taking too long to run. Overhead: 451.87ms
2026-05-31 14:00:41.404 - AgenticReplayTiming - INFO - Terminating trajectory 0f8deb1978198fc1b0e7576e2e77e15d6368 early at turn 168/418: context-overflow error from server
2026-05-31 14:00:45.279 - records_manager - INFO - [realtime 00:28 profiling] rps=0.3 (avg 0.3) tput_in=44286/s tput_out=34/s done=11 ok=11 err=0
                           ttft p50=6274ms p75=8924ms p95=9421ms p99=9508ms
                           itl  p50=36ms   p75=103ms  p95=397ms  p99=490ms
                           e2e  p50=14128ms p75=15492ms p95=18598ms p99=19257ms
                           intvty p50=28     p75=46     p95=63     p99=64 (1/tpot tok/s)
                           isl  p50=129,006   p75=158,248   p90=192,887   p99=239,518 (tokens)
                           osl  p50=111       p75=140       p90=146       p99=148 (tokens)
                           tot  in=977,407        out=747
                           trace theoretical_prefix_cache_hit=99.7%
                           srv  prefix_cache_hit=41.5% unique_in_srv=4,074,857 kv_usage=56.6% queue=15r/6w tput_in_srv=6,264/s tput_out_srv=22/s
2026-05-31 14:00:48.850 - EventLoopMonitor - WARNING - Event loop for worker_0a53c471 is taking too long to run. Overhead: 250.68ms
2026-05-31 14:00:50.307 - AgenticReplayTiming - INFO - Terminating trajectory 0f5b266f3286442536a9354d0361cde74da8 early at turn 65/224: context-overflow error from server
2026-05-31 14:00:49.873 - EventLoopMonitor - WARNING - Event loop for worker_b240f52d is taking too long to run. Overhead: 754.50ms
2026-05-31 14:00:51.653 - AgenticReplayTiming - INFO - Terminating trajectory 008df469894b62a281ead30c5d59ec67c09a early at turn 288/580: context-overflow error from server
2026-05-31 14:00:56.304 - EventLoopMonitor - WARNING - Event loop for worker_a3c9c301 is taking too long to run. Overhead: 109.12ms
2026-05-31 14:00:57.209 - EventLoopMonitor - WARNING - Event loop for worker_7742f258 is taking too long to run. Overhead: 45.21ms
2026-05-31 14:00:57.325 - AgenticReplayTiming - INFO - Terminating trajectory 020db36acd1683304d1aa97874a68c06318a early at turn 129/268: context-overflow error from server
2026-05-31 14:01:15.290 - records_manager - INFO - [realtime 00:58 profiling] rps=0.1 (avg 0.3) tput_in=44286/s tput_out=34/s done=14 ok=14 err=0
                           ttft p50=6274ms p75=8924ms p95=9421ms p99=9508ms
                           itl  p50=36ms   p75=103ms  p95=397ms  p99=490ms
                           e2e  p50=14128ms p75=15492ms p95=18598ms p99=19257ms
                           intvty p50=28     p75=46     p95=63     p99=64 (1/tpot tok/s)
                           isl  p50=129,006   p75=158,248   p90=192,887   p99=239,518 (tokens)
                           osl  p50=111       p75=140       p90=146       p99=148 (tokens)
                           tot  in=977,407        out=747
                           trace theoretical_prefix_cache_hit=99.7%
                           srv  prefix_cache_hit=41.5% unique_in_srv=4,074,857 kv_usage=60.7% queue=15r/16w tput_in_srv=6,095/s tput_out_srv=22/s
2026-05-31 14:01:45.301 - records_manager - INFO - [realtime 01:28 profiling] rps=0.0 (avg 0.3) tput_in=44286/s tput_out=34/s done=14 ok=14 err=0
                           ttft p50=6274ms p75=8924ms p95=9421ms p99=9508ms
                           itl  p50=36ms   p75=103ms  p95=397ms  p99=490ms
                           e2e  p50=14128ms p75=15492ms p95=18598ms p99=19257ms
                           intvty p50=28     p75=46     p95=63     p99=64 (1/tpot tok/s)
                           isl  p50=129,006   p75=158,248   p90=192,887   p99=239,518 (tokens)
                           osl  p50=111       p75=140       p90=146       p99=148 (tokens)
                           tot  in=977,407        out=747
                           trace theoretical_prefix_cache_hit=99.7%
                           srv  prefix_cache_hit=45.0% unique_in_srv=4,269,911 kv_usage=82.3% queue=21r/11w tput_in_srv=6,751/s tput_out_srv=21/s
2026-05-31 14:02:15.316 - records_manager - INFO - [realtime 01:58 profiling] rps=0.1 (avg 0.1) tput_in=12744/s tput_out=11/s done=18 ok=18 err=0
                           ttft p50=7652ms p75=9349ms p95=53745ms p99=61275ms
                           itl  p50=125ms  p75=464ms  p95=936ms  p99=1038ms
                           e2e  p50=16677ms p75=79014ms p95=93107ms p99=93147ms
                           intvty p50=8      p75=29     p95=63     p99=64 (1/tpot tok/s)
                           isl  p50=129,006   p75=158,248   p90=222,508   p99=242,480 (tokens)
                           osl  p50=111       p75=146       p90=205       p99=208 (tokens)
                           tot  in=1,473,752      out=1,222
                           trace theoretical_prefix_cache_hit=92.0%
                           srv  prefix_cache_hit=44.3% unique_in_srv=4,616,486 kv_usage=81.6% queue=23r/7w tput_in_srv=6,936/s tput_out_srv=22/s
2026-05-31 14:02:45.333 - records_manager - INFO - [realtime 02:28 profiling] rps=0.0 (avg 0.1) tput_in=12744/s tput_out=11/s done=18 ok=18 err=0
                           ttft p50=7652ms p75=9349ms p95=53745ms p99=61275ms
                           itl  p50=125ms  p75=464ms  p95=936ms  p99=1038ms
                           e2e  p50=16677ms p75=79014ms p95=93107ms p99=93147ms
                           intvty p50=8      p75=29     p95=63     p99=64 (1/tpot tok/s)
                           isl  p50=129,006   p75=158,248   p90=222,508   p99=242,480 (tokens)
                           osl  p50=111       p75=146       p90=205       p99=208 (tokens)
                           tot  in=1,473,752      out=1,222
                           trace theoretical_prefix_cache_hit=92.0%
                           srv  prefix_cache_hit=43.9% unique_in_srv=4,693,274 kv_usage=85.9% queue=25r/5w tput_in_srv=6,915/s tput_out_srv=21/s
2026-05-31 14:03:15.355 - records_manager - INFO - [realtime 02:58 profiling] rps=0.2 (avg 0.1) tput_in=11317/s tput_out=10/s done=23 ok=23 err=0
                           ttft p50=8924ms p75=50150ms p95=86672ms p99=99751ms
                           itl  p50=464ms  p75=974ms  p95=1182ms p99=1330ms
                           e2e  p50=79014ms p75=120021ms p95=148059ms p99=153074ms
                           intvty p50=2      p75=16     p95=62     p99=64 (1/tpot tok/s)
                           isl  p50=126,590   p75=158,198   p90=210,364   p99=241,370 (tokens)
                           osl  p50=99        p75=145       p90=206       p99=224 (tokens)
                           tot  in=1,916,256      out=1,655
                           trace theoretical_prefix_cache_hit=93.6%
                           srv  prefix_cache_hit=42.7% unique_in_srv=4,947,608 kv_usage=80.4% queue=22r/6w tput_in_srv=6,903/s tput_out_srv=21/s
2026-05-31 14:03:45.379 - records_manager - INFO - [realtime 03:28 profiling] rps=0.1 (avg 0.1) tput_in=11660/s tput_out=9/s done=26 ok=26 err=0
                           ttft p50=9529ms p75=62778ms p95=106390ms p99=130651ms
                           itl  p50=661ms  p75=1070ms p95=1144ms p99=1322ms
                           e2e  p50=93056ms p75=143466ms p95=168340ms p99=170770ms
                           intvty p50=2      p75=10     p95=62     p99=64 (1/tpot tok/s)
                           isl  p50=142,177   p75=158,380   p90=203,594   p99=240,705 (tokens)
                           osl  p50=99        p75=140       p90=206       p99=224 (tokens)
                           tot  in=2,415,713      out=1,898
                           trace theoretical_prefix_cache_hit=94.9%
                           srv  prefix_cache_hit=41.2% unique_in_srv=5,271,817 kv_usage=73.6% queue=22r/6w tput_in_srv=6,939/s tput_out_srv=21/s
2026-05-31 14:04:15.407 - records_manager - INFO - [realtime 03:58 profiling] rps=0.0 (avg 0.1) tput_in=11214/s tput_out=10/s done=27 ok=27 err=0
                           ttft p50=9349ms p75=62588ms p95=104706ms p99=130314ms
                           itl  p50=713ms  p75=1067ms p95=1132ms p99=1320ms
                           e2e  p50=93107ms p75=148059ms p95=172965ms p99=197085ms
                           intvty p50=1      p75=9      p95=62     p99=64 (1/tpot tok/s)
                           isl  p50=135,592   p75=158,363   p90=201,230   p99=240,483 (tokens)
                           osl  p50=99        p75=145       p90=210       p99=259 (tokens)
                           tot  in=2,489,329      out=2,164
                           trace theoretical_prefix_cache_hit=95.0%
                           srv  prefix_cache_hit=41.2% unique_in_srv=5,271,817 kv_usage=74.3% queue=21r/10w tput_in_srv=6,777/s tput_out_srv=21/s
2026-05-31 14:04:45.436 - records_manager - INFO - [realtime 04:28 profiling] rps=0.1 (avg 0.1) tput_in=10140/s tput_out=10/s done=29 ok=29 err=0
                           ttft p50=9349ms p75=62967ms p95=101931ms p99=129640ms
                           itl  p50=787ms  p75=1084ms p95=1248ms p99=1342ms
                           e2e  p50=105644ms p75=156420ms p95=226645ms p99=234440ms
                           intvty p50=1      p75=7      p95=60     p99=63 (1/tpot tok/s)
                           isl  p50=126,590   p75=158,297   p90=198,802   p99=240,039 (tokens)
                           osl  p50=105       p75=147       p90=208       p99=258 (tokens)
                           tot  in=2,630,090      out=2,469
                           trace theoretical_prefix_cache_hit=93.2%
                           srv  prefix_cache_hit=40.1% unique_in_srv=5,518,348 kv_usage=76.5% queue=21r/10w tput_in_srv=6,866/s tput_out_srv=21/s
2026-05-31 14:05:15.466 - records_manager - INFO - [realtime 04:58 profiling] rps=0.0 (avg 0.1) tput_in=9322/s tput_out=9/s done=30 ok=30 err=0
                           ttft p50=9529ms p75=63696ms p95=100841ms p99=129303ms
                           itl  p50=808ms  p75=1093ms p95=1248ms p99=1341ms
                           e2e  p50=118130ms p75=162560ms p95=235353ms p99=260428ms
                           intvty p50=1      p75=5      p95=59     p99=63 (1/tpot tok/s)
                           isl  p50=124,173   p75=158,248   p90=198,737   p99=239,817 (tokens)
                           osl  p50=111       p75=160       p90=207       p99=257 (tokens)
                           tot  in=2,746,428      out=2,642
                           trace theoretical_prefix_cache_hit=93.4%
                           srv  prefix_cache_hit=39.3% unique_in_srv=5,709,939 kv_usage=79.1% queue=22r/9w tput_in_srv=6,874/s tput_out_srv=21/s
2026-05-31 14:05:45.500 - records_manager - INFO - [realtime 05:28 profiling] rps=0.1 (avg 0.1) tput_in=9320/s tput_out=9/s done=32 ok=32 err=0
                           ttft p50=9529ms p75=64236ms p95=128206ms p99=136185ms
                           itl  p50=808ms  p75=1101ms p95=1248ms p99=1338ms
                           e2e  p50=125694ms p75=171378ms p95=261050ms p99=308652ms
                           intvty p50=1      p75=2      p95=55     p99=63 (1/tpot tok/s)
                           isl  p50=124,173   p75=158,346   p90=213,051   p99=239,505 (tokens)
                           osl  p50=111       p75=173       p90=219       p99=363 (tokens)
                           tot  in=3,051,178      out=3,110
                           trace theoretical_prefix_cache_hit=94.0%
                           srv  prefix_cache_hit=38.0% unique_in_srv=6,019,379 kv_usage=76.1% queue=22r/8w tput_in_srv=6,924/s tput_out_srv=21/s
2026-05-31 14:06:15.534 - records_manager - INFO - [realtime 05:58 profiling] rps=0.0 (avg 0.1) tput_in=9664/s tput_out=10/s done=33 ok=33 err=0
                           ttft p50=26932ms p75=71393ms p95=132573ms p99=136163ms
                           itl  p50=812ms  p75=1115ms p95=1248ms p99=1337ms
                           e2e  p50=133328ms p75=170534ms p95=259495ms p99=308108ms
                           intvty p50=1      p75=2      p95=54     p99=63 (1/tpot tok/s)
                           isl  p50=124,311   p75=158,297   p90=210,687   p99=239,288 (tokens)
                           osl  p50=105       p75=167       p90=218       p99=361 (tokens)
                           tot  in=3,175,627      out=3,133
                           trace theoretical_prefix_cache_hit=94.3%
                           srv  prefix_cache_hit=37.3% unique_in_srv=6,215,511 kv_usage=78.1% queue=22r/7w tput_in_srv=6,889/s tput_out_srv=21/s
2026-05-31 14:06:45.569 - records_manager - INFO - [realtime 06:28 profiling] rps=0.0 (avg 0.1) tput_in=9664/s tput_out=10/s done=33 ok=33 err=0
                           ttft p50=26932ms p75=71393ms p95=132573ms p99=136163ms
                           itl  p50=812ms  p75=1115ms p95=1248ms p99=1337ms
                           e2e  p50=133328ms p75=170534ms p95=259495ms p99=308108ms
                           intvty p50=1      p75=2      p95=54     p99=63 (1/tpot tok/s)
                           isl  p50=124,311   p75=158,297   p90=210,687   p99=239,288 (tokens)
                           osl  p50=105       p75=167       p90=218       p99=361 (tokens)
                           tot  in=3,175,627      out=3,133
                           trace theoretical_prefix_cache_hit=94.3%
                           srv  prefix_cache_hit=37.3% unique_in_srv=6,215,511 kv_usage=81.5% queue=22r/7w tput_in_srv=6,745/s tput_out_srv=21/s
2026-05-31 14:07:15.605 - records_manager - INFO - [realtime 06:58 profiling] rps=0.0 (avg 0.1) tput_in=8251/s tput_out=8/s done=34 ok=34 err=0
                           ttft p50=44334ms p75=76618ms p95=132187ms p99=136141ms
                           itl  p50=816ms  p75=1121ms p95=1268ms p99=1343ms
                           e2e  p50=140962ms p75=187246ms p95=305385ms p99=345015ms
                           intvty p50=1      p75=2      p95=52     p99=63 (1/tpot tok/s)
                           isl  p50=124,173   p75=158,248   p90=208,323   p99=239,072 (tokens)
                           osl  p50=111       p75=178       p90=216       p99=360 (tokens)
                           tot  in=3,292,295      out=3,317
                           trace theoretical_prefix_cache_hit=94.3%
                           srv  prefix_cache_hit=36.5% unique_in_srv=6,431,968 kv_usage=84.4% queue=23r/8w tput_in_srv=6,791/s tput_out_srv=21/s
2026-05-31 14:07:45.643 - records_manager - INFO - [realtime 07:28 profiling] rps=0.1 (avg 0.1) tput_in=8077/s tput_out=9/s done=36 ok=36 err=0
                           ttft p50=44349ms p75=79457ms p95=131416ms p99=136097ms
                           itl  p50=945ms  p75=1180ms p95=1304ms p99=1355ms
                           e2e  p50=145970ms p75=217485ms p95=344092ms p99=383268ms
                           intvty p50=1      p75=2      p95=49     p99=63 (1/tpot tok/s)
                           isl  p50=116,668   p75=158,149   p90=203,594   p99=238,639 (tokens)
                           osl  p50=118       p75=184       p90=235       p99=357 (tokens)
                           tot  in=3,405,589      out=3,754
                           trace theoretical_prefix_cache_hit=91.2%
                           srv  prefix_cache_hit=35.4% unique_in_srv=6,723,896 kv_usage=87.5% queue=23r/9w tput_in_srv=6,812/s tput_out_srv=21/s
2026-05-31 14:08:15.684 - records_manager - INFO - [realtime 07:58 profiling] rps=0.0 (avg 0.1) tput_in=7466/s tput_out=8/s done=37 ok=37 err=0
                           ttft p50=45081ms p75=80781ms p95=135720ms p99=152812ms
                           itl  p50=1004ms p75=1188ms p95=1302ms p99=1354ms
                           e2e  p50=149466ms p75=225284ms p95=342953ms p99=382850ms
                           intvty p50=1      p75=2      p95=47     p99=63 (1/tpot tok/s)
                           isl  p50=120,420   p75=158,297   p90=201,230   p99=238,423 (tokens)
                           osl  p50=114       p75=181       p90=231       p99=356 (tokens)
                           tot  in=3,564,000      out=3,853
                           trace theoretical_prefix_cache_hit=91.6%
                           srv  prefix_cache_hit=35.0% unique_in_srv=6,865,238 kv_usage=87.9% queue=24r/7w tput_in_srv=6,845/s tput_out_srv=20/s
2026-05-31 14:08:45.728 - records_manager - INFO - [realtime 08:28 profiling] rps=0.1 (avg 0.1) tput_in=7561/s tput_out=9/s done=40 ok=40 err=0
                           ttft p50=62399ms p75=103021ms p95=141771ms p99=156176ms
                           itl  p50=1078ms p75=1240ms p95=1295ms p99=1353ms
                           e2e  p50=154327ms p75=267266ms p95=400367ms p99=447931ms
                           intvty p50=1      p75=2      p95=42     p99=63 (1/tpot tok/s)
                           isl  p50=116,668   p75=158,149   p90=198,737   p99=237,773 (tokens)
                           osl  p50=120       p75=185       p90=259       p99=365 (tokens)
                           tot  in=3,833,285      out=4,540
                           trace theoretical_prefix_cache_hit=90.6%
                           srv  prefix_cache_hit=33.6% unique_in_srv=7,305,593 kv_usage=87.9% queue=24r/7w tput_in_srv=6,895/s tput_out_srv=21/s
2026-05-31 14:09:15.793 - records_manager - INFO - [realtime 08:58 profiling] rps=0.0 (avg 0.1) tput_in=7561/s tput_out=9/s done=40 ok=40 err=0
                           ttft p50=62399ms p75=103021ms p95=141771ms p99=156176ms
                           itl  p50=1078ms p75=1240ms p95=1295ms p99=1353ms
                           e2e  p50=154327ms p75=267266ms p95=400367ms p99=447931ms
                           intvty p50=1      p75=2      p95=42     p99=63 (1/tpot tok/s)
                           isl  p50=116,668   p75=158,149   p90=198,737   p99=237,773 (tokens)
                           osl  p50=120       p75=185       p90=259       p99=365 (tokens)
                           tot  in=3,833,285      out=4,540
                           trace theoretical_prefix_cache_hit=90.6%
                           srv  prefix_cache_hit=33.6% unique_in_srv=7,305,593 kv_usage=92.0% queue=24r/8w tput_in_srv=6,764/s tput_out_srv=20/s
2026-05-31 14:09:45.838 - records_manager - INFO - [realtime 09:28 profiling] rps=0.0 (avg 0.1) tput_in=7561/s tput_out=9/s done=40 ok=40 err=0
                           ttft p50=62399ms p75=103021ms p95=141771ms p99=156176ms
                           itl  p50=1078ms p75=1240ms p95=1295ms p99=1353ms
                           e2e  p50=154327ms p75=267266ms p95=400367ms p99=447931ms
                           intvty p50=1      p75=2      p95=42     p99=63 (1/tpot tok/s)
                           isl  p50=116,668   p75=158,149   p90=198,737   p99=237,773 (tokens)
                           osl  p50=120       p75=185       p90=259       p99=365 (tokens)
                           tot  in=3,833,285      out=4,540
                           trace theoretical_prefix_cache_hit=90.6%
                           srv  prefix_cache_hit=33.2% unique_in_srv=7,430,459 kv_usage=95.1% queue=25r/7w tput_in_srv=6,788/s tput_out_srv=20/s
2026-05-31 14:10:15.883 - records_manager - INFO - [realtime 09:58 profiling] rps=0.0 (avg 0.1) tput_in=6671/s tput_out=8/s done=41 ok=41 err=0
                           ttft p50=62778ms p75=103926ms p95=152865ms p99=195536ms
                           itl  p50=1070ms p75=1237ms p95=1293ms p99=1352ms
                           e2e  p50=155722ms p75=279851ms p95=399692ms p99=447351ms
                           intvty p50=1      p75=2      p95=41     p99=63 (1/tpot tok/s)
                           isl  p50=116,503   p75=156,372   p90=198,672   p99=237,557 (tokens)
                           osl  p50=119       p75=185       p90=255       p99=364 (tokens)
                           tot  in=3,888,470      out=4,644
                           trace theoretical_prefix_cache_hit=90.7%
                           srv  prefix_cache_hit=25.9% unique_in_srv=10,567,745 kv_usage=98.8% queue=25r/7w tput_in_srv=6,741/s tput_out_srv=21/s
2026-05-31 14:10:45.934 - records_manager - INFO - [realtime 10:28 profiling] rps=0.1 (avg 0.1) tput_in=6809/s tput_out=8/s done=44 ok=44 err=0
                           ttft p50=64236ms p75=119584ms p95=193562ms p99=208928ms
                           itl  p50=1050ms p75=1227ms p95=1286ms p99=1351ms
                           e2e  p50=168002ms p75=306776ms p95=397664ms p99=445611ms
                           intvty p50=1      p75=2      p95=36     p99=63 (1/tpot tok/s)
                           isl  p50=115,819   p75=151,039   p90=198,479   p99=236,908 (tokens)
                           osl  p50=120       p75=185       p90=246       p99=362 (tokens)
                           tot  in=4,149,854      out=5,059
                           trace theoretical_prefix_cache_hit=89.9%
                           srv  prefix_cache_hit=20.4% unique_in_srv=14,372,854 kv_usage=98.7% queue=25r/5w tput_in_srv=6,761/s tput_out_srv=21/s
2026-05-31 14:11:15.989 - records_manager - INFO - [realtime 10:58 profiling] rps=0.1 (avg 0.1) tput_in=7052/s tput_out=10/s done=47 ok=47 err=0
                           ttft p50=65921ms p75=119602ms p95=201696ms p99=216725ms
                           itl  p50=984ms  p75=1199ms p95=1279ms p99=1350ms
                           e2e  p50=187246ms p75=323720ms p95=467102ms p99=568398ms
                           intvty p50=1      p75=1      p95=31     p99=63 (1/tpot tok/s)
                           isl  p50=116,078   p75=152,816   p90=198,882   p99=236,258 (tokens)
                           osl  p50=128       p75=206       p90=270       p99=580 (tokens)
                           tot  in=4,545,116      out=6,333
                           trace theoretical_prefix_cache_hit=89.3%
                           srv  prefix_cache_hit=18.9% unique_in_srv=15,811,692 kv_usage=94.7% queue=25r/6w tput_in_srv=6,808/s tput_out_srv=21/s
2026-05-31 14:11:46.048 - records_manager - INFO - [realtime 11:28 profiling] rps=0.1 (avg 0.1) tput_in=7087/s tput_out=10/s done=49 ok=49 err=0
                           ttft p50=70692ms p75=119638ms p95=200613ms p99=216614ms
                           itl  p50=984ms  p75=1188ms p95=1276ms p99=1349ms
                           e2e  p50=208556ms p75=327717ms p95=477976ms p99=581983ms
                           intvty p50=1      p75=1      p95=29     p99=63 (1/tpot tok/s)
                           isl  p50=116,078   p75=150,722   p90=198,802   p99=235,825 (tokens)
                           osl  p50=128       p75=207       p90=302       p99=580 (tokens)
                           tot  in=4,760,120      out=6,855
                           trace theoretical_prefix_cache_hit=87.7%
                           srv  prefix_cache_hit=18.7% unique_in_srv=16,059,433 kv_usage=95.3% queue=26r/5w tput_in_srv=6,864/s tput_out_srv=21/s
2026-05-31 14:12:16.108 - records_manager - INFO - [realtime 11:59 profiling] rps=0.0 (avg 0.1) tput_in=7048/s tput_out=10/s done=50 ok=50 err=0
                           ttft p50=73778ms p75=123220ms p95=200143ms p99=216559ms
                           itl  p50=967ms  p75=1185ms p95=1276ms p99=1348ms
                           e2e  p50=213997ms p75=325719ms p95=477372ms p99=580913ms
                           intvty p50=1      p75=2      p95=29     p99=63 (1/tpot tok/s)
                           isl  p50=116,338   p75=154,594   p90=198,737   p99=235,609 (tokens)
                           osl  p50=120       p75=206       p90=298       p99=577 (tokens)
                           tot  in=4,918,604      out=6,954
                           trace theoretical_prefix_cache_hit=88.1%
                           srv  prefix_cache_hit=15.8% unique_in_srv=19,657,147 kv_usage=96.6% queue=26r/6w tput_in_srv=6,801/s tput_out_srv=22/s
2026-05-31 14:12:46.170 - records_manager - INFO - [realtime 12:29 profiling] rps=0.0 (avg 0.1) tput_in=6871/s tput_out=10/s done=51 ok=51 err=0
                           ttft p50=76618ms p75=128714ms p95=199844ms p99=216503ms
                           itl  p50=956ms  p75=1183ms p95=1276ms p99=1348ms
                           e2e  p50=215394ms p75=329894ms p95=504561ms p99=579844ms
                           intvty p50=1      p75=2      p95=29     p99=63 (1/tpot tok/s)
                           isl  p50=116,503   p75=152,816   p90=198,672   p99=235,393 (tokens)
                           osl  p50=128       p75=210       p90=335       p99=574 (tokens)
                           tot  in=5,061,329      out=7,302
                           trace theoretical_prefix_cache_hit=88.4%
                           srv  prefix_cache_hit=15.7% unique_in_srv=19,810,823 kv_usage=97.6% queue=27r/5w tput_in_srv=6,836/s tput_out_srv=22/s
2026-05-31 14:13:16.239 - records_manager - INFO - [realtime 12:59 profiling] rps=0.1 (avg 0.1) tput_in=6830/s tput_out=11/s done=55 ok=55 err=0
                           ttft p50=81989ms p75=135056ms p95=198192ms p99=216281ms
                           itl  p50=940ms  p75=1136ms p95=1275ms p99=1346ms
                           e2e  p50=217138ms p75=336123ms p95=515484ms p99=670834ms
                           intvty p50=1      p75=1      p95=29     p99=63 (1/tpot tok/s)
                           isl  p50=113,518   p75=150,086   p90=198,414   p99=234,527 (tokens)
                           osl  p50=140       p75=217       p90=352       p99=646 (tokens)
                           tot  in=5,312,790      out=8,401
                           trace theoretical_prefix_cache_hit=88.8%
                           srv  prefix_cache_hit=14.0% unique_in_srv=22,761,281 kv_usage=97.6% queue=26r/5w tput_in_srv=6,881/s tput_out_srv=22/s
2026-05-31 14:13:46.311 - records_manager - INFO - [realtime 13:29 profiling] rps=0.1 (avg 0.1) tput_in=6930/s tput_out=11/s done=58 ok=58 err=0
                           ttft p50=82755ms p75=135610ms p95=196954ms p99=216115ms
                           itl  p50=932ms  p75=1121ms p95=1274ms p99=1345ms
                           e2e  p50=216791ms p75=330073ms p95=514021ms p99=668286ms
                           intvty p50=1      p75=1      p95=29     p99=63 (1/tpot tok/s)
                           isl  p50=97,864    p75=149,505   p90=198,221   p99=233,878 (tokens)
                           osl  p50=135       p75=213       p90=348       p99=642 (tokens)
                           tot  in=5,538,744      out=8,823
                           trace theoretical_prefix_cache_hit=89.2%
                           srv  prefix_cache_hit=12.1% unique_in_srv=26,728,306 kv_usage=97.3% queue=24r/8w tput_in_srv=6,822/s tput_out_srv=22/s
2026-05-31 14:14:16.388 - records_manager - INFO - [realtime 13:59 profiling] rps=0.1 (avg 0.1) tput_in=7133/s tput_out=12/s done=60 ok=60 err=0
                           ttft p50=90683ms p75=136716ms p95=196425ms p99=216004ms
                           itl  p50=932ms  p75=1120ms p95=1274ms p99=1344ms
                           e2e  p50=217485ms p75=353200ms p95=561667ms p99=743924ms
                           intvty p50=1      p75=1      p95=28     p99=63 (1/tpot tok/s)
                           isl  p50=111,218   p75=149,769   p90=195,200   p99=233,445 (tokens)
                           osl  p50=144       p75=227       p90=358       p99=700 (tokens)
                           tot  in=5,846,727      out=9,874
                           trace theoretical_prefix_cache_hit=89.7%
                           srv  prefix_cache_hit=11.9% unique_in_srv=27,379,833 kv_usage=93.6% queue=24r/8w tput_in_srv=6,874/s tput_out_srv=22/s
2026-05-31 14:14:46.468 - records_manager - INFO - [realtime 14:29 profiling] rps=0.1 (avg 0.1) tput_in=7097/s tput_out=12/s done=62 ok=62 err=0
                           ttft p50=90683ms p75=135610ms p95=195648ms p99=215893ms
                           itl  p50=912ms  p75=1110ms p95=1273ms p99=1343ms
                           e2e  p50=217485ms p75=341815ms p95=550974ms p99=742542ms
                           intvty p50=1      p75=1      p95=28     p99=63 (1/tpot tok/s)
                           isl  p50=111,218   p75=149,505   p90=192,178   p99=233,012 (tokens)
                           osl  p50=144       p75=222       p90=356       p99=700 (tokens)
                           tot  in=6,058,048      out=10,185
                           trace theoretical_prefix_cache_hit=90.0%
                           srv  prefix_cache_hit=11.8% unique_in_srv=27,657,264 kv_usage=97.0% queue=26r/6w tput_in_srv=6,899/s tput_out_srv=22/s
2026-05-31 14:15:16.555 - records_manager - INFO - [realtime 14:59 profiling] rps=0.1 (avg 0.1) tput_in=7211/s tput_out=13/s done=66 ok=66 err=0
                           ttft p50=88364ms p75=130644ms p95=194095ms p99=215671ms
                           itl  p50=836ms  p75=1093ms p95=1272ms p99=1341ms
                           e2e  p50=216791ms p75=341815ms p95=634315ms p99=824658ms
                           intvty p50=1      p75=2      p95=28     p99=63 (1/tpot tok/s)
                           isl  p50=111,218   p75=149,505   p90=186,135   p99=232,146 (tokens)
                           osl  p50=135       p75=222       p90=367       p99=910 (tokens)
                           tot  in=6,477,688      out=11,740
                           trace theoretical_prefix_cache_hit=90.6%
                           srv  prefix_cache_hit=10.5% unique_in_srv=31,422,104 kv_usage=92.5% queue=25r/4w tput_in_srv=6,909/s tput_out_srv=23/s
2026-05-31 14:15:46.650 - records_manager - INFO - [realtime 15:29 profiling] rps=0.1 (avg 0.1) tput_in=7315/s tput_out=14/s done=70 ok=70 err=0
                           ttft p50=89899ms p75=130644ms p95=193270ms p99=215449ms
                           itl  p50=808ms  p75=1082ms p95=1272ms p99=1340ms
                           e2e  p50=216791ms p75=341815ms p95=615130ms p99=820391ms
                           intvty p50=1      p75=2      p95=26     p99=63 (1/tpot tok/s)
                           isl  p50=97,864    p75=145,983   p90=178,228   p99=231,280 (tokens)
                           osl  p50=135       p75=230       p90=363       p99=890 (tokens)
                           tot  in=6,783,849      out=12,580
                           trace theoretical_prefix_cache_hit=90.2%
                           srv  prefix_cache_hit=10.5% unique_in_srv=31,606,218 kv_usage=88.8% queue=22r/8w tput_in_srv=6,867/s tput_out_srv=23/s
2026-05-31 14:16:16.746 - records_manager - INFO - [realtime 15:59 profiling] rps=0.0 (avg 0.1) tput_in=7315/s tput_out=14/s done=70 ok=70 err=0
                           ttft p50=89899ms p75=130644ms p95=193270ms p99=215449ms
                           itl  p50=808ms  p75=1082ms p95=1272ms p99=1340ms
                           e2e  p50=216791ms p75=341815ms p95=615130ms p99=820391ms
                           intvty p50=1      p75=2      p95=26     p99=63 (1/tpot tok/s)
                           isl  p50=97,864    p75=145,983   p90=178,228   p99=231,280 (tokens)
                           osl  p50=135       p75=230       p90=363       p99=890 (tokens)
                           tot  in=6,783,849      out=12,580
                           trace theoretical_prefix_cache_hit=90.2%
                           srv  prefix_cache_hit=10.4% unique_in_srv=31,818,013 kv_usage=94.6% queue=24r/8w tput_in_srv=6,915/s tput_out_srv=23/s
2026-05-31 14:16:46.846 - records_manager - INFO - [realtime 16:29 profiling] rps=0.1 (avg 0.1) tput_in=7108/s tput_out=14/s done=72 ok=72 err=0
                           ttft p50=90683ms p75=134503ms p95=199530ms p99=215338ms
                           itl  p50=802ms  p75=1078ms p95=1272ms p99=1339ms
                           e2e  p50=217485ms p75=353200ms p95=660157ms p99=818258ms
                           intvty p50=1      p75=2      p95=25     p99=63 (1/tpot tok/s)
                           isl  p50=97,864    p75=142,725   p90=173,343   p99=230,847 (tokens)
                           osl  p50=144       p75=233       p90=381       p99=880 (tokens)
                           tot  in=6,997,054      out=13,450
                           trace theoretical_prefix_cache_hit=90.5%
                           srv  prefix_cache_hit=10.3% unique_in_srv=32,041,220 kv_usage=93.7% queue=24r/7w tput_in_srv=6,859/s tput_out_srv=23/s
2026-05-31 14:17:16.949 - records_manager - INFO - [realtime 16:59 profiling] rps=0.1 (avg 0.1) tput_in=7124/s tput_out=14/s done=74 ok=74 err=0
                           ttft p50=95982ms p75=130644ms p95=198754ms p99=215227ms
                           itl  p50=801ms  p75=1070ms p95=1272ms p99=1338ms
                           e2e  p50=227883ms p75=350087ms p95=655866ms p99=816125ms
                           intvty p50=1      p75=2      p95=23     p99=63 (1/tpot tok/s)
                           isl  p50=97,864    p75=143,204   p90=168,457   p99=230,415 (tokens)
                           osl  p50=148       p75=260       p90=383       p99=870 (tokens)
                           tot  in=7,223,015      out=14,100
                           trace theoretical_prefix_cache_hit=90.1%
                           srv  prefix_cache_hit=9.5% unique_in_srv=35,161,649 kv_usage=96.6% queue=26r/5w tput_in_srv=6,964/s tput_out_srv=24/s
2026-05-31 14:17:47.052 - records_manager - INFO - [realtime 17:30 profiling] rps=0.1 (avg 0.1) tput_in=7127/s tput_out=14/s done=76 ok=76 err=0
                           ttft p50=95982ms p75=126785ms p95=197977ms p99=215116ms
                           itl  p50=801ms  p75=1063ms p95=1271ms p99=1337ms
                           e2e  p50=221420ms p75=346975ms p95=651574ms p99=813992ms
                           intvty p50=1      p75=2      p95=22     p99=63 (1/tpot tok/s)
                           isl  p50=97,007    p75=142,725   p90=163,572   p99=229,982 (tokens)
                           osl  p50=148       p75=260       p90=380       p99=860 (tokens)
                           tot  in=7,378,131      out=14,403
                           trace theoretical_prefix_cache_hit=90.3%
                           srv  prefix_cache_hit=8.9% unique_in_srv=37,709,545 kv_usage=98.8% queue=26r/6w tput_in_srv=6,953/s tput_out_srv=24/s
2026-05-31 14:18:17.161 - records_manager - INFO - [realtime 18:00 profiling] rps=0.1 (avg 0.1) tput_in=7125/s tput_out=14/s done=79 ok=79 err=0
                           ttft p50=93332ms p75=121438ms p95=196813ms p99=214950ms
                           itl  p50=783ms  p75=1053ms p95=1271ms p99=1336ms
                           e2e  p50=224652ms p75=334567ms p95=645136ms p99=810792ms
                           intvty p50=1      p75=2      p95=19     p99=62 (1/tpot tok/s)
                           isl  p50=96,855    p75=142,314   p90=158,666   p99=229,332 (tokens)
                           osl  p50=148       p75=260       p90=376       p99=845 (tokens)
                           tot  in=7,634,693      out=15,053
                           trace theoretical_prefix_cache_hit=90.6%
                           srv  prefix_cache_hit=8.3% unique_in_srv=40,705,685 kv_usage=97.8% queue=25r/6w tput_in_srv=6,974/s tput_out_srv=24/s
2026-05-31 14:18:47.277 - records_manager - INFO - [realtime 18:30 profiling] rps=0.1 (avg 0.1) tput_in=7406/s tput_out=14/s done=83 ok=83 err=0
                           ttft p50=97010ms p75=119602ms p95=195260ms p99=214728ms
                           itl  p50=767ms  p75=1040ms p95=1271ms p99=1334ms
                           e2e  p50=219453ms p75=329894ms p95=636552ms p99=806526ms
                           intvty p50=1      p75=2      p95=16     p99=62 (1/tpot tok/s)
                           isl  p50=97,436    p75=137,615   p90=158,585   p99=228,467 (tokens)
                           osl  p50=146       p75=240       p90=370       p99=826 (tokens)
                           tot  in=8,073,523      out=15,591
                           trace theoretical_prefix_cache_hit=91.1%
                           srv  prefix_cache_hit=8.0% unique_in_srv=42,670,149 kv_usage=92.1% queue=23r/7w tput_in_srv=6,959/s tput_out_srv=24/s
2026-05-31 14:19:17.398 - records_manager - INFO - [realtime 19:00 profiling] rps=0.1 (avg 0.1) tput_in=7258/s tput_out=15/s done=85 ok=85 err=0
                           ttft p50=96727ms p75=119458ms p95=194484ms p99=214617ms
                           itl  p50=767ms  p75=1033ms p95=1271ms p99=1333ms
                           e2e  p50=224652ms p75=330252ms p95=675043ms p99=941388ms
                           intvty p50=1      p75=2      p95=15     p99=62 (1/tpot tok/s)
                           isl  p50=97,436    p75=135,767   p90=158,545   p99=228,034 (tokens)
                           osl  p50=148       p75=261       p90=382       p99=1,252 (tokens)
                           tot  in=8,249,263      out=17,285
                           trace theoretical_prefix_cache_hit=91.0%
                           srv  prefix_cache_hit=7.3% unique_in_srv=46,656,732 kv_usage=95.0% queue=25r/3w tput_in_srv=7,029/s tput_out_srv=25/s
2026-05-31 14:19:47.520 - records_manager - INFO - [realtime 19:30 profiling] rps=0.1 (avg 0.1) tput_in=7277/s tput_out=15/s done=87 ok=87 err=0
                           ttft p50=96727ms p75=119207ms p95=193707ms p99=214506ms
                           itl  p50=759ms  p75=1026ms p95=1270ms p99=1332ms
                           e2e  p50=219453ms p75=329894ms p95=670842ms p99=936617ms
                           intvty p50=1      p75=2      p95=13     p99=62 (1/tpot tok/s)
                           isl  p50=97,579    p75=135,113   p90=158,504   p99=227,601 (tokens)
                           osl  p50=148       p75=260       p90=379       p99=1,248 (tokens)
                           tot  in=8,463,284      out=17,566
                           trace theoretical_prefix_cache_hit=91.2%
                           srv  prefix_cache_hit=7.3% unique_in_srv=46,849,442 kv_usage=95.8% queue=25r/5w tput_in_srv=7,024/s tput_out_srv=25/s
2026-05-31 14:20:17.649 - records_manager - INFO - [realtime 20:00 profiling] rps=0.1 (avg 0.1) tput_in=7478/s tput_out=17/s done=89 ok=89 err=0
                           ttft p50=96228ms p75=118305ms p95=193294ms p99=214395ms
                           itl  p50=759ms  p75=1017ms p95=1270ms p99=1331ms
                           e2e  p50=224652ms p75=342839ms p95=708650ms p99=1134883ms
                           intvty p50=1      p75=2      p95=12     p99=62 (1/tpot tok/s)
                           isl  p50=98,030    p75=140,656   p90=180,597   p99=227,168 (tokens)
                           osl  p50=152       p75=262       p90=407       p99=1,443 (tokens)
                           tot  in=8,846,193      out=19,735
                           trace theoretical_prefix_cache_hit=91.4%
                           srv  prefix_cache_hit=7.3% unique_in_srv=47,099,048 kv_usage=92.5% queue=26r/5w tput_in_srv=7,065/s tput_out_srv=25/s
2026-05-31 14:20:47.779 - records_manager - INFO - [realtime 20:30 profiling] rps=0.0 (avg 0.1) tput_in=7370/s tput_out=16/s done=90 ok=90 err=0
                           ttft p50=95982ms p75=117528ms p95=193270ms p99=214339ms
                           itl  p50=752ms  p75=1012ms p95=1269ms p99=1331ms
                           e2e  p50=221420ms p75=338703ms p95=706550ms p99=1134367ms
                           intvty p50=1      p75=2      p95=12     p99=62 (1/tpot tok/s)
                           isl  p50=97,864    p75=139,136   p90=178,162   p99=226,952 (tokens)
                           osl  p50=148       p75=262       p90=405       p99=1,443 (tokens)
                           tot  in=8,905,193      out=19,842
                           trace theoretical_prefix_cache_hit=91.5%
                           srv  prefix_cache_hit=7.2% unique_in_srv=47,342,211 kv_usage=97.1% queue=27r/4w tput_in_srv=7,060/s tput_out_srv=25/s
2026-05-31 14:21:17.920 - records_manager - INFO - [realtime 21:00 profiling] rps=0.2 (avg 0.1) tput_in=7519/s tput_out=18/s done=95 ok=95 err=0
                           ttft p50=93393ms p75=116750ms p95=193146ms p99=214062ms
                           itl  p50=762ms  p75=976ms  p95=1266ms p99=1329ms
                           e2e  p50=224652ms p75=348531ms p95=849189ms p99=1184690ms
                           intvty p50=1      p75=2      p95=11     p99=62 (1/tpot tok/s)
                           isl  p50=97,579    p75=137,615   p90=183,056   p99=231,697 (tokens)
                           osl  p50=158       p75=264       p90=592       p99=1,503 (tokens)
                           tot  in=9,472,171      out=22,976
                           trace theoretical_prefix_cache_hit=91.9%
                           srv  prefix_cache_hit=6.9% unique_in_srv=49,543,202 kv_usage=88.0% queue=24r/7w tput_in_srv=7,064/s tput_out_srv=25/s
2026-05-31 14:21:48.064 - records_manager - INFO - [realtime 21:31 profiling] rps=0.0 (avg 0.1) tput_in=7483/s tput_out=18/s done=96 ok=96 err=0
                           ttft p50=94580ms p75=115973ms p95=193121ms p99=214006ms
                           itl  p50=759ms  p75=967ms  p95=1265ms p99=1328ms
                           e2e  p50=227883ms p75=353200ms p95=843856ms p99=1184073ms
                           intvty p50=1      p75=2      p95=11     p99=62 (1/tpot tok/s)
                           isl  p50=97,864    p75=142,177   p90=183,048   p99=231,547 (tokens)
                           osl  p50=159       p75=265       p90=590       p99=1,502 (tokens)
                           tot  in=9,630,944      out=23,414
                           trace theoretical_prefix_cache_hit=92.1%
                           srv  prefix_cache_hit=6.9% unique_in_srv=49,655,095 kv_usage=87.9% queue=24r/7w tput_in_srv=7,052/s tput_out_srv=25/s
2026-05-31 14:22:18.211 - records_manager - INFO - [realtime 22:01 profiling] rps=0.0 (avg 0.1) tput_in=7412/s tput_out=18/s done=97 ok=97 err=0
                           ttft p50=95281ms p75=115420ms p95=193096ms p99=213951ms
                           itl  p50=762ms  p75=967ms  p95=1265ms p99=1328ms
                           e2e  p50=225359ms p75=351644ms p95=838523ms p99=1183456ms
                           intvty p50=1      p75=2      p95=10     p99=62 (1/tpot tok/s)
                           isl  p50=98,030    p75=140,656   p90=183,039   p99=231,398 (tokens)
                           osl  p50=158       p75=264       p90=587       p99=1,502 (tokens)
                           tot  in=9,729,452      out=23,547
                           trace theoretical_prefix_cache_hit=92.2%
                           srv  prefix_cache_hit=6.9% unique_in_srv=49,977,277 kv_usage=92.6% queue=26r/6w tput_in_srv=7,061/s tput_out_srv=25/s
2026-05-31 14:22:48.359 - records_manager - INFO - [realtime 22:31 profiling] rps=0.0 (avg 0.1) tput_in=7357/s tput_out=18/s done=98 ok=98 err=0
                           ttft p50=94580ms p75=114866ms p95=193072ms p99=213895ms
                           itl  p50=765ms  p75=967ms  p95=1264ms p99=1327ms
                           e2e  p50=227883ms p75=350087ms p95=833190ms p99=1182839ms
                           intvty p50=1      p75=2      p95=10     p99=62 (1/tpot tok/s)
                           isl  p50=97,864    p75=139,136   p90=183,031   p99=231,248 (tokens)
                           osl  p50=159       p75=264       p90=585       p99=1,501 (tokens)
                           tot  in=9,823,621      out=23,781
                           trace theoretical_prefix_cache_hit=92.2%
                           srv  prefix_cache_hit=6.9% unique_in_srv=50,052,663 kv_usage=92.9% queue=26r/6w tput_in_srv=6,972/s tput_out_srv=25/s
2026-05-31 14:23:18.552 - records_manager - INFO - [realtime 23:01 profiling] rps=0.2 (avg 0.1) tput_in=7465/s tput_out=18/s done=103 ok=103 err=0
                           ttft p50=93393ms p75=111963ms p95=192948ms p99=213618ms
                           itl  p50=770ms  p75=1007ms p95=1261ms p99=1325ms
                           e2e  p50=224242ms p75=348531ms p95=806526ms p99=1179755ms
                           intvty p50=1      p75=2      p95=9      p99=62 (1/tpot tok/s)
                           isl  p50=97,150    p75=135,113   p90=170,902   p99=230,501 (tokens)
                           osl  p50=160       p75=264       p90=512       p99=1,498 (tokens)
                           tot  in=10,235,071     out=24,648
                           trace theoretical_prefix_cache_hit=92.5%
                           srv  prefix_cache_hit=6.8% unique_in_srv=50,365,289 kv_usage=89.0% queue=23r/7w tput_in_srv=7,034/s tput_out_srv=25/s
2026-05-31 14:23:48.712 - records_manager - INFO - [realtime 23:31 profiling] rps=0.0 (avg 0.1) tput_in=7470/s tput_out=18/s done=104 ok=104 err=0
                           ttft p50=94580ms p75=111365ms p95=192923ms p99=213562ms
                           itl  p50=772ms  p75=1023ms p95=1261ms p99=1325ms
                           e2e  p50=222925ms p75=346975ms p95=801193ms p99=1179138ms
                           intvty p50=1      p75=2      p95=9      p99=62 (1/tpot tok/s)
                           isl  p50=97,294    p75=134,786   p90=168,476   p99=230,352 (tokens)
                           osl  p50=159       p75=263       p90=497       p99=1,497 (tokens)
                           tot  in=10,346,969     out=24,723
                           trace theoretical_prefix_cache_hit=92.5%
                           srv  prefix_cache_hit=6.8% unique_in_srv=50,365,289 kv_usage=88.6% queue=22r/10w tput_in_srv=6,947/s tput_out_srv=24/s
2026-05-31 14:24:18.872 - records_manager - INFO - [realtime 24:01 profiling] rps=0.0 (avg 0.1) tput_in=7470/s tput_out=18/s done=104 ok=104 err=0
                           ttft p50=94580ms p75=111365ms p95=192923ms p99=213562ms
                           itl  p50=772ms  p75=1023ms p95=1261ms p99=1325ms
                           e2e  p50=222925ms p75=346975ms p95=801193ms p99=1179138ms
                           intvty p50=1      p75=2      p95=9      p99=62 (1/tpot tok/s)
                           isl  p50=97,294    p75=134,786   p90=168,476   p99=230,352 (tokens)
                           osl  p50=159       p75=263       p90=497       p99=1,497 (tokens)
                           tot  in=10,346,969     out=24,723
                           trace theoretical_prefix_cache_hit=92.5%
                           srv  prefix_cache_hit=6.8% unique_in_srv=50,643,585 kv_usage=94.3% queue=24r/8w tput_in_srv=7,003/s tput_out_srv=24/s
2026-05-31 14:24:49.035 - records_manager - INFO - [realtime 24:31 profiling] rps=0.1 (avg 0.1) tput_in=7185/s tput_out=17/s done=106 ok=106 err=0
                           ttft p50=92206ms p75=110766ms p95=192874ms p99=213451ms
                           itl  p50=783ms  p75=1037ms p95=1259ms p99=1324ms
                           e2e  p50=225559ms p75=350087ms p95=790527ms p99=1177904ms
                           intvty p50=1      p75=2      p95=8      p99=62 (1/tpot tok/s)
                           isl  p50=97,294    p75=131,936   p90=163,625   p99=230,053 (tokens)
                           osl  p50=161       p75=262       p90=467       p99=1,496 (tokens)
                           tot  in=10,527,734     out=25,167
                           trace theoretical_prefix_cache_hit=92.6%
                           srv  prefix_cache_hit=6.8% unique_in_srv=50,742,381 kv_usage=94.5% queue=23r/8w tput_in_srv=6,982/s tput_out_srv=24/s
2026-05-31 14:25:19.241 - records_manager - INFO - [realtime 25:02 profiling] rps=0.1 (avg 0.1) tput_in=7230/s tput_out=17/s done=109 ok=109 err=0
                           ttft p50=93244ms p75=109742ms p95=192767ms p99=213225ms
                           itl  p50=789ms  p75=1054ms p95=1258ms p99=1322ms
                           e2e  p50=231037ms p75=342839ms p95=776406ms p99=1176154ms
                           intvty p50=1      p75=2      p95=8      p99=62 (1/tpot tok/s)
                           isl  p50=97,150    p75=133,361   p90=180,605   p99=229,687 (tokens)
                           osl  p50=158       p75=261       p90=437       p99=1,494 (tokens)
                           tot  in=10,849,929     out=25,579
                           trace theoretical_prefix_cache_hit=92.8%
                           srv  prefix_cache_hit=6.7% unique_in_srv=51,735,397 kv_usage=92.5% queue=23r/7w tput_in_srv=7,022/s tput_out_srv=24/s
2026-05-31 14:25:49.412 - records_manager - INFO - [realtime 25:32 profiling] rps=0.0 (avg 0.1) tput_in=7191/s tput_out=17/s done=110 ok=110 err=0
                           ttft p50=94281ms p75=110766ms p95=192710ms p99=213110ms
                           itl  p50=786ms  p75=1052ms p95=1257ms p99=1322ms
                           e2e  p50=227883ms p75=338703ms p95=772950ms p99=1175638ms
                           intvty p50=1      p75=2      p95=7      p99=61 (1/tpot tok/s)
                           isl  p50=97,294    p75=131,936   p90=178,179   p99=229,620 (tokens)
                           osl  p50=157       p75=260       p90=437       p99=1,494 (tokens)
                           tot  in=10,948,730     out=25,691
                           trace theoretical_prefix_cache_hit=92.8%
                           srv  prefix_cache_hit=6.0% unique_in_srv=58,169,038 kv_usage=97.5% queue=25r/6w tput_in_srv=7,027/s tput_out_srv=25/s
2026-05-31 14:26:19.591 - records_manager - INFO - [realtime 26:02 profiling] rps=0.1 (avg 0.1) tput_in=7259/s tput_out=17/s done=112 ok=112 err=0
                           ttft p50=94281ms p75=111365ms p95=192596ms p99=212879ms
                           itl  p50=786ms  p75=1050ms p95=1256ms p99=1321ms
                           e2e  p50=227883ms p75=346975ms p95=766039ms p99=1174606ms
                           intvty p50=1      p75=2      p95=7      p99=61 (1/tpot tok/s)
                           isl  p50=97,294    p75=129,087   p90=173,328   p99=229,486 (tokens)
                           osl  p50=157       p75=261       p90=436       p99=1,492 (tokens)
                           tot  in=11,160,934     out=26,176
                           trace theoretical_prefix_cache_hit=93.0%
                           srv  prefix_cache_hit=5.9% unique_in_srv=58,425,380 kv_usage=99.3% queue=26r/6w tput_in_srv=7,046/s tput_out_srv=25/s
2026-05-31 14:26:49.784 - records_manager - INFO - [realtime 26:32 profiling] rps=0.2 (avg 0.1) tput_in=7376/s tput_out=18/s done=117 ok=117 err=0
                           ttft p50=95281ms p75=115420ms p95=192310ms p99=212302ms
                           itl  p50=777ms  p75=1038ms p95=1253ms p99=1319ms
                           e2e  p50=231037ms p75=351644ms p95=847159ms p99=1177427ms
                           intvty p50=1      p75=2      p95=6      p99=59 (1/tpot tok/s)
                           isl  p50=97,150    p75=129,067   p90=183,039   p99=240,501 (tokens)
                           osl  p50=158       p75=262       p90=587       p99=1,489 (tokens)
                           tot  in=11,730,902     out=28,938
                           trace theoretical_prefix_cache_hit=93.1%
                           srv  prefix_cache_hit=5.8% unique_in_srv=59,964,718 kv_usage=91.7% queue=25r/3w tput_in_srv=7,092/s tput_out_srv=25/s
2026-05-31 14:27:20.013 - records_manager - INFO - [realtime 27:02 profiling] rps=0.0 (avg 0.1) tput_in=7363/s tput_out=19/s done=118 ok=118 err=0
                           ttft p50=95982ms p75=116313ms p95=192253ms p99=212187ms
                           itl  p50=783ms  p75=1037ms p95=1253ms p99=1318ms
                           e2e  p50=234191ms p75=353724ms p95=950503ms p99=1232277ms
                           intvty p50=1      p75=2      p95=6      p99=59 (1/tpot tok/s)
                           isl  p50=97,294    p75=131,936   p90=183,031   p99=240,383 (tokens)
                           osl  p50=159       p75=264       p90=609       p99=1,551 (tokens)
                           tot  in=11,880,437     out=30,556
                           trace theoretical_prefix_cache_hit=93.2%
                           srv  prefix_cache_hit=5.7% unique_in_srv=61,494,955 kv_usage=94.1% queue=26r/4w tput_in_srv=7,092/s tput_out_srv=25/s
2026-05-31 14:27:23.110 - AgenticReplayTiming - INFO - Terminating trajectory 015dff5473d6ef6fa2f62522abde478d7bf4 early at turn 228/351: context-overflow error from server
2026-05-31 14:27:23.287 - EventLoopMonitor - WARNING - Event loop for worker_b240f52d is taking too long to run. Overhead: 65.54ms
2026-05-31 14:27:50.210 - records_manager - INFO - [realtime 27:33 profiling] rps=0.0 (avg 0.1) tput_in=7363/s tput_out=19/s done=119 ok=119 err=0
                           ttft p50=95982ms p75=116313ms p95=192253ms p99=212187ms
                           itl  p50=783ms  p75=1037ms p95=1253ms p99=1318ms
                           e2e  p50=234191ms p75=353724ms p95=950503ms p99=1232277ms
                           intvty p50=1      p75=2      p95=6      p99=59 (1/tpot tok/s)
                           isl  p50=97,294    p75=131,936   p90=183,031   p99=240,383 (tokens)
                           osl  p50=159       p75=264       p90=609       p99=1,551 (tokens)
                           tot  in=11,880,437     out=30,556
                           trace theoretical_prefix_cache_hit=93.2%
                           srv  prefix_cache_hit=5.7% unique_in_srv=61,578,220 kv_usage=97.2% queue=27r/5w tput_in_srv=7,013/s tput_out_srv=25/s
2026-05-31 14:28:20.417 - records_manager - INFO - [realtime 28:03 profiling] rps=0.1 (avg 0.1) tput_in=7218/s tput_out=18/s done=122 ok=122 err=0
                           ttft p50=95281ms p75=115420ms p95=192082ms p99=211841ms
                           itl  p50=788ms  p75=1033ms p95=1251ms p99=1317ms
                           e2e  p50=226721ms p75=351644ms p95=931308ms p99=1230451ms
                           intvty p50=1      p75=2      p95=6      p99=58 (1/tpot tok/s)
                           isl  p50=97,150    p75=129,067   p90=175,754   p99=240,029 (tokens)
                           osl  p50=156       p75=262       p90=602       p99=1,549 (tokens)
                           tot  in=12,118,197     out=30,894
                           trace theoretical_prefix_cache_hit=93.3%
                           srv  prefix_cache_hit=5.5% unique_in_srv=63,968,052 kv_usage=98.1% queue=27r/4w tput_in_srv=7,087/s tput_out_srv=25/s
2026-05-31 14:28:50.631 - records_manager - INFO - [realtime 28:33 profiling] rps=0.1 (avg 0.1) tput_in=7300/s tput_out=20/s done=124 ok=124 err=0
                           ttft p50=94431ms p75=114312ms p95=191967ms p99=211610ms
                           itl  p50=787ms  p75=1026ms p95=1250ms p99=1316ms
                           e2e  p50=226721ms p75=353462ms p95=1042136ms p99=1419069ms
                           intvty p50=1      p75=2      p95=5      p99=57 (1/tpot tok/s)
                           isl  p50=97,579    p75=130,512   p90=170,902   p99=239,792 (tokens)
                           osl  p50=158       p75=264       p90=642       p99=1,609 (tokens)
                           tot  in=12,373,263     out=33,218
                           trace theoretical_prefix_cache_hit=93.4%
                           srv  prefix_cache_hit=5.3% unique_in_srv=66,594,373 kv_usage=96.7% queue=28r/2w tput_in_srv=7,092/s tput_out_srv=25/s
2026-05-31 14:29:20.883 - records_manager - INFO - [realtime 29:03 profiling] rps=0.2 (avg 0.1) tput_in=7290/s tput_out=20/s done=129 ok=129 err=0
                           ttft p50=94580ms p75=113759ms p95=191682ms p99=211033ms
                           itl  p50=772ms  p75=1001ms p95=1248ms p99=1313ms
                           e2e  p50=225559ms p75=354248ms p95=1014488ms p99=1408439ms
                           intvty p50=1      p75=2      p95=4      p99=55 (1/tpot tok/s)
                           isl  p50=97,007    p75=129,006   p90=158,773   p99=239,202 (tokens)
                           osl  p50=157       p75=265       p90=674       p99=1,606 (tokens)
                           tot  in=12,673,231     out=34,896
                           trace theoretical_prefix_cache_hit=93.4%
                           srv  prefix_cache_hit=4.8% unique_in_srv=72,977,864 kv_usage=96.2% queue=26r/3w tput_in_srv=7,105/s tput_out_srv=26/s
2026-05-31 14:29:51.106 - records_manager - INFO - [realtime 29:34 profiling] rps=0.1 (avg 0.1) tput_in=7242/s tput_out=20/s done=131 ok=131 err=0
                           ttft p50=94281ms p75=112562ms p95=190682ms p99=210803ms
                           itl  p50=768ms  p75=984ms  p95=1248ms p99=1313ms
                           e2e  p50=222925ms p75=353724ms p95=1001691ms p99=1404187ms
                           intvty p50=1      p75=2      p95=4      p99=55 (1/tpot tok/s)
                           isl  p50=96,703    p75=127,358   p90=158,756   p99=238,966 (tokens)
                           osl  p50=157       p75=264       p90=661       p99=1,605 (tokens)
                           tot  in=12,823,573     out=35,167
                           trace theoretical_prefix_cache_hit=93.4%
                           srv  prefix_cache_hit=4.4% unique_in_srv=79,961,266 kv_usage=97.6% queue=26r/5w tput_in_srv=7,105/s tput_out_srv=26/s
2026-05-31 14:30:17.050 - PhaseRunner - INFO - Timeout of 1799.999409115s elapsed for event 'profiling phase sending'
2026-05-31 14:30:17.050 - PhaseRunner - NOTICE - Phase profiling sending complete | sent=163, completed=133, in_flight=30 | sessions: sent=8, completed=0 | timeout_triggered=True
2026-05-31 14:30:17.050 - PhaseRunner - INFO - Waiting for event 'profiling phase credits returned' with timeout of 29.99966204799989s
2026-05-31 14:30:17.051 - records_manager - INFO - Sent 163 requests. Waiting for all to complete...
2026-05-31 14:30:21.344 - records_manager - INFO - [realtime 30:04 profiling] rps=0.1 (avg 0.1) tput_in=7267/s tput_out=20/s done=133 ok=133 err=0
                           ttft p50=94281ms p75=113759ms p95=189682ms p99=210572ms
                           itl  p50=765ms  p75=967ms  p95=1248ms p99=1312ms
                           e2e  p50=222925ms p75=354248ms p95=1102963ms p99=1408477ms
                           intvty p50=1      p75=2      p95=7      p99=54 (1/tpot tok/s)
                           isl  p50=96,703    p75=129,006   p90=158,738   p99=238,730 (tokens)
                           osl  p50=157       p75=265       p90=690       p99=1,603 (tokens)
                           tot  in=13,053,311     out=36,725
                           trace theoretical_prefix_cache_hit=93.4%
                           srv  prefix_cache_hit=4.3% unique_in_srv=81,333,726 kv_usage=98.2% queue=27r/3w tput_in_srv=7,107/s tput_out_srv=27/s
2026-05-31 14:30:47.050 - PhaseRunner - INFO - Timeout of 29.99966204799989s elapsed for event 'profiling phase credits returned'
2026-05-31 14:30:47.050 - PhaseRunner - WARNING - Phase profiling timed out, cancelling all credits. Stats: sent=163, completed=136, cancelled=0, in_flight=27
2026-05-31 14:30:47.050 - StickyCreditRouter_69f493d1 - INFO - Sent cancellation requests for 27 in-flight credits across 27 workers
2026-05-31 14:30:47.050 - PhaseRunner - INFO - Waiting for all cancelled credits to be returned for phase profiling. Need 27 more credits.
2026-05-31 14:30:51.661 - records_manager - INFO - [realtime 30:34 profiling] rps=0.1 (avg 0.1) tput_in=7252/s tput_out=21/s done=136 ok=136 err=0
                           ttft p50=94157ms p75=114312ms p95=188183ms p99=210226ms
                           itl  p50=759ms  p75=967ms  p95=1247ms p99=1310ms
                           e2e  p50=224242ms p75=357236ms p95=1086374ms p99=1403166ms
                           intvty p50=1      p75=2      p95=7      p99=53 (1/tpot tok/s)
                           isl  p50=93,843    p75=126,534   p90=158,712   p99=238,375 (tokens)
                           osl  p50=158       p75=268       p90=682       p99=1,602 (tokens)
                           tot  in=13,209,459     out=37,884
                           trace theoretical_prefix_cache_hit=93.5%
                           srv  prefix_cache_hit=4.0% unique_in_srv=87,647,547 kv_usage=0.0% queue=0r/0w tput_in_srv=7,099/s tput_out_srv=27/s
2026-05-31 14:30:57.050 - PhaseRunner - ERROR - Timeout waiting 10.0s for cancelled credits to return. Some credits may be stuck. Forcing phase completion.
2026-05-31 14:30:57.050 - PhaseRunner - NOTICE - Phase profiling complete | completed=136, cancelled=27, errors=0 | sessions: completed=0, cancelled=0 | elapsed=1840.00s | grace_period_timeout=True
2026-05-31 14:30:57.050 - aiperf.timing.branch_orchestrator - INFO - BranchOrchestrator stats: spawned=2 completed=1 errored=0 suspended=2 resumed=1 parents_failed_due_to_child_error=0 joins_suppressed=1
2026-05-31 14:30:57.050 - aiperf.timing.branch_orchestrator - WARNING - BranchOrchestrator leaked state at cleanup: 0 active_joins, 1 future_joins, 0 tracked children, 1 parents with descendants
2026-05-31 14:30:57.050 - aiperf.timing.branch_orchestrator - WARNING - Abandoned pending join for parent b5acfdcb-959a-42df-a0a9-422e50ac80de (outstanding=0, gated_turn_index=116, age_ms=9999)
2026-05-31 14:30:57.050 - PhaseOrchestrator_e9f2e4de - NOTICE - All credits completed
2026-05-31 14:30:57.050 - system_controller - INFO - Received credits complete from 'timing_manager'
2026-05-31 14:30:57.051 - records_manager - INFO - Received CREDIT_PHASE_COMPLETE message, Phase complete: PhaseRecordsStats(phase=CreditPhase.PROFILING, start_ns=1780236017050441204, sent_end_ns=1780237817050566938, requests_end_ns=1780237857050313262, total_expected_requests=None, expected_duration_sec=None, expected_num_sessions=None, expected_grace_period_sec=None, final_requests_sent=None, final_requests_completed=136, final_requests_cancelled=27, final_request_errors=0, final_sent_sessions=None, final_completed_sessions=None, final_cancelled_sessions=None, timeout_triggered=True, grace_period_timeout_triggered=True, was_cancelled=False, records_end_ns=None, success_records=136, error_records=0)
2026-05-31 14:30:57.051 - records_manager - NOTICE - All requests have completed, please wait for the results to be processed (currently 136 of 136 records processed)...
2026-05-31 14:30:57.051 - records_manager - INFO - Processed 136 valid requests and 0 errors (136 total).
2026-05-31 14:30:57.051 - records_manager - INFO - Received all records, processing now...
2026-05-31 14:30:57.051 - records_manager - INFO - All credits complete, please wait for the results to be processed...
2026-05-31 14:30:57.052 - server_metrics_manager - INFO - Server Metrics: Profiling complete, capturing final metrics...
2026-05-31 14:30:57.053 - records_manager - INFO - Waiting 2.0s for server metrics flush period...
2026-05-31 14:30:59.051 - records_manager - INFO - Processing records results...
2026-05-31 14:31:01.341 - RecordExportJSONLWriter_7186dae8 - WARNING - Timeout waiting for 0 pending flush tasks during shutdown. Cancelling tasks and proceeding with cleanup.
2026-05-31 14:31:01.456 - system_controller - INFO - Waiting for server metrics results...
2026-05-31 14:31:01.457 - system_controller - INFO - Waiting for server metrics results...
2026-05-31 14:31:02.675 - records_manager - INFO - _finalize_and_process_results completed
2026-05-31 14:31:02.963 - system_controller - INFO - All results received, initiating shutdown
2026-05-31 14:31:03.803 - ExporterManager - INFO - Exporting all records
2026-05-31 14:31:03.946 - aiperf.common.scenario.validator - INFO - Scenario 'inferencex-agentx-mvp': setting timing_mode=agentic_replay (was at default request_rate).
2026-05-31 14:31:04.823 - aiperf.common.scenario.validator - INFO - Scenario 'inferencex-agentx-mvp': setting timing_mode=agentic_replay (was at default request_rate).
2026-05-31 14:31:04.884 - ExporterManager - INFO - Exporting console data
