2026-06-02 22:21:46.434 - aiperf.cli_runner - INFO - Starting AIPerf System
2026-06-02 22:21:46.654 - system_controller - INFO - Registered Worker Manager (id: 'worker_manager')
2026-06-02 22:21:46.688 - system_controller - INFO - Registered Dataset Manager (id: 'dataset_manager')
2026-06-02 22:21:46.696 - server_metrics_manager - INFO - Server Metrics: Discovered 1 endpoints: ['http://localhost:8888/metrics']
2026-06-02 22:21:46.719 - system_controller - INFO - Registered Gpu Telemetry Manager (id: 'gpu_telemetry_manager')
2026-06-02 22:21:46.720 - system_controller - INFO - Registered Server Metrics Manager (id: 'server_metrics_manager')
2026-06-02 22:21:46.793 - system_controller - INFO - Registered Worker (id: 'worker_beab92f1')
2026-06-02 22:21:46.794 - system_controller - INFO - Registered Worker (id: 'worker_8cd73a79')
2026-06-02 22:21:46.795 - system_controller - INFO - Registered Worker (id: 'worker_25cc0839')
2026-06-02 22:21:46.795 - system_controller - INFO - Registered Worker (id: 'worker_5c301275')
2026-06-02 22:21:46.797 - system_controller - INFO - Registered Worker (id: 'worker_6840f8f0')
2026-06-02 22:21:46.805 - system_controller - INFO - Registered Timing Manager (id: 'timing_manager')
2026-06-02 22:21:46.806 - system_controller - INFO - Registered Record Processor (id: 'record_processor_1955c979')
2026-06-02 22:21:46.806 - system_controller - INFO - Registered Record Processor (id: 'record_processor_83fd5ac8')
2026-06-02 22:21:46.806 - system_controller - INFO - Registered Worker (id: 'worker_3ad09b23')
2026-06-02 22:21:46.808 - system_controller - INFO - Registered Worker (id: 'worker_cd2de4a4')
2026-06-02 22:21:46.809 - system_controller - INFO - Registered Worker (id: 'worker_ede7d7ad')
2026-06-02 22:21:46.889 - GPUTelemetryJSONLWriter_6320c8ab - INFO - GPU telemetry export enabled: /workspace/results/aiperf_artifacts/gpu_telemetry_export.jsonl
2026-06-02 22:21:46.892 - RecordExportJSONLWriter_086eadf2 - INFO - Record metrics export enabled: /workspace/results/aiperf_artifacts/profile_export.jsonl
2026-06-02 22:21:46.927 - system_controller - INFO - Registered Records Manager (id: 'records_manager')
2026-06-02 22:21:47.144 - system_controller - INFO - AIPerf System is CONFIGURING
2026-06-02 22:21:47.144 - system_controller - INFO - Configuring all services to start profiling
2026-06-02 22:21:47.146 - InferenceResultParser_ac1fd59f - INFO - Tokenization is disabled for this endpoint, skipping tokenizer configuration
2026-06-02 22:21:47.146 - InferenceResultParser_b8f7d162 - INFO - Tokenization is disabled for this endpoint, skipping tokenizer configuration
2026-06-02 22:21:47.146 - timing_manager - INFO - Waiting for dataset to be configured before configuring timing
2026-06-02 22:21:47.154 - system_controller - INFO - GPU telemetry disabled - no DCGM endpoints reachable
2026-06-02 22:21:47.158 - server_metrics_manager - INFO - Server Metrics: Capturing baseline metrics...
2026-06-02 22:21:47.175 - http://localhost:8888/metrics - INFO - Skipping unsupported summary metric: http_request_size_bytes
2026-06-02 22:21:47.175 - http://localhost:8888/metrics - INFO - Skipping unsupported summary metric: http_response_size_bytes
2026-06-02 22:21:47.176 - system_controller - INFO - Server metrics enabled - 1/1 endpoint(s) reachable.
2026-06-02 22:21:47.181 - dataset_manager - INFO - Memory-mapped dataset cache HIT (key=9ea77629aaffea823767a106cff84381); skipping tokenizer + composer.
2026-06-02 22:21:48.168 - aiperf.dataset.mmap_cache - INFO - Restored mmap cache file dataset.dat via copy in 0.987s (2.10 GiB)
2026-06-02 22:21:48.169 - aiperf.dataset.mmap_cache - INFO - Restored mmap cache file index.dat via copy in 0.001s (0.00 GiB)
2026-06-02 22:21:48.169 - aiperf.dataset.mmap_cache - INFO - Restored mmap cache files in 0.988s via dataset=copy index=copy (dataset=2.10 GiB, index=0.00 GiB)
2026-06-02 22:21:48.420 - dataset_manager - INFO - sampling strategy: sequential, unique conversations: 634, unique turn count: 62664
2026-06-02 22:21:48.608 - dataset_manager - INFO - Dataset client initialized and freed 0 conversations from memory
2026-06-02 22:21:48.732 - aiperf.timing.trajectory_source - INFO - TrajectorySource: built 8 trajectories from 225 traces
  range cfg=[0.25, 0.75]  observed sample pct: min= 27% median= 52% max= 69%
    lane=00  sample_time= 39%  root_next= 14/32  ( 44% turns)  live=1 ready=1  trace_id=00e7d11db2db59f44a87b4110175b11d1af3
    lane=01  sample_time= 55%  root_next= 20/37  ( 54% turns)  live=1 ready=1  trace_id=01fece675b92efe07620225cd69c3884f774
    lane=02  sample_time= 55%  root_next=311/594 ( 52% turns)  live=1 ready=1  trace_id=0275949f4db511444909fe92b12f7e921e4a
    lane=03  sample_time= 27%  root_next= 13/27  ( 48% turns)  live=1 ready=1  trace_id=03be8f1eb1e9e620f46bd07068d6ab1aaae3
    lane=04  sample_time= 40%  root_next= 69/151 ( 46% turns)  live=1 ready=1  trace_id=0475b786230f3f2e24220d28e247eaee2dae
    lane=05  sample_time= 50%  root_next= 99/187 ( 53% turns)  live=1 ready=1  trace_id=04b25fe5b2ffa5e7ec9890426cce59838a05
    lane=06  sample_time= 69%  root_next= 10/20  ( 50% turns)  live=1 ready=1  trace_id=06385769df23204ac35c53ad431cf42f7c02
    lane=07  sample_time= 63%  root_next= 65/121 ( 54% turns)  live=1 ready=1  trace_id=07fc71985fbafc8e1abb181b7d28b8349f45
2026-06-02 22:21:48.733 - PhaseOrchestrator_ff5111f4 - INFO - Initialized 2 phase(s): ['Warmup', 'Profiling']
2026-06-02 22:21:48.766 - system_controller - INFO - All services configured in 1.62 seconds
2026-06-02 22:21:48.767 - system_controller - INFO - AIPerf System is CONFIGURED
2026-06-02 22:21:48.768 - server_metrics_manager - INFO - Server Metrics: Started 1 collector(s) successfully
2026-06-02 22:21:48.784 - PhaseRunner - NOTICE - Phase warmup started | target: 8 requests
2026-06-02 22:21:48.784 - AgenticReplayTiming - INFO - WARMUP execute: dispatching 8 trajectory credits
2026-06-02 22:21:48.785 - PhaseRunner - NOTICE - Phase warmup sending complete | sent=8, completed=0, in_flight=8
2026-06-02 22:21:48.956 - records_manager - INFO - Credit phase start: warmup
2026-06-02 22:21:48.957 - system_controller - INFO - All services started profiling successfully
2026-06-02 22:21:48.957 - system_controller - INFO - AIPerf System is PROFILING
2026-06-02 22:23:16.792 - PhaseRunner - NOTICE - Phase warmup complete | completed=8, cancelled=0, errors=0 | elapsed=88.01s
2026-06-02 22:23:16.792 - aiperf.timing.branch_orchestrator - INFO - BranchOrchestrator stats: spawned=0 completed=0 errored=0 suspended=0 resumed=0 parents_failed_due_to_child_error=0 joins_suppressed=0
2026-06-02 22:23:16.808 - AgenticReplayTiming - INFO - PROFILING setup: trajectories=8 traces, recycle_queue=225 traces (full pool)
2026-06-02 22:23:16.808 - PhaseRunner - NOTICE - Phase profiling started | target: 1800.0s duration
2026-06-02 22:23:16.808 - records_manager - INFO - Credit phase start: profiling
2026-06-02 22:23:16.809 - PhaseRunner - INFO - Waiting for event 'profiling phase sending' with timeout of 1799.999234215s
2026-06-02 22:23:16.809 - AgenticReplayTiming - INFO - PROFILING execute: resuming 8 trajectory sessions
2026-06-02 22:23:23.361 - AgenticReplayTiming - INFO - Terminating trajectory 04b25fe5b2ffa5e7ec9890426cce59838a05 early at turn 99/186: context-overflow error from server
2026-06-02 22:23:46.953 - records_manager - INFO - [realtime 00:30 profiling] rps=0.3 (avg 0.3) tput_in=20065/s tput_out=100/s done=11 ok=11 err=0
                           ttft p50=991ms  p75=5402ms p95=10379ms p99=10436ms
                           itl  p50=9ms    p75=10ms   p95=14ms   p99=15ms
                           e2e  p50=4994ms p75=7038ms p95=14045ms p99=14527ms
                           intvty p50=109    p75=112    p95=125    p99=127 (1/tpot tok/s)
                           isl  p50=65,944    p75=87,067    p90=87,811    p99=88,285 (tokens)
                           osl  p50=234       p75=429       p90=508       p99=730 (tokens)
                           tot  in=579,574        out=2,891
                           trace theoretical_prefix_cache_hit=92.8%
                           srv  prefix_cache_hit=9.7% unique_in_srv=4,967,049 kv_usage=0.0% queue=0r/0w tput_in_srv=9,605/s tput_out_srv=63/s
2026-06-02 22:24:16.978 - records_manager - INFO - [realtime 01:00 profiling] rps=0.2 (avg 0.3) tput_in=16463/s tput_out=100/s done=17 ok=17 err=0
                           ttft p50=1925ms p75=5215ms p95=10332ms p99=10427ms
                           itl  p50=12ms   p75=15ms   p95=33ms   p99=47ms
                           e2e  p50=6540ms p75=13643ms p95=19202ms p99=25146ms
                           intvty p50=88     p75=111    p95=124    p99=127 (1/tpot tok/s)
                           isl  p50=57,812    p75=85,965    p90=88,045    p99=89,490 (tokens)
                           osl  p50=250       p75=514       p90=692       p99=1,109 (tokens)
                           tot  in=952,798        out=5,806
                           trace theoretical_prefix_cache_hit=91.6%
                           srv  prefix_cache_hit=17.0% unique_in_srv=5,197,420 kv_usage=74.6% queue=4r/0w tput_in_srv=12,324/s tput_out_srv=82/s
2026-06-02 22:24:47.018 - records_manager - INFO - [realtime 01:30 profiling] rps=0.2 (avg 0.3) tput_in=16240/s tput_out=99/s done=23 ok=23 err=0
                           ttft p50=1853ms p75=5024ms p95=10105ms p99=10417ms
                           itl  p50=15ms   p75=21ms   p95=44ms   p99=49ms
                           e2e  p50=7744ms p75=15368ms p95=26181ms p99=26602ms
                           intvty p50=67     p75=107    p95=123    p99=126 (1/tpot tok/s)
                           isl  p50=69,195    p75=85,976    p90=88,279    p99=96,527 (tokens)
                           osl  p50=276       p75=579       p90=1,037     p99=1,157 (tokens)
                           tot  in=1,399,596      out=8,571
                           trace theoretical_prefix_cache_hit=90.3%
                           srv  prefix_cache_hit=4.1% unique_in_srv=26,719,730 kv_usage=81.8% queue=4r/2w tput_in_srv=12,922/s tput_out_srv=91/s
2026-06-02 22:25:17.071 - records_manager - INFO - [realtime 02:00 profiling] rps=0.2 (avg 0.2) tput_in=15780/s tput_out=89/s done=29 ok=29 err=0
                           ttft p50=2687ms p75=7326ms p95=13183ms p99=14870ms
                           itl  p50=15ms   p75=27ms   p95=47ms   p99=50ms
                           e2e  p50=13697ms p75=17234ms p95=26582ms p99=33006ms
                           intvty p50=66     p75=101    p95=119    p99=126 (1/tpot tok/s)
                           isl  p50=70,674    p75=86,074    p90=88,744    p99=110,221 (tokens)
                           osl  p50=263       p75=514       p90=1,045     p99=1,153 (tokens)
                           tot  in=1,859,581      out=10,545
                           trace theoretical_prefix_cache_hit=91.5%
                           srv  prefix_cache_hit=1.7% unique_in_srv=65,608,971 kv_usage=90.5% queue=5r/0w tput_in_srv=13,632/s tput_out_srv=91/s
2026-06-02 22:25:47.123 - records_manager - INFO - [realtime 02:30 profiling] rps=0.2 (avg 0.2) tput_in=16298/s tput_out=115/s done=34 ok=34 err=0
                           ttft p50=4734ms p75=9686ms p95=16036ms p99=19764ms
                           itl  p50=15ms   p75=27ms   p95=46ms   p99=50ms
                           e2e  p50=14648ms p75=20327ms p95=49743ms p99=88013ms
                           intvty p50=65     p75=77     p95=116    p99=126 (1/tpot tok/s)
                           isl  p50=74,025    p75=87,618    p90=96,730    p99=174,501 (tokens)
                           osl  p50=270       p75=612       p90=1,095     p99=2,924 (tokens)
                           tot  in=2,405,672      out=17,034
                           trace theoretical_prefix_cache_hit=86.9%
                           srv  prefix_cache_hit=0.7% unique_in_srv=172,504,221 kv_usage=28.3% queue=2r/0w tput_in_srv=13,018/s tput_out_srv=105/s
2026-06-02 22:26:17.185 - records_manager - INFO - [realtime 03:00 profiling] rps=0.1 (avg 0.2) tput_in=16051/s tput_out=134/s done=37 ok=37 err=0
                           ttft p50=4928ms p75=10165ms p95=15710ms p99=19657ms
                           itl  p50=15ms   p75=27ms   p95=46ms   p99=50ms
                           e2e  p50=14791ms p75=21440ms p95=65170ms p99=87276ms
                           intvty p50=65     p75=76     p95=115    p99=126 (1/tpot tok/s)
                           isl  p50=73,764    p75=86,460    p90=94,308    p99=172,593 (tokens)
                           osl  p50=288       p75=660       p90=1,602     p99=2,894 (tokens)
                           tot  in=2,601,111      out=21,682
                           trace theoretical_prefix_cache_hit=87.6%
                           srv  prefix_cache_hit=0.7% unique_in_srv=172,836,003 kv_usage=70.8% queue=4r/3w tput_in_srv=12,990/s tput_out_srv=100/s
2026-06-02 22:26:47.248 - records_manager - INFO - [realtime 03:30 profiling] rps=0.1 (avg 0.2) tput_in=14292/s tput_out=115/s done=41 ok=41 err=0
                           ttft p50=5308ms p75=10390ms p95=21280ms p99=31598ms
                           itl  p50=15ms   p75=27ms   p95=45ms   p99=50ms
                           e2e  p50=15404ms p75=26525ms p95=63532ms p99=86294ms
                           intvty p50=65     p75=79     p95=113    p99=126 (1/tpot tok/s)
                           isl  p50=74,220    p75=87,184    p90=99,971    p99=170,579 (tokens)
                           osl  p50=306       p75=669       p90=1,258     p99=2,842 (tokens)
                           tot  in=2,974,364      out=24,017
                           trace theoretical_prefix_cache_hit=88.7%
                           srv  prefix_cache_hit=0.4% unique_in_srv=285,096,387 kv_usage=67.4% queue=4r/2w tput_in_srv=12,845/s tput_out_srv=105/s
2026-06-02 22:27:17.317 - records_manager - INFO - [realtime 04:00 profiling] rps=0.1 (avg 0.2) tput_in=14000/s tput_out=115/s done=45 ok=45 err=0
                           ttft p50=5497ms p75=11082ms p95=27283ms p99=33592ms
                           itl  p50=16ms   p75=27ms   p95=44ms   p99=49ms
                           e2e  p50=15530ms p75=27174ms p95=69202ms p99=85311ms
                           intvty p50=64     p75=76     p95=112    p99=126 (1/tpot tok/s)
                           isl  p50=74,072    p75=87,056    p90=95,922    p99=168,089 (tokens)
                           osl  p50=306       p75=706       p90=1,668     p99=2,791 (tokens)
                           tot  in=3,248,431      out=26,777
                           trace theoretical_prefix_cache_hit=89.5%
                           srv  prefix_cache_hit=0.4% unique_in_srv=355,784,386 kv_usage=96.1% queue=4r/2w tput_in_srv=12,690/s tput_out_srv=104/s
2026-06-02 22:27:47.400 - records_manager - INFO - [realtime 04:30 profiling] rps=0.2 (avg 0.2) tput_in=14529/s tput_out=116/s done=50 ok=50 err=0
                           ttft p50=6539ms p75=13207ms p95=25407ms p99=33587ms
                           itl  p50=17ms   p75=29ms   p95=43ms   p99=49ms
                           e2e  p50=16725ms p75=32437ms p95=67414ms p99=84083ms
                           intvty p50=60     p75=72     p95=112    p99=125 (1/tpot tok/s)
                           isl  p50=74,415    p75=87,618    p90=101,598   p99=165,719 (tokens)
                           osl  p50=317       p75=735       p90=1,314     p99=2,727 (tokens)
                           tot  in=3,694,863      out=29,391
                           trace theoretical_prefix_cache_hit=90.7%
                           srv  prefix_cache_hit=0.3% unique_in_srv=433,470,967 kv_usage=84.2% queue=4r/3w tput_in_srv=13,057/s tput_out_srv=108/s
2026-06-02 22:28:17.486 - records_manager - INFO - [realtime 05:00 profiling] rps=0.1 (avg 0.2) tput_in=13406/s tput_out=109/s done=54 ok=54 err=0
                           ttft p50=6981ms p75=13498ms p95=24379ms p99=33583ms
                           itl  p50=17ms   p75=28ms   p95=42ms   p99=49ms
                           e2e  p50=18758ms p75=32437ms p95=65983ms p99=83101ms
                           intvty p50=60     p75=72     p95=111    p99=125 (1/tpot tok/s)
                           isl  p50=74,415    p75=87,631    p90=97,065    p99=163,292 (tokens)
                           osl  p50=348       p75=753       p90=1,720     p99=2,676 (tokens)
                           tot  in=3,991,412      out=32,555
                           trace theoretical_prefix_cache_hit=91.3%
                           srv  prefix_cache_hit=0.2% unique_in_srv=545,369,053 kv_usage=90.0% queue=4r/3w tput_in_srv=12,761/s tput_out_srv=112/s
2026-06-02 22:28:47.582 - records_manager - INFO - [realtime 05:30 profiling] rps=0.2 (avg 0.2) tput_in=13996/s tput_out=117/s done=60 ok=60 err=0
                           ttft p50=7623ms p75=15033ms p95=28429ms p99=33576ms
                           itl  p50=18ms   p75=28ms   p95=45ms   p99=107ms
                           e2e  p50=18805ms p75=33440ms p95=70379ms p99=121681ms
                           intvty p50=56     p75=74     p95=111    p99=125 (1/tpot tok/s)
                           isl  p50=79,286    p75=87,854    p90=117,943   p99=195,685 (tokens)
                           osl  p50=317       p75=754       p90=1,862     p99=3,838 (tokens)
                           tot  in=4,608,649      out=38,433
                           trace theoretical_prefix_cache_hit=91.6%
                           srv  prefix_cache_hit=0.2% unique_in_srv=591,401,639 kv_usage=80.5% queue=6r/1w tput_in_srv=13,323/s tput_out_srv=113/s
2026-06-02 22:29:17.690 - records_manager - INFO - [realtime 06:00 profiling] rps=0.3 (avg 0.2) tput_in=14639/s tput_out=125/s done=68 ok=68 err=0
                           ttft p50=6981ms p75=14481ms p95=28212ms p99=33568ms
                           itl  p50=18ms   p75=28ms   p95=44ms   p99=96ms
                           e2e  p50=19542ms p75=33440ms p95=71001ms p99=116765ms
                           intvty p50=56     p75=72     p95=111    p99=125 (1/tpot tok/s)
                           isl  p50=80,127    p75=87,854    p90=121,272   p99=195,526 (tokens)
                           osl  p50=379       p75=773       p90=1,866     p99=3,744 (tokens)
                           tot  in=5,237,568      out=44,809
                           trace theoretical_prefix_cache_hit=91.4%
                           srv  prefix_cache_hit=1.8% unique_in_srv=628,409,394 kv_usage=39.1% queue=3r/0w tput_in_srv=13,251/s tput_out_srv=117/s
2026-06-02 22:29:47.802 - records_manager - INFO - [realtime 06:30 profiling] rps=0.1 (avg 0.2) tput_in=13988/s tput_out=122/s done=70 ok=70 err=0
                           ttft p50=7623ms p75=15168ms p95=28147ms p99=33566ms
                           itl  p50=19ms   p75=29ms   p95=43ms   p99=93ms
                           e2e  p50=19956ms p75=34443ms p95=75560ms p99=116601ms
                           intvty p50=54     p75=72     p95=111    p99=125 (1/tpot tok/s)
                           isl  p50=80,127    p75=87,956    p90=117,943   p99=195,486 (tokens)
                           osl  p50=379       p75=791       p90=1,911     p99=3,720 (tokens)
                           tot  in=5,406,150      out=47,184
                           trace theoretical_prefix_cache_hit=91.6%
                           srv  prefix_cache_hit=1.7% unique_in_srv=662,130,340 kv_usage=83.7% queue=4r/1w tput_in_srv=13,178/s tput_out_srv=113/s
2026-06-02 22:30:17.927 - records_manager - INFO - [realtime 07:01 profiling] rps=0.2 (avg 0.2) tput_in=14010/s tput_out=121/s done=76 ok=76 err=0
                           ttft p50=8114ms p75=15033ms p95=27950ms p99=33559ms
                           itl  p50=19ms   p75=29ms   p95=46ms   p99=85ms
                           e2e  p50=19542ms p75=33440ms p95=82265ms p99=113007ms
                           intvty p50=52     p75=72     p95=111    p99=124 (1/tpot tok/s)
                           isl  p50=80,127    p75=88,002    p90=108,106   p99=195,367 (tokens)
                           osl  p50=348       p75=773       p90=1,951     p99=3,649 (tokens)
                           tot  in=5,867,676      out=50,726
                           trace theoretical_prefix_cache_hit=92.2%
                           srv  prefix_cache_hit=1.6% unique_in_srv=714,569,963 kv_usage=71.8% queue=3r/1w tput_in_srv=13,282/s tput_out_srv=112/s
2026-06-02 22:30:26.578 - AgenticReplayTiming - INFO - Terminating trajectory 01fece675b92efe07620225cd69c3884f774 early at turn 28/36: context-overflow error from server
2026-06-02 22:30:48.057 - records_manager - INFO - [realtime 07:31 profiling] rps=0.2 (avg 0.2) tput_in=14302/s tput_out=121/s done=83 ok=83 err=0
                           ttft p50=8804ms p75=15168ms p95=27754ms p99=33553ms
                           itl  p50=21ms   p75=30ms   p95=45ms   p99=77ms
                           e2e  p50=19510ms p75=34443ms p95=86992ms p99=109414ms
                           intvty p50=49     p75=68     p95=111    p99=124 (1/tpot tok/s)
                           isl  p50=80,127    p75=88,338    p90=131,259   p99=197,467 (tokens)
                           osl  p50=345       p75=791       p90=1,880     p99=3,578 (tokens)
                           tot  in=6,361,129      out=53,772
                           trace theoretical_prefix_cache_hit=92.7%
                           srv  prefix_cache_hit=2.4% unique_in_srv=741,643,377 kv_usage=78.2% queue=6r/0w tput_in_srv=13,573/s tput_out_srv=111/s
2026-06-02 22:31:18.239 - records_manager - INFO - [realtime 08:01 profiling] rps=0.5 (avg 0.2) tput_in=14903/s tput_out=127/s done=98 ok=98 err=0
                           ttft p50=6944ms p75=13640ms p95=26369ms p99=33537ms
                           itl  p50=18ms   p75=29ms   p95=42ms   p99=57ms
                           e2e  p50=17269ms p75=31370ms p95=80542ms p99=100432ms
                           intvty p50=55     p75=77     p95=108    p99=123 (1/tpot tok/s)
                           isl  p50=74,468    p75=88,362    p90=112,936   p99=196,996 (tokens)
                           osl  p50=298       p75=754       p90=1,868     p99=3,401 (tokens)
                           tot  in=7,099,294      out=60,347
                           trace theoretical_prefix_cache_hit=92.0%
                           srv  prefix_cache_hit=2.5% unique_in_srv=741,746,047 kv_usage=42.4% queue=4r/0w tput_in_srv=13,818/s tput_out_srv=122/s
2026-06-02 22:31:48.420 - records_manager - INFO - [realtime 08:31 profiling] rps=0.4 (avg 0.2) tput_in=15358/s tput_out=140/s done=109 ok=109 err=0
                           ttft p50=5496ms p75=13240ms p95=25800ms p99=33236ms
                           itl  p50=16ms   p75=28ms   p95=41ms   p99=50ms
                           e2e  p50=16430ms p75=30848ms p95=76268ms p99=97344ms
                           intvty p50=63     p75=84     p95=110    p99=127 (1/tpot tok/s)
                           isl  p50=74,119    p75=88,385    p90=112,002   p99=196,720 (tokens)
                           osl  p50=294       p75=773       p90=1,928     p99=4,453 (tokens)
                           tot  in=7,706,861      out=70,424
                           trace theoretical_prefix_cache_hit=92.2%
                           srv  prefix_cache_hit=2.5% unique_in_srv=741,966,707 kv_usage=35.8% queue=2r/3w tput_in_srv=13,918/s tput_out_srv=125/s
2026-06-02 22:32:18.603 - records_manager - INFO - [realtime 09:01 profiling] rps=0.1 (avg 0.2) tput_in=14742/s tput_out=133/s done=113 ok=113 err=0
                           ttft p50=5475ms p75=13240ms p95=25728ms p99=33040ms
                           itl  p50=16ms   p75=28ms   p95=43ms   p99=51ms
                           e2e  p50=16430ms p75=29719ms p95=74852ms p99=97281ms
                           intvty p50=63     p75=86     p95=109    p99=127 (1/tpot tok/s)
                           isl  p50=74,025    p75=88,385    p90=111,257   p99=196,640 (tokens)
                           osl  p50=283       p75=754       p90=1,880     p99=4,406 (tokens)
                           tot  in=7,935,663      out=71,450
                           trace theoretical_prefix_cache_hit=92.4%
                           srv  prefix_cache_hit=3.6% unique_in_srv=768,183,026 kv_usage=86.3% queue=4r/1w tput_in_srv=14,100/s tput_out_srv=124/s
2026-06-02 22:32:48.791 - records_manager - INFO - [realtime 09:31 profiling] rps=0.1 (avg 0.2) tput_in=14612/s tput_out=133/s done=115 ok=115 err=0
                           ttft p50=5496ms p75=13273ms p95=25693ms p99=32941ms
                           itl  p50=16ms   p75=28ms   p95=43ms   p99=51ms
                           e2e  p50=16698ms p75=30637ms p95=74144ms p99=97250ms
                           intvty p50=63     p75=86     p95=109    p99=127 (1/tpot tok/s)
                           isl  p50=74,119    p75=88,449    p90=112,747   p99=199,602 (tokens)
                           osl  p50=294       p75=791       p90=1,975     p99=4,382 (tokens)
                           tot  in=8,235,312      out=74,724
                           trace theoretical_prefix_cache_hit=91.5%
                           srv  prefix_cache_hit=3.1% unique_in_srv=876,233,049 kv_usage=87.2% queue=6r/0w tput_in_srv=13,996/s tput_out_srv=127/s
2026-06-02 22:33:19.012 - records_manager - INFO - [realtime 10:02 profiling] rps=0.5 (avg 0.2) tput_in=15480/s tput_out=146/s done=130 ok=130 err=0
                           ttft p50=5321ms p75=13581ms p95=25082ms p99=32203ms
                           itl  p50=15ms   p75=27ms   p95=44ms   p99=50ms
                           e2e  p50=16118ms p75=31302ms p95=78352ms p99=97015ms
                           intvty p50=65     p75=88     p95=111    p99=126 (1/tpot tok/s)
                           isl  p50=74,072    p75=88,978    p90=111,816   p99=199,131 (tokens)
                           osl  p50=288       p75=764       p90=2,009     p99=4,467 (tokens)
                           tot  in=9,293,871      out=87,449
                           trace theoretical_prefix_cache_hit=92.1%
                           srv  prefix_cache_hit=3.2% unique_in_srv=876,257,255 kv_usage=27.6% queue=2r/0w tput_in_srv=14,304/s tput_out_srv=134/s
2026-06-02 22:33:49.281 - records_manager - INFO - [realtime 10:32 profiling] rps=0.3 (avg 0.2) tput_in=16125/s tput_out=147/s done=138 ok=138 err=0
                           ttft p50=4678ms p75=13290ms p95=24547ms p99=31809ms
                           itl  p50=15ms   p75=26ms   p95=42ms   p99=50ms
                           e2e  p50=15115ms p75=30433ms p95=78306ms p99=96890ms
                           intvty p50=66     p75=93     p95=115    p99=126 (1/tpot tok/s)
                           isl  p50=73,914    p75=89,035    p90=113,284   p99=198,880 (tokens)
                           osl  p50=288       p75=764       p90=1,940     p99=4,451 (tokens)
                           tot  in=9,915,286      out=90,624
                           trace theoretical_prefix_cache_hit=92.5%
                           srv  prefix_cache_hit=3.3% unique_in_srv=876,458,376 kv_usage=58.4% queue=2r/5w tput_in_srv=14,668/s tput_out_srv=132/s
2026-06-02 22:34:19.523 - records_manager - INFO - [realtime 11:02 profiling] rps=0.1 (avg 0.2) tput_in=15347/s tput_out=139/s done=140 ok=140 err=0
                           ttft p50=4678ms p75=13323ms p95=24413ms p99=31710ms
                           itl  p50=15ms   p75=26ms   p95=45ms   p99=50ms
                           e2e  p50=15404ms p75=30569ms p95=78295ms p99=96858ms
                           intvty p50=66     p75=93     p95=114    p99=126 (1/tpot tok/s)
                           isl  p50=74,072    p75=89,088    p90=113,797   p99=198,817 (tokens)
                           osl  p50=288       p75=782       p90=1,916     p99=4,446 (tokens)
                           tot  in=10,135,143     out=91,802
                           trace theoretical_prefix_cache_hit=92.7%
                           srv  prefix_cache_hit=3.0% unique_in_srv=955,935,060 kv_usage=84.1% queue=5r/1w tput_in_srv=14,789/s tput_out_srv=132/s
2026-06-02 22:34:49.814 - records_manager - INFO - [realtime 11:33 profiling] rps=0.1 (avg 0.2) tput_in=15110/s tput_out=136/s done=143 ok=143 err=0
                           ttft p50=5074ms p75=13828ms p95=25907ms p99=33595ms
                           itl  p50=15ms   p75=26ms   p95=45ms   p99=50ms
                           e2e  p50=15547ms p75=31059ms p95=78277ms p99=96811ms
                           intvty p50=66     p75=93     p95=114    p99=126 (1/tpot tok/s)
                           isl  p50=74,128    p75=89,693    p90=113,447   p99=198,723 (tokens)
                           osl  p50=283       p75=791       p90=1,880     p99=4,440 (tokens)
                           tot  in=10,414,511     out=93,614
                           trace theoretical_prefix_cache_hit=92.8%
                           srv  prefix_cache_hit=5.2% unique_in_srv=1,033,356,862 kv_usage=89.1% queue=5r/2w tput_in_srv=14,548/s tput_out_srv=134/s
2026-06-02 22:35:20.096 - records_manager - INFO - [realtime 12:03 profiling] rps=0.2 (avg 0.2) tput_in=15218/s tput_out=138/s done=148 ok=148 err=0
                           ttft p50=5321ms p75=15100ms p95=27292ms p99=33590ms
                           itl  p50=15ms   p75=27ms   p95=45ms   p99=50ms
                           e2e  p50=16564ms p75=32403ms p95=78364ms p99=96733ms
                           intvty p50=65     p75=90     p95=114    p99=126 (1/tpot tok/s)
                           isl  p50=74,468    p75=90,129    p90=115,794   p99=201,743 (tokens)
                           osl  p50=288       p75=824       p90=1,940     p99=4,430 (tokens)
                           tot  in=10,948,773     out=99,600
                           trace theoretical_prefix_cache_hit=92.9%
                           srv  prefix_cache_hit=6.0% unique_in_srv=1,066,361,783 kv_usage=92.3% queue=5r/0w tput_in_srv=14,656/s tput_out_srv=132/s
2026-06-02 22:35:50.370 - records_manager - INFO - [realtime 12:33 profiling] rps=0.3 (avg 0.2) tput_in=15910/s tput_out=144/s done=157 ok=157 err=0
                           ttft p50=5168ms p75=15192ms p95=28469ms p99=33580ms
                           itl  p50=15ms   p75=27ms   p95=45ms   p99=50ms
                           e2e  p50=15805ms p75=32827ms p95=79832ms p99=103383ms
                           intvty p50=66     p75=93     p95=118    p99=128 (1/tpot tok/s)
                           isl  p50=77,667    p75=91,334    p90=116,030   p99=201,455 (tokens)
                           osl  p50=294       p75=839       p90=1,951     p99=4,411 (tokens)
                           tot  in=11,746,394     out=105,964
                           trace theoretical_prefix_cache_hit=93.3%
                           srv  prefix_cache_hit=6.1% unique_in_srv=1,066,631,891 kv_usage=48.0% queue=3r/1w tput_in_srv=14,826/s tput_out_srv=132/s
2026-06-02 22:36:20.644 - records_manager - INFO - [realtime 13:03 profiling] rps=0.1 (avg 0.2) tput_in=15442/s tput_out=140/s done=160 ok=160 err=0
                           ttft p50=5321ms p75=15100ms p95=28439ms p99=33577ms
                           itl  p50=15ms   p75=27ms   p95=45ms   p99=50ms
                           e2e  p50=16564ms p75=33021ms p95=79112ms p99=102995ms
                           intvty p50=65     p75=92     p95=118    p99=128 (1/tpot tok/s)
                           isl  p50=78,476    p75=91,472    p90=117,072   p99=201,358 (tokens)
                           osl  p50=298       p75=856       p90=1,916     p99=4,404 (tokens)
                           tot  in=12,031,633     out=109,384
                           trace theoretical_prefix_cache_hit=92.5%
                           srv  prefix_cache_hit=4.8% unique_in_srv=1,366,211,909 kv_usage=54.9% queue=4r/0w tput_in_srv=14,710/s tput_out_srv=136/s
2026-06-02 22:36:50.987 - records_manager - INFO - [realtime 13:34 profiling] rps=0.1 (avg 0.2) tput_in=15262/s tput_out=135/s done=162 ok=162 err=0
                           ttft p50=5485ms p75=15484ms p95=28697ms p99=36893ms
                           itl  p50=15ms   p75=27ms   p95=46ms   p99=105ms
                           e2e  p50=16712ms p75=33523ms p95=78632ms p99=102737ms
                           intvty p50=65     p75=91     p95=118    p99=128 (1/tpot tok/s)
                           isl  p50=79,706    p75=91,662    p90=117,333   p99=208,988 (tokens)
                           osl  p50=296       p75=848       p90=1,892     p99=4,400 (tokens)
                           tot  in=12,341,416     out=109,567
                           trace theoretical_prefix_cache_hit=92.7%
                           srv  prefix_cache_hit=4.7% unique_in_srv=1,382,879,098 kv_usage=68.6% queue=4r/2w tput_in_srv=14,564/s tput_out_srv=132/s
2026-06-02 22:37:21.275 - records_manager - INFO - [realtime 14:04 profiling] rps=0.1 (avg 0.2) tput_in=15021/s tput_out=133/s done=166 ok=166 err=0
                           ttft p50=5497ms p75=16293ms p95=29233ms p99=36575ms
                           itl  p50=15ms   p75=27ms   p95=47ms   p99=111ms
                           e2e  p50=16960ms p75=34551ms p95=78375ms p99=102220ms
                           intvty p50=65     p75=90     p95=117    p99=128 (1/tpot tok/s)
                           isl  p50=80,772    p75=91,959    p90=117,528   p99=208,422 (tokens)
                           osl  p50=288       p75=848       p90=1,963     p99=4,392 (tokens)
                           tot  in=12,652,184     out=111,714
                           trace theoretical_prefix_cache_hit=92.7%
                           srv  prefix_cache_hit=4.8% unique_in_srv=1,453,487,520 kv_usage=86.7% queue=4r/1w tput_in_srv=14,645/s tput_out_srv=130/s
2026-06-02 22:37:51.588 - records_manager - INFO - [realtime 14:34 profiling] rps=0.3 (avg 0.2) tput_in=15334/s tput_out=137/s done=174 ok=174 err=0
                           ttft p50=5497ms p75=16293ms p95=28939ms p99=35940ms
                           itl  p50=15ms   p75=27ms   p95=46ms   p99=101ms
                           e2e  p50=16960ms p75=34995ms p95=84901ms p99=112456ms
                           intvty p50=65     p75=88     p95=115    p99=128 (1/tpot tok/s)
                           isl  p50=83,572    p75=92,324    p90=117,267   p99=207,290 (tokens)
                           osl  p50=298       p75=848       p90=2,022     p99=4,375 (tokens)
                           tot  in=13,318,152     out=119,338
                           trace theoretical_prefix_cache_hit=92.8%
                           srv  prefix_cache_hit=4.6% unique_in_srv=1,531,011,772 kv_usage=67.7% queue=3r/2w tput_in_srv=14,674/s tput_out_srv=130/s
2026-06-02 22:38:21.928 - records_manager - INFO - [realtime 15:05 profiling] rps=0.1 (avg 0.2) tput_in=15100/s tput_out=134/s done=176 ok=176 err=0
                           ttft p50=5716ms p75=16377ms p95=28866ms p99=35781ms
                           itl  p50=15ms   p75=28ms   p95=47ms   p99=216ms
                           e2e  p50=17269ms p75=35241ms p95=84521ms p99=112312ms
                           intvty p50=65     p75=88     p95=115    p99=128 (1/tpot tok/s)
                           isl  p50=84,248    p75=92,448    p90=117,528   p99=207,007 (tokens)
                           osl  p50=298       p75=856       p90=2,017     p99=4,371 (tokens)
                           tot  in=13,607,796     out=121,101
                           trace theoretical_prefix_cache_hit=92.5%
                           srv  prefix_cache_hit=4.5% unique_in_srv=1,564,568,965 kv_usage=89.0% queue=5r/1w tput_in_srv=14,662/s tput_out_srv=128/s
2026-06-02 22:38:52.246 - records_manager - INFO - [realtime 15:35 profiling] rps=0.2 (avg 0.2) tput_in=15050/s tput_out=134/s done=181 ok=181 err=0
                           ttft p50=6076ms p75=16986ms p95=29390ms p99=35384ms
                           itl  p50=15ms   p75=28ms   p95=47ms   p99=210ms
                           e2e  p50=17457ms p75=37330ms p95=83571ms p99=111951ms
                           intvty p50=65     p75=88     p95=114    p99=128 (1/tpot tok/s)
                           isl  p50=84,380    p75=92,594    p90=117,365   p99=206,300 (tokens)
                           osl  p50=307       p75=876       p90=2,004     p99=4,360 (tokens)
                           tot  in=13,991,101     out=125,040
                           trace theoretical_prefix_cache_hit=92.6%
                           srv  prefix_cache_hit=4.3% unique_in_srv=1,635,642,472 kv_usage=88.8% queue=4r/1w tput_in_srv=14,577/s tput_out_srv=128/s
2026-06-02 22:39:22.611 - records_manager - INFO - [realtime 16:05 profiling] rps=0.1 (avg 0.2) tput_in=14990/s tput_out=135/s done=185 ok=185 err=0
                           ttft p50=6539ms p75=17170ms p95=29768ms p99=36882ms
                           itl  p50=15ms   p75=28ms   p95=47ms   p99=206ms
                           e2e  p50=18758ms p75=37330ms p95=82711ms p99=111662ms
                           intvty p50=65     p75=88     p95=114    p99=128 (1/tpot tok/s)
                           isl  p50=85,344    p75=92,741    p90=117,235   p99=205,734 (tokens)
                           osl  p50=317       p75=990       p90=1,975     p99=4,352 (tokens)
                           tot  in=14,333,388     out=128,899
                           trace theoretical_prefix_cache_hit=92.7%
                           srv  prefix_cache_hit=3.8% unique_in_srv=1,862,856,678 kv_usage=68.5% queue=2r/5w tput_in_srv=14,334/s tput_out_srv=129/s
2026-06-02 22:39:52.957 - records_manager - INFO - [realtime 16:36 profiling] rps=0.0 (avg 0.2) tput_in=14756/s tput_out=134/s done=186 ok=186 err=0
                           ttft p50=6560ms p75=17348ms p95=29744ms p99=36825ms
                           itl  p50=16ms   p75=28ms   p95=47ms   p99=204ms
                           e2e  p50=18782ms p75=38587ms p95=86422ms p99=118619ms
                           intvty p50=64     p75=87     p95=114    p99=128 (1/tpot tok/s)
                           isl  p50=85,379    p75=92,798    p90=117,528   p99=217,335 (tokens)
                           osl  p50=317       p75=997       p90=2,017     p99=4,350 (tokens)
                           tot  in=14,550,723     out=132,446
                           trace theoretical_prefix_cache_hit=92.8%
                           srv  prefix_cache_hit=3.6% unique_in_srv=1,947,121,253 kv_usage=82.2% queue=4r/2w tput_in_srv=14,294/s tput_out_srv=127/s
2026-06-02 22:40:23.343 - records_manager - INFO - [realtime 17:06 profiling] rps=0.2 (avg 0.2) tput_in=14639/s tput_out=133/s done=191 ok=191 err=0
                           ttft p50=6981ms p75=18545ms p95=33152ms p99=51718ms
                           itl  p50=16ms   p75=28ms   p95=47ms   p99=198ms
                           e2e  p50=19542ms p75=41520ms p95=85471ms p99=118314ms
                           intvty p50=64     p75=87     p95=113    p99=128 (1/tpot tok/s)
                           isl  p50=85,680    p75=93,255    p90=117,365   p99=217,335 (tokens)
                           osl  p50=339       p75=999       p90=2,004     p99=4,339 (tokens)
                           tot  in=14,984,147     out=136,426
                           trace theoretical_prefix_cache_hit=92.9%
                           srv  prefix_cache_hit=3.4% unique_in_srv=2,084,800,684 kv_usage=54.3% queue=2r/2w tput_in_srv=14,159/s tput_out_srv=128/s
2026-06-02 22:40:53.760 - records_manager - INFO - [realtime 17:36 profiling] rps=0.0 (avg 0.2) tput_in=14560/s tput_out=133/s done=192 ok=192 err=0
                           ttft p50=7019ms p75=18846ms p95=33590ms p99=51711ms
                           itl  p50=16ms   p75=28ms   p95=46ms   p99=197ms
                           e2e  p50=19666ms p75=41693ms p95=87358ms p99=118253ms
                           intvty p50=64     p75=87     p95=113    p99=128 (1/tpot tok/s)
                           isl  p50=85,877    p75=93,308    p90=117,659   p99=217,335 (tokens)
                           osl  p50=342       p75=1,004     p90=2,025     p99=4,337 (tokens)
                           tot  in=15,225,914     out=138,891
                           trace theoretical_prefix_cache_hit=92.7%
                           srv  prefix_cache_hit=3.4% unique_in_srv=2,113,642,277 kv_usage=83.4% queue=4r/3w tput_in_srv=14,130/s tput_out_srv=125/s
2026-06-02 22:41:24.110 - records_manager - INFO - [realtime 18:07 profiling] rps=0.2 (avg 0.2) tput_in=14542/s tput_out=130/s done=197 ok=197 err=0
                           ttft p50=7623ms p75=20186ms p95=37677ms p99=51676ms
                           itl  p50=16ms   p75=28ms   p95=47ms   p99=191ms
                           e2e  p50=19956ms p75=42174ms p95=87191ms p99=117949ms
                           intvty p50=64     p75=87     p95=113    p99=127 (1/tpot tok/s)
                           isl  p50=86,074    p75=93,551    p90=117,496   p99=217,335 (tokens)
                           osl  p50=339       p75=998       p90=2,014     p99=4,327 (tokens)
                           tot  in=15,681,793     out=140,540
                           trace theoretical_prefix_cache_hit=92.8%
                           srv  prefix_cache_hit=3.3% unique_in_srv=2,184,216,746 kv_usage=84.0% queue=4r/1w tput_in_srv=14,119/s tput_out_srv=124/s
2026-06-02 22:41:54.503 - records_manager - INFO - [realtime 18:37 profiling] rps=0.1 (avg 0.2) tput_in=14480/s tput_out=129/s done=201 ok=201 err=0
                           ttft p50=8114ms p75=20186ms p95=36591ms p99=51649ms
                           itl  p50=16ms   p75=28ms   p95=48ms   p99=187ms
                           e2e  p50=19956ms p75=42174ms p95=87058ms p99=117705ms
                           intvty p50=63     p75=87     p95=113    p99=127 (1/tpot tok/s)
                           isl  p50=86,074    p75=93,780    p90=117,365   p99=217,335 (tokens)
                           osl  p50=339       p75=990       p90=2,004     p99=4,318 (tokens)
                           tot  in=15,975,198     out=142,170
                           trace theoretical_prefix_cache_hit=93.0%
                           srv  prefix_cache_hit=3.2% unique_in_srv=2,305,901,106 kv_usage=86.1% queue=3r/5w tput_in_srv=14,079/s tput_out_srv=125/s
2026-06-02 22:42:24.871 - records_manager - INFO - [realtime 19:08 profiling] rps=0.1 (avg 0.2) tput_in=14509/s tput_out=130/s done=205 ok=205 err=0
                           ttft p50=8748ms p75=20780ms p95=36028ms p99=51535ms
                           itl  p50=16ms   p75=28ms   p95=48ms   p99=300ms
                           e2e  p50=20077ms p75=43324ms p95=87591ms p99=123553ms
                           intvty p50=61     p75=86     p95=113    p99=127 (1/tpot tok/s)
                           isl  p50=87,039    p75=94,212    p90=117,561   p99=217,335 (tokens)
                           osl  p50=345       p75=1,002     p90=2,019     p99=4,301 (tokens)
                           tot  in=16,517,231     out=148,456
                           trace theoretical_prefix_cache_hit=93.1%
                           srv  prefix_cache_hit=2.8% unique_in_srv=2,593,956,527 kv_usage=40.2% queue=2r/4w tput_in_srv=13,867/s tput_out_srv=125/s
2026-06-02 22:42:55.295 - records_manager - INFO - [realtime 19:38 profiling] rps=0.0 (avg 0.2) tput_in=14509/s tput_out=130/s done=205 ok=205 err=0
                           ttft p50=8748ms p75=20780ms p95=36028ms p99=51535ms
                           itl  p50=16ms   p75=28ms   p95=48ms   p99=300ms
                           e2e  p50=20077ms p75=43324ms p95=87591ms p99=123553ms
                           intvty p50=61     p75=86     p95=113    p99=127 (1/tpot tok/s)
                           isl  p50=87,039    p75=94,212    p90=117,561   p99=217,335 (tokens)
                           osl  p50=345       p75=1,002     p90=2,019     p99=4,301 (tokens)
                           tot  in=16,517,231     out=148,456
                           trace theoretical_prefix_cache_hit=93.1%
                           srv  prefix_cache_hit=2.8% unique_in_srv=2,626,720,350 kv_usage=92.0% queue=4r/4w tput_in_srv=13,858/s tput_out_srv=123/s
2026-06-02 22:43:25.691 - records_manager - INFO - [realtime 20:08 profiling] rps=0.1 (avg 0.2) tput_in=14028/s tput_out=127/s done=209 ok=209 err=0
                           ttft p50=8814ms p75=21681ms p95=41703ms p99=56639ms
                           itl  p50=16ms   p75=28ms   p95=48ms   p99=295ms
                           e2e  p50=20398ms p75=45698ms p95=90207ms p99=123310ms
                           intvty p50=63     p75=86     p95=113    p99=127 (1/tpot tok/s)
                           isl  p50=87,039    p75=94,478    p90=117,430   p99=217,335 (tokens)
                           osl  p50=345       p75=1,010     p90=2,028     p99=4,275 (tokens)
                           tot  in=16,844,444     out=152,118
                           trace theoretical_prefix_cache_hit=93.0%
                           srv  prefix_cache_hit=2.7% unique_in_srv=2,739,090,664 kv_usage=90.5% queue=3r/3w tput_in_srv=13,780/s tput_out_srv=123/s
2026-06-02 22:43:56.175 - records_manager - INFO - [realtime 20:39 profiling] rps=0.1 (avg 0.2) tput_in=14104/s tput_out=127/s done=211 ok=211 err=0
                           ttft p50=8860ms p75=21990ms p95=41902ms p99=58987ms
                           itl  p50=16ms   p75=28ms   p95=48ms   p99=293ms
                           e2e  p50=20998ms p75=48065ms p95=91317ms p99=123327ms
                           intvty p50=63     p75=86     p95=113    p99=127 (1/tpot tok/s)
                           isl  p50=87,109    p75=94,502    p90=117,692   p99=223,406 (tokens)
                           osl  p50=345       p75=1,013     p90=2,034     p99=4,262 (tokens)
                           tot  in=17,205,035     out=155,003
                           trace theoretical_prefix_cache_hit=93.1%
                           srv  prefix_cache_hit=2.4% unique_in_srv=3,027,760,544 kv_usage=63.9% queue=2r/5w tput_in_srv=13,465/s tput_out_srv=122/s
2026-06-02 22:44:26.584 - records_manager - INFO - [realtime 21:09 profiling] rps=0.1 (avg 0.2) tput_in=13830/s tput_out=123/s done=214 ok=214 err=0
                           ttft p50=9775ms p75=22540ms p95=47527ms p99=58919ms
                           itl  p50=16ms   p75=27ms   p95=48ms   p99=289ms
                           e2e  p50=21509ms p75=50783ms p95=91312ms p99=123197ms
                           intvty p50=63     p75=86     p95=112    p99=127 (1/tpot tok/s)
                           isl  p50=87,535    p75=95,164    p90=117,593   p99=223,208 (tokens)
                           osl  p50=342       p75=1,008     p90=2,032     p99=4,242 (tokens)
                           tot  in=17,526,039     out=155,708
                           trace theoretical_prefix_cache_hit=93.2%
                           srv  prefix_cache_hit=2.4% unique_in_srv=3,094,529,977 kv_usage=83.7% queue=4r/2w tput_in_srv=13,605/s tput_out_srv=121/s
2026-06-02 22:44:57.028 - records_manager - INFO - [realtime 21:40 profiling] rps=0.1 (avg 0.2) tput_in=13712/s tput_out=122/s done=217 ok=217 err=0
                           ttft p50=10039ms p75=23103ms p95=47233ms p99=58852ms
                           itl  p50=16ms   p75=27ms   p95=48ms   p99=285ms
                           e2e  p50=22269ms p75=51162ms p95=91308ms p99=123067ms
                           intvty p50=64     p75=86     p95=112    p99=127 (1/tpot tok/s)
                           isl  p50=87,452    p75=95,093    p90=117,496   p99=223,010 (tokens)
                           osl  p50=345       p75=1,017     p90=2,029     p99=4,223 (tokens)
                           tot  in=17,746,446     out=158,371
                           trace theoretical_prefix_cache_hit=93.2%
                           srv  prefix_cache_hit=2.3% unique_in_srv=3,265,493,851 kv_usage=85.0% queue=3r/3w tput_in_srv=13,428/s tput_out_srv=123/s
2026-06-02 22:45:27.528 - records_manager - INFO - [realtime 22:10 profiling] rps=0.1 (avg 0.2) tput_in=13607/s tput_out=125/s done=220 ok=220 err=0
                           ttft p50=10180ms p75=23529ms p95=48612ms p99=60483ms
                           itl  p50=16ms   p75=27ms   p95=48ms   p99=282ms
                           e2e  p50=22742ms p75=51204ms p95=91387ms p99=127480ms
                           intvty p50=64     p75=85     p95=112    p99=127 (1/tpot tok/s)
                           isl  p50=87,624    p75=95,500    p90=117,398   p99=222,812 (tokens)
                           osl  p50=346       p75=1,019     p90=2,034     p99=4,488 (tokens)
                           tot  in=18,065,454     out=165,924
                           trace theoretical_prefix_cache_hit=93.2%
                           srv  prefix_cache_hit=2.2% unique_in_srv=3,412,748,787 kv_usage=77.2% queue=4r/1w tput_in_srv=13,380/s tput_out_srv=123/s
2026-06-02 22:45:58.092 - records_manager - INFO - [realtime 22:41 profiling] rps=0.1 (avg 0.2) tput_in=13547/s tput_out=125/s done=224 ok=224 err=0
                           ttft p50=10331ms p75=24100ms p95=48506ms p99=60419ms
                           itl  p50=16ms   p75=27ms   p95=48ms   p99=277ms
                           e2e  p50=23028ms p75=51615ms p95=91327ms p99=127296ms
                           intvty p50=63     p75=85     p95=112    p99=127 (1/tpot tok/s)
                           isl  p50=87,535    p75=95,500    p90=117,267   p99=222,548 (tokens)
                           osl  p50=347       p75=1,019     p90=2,032     p99=4,480 (tokens)
                           tot  in=18,334,678     out=168,689
                           trace theoretical_prefix_cache_hit=93.2%
                           srv  prefix_cache_hit=2.1% unique_in_srv=3,514,337,973 kv_usage=98.9% queue=4r/2w tput_in_srv=13,388/s tput_out_srv=123/s
2026-06-02 22:46:28.611 - records_manager - INFO - [realtime 23:11 profiling] rps=0.1 (avg 0.2) tput_in=13519/s tput_out=123/s done=228 ok=228 err=0
                           ttft p50=10436ms p75=23734ms p95=48114ms p99=60356ms
                           itl  p50=16ms   p75=27ms   p95=48ms   p99=273ms
                           e2e  p50=23028ms p75=51204ms p95=91321ms p99=127113ms
                           intvty p50=64     p75=85     p95=112    p99=126 (1/tpot tok/s)
                           isl  p50=87,624    p75=96,033    p90=117,137   p99=222,284 (tokens)
                           osl  p50=347       p75=1,015     p90=2,028     p99=4,472 (tokens)
                           tot  in=18,689,622     out=170,478
                           trace theoretical_prefix_cache_hit=93.1%
                           srv  prefix_cache_hit=2.0% unique_in_srv=3,683,483,089 kv_usage=81.2% queue=3r/4w tput_in_srv=13,289/s tput_out_srv=124/s
2026-06-02 22:46:59.088 - records_manager - INFO - [realtime 23:42 profiling] rps=0.1 (avg 0.2) tput_in=13337/s tput_out=124/s done=230 ok=230 err=0
                           ttft p50=10512ms p75=23678ms p95=47919ms p99=60324ms
                           itl  p50=16ms   p75=27ms   p95=48ms   p99=270ms
                           e2e  p50=23904ms p75=51812ms p95=91318ms p99=127021ms
                           intvty p50=63     p75=85     p95=112    p99=126 (1/tpot tok/s)
                           isl  p50=87,624    p75=96,262    p90=117,072   p99=222,152 (tokens)
                           osl  p50=359       p75=1,024     p90=2,044     p99=4,467 (tokens)
                           tot  in=18,878,235     out=175,222
                           trace theoretical_prefix_cache_hit=93.2%
                           srv  prefix_cache_hit=1.9% unique_in_srv=3,868,140,103 kv_usage=87.7% queue=3r/3w tput_in_srv=13,096/s tput_out_srv=125/s
2026-06-02 22:47:29.554 - records_manager - INFO - [realtime 24:12 profiling] rps=0.1 (avg 0.2) tput_in=13440/s tput_out=128/s done=234 ok=234 err=0
                           ttft p50=11142ms p75=24354ms p95=48925ms p99=62177ms
                           itl  p50=16ms   p75=27ms   p95=48ms   p99=265ms
                           e2e  p50=24883ms p75=52091ms p95=91506ms p99=148312ms
                           intvty p50=64     p75=85     p95=111    p99=126 (1/tpot tok/s)
                           isl  p50=87,702    p75=96,462    p90=117,267   p99=227,250 (tokens)
                           osl  p50=347       p75=1,024     p90=2,058     p99=4,546 (tokens)
                           tot  in=19,411,092     out=184,728
                           trace theoretical_prefix_cache_hit=93.0%
                           srv  prefix_cache_hit=1.9% unique_in_srv=3,944,282,220 kv_usage=62.1% queue=4r/2w tput_in_srv=13,153/s tput_out_srv=124/s
2026-06-02 22:48:00.058 - records_manager - INFO - [realtime 24:43 profiling] rps=0.2 (avg 0.2) tput_in=13586/s tput_out=128/s done=241 ok=241 err=0
                           ttft p50=11547ms p75=24387ms p95=48717ms p99=62033ms
                           itl  p50=16ms   p75=27ms   p95=47ms   p99=257ms
                           e2e  p50=25689ms p75=52149ms p95=92139ms p99=146278ms
                           intvty p50=61     p75=85     p95=111    p99=126 (1/tpot tok/s)
                           isl  p50=88,048    p75=96,462    p90=117,039   p99=226,914 (tokens)
                           osl  p50=348       p75=1,018     p90=2,064     p99=4,544 (tokens)
                           tot  in=20,123,143     out=190,100
                           trace theoretical_prefix_cache_hit=93.1%
                           srv  prefix_cache_hit=1.9% unique_in_srv=3,978,831,665 kv_usage=18.8% queue=2r/0w tput_in_srv=13,209/s tput_out_srv=124/s
2026-06-02 22:48:30.593 - records_manager - INFO - [realtime 25:13 profiling] rps=0.1 (avg 0.2) tput_in=13501/s tput_out=126/s done=243 ok=243 err=0
                           ttft p50=11547ms p75=24320ms p95=48657ms p99=61992ms
                           itl  p50=17ms   p75=27ms   p95=48ms   p99=255ms
                           e2e  p50=25465ms p75=52034ms p95=91724ms p99=145697ms
                           intvty p50=61     p75=85     p95=111    p99=126 (1/tpot tok/s)
                           isl  p50=88,118    p75=96,462    p90=116,974   p99=226,818 (tokens)
                           osl  p50=346       p75=1,016     p90=2,061     p99=4,543 (tokens)
                           tot  in=20,329,642     out=190,386
                           trace theoretical_prefix_cache_hit=93.1%
                           srv  prefix_cache_hit=1.9% unique_in_srv=4,024,880,395 kv_usage=96.9% queue=5r/2w tput_in_srv=13,356/s tput_out_srv=123/s
2026-06-02 22:49:01.113 - records_manager - INFO - [realtime 25:44 profiling] rps=0.1 (avg 0.2) tput_in=13520/s tput_out=127/s done=246 ok=246 err=0
                           ttft p50=11364ms p75=24240ms p95=48649ms p99=61930ms
                           itl  p50=17ms   p75=27ms   p95=48ms   p99=251ms
                           e2e  p50=25577ms p75=51812ms p95=91664ms p99=144825ms
                           intvty p50=60     p75=85     p95=111    p99=126 (1/tpot tok/s)
                           isl  p50=88,228    p75=96,462    p90=117,202   p99=226,673 (tokens)
                           osl  p50=359       p75=1,017     p90=2,054     p99=4,542 (tokens)
                           tot  in=20,645,838     out=193,399
                           trace theoretical_prefix_cache_hit=93.1%
                           srv  prefix_cache_hit=1.7% unique_in_srv=4,355,192,257 kv_usage=76.0% queue=3r/4w tput_in_srv=13,105/s tput_out_srv=124/s
2026-06-02 22:49:31.648 - records_manager - INFO - [realtime 26:14 profiling] rps=0.1 (avg 0.2) tput_in=13332/s tput_out=127/s done=249 ok=249 err=0
                           ttft p50=11370ms p75=24267ms p95=48641ms p99=61868ms
                           itl  p50=17ms   p75=27ms   p95=48ms   p99=248ms
                           e2e  p50=25830ms p75=52149ms p95=94628ms p99=143953ms
                           intvty p50=60     p75=84     p95=111    p99=126 (1/tpot tok/s)
                           isl  p50=88,338    p75=96,462    p90=117,104   p99=226,529 (tokens)
                           osl  p50=370       p75=1,028     p90=2,113     p99=4,541 (tokens)
                           tot  in=20,930,280     out=198,860
                           trace theoretical_prefix_cache_hit=93.2%
                           srv  prefix_cache_hit=1.7% unique_in_srv=4,458,662,537 kv_usage=83.5% queue=3r/3w tput_in_srv=13,141/s tput_out_srv=123/s
2026-06-02 22:50:02.159 - records_manager - INFO - [realtime 26:45 profiling] rps=0.1 (avg 0.2) tput_in=13269/s tput_out=126/s done=251 ok=251 err=0
                           ttft p50=11547ms p75=24454ms p95=48636ms p99=61826ms
                           itl  p50=17ms   p75=27ms   p95=48ms   p99=245ms
                           e2e  p50=25997ms p75=52263ms p95=94213ms p99=143372ms
                           intvty p50=60     p75=84     p95=111    p99=125 (1/tpot tok/s)
                           isl  p50=88,432    p75=98,344    p90=117,365   p99=226,433 (tokens)
                           osl  p50=376       p75=1,035     p90=2,095     p99=4,541 (tokens)
                           tot  in=21,179,878     out=200,597
                           trace theoretical_prefix_cache_hit=93.1%
                           srv  prefix_cache_hit=1.6% unique_in_srv=4,594,190,608 kv_usage=89.8% queue=3r/2w tput_in_srv=13,112/s tput_out_srv=123/s
2026-06-02 22:50:32.731 - records_manager - INFO - [realtime 27:15 profiling] rps=0.1 (avg 0.2) tput_in=13181/s tput_out=124/s done=254 ok=254 err=0
                           ttft p50=13020ms p75=24925ms p95=48925ms p99=62204ms
                           itl  p50=17ms   p75=27ms   p95=48ms   p99=242ms
                           e2e  p50=26437ms p75=52357ms p95=93591ms p99=142500ms
                           intvty p50=60     p75=85     p95=111    p99=125 (1/tpot tok/s)
                           isl  p50=88,526    p75=98,560    p90=117,593   p99=226,289 (tokens)
                           osl  p50=392       p75=1,024     p90=2,075     p99=4,540 (tokens)
                           tot  in=21,525,655     out=202,067
                           trace theoretical_prefix_cache_hit=93.2%
                           srv  prefix_cache_hit=1.6% unique_in_srv=4,755,414,499 kv_usage=74.3% queue=3r/4w tput_in_srv=13,014/s tput_out_srv=123/s
2026-06-02 22:51:03.260 - records_manager - INFO - [realtime 27:46 profiling] rps=0.0 (avg 0.2) tput_in=13089/s tput_out=125/s done=255 ok=255 err=0
                           ttft p50=13052ms p75=25202ms p95=48896ms p99=62192ms
                           itl  p50=17ms   p75=27ms   p95=48ms   p99=241ms
                           e2e  p50=26489ms p75=52481ms p95=96498ms p99=157623ms
                           intvty p50=60     p75=85     p95=111    p99=125 (1/tpot tok/s)
                           isl  p50=88,604    p75=99,210    p90=117,890   p99=229,509 (tokens)
                           osl  p50=405       p75=1,035     p90=2,149     p99=4,970 (tokens)
                           tot  in=21,755,998     out=207,486
                           trace theoretical_prefix_cache_hit=93.2%
                           srv  prefix_cache_hit=1.5% unique_in_srv=4,982,386,739 kv_usage=58.4% queue=3r/4w tput_in_srv=12,852/s tput_out_srv=124/s
2026-06-02 22:51:33.813 - records_manager - INFO - [realtime 28:17 profiling] rps=0.1 (avg 0.2) tput_in=12984/s tput_out=123/s done=257 ok=257 err=0
                           ttft p50=13207ms p75=25411ms p95=49669ms p99=62168ms
                           itl  p50=17ms   p75=27ms   p95=47ms   p99=238ms
                           e2e  p50=26492ms p75=52842ms p95=96342ms p99=157611ms
                           intvty p50=60     p75=85     p95=111    p99=125 (1/tpot tok/s)
                           isl  p50=88,604    p75=99,210    p90=118,230   p99=229,477 (tokens)
                           osl  p50=405       p75=1,028     p90=2,131     p99=4,953 (tokens)
                           tot  in=21,953,167     out=208,210
                           trace theoretical_prefix_cache_hit=93.3%
                           srv  prefix_cache_hit=1.5% unique_in_srv=5,054,670,570 kv_usage=86.8% queue=4r/1w tput_in_srv=12,809/s tput_out_srv=124/s
2026-06-02 22:52:04.375 - records_manager - INFO - [realtime 28:47 profiling] rps=0.1 (avg 0.1) tput_in=12951/s tput_out=123/s done=260 ok=260 err=0
                           ttft p50=13259ms p75=26598ms p95=52021ms p99=63296ms
                           itl  p50=17ms   p75=27ms   p95=47ms   p99=235ms
                           e2e  p50=26617ms p75=53517ms p95=97711ms p99=157592ms
                           intvty p50=60     p75=85     p95=111    p99=125 (1/tpot tok/s)
                           isl  p50=88,997    p75=101,476   p90=118,524   p99=229,429 (tokens)
                           osl  p50=406       p75=1,032     p90=2,104     p99=4,927 (tokens)
                           tot  in=22,301,843     out=210,969
                           trace theoretical_prefix_cache_hit=93.3%
                           srv  prefix_cache_hit=1.5% unique_in_srv=5,160,029,241 kv_usage=87.3% queue=4r/2w tput_in_srv=12,788/s tput_out_srv=124/s
2026-06-02 22:52:34.923 - records_manager - INFO - [realtime 29:18 profiling] rps=0.1 (avg 0.1) tput_in=12975/s tput_out=124/s done=263 ok=263 err=0
                           ttft p50=13340ms p75=25907ms p95=51966ms p99=63263ms
                           itl  p50=17ms   p75=27ms   p95=47ms   p99=231ms
                           e2e  p50=26632ms p75=53612ms p95=99261ms p99=157573ms
                           intvty p50=60     p75=85     p95=111    p99=125 (1/tpot tok/s)
                           isl  p50=89,035    p75=104,160   p90=118,782   p99=229,381 (tokens)
                           osl  p50=406       p75=1,068     p90=2,167     p99=4,901 (tokens)
                           tot  in=22,634,196     out=216,171
                           trace theoretical_prefix_cache_hit=93.4%
                           srv  prefix_cache_hit=1.4% unique_in_srv=5,402,648,739 kv_usage=79.7% queue=3r/3w tput_in_srv=12,691/s tput_out_srv=124/s
2026-06-02 22:53:05.533 - records_manager - INFO - [realtime 29:48 profiling] rps=0.1 (avg 0.1) tput_in=12830/s tput_out=123/s done=265 ok=265 err=0
                           ttft p50=13498ms p75=26368ms p95=52294ms p99=63240ms
                           itl  p50=17ms   p75=27ms   p95=47ms   p99=229ms
                           e2e  p50=27509ms p75=53706ms p95=99078ms p99=157560ms
                           intvty p50=60     p75=85     p95=111    p99=125 (1/tpot tok/s)
                           isl  p50=89,105    p75=104,934   p90=118,708   p99=229,349 (tokens)
                           osl  p50=406       p75=1,082     p90=2,149     p99=4,884 (tokens)
                           tot  in=22,846,985     out=218,172
                           trace theoretical_prefix_cache_hit=93.4%
                           srv  prefix_cache_hit=1.4% unique_in_srv=5,522,502,522 kv_usage=83.7% queue=3r/2w tput_in_srv=12,701/s tput_out_srv=124/s
2026-06-02 22:53:16.809 - PhaseRunner - INFO - Timeout of 1799.999234215s elapsed for event 'profiling phase sending'
2026-06-02 22:53:16.809 - PhaseRunner - NOTICE - Phase profiling sending complete | sent=272, completed=266, in_flight=6 | sessions: sent=5, completed=3 | timeout_triggered=True
2026-06-02 22:53:16.809 - PhaseRunner - INFO - Waiting for event 'profiling phase credits returned' with timeout of 29.99868742600006s
2026-06-02 22:53:16.810 - records_manager - INFO - Sent 272 requests. Waiting for all to complete...
2026-06-02 22:53:36.099 - records_manager - INFO - [realtime 30:19 profiling] rps=0.1 (avg 0.1) tput_in=12781/s tput_out=126/s done=267 ok=267 err=0
                           ttft p50=13643ms p75=27382ms p95=52437ms p99=63218ms
                           itl  p50=17ms   p75=27ms   p95=47ms   p99=227ms
                           e2e  p50=28051ms p75=54449ms p95=99263ms p99=178744ms
                           intvty p50=60     p75=85     p95=111    p99=125 (1/tpot tok/s)
                           isl  p50=89,452    p75=106,672   p90=119,899   p99=229,317 (tokens)
                           osl  p50=427       p75=1,097     p90=2,205     p99=5,824 (tokens)
                           tot  in=23,105,567     out=227,565
                           trace theoretical_prefix_cache_hit=93.5%
                           srv  prefix_cache_hit=1.3% unique_in_srv=5,680,714,959 kv_usage=83.5% queue=3r/2w tput_in_srv=12,635/s tput_out_srv=124/s
2026-06-02 22:53:46.809 - PhaseRunner - INFO - Timeout of 29.99868742600006s elapsed for event 'profiling phase credits returned'
2026-06-02 22:53:46.809 - PhaseRunner - WARNING - Phase profiling timed out, cancelling all credits. Stats: sent=272, completed=268, cancelled=0, in_flight=4
2026-06-02 22:53:46.809 - StickyCreditRouter_c4746232 - INFO - Sent cancellation requests for 4 in-flight credits across 4 workers
2026-06-02 22:53:46.809 - PhaseRunner - INFO - Waiting for all cancelled credits to be returned for phase profiling. Need 4 more credits.
2026-06-02 22:53:46.810 - PhaseRunner - INFO - All cancelled credits returned for phase profiling
2026-06-02 22:53:46.810 - PhaseRunner - NOTICE - Phase profiling complete | completed=268, cancelled=4, errors=0 | sessions: completed=3, cancelled=0 | elapsed=1830.00s | grace_period_timeout=True
2026-06-02 22:53:46.811 - aiperf.timing.branch_orchestrator - INFO - BranchOrchestrator stats: spawned=3 completed=3 errored=0 suspended=2 resumed=2 parents_failed_due_to_child_error=0 joins_suppressed=1
2026-06-02 22:53:46.811 - PhaseOrchestrator_ff5111f4 - NOTICE - All credits completed
2026-06-02 22:53:46.811 - records_manager - INFO - Received CREDIT_PHASE_COMPLETE message, Phase complete: PhaseRecordsStats(phase=CreditPhase.PROFILING, start_ns=1780438996808475471, sent_end_ns=1780440796809486249, requests_end_ns=1780440826810923050, total_expected_requests=None, expected_duration_sec=None, expected_num_sessions=None, expected_grace_period_sec=None, final_requests_sent=None, final_requests_completed=268, final_requests_cancelled=4, final_request_errors=0, final_sent_sessions=None, final_completed_sessions=None, final_cancelled_sessions=None, timeout_triggered=True, grace_period_timeout_triggered=True, was_cancelled=False, records_end_ns=None, success_records=268, error_records=0)
2026-06-02 22:53:46.811 - system_controller - INFO - Received credits complete from 'timing_manager'
2026-06-02 22:53:46.811 - records_manager - NOTICE - All requests have completed, please wait for the results to be processed (currently 268 of 268 records processed)...
2026-06-02 22:53:46.812 - records_manager - INFO - Processed 268 valid requests and 0 errors (268 total).
2026-06-02 22:53:46.812 - records_manager - INFO - Received all records, processing now...
2026-06-02 22:53:46.812 - records_manager - INFO - All credits complete, please wait for the results to be processed...
2026-06-02 22:53:46.812 - server_metrics_manager - INFO - Server Metrics: Profiling complete, capturing final metrics...
2026-06-02 22:53:46.813 - records_manager - INFO - Waiting 2.0s for server metrics flush period...
2026-06-02 22:53:48.811 - records_manager - INFO - Processing records results...
2026-06-02 22:53:51.405 - RecordExportJSONLWriter_086eadf2 - WARNING - Timeout waiting for 0 pending flush tasks during shutdown. Cancelling tasks and proceeding with cleanup.
2026-06-02 22:53:51.599 - system_controller - INFO - Waiting for server metrics results...
2026-06-02 22:53:51.600 - system_controller - INFO - Waiting for server metrics results...
2026-06-02 22:53:52.853 - records_manager - INFO - _finalize_and_process_results completed
2026-06-02 22:53:53.433 - system_controller - INFO - All results received, initiating shutdown
2026-06-02 22:53:54.038 - ExporterManager - INFO - Exporting all records
2026-06-02 22:53:54.187 - aiperf.common.scenario.validator - INFO - Scenario 'inferencex-agentx-mvp': setting timing_mode=agentic_replay (was at default request_rate).
2026-06-02 22:53:55.628 - aiperf.common.scenario.validator - INFO - Scenario 'inferencex-agentx-mvp': setting timing_mode=agentic_replay (was at default request_rate).
2026-06-02 22:53:55.729 - ExporterManager - INFO - Exporting console data
