2026-06-04 04:38:23.659 - aiperf.cli_runner - INFO - Starting AIPerf System
2026-06-04 04:38:23.946 - server_metrics_manager - INFO - Server Metrics: Discovered 1 endpoints: ['http://localhost:8888/metrics']
2026-06-04 04:38:23.966 - system_controller - INFO - Registered Server Metrics Manager (id: 'server_metrics_manager')
2026-06-04 04:38:24.019 - system_controller - INFO - Registered Worker Manager (id: 'worker_manager')
2026-06-04 04:38:24.039 - GPUTelemetryJSONLWriter_259eb81f - INFO - GPU telemetry export enabled: /workspace/results/aiperf_artifacts/gpu_telemetry_export.jsonl
2026-06-04 04:38:24.041 - RecordExportJSONLWriter_e220564e - INFO - Record metrics export enabled: /workspace/results/aiperf_artifacts/profile_export.jsonl
2026-06-04 04:38:24.095 - system_controller - INFO - Registered Dataset Manager (id: 'dataset_manager')
2026-06-04 04:38:24.095 - system_controller - INFO - Registered Gpu Telemetry Manager (id: 'gpu_telemetry_manager')
2026-06-04 04:38:24.111 - system_controller - INFO - Registered Timing Manager (id: 'timing_manager')
2026-06-04 04:38:24.168 - system_controller - INFO - Registered Records Manager (id: 'records_manager')
2026-06-04 04:38:24.286 - system_controller - INFO - Registered Worker (id: 'worker_00e7ce82')
2026-06-04 04:38:24.286 - system_controller - INFO - Registered Worker (id: 'worker_d9a83473')
2026-06-04 04:38:24.287 - system_controller - INFO - Registered Worker (id: 'worker_b08b7850')
2026-06-04 04:38:24.287 - system_controller - INFO - Registered Worker (id: 'worker_01dcdf10')
2026-06-04 04:38:24.287 - system_controller - INFO - Registered Worker (id: 'worker_d734a4d4')
2026-06-04 04:38:24.287 - system_controller - INFO - Registered Worker (id: 'worker_9ea72369')
2026-06-04 04:38:24.287 - system_controller - INFO - Registered Worker (id: 'worker_8e48d038')
2026-06-04 04:38:24.287 - system_controller - INFO - Registered Worker (id: 'worker_1ebfe73c')
2026-06-04 04:38:24.288 - system_controller - INFO - Registered Worker (id: 'worker_109e0be7')
2026-06-04 04:38:24.288 - system_controller - INFO - Registered Worker (id: 'worker_37e00fa7')
2026-06-04 04:38:24.288 - system_controller - INFO - Registered Worker (id: 'worker_ac580f39')
2026-06-04 04:38:24.288 - system_controller - INFO - Registered Worker (id: 'worker_560be4d9')
2026-06-04 04:38:24.288 - system_controller - INFO - Registered Worker (id: 'worker_9a6f9d83')
2026-06-04 04:38:24.288 - system_controller - INFO - Registered Worker (id: 'worker_c2ba565c')
2026-06-04 04:38:24.288 - system_controller - INFO - Registered Worker (id: 'worker_791d8ad1')
2026-06-04 04:38:24.289 - system_controller - INFO - Registered Worker (id: 'worker_15681c9b')
2026-06-04 04:38:24.289 - system_controller - INFO - Registered Worker (id: 'worker_b9039a1d')
2026-06-04 04:38:24.289 - system_controller - INFO - Registered Worker (id: 'worker_c3f4288b')
2026-06-04 04:38:24.289 - system_controller - INFO - Registered Worker (id: 'worker_3ed45289')
2026-06-04 04:38:24.289 - system_controller - INFO - Registered Record Processor (id: 'record_processor_c7bfd212')
2026-06-04 04:38:24.289 - system_controller - INFO - Registered Worker (id: 'worker_85b77476')
2026-06-04 04:38:24.289 - system_controller - INFO - Registered Worker (id: 'worker_7abe501c')
2026-06-04 04:38:24.289 - system_controller - INFO - Registered Worker (id: 'worker_3058428a')
2026-06-04 04:38:24.289 - system_controller - INFO - Registered Worker (id: 'worker_408e334b')
2026-06-04 04:38:24.289 - system_controller - INFO - Registered Record Processor (id: 'record_processor_5b9902b8')
2026-06-04 04:38:24.290 - system_controller - INFO - Registered Record Processor (id: 'record_processor_51e61264')
2026-06-04 04:38:24.290 - system_controller - INFO - Registered Record Processor (id: 'record_processor_a6f9bb4d')
2026-06-04 04:38:24.292 - system_controller - INFO - Registered Worker (id: 'worker_55a495e3')
2026-06-04 04:38:24.299 - system_controller - INFO - Registered Worker (id: 'worker_bf892787')
2026-06-04 04:38:24.301 - system_controller - INFO - Registered Worker (id: 'worker_0b025843')
2026-06-04 04:38:24.302 - system_controller - INFO - Registered Worker (id: 'worker_4ee403cb')
2026-06-04 04:38:24.310 - system_controller - INFO - Registered Worker (id: 'worker_d0a2343d')
2026-06-04 04:38:24.311 - system_controller - INFO - Registered Worker (id: 'worker_376319a0')
2026-06-04 04:38:24.311 - system_controller - INFO - Registered Worker (id: 'worker_7f3b37c9')
2026-06-04 04:38:24.312 - system_controller - INFO - Registered Record Processor (id: 'record_processor_1b04c427')
2026-06-04 04:38:24.318 - system_controller - INFO - Registered Worker (id: 'worker_b4330aeb')
2026-06-04 04:38:24.319 - system_controller - INFO - Registered Worker (id: 'worker_67ec5c8d')
2026-06-04 04:38:24.351 - system_controller - INFO - Registered Record Processor (id: 'record_processor_553f03a1')
2026-06-04 04:38:24.352 - system_controller - INFO - Registered Record Processor (id: 'record_processor_38d0362d')
2026-06-04 04:38:24.412 - system_controller - INFO - AIPerf System is CONFIGURING
2026-06-04 04:38:24.413 - system_controller - INFO - Configuring all services to start profiling
2026-06-04 04:38:24.414 - InferenceResultParser_b28e69c5 - INFO - Tokenization is disabled for this endpoint, skipping tokenizer configuration
2026-06-04 04:38:24.414 - timing_manager - INFO - Waiting for dataset to be configured before configuring timing
2026-06-04 04:38:24.414 - InferenceResultParser_434438e9 - INFO - Tokenization is disabled for this endpoint, skipping tokenizer configuration
2026-06-04 04:38:24.414 - InferenceResultParser_d363b727 - INFO - Tokenization is disabled for this endpoint, skipping tokenizer configuration
2026-06-04 04:38:24.414 - InferenceResultParser_775251ad - INFO - Tokenization is disabled for this endpoint, skipping tokenizer configuration
2026-06-04 04:38:24.415 - InferenceResultParser_de2fadb2 - INFO - Tokenization is disabled for this endpoint, skipping tokenizer configuration
2026-06-04 04:38:24.415 - InferenceResultParser_30a1dd71 - INFO - Tokenization is disabled for this endpoint, skipping tokenizer configuration
2026-06-04 04:38:24.415 - InferenceResultParser_e6e16ad7 - INFO - Tokenization is disabled for this endpoint, skipping tokenizer configuration
2026-06-04 04:38:24.415 - InferenceResultParser_e3503d97 - INFO - Tokenization is disabled for this endpoint, skipping tokenizer configuration
2026-06-04 04:38:24.416 - system_controller - WARNING - Received command response for service we were not expecting: record_processor_2280bb86. Ignoring.
2026-06-04 04:38:24.423 - system_controller - INFO - GPU telemetry disabled - no DCGM endpoints reachable
2026-06-04 04:38:24.428 - server_metrics_manager - INFO - Server Metrics: Capturing baseline metrics...
2026-06-04 04:38:24.442 - http://localhost:8888/metrics - INFO - Skipping unsupported summary metric: http_request_size_bytes
2026-06-04 04:38:24.442 - http://localhost:8888/metrics - INFO - Skipping unsupported summary metric: http_response_size_bytes
2026-06-04 04:38:24.444 - system_controller - INFO - Server metrics enabled - 1/1 endpoint(s) reachable.
2026-06-04 04:38:24.449 - dataset_manager - INFO - Memory-mapped dataset cache HIT (key=f921ed09196f017e89b67d5e8eb9a265); skipping tokenizer + composer.
2026-06-04 04:38:24.452 - system_controller - INFO - Registered Record Processor (id: 'record_processor_2280bb86')
2026-06-04 04:38:24.965 - aiperf.dataset.mmap_cache - INFO - Restored mmap cache file dataset.dat via copy in 0.515s (1.24 GiB)
2026-06-04 04:38:24.965 - aiperf.dataset.mmap_cache - INFO - Restored mmap cache file index.dat via copy in 0.001s (0.00 GiB)
2026-06-04 04:38:24.965 - aiperf.dataset.mmap_cache - INFO - Restored mmap cache files in 0.516s via dataset=copy index=copy (dataset=1.24 GiB, index=0.00 GiB)
2026-06-04 04:38:25.125 - dataset_manager - INFO - sampling strategy: sequential, unique conversations: 678, unique turn count: 52915
2026-06-04 04:38:25.381 - aiperf.timing.trajectory_source - INFO - TrajectorySource: built 32 trajectories from 225 traces
  range cfg=[0.25, 0.75]  observed sample pct: min= 25% median= 45% max= 74%
    lane=00  sample_time= 39%  root_next= 14/32  ( 44% turns)  live=1 ready=1  trace_id=00e7d11db2db59f44a87b4110175b11d1af3
    lane=01  sample_time= 55%  root_next= 15/28  ( 54% turns)  live=1 ready=1  trace_id=01fece675b92efe07620225cd69c3884f774
    lane=02  sample_time= 55%  root_next=306/594 ( 52% turns)  live=1 ready=1  trace_id=0275949f4db511444909fe92b12f7e921e4a
    lane=03  sample_time= 27%  root_next= 13/27  ( 48% turns)  live=1 ready=1  trace_id=03be8f1eb1e9e620f46bd07068d6ab1aaae3
    lane=04  sample_time= 40%  root_next= 71/151 ( 47% turns)  live=1 ready=1  trace_id=0475b786230f3f2e24220d28e247eaee2dae
    lane=05  sample_time= 50%  root_next= 56/99  ( 57% turns)  live=1 ready=1  trace_id=04b25fe5b2ffa5e7ec9890426cce59838a05
    lane=06  sample_time= 69%  root_next= 10/20  ( 50% turns)  live=1 ready=1  trace_id=06385769df23204ac35c53ad431cf42f7c02
    lane=07  sample_time= 63%  root_next= 53/80  ( 66% turns)  live=1 ready=1  trace_id=07fc71985fbafc8e1abb181b7d28b8349f45
    lane=08  sample_time= 29%  root_next= 48/165 ( 29% turns)  live=1 ready=1  trace_id=09a5d415a7157ed48a5a6fa2711f2d8565c1
    lane=09  sample_time= 28%  root_next=  6/27  ( 22% turns)  live=1 ready=1  trace_id=09c188c8b9201ec2046cc2df702623fef33e
    lane=10  sample_time= 44%  root_next= 35/78  ( 45% turns)  live=1 ready=1  trace_id=0b1cf5ad73920121aa53e1acb0851a8ecf32
    lane=11  sample_time= 61%  root_next=161/254 ( 63% turns)  live=1 ready=1  trace_id=0b4a56f22f01dc235b7ce1cc3aeabd6943e8
    lane=12  sample_time= 32%  root_next= 59/184 ( 32% turns)  live=1 ready=1  trace_id=0d75185d4e958ad360c16451eaa95d508edf
    lane=13  sample_time= 51%  root_next= 10/18  ( 56% turns)  live=1 ready=1  trace_id=0da3a3bea6f3559a2eff4114839b328dad53
    lane=14  sample_time= 71%  root_next= 18/23  ( 78% turns)  live=1 ready=1  trace_id=116cb8d945f9d0810e788e51e3744adaab74
    lane=15  sample_time= 46%  root_next= 26/39  ( 67% turns)  live=1 ready=1  trace_id=1186d32070428ea303de493d61ee3effd467
    lane=16  sample_time= 74%  root_next= 23/26  ( 88% turns)  live=1 ready=1  trace_id=13762df76dba635a268bf3acbb30bfffed63
    lane=17  sample_time= 27%  root_next=  8/27  ( 30% turns)  live=1 ready=1  trace_id=14933d8a4190c45ac8fbd21183bba9469140
    lane=18  sample_time= 43%  root_next= 24/38  ( 63% turns)  live=1 ready=1  trace_id=1770548ae8e30555e62d6d6296c0166d6074
    lane=19  sample_time= 35%  root_next= 20/44  ( 45% turns)  live=3 ready=2  trace_id=1ac9d045056424d98ec4b5725460ca2b6120
    lane=20  sample_time= 55%  root_next= 31/50  ( 62% turns)  live=1 ready=1  trace_id=1b29955ec88767b5f8870f705f770cd46c60
    lane=21  sample_time= 69%  root_next=318/452 ( 70% turns)  live=1 ready=1  trace_id=1ec7f23f1ca1449b1758b86dba91df97cf1a
    lane=22  sample_time= 40%  root_next= 13/31  ( 42% turns)  live=1 ready=1  trace_id=1ff2c5c397d1c8f4a2e069449ec8e10b882a
    lane=23  sample_time= 34%  root_next= 33/55  ( 60% turns)  live=1 ready=1  trace_id=219331470ffaa5388ff9d7d8da92f5dc575b
    lane=24  sample_time= 46%  root_next= 38/63  ( 60% turns)  live=1 ready=1  trace_id=263134ce70d475337deb473aadc255479210
    lane=25  sample_time= 25%  root_next= 14/39  ( 36% turns)  live=1 ready=1  trace_id=265a5749ca677d0b0c90e7d3d6029a45318f
    lane=26  sample_time= 26%  root_next=  7/21  ( 33% turns)  live=1 ready=1  trace_id=2781d1fa9a22e982996948283bbcd3136c44
    lane=27  sample_time= 45%  root_next= 17/30  ( 57% turns)  live=1 ready=1  trace_id=27bf77bcaaf2b6d2210bdbdab4934348f322
    lane=28  sample_time= 73%  root_next= 61/84  ( 73% turns)  live=1 ready=1  trace_id=27cf2ada39b896fea5580c895bfbd4119490
    lane=29  sample_time= 52%  root_next= 20/34  ( 59% turns)  live=1 ready=1  trace_id=298daf6961d9121ca2f5d3cde68ba961c0c5
    lane=30  sample_time= 27%  root_next= 15/43  ( 35% turns)  live=1 ready=1  trace_id=2b971773e1889a7692523d5cc0a78a0361cb
    lane=31  sample_time= 43%  root_next=  8/21  ( 38% turns)  live=1 ready=1  trace_id=2c3e52bf4e687293e9fb70cba1c1786dceea
2026-06-04 04:38:25.381 - PhaseOrchestrator_5386e11f - INFO - Initialized 2 phase(s): ['Warmup', 'Profiling']
2026-06-04 04:38:25.452 - dataset_manager - INFO - Dataset client initialized and freed 0 conversations from memory
2026-06-04 04:38:25.453 - system_controller - INFO - All services configured in 1.04 seconds
2026-06-04 04:38:25.453 - system_controller - INFO - AIPerf System is CONFIGURED
2026-06-04 04:38:25.454 - server_metrics_manager - INFO - Server Metrics: Started 1 collector(s) successfully
2026-06-04 04:38:25.465 - PhaseRunner - NOTICE - Phase warmup started | target: 33 requests
2026-06-04 04:38:25.466 - AgenticReplayTiming - INFO - WARMUP execute: dispatching 33 trajectory credits
2026-06-04 04:38:25.467 - PhaseRunner - NOTICE - Phase warmup sending complete | sent=33, completed=0, in_flight=33
2026-06-04 04:38:25.532 - records_manager - INFO - Credit phase start: warmup
2026-06-04 04:38:25.532 - system_controller - INFO - All services started profiling successfully
2026-06-04 04:38:25.533 - system_controller - INFO - AIPerf System is PROFILING
2026-06-04 04:41:05.603 - AgenticReplayTiming - INFO - WARMUP 1/33 returned [ok] (lane=19, trace_id=1ac9d045056424d98ec4b5725460ca2b6120::sa:subagent_001_88698b09:s0, start_turn=0/24 (0% through trace))
2026-06-04 04:41:53.186 - AgenticReplayTiming - INFO - WARMUP 2/33 returned [ok] (lane=19, trace_id=1ac9d045056424d98ec4b5725460ca2b6120::sa:subagent_001_88698b09:s1, start_turn=0/4 (0% through trace))
2026-06-04 04:45:05.411 - PhaseRunner - NOTICE - Phase warmup complete | completed=33, cancelled=0, errors=0 | elapsed=399.95s
2026-06-04 04:45:05.411 - aiperf.timing.branch_orchestrator - INFO - BranchOrchestrator stats: spawned=0 completed=0 errored=0 suspended=0 resumed=0 parents_failed_due_to_child_error=0 joins_suppressed=0
2026-06-04 04:45:05.423 - AgenticReplayTiming - INFO - PROFILING setup: trajectories=32 traces, recycle_queue=225 traces (full pool)
2026-06-04 04:45:05.424 - PhaseRunner - NOTICE - Phase profiling started | target: 1800.0s duration
2026-06-04 04:45:05.424 - PhaseRunner - INFO - Waiting for event 'profiling phase sending' with timeout of 1799.9995056s
2026-06-04 04:45:05.424 - AgenticReplayTiming - INFO - PROFILING execute: resuming 32 trajectory sessions
2026-06-04 04:45:05.424 - records_manager - INFO - Credit phase start: profiling
2026-06-04 04:45:12.425 - AgenticReplayTiming - INFO - Terminating trajectory 0b1cf5ad73920121aa53e1acb0851a8ecf32 early at turn 35/77: context-overflow error from server
2026-06-04 04:45:24.111 - records_manager - INFO - [realtime 00:18 profiling] rps=0.5 (avg 0.5) tput_in=35607/s tput_out=86/s done=10 ok=10 err=0
                           ttft p50=391ms  p75=491ms  p95=924ms  p99=978ms
                           itl  p50=33ms   p75=40ms   p95=43ms   p99=45ms
                           e2e  p50=6639ms p75=7312ms p95=12456ms p99=13111ms
                           intvty p50=30     p75=35     p95=39     p99=39 (1/tpot tok/s)
                           isl  p50=47,360    p75=84,051    p90=108,686   p99=182,003 (tokens)
                           osl  p50=196       p75=250       p90=283       p99=314 (tokens)
                           tot  in=590,853        out=1,427
                           trace theoretical_prefix_cache_hit=95.5%
                           srv  prefix_cache_hit=38.4% unique_in_srv=2,686,766 kv_usage=41.2% queue=12r/0w tput_in_srv=10,407/s tput_out_srv=150/s
2026-06-04 04:45:54.177 - records_manager - INFO - [realtime 00:48 profiling] rps=0.2 (avg 0.3) tput_in=21576/s tput_out=76/s done=16 ok=16 err=0
                           ttft p50=649ms  p75=908ms  p95=1796ms p99=2213ms
                           itl  p50=41ms   p75=57ms   p95=105ms  p99=114ms
                           e2e  p50=11228ms p75=17935ms p95=31643ms p99=39480ms
                           intvty p50=25     p75=32     p95=39     p99=39 (1/tpot tok/s)
                           isl  p50=48,394    p75=86,186    p90=138,212   p99=184,346 (tokens)
                           osl  p50=222       p75=328       p90=525       p99=630 (tokens)
                           tot  in=1,034,118      out=3,648
                           trace theoretical_prefix_cache_hit=94.6%
                           srv  prefix_cache_hit=49.8% unique_in_srv=2,821,588 kv_usage=71.3% queue=23r/0w tput_in_srv=12,516/s tput_out_srv=157/s
2026-06-04 04:46:24.242 - records_manager - INFO - [realtime 01:18 profiling] rps=0.3 (avg 0.3) tput_in=19943/s tput_out=88/s done=25 ok=25 err=0
                           ttft p50=661ms  p75=1223ms p95=2644ms p99=3909ms
                           itl  p50=61ms   p75=79ms   p95=99ms   p99=112ms
                           e2e  p50=15360ms p75=26911ms p95=44380ms p99=48189ms
                           intvty p50=17     p75=25     p95=38     p99=39 (1/tpot tok/s)
                           isl  p50=56,144    p75=76,148    p90=112,237   p99=180,615 (tokens)
                           osl  p50=240       p75=402       p90=628       p99=666 (tokens)
                           tot  in=1,517,408      out=6,691
                           trace theoretical_prefix_cache_hit=95.2%
                           srv  prefix_cache_hit=55.7% unique_in_srv=2,889,170 kv_usage=87.0% queue=27r/0w tput_in_srv=13,616/s tput_out_srv=167/s
2026-06-04 04:46:54.324 - records_manager - INFO - [realtime 01:48 profiling] rps=0.5 (avg 0.4) tput_in=26122/s tput_out=121/s done=41 ok=41 err=0
                           ttft p50=583ms  p75=1023ms p95=3474ms p99=4824ms
                           itl  p50=75ms   p75=83ms   p95=111ms  p99=114ms
                           e2e  p50=17422ms p75=33607ms p95=76583ms p99=94614ms
                           intvty p50=13     p75=21     p95=35     p99=39 (1/tpot tok/s)
                           isl  p50=64,462    p75=84,523    p90=122,545   p99=190,149 (tokens)
                           osl  p50=240       p75=464       p90=679       p99=1,243 (tokens)
                           tot  in=2,799,265      out=12,925
                           trace theoretical_prefix_cache_hit=96.9%
                           srv  prefix_cache_hit=61.4% unique_in_srv=2,969,624 kv_usage=82.7% queue=25r/0w tput_in_srv=15,085/s tput_out_srv=175/s
2026-06-04 04:47:24.427 - records_manager - INFO - [realtime 02:19 profiling] rps=0.4 (avg 0.4) tput_in=25597/s tput_out=151/s done=53 ok=53 err=0
                           ttft p50=544ms  p75=996ms  p95=3311ms p99=4715ms
                           itl  p50=79ms   p75=84ms   p95=105ms  p99=114ms
                           e2e  p50=21334ms p75=44905ms p95=94209ms p99=109275ms
                           intvty p50=13     p75=16     p95=35     p99=39 (1/tpot tok/s)
                           isl  p50=64,334    p75=84,763    p90=110,242   p99=190,149 (tokens)
                           osl  p50=284       p75=629       p90=901       p99=1,375 (tokens)
                           tot  in=3,546,728      out=20,895
                           trace theoretical_prefix_cache_hit=95.9%
                           srv  prefix_cache_hit=63.4% unique_in_srv=3,022,694 kv_usage=76.5% queue=23r/0w tput_in_srv=15,315/s tput_out_srv=185/s
2026-06-04 04:47:54.542 - records_manager - INFO - [realtime 02:49 profiling] rps=0.2 (avg 0.3) tput_in=23110/s tput_out=138/s done=58 ok=58 err=0
                           ttft p50=540ms  p75=1010ms p95=3600ms p99=5036ms
                           itl  p50=79ms   p75=84ms   p95=111ms  p99=312ms
                           e2e  p50=21263ms p75=46343ms p95=92911ms p99=108294ms
                           intvty p50=13     p75=17     p95=35     p99=39 (1/tpot tok/s)
                           isl  p50=64,434    p75=84,759    p90=102,580   p99=190,149 (tokens)
                           osl  p50=274       p75=630       p90=990       p99=1,366 (tokens)
                           tot  in=3,859,887      out=22,969
                           trace theoretical_prefix_cache_hit=96.2%
                           srv  prefix_cache_hit=61.5% unique_in_srv=3,669,316 kv_usage=96.4% queue=29r/1w tput_in_srv=15,947/s tput_out_srv=185/s
2026-06-04 04:48:24.663 - records_manager - INFO - [realtime 03:19 profiling] rps=0.1 (avg 0.3) tput_in=21608/s tput_out=126/s done=62 ok=62 err=0
                           ttft p50=565ms  p75=1223ms p95=4924ms p99=12222ms
                           itl  p50=79ms   p75=87ms   p95=111ms  p99=340ms
                           e2e  p50=21263ms p75=46343ms p95=97065ms p99=120263ms
                           intvty p50=13     p75=17     p95=35     p99=39 (1/tpot tok/s)
                           isl  p50=64,538    p75=84,774    p90=111,775   p99=190,149 (tokens)
                           osl  p50=259       p75=630       p90=1,100     p99=1,385 (tokens)
                           tot  in=4,227,606      out=24,563
                           trace theoretical_prefix_cache_hit=96.5%
                           srv  prefix_cache_hit=27.5% unique_in_srv=15,653,429 kv_usage=96.1% queue=30r/1w tput_in_srv=15,794/s tput_out_srv=186/s
2026-06-04 04:48:54.795 - records_manager - INFO - [realtime 03:49 profiling] rps=0.2 (avg 0.3) tput_in=19955/s tput_out=121/s done=68 ok=68 err=0
                           ttft p50=566ms  p75=1681ms p95=5102ms p99=12138ms
                           itl  p50=82ms   p75=91ms   p95=178ms  p99=334ms
                           e2e  p50=24996ms p75=59838ms p95=99282ms p99=124628ms
                           intvty p50=12     p75=16     p95=33     p99=39 (1/tpot tok/s)
                           isl  p50=64,538    p75=84,766    p90=103,703   p99=190,149 (tokens)
                           osl  p50=283       p75=630       p90=1,099     p99=1,377 (tokens)
                           tot  in=4,566,468      out=27,716
                           trace theoretical_prefix_cache_hit=95.2%
                           srv  prefix_cache_hit=20.8% unique_in_srv=22,833,714 kv_usage=97.1% queue=28r/1w tput_in_srv=15,613/s tput_out_srv=183/s
2026-06-04 04:49:24.934 - records_manager - INFO - [realtime 04:19 profiling] rps=0.1 (avg 0.3) tput_in=18962/s tput_out=112/s done=71 ok=71 err=0
                           ttft p50=616ms  p75=2328ms p95=10199ms p99=13126ms
                           itl  p50=82ms   p75=92ms   p95=177ms  p99=324ms
                           e2e  p50=26451ms p75=60699ms p95=99091ms p99=124373ms
                           intvty p50=12     p75=15     p95=33     p99=39 (1/tpot tok/s)
                           isl  p50=64,892    p75=85,022    p90=99,667    p99=190,149 (tokens)
                           osl  p50=278       p75=630       p90=1,098     p99=1,373 (tokens)
                           tot  in=4,819,770      out=28,565
                           trace theoretical_prefix_cache_hit=95.3%
                           srv  prefix_cache_hit=13.6% unique_in_srv=38,143,890 kv_usage=99.0% queue=29r/0w tput_in_srv=15,357/s tput_out_srv=183/s
2026-06-04 04:49:55.096 - records_manager - INFO - [realtime 04:49 profiling] rps=0.3 (avg 0.3) tput_in=19390/s tput_out=116/s done=80 ok=80 err=0
                           ttft p50=649ms  p75=2979ms p95=11795ms p99=14433ms
                           itl  p50=83ms   p75=101ms  p95=180ms  p99=429ms
                           e2e  p50=26733ms p75=59838ms p95=119525ms p99=178480ms
                           intvty p50=12     p75=15     p95=31     p99=39 (1/tpot tok/s)
                           isl  p50=64,932    p75=85,508    p90=112,336   p99=190,149 (tokens)
                           osl  p50=269       p75=630       p90=1,098     p99=1,737 (tokens)
                           tot  in=5,541,426      out=33,209
                           trace theoretical_prefix_cache_hit=95.5%
                           srv  prefix_cache_hit=13.8% unique_in_srv=40,053,875 kv_usage=86.0% queue=25r/1w tput_in_srv=15,131/s tput_out_srv=185/s
2026-06-04 04:50:25.322 - records_manager - INFO - [realtime 05:19 profiling] rps=0.2 (avg 0.3) tput_in=18590/s tput_out=128/s done=86 ok=86 err=0
                           ttft p50=674ms  p75=3212ms p95=11484ms p99=14110ms
                           itl  p50=84ms   p75=116ms  p95=178ms  p99=419ms
                           e2e  p50=28039ms p75=64567ms p95=181395ms p99=268291ms
                           intvty p50=12     p75=14     p95=29     p99=39 (1/tpot tok/s)
                           isl  p50=64,932    p75=85,375    p90=113,457   p99=190,149 (tokens)
                           osl  p50=283       p75=668       p90=1,172     p99=2,291 (tokens)
                           tot  in=5,928,104      out=40,844
                           trace theoretical_prefix_cache_hit=95.7%
                           srv  prefix_cache_hit=13.2% unique_in_srv=43,525,548 kv_usage=91.1% queue=26r/0w tput_in_srv=15,315/s tput_out_srv=183/s
2026-06-04 04:50:55.512 - records_manager - INFO - [realtime 05:50 profiling] rps=0.2 (avg 0.3) tput_in=18445/s tput_out=126/s done=91 ok=91 err=0
                           ttft p50=794ms  p75=3925ms p95=13058ms p99=14360ms
                           itl  p50=84ms   p75=126ms  p95=177ms  p99=411ms
                           e2e  p50=30882ms p75=65306ms p95=191665ms p99=267992ms
                           intvty p50=12     p75=14     p95=28     p99=38 (1/tpot tok/s)
                           isl  p50=64,932    p75=85,574    p90=112,665   p99=190,149 (tokens)
                           osl  p50=278       p75=667       p90=1,174     p99=2,267 (tokens)
                           tot  in=6,292,117      out=43,029
                           trace theoretical_prefix_cache_hit=95.7%
                           srv  prefix_cache_hit=13.2% unique_in_srv=43,928,827 kv_usage=94.8% queue=29r/2w tput_in_srv=15,281/s tput_out_srv=181/s
2026-06-04 04:51:25.724 - records_manager - INFO - [realtime 06:20 profiling] rps=0.2 (avg 0.3) tput_in=17957/s tput_out=128/s done=97 ok=97 err=0
                           ttft p50=841ms  p75=4036ms p95=13049ms p99=14071ms
                           itl  p50=86ms   p75=129ms  p95=200ms  p99=416ms
                           e2e  p50=32495ms p75=72149ms p95=201265ms p99=277295ms
                           intvty p50=12     p75=13     p95=27     p99=38 (1/tpot tok/s)
                           isl  p50=65,064    p75=85,663    p90=115,712   p99=190,149 (tokens)
                           osl  p50=286       p75=682       p90=1,182     p99=2,722 (tokens)
                           tot  in=6,821,699      out=48,722
                           trace theoretical_prefix_cache_hit=95.0%
                           srv  prefix_cache_hit=12.5% unique_in_srv=47,402,052 kv_usage=96.0% queue=31r/1w tput_in_srv=15,290/s tput_out_srv=178/s
2026-06-04 04:51:55.944 - records_manager - INFO - [realtime 06:50 profiling] rps=0.1 (avg 0.2) tput_in=17743/s tput_out=130/s done=101 ok=101 err=0
                           ttft p50=953ms  p75=4283ms p95=13080ms p99=14255ms
                           itl  p50=88ms   p75=136ms  p95=231ms  p99=410ms
                           e2e  p50=33428ms p75=74326ms p95=206099ms p99=353241ms
                           intvty p50=11     p75=13     p95=26     p99=38 (1/tpot tok/s)
                           isl  p50=65,198    p75=85,663    p90=114,806   p99=190,149 (tokens)
                           osl  p50=286       p75=682       p90=1,203     p99=3,110 (tokens)
                           tot  in=7,149,726      out=52,530
                           trace theoretical_prefix_cache_hit=95.2%
                           srv  prefix_cache_hit=10.3% unique_in_srv=59,823,909 kv_usage=95.0% queue=29r/1w tput_in_srv=15,119/s tput_out_srv=175/s
2026-06-04 04:52:26.173 - records_manager - INFO - [realtime 07:20 profiling] rps=0.1 (avg 0.2) tput_in=17147/s tput_out=126/s done=105 ok=105 err=0
                           ttft p50=1065ms p75=4505ms p95=13199ms p99=14200ms
                           itl  p50=90ms   p75=141ms  p95=285ms  p99=408ms
                           e2e  p50=35050ms p75=78705ms p95=209065ms p99=350477ms
                           intvty p50=11     p75=13     p95=26     p99=38 (1/tpot tok/s)
                           isl  p50=65,198    p75=85,806    p90=116,164   p99=189,792 (tokens)
                           osl  p50=292       p75=682       p90=1,260     p99=3,098 (tokens)
                           tot  in=7,485,318      out=54,891
                           trace theoretical_prefix_cache_hit=94.9%
                           srv  prefix_cache_hit=10.8% unique_in_srv=62,232,559 kv_usage=99.2% queue=29r/1w tput_in_srv=15,227/s tput_out_srv=171/s
2026-06-04 04:52:56.445 - records_manager - INFO - [realtime 07:51 profiling] rps=0.1 (avg 0.2) tput_in=16658/s tput_out=124/s done=109 ok=109 err=0
                           ttft p50=1126ms p75=5189ms p95=13237ms p99=18332ms
                           itl  p50=92ms   p75=143ms  p95=297ms  p99=407ms
                           e2e  p50=38802ms p75=88529ms p95=243622ms p99=352060ms
                           intvty p50=11     p75=13     p95=26     p99=38 (1/tpot tok/s)
                           isl  p50=65,650    p75=86,443    p90=117,133   p99=189,315 (tokens)
                           osl  p50=292       p75=700       p90=1,292     p99=3,081 (tokens)
                           tot  in=7,830,652      out=58,177
                           trace theoretical_prefix_cache_hit=94.6%
                           srv  prefix_cache_hit=8.1% unique_in_srv=84,878,797 kv_usage=94.7% queue=28r/3w tput_in_srv=14,952/s tput_out_srv=173/s
2026-06-04 04:53:26.721 - records_manager - INFO - [realtime 08:21 profiling] rps=0.3 (avg 0.2) tput_in=16767/s tput_out=129/s done=117 ok=117 err=0
                           ttft p50=1319ms p75=6056ms p95=13280ms p99=19859ms
                           itl  p50=97ms   p75=167ms  p95=292ms  p99=406ms
                           e2e  p50=43780ms p75=98709ms p95=268830ms p99=351141ms
                           intvty p50=10     p75=13     p95=25     p99=38 (1/tpot tok/s)
                           isl  p50=65,650    p75=88,398    p90=117,326   p99=188,362 (tokens)
                           osl  p50=319       p75=714       p90=1,306     p99=3,049 (tokens)
                           tot  in=8,387,805      out=64,596
                           trace theoretical_prefix_cache_hit=94.6%
                           srv  prefix_cache_hit=8.1% unique_in_srv=85,968,584 kv_usage=89.8% queue=26r/0w tput_in_srv=14,924/s tput_out_srv=171/s
2026-06-04 04:53:57.033 - records_manager - INFO - [realtime 08:51 profiling] rps=0.3 (avg 0.2) tput_in=17193/s tput_out=139/s done=125 ok=125 err=0
                           ttft p50=1553ms p75=7569ms p95=14340ms p99=23171ms
                           itl  p50=111ms  p75=168ms  p95=285ms  p99=405ms
                           e2e  p50=47828ms p75=112409ms p95=291471ms p99=418323ms
                           intvty p50=9      p75=13     p95=25     p99=38 (1/tpot tok/s)
                           isl  p50=65,650    p75=88,858    p90=118,487   p99=190,149 (tokens)
                           osl  p50=329       p75=714       p90=1,324     p99=3,144 (tokens)
                           tot  in=9,079,781      out=73,495
                           trace theoretical_prefix_cache_hit=95.0%
                           srv  prefix_cache_hit=8.4% unique_in_srv=88,175,870 kv_usage=90.6% queue=28r/0w tput_in_srv=15,183/s tput_out_srv=172/s
2026-06-04 04:54:27.370 - records_manager - INFO - [realtime 09:21 profiling] rps=0.2 (avg 0.2) tput_in=17117/s tput_out=138/s done=132 ok=132 err=0
                           ttft p50=1573ms p75=7346ms p95=16379ms p99=23232ms
                           itl  p50=116ms  p75=167ms  p95=273ms  p99=404ms
                           e2e  p50=46343ms p75=113191ms p95=283996ms p99=415806ms
                           intvty p50=9      p75=13     p95=25     p99=37 (1/tpot tok/s)
                           isl  p50=65,197    p75=88,476    p90=118,778   p99=190,149 (tokens)
                           osl  p50=320       p75=704       p90=1,309     p99=3,141 (tokens)
                           tot  in=9,499,855      out=76,341
                           trace theoretical_prefix_cache_hit=95.1%
                           srv  prefix_cache_hit=7.2% unique_in_srv=106,099,368 kv_usage=91.8% queue=26r/4w tput_in_srv=15,094/s tput_out_srv=172/s
2026-06-04 04:54:57.760 - records_manager - INFO - [realtime 09:52 profiling] rps=0.1 (avg 0.2) tput_in=16701/s tput_out=134/s done=135 ok=135 err=0
                           ttft p50=1902ms p75=8039ms p95=18499ms p99=23996ms
                           itl  p50=118ms  p75=170ms  p95=268ms  p99=403ms
                           e2e  p50=47828ms p75=116027ms p95=280792ms p99=414727ms
                           intvty p50=8      p75=12     p95=25     p99=37 (1/tpot tok/s)
                           isl  p50=65,198    p75=88,554    p90=118,487   p99=190,149 (tokens)
                           osl  p50=329       p75=708       p90=1,307     p99=3,139 (tokens)
                           tot  in=9,739,203      out=77,918
                           trace theoretical_prefix_cache_hit=95.2%
                           srv  prefix_cache_hit=7.2% unique_in_srv=106,450,945 kv_usage=97.7% queue=28r/2w tput_in_srv=15,045/s tput_out_srv=168/s
2026-06-04 04:55:28.127 - records_manager - INFO - [realtime 10:22 profiling] rps=0.1 (avg 0.2) tput_in=16385/s tput_out=131/s done=139 ok=139 err=0
                           ttft p50=2170ms p75=8284ms p95=20378ms p99=24756ms
                           itl  p50=119ms  p75=171ms  p95=262ms  p99=402ms
                           e2e  p50=50314ms p75=116788ms p95=300157ms p99=424545ms
                           intvty p50=8      p75=12     p95=25     p99=37 (1/tpot tok/s)
                           isl  p50=65,650    p75=89,312    p90=122,661   p99=190,149 (tokens)
                           osl  p50=343       p75=716       p90=1,316     p99=3,138 (tokens)
                           tot  in=10,191,825     out=81,475
                           trace theoretical_prefix_cache_hit=95.0%
                           srv  prefix_cache_hit=6.8% unique_in_srv=113,426,392 kv_usage=90.5% queue=28r/0w tput_in_srv=14,933/s tput_out_srv=170/s
2026-06-04 04:55:58.521 - records_manager - INFO - [realtime 10:53 profiling] rps=0.2 (avg 0.2) tput_in=16205/s tput_out=130/s done=144 ok=144 err=0
                           ttft p50=2352ms p75=8453ms p95=21897ms p99=24716ms
                           itl  p50=120ms  p75=172ms  p95=255ms  p99=402ms
                           e2e  p50=51316ms p75=118090ms p95=327569ms p99=424268ms
                           intvty p50=8      p75=13     p95=24     p99=37 (1/tpot tok/s)
                           isl  p50=66,300    p75=89,606    p90=121,745   p99=190,149 (tokens)
                           osl  p50=338       p75=740       p90=1,327     p99=3,136 (tokens)
                           tot  in=10,569,984     out=84,689
                           trace theoretical_prefix_cache_hit=95.1%
                           srv  prefix_cache_hit=6.7% unique_in_srv=116,843,929 kv_usage=96.3% queue=29r/0w tput_in_srv=15,010/s tput_out_srv=169/s
2026-06-04 04:56:28.994 - records_manager - INFO - [realtime 11:23 profiling] rps=0.3 (avg 0.2) tput_in=16632/s tput_out=132/s done=152 ok=152 err=0
                           ttft p50=2699ms p75=9364ms p95=23222ms p99=26768ms
                           itl  p50=124ms  p75=172ms  p95=247ms  p99=400ms
                           e2e  p50=55158ms p75=124593ms p95=312949ms p99=423825ms
                           intvty p50=8      p75=12     p95=24     p99=37 (1/tpot tok/s)
                           isl  p50=66,896    p75=91,060    p90=122,487   p99=190,149 (tokens)
                           osl  p50=374       p75=781       p90=1,309     p99=3,132 (tokens)
                           tot  in=11,329,230     out=90,139
                           trace theoretical_prefix_cache_hit=95.1%
                           srv  prefix_cache_hit=7.0% unique_in_srv=117,022,265 kv_usage=86.5% queue=28r/1w tput_in_srv=15,019/s tput_out_srv=173/s
2026-06-04 04:56:59.464 - records_manager - INFO - [realtime 11:54 profiling] rps=0.2 (avg 0.2) tput_in=16915/s tput_out=142/s done=159 ok=159 err=0
                           ttft p50=2783ms p75=9211ms p95=23055ms p99=26668ms
                           itl  p50=126ms  p75=171ms  p95=240ms  p99=399ms
                           e2e  p50=55802ms p75=133857ms p95=338302ms p99=460835ms
                           intvty p50=8      p75=12     p95=24     p99=37 (1/tpot tok/s)
                           isl  p50=67,021    p75=91,239    p90=123,066   p99=190,149 (tokens)
                           osl  p50=376       p75=843       p90=1,399     p99=3,353 (tokens)
                           tot  in=11,892,810     out=100,132
                           trace theoretical_prefix_cache_hit=94.5%
                           srv  prefix_cache_hit=7.2% unique_in_srv=117,237,359 kv_usage=83.6% queue=26r/3w tput_in_srv=15,014/s tput_out_srv=175/s
2026-06-04 04:57:29.948 - records_manager - INFO - [realtime 12:24 profiling] rps=0.2 (avg 0.2) tput_in=16545/s tput_out=137/s done=164 ok=164 err=0
                           ttft p50=2820ms p75=9168ms p95=22948ms p99=26597ms
                           itl  p50=128ms  p75=174ms  p95=279ms  p99=408ms
                           e2e  p50=55158ms p75=128840ms p95=337105ms p99=456853ms
                           intvty p50=8      p75=12     p95=24     p99=36 (1/tpot tok/s)
                           isl  p50=67,855    p75=91,060    p90=122,950   p99=190,149 (tokens)
                           osl  p50=375       p75=808       p90=1,370     p99=3,330 (tokens)
                           tot  in=12,298,463     out=101,612
                           trace theoretical_prefix_cache_hit=94.6%
                           srv  prefix_cache_hit=7.1% unique_in_srv=119,575,455 kv_usage=87.0% queue=27r/0w tput_in_srv=15,099/s tput_out_srv=172/s
2026-06-04 04:57:47.503 - AgenticReplayTiming - INFO - Terminating trajectory 1186d32070428ea303de493d61ee3effd467 early at turn 27/38: context-overflow error from server
2026-06-04 04:58:00.525 - records_manager - INFO - [realtime 12:55 profiling] rps=0.4 (avg 0.2) tput_in=16610/s tput_out=138/s done=176 ok=176 err=0
                           ttft p50=2968ms p75=9693ms p95=23151ms p99=27811ms
                           itl  p50=128ms  p75=171ms  p95=265ms  p99=407ms
                           e2e  p50=54066ms p75=129537ms p95=333511ms p99=448093ms
                           intvty p50=8      p75=12     p95=23     p99=36 (1/tpot tok/s)
                           isl  p50=67,021    p75=90,590    p90=121,473   p99=190,149 (tokens)
                           osl  p50=372       p75=814       p90=1,324     p99=3,279 (tokens)
                           tot  in=12,852,035     out=106,970
                           trace theoretical_prefix_cache_hit=94.8%
                           srv  prefix_cache_hit=7.4% unique_in_srv=119,666,179 kv_usage=87.0% queue=26r/0w tput_in_srv=15,177/s tput_out_srv=176/s
2026-06-04 04:58:31.109 - records_manager - INFO - [realtime 13:25 profiling] rps=0.3 (avg 0.2) tput_in=16910/s tput_out=144/s done=186 ok=186 err=0
                           ttft p50=2723ms p75=9523ms p95=22930ms p99=27689ms
                           itl  p50=125ms  p75=170ms  p95=254ms  p99=407ms
                           e2e  p50=54066ms p75=128143ms p95=325742ms p99=440130ms
                           intvty p50=8      p75=12     p95=22     p99=36 (1/tpot tok/s)
                           isl  p50=67,021    p75=90,367    p90=121,590   p99=190,149 (tokens)
                           osl  p50=374       p75=854       p90=1,365     p99=3,233 (tokens)
                           tot  in=13,537,729     out=115,017
                           trace theoretical_prefix_cache_hit=94.7%
                           srv  prefix_cache_hit=7.8% unique_in_srv=119,803,813 kv_usage=85.3% queue=25r/0w tput_in_srv=15,280/s tput_out_srv=179/s
2026-06-04 04:59:01.860 - records_manager - INFO - [realtime 13:56 profiling] rps=0.5 (avg 0.2) tput_in=17608/s tput_out=154/s done=201 ok=201 err=0
                           ttft p50=2699ms p75=8639ms p95=22663ms p99=27505ms
                           itl  p50=118ms  p75=167ms  p95=239ms  p99=407ms
                           e2e  p50=51316ms p75=124593ms p95=331878ms p99=509262ms
                           intvty p50=8      p75=12     p95=22     p99=35 (1/tpot tok/s)
                           isl  p50=67,855    p75=90,478    p90=120,611   p99=190,149 (tokens)
                           osl  p50=374       p75=856       p90=1,448     p99=3,634 (tokens)
                           tot  in=14,707,653     out=128,345
                           trace theoretical_prefix_cache_hit=94.4%
                           srv  prefix_cache_hit=8.3% unique_in_srv=119,968,858 kv_usage=75.1% queue=22r/0w tput_in_srv=15,666/s tput_out_srv=181/s
2026-06-04 04:59:32.617 - records_manager - INFO - [realtime 14:27 profiling] rps=0.4 (avg 0.2) tput_in=18434/s tput_out=162/s done=214 ok=214 err=0
                           ttft p50=2584ms p75=8425ms p95=22337ms p99=27324ms
                           itl  p50=117ms  p75=165ms  p95=268ms  p99=451ms
                           e2e  p50=50119ms p75=123166ms p95=334165ms p99=641348ms
                           intvty p50=9      p75=12     p95=22     p99=35 (1/tpot tok/s)
                           isl  p50=69,991    p75=91,544    p90=120,669   p99=188,839 (tokens)
                           osl  p50=364       p75=854       p90=1,463     p99=4,420 (tokens)
                           tot  in=15,903,333     out=139,933
                           trace theoretical_prefix_cache_hit=94.7%
                           srv  prefix_cache_hit=9.1% unique_in_srv=120,152,298 kv_usage=79.2% queue=25r/0w tput_in_srv=16,322/s tput_out_srv=184/s
2026-06-04 05:00:03.569 - records_manager - INFO - [realtime 14:58 profiling] rps=0.5 (avg 0.3) tput_in=19000/s tput_out=173/s done=229 ok=229 err=0
                           ttft p50=2352ms p75=8313ms p95=22877ms p99=28386ms
                           itl  p50=111ms  p75=163ms  p95=251ms  p99=444ms
                           e2e  p50=47365ms p75=120509ms p95=335798ms p99=777511ms
                           intvty p50=9      p75=12     p95=21     p99=35 (1/tpot tok/s)
                           isl  p50=71,409    p75=91,751    p90=120,781   p99=187,052 (tokens)
                           osl  p50=358       p75=880       p90=1,529     p99=5,670 (tokens)
                           tot  in=17,034,392     out=155,180
                           trace theoretical_prefix_cache_hit=95.0%
                           srv  prefix_cache_hit=9.5% unique_in_srv=120,331,948 kv_usage=67.3% queue=22r/0w tput_in_srv=16,563/s tput_out_srv=186/s
2026-06-04 05:00:34.492 - records_manager - INFO - [realtime 15:29 profiling] rps=0.3 (avg 0.3) tput_in=18960/s tput_out=173/s done=237 ok=237 err=0
                           ttft p50=2352ms p75=8150ms p95=22734ms p99=28288ms
                           itl  p50=110ms  p75=162ms  p95=243ms  p99=440ms
                           e2e  p50=46343ms p75=116676ms p95=333185ms p99=764596ms
                           intvty p50=9      p75=13     p95=22     p99=35 (1/tpot tok/s)
                           isl  p50=70,763    p75=91,613    p90=120,808   p99=186,099 (tokens)
                           osl  p50=369       p75=906       p90=1,499     p99=5,546 (tokens)
                           tot  in=17,486,726     out=159,999
                           trace theoretical_prefix_cache_hit=94.9%
                           srv  prefix_cache_hit=9.9% unique_in_srv=120,622,418 kv_usage=86.9% queue=26r/3w tput_in_srv=16,842/s tput_out_srv=187/s
2026-06-04 05:01:05.541 - records_manager - INFO - [realtime 16:00 profiling] rps=0.3 (avg 0.3) tput_in=19246/s tput_out=177/s done=246 ok=246 err=0
                           ttft p50=2436ms p75=8340ms p95=23390ms p99=28178ms
                           itl  p50=112ms  p75=162ms  p95=237ms  p99=436ms
                           e2e  p50=46281ms p75=116564ms p95=340840ms p99=750067ms
                           intvty p50=9      p75=12     p95=22     p99=35 (1/tpot tok/s)
                           isl  p50=72,446    p75=91,795    p90=121,228   p99=190,149 (tokens)
                           osl  p50=356       p75=902       p90=1,536     p99=5,406 (tokens)
                           tot  in=18,436,538     out=169,330
                           trace theoretical_prefix_cache_hit=95.0%
                           srv  prefix_cache_hit=9.5% unique_in_srv=129,759,156 kv_usage=70.6% queue=25r/0w tput_in_srv=16,904/s tput_out_srv=188/s
2026-06-04 05:01:08.428 - AgenticReplayTiming - INFO - Terminating trajectory 04b25fe5b2ffa5e7ec9890426cce59838a05 early at turn 60/98: context-overflow error from server
2026-06-04 05:01:36.636 - records_manager - INFO - [realtime 16:31 profiling] rps=0.5 (avg 0.3) tput_in=19596/s tput_out=179/s done=262 ok=262 err=0
                           ttft p50=2331ms p75=8262ms p95=23031ms p99=27995ms
                           itl  p50=110ms  p75=160ms  p95=234ms  p99=429ms
                           e2e  p50=46343ms p75=115172ms p95=338121ms p99=725852ms
                           intvty p50=9      p75=13     p95=20     p99=35 (1/tpot tok/s)
                           isl  p50=70,882    p75=92,196    p90=121,605   p99=190,149 (tokens)
                           osl  p50=353       p75=880       p90=1,525     p99=5,173 (tokens)
                           tot  in=19,325,862     out=176,874
                           trace theoretical_prefix_cache_hit=95.1%
                           srv  prefix_cache_hit=10.0% unique_in_srv=129,945,530 kv_usage=79.4% queue=28r/0w tput_in_srv=17,338/s tput_out_srv=190/s
2026-06-04 05:02:07.838 - records_manager - INFO - [realtime 17:02 profiling] rps=0.3 (avg 0.3) tput_in=19483/s tput_out=179/s done=272 ok=272 err=0
                           ttft p50=2023ms p75=8083ms p95=22841ms p99=27872ms
                           itl  p50=106ms  p75=158ms  p95=233ms  p99=424ms
                           e2e  p50=46219ms p75=114754ms p95=335145ms p99=709708ms
                           intvty p50=9      p75=13     p95=20     p99=35 (1/tpot tok/s)
                           isl  p50=69,219    p75=91,751    p90=120,966   p99=190,149 (tokens)
                           osl  p50=353       p75=870       p90=1,525     p99=5,017 (tokens)
                           tot  in=19,886,234     out=182,864
                           trace theoretical_prefix_cache_hit=95.1%
                           srv  prefix_cache_hit=10.2% unique_in_srv=130,319,232 kv_usage=78.5% queue=27r/1w tput_in_srv=17,302/s tput_out_srv=191/s
2026-06-04 05:02:39.040 - records_manager - INFO - [realtime 17:33 profiling] rps=0.3 (avg 0.3) tput_in=19492/s tput_out=177/s done=280 ok=280 err=0
                           ttft p50=2317ms p75=8218ms p95=22699ms p99=27774ms
                           itl  p50=107ms  p75=159ms  p95=236ms  p99=420ms
                           e2e  p50=44827ms p75=113763ms p95=332531ms p99=696793ms
                           intvty p50=9      p75=13     p95=20     p99=35 (1/tpot tok/s)
                           isl  p50=69,219    p75=91,760    p90=121,071   p99=190,149 (tokens)
                           osl  p50=348       p75=861       p90=1,487     p99=4,892 (tokens)
                           tot  in=20,473,928     out=185,513
                           trace theoretical_prefix_cache_hit=94.5%
                           srv  prefix_cache_hit=10.5% unique_in_srv=130,351,207 kv_usage=83.5% queue=26r/0w tput_in_srv=17,458/s tput_out_srv=191/s
2026-06-04 05:03:10.402 - records_manager - INFO - [realtime 18:04 profiling] rps=0.5 (avg 0.3) tput_in=19746/s tput_out=180/s done=295 ok=295 err=0
                           ttft p50=1693ms p75=7909ms p95=22337ms p99=27591ms
                           itl  p50=107ms  p75=147ms  p95=234ms  p99=413ms
                           e2e  p50=44777ms p75=109209ms p95=334165ms p99=672578ms
                           intvty p50=9      p75=13     p95=20     p99=35 (1/tpot tok/s)
                           isl  p50=68,372    p75=91,751    p90=120,848   p99=190,149 (tokens)
                           osl  p50=346       p75=863       p90=1,463     p99=4,659 (tokens)
                           tot  in=21,392,383     out=194,643
                           trace theoretical_prefix_cache_hit=94.7%
                           srv  prefix_cache_hit=11.1% unique_in_srv=130,410,879 kv_usage=85.8% queue=27r/0w tput_in_srv=17,726/s tput_out_srv=194/s
2026-06-04 05:03:41.860 - records_manager - INFO - [realtime 18:36 profiling] rps=0.4 (avg 0.3) tput_in=20242/s tput_out=181/s done=308 ok=308 err=0
                           ttft p50=1573ms p75=7457ms p95=21960ms p99=27427ms
                           itl  p50=105ms  p75=144ms  p95=233ms  p99=409ms
                           e2e  p50=44119ms p75=102241ms p95=330023ms p99=655049ms
                           intvty p50=10     p75=13     p95=20     p99=35 (1/tpot tok/s)
                           isl  p50=68,889    p75=91,751    p90=121,175   p99=189,814 (tokens)
                           osl  p50=338       p75=819       p90=1,457     p99=4,512 (tokens)
                           tot  in=22,498,677     out=200,754
                           trace theoretical_prefix_cache_hit=94.7%
                           srv  prefix_cache_hit=11.6% unique_in_srv=130,484,379 kv_usage=78.0% queue=26r/0w tput_in_srv=17,970/s tput_out_srv=197/s
2026-06-04 05:04:13.338 - records_manager - INFO - [realtime 19:07 profiling] rps=0.2 (avg 0.3) tput_in=20114/s tput_out=183/s done=315 ok=315 err=0
                           ttft p50=1528ms p75=7226ms p95=21714ms p99=27332ms
                           itl  p50=104ms  p75=143ms  p95=233ms  p99=408ms
                           e2e  p50=44272ms p75=107893ms p95=327920ms p99=649799ms
                           intvty p50=10     p75=13     p95=19     p99=34 (1/tpot tok/s)
                           isl  p50=69,054    p75=91,753    p90=120,848   p99=189,227 (tokens)
                           osl  p50=342       p75=854       p90=1,515     p99=4,500 (tokens)
                           tot  in=23,047,608     out=209,199
                           trace theoretical_prefix_cache_hit=94.7%
                           srv  prefix_cache_hit=11.9% unique_in_srv=130,613,194 kv_usage=82.6% queue=27r/0w tput_in_srv=18,042/s tput_out_srv=198/s
2026-06-04 05:04:44.987 - records_manager - INFO - [realtime 19:39 profiling] rps=0.4 (avg 0.3) tput_in=20334/s tput_out=187/s done=327 ok=327 err=0
                           ttft p50=1480ms p75=6706ms p95=21200ms p99=27170ms
                           itl  p50=100ms  p75=141ms  p95=233ms  p99=408ms
                           e2e  p50=44552ms p75=107893ms p95=322314ms p99=640799ms
                           intvty p50=10     p75=13     p95=18     p99=34 (1/tpot tok/s)
                           isl  p50=67,500    p75=91,751    p90=121,228   p99=188,222 (tokens)
                           osl  p50=356       p75=862       p90=1,538     p99=4,479 (tokens)
                           tot  in=23,865,258     out=219,783
                           trace theoretical_prefix_cache_hit=94.7%
                           srv  prefix_cache_hit=12.2% unique_in_srv=130,627,525 kv_usage=74.4% queue=23r/0w tput_in_srv=18,058/s tput_out_srv=202/s
2026-06-04 05:05:16.851 - records_manager - INFO - [realtime 20:11 profiling] rps=0.5 (avg 0.3) tput_in=20716/s tput_out=199/s done=343 ok=343 err=0
                           ttft p50=1329ms p75=6510ms p95=20140ms p99=26954ms
                           itl  p50=97ms   p75=139ms  p95=232ms  p99=408ms
                           e2e  p50=44460ms p75=109209ms p95=325517ms p99=663687ms
                           intvty p50=10     p75=13     p95=20     p99=33 (1/tpot tok/s)
                           isl  p50=67,021    p75=91,544    p90=121,488   p99=186,881 (tokens)
                           osl  p50=364       p75=875       p90=1,651     p99=5,468 (tokens)
                           tot  in=24,996,239     out=240,678
                           trace theoretical_prefix_cache_hit=94.8%
                           srv  prefix_cache_hit=12.8% unique_in_srv=130,738,324 kv_usage=73.6% queue=22r/0w tput_in_srv=18,399/s tput_out_srv=204/s
2026-06-04 05:05:48.861 - records_manager - INFO - [realtime 20:43 profiling] rps=0.2 (avg 0.3) tput_in=20929/s tput_out=209/s done=350 ok=350 err=0
                           ttft p50=1278ms p75=6456ms p95=19748ms p99=26860ms
                           itl  p50=96ms   p75=137ms  p95=231ms  p99=408ms
                           e2e  p50=44426ms p75=112407ms p95=329422ms p99=749475ms
                           intvty p50=10     p75=13     p95=20     p99=33 (1/tpot tok/s)
                           isl  p50=68,245    p75=91,751    p90=121,798   p99=186,295 (tokens)
                           osl  p50=369       p75=894       p90=1,704     p99=6,089 (tokens)
                           tot  in=25,642,798     out=256,372
                           trace theoretical_prefix_cache_hit=94.8%
                           srv  prefix_cache_hit=13.2% unique_in_srv=130,925,133 kv_usage=83.8% queue=25r/0w tput_in_srv=18,585/s tput_out_srv=205/s
2026-06-04 05:06:20.947 - records_manager - INFO - [realtime 21:15 profiling] rps=0.1 (avg 0.3) tput_in=20467/s tput_out=208/s done=354 ok=354 err=0
                           ttft p50=1278ms p75=6456ms p95=19531ms p99=26806ms
                           itl  p50=95ms   p75=136ms  p95=231ms  p99=408ms
                           e2e  p50=44495ms p75=113416ms p95=328221ms p99=743388ms
                           intvty p50=10     p75=13     p95=20     p99=32 (1/tpot tok/s)
                           isl  p50=68,245    p75=91,613    p90=121,385   p99=185,960 (tokens)
                           osl  p50=370       p75=898       p90=1,710     p99=6,088 (tokens)
                           tot  in=25,896,603     out=262,761
                           trace theoretical_prefix_cache_hit=94.5%
                           srv  prefix_cache_hit=13.2% unique_in_srv=131,358,994 kv_usage=90.8% queue=27r/0w tput_in_srv=18,519/s tput_out_srv=203/s
2026-06-04 05:06:53.004 - records_manager - INFO - [realtime 21:47 profiling] rps=0.3 (avg 0.3) tput_in=20209/s tput_out=204/s done=364 ok=364 err=0
                           ttft p50=1293ms p75=6414ms p95=18988ms p99=26671ms
                           itl  p50=97ms   p75=136ms  p95=229ms  p99=408ms
                           e2e  p50=44495ms p75=108403ms p95=325217ms p99=728168ms
                           intvty p50=10     p75=13     p95=20     p99=32 (1/tpot tok/s)
                           isl  p50=66,896    p75=91,037    p90=120,861   p99=185,122 (tokens)
                           osl  p50=358       p75=891       p90=1,705     p99=6,085 (tokens)
                           tot  in=26,376,357     out=265,988
                           trace theoretical_prefix_cache_hit=94.3%
                           srv  prefix_cache_hit=13.3% unique_in_srv=131,666,739 kv_usage=88.0% queue=27r/0w tput_in_srv=18,396/s tput_out_srv=204/s
2026-06-04 05:07:25.256 - records_manager - INFO - [realtime 22:19 profiling] rps=0.4 (avg 0.3) tput_in=20532/s tput_out=206/s done=378 ok=378 err=0
                           ttft p50=1293ms p75=6167ms p95=18746ms p99=26482ms
                           itl  p50=98ms   p75=137ms  p95=228ms  p99=407ms
                           e2e  p50=44608ms p75=110208ms p95=314973ms p99=706861ms
                           intvty p50=10     p75=13     p95=20     p99=31 (1/tpot tok/s)
                           isl  p50=66,300    p75=91,228    p90=121,175   p99=183,949 (tokens)
                           osl  p50=369       p75=894       p90=1,705     p99=6,082 (tokens)
                           tot  in=27,431,365     out=274,867
                           trace theoretical_prefix_cache_hit=94.2%
                           srv  prefix_cache_hit=13.6% unique_in_srv=131,823,664 kv_usage=79.2% queue=26r/0w tput_in_srv=18,537/s tput_out_srv=205/s
2026-06-04 05:07:57.557 - records_manager - INFO - [realtime 22:52 profiling] rps=0.2 (avg 0.3) tput_in=20486/s tput_out=204/s done=385 ok=385 err=0
                           ttft p50=1267ms p75=5950ms p95=18631ms p99=26387ms
                           itl  p50=100ms  p75=138ms  p95=227ms  p99=407ms
                           e2e  p50=44777ms p75=110918ms p95=310347ms p99=696208ms
                           intvty p50=10     p75=13     p95=20     p99=31 (1/tpot tok/s)
                           isl  p50=66,082    p75=91,323    p90=121,333   p99=183,362 (tokens)
                           osl  p50=372       p75=891       p90=1,698     p99=6,080 (tokens)
                           tot  in=27,938,726     out=278,660
                           trace theoretical_prefix_cache_hit=94.2%
                           srv  prefix_cache_hit=14.5% unique_in_srv=135,050,883 kv_usage=95.6% queue=29r/1w tput_in_srv=18,673/s tput_out_srv=203/s
2026-06-04 05:08:29.933 - records_manager - INFO - [realtime 23:24 profiling] rps=0.2 (avg 0.3) tput_in=20346/s tput_out=204/s done=391 ok=391 err=0
                           ttft p50=1267ms p75=6056ms p95=18565ms p99=26306ms
                           itl  p50=101ms  p75=140ms  p95=226ms  p99=407ms
                           e2e  p50=46281ms p75=113252ms p95=308933ms p99=687076ms
                           intvty p50=10     p75=13     p95=20     p99=31 (1/tpot tok/s)
                           isl  p50=66,465    p75=91,432    p90=121,018   p99=182,859 (tokens)
                           osl  p50=372       p75=893       p90=1,706     p99=6,078 (tokens)
                           tot  in=28,429,164     out=284,854
                           trace theoretical_prefix_cache_hit=94.2%
                           srv  prefix_cache_hit=14.4% unique_in_srv=137,559,144 kv_usage=97.5% queue=30r/0w tput_in_srv=18,658/s tput_out_srv=203/s
2026-06-04 05:09:02.479 - records_manager - INFO - [realtime 23:57 profiling] rps=0.4 (avg 0.3) tput_in=20555/s tput_out=204/s done=405 ok=405 err=0
                           ttft p50=1329ms p75=5950ms p95=18420ms p99=26130ms
                           itl  p50=103ms  p75=141ms  p95=226ms  p99=407ms
                           e2e  p50=46854ms p75=112797ms p95=305720ms p99=667199ms
                           intvty p50=10     p75=13     p95=20     p99=30 (1/tpot tok/s)
                           isl  p50=66,394    p75=91,461    p90=121,333   p99=181,735 (tokens)
                           osl  p50=372       p75=891       p90=1,698     p99=6,059 (tokens)
                           tot  in=29,474,362     out=292,208
                           trace theoretical_prefix_cache_hit=94.2%
                           srv  prefix_cache_hit=15.8% unique_in_srv=140,009,641 kv_usage=81.7% queue=23r/0w tput_in_srv=18,705/s tput_out_srv=205/s
2026-06-04 05:09:35.102 - records_manager - INFO - [realtime 24:29 profiling] rps=0.2 (avg 0.3) tput_in=20697/s tput_out=203/s done=413 ok=413 err=0
                           ttft p50=1382ms p75=5950ms p95=18410ms p99=26124ms
                           itl  p50=103ms  p75=141ms  p95=225ms  p99=406ms
                           e2e  p50=47464ms p75=110918ms p95=304527ms p99=666460ms
                           intvty p50=10     p75=13     p95=20     p99=30 (1/tpot tok/s)
                           isl  p50=66,692    p75=91,751    p90=121,488   p99=181,452 (tokens)
                           osl  p50=374       p75=885       p90=1,651     p99=5,935 (tokens)
                           tot  in=30,189,854     out=296,647
                           trace theoretical_prefix_cache_hit=94.3%
                           srv  prefix_cache_hit=16.2% unique_in_srv=140,146,399 kv_usage=88.7% queue=27r/0w tput_in_srv=18,842/s tput_out_srv=206/s
2026-06-04 05:10:07.824 - records_manager - INFO - [realtime 25:02 profiling] rps=0.2 (avg 0.3) tput_in=20621/s tput_out=205/s done=419 ok=419 err=0
                           ttft p50=1403ms p75=6142ms p95=18402ms p99=26119ms
                           itl  p50=102ms  p75=140ms  p95=225ms  p99=405ms
                           e2e  p50=47464ms p75=113252ms p95=307047ms p99=665905ms
                           intvty p50=10     p75=13     p95=20     p99=30 (1/tpot tok/s)
                           isl  p50=66,560    p75=91,751    p90=121,902   p99=184,548 (tokens)
                           osl  p50=374       p75=893       p90=1,704     p99=5,859 (tokens)
                           tot  in=30,674,253     out=305,060
                           trace theoretical_prefix_cache_hit=94.3%
                           srv  prefix_cache_hit=16.3% unique_in_srv=140,377,538 kv_usage=88.1% queue=27r/1w tput_in_srv=18,722/s tput_out_srv=206/s
2026-06-04 05:10:40.697 - records_manager - INFO - [realtime 25:35 profiling] rps=0.4 (avg 0.3) tput_in=20697/s tput_out=207/s done=432 ok=432 err=0
                           ttft p50=1413ms p75=6130ms p95=18267ms p99=26109ms
                           itl  p50=103ms  p75=140ms  p95=225ms  p99=408ms
                           e2e  p50=47562ms p75=113451ms p95=308697ms p99=664703ms
                           intvty p50=10     p75=13     p95=20     p99=30 (1/tpot tok/s)
                           isl  p50=66,755    p75=91,598    p90=121,592   p99=184,123 (tokens)
                           osl  p50=375       p75=898       p90=1,704     p99=5,671 (tokens)
                           tot  in=31,636,483     out=316,193
                           trace theoretical_prefix_cache_hit=94.5%
                           srv  prefix_cache_hit=16.5% unique_in_srv=140,792,204 kv_usage=81.7% queue=25r/2w tput_in_srv=18,838/s tput_out_srv=206/s
2026-06-04 05:11:13.715 - records_manager - INFO - [realtime 26:08 profiling] rps=0.3 (avg 0.3) tput_in=20870/s tput_out=205/s done=443 ok=443 err=0
                           ttft p50=1403ms p75=6186ms p95=18089ms p99=26101ms
                           itl  p50=104ms  p75=141ms  p95=232ms  p99=408ms
                           e2e  p50=46807ms p75=112017ms p95=306105ms p99=663687ms
                           intvty p50=10     p75=13     p95=20     p99=29 (1/tpot tok/s)
                           isl  p50=66,826    p75=91,618    p90=121,488   p99=183,763 (tokens)
                           osl  p50=372       p75=890       p90=1,651     p99=5,513 (tokens)
                           tot  in=32,480,514     out=319,310
                           trace theoretical_prefix_cache_hit=94.5%
                           srv  prefix_cache_hit=16.8% unique_in_srv=140,929,632 kv_usage=83.7% queue=25r/0w tput_in_srv=19,018/s tput_out_srv=205/s
2026-06-04 05:11:46.891 - records_manager - INFO - [realtime 26:41 profiling] rps=0.3 (avg 0.3) tput_in=20917/s tput_out=204/s done=454 ok=454 err=0
                           ttft p50=1364ms p75=6192ms p95=17602ms p99=26093ms
                           itl  p50=105ms  p75=141ms  p95=231ms  p99=408ms
                           e2e  p50=46219ms p75=113319ms p95=304378ms p99=662670ms
                           intvty p50=9      p75=13     p95=20     p99=29 (1/tpot tok/s)
                           isl  p50=67,146    p75=91,714    p90=122,418   p99=183,404 (tokens)
                           osl  p50=369       p75=894       p90=1,704     p99=5,354 (tokens)
                           tot  in=33,398,200     out=326,426
                           trace theoretical_prefix_cache_hit=94.6%
                           srv  prefix_cache_hit=17.0% unique_in_srv=141,229,882 kv_usage=79.0% queue=22r/0w tput_in_srv=19,100/s tput_out_srv=205/s
2026-06-04 05:12:20.056 - records_manager - INFO - [realtime 27:14 profiling] rps=0.2 (avg 0.3) tput_in=21147/s tput_out=205/s done=460 ok=460 err=0
                           ttft p50=1293ms p75=6203ms p95=17320ms p99=26088ms
                           itl  p50=105ms  p75=141ms  p95=230ms  p99=408ms
                           e2e  p50=45555ms p75=113451ms p95=303484ms p99=662116ms
                           intvty p50=10     p75=13     p95=20     p99=29 (1/tpot tok/s)
                           isl  p50=68,245    p75=91,760    p90=122,446   p99=183,208 (tokens)
                           osl  p50=358       p75=898       p90=1,685     p99=5,267 (tokens)
                           tot  in=34,012,165     out=329,502
                           trace theoretical_prefix_cache_hit=94.6%
                           srv  prefix_cache_hit=16.7% unique_in_srv=148,056,786 kv_usage=96.7% queue=29r/2w tput_in_srv=19,325/s tput_out_srv=205/s
2026-06-04 05:12:53.313 - records_manager - INFO - [realtime 27:47 profiling] rps=0.2 (avg 0.3) tput_in=20650/s tput_out=199/s done=465 ok=465 err=0
                           ttft p50=1382ms p75=6413ms p95=17129ms p99=26084ms
                           itl  p50=105ms  p75=141ms  p95=229ms  p99=408ms
                           e2e  p50=45191ms p75=113385ms p95=302477ms p99=661653ms
                           intvty p50=9      p75=13     p95=20     p99=29 (1/tpot tok/s)
                           isl  p50=68,050    p75=91,758    p90=122,315   p99=183,045 (tokens)
                           osl  p50=356       p75=891       p90=1,670     p99=5,195 (tokens)
                           tot  in=34,350,073     out=331,087
                           trace theoretical_prefix_cache_hit=94.5%
                           srv  prefix_cache_hit=15.7% unique_in_srv=159,586,078 kv_usage=97.0% queue=29r/1w tput_in_srv=19,173/s tput_out_srv=204/s
2026-06-04 05:13:26.650 - records_manager - INFO - [realtime 28:21 profiling] rps=0.3 (avg 0.3) tput_in=20706/s tput_out=197/s done=474 ok=474 err=0
                           ttft p50=1416ms p75=6714ms p95=18235ms p99=26077ms
                           itl  p50=106ms  p75=142ms  p95=232ms  p99=408ms
                           e2e  p50=45555ms p75=112407ms p95=298781ms p99=660822ms
                           intvty p50=9      p75=13     p95=20     p99=29 (1/tpot tok/s)
                           isl  p50=67,855    p75=91,844    p90=122,487   p99=182,750 (tokens)
                           osl  p50=348       p75=880       p90=1,645     p99=5,066 (tokens)
                           tot  in=35,063,714     out=333,445
                           trace theoretical_prefix_cache_hit=94.6%
                           srv  prefix_cache_hit=16.2% unique_in_srv=162,263,112 kv_usage=98.1% queue=28r/0w tput_in_srv=19,152/s tput_out_srv=203/s
2026-06-04 05:14:00.156 - records_manager - INFO - [realtime 28:54 profiling] rps=0.2 (avg 0.3) tput_in=20525/s tput_out=200/s done=480 ok=480 err=0
                           ttft p50=1482ms p75=6731ms p95=18138ms p99=26073ms
                           itl  p50=107ms  p75=143ms  p95=232ms  p99=407ms
                           e2e  p50=46219ms p75=113646ms p95=306812ms p99=660267ms
                           intvty p50=9      p75=13     p95=20     p99=29 (1/tpot tok/s)
                           isl  p50=67,779    p75=91,928    p90=122,719   p99=182,554 (tokens)
                           osl  p50=350       p75=891       p90=1,685     p99=5,686 (tokens)
                           tot  in=35,494,415     out=345,048
                           trace theoretical_prefix_cache_hit=94.6%
                           srv  prefix_cache_hit=16.8% unique_in_srv=167,567,534 kv_usage=97.3% queue=31r/5w tput_in_srv=19,111/s tput_out_srv=202/s
2026-06-04 05:14:33.754 - records_manager - INFO - [realtime 29:28 profiling] rps=0.2 (avg 0.3) tput_in=20439/s tput_out=198/s done=487 ok=487 err=0
                           ttft p50=1528ms p75=6981ms p95=18609ms p99=26068ms
                           itl  p50=107ms  p75=145ms  p95=232ms  p99=407ms
                           e2e  p50=47318ms p75=114011ms p95=305422ms p99=659620ms
                           intvty p50=9      p75=13     p95=20     p99=29 (1/tpot tok/s)
                           isl  p50=67,817    p75=91,932    p90=122,892   p99=182,326 (tokens)
                           osl  p50=352       p75=890       p90=1,665     p99=5,650 (tokens)
                           tot  in=36,037,895     out=348,285
                           trace theoretical_prefix_cache_hit=94.5%
                           srv  prefix_cache_hit=16.7% unique_in_srv=168,029,007 kv_usage=91.2% queue=31r/5w tput_in_srv=18,986/s tput_out_srv=203/s
2026-06-04 05:15:05.424 - PhaseRunner - INFO - Timeout of 1799.9995056s elapsed for event 'profiling phase sending'
2026-06-04 05:15:05.424 - PhaseRunner - NOTICE - Phase profiling sending complete | sent=532, completed=494, in_flight=38 | sessions: sent=13, completed=10 | timeout_triggered=True
2026-06-04 05:15:05.424 - PhaseRunner - INFO - Waiting for event 'profiling phase credits returned' with timeout of 29.999171349000108s
2026-06-04 05:15:07.384 - records_manager - INFO - [realtime 30:01 profiling] rps=0.2 (avg 0.3) tput_in=20289/s tput_out=195/s done=494 ok=494 err=0
                           ttft p50=1596ms p75=7337ms p95=19714ms p99=27603ms
                           itl  p50=108ms  p75=147ms  p95=232ms  p99=407ms
                           e2e  p50=48091ms p75=113548ms p95=304378ms p99=658973ms
                           intvty p50=9      p75=13     p95=19     p99=29 (1/tpot tok/s)
                           isl  p50=66,896    p75=91,844    p90=122,487   p99=182,097 (tokens)
                           osl  p50=348       p75=866       p90=1,645     p99=5,614 (tokens)
                           tot  in=36,395,576     out=349,991
                           trace theoretical_prefix_cache_hit=94.0%
                           srv  prefix_cache_hit=16.7% unique_in_srv=168,728,547 kv_usage=96.0% queue=30r/8w tput_in_srv=18,903/s tput_out_srv=200/s
2026-06-04 05:15:07.403 - records_manager - INFO - Sent 532 requests. Waiting for all to complete...
2026-06-04 05:15:35.424 - PhaseRunner - INFO - Timeout of 29.999171349000108s elapsed for event 'profiling phase credits returned'
2026-06-04 05:15:35.424 - PhaseRunner - WARNING - Phase profiling timed out, cancelling all credits. Stats: sent=532, completed=500, cancelled=0, in_flight=32
2026-06-04 05:15:35.425 - StickyCreditRouter_9a5a3fca - INFO - Sent cancellation requests for 32 in-flight credits across 27 workers
2026-06-04 05:15:35.425 - PhaseRunner - INFO - Waiting for all cancelled credits to be returned for phase profiling. Need 32 more credits.
2026-06-04 05:15:35.428 - PhaseRunner - INFO - All cancelled credits returned for phase profiling
2026-06-04 05:15:35.428 - PhaseRunner - NOTICE - Phase profiling complete | completed=500, cancelled=32, errors=0 | sessions: completed=10, cancelled=0 | elapsed=1830.00s | grace_period_timeout=True
2026-06-04 05:15:35.428 - aiperf.timing.branch_orchestrator - INFO - BranchOrchestrator stats: spawned=12 completed=5 errored=0 suspended=2 resumed=0 parents_failed_due_to_child_error=0 joins_suppressed=2
2026-06-04 05:15:35.428 - PhaseOrchestrator_5386e11f - NOTICE - All credits completed
2026-06-04 05:15:35.429 - records_manager - INFO - Received CREDIT_PHASE_COMPLETE message, Phase complete: PhaseRecordsStats(phase=CreditPhase.PROFILING, start_ns=1780548305423994550, sent_end_ns=1780550105424356471, requests_end_ns=1780550135428376514, total_expected_requests=None, expected_duration_sec=None, expected_num_sessions=None, expected_grace_period_sec=None, final_requests_sent=None, final_requests_completed=500, final_requests_cancelled=32, final_request_errors=0, final_sent_sessions=None, final_completed_sessions=None, final_cancelled_sessions=None, timeout_triggered=True, grace_period_timeout_triggered=True, was_cancelled=False, records_end_ns=None, success_records=500, error_records=0)
2026-06-04 05:15:35.429 - system_controller - INFO - Received credits complete from 'timing_manager'
2026-06-04 05:15:35.429 - records_manager - NOTICE - All requests have completed, please wait for the results to be processed (currently 500 of 500 records processed)...
2026-06-04 05:15:35.429 - records_manager - INFO - Processed 500 valid requests and 0 errors (500 total).
2026-06-04 05:15:35.429 - records_manager - INFO - Received all records, processing now...
2026-06-04 05:15:35.430 - records_manager - INFO - All credits complete, please wait for the results to be processed...
2026-06-04 05:15:35.431 - server_metrics_manager - INFO - Server Metrics: Profiling complete, capturing final metrics...
2026-06-04 05:15:35.432 - records_manager - INFO - Waiting 2.0s for server metrics flush period...
2026-06-04 05:15:41.072 - records_manager - INFO - Processing records results...
2026-06-04 05:15:41.073 - records_manager - INFO - [realtime 30:30 profiling] rps=0.2 (avg 0.3) tput_in=20107/s tput_out=194/s done=500 ok=500 err=0
                           ttft p50=1737ms p75=7457ms p95=21511ms p99=29008ms
                           itl  p50=109ms  p75=148ms  p95=233ms  p99=407ms
                           e2e  p50=49313ms p75=113646ms p95=306812ms p99=658419ms
                           intvty p50=9      p75=13     p95=19     p99=28 (1/tpot tok/s)
                           isl  p50=66,896    p75=91,760    p90=122,446   p99=181,901 (tokens)
                           osl  p50=348       p75=863       p90=1,656     p99=5,583 (tokens)
                           tot  in=36,793,105     out=355,256
                           trace theoretical_prefix_cache_hit=93.6%
                           srv  prefix_cache_hit=16.0% unique_in_srv=177,088,855 kv_usage=97.7% queue=31r/1w tput_in_srv=18,862/s tput_out_srv=199/s
2026-06-04 05:15:46.713 - RecordExportJSONLWriter_e220564e - WARNING - Timeout waiting for 0 pending flush tasks during shutdown. Cancelling tasks and proceeding with cleanup.
2026-06-04 05:15:47.028 - system_controller - INFO - Waiting for server metrics results...
2026-06-04 05:15:47.028 - system_controller - INFO - Waiting for server metrics results...
2026-06-04 05:15:48.201 - records_manager - INFO - _finalize_and_process_results completed
2026-06-04 05:15:48.442 - system_controller - INFO - All results received, initiating shutdown
2026-06-04 05:15:49.321 - ExporterManager - INFO - Exporting all records
2026-06-04 05:15:49.432 - aiperf.common.scenario.validator - INFO - Scenario 'inferencex-agentx-mvp': setting timing_mode=agentic_replay (was at default request_rate).
2026-06-04 05:15:50.532 - aiperf.common.scenario.validator - INFO - Scenario 'inferencex-agentx-mvp': setting timing_mode=agentic_replay (was at default request_rate).
2026-06-04 05:15:50.636 - ExporterManager - INFO - Exporting console data
