2026-06-03 16:41:16.446 - aiperf.cli_runner - INFO - Starting AIPerf System
2026-06-03 16:41:16.748 - system_controller - INFO - Registered Worker Manager (id: 'worker_manager')
2026-06-03 16:41:16.776 - server_metrics_manager - INFO - Server Metrics: Discovered 1 endpoints: ['http://localhost:8889/metrics']
2026-06-03 16:41:16.802 - system_controller - INFO - Registered Server Metrics Manager (id: 'server_metrics_manager')
2026-06-03 16:41:16.803 - system_controller - INFO - Registered Gpu Telemetry Manager (id: 'gpu_telemetry_manager')
2026-06-03 16:41:16.880 - system_controller - INFO - Registered Dataset Manager (id: 'dataset_manager')
2026-06-03 16:41:16.961 - system_controller - INFO - Registered Worker (id: 'worker_8f35935b')
2026-06-03 16:41:16.997 - system_controller - INFO - Registered Record Processor (id: 'record_processor_11bfb3fe')
2026-06-03 16:41:17.027 - GPUTelemetryJSONLWriter_fa4ad535 - INFO - GPU telemetry export enabled: /workspace/results/aiperf_artifacts/gpu_telemetry_export.jsonl
2026-06-03 16:41:17.029 - RecordExportJSONLWriter_3f27af42 - INFO - Record metrics export enabled: /workspace/results/aiperf_artifacts/profile_export.jsonl
2026-06-03 16:41:17.055 - system_controller - INFO - Registered Timing Manager (id: 'timing_manager')
2026-06-03 16:41:17.063 - system_controller - INFO - Registered Records Manager (id: 'records_manager')
2026-06-03 16:41:17.098 - system_controller - INFO - AIPerf System is CONFIGURING
2026-06-03 16:41:17.098 - system_controller - INFO - Configuring all services to start profiling
2026-06-03 16:41:17.099 - InferenceResultParser_8ac0ac0f - INFO - Tokenization is disabled for this endpoint, skipping tokenizer configuration
2026-06-03 16:41:17.099 - timing_manager - INFO - Waiting for dataset to be configured before configuring timing
2026-06-03 16:41:17.111 - system_controller - INFO - GPU telemetry disabled - no DCGM endpoints reachable
2026-06-03 16:41:17.115 - server_metrics_manager - INFO - Server Metrics: Capturing baseline metrics...
2026-06-03 16:41:17.135 - dataset_manager - INFO - Memory-mapped dataset cache HIT (key=f921ed09196f017e89b67d5e8eb9a265); skipping tokenizer + composer.
2026-06-03 16:41:17.138 - http://localhost:8889/metrics - INFO - Skipping unsupported summary metric: http_request_size_bytes
2026-06-03 16:41:17.138 - http://localhost:8889/metrics - INFO - Skipping unsupported summary metric: http_response_size_bytes
2026-06-03 16:41:17.139 - system_controller - INFO - Server metrics enabled - 1/1 endpoint(s) reachable.
2026-06-03 16:41:17.467 - aiperf.dataset.mmap_cache - INFO - Restored mmap cache file dataset.dat via copy in 0.331s (1.24 GiB)
2026-06-03 16:41:17.467 - aiperf.dataset.mmap_cache - INFO - Restored mmap cache file index.dat via copy in 0.000s (0.00 GiB)
2026-06-03 16:41:17.468 - aiperf.dataset.mmap_cache - INFO - Restored mmap cache files in 0.332s via dataset=copy index=copy (dataset=1.24 GiB, index=0.00 GiB)
2026-06-03 16:41:17.610 - dataset_manager - INFO - sampling strategy: sequential, unique conversations: 678, unique turn count: 52915
2026-06-03 16:41:17.858 - dataset_manager - INFO - Dataset client initialized and freed 0 conversations from memory
2026-06-03 16:41:17.858 - aiperf.timing.trajectory_source - INFO - TrajectorySource: built 1 trajectories from 225 traces
  range cfg=[0.25, 0.75]  observed sample pct: min= 39% median= 39% max= 39%
    lane=00  sample_time= 39%  root_next= 14/32  ( 44% turns)  live=1 ready=1  trace_id=00e7d11db2db59f44a87b4110175b11d1af3
2026-06-03 16:41:17.859 - PhaseOrchestrator_91768d26 - INFO - Initialized 2 phase(s): ['Warmup', 'Profiling']
2026-06-03 16:41:17.879 - system_controller - INFO - All services configured in 0.78 seconds
2026-06-03 16:41:17.879 - system_controller - INFO - AIPerf System is CONFIGURED
2026-06-03 16:41:17.880 - server_metrics_manager - INFO - Server Metrics: Started 1 collector(s) successfully
2026-06-03 16:41:17.894 - PhaseRunner - NOTICE - Phase warmup started | target: 1 requests
2026-06-03 16:41:17.895 - AgenticReplayTiming - INFO - WARMUP execute: dispatching 1 trajectory credits
2026-06-03 16:41:17.895 - PhaseRunner - NOTICE - Phase warmup sending complete | sent=1, completed=0, in_flight=1
2026-06-03 16:41:17.938 - records_manager - INFO - Credit phase start: warmup
2026-06-03 16:41:17.959 - system_controller - INFO - All services started profiling successfully
2026-06-03 16:41:17.959 - system_controller - INFO - AIPerf System is PROFILING
2026-06-03 16:41:28.492 - PhaseRunner - NOTICE - Phase warmup complete | completed=1, cancelled=0, errors=0 | elapsed=10.60s
2026-06-03 16:41:28.493 - aiperf.timing.branch_orchestrator - INFO - BranchOrchestrator stats: spawned=0 completed=0 errored=0 suspended=0 resumed=0 parents_failed_due_to_child_error=0 joins_suppressed=0
2026-06-03 16:41:28.505 - AgenticReplayTiming - INFO - PROFILING setup: trajectories=1 traces, recycle_queue=225 traces (full pool)
2026-06-03 16:41:28.505 - PhaseRunner - NOTICE - Phase profiling started | target: 1800.0s duration
2026-06-03 16:41:28.506 - PhaseRunner - INFO - Waiting for event 'profiling phase sending' with timeout of 1799.999508352s
2026-06-03 16:41:28.506 - AgenticReplayTiming - INFO - PROFILING execute: resuming 1 trajectory sessions
2026-06-03 16:41:28.506 - records_manager - INFO - Credit phase start: profiling
2026-06-03 16:42:17.086 - records_manager - INFO - [realtime 00:48 profiling] rps=0.4 (avg 0.4) tput_in=29449/s tput_out=80/s done=1 ok=1 err=0
                           ttft p50=543ms  p75=543ms  p95=543ms  p99=543ms
                           itl  p50=10ms   p75=10ms   p95=10ms   p99=10ms
                           e2e  p50=2496ms p75=2496ms p95=2496ms p99=2496ms
                           intvty p50=101    p75=101    p95=101    p99=101 (1/tpot tok/s)
                           isl  p50=73,513    p75=73,513    p90=73,513    p99=73,513 (tokens)
                           osl  p50=199       p75=199       p90=199       p99=199 (tokens)
                           tot  in=73,513         out=199
                           trace theoretical_prefix_cache_hit=94.2%
                           srv  prefix_cache_hit=66.5% unique_in_srv=74,054 ext_cache_hit=0.0% kv_usage=15.4% queue=1r/0w tput_in_srv=3,698/s tput_out_srv=17/s
2026-06-03 16:42:47.111 - records_manager - INFO - [realtime 01:18 profiling] rps=0.1 (avg 0.1) tput_in=8379/s tput_out=50/s done=4 ok=4 err=0
                           ttft p50=592ms  p75=773ms  p95=1197ms p99=1282ms
                           itl  p50=10ms   p75=10ms   p95=10ms   p99=10ms
                           e2e  p50=3375ms p75=5807ms p95=10623ms p99=11586ms
                           intvty p50=99     p75=100    p95=101    p99=101 (1/tpot tok/s)
                           isl  p50=74,230    p75=75,641    p90=77,833    p99=79,149 (tokens)
                           osl  p50=242       p75=461       p90=846       p99=1,076 (tokens)
                           tot  in=301,267        out=1,784
                           trace theoretical_prefix_cache_hit=96.7%
                           srv  prefix_cache_hit=78.8% unique_in_srv=79,356 ext_cache_hit=0.0% kv_usage=0.0% queue=0r/0w tput_in_srv=4,175/s tput_out_srv=22/s
2026-06-03 16:43:17.136 - records_manager - INFO - [realtime 01:48 profiling] rps=0.0 (avg 0.1) tput_in=8379/s tput_out=50/s done=4 ok=4 err=0
                           ttft p50=592ms  p75=773ms  p95=1197ms p99=1282ms
                           itl  p50=10ms   p75=10ms   p95=10ms   p99=10ms
                           e2e  p50=3375ms p75=5807ms p95=10623ms p99=11586ms
                           intvty p50=99     p75=100    p95=101    p99=101 (1/tpot tok/s)
                           isl  p50=74,230    p75=75,641    p90=77,833    p99=79,149 (tokens)
                           osl  p50=242       p75=461       p90=846       p99=1,076 (tokens)
                           tot  in=301,267        out=1,784
                           trace theoretical_prefix_cache_hit=96.7%
                           srv  prefix_cache_hit=78.8% unique_in_srv=79,356 ext_cache_hit=0.0% kv_usage=0.0% queue=0r/0w tput_in_srv=3,129/s tput_out_srv=17/s
2026-06-03 16:43:47.210 - records_manager - INFO - [realtime 02:18 profiling] rps=0.1 (avg 0.1) tput_in=4692/s tput_out=32/s done=6 ok=6 err=0
                           ttft p50=623ms  p75=768ms  p95=1179ms p99=1278ms
                           itl  p50=10ms   p75=10ms   p95=10ms   p99=10ms
                           e2e  p50=4611ms p75=8626ms p95=11294ms p99=11720ms
                           intvty p50=98     p75=99     p95=101    p99=101 (1/tpot tok/s)
                           isl  p50=76,859    p75=79,927    p90=80,782    p99=81,363 (tokens)
                           osl  p50=358       p75=763       p90=982       p99=1,090 (tokens)
                           tot  in=462,832        out=3,115
                           trace theoretical_prefix_cache_hit=97.4%
                           srv  prefix_cache_hit=84.8% unique_in_srv=81,529 ext_cache_hit=0.0% kv_usage=0.0% queue=0r/0w tput_in_srv=3,581/s tput_out_srv=22/s
2026-06-03 16:44:17.242 - records_manager - INFO - [realtime 02:48 profiling] rps=0.0 (avg 0.1) tput_in=4692/s tput_out=32/s done=6 ok=6 err=0
                           ttft p50=623ms  p75=768ms  p95=1179ms p99=1278ms
                           itl  p50=10ms   p75=10ms   p95=10ms   p99=10ms
                           e2e  p50=4611ms p75=8626ms p95=11294ms p99=11720ms
                           intvty p50=98     p75=99     p95=101    p99=101 (1/tpot tok/s)
                           isl  p50=76,859    p75=79,927    p90=80,782    p99=81,363 (tokens)
                           osl  p50=358       p75=763       p90=982       p99=1,090 (tokens)
                           tot  in=462,832        out=3,115
                           trace theoretical_prefix_cache_hit=97.4%
                           srv  prefix_cache_hit=86.6% unique_in_srv=83,158 ext_cache_hit=0.0% kv_usage=17.6% queue=1r/0w tput_in_srv=3,445/s tput_out_srv=32/s
2026-06-03 16:44:47.288 - records_manager - INFO - [realtime 03:18 profiling] rps=0.1 (avg 0.1) tput_in=4091/s tput_out=39/s done=8 ok=8 err=0
                           ttft p50=712ms  p75=809ms  p95=1132ms p99=1269ms
                           itl  p50=10ms   p75=10ms   p95=10ms   p99=10ms
                           e2e  p50=4611ms p75=10227ms p95=23507ms p99=28539ms
                           intvty p50=98     p75=99     p95=101    p99=101 (1/tpot tok/s)
                           isl  p50=79,716    p75=81,830    p90=83,365    p99=84,053 (tokens)
                           osl  p50=358       p75=921       p90=1,600     p99=2,646 (tokens)
                           tot  in=629,999        out=6,081
                           trace theoretical_prefix_cache_hit=97.6%
                           srv  prefix_cache_hit=88.0% unique_in_srv=84,280 ext_cache_hit=0.0% kv_usage=0.0% queue=0r/0w tput_in_srv=3,353/s tput_out_srv=30/s
2026-06-03 16:45:17.336 - records_manager - INFO - [realtime 03:48 profiling] rps=0.0 (avg 0.0) tput_in=3755/s tput_out=33/s done=9 ok=9 err=0
                           ttft p50=650ms  p75=807ms  p95=1107ms p99=1264ms
                           itl  p50=10ms   p75=10ms   p95=10ms   p99=10ms
                           e2e  p50=3801ms p75=9694ms p95=22609ms p99=28359ms
                           intvty p50=98     p75=99     p95=101    p99=101 (1/tpot tok/s)
                           isl  p50=80,138    p75=83,037    p90=84,182    p99=84,368 (tokens)
                           osl  p50=267       p75=861       p90=1,434     p99=2,629 (tokens)
                           tot  in=714,388        out=6,348
                           trace theoretical_prefix_cache_hit=97.9%
                           srv  prefix_cache_hit=89.3% unique_in_srv=84,541 ext_cache_hit=0.0% kv_usage=0.0% queue=0r/0w tput_in_srv=3,281/s tput_out_srv=27/s
2026-06-03 16:45:47.385 - records_manager - INFO - [realtime 04:18 profiling] rps=0.0 (avg 0.0) tput_in=3755/s tput_out=33/s done=9 ok=9 err=0
                           ttft p50=650ms  p75=807ms  p95=1107ms p99=1264ms
                           itl  p50=10ms   p75=10ms   p95=10ms   p99=10ms
                           e2e  p50=3801ms p75=9694ms p95=22609ms p99=28359ms
                           intvty p50=98     p75=99     p95=101    p99=101 (1/tpot tok/s)
                           isl  p50=80,138    p75=83,037    p90=84,182    p99=84,368 (tokens)
                           osl  p50=267       p75=861       p90=1,434     p99=2,629 (tokens)
                           tot  in=714,388        out=6,348
                           trace theoretical_prefix_cache_hit=97.9%
                           srv  prefix_cache_hit=87.6% unique_in_srv=111,428 ext_cache_hit=0.0% kv_usage=23.4% queue=1r/0w tput_in_srv=3,329/s tput_out_srv=32/s
2026-06-03 16:46:17.447 - records_manager - INFO - [realtime 04:48 profiling] rps=0.1 (avg 0.0) tput_in=3718/s tput_out=38/s done=11 ok=11 err=0
                           ttft p50=774ms  p75=920ms  p95=3566ms p99=5377ms
                           itl  p50=10ms   p75=10ms   p95=11ms   p99=11ms
                           e2e  p50=5421ms p75=10839ms p95=31721ms p99=33260ms
                           intvty p50=98     p75=99     p95=100    p99=101 (1/tpot tok/s)
                           isl  p50=81,427    p75=84,260    p90=111,271   p99=112,943 (tokens)
                           osl  p50=470       p75=982       p90=2,486     p99=2,734 (tokens)
                           tot  in=938,788        out=9,627
                           trace theoretical_prefix_cache_hit=95.3%
                           srv  prefix_cache_hit=88.8% unique_in_srv=113,293 ext_cache_hit=0.0% kv_usage=0.0% queue=0r/0w tput_in_srv=3,373/s tput_out_srv=33/s
2026-06-03 16:46:47.507 - records_manager - INFO - [realtime 05:19 profiling] rps=0.0 (avg 0.0) tput_in=3718/s tput_out=38/s done=11 ok=11 err=0
                           ttft p50=774ms  p75=920ms  p95=3566ms p99=5377ms
                           itl  p50=10ms   p75=10ms   p95=11ms   p99=11ms
                           e2e  p50=5421ms p75=10839ms p95=31721ms p99=33260ms
                           intvty p50=98     p75=99     p95=100    p99=101 (1/tpot tok/s)
                           isl  p50=81,427    p75=84,260    p90=111,271   p99=112,943 (tokens)
                           osl  p50=470       p75=982       p90=2,486     p99=2,734 (tokens)
                           tot  in=938,788        out=9,627
                           trace theoretical_prefix_cache_hit=95.3%
                           srv  prefix_cache_hit=89.9% unique_in_srv=113,627 ext_cache_hit=0.0% kv_usage=23.8% queue=1r/0w tput_in_srv=3,410/s tput_out_srv=36/s
2026-06-03 16:47:17.576 - records_manager - INFO - [realtime 05:49 profiling] rps=0.0 (avg 0.0) tput_in=3528/s tput_out=44/s done=12 ok=12 err=0
                           ttft p50=790ms  p75=867ms  p95=3340ms p99=5331ms
                           itl  p50=10ms   p75=11ms   p95=11ms   p99=11ms
                           e2e  p50=7557ms p75=16319ms p95=35983ms p99=38270ms
                           intvty p50=98     p75=99     p95=100    p99=101 (1/tpot tok/s)
                           isl  p50=82,232    p75=91,110    p90=112,943   p99=113,418 (tokens)
                           osl  p50=632       p75=1,448     p90=2,734     p99=3,296 (tokens)
                           tot  in=1,052,242      out=12,989
                           trace theoretical_prefix_cache_hit=95.8%
                           srv  prefix_cache_hit=89.9% unique_in_srv=113,627 ext_cache_hit=0.0% kv_usage=0.0% queue=0r/0w tput_in_srv=3,126/s tput_out_srv=37/s
2026-06-03 16:47:47.653 - records_manager - INFO - [realtime 06:19 profiling] rps=0.1 (avg 0.0) tput_in=4197/s tput_out=42/s done=15 ok=15 err=0
                           ttft p50=807ms  p75=932ms  p95=2868ms p99=5237ms
                           itl  p50=10ms   p75=11ms   p95=11ms   p99=11ms
                           e2e  p50=5421ms p75=10839ms p95=35204ms p99=38114ms
                           intvty p50=97     p75=98     p95=100    p99=101 (1/tpot tok/s)
                           isl  p50=84,130    p75=113,292   p90=117,176   p99=117,586 (tokens)
                           osl  p50=427       p75=982       p90=2,652     p99=3,278 (tokens)
                           tot  in=1,404,161      out=13,928
                           trace theoretical_prefix_cache_hit=96.6%
                           srv  prefix_cache_hit=92.0% unique_in_srv=117,866 ext_cache_hit=0.0% kv_usage=0.0% queue=0r/0w tput_in_srv=3,787/s tput_out_srv=36/s
2026-06-03 16:48:17.733 - records_manager - INFO - [realtime 06:49 profiling] rps=0.0 (avg 0.0) tput_in=4141/s tput_out=39/s done=16 ok=16 err=0
                           ttft p50=810ms  p75=885ms  p95=2656ms p99=5195ms
                           itl  p50=10ms   p75=11ms   p95=11ms   p99=11ms
                           e2e  p50=5280ms p75=10345ms p95=34944ms p99=38062ms
                           intvty p50=96     p75=98     p95=100    p99=101 (1/tpot tok/s)
                           isl  p50=84,260    p75=114,336   p90=117,468   p99=117,912 (tokens)
                           osl  p50=372       p75=921       p90=2,624     p99=3,272 (tokens)
                           tot  in=1,522,122      out=14,195
                           trace theoretical_prefix_cache_hit=96.8%
                           srv  prefix_cache_hit=93.1% unique_in_srv=118,694 ext_cache_hit=0.0% kv_usage=24.5% queue=1r/0w tput_in_srv=4,076/s tput_out_srv=35/s
2026-06-03 16:48:47.816 - records_manager - INFO - [realtime 07:19 profiling] rps=0.0 (avg 0.0) tput_in=4361/s tput_out=39/s done=17 ok=17 err=0
                           ttft p50=813ms  p75=847ms  p95=2445ms p99=5152ms
                           itl  p50=10ms   p75=11ms   p95=11ms   p99=11ms
                           e2e  p50=5407ms p75=9851ms p95=34685ms p99=38010ms
                           intvty p50=95     p75=98     p95=100    p99=101 (1/tpot tok/s)
                           isl  p50=84,389    p75=116,982   p90=117,763   p99=118,346 (tokens)
                           osl  p50=405       p75=861       p90=2,596     p99=3,266 (tokens)
                           tot  in=1,640,541      out=14,600
                           trace theoretical_prefix_cache_hit=97.0%
                           srv  prefix_cache_hit=93.1% unique_in_srv=118,694 ext_cache_hit=0.0% kv_usage=0.0% queue=0r/0w tput_in_srv=3,805/s tput_out_srv=33/s
2026-06-03 16:49:17.901 - records_manager - INFO - [realtime 07:49 profiling] rps=0.0 (avg 0.0) tput_in=4361/s tput_out=39/s done=17 ok=17 err=0
                           ttft p50=813ms  p75=847ms  p95=2445ms p99=5152ms
                           itl  p50=10ms   p75=11ms   p95=11ms   p99=11ms
                           e2e  p50=5407ms p75=9851ms p95=34685ms p99=38010ms
                           intvty p50=95     p75=98     p95=100    p99=101 (1/tpot tok/s)
                           isl  p50=84,389    p75=116,982   p90=117,763   p99=118,346 (tokens)
                           osl  p50=405       p75=861       p90=2,596     p99=3,266 (tokens)
                           tot  in=1,640,541      out=14,600
                           trace theoretical_prefix_cache_hit=97.0%
                           srv  prefix_cache_hit=93.1% unique_in_srv=118,694 ext_cache_hit=0.0% kv_usage=0.0% queue=0r/0w tput_in_srv=3,567/s tput_out_srv=31/s
2026-06-03 16:49:47.936 - records_manager - INFO - [realtime 08:19 profiling] rps=0.1 (avg 0.0) tput_in=4080/s tput_out=34/s done=21 ok=21 err=0
                           ttft p50=824ms  p75=897ms  p95=4566ms p99=5577ms
                           itl  p50=10ms   p75=11ms   p95=11ms   p99=11ms
                           e2e  p50=5139ms p75=9694ms p95=33645ms p99=37802ms
                           intvty p50=97     p75=99     p95=105    p99=108 (1/tpot tok/s)
                           isl  p50=84,130    p75=116,982   p90=117,961   p99=118,888 (tokens)
                           osl  p50=351       p75=793       p90=2,486     p99=3,242 (tokens)
                           tot  in=1,866,419      out=15,422
                           trace theoretical_prefix_cache_hit=94.4%
                           srv  prefix_cache_hit=91.0% unique_in_srv=174,556 ext_cache_hit=0.0% kv_usage=0.0% queue=0r/0w tput_in_srv=3,800/s tput_out_srv=31/s
2026-06-03 16:50:18.037 - records_manager - INFO - [realtime 08:49 profiling] rps=0.1 (avg 0.0) tput_in=4030/s tput_out=35/s done=23 ok=23 err=0
                           ttft p50=813ms  p75=880ms  p95=4269ms p99=5551ms
                           itl  p50=10ms   p75=11ms   p95=11ms   p99=11ms
                           e2e  p50=5407ms p75=9773ms p95=33260ms p99=37698ms
                           intvty p50=97     p75=100    p95=105    p99=108 (1/tpot tok/s)
                           isl  p50=83,037    p75=115,218   p90=117,895   p99=118,876 (tokens)
                           osl  p50=352       p75=827       p90=2,254     p99=3,230 (tokens)
                           tot  in=1,981,341      out=17,359
                           trace theoretical_prefix_cache_hit=94.6%
                           srv  prefix_cache_hit=91.4% unique_in_srv=177,478 ext_cache_hit=0.0% kv_usage=0.0% queue=0r/0w tput_in_srv=3,802/s tput_out_srv=32/s
2026-06-03 16:50:48.139 - records_manager - INFO - [realtime 09:19 profiling] rps=0.0 (avg 0.0) tput_in=4005/s tput_out=36/s done=24 ok=24 err=0
                           ttft p50=810ms  p75=872ms  p95=4121ms p99=5539ms
                           itl  p50=10ms   p75=11ms   p95=11ms   p99=11ms
                           e2e  p50=5414ms p75=9733ms p95=33068ms p99=37646ms
                           intvty p50=98     p75=102    p95=105    p99=108 (1/tpot tok/s)
                           isl  p50=82,232    p75=114,336   p90=117,862   p99=118,870 (tokens)
                           osl  p50=378       p75=863       p90=2,139     p99=3,224 (tokens)
                           tot  in=2,041,055      out=18,227
                           trace theoretical_prefix_cache_hit=94.6%
                           srv  prefix_cache_hit=91.6% unique_in_srv=183,926 ext_cache_hit=0.0% kv_usage=13.4% queue=1r/0w tput_in_srv=3,817/s tput_out_srv=33/s
2026-06-03 16:51:18.245 - records_manager - INFO - [realtime 09:49 profiling] rps=0.0 (avg 0.0) tput_in=3924/s tput_out=37/s done=25 ok=25 err=0
                           ttft p50=813ms  p75=897ms  p95=3972ms p99=5526ms
                           itl  p50=10ms   p75=11ms   p95=11ms   p99=11ms
                           e2e  p50=5421ms p75=9851ms p95=32876ms p99=37594ms
                           intvty p50=98     p75=101    p95=105    p99=108 (1/tpot tok/s)
                           isl  p50=81,427    p75=113,454   p90=117,829   p99=118,864 (tokens)
                           osl  p50=405       p75=868       p90=2,115     p99=3,218 (tokens)
                           tot  in=2,105,581      out=19,786
                           trace theoretical_prefix_cache_hit=94.6%
                           srv  prefix_cache_hit=91.8% unique_in_srv=184,522 ext_cache_hit=0.0% kv_usage=13.6% queue=1r/0w tput_in_srv=3,735/s tput_out_srv=35/s
2026-06-03 16:51:48.351 - records_manager - INFO - [realtime 10:19 profiling] rps=0.0 (avg 0.0) tput_in=3924/s tput_out=37/s done=25 ok=25 err=0
                           ttft p50=813ms  p75=897ms  p95=3972ms p99=5526ms
                           itl  p50=10ms   p75=11ms   p95=11ms   p99=11ms
                           e2e  p50=5421ms p75=9851ms p95=32876ms p99=37594ms
                           intvty p50=98     p75=101    p95=105    p99=108 (1/tpot tok/s)
                           isl  p50=81,427    p75=113,454   p90=117,829   p99=118,864 (tokens)
                           osl  p50=405       p75=868       p90=2,115     p99=3,218 (tokens)
                           tot  in=2,105,581      out=19,786
                           trace theoretical_prefix_cache_hit=94.6%
                           srv  prefix_cache_hit=91.8% unique_in_srv=184,522 ext_cache_hit=0.0% kv_usage=14.2% queue=1r/0w tput_in_srv=3,557/s tput_out_srv=38/s
2026-06-03 16:52:18.461 - records_manager - INFO - [realtime 10:49 profiling] rps=0.0 (avg 0.0) tput_in=3682/s tput_out=41/s done=26 ok=26 err=0
                           ttft p50=810ms  p75=889ms  p95=3824ms p99=5513ms
                           itl  p50=10ms   p75=11ms   p95=11ms   p99=11ms
                           e2e  p50=5531ms p75=11333ms p95=37542ms p99=42662ms
                           intvty p50=98     p75=101    p95=105    p99=108 (1/tpot tok/s)
                           isl  p50=80,782    p75=113,373   p90=117,796   p99=118,858 (tokens)
                           osl  p50=416       p75=1,044     p90=2,624     p99=4,079 (tokens)
                           tot  in=2,170,689      out=24,104
                           trace theoretical_prefix_cache_hit=94.7%
                           srv  prefix_cache_hit=91.8% unique_in_srv=184,522 ext_cache_hit=0.0% kv_usage=0.0% queue=0r/0w tput_in_srv=3,394/s tput_out_srv=37/s
2026-06-03 16:52:48.573 - records_manager - INFO - [realtime 11:20 profiling] rps=0.0 (avg 0.0) tput_in=3682/s tput_out=41/s done=26 ok=26 err=0
                           ttft p50=810ms  p75=889ms  p95=3824ms p99=5513ms
                           itl  p50=10ms   p75=11ms   p95=11ms   p99=11ms
                           e2e  p50=5531ms p75=11333ms p95=37542ms p99=42662ms
                           intvty p50=98     p75=101    p95=105    p99=108 (1/tpot tok/s)
                           isl  p50=80,782    p75=113,373   p90=117,796   p99=118,858 (tokens)
                           osl  p50=416       p75=1,044     p90=2,624     p99=4,079 (tokens)
                           tot  in=2,170,689      out=24,104
                           trace theoretical_prefix_cache_hit=94.7%
                           srv  prefix_cache_hit=91.8% unique_in_srv=184,522 ext_cache_hit=0.0% kv_usage=0.0% queue=0r/0w tput_in_srv=3,247/s tput_out_srv=35/s
2026-06-03 16:53:18.685 - records_manager - INFO - [realtime 11:50 profiling] rps=0.0 (avg 0.0) tput_in=3339/s tput_out=39/s done=27 ok=27 err=0
                           ttft p50=807ms  p75=880ms  p95=3676ms p99=5501ms
                           itl  p50=10ms   p75=11ms   p95=11ms   p99=11ms
                           e2e  p50=5642ms p75=12735ms p95=37282ms p99=42611ms
                           intvty p50=98     p75=101    p95=105    p99=108 (1/tpot tok/s)
                           isl  p50=80,138    p75=113,292   p90=117,763   p99=118,853 (tokens)
                           osl  p50=427       p75=1,215     p90=2,596     p99=4,069 (tokens)
                           tot  in=2,236,506      out=26,053
                           trace theoretical_prefix_cache_hit=94.8%
                           srv  prefix_cache_hit=92.0% unique_in_srv=185,251 ext_cache_hit=0.0% kv_usage=0.0% queue=0r/0w tput_in_srv=3,203/s tput_out_srv=36/s
2026-06-03 16:53:48.799 - records_manager - INFO - [realtime 12:20 profiling] rps=0.0 (avg 0.0) tput_in=3302/s tput_out=38/s done=28 ok=28 err=0
                           ttft p50=807ms  p75=872ms  p95=3527ms p99=5488ms
                           itl  p50=10ms   p75=11ms   p95=11ms   p99=11ms
                           e2e  p50=6124ms p75=12281ms p95=37023ms p99=42560ms
                           intvty p50=98     p75=101    p95=105    p99=108 (1/tpot tok/s)
                           isl  p50=79,716    p75=113,210   p90=117,730   p99=118,847 (tokens)
                           osl  p50=448       p75=1,158     p90=2,569     p99=4,060 (tokens)
                           tot  in=2,303,224      out=26,848
                           trace theoretical_prefix_cache_hit=94.9%
                           srv  prefix_cache_hit=92.2% unique_in_srv=186,177 ext_cache_hit=0.0% kv_usage=0.0% queue=0r/0w tput_in_srv=3,164/s tput_out_srv=36/s
2026-06-03 16:54:18.917 - records_manager - INFO - [realtime 12:50 profiling] rps=0.0 (avg 0.0) tput_in=3283/s tput_out=38/s done=29 ok=29 err=0
                           ttft p50=807ms  p75=864ms  p95=3379ms p99=5475ms
                           itl  p50=10ms   p75=11ms   p95=11ms   p99=11ms
                           e2e  p50=6606ms p75=11827ms p95=36763ms p99=42509ms
                           intvty p50=98     p75=100    p95=105    p99=108 (1/tpot tok/s)
                           isl  p50=79,295    p75=113,129   p90=117,697   p99=118,841 (tokens)
                           osl  p50=470       p75=1,102     p90=2,541     p99=4,050 (tokens)
                           tot  in=2,370,848      out=27,608
                           trace theoretical_prefix_cache_hit=95.0%
                           srv  prefix_cache_hit=92.3% unique_in_srv=187,113 ext_cache_hit=0.0% kv_usage=0.0% queue=0r/0w tput_in_srv=3,128/s tput_out_srv=36/s
2026-06-03 16:54:49.037 - records_manager - INFO - [realtime 13:20 profiling] rps=0.0 (avg 0.0) tput_in=3217/s tput_out=39/s done=30 ok=30 err=0
                           ttft p50=790ms  p75=860ms  p95=3231ms p99=5463ms
                           itl  p50=10ms   p75=11ms   p95=11ms   p99=11ms
                           e2e  p50=7256ms p75=13189ms p95=36503ms p99=42458ms
                           intvty p50=99     p75=100    p95=105    p99=108 (1/tpot tok/s)
                           isl  p50=76,859    p75=112,664   p90=117,664   p99=118,835 (tokens)
                           osl  p50=540       p75=1,272     p90=2,514     p99=4,041 (tokens)
                           tot  in=2,439,115      out=29,285
                           trace theoretical_prefix_cache_hit=95.2%
                           srv  prefix_cache_hit=92.5% unique_in_srv=187,764 ext_cache_hit=0.0% kv_usage=0.0% queue=0r/0w tput_in_srv=3,096/s tput_out_srv=36/s
2026-06-03 16:55:19.159 - records_manager - INFO - [realtime 13:50 profiling] rps=0.0 (avg 0.0) tput_in=3202/s tput_out=39/s done=31 ok=31 err=0
                           ttft p50=774ms  p75=855ms  p95=3082ms p99=5450ms
                           itl  p50=10ms   p75=11ms   p95=11ms   p99=11ms
                           e2e  p50=7905ms p75=13868ms p95=36243ms p99=42407ms
                           intvty p50=99     p75=100    p95=104    p99=107 (1/tpot tok/s)
                           isl  p50=74,423    p75=112,200   p90=117,631   p99=118,829 (tokens)
                           osl  p50=609       p75=1,338     p90=2,486     p99=4,031 (tokens)
                           tot  in=2,507,502      out=30,632
                           trace theoretical_prefix_cache_hit=95.3%
                           srv  prefix_cache_hit=92.9% unique_in_srv=187,776 ext_cache_hit=0.0% kv_usage=14.4% queue=1r/0w tput_in_srv=3,149/s tput_out_srv=37/s
2026-06-03 16:55:49.284 - records_manager - INFO - [realtime 14:20 profiling] rps=0.0 (avg 0.0) tput_in=3202/s tput_out=39/s done=31 ok=31 err=0
                           ttft p50=774ms  p75=855ms  p95=3082ms p99=5450ms
                           itl  p50=10ms   p75=11ms   p95=11ms   p99=11ms
                           e2e  p50=7905ms p75=13868ms p95=36243ms p99=42407ms
                           intvty p50=99     p75=100    p95=104    p99=107 (1/tpot tok/s)
                           isl  p50=74,423    p75=112,200   p90=117,631   p99=118,829 (tokens)
                           osl  p50=609       p75=1,338     p90=2,486     p99=4,031 (tokens)
                           tot  in=2,507,502      out=30,632
                           trace theoretical_prefix_cache_hit=95.3%
                           srv  prefix_cache_hit=92.9% unique_in_srv=187,776 ext_cache_hit=0.0% kv_usage=15.0% queue=1r/0w tput_in_srv=3,040/s tput_out_srv=39/s
2026-06-03 16:56:19.408 - records_manager - INFO - [realtime 14:50 profiling] rps=0.0 (avg 0.0) tput_in=3202/s tput_out=39/s done=31 ok=31 err=0
                           ttft p50=774ms  p75=855ms  p95=3082ms p99=5450ms
                           itl  p50=10ms   p75=11ms   p95=11ms   p99=11ms
                           e2e  p50=7905ms p75=13868ms p95=36243ms p99=42407ms
                           intvty p50=99     p75=100    p95=104    p99=107 (1/tpot tok/s)
                           isl  p50=74,423    p75=112,200   p90=117,631   p99=118,829 (tokens)
                           osl  p50=609       p75=1,338     p90=2,486     p99=4,031 (tokens)
                           tot  in=2,507,502      out=30,632
                           trace theoretical_prefix_cache_hit=95.3%
                           srv  prefix_cache_hit=92.9% unique_in_srv=187,776 ext_cache_hit=0.0% kv_usage=15.6% queue=1r/0w tput_in_srv=2,938/s tput_out_srv=41/s
2026-06-03 16:56:49.531 - records_manager - INFO - [realtime 15:21 profiling] rps=0.0 (avg 0.0) tput_in=3202/s tput_out=39/s done=31 ok=31 err=0
                           ttft p50=774ms  p75=855ms  p95=3082ms p99=5450ms
                           itl  p50=10ms   p75=11ms   p95=11ms   p99=11ms
                           e2e  p50=7905ms p75=13868ms p95=36243ms p99=42407ms
                           intvty p50=99     p75=100    p95=104    p99=107 (1/tpot tok/s)
                           isl  p50=74,423    p75=112,200   p90=117,631   p99=118,829 (tokens)
                           osl  p50=609       p75=1,338     p90=2,486     p99=4,031 (tokens)
                           tot  in=2,507,502      out=30,632
                           trace theoretical_prefix_cache_hit=95.3%
                           srv  prefix_cache_hit=92.9% unique_in_srv=187,776 ext_cache_hit=0.0% kv_usage=16.2% queue=1r/0w tput_in_srv=2,844/s tput_out_srv=43/s
2026-06-03 16:57:19.662 - records_manager - INFO - [realtime 15:51 profiling] rps=0.0 (avg 0.0) tput_in=2893/s tput_out=45/s done=32 ok=32 err=0
                           ttft p50=731ms  p75=851ms  p95=2934ms p99=5438ms
                           itl  p50=10ms   p75=11ms   p95=11ms   p99=11ms
                           e2e  p50=8065ms p75=14727ms p95=41133ms p99=81909ms
                           intvty p50=99     p75=100    p95=104    p99=107 (1/tpot tok/s)
                           isl  p50=74,230    p75=111,736   p90=117,598   p99=118,823 (tokens)
                           osl  p50=684       p75=1,400     p90=2,734     p99=8,003 (tokens)
                           tot  in=2,576,791      out=40,291
                           trace theoretical_prefix_cache_hit=95.4%
                           srv  prefix_cache_hit=92.9% unique_in_srv=187,776 ext_cache_hit=0.0% kv_usage=0.0% queue=0r/0w tput_in_srv=2,754/s tput_out_srv=42/s
2026-06-03 16:57:49.827 - records_manager - INFO - [realtime 16:21 profiling] rps=0.0 (avg 0.0) tput_in=2840/s tput_out=43/s done=33 ok=33 err=0
                           ttft p50=687ms  p75=847ms  p95=2786ms p99=5425ms
                           itl  p50=10ms   p75=11ms   p95=11ms   p99=11ms
                           e2e  p50=7905ms p75=14092ms p95=40879ms p99=81359ms
                           intvty p50=99     p75=100    p95=104    p99=107 (1/tpot tok/s)
                           isl  p50=74,036    p75=111,271   p90=117,566   p99=118,817 (tokens)
                           osl  p50=609       p75=1,347     p90=2,707     p99=7,950 (tokens)
                           tot  in=2,650,304      out=40,490
                           trace theoretical_prefix_cache_hit=95.3%
                           srv  prefix_cache_hit=93.3% unique_in_srv=187,805 ext_cache_hit=0.0% kv_usage=15.4% queue=1r/0w tput_in_srv=2,820/s tput_out_srv=42/s
2026-06-03 16:58:19.962 - records_manager - INFO - [realtime 16:51 profiling] rps=0.0 (avg 0.0) tput_in=2840/s tput_out=43/s done=33 ok=33 err=0
                           ttft p50=687ms  p75=847ms  p95=2786ms p99=5425ms
                           itl  p50=10ms   p75=11ms   p95=11ms   p99=11ms
                           e2e  p50=7905ms p75=14092ms p95=40879ms p99=81359ms
                           intvty p50=99     p75=100    p95=104    p99=107 (1/tpot tok/s)
                           isl  p50=74,036    p75=111,271   p90=117,566   p99=118,817 (tokens)
                           osl  p50=609       p75=1,347     p90=2,707     p99=7,950 (tokens)
                           tot  in=2,650,304      out=40,490
                           trace theoretical_prefix_cache_hit=95.3%
                           srv  prefix_cache_hit=93.3% unique_in_srv=187,805 ext_cache_hit=0.0% kv_usage=15.5% queue=1r/0w tput_in_srv=2,736/s tput_out_srv=41/s
2026-06-03 16:58:50.095 - records_manager - INFO - [realtime 17:21 profiling] rps=0.0 (avg 0.0) tput_in=2840/s tput_out=43/s done=33 ok=33 err=0
                           ttft p50=687ms  p75=847ms  p95=2786ms p99=5425ms
                           itl  p50=10ms   p75=11ms   p95=11ms   p99=11ms
                           e2e  p50=7905ms p75=14092ms p95=40879ms p99=81359ms
                           intvty p50=99     p75=100    p95=104    p99=107 (1/tpot tok/s)
                           isl  p50=74,036    p75=111,271   p90=117,566   p99=118,817 (tokens)
                           osl  p50=609       p75=1,347     p90=2,707     p99=7,950 (tokens)
                           tot  in=2,650,304      out=40,490
                           trace theoretical_prefix_cache_hit=95.3%
                           srv  prefix_cache_hit=93.3% unique_in_srv=187,805 ext_cache_hit=0.0% kv_usage=15.5% queue=1r/0w tput_in_srv=2,658/s tput_out_srv=39/s
2026-06-03 16:59:20.230 - records_manager - INFO - [realtime 17:51 profiling] rps=0.0 (avg 0.0) tput_in=2840/s tput_out=43/s done=33 ok=33 err=0
                           ttft p50=687ms  p75=847ms  p95=2786ms p99=5425ms
                           itl  p50=10ms   p75=11ms   p95=11ms   p99=11ms
                           e2e  p50=7905ms p75=14092ms p95=40879ms p99=81359ms
                           intvty p50=99     p75=100    p95=104    p99=107 (1/tpot tok/s)
                           isl  p50=74,036    p75=111,271   p90=117,566   p99=118,817 (tokens)
                           osl  p50=609       p75=1,347     p90=2,707     p99=7,950 (tokens)
                           tot  in=2,650,304      out=40,490
                           trace theoretical_prefix_cache_hit=95.3%
                           srv  prefix_cache_hit=93.3% unique_in_srv=187,805 ext_cache_hit=0.0% kv_usage=15.5% queue=1r/0w tput_in_srv=2,584/s tput_out_srv=38/s
2026-06-03 16:59:50.363 - records_manager - INFO - [realtime 18:21 profiling] rps=0.0 (avg 0.0) tput_in=2840/s tput_out=43/s done=33 ok=33 err=0
                           ttft p50=687ms  p75=847ms  p95=2786ms p99=5425ms
                           itl  p50=10ms   p75=11ms   p95=11ms   p99=11ms
                           e2e  p50=7905ms p75=14092ms p95=40879ms p99=81359ms
                           intvty p50=99     p75=100    p95=104    p99=107 (1/tpot tok/s)
                           isl  p50=74,036    p75=111,271   p90=117,566   p99=118,817 (tokens)
                           osl  p50=609       p75=1,347     p90=2,707     p99=7,950 (tokens)
                           tot  in=2,650,304      out=40,490
                           trace theoretical_prefix_cache_hit=95.3%
                           srv  prefix_cache_hit=93.3% unique_in_srv=187,805 ext_cache_hit=0.0% kv_usage=15.5% queue=1r/0w tput_in_srv=2,514/s tput_out_srv=37/s
2026-06-03 17:00:20.496 - records_manager - INFO - [realtime 18:51 profiling] rps=0.0 (avg 0.0) tput_in=2840/s tput_out=43/s done=33 ok=33 err=0
                           ttft p50=687ms  p75=847ms  p95=2786ms p99=5425ms
                           itl  p50=10ms   p75=11ms   p95=11ms   p99=11ms
                           e2e  p50=7905ms p75=14092ms p95=40879ms p99=81359ms
                           intvty p50=99     p75=100    p95=104    p99=107 (1/tpot tok/s)
                           isl  p50=74,036    p75=111,271   p90=117,566   p99=118,817 (tokens)
                           osl  p50=609       p75=1,347     p90=2,707     p99=7,950 (tokens)
                           tot  in=2,650,304      out=40,490
                           trace theoretical_prefix_cache_hit=95.3%
                           srv  prefix_cache_hit=93.3% unique_in_srv=187,805 ext_cache_hit=0.0% kv_usage=15.5% queue=1r/0w tput_in_srv=2,448/s tput_out_srv=36/s
2026-06-03 17:00:50.627 - records_manager - INFO - [realtime 19:22 profiling] rps=0.0 (avg 0.0) tput_in=2840/s tput_out=43/s done=33 ok=33 err=0
                           ttft p50=687ms  p75=847ms  p95=2786ms p99=5425ms
                           itl  p50=10ms   p75=11ms   p95=11ms   p99=11ms
                           e2e  p50=7905ms p75=14092ms p95=40879ms p99=81359ms
                           intvty p50=99     p75=100    p95=104    p99=107 (1/tpot tok/s)
                           isl  p50=74,036    p75=111,271   p90=117,566   p99=118,817 (tokens)
                           osl  p50=609       p75=1,347     p90=2,707     p99=7,950 (tokens)
                           tot  in=2,650,304      out=40,490
                           trace theoretical_prefix_cache_hit=95.3%
                           srv  prefix_cache_hit=93.3% unique_in_srv=187,805 ext_cache_hit=0.0% kv_usage=15.5% queue=1r/0w tput_in_srv=2,385/s tput_out_srv=35/s
2026-06-03 17:01:20.759 - records_manager - INFO - [realtime 19:52 profiling] rps=0.0 (avg 0.0) tput_in=2840/s tput_out=43/s done=33 ok=33 err=0
                           ttft p50=687ms  p75=847ms  p95=2786ms p99=5425ms
                           itl  p50=10ms   p75=11ms   p95=11ms   p99=11ms
                           e2e  p50=7905ms p75=14092ms p95=40879ms p99=81359ms
                           intvty p50=99     p75=100    p95=104    p99=107 (1/tpot tok/s)
                           isl  p50=74,036    p75=111,271   p90=117,566   p99=118,817 (tokens)
                           osl  p50=609       p75=1,347     p90=2,707     p99=7,950 (tokens)
                           tot  in=2,650,304      out=40,490
                           trace theoretical_prefix_cache_hit=95.3%
                           srv  prefix_cache_hit=93.3% unique_in_srv=187,805 ext_cache_hit=0.0% kv_usage=15.5% queue=1r/0w tput_in_srv=2,325/s tput_out_srv=35/s
2026-06-03 17:01:50.893 - records_manager - INFO - [realtime 20:22 profiling] rps=0.0 (avg 0.0) tput_in=2840/s tput_out=43/s done=33 ok=33 err=0
                           ttft p50=687ms  p75=847ms  p95=2786ms p99=5425ms
                           itl  p50=10ms   p75=11ms   p95=11ms   p99=11ms
                           e2e  p50=7905ms p75=14092ms p95=40879ms p99=81359ms
                           intvty p50=99     p75=100    p95=104    p99=107 (1/tpot tok/s)
                           isl  p50=74,036    p75=111,271   p90=117,566   p99=118,817 (tokens)
                           osl  p50=609       p75=1,347     p90=2,707     p99=7,950 (tokens)
                           tot  in=2,650,304      out=40,490
                           trace theoretical_prefix_cache_hit=95.3%
                           srv  prefix_cache_hit=93.3% unique_in_srv=187,805 ext_cache_hit=0.0% kv_usage=15.5% queue=1r/0w tput_in_srv=2,269/s tput_out_srv=34/s
2026-06-03 17:02:21.028 - records_manager - INFO - [realtime 20:52 profiling] rps=0.0 (avg 0.0) tput_in=2840/s tput_out=43/s done=33 ok=33 err=0
                           ttft p50=687ms  p75=847ms  p95=2786ms p99=5425ms
                           itl  p50=10ms   p75=11ms   p95=11ms   p99=11ms
                           e2e  p50=7905ms p75=14092ms p95=40879ms p99=81359ms
                           intvty p50=99     p75=100    p95=104    p99=107 (1/tpot tok/s)
                           isl  p50=74,036    p75=111,271   p90=117,566   p99=118,817 (tokens)
                           osl  p50=609       p75=1,347     p90=2,707     p99=7,950 (tokens)
                           tot  in=2,650,304      out=40,490
                           trace theoretical_prefix_cache_hit=95.3%
                           srv  prefix_cache_hit=93.3% unique_in_srv=187,805 ext_cache_hit=0.0% kv_usage=15.5% queue=1r/0w tput_in_srv=2,214/s tput_out_srv=33/s
2026-06-03 17:02:51.162 - records_manager - INFO - [realtime 21:22 profiling] rps=0.0 (avg 0.0) tput_in=2840/s tput_out=43/s done=33 ok=33 err=0
                           ttft p50=687ms  p75=847ms  p95=2786ms p99=5425ms
                           itl  p50=10ms   p75=11ms   p95=11ms   p99=11ms
                           e2e  p50=7905ms p75=14092ms p95=40879ms p99=81359ms
                           intvty p50=99     p75=100    p95=104    p99=107 (1/tpot tok/s)
                           isl  p50=74,036    p75=111,271   p90=117,566   p99=118,817 (tokens)
                           osl  p50=609       p75=1,347     p90=2,707     p99=7,950 (tokens)
                           tot  in=2,650,304      out=40,490
                           trace theoretical_prefix_cache_hit=95.3%
                           srv  prefix_cache_hit=93.3% unique_in_srv=187,805 ext_cache_hit=0.0% kv_usage=15.5% queue=1r/0w tput_in_srv=2,163/s tput_out_srv=32/s
2026-06-03 17:03:21.297 - records_manager - INFO - [realtime 21:52 profiling] rps=0.0 (avg 0.0) tput_in=2840/s tput_out=43/s done=33 ok=33 err=0
                           ttft p50=687ms  p75=847ms  p95=2786ms p99=5425ms
                           itl  p50=10ms   p75=11ms   p95=11ms   p99=11ms
                           e2e  p50=7905ms p75=14092ms p95=40879ms p99=81359ms
                           intvty p50=99     p75=100    p95=104    p99=107 (1/tpot tok/s)
                           isl  p50=74,036    p75=111,271   p90=117,566   p99=118,817 (tokens)
                           osl  p50=609       p75=1,347     p90=2,707     p99=7,950 (tokens)
                           tot  in=2,650,304      out=40,490
                           trace theoretical_prefix_cache_hit=95.3%
                           srv  prefix_cache_hit=93.3% unique_in_srv=187,805 ext_cache_hit=0.0% kv_usage=15.5% queue=1r/0w tput_in_srv=2,114/s tput_out_srv=31/s
2026-06-03 17:03:51.430 - records_manager - INFO - [realtime 22:22 profiling] rps=0.0 (avg 0.0) tput_in=2840/s tput_out=43/s done=33 ok=33 err=0
                           ttft p50=687ms  p75=847ms  p95=2786ms p99=5425ms
                           itl  p50=10ms   p75=11ms   p95=11ms   p99=11ms
                           e2e  p50=7905ms p75=14092ms p95=40879ms p99=81359ms
                           intvty p50=99     p75=100    p95=104    p99=107 (1/tpot tok/s)
                           isl  p50=74,036    p75=111,271   p90=117,566   p99=118,817 (tokens)
                           osl  p50=609       p75=1,347     p90=2,707     p99=7,950 (tokens)
                           tot  in=2,650,304      out=40,490
                           trace theoretical_prefix_cache_hit=95.3%
                           srv  prefix_cache_hit=93.3% unique_in_srv=187,805 ext_cache_hit=0.0% kv_usage=15.5% queue=1r/0w tput_in_srv=2,066/s tput_out_srv=31/s
2026-06-03 17:04:21.564 - records_manager - INFO - [realtime 22:53 profiling] rps=0.0 (avg 0.0) tput_in=2840/s tput_out=43/s done=33 ok=33 err=0
                           ttft p50=687ms  p75=847ms  p95=2786ms p99=5425ms
                           itl  p50=10ms   p75=11ms   p95=11ms   p99=11ms
                           e2e  p50=7905ms p75=14092ms p95=40879ms p99=81359ms
                           intvty p50=99     p75=100    p95=104    p99=107 (1/tpot tok/s)
                           isl  p50=74,036    p75=111,271   p90=117,566   p99=118,817 (tokens)
                           osl  p50=609       p75=1,347     p90=2,707     p99=7,950 (tokens)
                           tot  in=2,650,304      out=40,490
                           trace theoretical_prefix_cache_hit=95.3%
                           srv  prefix_cache_hit=93.3% unique_in_srv=187,805 ext_cache_hit=0.0% kv_usage=15.5% queue=1r/0w tput_in_srv=2,022/s tput_out_srv=30/s
2026-06-03 17:04:51.728 - records_manager - INFO - [realtime 23:23 profiling] rps=0.0 (avg 0.0) tput_in=2840/s tput_out=43/s done=33 ok=33 err=0
                           ttft p50=687ms  p75=847ms  p95=2786ms p99=5425ms
                           itl  p50=10ms   p75=11ms   p95=11ms   p99=11ms
                           e2e  p50=7905ms p75=14092ms p95=40879ms p99=81359ms
                           intvty p50=99     p75=100    p95=104    p99=107 (1/tpot tok/s)
                           isl  p50=74,036    p75=111,271   p90=117,566   p99=118,817 (tokens)
                           osl  p50=609       p75=1,347     p90=2,707     p99=7,950 (tokens)
                           tot  in=2,650,304      out=40,490
                           trace theoretical_prefix_cache_hit=95.3%
                           srv  prefix_cache_hit=93.3% unique_in_srv=187,805 ext_cache_hit=0.0% kv_usage=15.5% queue=1r/0w tput_in_srv=1,978/s tput_out_srv=29/s
2026-06-03 17:05:21.862 - records_manager - INFO - [realtime 23:53 profiling] rps=0.0 (avg 0.0) tput_in=2840/s tput_out=43/s done=33 ok=33 err=0
                           ttft p50=687ms  p75=847ms  p95=2786ms p99=5425ms
                           itl  p50=10ms   p75=11ms   p95=11ms   p99=11ms
                           e2e  p50=7905ms p75=14092ms p95=40879ms p99=81359ms
                           intvty p50=99     p75=100    p95=104    p99=107 (1/tpot tok/s)
                           isl  p50=74,036    p75=111,271   p90=117,566   p99=118,817 (tokens)
                           osl  p50=609       p75=1,347     p90=2,707     p99=7,950 (tokens)
                           tot  in=2,650,304      out=40,490
                           trace theoretical_prefix_cache_hit=95.3%
                           srv  prefix_cache_hit=93.3% unique_in_srv=187,805 ext_cache_hit=0.0% kv_usage=15.5% queue=1r/0w tput_in_srv=1,937/s tput_out_srv=29/s
2026-06-03 17:05:51.995 - records_manager - INFO - [realtime 24:23 profiling] rps=0.0 (avg 0.0) tput_in=2840/s tput_out=43/s done=33 ok=33 err=0
                           ttft p50=687ms  p75=847ms  p95=2786ms p99=5425ms
                           itl  p50=10ms   p75=11ms   p95=11ms   p99=11ms
                           e2e  p50=7905ms p75=14092ms p95=40879ms p99=81359ms
                           intvty p50=99     p75=100    p95=104    p99=107 (1/tpot tok/s)
                           isl  p50=74,036    p75=111,271   p90=117,566   p99=118,817 (tokens)
                           osl  p50=609       p75=1,347     p90=2,707     p99=7,950 (tokens)
                           tot  in=2,650,304      out=40,490
                           trace theoretical_prefix_cache_hit=95.3%
                           srv  prefix_cache_hit=93.3% unique_in_srv=187,805 ext_cache_hit=0.0% kv_usage=15.5% queue=1r/0w tput_in_srv=1,897/s tput_out_srv=28/s
2026-06-03 17:06:22.128 - records_manager - INFO - [realtime 24:53 profiling] rps=0.0 (avg 0.0) tput_in=2840/s tput_out=43/s done=33 ok=33 err=0
                           ttft p50=687ms  p75=847ms  p95=2786ms p99=5425ms
                           itl  p50=10ms   p75=11ms   p95=11ms   p99=11ms
                           e2e  p50=7905ms p75=14092ms p95=40879ms p99=81359ms
                           intvty p50=99     p75=100    p95=104    p99=107 (1/tpot tok/s)
                           isl  p50=74,036    p75=111,271   p90=117,566   p99=118,817 (tokens)
                           osl  p50=609       p75=1,347     p90=2,707     p99=7,950 (tokens)
                           tot  in=2,650,304      out=40,490
                           trace theoretical_prefix_cache_hit=95.3%
                           srv  prefix_cache_hit=93.3% unique_in_srv=187,805 ext_cache_hit=0.0% kv_usage=15.5% queue=1r/0w tput_in_srv=1,859/s tput_out_srv=28/s
2026-06-03 17:06:52.262 - records_manager - INFO - [realtime 25:23 profiling] rps=0.0 (avg 0.0) tput_in=2840/s tput_out=43/s done=33 ok=33 err=0
                           ttft p50=687ms  p75=847ms  p95=2786ms p99=5425ms
                           itl  p50=10ms   p75=11ms   p95=11ms   p99=11ms
                           e2e  p50=7905ms p75=14092ms p95=40879ms p99=81359ms
                           intvty p50=99     p75=100    p95=104    p99=107 (1/tpot tok/s)
                           isl  p50=74,036    p75=111,271   p90=117,566   p99=118,817 (tokens)
                           osl  p50=609       p75=1,347     p90=2,707     p99=7,950 (tokens)
                           tot  in=2,650,304      out=40,490
                           trace theoretical_prefix_cache_hit=95.3%
                           srv  prefix_cache_hit=93.3% unique_in_srv=187,805 ext_cache_hit=0.0% kv_usage=15.5% queue=1r/0w tput_in_srv=1,823/s tput_out_srv=27/s
2026-06-03 17:07:22.396 - records_manager - INFO - [realtime 25:53 profiling] rps=0.0 (avg 0.0) tput_in=2840/s tput_out=43/s done=33 ok=33 err=0
                           ttft p50=687ms  p75=847ms  p95=2786ms p99=5425ms
                           itl  p50=10ms   p75=11ms   p95=11ms   p99=11ms
                           e2e  p50=7905ms p75=14092ms p95=40879ms p99=81359ms
                           intvty p50=99     p75=100    p95=104    p99=107 (1/tpot tok/s)
                           isl  p50=74,036    p75=111,271   p90=117,566   p99=118,817 (tokens)
                           osl  p50=609       p75=1,347     p90=2,707     p99=7,950 (tokens)
                           tot  in=2,650,304      out=40,490
                           trace theoretical_prefix_cache_hit=95.3%
                           srv  prefix_cache_hit=93.3% unique_in_srv=187,805 ext_cache_hit=0.0% kv_usage=15.5% queue=1r/0w tput_in_srv=1,788/s tput_out_srv=27/s
2026-06-03 17:07:52.528 - records_manager - INFO - [realtime 26:24 profiling] rps=0.0 (avg 0.0) tput_in=2840/s tput_out=43/s done=33 ok=33 err=0
                           ttft p50=687ms  p75=847ms  p95=2786ms p99=5425ms
                           itl  p50=10ms   p75=11ms   p95=11ms   p99=11ms
                           e2e  p50=7905ms p75=14092ms p95=40879ms p99=81359ms
                           intvty p50=99     p75=100    p95=104    p99=107 (1/tpot tok/s)
                           isl  p50=74,036    p75=111,271   p90=117,566   p99=118,817 (tokens)
                           osl  p50=609       p75=1,347     p90=2,707     p99=7,950 (tokens)
                           tot  in=2,650,304      out=40,490
                           trace theoretical_prefix_cache_hit=95.3%
                           srv  prefix_cache_hit=93.3% unique_in_srv=187,805 ext_cache_hit=0.0% kv_usage=15.5% queue=1r/0w tput_in_srv=1,754/s tput_out_srv=26/s
2026-06-03 17:08:22.662 - records_manager - INFO - [realtime 26:54 profiling] rps=0.0 (avg 0.0) tput_in=2840/s tput_out=43/s done=33 ok=33 err=0
                           ttft p50=687ms  p75=847ms  p95=2786ms p99=5425ms
                           itl  p50=10ms   p75=11ms   p95=11ms   p99=11ms
                           e2e  p50=7905ms p75=14092ms p95=40879ms p99=81359ms
                           intvty p50=99     p75=100    p95=104    p99=107 (1/tpot tok/s)
                           isl  p50=74,036    p75=111,271   p90=117,566   p99=118,817 (tokens)
                           osl  p50=609       p75=1,347     p90=2,707     p99=7,950 (tokens)
                           tot  in=2,650,304      out=40,490
                           trace theoretical_prefix_cache_hit=95.3%
                           srv  prefix_cache_hit=93.3% unique_in_srv=187,805 ext_cache_hit=0.0% kv_usage=15.5% queue=1r/0w tput_in_srv=1,722/s tput_out_srv=26/s
2026-06-03 17:08:52.794 - records_manager - INFO - [realtime 27:24 profiling] rps=0.0 (avg 0.0) tput_in=2840/s tput_out=43/s done=33 ok=33 err=0
                           ttft p50=687ms  p75=847ms  p95=2786ms p99=5425ms
                           itl  p50=10ms   p75=11ms   p95=11ms   p99=11ms
                           e2e  p50=7905ms p75=14092ms p95=40879ms p99=81359ms
                           intvty p50=99     p75=100    p95=104    p99=107 (1/tpot tok/s)
                           isl  p50=74,036    p75=111,271   p90=117,566   p99=118,817 (tokens)
                           osl  p50=609       p75=1,347     p90=2,707     p99=7,950 (tokens)
                           tot  in=2,650,304      out=40,490
                           trace theoretical_prefix_cache_hit=95.3%
                           srv  prefix_cache_hit=93.3% unique_in_srv=187,805 ext_cache_hit=0.0% kv_usage=15.5% queue=1r/0w tput_in_srv=1,690/s tput_out_srv=25/s
2026-06-03 17:09:22.928 - records_manager - INFO - [realtime 27:54 profiling] rps=0.0 (avg 0.0) tput_in=2840/s tput_out=43/s done=33 ok=33 err=0
                           ttft p50=687ms  p75=847ms  p95=2786ms p99=5425ms
                           itl  p50=10ms   p75=11ms   p95=11ms   p99=11ms
                           e2e  p50=7905ms p75=14092ms p95=40879ms p99=81359ms
                           intvty p50=99     p75=100    p95=104    p99=107 (1/tpot tok/s)
                           isl  p50=74,036    p75=111,271   p90=117,566   p99=118,817 (tokens)
                           osl  p50=609       p75=1,347     p90=2,707     p99=7,950 (tokens)
                           tot  in=2,650,304      out=40,490
                           trace theoretical_prefix_cache_hit=95.3%
                           srv  prefix_cache_hit=93.3% unique_in_srv=187,805 ext_cache_hit=0.0% kv_usage=15.5% queue=1r/0w tput_in_srv=1,660/s tput_out_srv=25/s
2026-06-03 17:09:53.062 - records_manager - INFO - [realtime 28:24 profiling] rps=0.0 (avg 0.0) tput_in=2840/s tput_out=43/s done=33 ok=33 err=0
                           ttft p50=687ms  p75=847ms  p95=2786ms p99=5425ms
                           itl  p50=10ms   p75=11ms   p95=11ms   p99=11ms
                           e2e  p50=7905ms p75=14092ms p95=40879ms p99=81359ms
                           intvty p50=99     p75=100    p95=104    p99=107 (1/tpot tok/s)
                           isl  p50=74,036    p75=111,271   p90=117,566   p99=118,817 (tokens)
                           osl  p50=609       p75=1,347     p90=2,707     p99=7,950 (tokens)
                           tot  in=2,650,304      out=40,490
                           trace theoretical_prefix_cache_hit=95.3%
                           srv  prefix_cache_hit=93.3% unique_in_srv=187,805 ext_cache_hit=0.0% kv_usage=15.5% queue=1r/0w tput_in_srv=1,631/s tput_out_srv=24/s
2026-06-03 17:10:23.194 - records_manager - INFO - [realtime 28:54 profiling] rps=0.0 (avg 0.0) tput_in=2840/s tput_out=43/s done=33 ok=33 err=0
                           ttft p50=687ms  p75=847ms  p95=2786ms p99=5425ms
                           itl  p50=10ms   p75=11ms   p95=11ms   p99=11ms
                           e2e  p50=7905ms p75=14092ms p95=40879ms p99=81359ms
                           intvty p50=99     p75=100    p95=104    p99=107 (1/tpot tok/s)
                           isl  p50=74,036    p75=111,271   p90=117,566   p99=118,817 (tokens)
                           osl  p50=609       p75=1,347     p90=2,707     p99=7,950 (tokens)
                           tot  in=2,650,304      out=40,490
                           trace theoretical_prefix_cache_hit=95.3%
                           srv  prefix_cache_hit=93.3% unique_in_srv=187,805 ext_cache_hit=0.0% kv_usage=15.5% queue=1r/0w tput_in_srv=1,603/s tput_out_srv=24/s
2026-06-03 17:10:53.327 - records_manager - INFO - [realtime 29:24 profiling] rps=0.0 (avg 0.0) tput_in=2840/s tput_out=43/s done=33 ok=33 err=0
                           ttft p50=687ms  p75=847ms  p95=2786ms p99=5425ms
                           itl  p50=10ms   p75=11ms   p95=11ms   p99=11ms
                           e2e  p50=7905ms p75=14092ms p95=40879ms p99=81359ms
                           intvty p50=99     p75=100    p95=104    p99=107 (1/tpot tok/s)
                           isl  p50=74,036    p75=111,271   p90=117,566   p99=118,817 (tokens)
                           osl  p50=609       p75=1,347     p90=2,707     p99=7,950 (tokens)
                           tot  in=2,650,304      out=40,490
                           trace theoretical_prefix_cache_hit=95.3%
                           srv  prefix_cache_hit=93.3% unique_in_srv=187,805 ext_cache_hit=0.0% kv_usage=15.5% queue=1r/0w tput_in_srv=1,576/s tput_out_srv=23/s
2026-06-03 17:11:23.460 - records_manager - INFO - [realtime 29:54 profiling] rps=0.0 (avg 0.0) tput_in=2840/s tput_out=43/s done=33 ok=33 err=0
                           ttft p50=687ms  p75=847ms  p95=2786ms p99=5425ms
                           itl  p50=10ms   p75=11ms   p95=11ms   p99=11ms
                           e2e  p50=7905ms p75=14092ms p95=40879ms p99=81359ms
                           intvty p50=99     p75=100    p95=104    p99=107 (1/tpot tok/s)
                           isl  p50=74,036    p75=111,271   p90=117,566   p99=118,817 (tokens)
                           osl  p50=609       p75=1,347     p90=2,707     p99=7,950 (tokens)
                           tot  in=2,650,304      out=40,490
                           trace theoretical_prefix_cache_hit=95.3%
                           srv  prefix_cache_hit=93.3% unique_in_srv=187,805 ext_cache_hit=0.0% kv_usage=15.5% queue=1r/0w tput_in_srv=1,549/s tput_out_srv=23/s
2026-06-03 17:11:28.506 - PhaseRunner - INFO - Timeout of 1799.999508352s elapsed for event 'profiling phase sending'
2026-06-03 17:11:28.507 - PhaseRunner - NOTICE - Phase profiling sending complete | sent=34, completed=33, in_flight=1 | sessions: sent=1, completed=1 | timeout_triggered=True
2026-06-03 17:11:28.507 - PhaseRunner - INFO - Waiting for event 'profiling phase credits returned' with timeout of 29.997996477000015s
2026-06-03 17:11:28.507 - records_manager - INFO - Sent 34 requests. Waiting for all to complete...
2026-06-03 17:11:53.624 - records_manager - INFO - [realtime 30:25 profiling] rps=0.0 (avg 0.0) tput_in=2840/s tput_out=43/s done=33 ok=33 err=0
                           ttft p50=687ms  p75=847ms  p95=2786ms p99=5425ms
                           itl  p50=10ms   p75=11ms   p95=11ms   p99=11ms
                           e2e  p50=7905ms p75=14092ms p95=40879ms p99=81359ms
                           intvty p50=99     p75=100    p95=104    p99=107 (1/tpot tok/s)
                           isl  p50=74,036    p75=111,271   p90=117,566   p99=118,817 (tokens)
                           osl  p50=609       p75=1,347     p90=2,707     p99=7,950 (tokens)
                           tot  in=2,650,304      out=40,490
                           trace theoretical_prefix_cache_hit=95.3%
                           srv  prefix_cache_hit=93.3% unique_in_srv=187,805 ext_cache_hit=0.0% kv_usage=15.5% queue=1r/0w tput_in_srv=1,524/s tput_out_srv=23/s
2026-06-03 17:11:58.505 - PhaseRunner - INFO - Timeout of 29.997996477000015s elapsed for event 'profiling phase credits returned'
2026-06-03 17:11:58.505 - PhaseRunner - WARNING - Phase profiling timed out, cancelling all credits. Stats: sent=34, completed=33, cancelled=0, in_flight=1
2026-06-03 17:11:58.505 - StickyCreditRouter_ed8b950e - INFO - Sent cancellation requests for 1 in-flight credits across 1 workers
2026-06-03 17:11:58.505 - PhaseRunner - INFO - Waiting for all cancelled credits to be returned for phase profiling. Need 1 more credits.
2026-06-03 17:11:58.506 - PhaseRunner - INFO - All cancelled credits returned for phase profiling
2026-06-03 17:11:58.506 - PhaseRunner - NOTICE - Phase profiling complete | completed=33, cancelled=1, errors=0 | sessions: completed=1, cancelled=0 | elapsed=1830.00s | grace_period_timeout=True
2026-06-03 17:11:58.507 - aiperf.timing.branch_orchestrator - INFO - BranchOrchestrator stats: spawned=0 completed=0 errored=0 suspended=0 resumed=0 parents_failed_due_to_child_error=0 joins_suppressed=0
2026-06-03 17:11:58.507 - PhaseOrchestrator_91768d26 - NOTICE - All credits completed
2026-06-03 17:11:58.507 - system_controller - INFO - Received credits complete from 'timing_manager'
2026-06-03 17:11:58.508 - records_manager - INFO - Received CREDIT_PHASE_COMPLETE message, Phase complete: PhaseRecordsStats(phase=CreditPhase.PROFILING, start_ns=1780504888505483093, sent_end_ns=1780506688507161128, requests_end_ns=1780506718506849793, total_expected_requests=None, expected_duration_sec=None, expected_num_sessions=None, expected_grace_period_sec=None, final_requests_sent=None, final_requests_completed=33, final_requests_cancelled=1, final_request_errors=0, final_sent_sessions=None, final_completed_sessions=None, final_cancelled_sessions=None, timeout_triggered=True, grace_period_timeout_triggered=True, was_cancelled=False, records_end_ns=None, success_records=33, error_records=0)
2026-06-03 17:11:58.508 - records_manager - NOTICE - All requests have completed, please wait for the results to be processed (currently 33 of 33 records processed)...
2026-06-03 17:11:58.508 - records_manager - INFO - Processed 33 valid requests and 0 errors (33 total).
2026-06-03 17:11:58.508 - records_manager - INFO - Received all records, processing now...
2026-06-03 17:11:58.508 - records_manager - INFO - All credits complete, please wait for the results to be processed...
2026-06-03 17:11:58.509 - server_metrics_manager - INFO - Server Metrics: Profiling complete, capturing final metrics...
2026-06-03 17:11:58.510 - records_manager - INFO - Waiting 2.0s for server metrics flush period...
2026-06-03 17:12:00.508 - records_manager - INFO - Processing records results...
2026-06-03 17:12:02.640 - RecordExportJSONLWriter_3f27af42 - WARNING - Timeout waiting for 0 pending flush tasks during shutdown. Cancelling tasks and proceeding with cleanup.
2026-06-03 17:12:02.677 - system_controller - INFO - Waiting for server metrics results...
2026-06-03 17:12:02.678 - system_controller - INFO - Waiting for server metrics results...
2026-06-03 17:12:03.694 - records_manager - INFO - _finalize_and_process_results completed
2026-06-03 17:12:04.083 - system_controller - INFO - All results received, initiating shutdown
2026-06-03 17:12:04.818 - ExporterManager - INFO - Exporting all records
2026-06-03 17:12:04.960 - aiperf.common.scenario.validator - INFO - Scenario 'inferencex-agentx-mvp': setting timing_mode=agentic_replay (was at default request_rate).
2026-06-03 17:12:05.553 - aiperf.common.scenario.validator - INFO - Scenario 'inferencex-agentx-mvp': setting timing_mode=agentic_replay (was at default request_rate).
2026-06-03 17:12:05.605 - ExporterManager - INFO - Exporting console data
