2026-06-02 21:24:28.263 - aiperf.cli_runner - INFO - Starting AIPerf System
2026-06-02 21:24:28.485 - system_controller - INFO - Registered Worker Manager (id: 'worker_manager')
2026-06-02 21:24:28.524 - server_metrics_manager - INFO - Server Metrics: Discovered 1 endpoints: ['http://localhost:8888/metrics']
2026-06-02 21:24:28.569 - system_controller - INFO - Registered Gpu Telemetry Manager (id: 'gpu_telemetry_manager')
2026-06-02 21:24:28.569 - system_controller - INFO - Registered Server Metrics Manager (id: 'server_metrics_manager')
2026-06-02 21:24:28.621 - system_controller - INFO - Registered Dataset Manager (id: 'dataset_manager')
2026-06-02 21:24:28.635 - system_controller - INFO - Registered Worker (id: 'worker_ce4f657b')
2026-06-02 21:24:28.636 - system_controller - INFO - Registered Worker (id: 'worker_710cb21b')
2026-06-02 21:24:28.638 - system_controller - INFO - Registered Worker (id: 'worker_33008c14')
2026-06-02 21:24:28.638 - system_controller - INFO - Registered Worker (id: 'worker_d98f9809')
2026-06-02 21:24:28.638 - system_controller - INFO - Registered Timing Manager (id: 'timing_manager')
2026-06-02 21:24:28.642 - system_controller - INFO - Registered Worker (id: 'worker_3321d4db')
2026-06-02 21:24:28.645 - system_controller - INFO - Registered Record Processor (id: 'record_processor_8a323b5e')
2026-06-02 21:24:28.645 - system_controller - INFO - Registered Record Processor (id: 'record_processor_9d4f1f0a')
2026-06-02 21:24:28.645 - system_controller - INFO - Registered Record Processor (id: 'record_processor_051c6a34')
2026-06-02 21:24:28.645 - system_controller - INFO - Registered Record Processor (id: 'record_processor_29e06993')
2026-06-02 21:24:28.646 - system_controller - INFO - Registered Worker (id: 'worker_d17c7f6b')
2026-06-02 21:24:28.660 - system_controller - INFO - Registered Worker (id: 'worker_be9a1465')
2026-06-02 21:24:28.662 - system_controller - INFO - Registered Worker (id: 'worker_c1a7e73d')
2026-06-02 21:24:28.668 - system_controller - INFO - Registered Worker (id: 'worker_56c66967')
2026-06-02 21:24:28.675 - system_controller - INFO - Registered Worker (id: 'worker_f88dee6d')
2026-06-02 21:24:28.734 - GPUTelemetryJSONLWriter_25a9b15d - INFO - GPU telemetry export enabled: /workspace/results/aiperf_artifacts/gpu_telemetry_export.jsonl
2026-06-02 21:24:28.734 - system_controller - INFO - Registered Worker (id: 'worker_24e2c855')
2026-06-02 21:24:28.734 - system_controller - INFO - Registered Worker (id: 'worker_c8a5829c')
2026-06-02 21:24:28.735 - system_controller - INFO - Registered Worker (id: 'worker_449ff53b')
2026-06-02 21:24:28.735 - system_controller - INFO - Registered Worker (id: 'worker_462a8d2b')
2026-06-02 21:24:28.735 - system_controller - INFO - Registered Worker (id: 'worker_c0954361')
2026-06-02 21:24:28.737 - RecordExportJSONLWriter_eb51d4de - INFO - Record metrics export enabled: /workspace/results/aiperf_artifacts/profile_export.jsonl
2026-06-02 21:24:28.768 - system_controller - INFO - Registered Worker (id: 'worker_0a418fc5')
2026-06-02 21:24:28.904 - system_controller - INFO - Registered Records Manager (id: 'records_manager')
2026-06-02 21:24:28.973 - system_controller - INFO - AIPerf System is CONFIGURING
2026-06-02 21:24:28.974 - system_controller - INFO - Configuring all services to start profiling
2026-06-02 21:24:28.975 - InferenceResultParser_de83380c - INFO - Tokenization is disabled for this endpoint, skipping tokenizer configuration
2026-06-02 21:24:28.975 - timing_manager - INFO - Waiting for dataset to be configured before configuring timing
2026-06-02 21:24:28.975 - InferenceResultParser_f03c3f1b - INFO - Tokenization is disabled for this endpoint, skipping tokenizer configuration
2026-06-02 21:24:28.975 - InferenceResultParser_f203e2ef - INFO - Tokenization is disabled for this endpoint, skipping tokenizer configuration
2026-06-02 21:24:28.976 - InferenceResultParser_2052fd84 - INFO - Tokenization is disabled for this endpoint, skipping tokenizer configuration
2026-06-02 21:24:28.984 - system_controller - INFO - GPU telemetry disabled - no DCGM endpoints reachable
2026-06-02 21:24:28.988 - server_metrics_manager - INFO - Server Metrics: Capturing baseline metrics...
2026-06-02 21:24:29.005 - http://localhost:8888/metrics - INFO - Skipping unsupported summary metric: http_request_size_bytes
2026-06-02 21:24:29.006 - http://localhost:8888/metrics - INFO - Skipping unsupported summary metric: http_response_size_bytes
2026-06-02 21:24:29.007 - system_controller - INFO - Server metrics enabled - 1/1 endpoint(s) reachable.
2026-06-02 21:24:29.024 - dataset_manager - INFO - Memory-mapped dataset cache HIT (key=9ea77629aaffea823767a106cff84381); skipping tokenizer + composer.
2026-06-02 21:24:30.213 - aiperf.dataset.mmap_cache - INFO - Restored mmap cache file dataset.dat via copy in 1.189s (2.10 GiB)
2026-06-02 21:24:30.216 - aiperf.dataset.mmap_cache - INFO - Restored mmap cache file index.dat via copy in 0.002s (0.00 GiB)
2026-06-02 21:24:30.216 - aiperf.dataset.mmap_cache - INFO - Restored mmap cache files in 1.191s via dataset=copy index=copy (dataset=2.10 GiB, index=0.00 GiB)
2026-06-02 21:24:30.475 - dataset_manager - INFO - sampling strategy: sequential, unique conversations: 634, unique turn count: 62664
2026-06-02 21:24:30.692 - dataset_manager - INFO - Dataset client initialized and freed 0 conversations from memory
2026-06-02 21:24:30.863 - aiperf.timing.trajectory_source - INFO - TrajectorySource: built 16 trajectories from 225 traces
  range cfg=[0.25, 0.75]  observed sample pct: min= 27% median= 48% max= 71%
    lane=00  sample_time= 39%  root_next= 14/32  ( 44% turns)  live=1 ready=1  trace_id=00e7d11db2db59f44a87b4110175b11d1af3
    lane=01  sample_time= 55%  root_next= 20/37  ( 54% turns)  live=1 ready=1  trace_id=01fece675b92efe07620225cd69c3884f774
    lane=02  sample_time= 55%  root_next=311/594 ( 52% turns)  live=1 ready=1  trace_id=0275949f4db511444909fe92b12f7e921e4a
    lane=03  sample_time= 27%  root_next= 13/27  ( 48% turns)  live=1 ready=1  trace_id=03be8f1eb1e9e620f46bd07068d6ab1aaae3
    lane=04  sample_time= 40%  root_next= 69/151 ( 46% turns)  live=1 ready=1  trace_id=0475b786230f3f2e24220d28e247eaee2dae
    lane=05  sample_time= 50%  root_next= 99/187 ( 53% turns)  live=1 ready=1  trace_id=04b25fe5b2ffa5e7ec9890426cce59838a05
    lane=06  sample_time= 69%  root_next= 10/20  ( 50% turns)  live=1 ready=1  trace_id=06385769df23204ac35c53ad431cf42f7c02
    lane=07  sample_time= 63%  root_next= 65/121 ( 54% turns)  live=1 ready=1  trace_id=07fc71985fbafc8e1abb181b7d28b8349f45
    lane=08  sample_time= 29%  root_next= 46/165 ( 28% turns)  live=1 ready=1  trace_id=09a5d415a7157ed48a5a6fa2711f2d8565c1
    lane=09  sample_time= 28%  root_next=  7/27  ( 26% turns)  live=1 ready=1  trace_id=09c188c8b9201ec2046cc2df702623fef33e
    lane=10  sample_time= 44%  root_next= 41/85  ( 48% turns)  live=1 ready=1  trace_id=0b1cf5ad73920121aa53e1acb0851a8ecf32
    lane=11  sample_time= 61%  root_next=161/254 ( 63% turns)  live=1 ready=1  trace_id=0b4a56f22f01dc235b7ce1cc3aeabd6943e8
    lane=12  sample_time= 32%  root_next=199/504 ( 39% turns)  live=1 ready=1  trace_id=0d75185d4e958ad360c16451eaa95d508edf
    lane=13  sample_time= 51%  root_next= 13/22  ( 59% turns)  live=1 ready=1  trace_id=0da3a3bea6f3559a2eff4114839b328dad53
    lane=14  sample_time= 71%  root_next= 18/23  ( 78% turns)  live=1 ready=1  trace_id=116cb8d945f9d0810e788e51e3744adaab74
    lane=15  sample_time= 46%  root_next= 30/49  ( 61% turns)  live=1 ready=1  trace_id=1186d32070428ea303de493d61ee3effd467
2026-06-02 21:24:30.864 - PhaseOrchestrator_457e1fe8 - INFO - Initialized 2 phase(s): ['Warmup', 'Profiling']
2026-06-02 21:24:30.906 - system_controller - INFO - All services configured in 1.93 seconds
2026-06-02 21:24:30.907 - system_controller - INFO - AIPerf System is CONFIGURED
2026-06-02 21:24:30.908 - server_metrics_manager - INFO - Server Metrics: Started 1 collector(s) successfully
2026-06-02 21:24:30.926 - PhaseRunner - NOTICE - Phase warmup started | target: 16 requests
2026-06-02 21:24:30.926 - AgenticReplayTiming - INFO - WARMUP execute: dispatching 16 trajectory credits
2026-06-02 21:24:30.928 - PhaseRunner - NOTICE - Phase warmup sending complete | sent=16, completed=0, in_flight=16
2026-06-02 21:24:31.113 - records_manager - INFO - Credit phase start: warmup
2026-06-02 21:24:31.114 - system_controller - INFO - All services started profiling successfully
2026-06-02 21:24:31.114 - system_controller - INFO - AIPerf System is PROFILING
2026-06-02 21:27:49.081 - PhaseRunner - NOTICE - Phase warmup complete | completed=16, cancelled=0, errors=0 | elapsed=198.16s
2026-06-02 21:27:49.082 - aiperf.timing.branch_orchestrator - INFO - BranchOrchestrator stats: spawned=0 completed=0 errored=0 suspended=0 resumed=0 parents_failed_due_to_child_error=0 joins_suppressed=0
2026-06-02 21:27:49.092 - AgenticReplayTiming - INFO - PROFILING setup: trajectories=16 traces, recycle_queue=225 traces (full pool)
2026-06-02 21:27:49.093 - PhaseRunner - NOTICE - Phase profiling started | target: 1800.0s duration
2026-06-02 21:27:49.093 - records_manager - INFO - Credit phase start: profiling
2026-06-02 21:27:49.093 - PhaseRunner - INFO - Waiting for event 'profiling phase sending' with timeout of 1799.999488526s
2026-06-02 21:27:49.093 - AgenticReplayTiming - INFO - PROFILING execute: resuming 16 trajectory sessions
2026-06-02 21:27:54.355 - AgenticReplayTiming - INFO - Terminating trajectory 0d75185d4e958ad360c16451eaa95d508edf early at turn 199/503: context-overflow error from server
2026-06-02 21:27:54.439 - EventLoopMonitor - WARNING - Event loop for worker_f88dee6d is taking too long to run. Overhead: 60.13ms
2026-06-02 21:27:55.854 - AgenticReplayTiming - INFO - Terminating trajectory 04b25fe5b2ffa5e7ec9890426cce59838a05 early at turn 99/186: context-overflow error from server
2026-06-02 21:28:28.827 - records_manager - INFO - [realtime 00:39 profiling] rps=0.1 (avg 0.1) tput_in=4620/s tput_out=6/s done=6 ok=6 err=0
                           ttft p50=25206ms p75=25471ms p95=25471ms p99=25472ms
                           itl  p50=88ms   p75=147ms  p95=228ms  p99=244ms
                           e2e  p50=26673ms p75=29564ms p95=36008ms p99=37296ms
                           intvty p50=12     p75=29     p95=60     p99=66 (1/tpot tok/s)
                           isl  p50=42,883    p75=85,912    p90=86,936    p99=87,550 (tokens)
                           osl  p50=20        p75=65        p90=144       p99=192 (tokens)
                           tot  in=173,805        out=242
                           trace theoretical_prefix_cache_hit=99.3%
                           srv  prefix_cache_hit=0.0% unique_in_srv=498,508,569 kv_usage=83.3% queue=4r/7w tput_in_srv=9,280/s tput_out_srv=57/s
2026-06-02 21:28:58.840 - records_manager - INFO - [realtime 01:09 profiling] rps=0.1 (avg 0.1) tput_in=8521/s tput_out=30/s done=9 ok=9 err=0
                           ttft p50=24941ms p75=25471ms p95=27063ms p99=27608ms
                           itl  p50=74ms   p75=135ms  p95=220ms  p99=242ms
                           e2e  p50=37618ms p75=47202ms p95=55853ms p99=57421ms
                           intvty p50=14     p75=22     p95=55     p99=65 (1/tpot tok/s)
                           isl  p50=85,344    p75=92,034    p90=128,843   p99=172,571 (tokens)
                           osl  p50=197       p75=264       p90=584       p99=945 (tokens)
                           tot  in=494,229        out=1,754
                           trace theoretical_prefix_cache_hit=92.8%
                           srv  prefix_cache_hit=0.0% unique_in_srv=699,732,921 kv_usage=53.4% queue=2r/11w tput_in_srv=8,248/s tput_out_srv=57/s
2026-06-02 21:29:14.225 - AgenticReplayTiming - INFO - Terminating trajectory 0da3a3bea6f3559a2eff4114839b328dad53 early at turn 14/21: context-overflow error from server
2026-06-02 21:29:28.853 - records_manager - INFO - [realtime 01:39 profiling] rps=0.1 (avg 0.1) tput_in=7169/s tput_out=35/s done=11 ok=11 err=0
                           ttft p50=23225ms p75=25471ms p95=26949ms p99=27585ms
                           itl  p50=68ms   p75=125ms  p95=216ms  p99=241ms
                           e2e  p50=40372ms p75=52913ms p95=75451ms p99=83048ms
                           intvty p50=15     p75=19     p95=53     p99=65 (1/tpot tok/s)
                           isl  p50=86,481    p75=101,172   p90=133,963   p99=173,083 (tokens)
                           osl  p50=204       p75=484       p90=1,053     p99=1,197 (tokens)
                           tot  in=609,563        out=2,967
                           trace theoretical_prefix_cache_hit=94.0%
                           srv  prefix_cache_hit=0.0% unique_in_srv=740,008,386 kv_usage=85.3% queue=2r/14w tput_in_srv=8,286/s tput_out_srv=52/s
2026-06-02 21:29:58.875 - records_manager - INFO - [realtime 02:09 profiling] rps=0.2 (avg 0.1) tput_in=9719/s tput_out=47/s done=16 ok=16 err=0
                           ttft p50=25472ms p75=81061ms p95=90328ms p99=90414ms
                           itl  p50=53ms   p75=74ms   p95=193ms  p99=237ms
                           e2e  p50=57813ms p75=94923ms p95=105926ms p99=111871ms
                           intvty p50=19     p75=43     p95=82     p99=83 (1/tpot tok/s)
                           isl  p50=85,344    p75=115,334   p90=217,522   p99=255,204 (tokens)
                           osl  p50=210       p75=898       p90=1,167     p99=1,305 (tokens)
                           tot  in=1,250,808      out=5,997
                           trace theoretical_prefix_cache_hit=93.6%
                           srv  prefix_cache_hit=0.0% unique_in_srv=835,719,360 kv_usage=36.2% queue=3r/10w tput_in_srv=8,867/s tput_out_srv=57/s
2026-06-02 21:30:28.910 - records_manager - INFO - [realtime 02:39 profiling] rps=0.1 (avg 0.1) tput_in=9038/s tput_out=40/s done=18 ok=18 err=0
                           ttft p50=27744ms p75=89042ms p95=101351ms p99=103493ms
                           itl  p50=37ms   p75=68ms   p95=184ms  p99=235ms
                           e2e  p50=84948ms p75=97999ms p95=110337ms p99=112753ms
                           intvty p50=27     p75=55     p95=82     p99=83 (1/tpot tok/s)
                           isl  p50=85,344    p75=105,892   p90=207,499   p99=254,576 (tokens)
                           osl  p50=199       p75=690       p90=1,122     p99=1,302 (tokens)
                           tot  in=1,401,109      out=6,259
                           trace theoretical_prefix_cache_hit=94.3%
                           srv  prefix_cache_hit=0.0% unique_in_srv=854,993,885 kv_usage=80.9% queue=4r/10w tput_in_srv=9,333/s tput_out_srv=55/s
2026-06-02 21:30:32.384 - AgenticReplayTiming - INFO - Terminating trajectory 1186d32070428ea303de493d61ee3effd467 early at turn 31/48: context-overflow error from server
2026-06-02 21:30:58.947 - records_manager - INFO - [realtime 03:09 profiling] rps=0.2 (avg 0.1) tput_in=9307/s tput_out=47/s done=24 ok=24 err=0
                           ttft p50=83059ms p75=91089ms p95=104591ms p99=108494ms
                           itl  p50=35ms   p75=65ms   p95=161ms  p99=230ms
                           e2e  p50=90970ms p75=103229ms p95=126289ms p99=137906ms
                           intvty p50=29     p75=67     p95=81     p99=83 (1/tpot tok/s)
                           isl  p50=79,424    p75=100,452   p90=182,442   p99=253,004 (tokens)
                           osl  p50=220       p75=746       p90=1,195     p99=1,297 (tokens)
                           tot  in=1,707,774      out=8,671
                           trace theoretical_prefix_cache_hit=91.3%
                           srv  prefix_cache_hit=0.0% unique_in_srv=1,000,410,309 kv_usage=77.9% queue=3r/11w tput_in_srv=9,294/s tput_out_srv=62/s
2026-06-02 21:31:28.989 - records_manager - INFO - [realtime 03:39 profiling] rps=0.1 (avg 0.1) tput_in=9088/s tput_out=55/s done=28 ok=28 err=0
                           ttft p50=83059ms p75=94254ms p95=104288ms p99=108288ms
                           itl  p50=25ms   p75=62ms   p95=150ms  p99=227ms
                           e2e  p50=90970ms p75=110121ms p95=126272ms p99=137497ms
                           intvty p50=40     p75=67     p95=83     p99=84 (1/tpot tok/s)
                           isl  p50=69,218    p75=100,452   p90=159,149   p99=251,747 (tokens)
                           osl  p50=294       p75=896       p90=1,207     p99=1,436 (tokens)
                           tot  in=1,988,270      out=12,125
                           trace theoretical_prefix_cache_hit=88.4%
                           srv  prefix_cache_hit=0.0% unique_in_srv=1,109,255,859 kv_usage=94.8% queue=4r/10w tput_in_srv=9,474/s tput_out_srv=72/s
2026-06-02 21:31:59.035 - records_manager - INFO - [realtime 04:09 profiling] rps=0.1 (avg 0.1) tput_in=9337/s tput_out=76/s done=30 ok=30 err=0
                           ttft p50=86443ms p75=99057ms p95=105915ms p99=108635ms
                           itl  p50=26ms   p75=61ms   p95=146ms  p99=225ms
                           e2e  p50=94975ms p75=113581ms p95=175725ms p99=189158ms
                           intvty p50=39     p75=67     p95=83     p99=84 (1/tpot tok/s)
                           isl  p50=79,424    p75=110,490   p90=186,140   p99=251,118 (tokens)
                           osl  p50=388       p75=963       p90=1,394     p99=3,295 (tokens)
                           tot  in=2,287,716      out=18,621
                           trace theoretical_prefix_cache_hit=83.7%
                           srv  prefix_cache_hit=0.0% unique_in_srv=1,199,030,310 kv_usage=81.4% queue=5r/9w tput_in_srv=9,504/s tput_out_srv=70/s
2026-06-02 21:32:29.100 - records_manager - INFO - [realtime 04:40 profiling] rps=0.2 (avg 0.1) tput_in=9686/s tput_out=75/s done=37 ok=37 err=0
                           ttft p50=84352ms p75=93049ms p95=105611ms p99=108402ms
                           itl  p50=27ms   p75=56ms   p95=193ms  p99=280ms
                           e2e  p50=89558ms p75=113357ms p95=159431ms p99=188990ms
                           intvty p50=37     p75=66     p95=82     p99=84 (1/tpot tok/s)
                           isl  p50=73,503    p75=96,451    p90=165,242   p99=248,918 (tokens)
                           osl  p50=294       p75=898       p90=1,296     p99=3,282 (tokens)
                           tot  in=2,678,169      out=20,723
                           trace theoretical_prefix_cache_hit=84.9%
                           srv  prefix_cache_hit=0.0% unique_in_srv=1,250,974,284 kv_usage=99.9% queue=5r/10w tput_in_srv=9,896/s tput_out_srv=72/s
2026-06-02 21:32:59.183 - records_manager - INFO - [realtime 05:10 profiling] rps=0.1 (avg 0.1) tput_in=10656/s tput_out=77/s done=41 ok=41 err=0
                           ttft p50=84352ms p75=93049ms p95=105437ms p99=108268ms
                           itl  p50=33ms   p75=53ms   p95=174ms  p99=278ms
                           e2e  p50=89558ms p75=113656ms p95=153970ms p99=188895ms
                           intvty p50=30     p75=63     p95=81     p99=84 (1/tpot tok/s)
                           isl  p50=74,025    p75=104,596   p90=184,398   p99=248,469 (tokens)
                           osl  p50=294       p75=954       p90=1,255     p99=3,274 (tokens)
                           tot  in=3,185,894      out=23,143
                           trace theoretical_prefix_cache_hit=84.9%
                           srv  prefix_cache_hit=0.0% unique_in_srv=1,298,605,948 kv_usage=80.0% queue=5r/9w tput_in_srv=9,927/s tput_out_srv=72/s
2026-06-02 21:33:29.261 - records_manager - INFO - [realtime 05:40 profiling] rps=0.1 (avg 0.1) tput_in=10191/s tput_out=77/s done=45 ok=45 err=0
                           ttft p50=81091ms p75=90708ms p95=105263ms p99=108135ms
                           itl  p50=37ms   p75=53ms   p95=156ms  p99=276ms
                           e2e  p50=89558ms p75=113357ms p95=145622ms p99=188799ms
                           intvty p50=27     p75=63     p95=84     p99=84 (1/tpot tok/s)
                           isl  p50=73,503    p75=104,596   p90=177,430   p99=247,302 (tokens)
                           osl  p50=304       p75=954       p90=1,213     p99=3,267 (tokens)
                           tot  in=3,436,230      out=25,835
                           trace theoretical_prefix_cache_hit=83.6%
                           srv  prefix_cache_hit=0.0% unique_in_srv=1,389,326,784 kv_usage=86.8% queue=4r/10w tput_in_srv=10,099/s tput_out_srv=76/s
2026-06-02 21:33:59.359 - records_manager - INFO - [realtime 06:10 profiling] rps=0.2 (avg 0.1) tput_in=10400/s tput_out=77/s done=50 ok=50 err=0
                           ttft p50=79690ms p75=90391ms p95=105031ms p99=107968ms
                           itl  p50=27ms   p75=50ms   p95=146ms  p99=274ms
                           e2e  p50=89479ms p75=109009ms p95=144898ms p99=188679ms
                           intvty p50=37     p75=65     p95=83     p99=84 (1/tpot tok/s)
                           isl  p50=73,764    p75=97,871    p90=146,961   p99=245,843 (tokens)
                           osl  p50=299       p75=940       p90=1,203     p99=3,257 (tokens)
                           tot  in=3,769,823      out=28,075
                           trace theoretical_prefix_cache_hit=85.1%
                           srv  prefix_cache_hit=0.0% unique_in_srv=1,458,244,240 kv_usage=96.0% queue=4r/10w tput_in_srv=10,320/s tput_out_srv=79/s
2026-06-02 21:34:29.487 - records_manager - INFO - [realtime 06:40 profiling] rps=0.2 (avg 0.1) tput_in=11016/s tput_out=84/s done=55 ok=55 err=0
                           ttft p50=78322ms p75=90186ms p95=104799ms p99=107801ms
                           itl  p50=26ms   p75=48ms   p95=135ms  p99=272ms
                           e2e  p50=89558ms p75=108975ms p95=152349ms p99=188559ms
                           intvty p50=38     p75=66     p95=84     p99=85 (1/tpot tok/s)
                           isl  p50=74,025    p75=104,596   p90=116,881   p99=244,384 (tokens)
                           osl  p50=304       p75=940       p90=1,213     p99=3,248 (tokens)
                           tot  in=4,254,109      out=32,351
                           trace theoretical_prefix_cache_hit=85.6%
                           srv  prefix_cache_hit=0.0% unique_in_srv=1,577,048,503 kv_usage=72.4% queue=2r/12w tput_in_srv=10,108/s tput_out_srv=79/s
2026-06-02 21:34:59.608 - records_manager - INFO - [realtime 07:10 profiling] rps=0.1 (avg 0.1) tput_in=10901/s tput_out=82/s done=58 ok=58 err=0
                           ttft p50=78585ms p75=90221ms p95=104659ms p99=107701ms
                           itl  p50=25ms   p75=47ms   p95=129ms  p99=270ms
                           e2e  p50=89614ms p75=107550ms p95=150331ms p99=188488ms
                           intvty p50=39     p75=67     p95=84     p99=85 (1/tpot tok/s)
                           isl  p50=73,764    p75=104,596   p90=159,265   p99=244,498 (tokens)
                           osl  p50=344       p75=919       p90=1,207     p99=3,242 (tokens)
                           tot  in=4,568,763      out=34,402
                           trace theoretical_prefix_cache_hit=86.3%
                           srv  prefix_cache_hit=0.0% unique_in_srv=1,663,235,218 kv_usage=80.4% queue=4r/11w tput_in_srv=10,402/s tput_out_srv=80/s
2026-06-02 21:35:29.728 - records_manager - INFO - [realtime 07:40 profiling] rps=0.2 (avg 0.1) tput_in=10827/s tput_out=79/s done=63 ok=63 err=0
                           ttft p50=78322ms p75=90060ms p95=104427ms p99=107534ms
                           itl  p50=27ms   p75=47ms   p95=118ms  p99=268ms
                           e2e  p50=89401ms p75=106193ms p95=146967ms p99=188368ms
                           intvty p50=37     p75=66     p95=84     p99=84 (1/tpot tok/s)
                           isl  p50=74,025    p75=104,596   p90=128,991   p99=243,132 (tokens)
                           osl  p50=317       p75=912       p90=1,197     p99=3,233 (tokens)
                           tot  in=4,946,442      out=36,222
                           trace theoretical_prefix_cache_hit=86.8%
                           srv  prefix_cache_hit=0.0% unique_in_srv=1,758,125,447 kv_usage=83.3% queue=4r/9w tput_in_srv=10,488/s tput_out_srv=83/s
2026-06-02 21:35:59.859 - records_manager - INFO - [realtime 08:10 profiling] rps=0.1 (avg 0.1) tput_in=11085/s tput_out=87/s done=67 ok=67 err=0
                           ttft p50=78322ms p75=88916ms p95=104303ms p99=107401ms
                           itl  p50=27ms   p75=47ms   p95=110ms  p99=266ms
                           e2e  p50=89558ms p75=106193ms p95=157731ms p99=198710ms
                           intvty p50=37     p75=65     p95=84     p99=84 (1/tpot tok/s)
                           isl  p50=74,415    p75=108,525   p90=168,196   p99=242,039 (tokens)
                           osl  p50=348       p75=912       p90=1,209     p99=3,791 (tokens)
                           tot  in=5,403,097      out=42,310
                           trace theoretical_prefix_cache_hit=87.5%
                           srv  prefix_cache_hit=0.0% unique_in_srv=1,807,667,148 kv_usage=72.6% queue=4r/10w tput_in_srv=10,629/s tput_out_srv=83/s
2026-06-02 21:36:29.995 - records_manager - INFO - [realtime 08:40 profiling] rps=0.1 (avg 0.1) tput_in=11343/s tput_out=91/s done=70 ok=70 err=0
                           ttft p50=78585ms p75=87689ms p95=104258ms p99=107301ms
                           itl  p50=27ms   p75=46ms   p95=104ms  p99=265ms
                           e2e  p50=90623ms p75=109009ms p95=155713ms p99=198003ms
                           intvty p50=37     p75=64     p95=84     p99=84 (1/tpot tok/s)
                           isl  p50=78,710    p75=112,454   p90=154,344   p99=241,220 (tokens)
                           osl  p50=414       p75=947       p90=1,265     p99=3,756 (tokens)
                           tot  in=5,723,670      out=46,063
                           trace theoretical_prefix_cache_hit=88.2%
                           srv  prefix_cache_hit=0.0% unique_in_srv=1,905,196,592 kv_usage=84.9% queue=5r/10w tput_in_srv=10,523/s tput_out_srv=84/s
2026-06-02 21:37:00.147 - records_manager - INFO - [realtime 09:11 profiling] rps=0.2 (avg 0.1) tput_in=11264/s tput_out=91/s done=76 ok=76 err=0
                           ttft p50=77934ms p75=86971ms p95=104166ms p99=107100ms
                           itl  p50=27ms   p75=46ms   p95=92ms   p99=262ms
                           e2e  p50=90623ms p75=109660ms p95=151676ms p99=196589ms
                           intvty p50=37     p75=60     p95=83     p99=84 (1/tpot tok/s)
                           isl  p50=74,220    p75=112,454   p90=172,813   p99=241,222 (tokens)
                           osl  p50=470       p75=933       p90=1,211     p99=3,685 (tokens)
                           tot  in=6,188,511      out=50,197
                           trace theoretical_prefix_cache_hit=87.6%
                           srv  prefix_cache_hit=0.0% unique_in_srv=1,951,847,252 kv_usage=47.4% queue=4r/10w tput_in_srv=10,709/s tput_out_srv=87/s
2026-06-02 21:37:30.316 - records_manager - INFO - [realtime 09:41 profiling] rps=0.1 (avg 0.1) tput_in=11163/s tput_out=90/s done=80 ok=80 err=0
                           ttft p50=77348ms p75=85940ms p95=104105ms p99=106967ms
                           itl  p50=27ms   p75=45ms   p95=84ms   p99=260ms
                           e2e  p50=89614ms p75=109520ms p95=148986ms p99=195647ms
                           intvty p50=37     p75=60     p95=83     p99=84 (1/tpot tok/s)
                           isl  p50=74,220    p75=106,560   p90=154,344   p99=240,222 (tokens)
                           osl  p50=476       p75=905       p90=1,203     p99=3,638 (tokens)
                           tot  in=6,468,614      out=51,988
                           trace theoretical_prefix_cache_hit=88.0%
                           srv  prefix_cache_hit=0.0% unique_in_srv=2,030,994,101 kv_usage=73.6% queue=5r/9w tput_in_srv=10,804/s tput_out_srv=89/s
2026-06-02 21:38:00.483 - records_manager - INFO - [realtime 10:11 profiling] rps=0.2 (avg 0.1) tput_in=11140/s tput_out=93/s done=85 ok=85 err=0
                           ttft p50=76814ms p75=85057ms p95=104029ms p99=106800ms
                           itl  p50=27ms   p75=46ms   p95=74ms   p99=257ms
                           e2e  p50=89558ms p75=110952ms p95=159076ms p99=194469ms
                           intvty p50=37     p75=63     p95=83     p99=84 (1/tpot tok/s)
                           isl  p50=74,119    p75=104,596   p90=131,259   p99=238,972 (tokens)
                           osl  p50=470       p75=926       p90=1,317     p99=3,578 (tokens)
                           tot  in=6,786,613      out=56,923
                           trace theoretical_prefix_cache_hit=88.5%
                           srv  prefix_cache_hit=0.0% unique_in_srv=2,058,243,853 kv_usage=97.6% queue=6r/8w tput_in_srv=10,984/s tput_out_srv=90/s
2026-06-02 21:38:30.660 - records_manager - INFO - [realtime 10:41 profiling] rps=0.1 (avg 0.1) tput_in=11517/s tput_out=97/s done=89 ok=89 err=0
                           ttft p50=76743ms p75=84966ms p95=103264ms p99=106667ms
                           itl  p50=27ms   p75=45ms   p95=73ms   p99=255ms
                           e2e  p50=89558ms p75=109042ms p95=157668ms p99=193526ms
                           intvty p50=37     p75=59     p95=83     p99=84 (1/tpot tok/s)
                           isl  p50=74,119    p75=112,454   p90=132,073   p99=237,972 (tokens)
                           osl  p50=516       p75=926       p90=1,275     p99=3,531 (tokens)
                           tot  in=7,141,260      out=60,141
                           trace theoretical_prefix_cache_hit=88.4%
                           srv  prefix_cache_hit=0.0% unique_in_srv=2,155,830,241 kv_usage=91.0% queue=4r/10w tput_in_srv=10,696/s tput_out_srv=90/s
2026-06-02 21:39:00.849 - records_manager - INFO - [realtime 11:11 profiling] rps=0.1 (avg 0.1) tput_in=11419/s tput_out=96/s done=93 ok=93 err=0
                           ttft p50=75171ms p75=84912ms p95=102499ms p99=106533ms
                           itl  p50=27ms   p75=44ms   p95=73ms   p99=254ms
                           e2e  p50=89401ms p75=108907ms p95=156260ms p99=192584ms
                           intvty p50=37     p75=59     p95=83     p99=84 (1/tpot tok/s)
                           isl  p50=74,119    p75=112,454   p90=141,579   p99=239,005 (tokens)
                           osl  p50=563       p75=954       p90=1,234     p99=3,484 (tokens)
                           tot  in=7,560,681      out=63,605
                           trace theoretical_prefix_cache_hit=88.7%
                           srv  prefix_cache_hit=0.0% unique_in_srv=2,243,900,566 kv_usage=75.2% queue=4r/9w tput_in_srv=10,848/s tput_out_srv=92/s
2026-06-02 21:39:31.039 - records_manager - INFO - [realtime 11:41 profiling] rps=0.1 (avg 0.1) tput_in=11320/s tput_out=98/s done=97 ok=97 err=0
                           ttft p50=75171ms p75=84352ms p95=101734ms p99=106400ms
                           itl  p50=29ms   p75=43ms   p95=73ms   p99=252ms
                           e2e  p50=89558ms p75=108907ms p95=168755ms p99=214794ms
                           intvty p50=34     p75=59     p95=82     p99=84 (1/tpot tok/s)
                           isl  p50=78,133    p75=112,454   p90=132,345   p99=238,098 (tokens)
                           osl  p50=563       p75=954       p90=1,296     p99=3,848 (tokens)
                           tot  in=7,927,104      out=68,726
                           trace theoretical_prefix_cache_hit=89.2%
                           srv  prefix_cache_hit=0.0% unique_in_srv=2,337,933,522 kv_usage=72.4% queue=4r/11w tput_in_srv=10,981/s tput_out_srv=92/s
2026-06-02 21:40:01.250 - records_manager - INFO - [realtime 12:12 profiling] rps=0.1 (avg 0.1) tput_in=11287/s tput_out=98/s done=101 ok=101 err=0
                           ttft p50=76082ms p75=84352ms p95=100968ms p99=106266ms
                           itl  p50=31ms   p75=43ms   p95=73ms   p99=250ms
                           e2e  p50=90431ms p75=109042ms p95=163915ms p99=214056ms
                           intvty p50=32     p75=58     p95=82     p99=84 (1/tpot tok/s)
                           isl  p50=78,133    p75=112,454   p90=131,802   p99=237,190 (tokens)
                           osl  p50=563       p75=956       p90=1,255     p99=3,818 (tokens)
                           tot  in=8,239,738      out=71,379
                           trace theoretical_prefix_cache_hit=88.8%
                           srv  prefix_cache_hit=0.0% unique_in_srv=2,403,699,922 kv_usage=90.8% queue=4r/8w tput_in_srv=11,084/s tput_out_srv=92/s
2026-06-02 21:40:31.518 - records_manager - INFO - [realtime 12:42 profiling] rps=0.2 (avg 0.1) tput_in=11704/s tput_out=99/s done=107 ok=107 err=0
                           ttft p50=76082ms p75=84632ms p95=100128ms p99=106115ms
                           itl  p50=31ms   p75=43ms   p95=74ms   p99=246ms
                           e2e  p50=91576ms p75=108975ms p95=158372ms p99=212846ms
                           intvty p50=32     p75=53     p95=82     p99=84 (1/tpot tok/s)
                           isl  p50=78,133    p75=112,454   p90=133,852   p99=236,236 (tokens)
                           osl  p50=554       p75=955       p90=1,296     p99=3,780 (tokens)
                           tot  in=8,839,691      out=75,078
                           trace theoretical_prefix_cache_hit=89.5%
                           srv  prefix_cache_hit=0.0% unique_in_srv=2,517,399,865 kv_usage=63.0% queue=4r/7w tput_in_srv=11,088/s tput_out_srv=93/s
2026-06-02 21:41:01.739 - records_manager - INFO - [realtime 13:12 profiling] rps=0.1 (avg 0.1) tput_in=11374/s tput_out=97/s done=109 ok=109 err=0
                           ttft p50=76082ms p75=84912ms p95=100053ms p99=106098ms
                           itl  p50=31ms   p75=43ms   p95=73ms   p99=244ms
                           e2e  p50=93431ms p75=109042ms p95=157668ms p99=212375ms
                           intvty p50=32     p75=54     p95=82     p99=84 (1/tpot tok/s)
                           isl  p50=78,133    p75=112,454   p90=133,543   p99=236,190 (tokens)
                           osl  p50=554       p75=956       p90=1,275     p99=3,771 (tokens)
                           tot  in=8,967,559      out=76,279
                           trace theoretical_prefix_cache_hit=89.7%
                           srv  prefix_cache_hit=0.0% unique_in_srv=2,601,660,139 kv_usage=79.3% queue=3r/10w tput_in_srv=11,077/s tput_out_srv=93/s
2026-06-02 21:41:31.976 - records_manager - INFO - [realtime 13:42 profiling] rps=0.1 (avg 0.1) tput_in=11626/s tput_out=97/s done=113 ok=113 err=0
                           ttft p50=76082ms p75=84912ms p95=99903ms p99=106063ms
                           itl  p50=32ms   p75=43ms   p95=73ms   p99=241ms
                           e2e  p50=93926ms p75=109042ms p95=156260ms p99=211433ms
                           intvty p50=31     p75=54     p95=81     p99=84 (1/tpot tok/s)
                           isl  p50=80,127    p75=112,454   p90=142,815   p99=238,528 (tokens)
                           osl  p50=554       p75=956       p90=1,324     p99=3,753 (tokens)
                           tot  in=9,528,324      out=79,182
                           trace theoretical_prefix_cache_hit=90.2%
                           srv  prefix_cache_hit=0.0% unique_in_srv=2,629,500,057 kv_usage=62.3% queue=5r/9w tput_in_srv=11,198/s tput_out_srv=92/s
2026-06-02 21:42:02.219 - records_manager - INFO - [realtime 14:13 profiling] rps=0.1 (avg 0.1) tput_in=11603/s tput_out=97/s done=117 ok=117 err=0
                           ttft p50=76029ms p75=84367ms p95=99753ms p99=106028ms
                           itl  p50=32ms   p75=43ms   p95=73ms   p99=237ms
                           e2e  p50=94036ms p75=108907ms p95=154852ms p99=210490ms
                           intvty p50=31     p75=52     p95=81     p99=84 (1/tpot tok/s)
                           isl  p50=79,286    p75=112,454   p90=136,011   p99=238,430 (tokens)
                           osl  p50=554       p75=956       p90=1,296     p99=3,735 (tokens)
                           tot  in=9,803,960      out=81,851
                           trace theoretical_prefix_cache_hit=90.4%
                           srv  prefix_cache_hit=0.0% unique_in_srv=2,695,660,168 kv_usage=90.0% queue=6r/8w tput_in_srv=11,290/s tput_out_srv=94/s
2026-06-02 21:42:32.526 - records_manager - INFO - [realtime 14:43 profiling] rps=0.1 (avg 0.1) tput_in=11736/s tput_out=100/s done=121 ok=121 err=0
                           ttft p50=74970ms p75=84352ms p95=99603ms p99=105994ms
                           itl  p50=31ms   p75=43ms   p95=73ms   p99=233ms
                           e2e  p50=93926ms p75=108907ms p95=161150ms p99=209548ms
                           intvty p50=32     p75=52     p95=81     p99=84 (1/tpot tok/s)
                           isl  p50=79,286    p75=112,454   p90=135,086   p99=238,332 (tokens)
                           osl  p50=516       p75=956       p90=1,331     p99=3,717 (tokens)
                           tot  in=10,093,991     out=85,640
                           trace theoretical_prefix_cache_hit=90.6%
                           srv  prefix_cache_hit=0.0% unique_in_srv=2,776,591,391 kv_usage=94.6% queue=4r/12w tput_in_srv=11,042/s tput_out_srv=93/s
2026-06-02 21:43:02.781 - records_manager - INFO - [realtime 15:13 profiling] rps=0.1 (avg 0.1) tput_in=11575/s tput_out=98/s done=123 ok=123 err=0
                           ttft p50=74849ms p75=83855ms p95=99528ms p99=105976ms
                           itl  p50=31ms   p75=43ms   p95=73ms   p99=231ms
                           e2e  p50=93926ms p75=108752ms p95=160113ms p99=209077ms
                           intvty p50=32     p75=53     p95=81     p99=84 (1/tpot tok/s)
                           isl  p50=79,286    p75=112,454   p90=144,664   p99=240,934 (tokens)
                           osl  p50=554       p75=978       p90=1,361     p99=3,709 (tokens)
                           tot  in=10,378,833     out=88,198
                           trace theoretical_prefix_cache_hit=90.9%
                           srv  prefix_cache_hit=0.0% unique_in_srv=3,012,379,337 kv_usage=79.6% queue=4r/10w tput_in_srv=10,958/s tput_out_srv=94/s
2026-06-02 21:43:33.056 - records_manager - INFO - [realtime 15:43 profiling] rps=0.1 (avg 0.1) tput_in=11459/s tput_out=99/s done=127 ok=127 err=0
                           ttft p50=74970ms p75=84360ms p95=101142ms p99=105942ms
                           itl  p50=32ms   p75=42ms   p95=72ms   p99=228ms
                           e2e  p50=94158ms p75=109997ms p95=158907ms p99=208134ms
                           intvty p50=31     p75=52     p95=81     p99=84 (1/tpot tok/s)
                           isl  p50=81,417    p75=112,454   p90=136,011   p99=240,826 (tokens)
                           osl  p50=554       p75=982       p90=1,457     p99=3,691 (tokens)
                           tot  in=10,790,641     out=93,229
                           trace theoretical_prefix_cache_hit=91.0%
                           srv  prefix_cache_hit=0.0% unique_in_srv=3,050,819,178 kv_usage=78.0% queue=4r/8w tput_in_srv=11,176/s tput_out_srv=94/s
2026-06-02 21:44:03.348 - records_manager - INFO - [realtime 16:14 profiling] rps=0.2 (avg 0.1) tput_in=11536/s tput_out=98/s done=133 ok=133 err=0
                           ttft p50=76029ms p75=85440ms p95=101968ms p99=105889ms
                           itl  p50=31ms   p75=41ms   p95=69ms   p99=222ms
                           e2e  p50=94923ms p75=110952ms p95=158398ms p99=206720ms
                           intvty p50=32     p75=58     p95=82     p99=84 (1/tpot tok/s)
                           isl  p50=81,417    p75=112,454   p90=134,623   p99=240,664 (tokens)
                           osl  p50=516       p75=977       p90=1,413     p99=3,664 (tokens)
                           tot  in=11,222,250     out=95,329
                           trace theoretical_prefix_cache_hit=91.3%
                           srv  prefix_cache_hit=0.0% unique_in_srv=3,116,679,931 kv_usage=90.9% queue=4r/10w tput_in_srv=11,267/s tput_out_srv=94/s
2026-06-02 21:44:33.686 - records_manager - INFO - [realtime 16:44 profiling] rps=0.1 (avg 0.1) tput_in=11644/s tput_out=98/s done=137 ok=137 err=0
                           ttft p50=76082ms p75=86871ms p95=101961ms p99=105855ms
                           itl  p50=31ms   p75=41ms   p95=67ms   p99=219ms
                           e2e  p50=95026ms p75=111514ms p95=158059ms p99=205778ms
                           intvty p50=32     p75=54     p95=82     p99=84 (1/tpot tok/s)
                           isl  p50=81,417    p75=112,454   p90=136,011   p99=240,556 (tokens)
                           osl  p50=563       p75=956       p90=1,389     p99=3,646 (tokens)
                           tot  in=11,603,465     out=97,924
                           trace theoretical_prefix_cache_hit=91.4%
                           srv  prefix_cache_hit=0.0% unique_in_srv=3,202,430,155 kv_usage=82.1% queue=4r/8w tput_in_srv=11,315/s tput_out_srv=94/s
2026-06-02 21:44:34.174 - AgenticReplayTiming - INFO - Terminating trajectory 01fece675b92efe07620225cd69c3884f774 early at turn 28/36: context-overflow error from server
2026-06-02 21:45:03.986 - records_manager - INFO - [realtime 17:14 profiling] rps=0.1 (avg 0.1) tput_in=11776/s tput_out=99/s done=141 ok=141 err=0
                           ttft p50=76056ms p75=86971ms p95=101957ms p99=105828ms
                           itl  p50=32ms   p75=42ms   p95=73ms   p99=216ms
                           e2e  p50=94975ms p75=111566ms p95=161669ms p99=206293ms
                           intvty p50=32     p75=55     p95=82     p99=85 (1/tpot tok/s)
                           isl  p50=83,526    p75=112,454   p90=137,277   p99=240,475 (tokens)
                           osl  p50=558       p75=961       p90=1,435     p99=3,633 (tokens)
                           tot  in=12,021,929     out=100,570
                           trace theoretical_prefix_cache_hit=91.8%
                           srv  prefix_cache_hit=0.0% unique_in_srv=3,294,455,204 kv_usage=82.5% queue=4r/11w tput_in_srv=11,249/s tput_out_srv=93/s
2026-06-02 21:45:34.346 - records_manager - INFO - [realtime 17:45 profiling] rps=0.1 (avg 0.1) tput_in=11524/s tput_out=96/s done=144 ok=144 err=0
                           ttft p50=76082ms p75=87071ms p95=101952ms p99=105802ms
                           itl  p50=31ms   p75=42ms   p95=73ms   p99=213ms
                           e2e  p50=95026ms p75=111619ms p95=160113ms p99=205691ms
                           intvty p50=32     p75=56     p95=82     p99=85 (1/tpot tok/s)
                           isl  p50=84,026    p75=112,454   p90=136,795   p99=240,395 (tokens)
                           osl  p50=554       p75=966       p90=1,505     p99=3,619 (tokens)
                           tot  in=12,252,271     out=102,559
                           trace theoretical_prefix_cache_hit=91.9%
                           srv  prefix_cache_hit=0.0% unique_in_srv=3,392,704,823 kv_usage=86.6% queue=4r/11w tput_in_srv=11,319/s tput_out_srv=94/s
2026-06-02 21:46:04.707 - records_manager - INFO - [realtime 18:15 profiling] rps=0.1 (avg 0.1) tput_in=11563/s tput_out=98/s done=148 ok=148 err=0
                           ttft p50=76186ms p75=86968ms p95=101879ms p99=105768ms
                           itl  p50=31ms   p75=42ms   p95=72ms   p99=209ms
                           e2e  p50=95061ms p75=112541ms p95=158907ms p99=204888ms
                           intvty p50=32     p75=56     p95=82     p99=85 (1/tpot tok/s)
                           isl  p50=83,027    p75=112,454   p90=137,759   p99=243,243 (tokens)
                           osl  p50=563       p75=982       p90=1,605     p99=3,601 (tokens)
                           tot  in=12,629,819     out=106,864
                           trace theoretical_prefix_cache_hit=92.0%
                           srv  prefix_cache_hit=0.0% unique_in_srv=3,474,270,274 kv_usage=91.0% queue=5r/7w tput_in_srv=11,319/s tput_out_srv=95/s
2026-06-02 21:46:35.030 - records_manager - INFO - [realtime 18:45 profiling] rps=0.2 (avg 0.1) tput_in=11877/s tput_out=100/s done=155 ok=155 err=0
                           ttft p50=76779ms p75=87016ms p95=101633ms p99=105707ms
                           itl  p50=31ms   p75=42ms   p95=68ms   p99=203ms
                           e2e  p50=95169ms p75=112949ms p95=158314ms p99=203484ms
                           intvty p50=32     p75=54     p95=82     p99=85 (1/tpot tok/s)
                           isl  p50=84,248    p75=112,454   p90=138,428   p99=243,023 (tokens)
                           osl  p50=558       p75=983       p90=1,642     p99=3,570 (tokens)
                           tot  in=13,311,861     out=111,661
                           trace theoretical_prefix_cache_hit=92.2%
                           srv  prefix_cache_hit=0.0% unique_in_srv=3,537,875,791 kv_usage=49.3% queue=3r/10w tput_in_srv=11,393/s tput_out_srv=95/s
2026-06-02 21:47:05.399 - records_manager - INFO - [realtime 19:16 profiling] rps=0.1 (avg 0.1) tput_in=11661/s tput_out=98/s done=157 ok=157 err=0
                           ttft p50=76971ms p75=87117ms p95=101563ms p99=105689ms
                           itl  p50=31ms   p75=42ms   p95=73ms   p99=201ms
                           e2e  p50=95169ms p75=113432ms p95=158144ms p99=203082ms
                           intvty p50=32     p75=55     p95=82     p99=85 (1/tpot tok/s)
                           isl  p50=84,248    p75=112,454   p90=137,920   p99=242,960 (tokens)
                           osl  p50=558       p75=980       p90=1,622     p99=3,561 (tokens)
                           tot  in=13,459,575     out=112,711
                           trace theoretical_prefix_cache_hit=92.2%
                           srv  prefix_cache_hit=0.0% unique_in_srv=3,568,342,697 kv_usage=79.3% queue=4r/11w tput_in_srv=11,404/s tput_out_srv=95/s
2026-06-02 21:47:35.746 - records_manager - INFO - [realtime 19:46 profiling] rps=0.1 (avg 0.1) tput_in=11692/s tput_out=98/s done=161 ok=161 err=0
                           ttft p50=76779ms p75=86919ms p95=101422ms p99=105654ms
                           itl  p50=31ms   p75=42ms   p95=73ms   p99=197ms
                           e2e  p50=95044ms p75=113432ms p95=157805ms p99=202279ms
                           intvty p50=32     p75=58     p95=82     p99=85 (1/tpot tok/s)
                           isl  p50=84,071    p75=112,454   p90=139,814   p99=242,834 (tokens)
                           osl  p50=558       p75=980       p90=1,656     p99=3,543 (tokens)
                           tot  in=13,816,031     out=116,160
                           trace theoretical_prefix_cache_hit=92.3%
                           srv  prefix_cache_hit=0.0% unique_in_srv=3,713,090,395 kv_usage=61.0% queue=3r/12w tput_in_srv=11,300/s tput_out_srv=96/s
2026-06-02 21:48:06.096 - records_manager - INFO - [realtime 20:17 profiling] rps=0.2 (avg 0.1) tput_in=11735/s tput_out=100/s done=166 ok=166 err=0
                           ttft p50=76743ms p75=85629ms p95=101247ms p99=105611ms
                           itl  p50=31ms   p75=42ms   p95=74ms   p99=267ms
                           e2e  p50=94923ms p75=113357ms p95=159076ms p99=203137ms
                           intvty p50=32     p75=59     p95=83     p99=88 (1/tpot tok/s)
                           isl  p50=84,116    p75=112,454   p90=138,081   p99=242,677 (tokens)
                           osl  p50=554       p75=978       p90=1,673     p99=3,620 (tokens)
                           tot  in=14,187,228     out=120,657
                           trace theoretical_prefix_cache_hit=92.4%
                           srv  prefix_cache_hit=0.0% unique_in_srv=3,901,566,070 kv_usage=64.2% queue=3r/11w tput_in_srv=11,303/s tput_out_srv=96/s
2026-06-02 21:48:36.535 - records_manager - INFO - [realtime 20:47 profiling] rps=0.1 (avg 0.1) tput_in=11527/s tput_out=99/s done=168 ok=168 err=0
                           ttft p50=76743ms p75=86250ms p95=101168ms p99=105594ms
                           itl  p50=31ms   p75=42ms   p95=74ms   p99=266ms
                           e2e  p50=95026ms p75=113507ms p95=158907ms p99=202797ms
                           intvty p50=32     p75=59     p95=83     p99=88 (1/tpot tok/s)
                           isl  p50=84,116    p75=112,454   p90=137,759   p99=242,614 (tokens)
                           osl  p50=554       p75=982       p90=1,685     p99=3,615 (tokens)
                           tot  in=14,344,739     out=123,486
                           trace theoretical_prefix_cache_hit=92.3%
                           srv  prefix_cache_hit=0.0% unique_in_srv=3,924,478,177 kv_usage=96.1% queue=4r/10w tput_in_srv=11,348/s tput_out_srv=95/s
2026-06-02 21:49:06.906 - records_manager - INFO - [realtime 21:17 profiling] rps=0.1 (avg 0.1) tput_in=11547/s tput_out=98/s done=171 ok=171 err=0
                           ttft p50=76971ms p75=87220ms p95=101774ms p99=107301ms
                           itl  p50=30ms   p75=41ms   p95=73ms   p99=265ms
                           e2e  p50=95169ms p75=113581ms p95=158653ms p99=202288ms
                           intvty p50=33     p75=60     p95=83     p99=88 (1/tpot tok/s)
                           isl  p50=84,071    p75=112,454   p90=139,814   p99=245,711 (tokens)
                           osl  p50=558       p75=978       p90=1,680     p99=3,606 (tokens)
                           tot  in=14,694,266     out=125,268
                           trace theoretical_prefix_cache_hit=92.4%
                           srv  prefix_cache_hit=0.0% unique_in_srv=4,032,717,345 kv_usage=95.0% queue=7r/7w tput_in_srv=11,363/s tput_out_srv=98/s
2026-06-02 21:49:37.374 - records_manager - INFO - [realtime 21:48 profiling] rps=0.2 (avg 0.1) tput_in=11629/s tput_out=99/s done=177 ok=177 err=0
                           ttft p50=77480ms p75=87310ms p95=101563ms p99=107100ms
                           itl  p50=30ms   p75=41ms   p95=73ms   p99=262ms
                           e2e  p50=95044ms p75=113798ms p95=158144ms p99=201270ms
                           intvty p50=34     p75=59     p95=82     p99=87 (1/tpot tok/s)
                           isl  p50=84,071    p75=112,454   p90=137,920   p99=245,514 (tokens)
                           osl  p50=535       p75=977       p90=1,670     p99=3,589 (tokens)
                           tot  in=15,158,802     out=128,439
                           trace theoretical_prefix_cache_hit=92.4%
                           srv  prefix_cache_hit=0.0% unique_in_srv=4,160,476,772 kv_usage=74.2% queue=4r/10w tput_in_srv=11,379/s tput_out_srv=99/s
2026-06-02 21:50:07.786 - records_manager - INFO - [realtime 22:18 profiling] rps=0.0 (avg 0.1) tput_in=11582/s tput_out=101/s done=178 ok=178 err=0
                           ttft p50=77465ms p75=87272ms p95=101528ms p99=107067ms
                           itl  p50=30ms   p75=41ms   p95=73ms   p99=261ms
                           e2e  p50=95061ms p75=114223ms p95=163225ms p99=204677ms
                           intvty p50=34     p75=59     p95=82     p99=87 (1/tpot tok/s)
                           isl  p50=84,116    p75=112,454   p90=137,759   p99=245,482 (tokens)
                           osl  p50=554       p75=978       p90=1,685     p99=3,995 (tokens)
                           tot  in=15,258,012     out=132,995
                           trace theoretical_prefix_cache_hit=92.4%
                           srv  prefix_cache_hit=0.0% unique_in_srv=4,385,749,317 kv_usage=96.7% queue=4r/11w tput_in_srv=11,293/s tput_out_srv=100/s
2026-06-02 21:50:38.175 - records_manager - INFO - [realtime 22:49 profiling] rps=0.2 (avg 0.1) tput_in=11636/s tput_out=104/s done=183 ok=183 err=0
                           ttft p50=77520ms p75=87929ms p95=101352ms p99=106900ms
                           itl  p50=29ms   p75=41ms   p95=73ms   p99=259ms
                           e2e  p50=95775ms p75=114860ms p95=183404ms p99=210626ms
                           intvty p50=34     p75=62     p95=82     p99=87 (1/tpot tok/s)
                           isl  p50=84,248    p75=112,454   p90=139,121   p99=245,318 (tokens)
                           osl  p50=558       p75=983       p90=2,034     p99=4,186 (tokens)
                           tot  in=15,794,596     out=141,212
                           trace theoretical_prefix_cache_hit=92.6%
                           srv  prefix_cache_hit=0.0% unique_in_srv=4,587,804,009 kv_usage=64.3% queue=3r/9w tput_in_srv=11,212/s tput_out_srv=100/s
2026-06-02 21:51:08.612 - records_manager - INFO - [realtime 23:19 profiling] rps=0.0 (avg 0.1) tput_in=11417/s tput_out=103/s done=184 ok=184 err=0
                           ttft p50=77546ms p75=88029ms p95=101317ms p99=106867ms
                           itl  p50=29ms   p75=41ms   p95=73ms   p99=258ms
                           e2e  p50=96273ms p75=115531ms p95=183360ms p99=210591ms
                           intvty p50=34     p75=61     p95=82     p99=86 (1/tpot tok/s)
                           isl  p50=84,116    p75=112,454   p90=138,774   p99=245,285 (tokens)
                           osl  p50=563       p75=992       p90=2,034     p99=4,182 (tokens)
                           tot  in=15,848,981     out=142,634
                           trace theoretical_prefix_cache_hit=92.7%
                           srv  prefix_cache_hit=0.0% unique_in_srv=4,645,475,199 kv_usage=89.2% queue=3r/10w tput_in_srv=11,156/s tput_out_srv=99/s
2026-06-02 21:51:39.030 - records_manager - INFO - [realtime 23:49 profiling] rps=0.1 (avg 0.1) tput_in=11483/s tput_out=101/s done=188 ok=188 err=0
                           ttft p50=78322ms p75=89308ms p95=103396ms p99=109549ms
                           itl  p50=29ms   p75=41ms   p95=72ms   p99=256ms
                           e2e  p50=96789ms p75=116795ms p95=181890ms p99=210451ms
                           intvty p50=34     p75=61     p95=82     p99=86 (1/tpot tok/s)
                           isl  p50=84,116    p75=112,454   p90=140,854   p99=248,234 (tokens)
                           osl  p50=554       p75=982       p90=1,964     p99=4,164 (tokens)
                           tot  in=16,309,868     out=144,076
                           trace theoretical_prefix_cache_hit=92.8%
                           srv  prefix_cache_hit=0.0% unique_in_srv=4,705,449,289 kv_usage=93.2% queue=6r/8w tput_in_srv=11,298/s tput_out_srv=99/s
2026-06-02 21:52:09.538 - records_manager - INFO - [realtime 24:20 profiling] rps=0.1 (avg 0.1) tput_in=11439/s tput_out=101/s done=191 ok=191 err=0
                           ttft p50=78716ms p75=89942ms p95=105031ms p99=111140ms
                           itl  p50=29ms   p75=41ms   p95=70ms   p99=255ms
                           e2e  p50=97138ms p75=118397ms p95=179816ms p99=210346ms
                           intvty p50=34     p75=60     p95=82     p99=86 (1/tpot tok/s)
                           isl  p50=84,071    p75=112,454   p90=139,814   p99=248,169 (tokens)
                           osl  p50=535       p75=978       p90=1,860     p99=4,151 (tokens)
                           tot  in=16,522,378     out=145,860
                           trace theoretical_prefix_cache_hit=92.9%
                           srv  prefix_cache_hit=0.0% unique_in_srv=4,813,890,733 kv_usage=94.3% queue=5r/10w tput_in_srv=11,217/s tput_out_srv=102/s
2026-06-02 21:52:39.964 - records_manager - INFO - [realtime 24:50 profiling] rps=0.2 (avg 0.1) tput_in=11445/s tput_out=103/s done=196 ok=196 err=0
                           ttft p50=78322ms p75=89879ms p95=105698ms p99=112459ms
                           itl  p50=29ms   p75=41ms   p95=73ms   p99=253ms
                           e2e  p50=97319ms p75=118394ms p95=181034ms p99=210171ms
                           intvty p50=34     p75=61     p95=82     p99=86 (1/tpot tok/s)
                           isl  p50=84,026    p75=112,454   p90=138,081   p99=248,060 (tokens)
                           osl  p50=554       p75=992       p90=2,036     p99=4,129 (tokens)
                           tot  in=16,869,482     out=152,507
                           trace theoretical_prefix_cache_hit=93.0%
                           srv  prefix_cache_hit=0.0% unique_in_srv=4,988,135,246 kv_usage=84.4% queue=3r/10w tput_in_srv=11,076/s tput_out_srv=103/s
2026-06-02 21:53:10.500 - records_manager - INFO - [realtime 25:21 profiling] rps=0.1 (avg 0.1) tput_in=11312/s tput_out=103/s done=198 ok=198 err=0
                           ttft p50=78322ms p75=90004ms p95=105611ms p99=112449ms
                           itl  p50=29ms   p75=41ms   p95=73ms   p99=252ms
                           e2e  p50=97333ms p75=118400ms p95=180586ms p99=210102ms
                           intvty p50=35     p75=63     p95=82     p99=85 (1/tpot tok/s)
                           isl  p50=84,116    p75=112,454   p90=137,759   p99=248,016 (tokens)
                           osl  p50=554       p75=999       p90=2,069     p99=4,120 (tokens)
                           tot  in=17,099,296     out=155,967
                           trace theoretical_prefix_cache_hit=93.1%
                           srv  prefix_cache_hit=0.0% unique_in_srv=5,325,968,336 kv_usage=67.0% queue=2r/11w tput_in_srv=11,074/s tput_out_srv=104/s
2026-06-02 21:53:40.952 - records_manager - INFO - [realtime 25:51 profiling] rps=0.0 (avg 0.1) tput_in=11273/s tput_out=104/s done=199 ok=199 err=0
                           ttft p50=78453ms p75=90088ms p95=105567ms p99=112444ms
                           itl  p50=29ms   p75=41ms   p95=73ms   p99=251ms
                           e2e  p50=97557ms p75=118671ms p95=180362ms p99=210067ms
                           intvty p50=35     p75=64     p95=82     p99=85 (1/tpot tok/s)
                           isl  p50=84,248    p75=112,454   p90=140,507   p99=247,994 (tokens)
                           osl  p50=558       p75=1,000     p90=2,140     p99=4,116 (tokens)
                           tot  in=17,316,631     out=159,514
                           trace theoretical_prefix_cache_hit=93.2%
                           srv  prefix_cache_hit=0.0% unique_in_srv=5,753,030,450 kv_usage=61.5% queue=2r/12w tput_in_srv=10,880/s tput_out_srv=104/s
2026-06-02 21:54:11.447 - records_manager - INFO - [realtime 26:22 profiling] rps=0.1 (avg 0.1) tput_in=11172/s tput_out=108/s done=203 ok=203 err=0
                           ttft p50=78716ms p75=90391ms p95=108148ms p99=125672ms
                           itl  p50=29ms   p75=41ms   p95=73ms   p99=249ms
                           e2e  p50=98414ms p75=119519ms p95=183404ms p99=213871ms
                           intvty p50=35     p75=64     p95=82     p99=85 (1/tpot tok/s)
                           isl  p50=84,248    p75=112,454   p90=139,121   p99=247,907 (tokens)
                           osl  p50=536       p75=1,000     p90=2,186     p99=4,525 (tokens)
                           tot  in=17,659,435     out=170,791
                           trace theoretical_prefix_cache_hit=93.3%
                           srv  prefix_cache_hit=0.0% unique_in_srv=5,828,514,593 kv_usage=82.8% queue=3r/12w tput_in_srv=10,985/s tput_out_srv=104/s
2026-06-02 21:54:41.924 - records_manager - INFO - [realtime 26:52 profiling] rps=0.1 (avg 0.1) tput_in=11256/s tput_out=108/s done=207 ok=207 err=0
                           ttft p50=79087ms p75=90851ms p95=110866ms p99=135160ms
                           itl  p50=29ms   p75=41ms   p95=74ms   p99=247ms
                           e2e  p50=99041ms p75=120075ms p95=183049ms p99=213283ms
                           intvty p50=35     p75=64     p95=82     p99=85 (1/tpot tok/s)
                           isl  p50=84,071    p75=112,454   p90=141,200   p99=250,004 (tokens)
                           osl  p50=536       p75=1,000     p90=2,158     p99=4,520 (tokens)
                           tot  in=18,004,443     out=172,460
                           trace theoretical_prefix_cache_hit=93.3%
                           srv  prefix_cache_hit=0.0% unique_in_srv=5,853,436,359 kv_usage=93.3% queue=5r/8w tput_in_srv=11,030/s tput_out_srv=102/s
2026-06-02 21:55:12.401 - records_manager - INFO - [realtime 27:23 profiling] rps=0.1 (avg 0.1) tput_in=11269/s tput_out=107/s done=210 ok=210 err=0
                           ttft p50=80054ms p75=91560ms p95=112110ms p99=135058ms
                           itl  p50=29ms   p75=41ms   p95=73ms   p99=244ms
                           e2e  p50=99274ms p75=120571ms p95=182377ms p99=213178ms
                           intvty p50=35     p75=63     p95=82     p99=85 (1/tpot tok/s)
                           isl  p50=84,116    p75=112,454   p90=140,161   p99=249,939 (tokens)
                           osl  p50=517       p75=999       p90=2,131     p99=4,506 (tokens)
                           tot  in=18,267,172     out=174,038
                           trace theoretical_prefix_cache_hit=93.4%
                           srv  prefix_cache_hit=0.0% unique_in_srv=5,975,862,583 kv_usage=95.8% queue=4r/11w tput_in_srv=11,061/s tput_out_srv=103/s
2026-06-02 21:55:42.930 - records_manager - INFO - [realtime 27:53 profiling] rps=0.1 (avg 0.1) tput_in=11176/s tput_out=106/s done=214 ok=214 err=0
                           ttft p50=80524ms p75=92097ms p95=112715ms p99=136497ms
                           itl  p50=29ms   p75=41ms   p95=73ms   p99=241ms
                           e2e  p50=99274ms p75=121494ms p95=183799ms p99=213038ms
                           intvty p50=35     p75=65     p95=82     p99=85 (1/tpot tok/s)
                           isl  p50=84,380    p75=112,454   p90=138,774   p99=249,851 (tokens)
                           osl  p50=517       p75=999       p90=2,095     p99=4,489 (tokens)
                           tot  in=18,649,492     out=177,177
                           trace theoretical_prefix_cache_hit=93.4%
                           srv  prefix_cache_hit=0.0% unique_in_srv=6,070,678,394 kv_usage=96.1% queue=4r/10w tput_in_srv=11,040/s tput_out_srv=103/s
2026-06-02 21:56:13.498 - records_manager - INFO - [realtime 28:24 profiling] rps=0.3 (avg 0.1) tput_in=11294/s tput_out=107/s done=222 ok=222 err=0
                           ttft p50=80532ms p75=91560ms p95=112510ms p99=136384ms
                           itl  p50=29ms   p75=41ms   p95=74ms   p99=233ms
                           e2e  p50=98744ms p75=120571ms p95=183448ms p99=212758ms
                           intvty p50=35     p75=65     p95=83     p99=85 (1/tpot tok/s)
                           isl  p50=84,116    p75=112,454   p90=139,467   p99=249,676 (tokens)
                           osl  p50=517       p75=999       p90=2,052     p99=4,454 (tokens)
                           tot  in=19,228,854     out=182,460
                           trace theoretical_prefix_cache_hit=93.3%
                           srv  prefix_cache_hit=0.0% unique_in_srv=6,362,567,614 kv_usage=53.8% queue=2r/12w tput_in_srv=11,066/s tput_out_srv=104/s
2026-06-02 21:56:44.050 - records_manager - INFO - [realtime 28:54 profiling] rps=0.0 (avg 0.1) tput_in=11294/s tput_out=107/s done=222 ok=222 err=0
                           ttft p50=80532ms p75=91560ms p95=112510ms p99=136384ms
                           itl  p50=29ms   p75=41ms   p95=74ms   p99=233ms
                           e2e  p50=98744ms p75=120571ms p95=183448ms p99=212758ms
                           intvty p50=35     p75=65     p95=83     p99=85 (1/tpot tok/s)
                           isl  p50=84,116    p75=112,454   p90=139,467   p99=249,676 (tokens)
                           osl  p50=517       p75=999       p90=2,052     p99=4,454 (tokens)
                           tot  in=19,228,854     out=182,460
                           trace theoretical_prefix_cache_hit=93.3%
                           srv  prefix_cache_hit=0.0% unique_in_srv=6,434,952,297 kv_usage=92.2% queue=2r/12w tput_in_srv=11,023/s tput_out_srv=103/s
2026-06-02 21:57:14.612 - records_manager - INFO - [realtime 29:25 profiling] rps=0.1 (avg 0.1) tput_in=11227/s tput_out=107/s done=224 ok=224 err=0
                           ttft p50=80532ms p75=91587ms p95=112459ms p99=136355ms
                           itl  p50=29ms   p75=41ms   p95=74ms   p99=231ms
                           e2e  p50=98807ms p75=121032ms p95=184472ms p99=212688ms
                           intvty p50=35     p75=65     p95=83     p99=91 (1/tpot tok/s)
                           isl  p50=84,380    p75=112,651   p90=151,759   p99=252,710 (tokens)
                           osl  p50=554       p75=1,003     p90=2,095     p99=4,445 (tokens)
                           tot  in=19,708,977     out=187,193
                           trace theoretical_prefix_cache_hit=93.5%
                           srv  prefix_cache_hit=0.0% unique_in_srv=6,514,038,646 kv_usage=81.6% queue=4r/9w tput_in_srv=11,036/s tput_out_srv=102/s
2026-06-02 21:57:45.134 - records_manager - INFO - [realtime 29:56 profiling] rps=0.1 (avg 0.1) tput_in=11203/s tput_out=105/s done=227 ok=227 err=0
                           ttft p50=80815ms p75=92811ms p95=112333ms p99=136313ms
                           itl  p50=29ms   p75=41ms   p95=76ms   p99=229ms
                           e2e  p50=99354ms p75=121263ms p95=184106ms p99=212584ms
                           intvty p50=35     p75=64     p95=83     p99=91 (1/tpot tok/s)
                           isl  p50=85,330    p75=113,003   p90=144,962   p99=252,612 (tokens)
                           osl  p50=536       p75=1,000     p90=2,073     p99=4,432 (tokens)
                           tot  in=20,066,998     out=188,496
                           trace theoretical_prefix_cache_hit=93.4%
                           srv  prefix_cache_hit=0.0% unique_in_srv=6,598,468,963 kv_usage=84.4% queue=6r/9w tput_in_srv=11,048/s tput_out_srv=103/s
2026-06-02 21:57:49.092 - PhaseRunner - INFO - Timeout of 1799.999488526s elapsed for event 'profiling phase sending'
2026-06-02 21:57:49.092 - PhaseRunner - NOTICE - Phase profiling sending complete | sent=242, completed=227, in_flight=15 | sessions: sent=8, completed=3 | timeout_triggered=True
2026-06-02 21:57:49.092 - PhaseRunner - INFO - Waiting for event 'profiling phase credits returned' with timeout of 30.000210041999935s
2026-06-02 21:57:49.093 - records_manager - INFO - Sent 242 requests. Waiting for all to complete...
2026-06-02 21:58:15.721 - records_manager - INFO - [realtime 30:26 profiling] rps=0.1 (avg 0.1) tput_in=11246/s tput_out=105/s done=231 ok=231 err=0
                           ttft p50=81050ms p75=94110ms p95=112202ms p99=136256ms
                           itl  p50=29ms   p75=41ms   p95=75ms   p99=225ms
                           e2e  p50=100113ms p75=121700ms p95=183931ms p99=212444ms
                           intvty p50=35     p75=64     p95=83     p99=91 (1/tpot tok/s)
                           isl  p50=85,330    p75=113,003   p90=143,444   p99=252,481 (tokens)
                           osl  p50=516       p75=1,000     p90=2,056     p99=4,414 (tokens)
                           tot  in=20,370,662     out=190,346
                           trace theoretical_prefix_cache_hit=93.5%
                           srv  prefix_cache_hit=0.0% unique_in_srv=6,668,632,081 kv_usage=97.8% queue=6r/5w tput_in_srv=11,100/s tput_out_srv=104/s
2026-06-02 21:58:19.092 - PhaseRunner - INFO - Timeout of 30.000210041999935s elapsed for event 'profiling phase credits returned'
2026-06-02 21:58:19.092 - PhaseRunner - WARNING - Phase profiling timed out, cancelling all credits. Stats: sent=242, completed=231, cancelled=0, in_flight=11
2026-06-02 21:58:19.092 - StickyCreditRouter_1f0e253c - INFO - Sent cancellation requests for 11 in-flight credits across 11 workers
2026-06-02 21:58:19.092 - PhaseRunner - INFO - Waiting for all cancelled credits to be returned for phase profiling. Need 11 more credits.
2026-06-02 21:58:19.093 - PhaseRunner - INFO - All cancelled credits returned for phase profiling
2026-06-02 21:58:19.094 - PhaseRunner - NOTICE - Phase profiling complete | completed=231, cancelled=11, errors=0 | sessions: completed=3, cancelled=0 | elapsed=1830.00s | grace_period_timeout=True
2026-06-02 21:58:19.094 - aiperf.timing.branch_orchestrator - INFO - BranchOrchestrator stats: spawned=2 completed=2 errored=0 suspended=1 resumed=1 parents_failed_due_to_child_error=0 joins_suppressed=0
2026-06-02 21:58:19.094 - PhaseOrchestrator_457e1fe8 - NOTICE - All credits completed
2026-06-02 21:58:19.094 - system_controller - INFO - Received credits complete from 'timing_manager'
2026-06-02 21:58:19.094 - records_manager - INFO - Received CREDIT_PHASE_COMPLETE message, Phase complete: PhaseRecordsStats(phase=CreditPhase.PROFILING, start_ns=1780435669093073293, sent_end_ns=1780437469092612899, requests_end_ns=1780437499094018481, total_expected_requests=None, expected_duration_sec=None, expected_num_sessions=None, expected_grace_period_sec=None, final_requests_sent=None, final_requests_completed=231, final_requests_cancelled=11, final_request_errors=0, final_sent_sessions=None, final_completed_sessions=None, final_cancelled_sessions=None, timeout_triggered=True, grace_period_timeout_triggered=True, was_cancelled=False, records_end_ns=None, success_records=231, error_records=0)
2026-06-02 21:58:19.095 - records_manager - NOTICE - All requests have completed, please wait for the results to be processed (currently 231 of 231 records processed)...
2026-06-02 21:58:19.095 - records_manager - INFO - Processed 231 valid requests and 0 errors (231 total).
2026-06-02 21:58:19.095 - records_manager - INFO - Received all records, processing now...
2026-06-02 21:58:19.095 - records_manager - INFO - All credits complete, please wait for the results to be processed...
2026-06-02 21:58:19.096 - server_metrics_manager - INFO - Server Metrics: Profiling complete, capturing final metrics...
2026-06-02 21:58:19.096 - records_manager - INFO - Waiting 2.0s for server metrics flush period...
2026-06-02 21:58:21.094 - records_manager - INFO - Processing records results...
2026-06-02 21:58:23.614 - RecordExportJSONLWriter_eb51d4de - WARNING - Timeout waiting for 0 pending flush tasks during shutdown. Cancelling tasks and proceeding with cleanup.
2026-06-02 21:58:23.790 - system_controller - INFO - Waiting for server metrics results...
2026-06-02 21:58:23.790 - system_controller - INFO - Waiting for server metrics results...
2026-06-02 21:58:25.153 - records_manager - INFO - _finalize_and_process_results completed
2026-06-02 21:58:25.680 - system_controller - INFO - All results received, initiating shutdown
2026-06-02 21:58:26.286 - ExporterManager - INFO - Exporting all records
2026-06-02 21:58:26.426 - aiperf.common.scenario.validator - INFO - Scenario 'inferencex-agentx-mvp': setting timing_mode=agentic_replay (was at default request_rate).
2026-06-02 21:58:27.790 - aiperf.common.scenario.validator - INFO - Scenario 'inferencex-agentx-mvp': setting timing_mode=agentic_replay (was at default request_rate).
2026-06-02 21:58:27.884 - ExporterManager - INFO - Exporting console data
