2026-06-02 22:35:05.567 - aiperf.cli_runner - INFO - Starting AIPerf System
2026-06-02 22:35:05.778 - system_controller - INFO - Registered Worker Manager (id: 'worker_manager')
2026-06-02 22:35:05.813 - server_metrics_manager - INFO - Server Metrics: Discovered 1 endpoints: ['http://localhost:8888/metrics']
2026-06-02 22:35:05.845 - system_controller - INFO - Registered Gpu Telemetry Manager (id: 'gpu_telemetry_manager')
2026-06-02 22:35:05.846 - system_controller - INFO - Registered Server Metrics Manager (id: 'server_metrics_manager')
2026-06-02 22:35:05.909 - system_controller - INFO - Registered Dataset Manager (id: 'dataset_manager')
2026-06-02 22:35:05.917 - system_controller - INFO - Registered Worker (id: 'worker_d1c6d85d')
2026-06-02 22:35:05.917 - system_controller - INFO - Registered Worker (id: 'worker_843a5dc9')
2026-06-02 22:35:05.917 - system_controller - INFO - Registered Worker (id: 'worker_32fbd597')
2026-06-02 22:35:05.918 - system_controller - INFO - Registered Worker (id: 'worker_499ac4da')
2026-06-02 22:35:05.920 - system_controller - INFO - Registered Worker (id: 'worker_691e3422')
2026-06-02 22:35:05.921 - system_controller - INFO - Registered Worker (id: 'worker_6aaca77c')
2026-06-02 22:35:05.921 - system_controller - INFO - Registered Worker (id: 'worker_63acfb60')
2026-06-02 22:35:05.928 - system_controller - INFO - Registered Timing Manager (id: 'timing_manager')
2026-06-02 22:35:05.933 - system_controller - INFO - Registered Worker (id: 'worker_11e78f47')
2026-06-02 22:35:05.935 - system_controller - INFO - Registered Record Processor (id: 'record_processor_f2e95df0')
2026-06-02 22:35:05.936 - system_controller - INFO - Registered Record Processor (id: 'record_processor_b2784d78')
2026-06-02 22:35:05.937 - system_controller - INFO - Registered Record Processor (id: 'record_processor_9a599801')
2026-06-02 22:35:05.940 - system_controller - INFO - Registered Worker (id: 'worker_b487489a')
2026-06-02 22:35:05.940 - system_controller - INFO - Registered Worker (id: 'worker_d7082f0c')
2026-06-02 22:35:05.942 - system_controller - INFO - Registered Worker (id: 'worker_93825f81')
2026-06-02 22:35:05.942 - system_controller - INFO - Registered Worker (id: 'worker_cc388784')
2026-06-02 22:35:05.943 - system_controller - INFO - Registered Worker (id: 'worker_2f69e761')
2026-06-02 22:35:05.963 - system_controller - INFO - Registered Worker (id: 'worker_c2d07992')
2026-06-02 22:35:05.974 - GPUTelemetryJSONLWriter_0de8b8eb - INFO - GPU telemetry export enabled: /workspace/results/aiperf_artifacts/gpu_telemetry_export.jsonl
2026-06-02 22:35:05.977 - RecordExportJSONLWriter_99926e17 - INFO - Record metrics export enabled: /workspace/results/aiperf_artifacts/profile_export.jsonl
2026-06-02 22:35:06.214 - system_controller - INFO - Registered Records Manager (id: 'records_manager')
2026-06-02 22:35:06.267 - system_controller - INFO - AIPerf System is CONFIGURING
2026-06-02 22:35:06.267 - system_controller - INFO - Configuring all services to start profiling
2026-06-02 22:35:06.269 - timing_manager - INFO - Waiting for dataset to be configured before configuring timing
2026-06-02 22:35:06.269 - InferenceResultParser_231534cb - INFO - Tokenization is disabled for this endpoint, skipping tokenizer configuration
2026-06-02 22:35:06.269 - InferenceResultParser_7d9ec946 - INFO - Tokenization is disabled for this endpoint, skipping tokenizer configuration
2026-06-02 22:35:06.269 - InferenceResultParser_e3e843b3 - INFO - Tokenization is disabled for this endpoint, skipping tokenizer configuration
2026-06-02 22:35:06.279 - system_controller - INFO - GPU telemetry disabled - no DCGM endpoints reachable
2026-06-02 22:35:06.283 - server_metrics_manager - INFO - Server Metrics: Capturing baseline metrics...
2026-06-02 22:35:06.300 - http://localhost:8888/metrics - INFO - Skipping unsupported summary metric: http_request_size_bytes
2026-06-02 22:35:06.300 - http://localhost:8888/metrics - INFO - Skipping unsupported summary metric: http_response_size_bytes
2026-06-02 22:35:06.302 - system_controller - INFO - Server metrics enabled - 1/1 endpoint(s) reachable.
2026-06-02 22:35:06.315 - dataset_manager - INFO - Memory-mapped dataset cache HIT (key=9ea77629aaffea823767a106cff84381); skipping tokenizer + composer.
2026-06-02 22:35:07.681 - aiperf.dataset.mmap_cache - INFO - Restored mmap cache file dataset.dat via copy in 1.365s (2.10 GiB)
2026-06-02 22:35:07.683 - aiperf.dataset.mmap_cache - INFO - Restored mmap cache file index.dat via copy in 0.002s (0.00 GiB)
2026-06-02 22:35:07.683 - aiperf.dataset.mmap_cache - INFO - Restored mmap cache files in 1.368s via dataset=copy index=copy (dataset=2.10 GiB, index=0.00 GiB)
2026-06-02 22:35:07.923 - dataset_manager - INFO - sampling strategy: sequential, unique conversations: 634, unique turn count: 62664
2026-06-02 22:35:08.103 - dataset_manager - INFO - Dataset client initialized and freed 0 conversations from memory
2026-06-02 22:35:08.266 - aiperf.timing.trajectory_source - INFO - TrajectorySource: built 14 trajectories from 225 traces
  range cfg=[0.25, 0.75]  observed sample pct: min= 27% median= 47% max= 69%
    lane=00  sample_time= 39%  root_next= 14/32  ( 44% turns)  live=1 ready=1  trace_id=00e7d11db2db59f44a87b4110175b11d1af3
    lane=01  sample_time= 55%  root_next= 20/37  ( 54% turns)  live=1 ready=1  trace_id=01fece675b92efe07620225cd69c3884f774
    lane=02  sample_time= 55%  root_next=311/594 ( 52% turns)  live=1 ready=1  trace_id=0275949f4db511444909fe92b12f7e921e4a
    lane=03  sample_time= 27%  root_next= 13/27  ( 48% turns)  live=1 ready=1  trace_id=03be8f1eb1e9e620f46bd07068d6ab1aaae3
    lane=04  sample_time= 40%  root_next= 69/151 ( 46% turns)  live=1 ready=1  trace_id=0475b786230f3f2e24220d28e247eaee2dae
    lane=05  sample_time= 50%  root_next= 99/187 ( 53% turns)  live=1 ready=1  trace_id=04b25fe5b2ffa5e7ec9890426cce59838a05
    lane=06  sample_time= 69%  root_next= 10/20  ( 50% turns)  live=1 ready=1  trace_id=06385769df23204ac35c53ad431cf42f7c02
    lane=07  sample_time= 63%  root_next= 65/121 ( 54% turns)  live=1 ready=1  trace_id=07fc71985fbafc8e1abb181b7d28b8349f45
    lane=08  sample_time= 29%  root_next= 46/165 ( 28% turns)  live=1 ready=1  trace_id=09a5d415a7157ed48a5a6fa2711f2d8565c1
    lane=09  sample_time= 28%  root_next=  7/27  ( 26% turns)  live=1 ready=1  trace_id=09c188c8b9201ec2046cc2df702623fef33e
    lane=10  sample_time= 44%  root_next= 41/85  ( 48% turns)  live=1 ready=1  trace_id=0b1cf5ad73920121aa53e1acb0851a8ecf32
    lane=11  sample_time= 61%  root_next=161/254 ( 63% turns)  live=1 ready=1  trace_id=0b4a56f22f01dc235b7ce1cc3aeabd6943e8
    lane=12  sample_time= 32%  root_next=199/504 ( 39% turns)  live=1 ready=1  trace_id=0d75185d4e958ad360c16451eaa95d508edf
    lane=13  sample_time= 51%  root_next= 13/22  ( 59% turns)  live=1 ready=1  trace_id=0da3a3bea6f3559a2eff4114839b328dad53
2026-06-02 22:35:08.266 - PhaseOrchestrator_af7544fc - INFO - Initialized 2 phase(s): ['Warmup', 'Profiling']
2026-06-02 22:35:08.334 - system_controller - INFO - All services configured in 2.07 seconds
2026-06-02 22:35:08.334 - system_controller - INFO - AIPerf System is CONFIGURED
2026-06-02 22:35:08.335 - server_metrics_manager - INFO - Server Metrics: Started 1 collector(s) successfully
2026-06-02 22:35:08.353 - PhaseRunner - NOTICE - Phase warmup started | target: 14 requests
2026-06-02 22:35:08.353 - AgenticReplayTiming - INFO - WARMUP execute: dispatching 14 trajectory credits
2026-06-02 22:35:08.354 - PhaseRunner - NOTICE - Phase warmup sending complete | sent=14, completed=0, in_flight=14
2026-06-02 22:35:08.546 - records_manager - INFO - Credit phase start: warmup
2026-06-02 22:35:08.546 - system_controller - INFO - All services started profiling successfully
2026-06-02 22:35:08.547 - system_controller - INFO - AIPerf System is PROFILING
2026-06-02 22:37:50.150 - PhaseRunner - NOTICE - Phase warmup complete | completed=14, cancelled=0, errors=0 | elapsed=161.80s
2026-06-02 22:37:50.150 - aiperf.timing.branch_orchestrator - INFO - BranchOrchestrator stats: spawned=0 completed=0 errored=0 suspended=0 resumed=0 parents_failed_due_to_child_error=0 joins_suppressed=0
2026-06-02 22:37:50.160 - AgenticReplayTiming - INFO - PROFILING setup: trajectories=14 traces, recycle_queue=225 traces (full pool)
2026-06-02 22:37:50.160 - PhaseRunner - NOTICE - Phase profiling started | target: 1800.0s duration
2026-06-02 22:37:50.160 - PhaseRunner - INFO - Waiting for event 'profiling phase sending' with timeout of 1799.999514426s
2026-06-02 22:37:50.160 - records_manager - INFO - Credit phase start: profiling
2026-06-02 22:37:50.160 - AgenticReplayTiming - INFO - PROFILING execute: resuming 14 trajectory sessions
2026-06-02 22:37:55.266 - AgenticReplayTiming - INFO - Terminating trajectory 0d75185d4e958ad360c16451eaa95d508edf early at turn 199/503: context-overflow error from server
2026-06-02 22:37:56.780 - AgenticReplayTiming - INFO - Terminating trajectory 04b25fe5b2ffa5e7ec9890426cce59838a05 early at turn 99/186: context-overflow error from server
2026-06-02 22:38:06.135 - records_manager - INFO - [realtime 00:15 profiling] rps=0.1 (avg 0.1) tput_in=3253/s tput_out=23/s done=4 ok=4 err=0
                           ttft p50=4891ms p75=7126ms p95=8914ms p99=9271ms
                           itl  p50=29ms   p75=37ms   p95=43ms   p99=44ms
                           e2e  p50=12036ms p75=13237ms p95=14198ms p99=14390ms
                           intvty p50=48     p75=60     p95=70     p99=72 (1/tpot tok/s)
                           isl  p50=23,482    p75=35,012    p90=41,931    p99=46,082 (tokens)
                           osl  p50=169       p75=243       p90=287       p99=314 (tokens)
                           tot  in=46,963         out=338
                           trace theoretical_prefix_cache_hit=97.5%
                           srv  prefix_cache_hit=0.0% unique_in_srv=371,582,755 ext_cache_hit=24.8% kv_usage=87.3% queue=3r/4w tput_in_srv=9,576/s tput_out_srv=66/s
2026-06-02 22:38:36.160 - records_manager - INFO - [realtime 00:46 profiling] rps=0.4 (avg 0.3) tput_in=23012/s tput_out=126/s done=15 ok=15 err=0
                           ttft p50=9361ms p75=10940ms p95=13168ms p99=13182ms
                           itl  p50=13ms   p75=14ms   p95=32ms   p99=42ms
                           e2e  p50=13554ms p75=16337ms p95=27529ms p99=28759ms
                           intvty p50=75     p75=88     p95=92     p99=93 (1/tpot tok/s)
                           isl  p50=85,344    p75=87,752    p90=111,557   p99=169,978 (tokens)
                           osl  p50=270       p75=481       p90=927       p99=1,186 (tokens)
                           tot  in=890,787        out=4,874
                           trace theoretical_prefix_cache_hit=86.4%
                           srv  prefix_cache_hit=0.0% unique_in_srv=576,707,487 ext_cache_hit=46.0% kv_usage=95.1% queue=3r/7w tput_in_srv=12,371/s tput_out_srv=82/s
2026-06-02 22:38:43.843 - AgenticReplayTiming - INFO - Terminating trajectory 0da3a3bea6f3559a2eff4114839b328dad53 early at turn 14/21: context-overflow error from server
2026-06-02 22:39:06.201 - records_manager - INFO - [realtime 01:16 profiling] rps=0.4 (avg 0.3) tput_in=23836/s tput_out=138/s done=27 ok=27 err=0
                           ttft p50=11837ms p75=15642ms p95=21334ms p99=21532ms
                           itl  p50=13ms   p75=18ms   p95=42ms   p99=51ms
                           e2e  p50=16623ms p75=25746ms p95=31790ms p99=32913ms
                           intvty p50=77     p75=87     p95=92     p99=93 (1/tpot tok/s)
                           isl  p50=69,195    p75=90,366    p90=116,145   p99=216,019 (tokens)
                           osl  p50=248       p75=646       p90=1,131     p99=1,412 (tokens)
                           tot  in=1,768,808      out=10,223
                           trace theoretical_prefix_cache_hit=89.6%
                           srv  prefix_cache_hit=0.0% unique_in_srv=695,543,343 ext_cache_hit=53.7% kv_usage=78.7% queue=3r/5w tput_in_srv=14,203/s tput_out_srv=97/s
2026-06-02 22:39:36.256 - records_manager - INFO - [realtime 01:46 profiling] rps=0.2 (avg 0.3) tput_in=23556/s tput_out=176/s done=34 ok=34 err=0
                           ttft p50=13220ms p75=20212ms p95=22675ms p99=23571ms
                           itl  p50=13ms   p75=18ms   p95=49ms   p99=112ms
                           e2e  p50=22487ms p75=29324ms p95=35712ms p99=50307ms
                           intvty p50=80     p75=88     p95=93     p99=100 (1/tpot tok/s)
                           isl  p50=73,503    p75=89,016    p90=116,492   p99=217,736 (tokens)
                           osl  p50=270       p75=912       p90=1,193     p99=2,781 (tokens)
                           tot  in=2,352,042      out=17,610
                           trace theoretical_prefix_cache_hit=84.6%
                           srv  prefix_cache_hit=0.0% unique_in_srv=1,039,200,568 ext_cache_hit=60.1% kv_usage=92.6% queue=3r/8w tput_in_srv=14,991/s tput_out_srv=115/s
2026-06-02 22:40:06.317 - records_manager - INFO - [realtime 02:16 profiling] rps=0.3 (avg 0.3) tput_in=23601/s tput_out=176/s done=42 ok=42 err=0
                           ttft p50=17239ms p75=22675ms p95=36890ms p99=38721ms
                           itl  p50=13ms   p75=16ms   p95=45ms   p99=106ms
                           e2e  p50=25493ms p75=34222ms p95=46149ms p99=63214ms
                           intvty p50=80     p75=87     p95=92     p99=99 (1/tpot tok/s)
                           isl  p50=74,415    p75=97,398    p90=128,680   p99=228,938 (tokens)
                           osl  p50=271       p75=940       p90=1,197     p99=3,271 (tokens)
                           tot  in=3,174,039      out=23,726
                           trace theoretical_prefix_cache_hit=86.0%
                           srv  prefix_cache_hit=0.0% unique_in_srv=1,157,794,403 ext_cache_hit=62.7% kv_usage=81.5% queue=4r/5w tput_in_srv=15,679/s tput_out_srv=124/s
2026-06-02 22:40:36.391 - records_manager - INFO - [realtime 02:46 profiling] rps=0.3 (avg 0.3) tput_in=24080/s tput_out=205/s done=51 ok=51 err=0
                           ttft p50=19024ms p75=23996ms p95=37414ms p99=40391ms
                           itl  p50=13ms   p75=15ms   p95=38ms   p99=98ms
                           e2e  p50=27438ms p75=36343ms p95=55691ms p99=72173ms
                           intvty p50=80     p75=86     p95=92     p99=99 (1/tpot tok/s)
                           isl  p50=76,273    p75=96,924    p90=116,609   p99=228,735 (tokens)
                           osl  p50=288       p75=985       p90=1,541     p99=3,254 (tokens)
                           tot  in=3,837,887      out=32,737
                           trace theoretical_prefix_cache_hit=87.5%
                           srv  prefix_cache_hit=0.0% unique_in_srv=1,428,323,600 ext_cache_hit=67.4% kv_usage=98.7% queue=2r/5w tput_in_srv=16,850/s tput_out_srv=139/s
2026-06-02 22:41:06.472 - records_manager - INFO - [realtime 03:16 profiling] rps=0.2 (avg 0.3) tput_in=23557/s tput_out=183/s done=57 ok=57 err=0
                           ttft p50=20212ms p75=25731ms p95=37410ms p99=40270ms
                           itl  p50=12ms   p75=14ms   p95=33ms   p99=93ms
                           e2e  p50=29284ms p75=36115ms p95=55115ms p99=71635ms
                           intvty p50=81     p75=88     p95=96     p99=103 (1/tpot tok/s)
                           isl  p50=84,684    p75=104,596   p90=117,557   p99=230,669 (tokens)
                           osl  p50=288       p75=947       p90=1,394     p99=3,242 (tokens)
                           tot  in=4,576,701      out=35,602
                           trace theoretical_prefix_cache_hit=88.7%
                           srv  prefix_cache_hit=0.0% unique_in_srv=1,620,327,646 ext_cache_hit=69.3% kv_usage=97.8% queue=3r/6w tput_in_srv=17,167/s tput_out_srv=142/s
2026-06-02 22:41:36.581 - records_manager - INFO - [realtime 03:46 profiling] rps=0.2 (avg 0.3) tput_in=24445/s tput_out=202/s done=64 ok=64 err=0
                           ttft p50=20497ms p75=25251ms p95=37229ms p99=40128ms
                           itl  p50=12ms   p75=14ms   p95=27ms   p99=87ms
                           e2e  p50=29582ms p75=36842ms p95=56362ms p99=79800ms
                           intvty p50=81     p75=88     p95=99     p99=103 (1/tpot tok/s)
                           isl  p50=85,344    p75=112,454   p90=177,430   p99=232,584 (tokens)
                           osl  p50=370       p75=985       p90=1,471     p99=3,815 (tokens)
                           tot  in=5,441,825      out=44,893
                           trace theoretical_prefix_cache_hit=89.9%
                           srv  prefix_cache_hit=0.0% unique_in_srv=1,887,624,793 ext_cache_hit=70.9% kv_usage=91.5% queue=2r/12w tput_in_srv=17,565/s tput_out_srv=148/s
2026-06-02 22:42:06.715 - records_manager - INFO - [realtime 04:16 profiling] rps=0.3 (avg 0.3) tput_in=24052/s tput_out=199/s done=74 ok=74 err=0
                           ttft p50=21546ms p75=29559ms p95=38533ms p99=41954ms
                           itl  p50=13ms   p75=14ms   p95=26ms   p99=79ms
                           e2e  p50=30838ms p75=38623ms p95=55403ms p99=78948ms
                           intvty p50=80     p75=88     p95=101    p99=108 (1/tpot tok/s)
                           isl  p50=85,314    p75=112,454   p90=131,259   p99=232,353 (tokens)
                           osl  p50=446       p75=966       p90=1,471     p99=3,697 (tokens)
                           tot  in=6,142,293      out=50,916
                           trace theoretical_prefix_cache_hit=89.6%
                           srv  prefix_cache_hit=0.0% unique_in_srv=1,994,010,792 ext_cache_hit=72.1% kv_usage=94.0% queue=4r/6w tput_in_srv=18,442/s tput_out_srv=152/s
2026-06-02 22:42:36.845 - records_manager - INFO - [realtime 04:46 profiling] rps=0.3 (avg 0.3) tput_in=24549/s tput_out=200/s done=82 ok=82 err=0
                           ttft p50=21776ms p75=30585ms p95=37904ms p99=41791ms
                           itl  p50=12ms   p75=14ms   p95=26ms   p99=72ms
                           e2e  p50=30838ms p75=39595ms p95=54635ms p99=78267ms
                           intvty p50=81     p75=89     p95=102    p99=109 (1/tpot tok/s)
                           isl  p50=85,344    p75=112,454   p90=140,493   p99=234,479 (tokens)
                           osl  p50=481       p75=982       p90=1,375     p99=3,602 (tokens)
                           tot  in=7,004,437      out=57,126
                           trace theoretical_prefix_cache_hit=90.1%
                           srv  prefix_cache_hit=0.0% unique_in_srv=2,330,139,370 ext_cache_hit=73.9% kv_usage=92.6% queue=3r/8w tput_in_srv=18,790/s tput_out_srv=158/s
2026-06-02 22:43:06.986 - records_manager - INFO - [realtime 05:16 profiling] rps=0.3 (avg 0.3) tput_in=24497/s tput_out=205/s done=90 ok=90 err=0
                           ttft p50=22257ms p75=31282ms p95=39201ms p99=41628ms
                           itl  p50=12ms   p75=14ms   p95=25ms   p99=65ms
                           e2e  p50=31959ms p75=40729ms p95=55786ms p99=77586ms
                           intvty p50=82     p75=88     p95=102    p99=108 (1/tpot tok/s)
                           isl  p50=85,680    p75=112,454   p90=131,802   p99=234,295 (tokens)
                           osl  p50=516       p75=978       p90=1,399     p99=3,892 (tokens)
                           tot  in=7,719,784      out=64,620
                           trace theoretical_prefix_cache_hit=90.7%
                           srv  prefix_cache_hit=0.0% unique_in_srv=2,474,728,397 ext_cache_hit=75.0% kv_usage=92.5% queue=3r/4w tput_in_srv=19,416/s tput_out_srv=160/s
2026-06-02 22:43:37.151 - records_manager - INFO - [realtime 05:46 profiling] rps=0.3 (avg 0.3) tput_in=25433/s tput_out=202/s done=98 ok=98 err=0
                           ttft p50=22111ms p75=31282ms p95=39307ms p99=41465ms
                           itl  p50=12ms   p75=14ms   p95=24ms   p99=58ms
                           e2e  p50=31528ms p75=40729ms p95=56861ms p99=76905ms
                           intvty p50=82     p75=88     p95=101    p99=106 (1/tpot tok/s)
                           isl  p50=86,074    p75=112,454   p90=159,504   p99=236,428 (tokens)
                           osl  p50=470       p75=966       p90=1,423     p99=3,833 (tokens)
                           tot  in=8,645,356      out=68,749
                           trace theoretical_prefix_cache_hit=91.7%
                           srv  prefix_cache_hit=0.0% unique_in_srv=2,664,437,093 ext_cache_hit=76.5% kv_usage=99.6% queue=5r/3w tput_in_srv=20,306/s tput_out_srv=164/s
2026-06-02 22:44:07.351 - records_manager - INFO - [realtime 06:17 profiling] rps=0.4 (avg 0.3) tput_in=25746/s tput_out=210/s done=109 ok=109 err=0
                           ttft p50=21918ms p75=31042ms p95=39314ms p99=41295ms
                           itl  p50=12ms   p75=14ms   p95=22ms   p99=53ms
                           e2e  p50=31183ms p75=41461ms p95=57609ms p99=76269ms
                           intvty p50=82     p75=88     p95=100    p99=105 (1/tpot tok/s)
                           isl  p50=86,074    p75=112,454   p90=133,388   p99=236,166 (tokens)
                           osl  p50=476       p75=971       p90=1,664     p99=3,767 (tokens)
                           tot  in=9,629,997      out=78,542
                           trace theoretical_prefix_cache_hit=92.2%
                           srv  prefix_cache_hit=0.0% unique_in_srv=2,849,112,092 ext_cache_hit=77.2% kv_usage=97.6% queue=1r/7w tput_in_srv=20,414/s tput_out_srv=167/s
2026-06-02 22:44:37.550 - records_manager - INFO - [realtime 06:47 profiling] rps=0.2 (avg 0.3) tput_in=24816/s tput_out=204/s done=114 ok=114 err=0
                           ttft p50=22111ms p75=31282ms p95=39310ms p99=41248ms
                           itl  p50=12ms   p75=14ms   p95=21ms   p99=52ms
                           e2e  p50=31733ms p75=40729ms p95=57194ms p99=76144ms
                           intvty p50=82     p75=88     p95=102    p99=120 (1/tpot tok/s)
                           isl  p50=86,074    p75=112,454   p90=132,616   p99=236,051 (tokens)
                           osl  p50=481       p75=966       p90=1,688     p99=3,744 (tokens)
                           tot  in=10,054,549     out=82,609
                           trace theoretical_prefix_cache_hit=92.4%
                           srv  prefix_cache_hit=0.0% unique_in_srv=2,935,680,886 ext_cache_hit=77.8% kv_usage=93.4% queue=3r/7w tput_in_srv=20,584/s tput_out_srv=166/s
2026-06-02 22:45:07.766 - records_manager - INFO - [realtime 07:17 profiling] rps=0.2 (avg 0.3) tput_in=24959/s tput_out=205/s done=119 ok=119 err=0
                           ttft p50=22557ms p75=31489ms p95=39306ms p99=41200ms
                           itl  p50=12ms   p75=14ms   p95=20ms   p99=52ms
                           e2e  p50=33015ms p75=41144ms p95=56778ms p99=76019ms
                           intvty p50=83     p75=88     p95=102    p99=121 (1/tpot tok/s)
                           isl  p50=86,556    p75=112,454   p90=133,388   p99=238,357 (tokens)
                           osl  p50=484       p75=977       p90=1,696     p99=3,722 (tokens)
                           tot  in=10,629,832     out=87,231
                           trace theoretical_prefix_cache_hit=92.8%
                           srv  prefix_cache_hit=0.0% unique_in_srv=2,975,898,923 ext_cache_hit=77.7% kv_usage=94.9% queue=3r/7w tput_in_srv=20,516/s tput_out_srv=164/s
2026-06-02 22:45:38.012 - records_manager - INFO - [realtime 07:47 profiling] rps=0.3 (avg 0.3) tput_in=25171/s tput_out=200/s done=129 ok=129 err=0
                           ttft p50=23840ms p75=33450ms p95=42323ms p99=48394ms
                           itl  p50=12ms   p75=13ms   p95=20ms   p99=51ms
                           e2e  p50=33699ms p75=42350ms p95=62218ms p99=76711ms
                           intvty p50=83     p75=89     p95=102    p99=121 (1/tpot tok/s)
                           isl  p50=87,535    p75=112,602   p90=135,317   p99=238,113 (tokens)
                           osl  p50=476       p75=971       p90=1,696     p99=3,677 (tokens)
                           tot  in=11,707,731     out=92,831
                           trace theoretical_prefix_cache_hit=93.4%
                           srv  prefix_cache_hit=0.0% unique_in_srv=3,184,842,202 ext_cache_hit=79.0% kv_usage=94.9% queue=5r/3w tput_in_srv=21,055/s tput_out_srv=166/s
2026-06-02 22:45:52.811 - AgenticReplayTiming - INFO - Terminating trajectory 01fece675b92efe07620225cd69c3884f774 early at turn 28/36: context-overflow error from server
2026-06-02 22:46:08.277 - records_manager - INFO - [realtime 08:18 profiling] rps=0.2 (avg 0.3) tput_in=24974/s tput_out=196/s done=136 ok=136 err=0
                           ttft p50=23490ms p75=33151ms p95=42120ms p99=48066ms
                           itl  p50=12ms   p75=14ms   p95=21ms   p99=51ms
                           e2e  p50=33349ms p75=42242ms p95=60541ms p99=76685ms
                           intvty p50=83     p75=88     p95=101    p99=120 (1/tpot tok/s)
                           isl  p50=87,280    p75=112,503   p90=136,242   p99=237,966 (tokens)
                           osl  p50=484       p75=933       p90=1,683     p99=3,650 (tokens)
                           tot  in=12,191,873     out=95,904
                           trace theoretical_prefix_cache_hit=93.6%
                           srv  prefix_cache_hit=0.0% unique_in_srv=3,633,908,150 ext_cache_hit=78.4% kv_usage=51.5% queue=2r/10w tput_in_srv=20,713/s tput_out_srv=168/s
2026-06-02 22:46:38.605 - records_manager - INFO - [realtime 08:48 profiling] rps=0.1 (avg 0.3) tput_in=24630/s tput_out=199/s done=140 ok=140 err=0
                           ttft p50=23490ms p75=33653ms p95=42792ms p99=48072ms
                           itl  p50=12ms   p75=14ms   p95=20ms   p99=50ms
                           e2e  p50=33699ms p75=42959ms p95=59423ms p99=76668ms
                           intvty p50=83     p75=89     p95=102    p99=120 (1/tpot tok/s)
                           isl  p50=87,624    p75=112,957   p90=137,277   p99=240,475 (tokens)
                           osl  p50=502       p75=977       p90=1,869     p99=3,691 (tokens)
                           tot  in=12,778,416     out=103,444
                           trace theoretical_prefix_cache_hit=93.8%
                           srv  prefix_cache_hit=0.0% unique_in_srv=3,951,729,269 ext_cache_hit=79.3% kv_usage=99.9% queue=2r/9w tput_in_srv=20,642/s tput_out_srv=168/s
2026-06-02 22:47:08.864 - records_manager - INFO - [realtime 09:18 profiling] rps=0.2 (avg 0.3) tput_in=23780/s tput_out=191/s done=145 ok=145 err=0
                           ttft p50=24178ms p75=34683ms p95=44939ms p99=56545ms
                           itl  p50=12ms   p75=14ms   p95=23ms   p99=52ms
                           e2e  p50=34904ms p75=45014ms p95=64249ms p99=76647ms
                           intvty p50=82     p75=89     p95=102    p99=120 (1/tpot tok/s)
                           isl  p50=87,452    p75=112,651   p90=136,473   p99=240,341 (tokens)
                           osl  p50=481       p75=954       p90=1,705     p99=3,677 (tokens)
                           tot  in=13,023,530     out=104,835
                           trace theoretical_prefix_cache_hit=93.9%
                           srv  prefix_cache_hit=0.0% unique_in_srv=4,212,431,134 ext_cache_hit=79.2% kv_usage=76.4% queue=3r/8w tput_in_srv=20,268/s tput_out_srv=172/s
2026-06-02 22:47:39.155 - records_manager - INFO - [realtime 09:48 profiling] rps=0.1 (avg 0.2) tput_in=23162/s tput_out=201/s done=149 ok=149 err=0
                           ttft p50=24909ms p75=35982ms p95=52831ms p99=60690ms
                           itl  p50=12ms   p75=14ms   p95=23ms   p99=52ms
                           e2e  p50=35319ms p75=45749ms p95=72744ms p99=98658ms
                           intvty p50=82     p75=88     p95=102    p99=120 (1/tpot tok/s)
                           isl  p50=87,631    p75=112,651   p90=137,438   p99=240,233 (tokens)
                           osl  p50=516       p75=985       p90=2,061     p99=4,331 (tokens)
                           tot  in=13,489,603     out=116,961
                           trace theoretical_prefix_cache_hit=93.9%
                           srv  prefix_cache_hit=0.0% unique_in_srv=4,462,351,628 ext_cache_hit=79.1% kv_usage=99.3% queue=1r/10w tput_in_srv=19,937/s tput_out_srv=171/s
2026-06-02 22:48:09.484 - records_manager - INFO - [realtime 10:19 profiling] rps=0.2 (avg 0.2) tput_in=23050/s tput_out=199/s done=155 ok=155 err=0
                           ttft p50=25251ms p75=37421ms p95=58456ms p99=69660ms
                           itl  p50=12ms   p75=14ms   p95=22ms   p99=52ms
                           e2e  p50=35818ms p75=47441ms p95=77060ms p99=101454ms
                           intvty p50=82     p75=88     p95=103    p99=121 (1/tpot tok/s)
                           isl  p50=87,653    p75=113,262   p90=138,081   p99=240,071 (tokens)
                           osl  p50=554       p75=982       p90=2,077     p99=4,304 (tokens)
                           tot  in=14,133,526     out=121,986
                           trace theoretical_prefix_cache_hit=94.0%
                           srv  prefix_cache_hit=0.0% unique_in_srv=4,595,446,371 ext_cache_hit=79.4% kv_usage=98.0% queue=3r/5w tput_in_srv=20,254/s tput_out_srv=171/s
2026-06-02 22:48:39.837 - records_manager - INFO - [realtime 10:49 profiling] rps=0.3 (avg 0.2) tput_in=22751/s tput_out=196/s done=163 ok=163 err=0
                           ttft p50=25620ms p75=37732ms p95=57631ms p99=69170ms
                           itl  p50=12ms   p75=14ms   p95=22ms   p99=52ms
                           e2e  p50=35991ms p75=47759ms p95=76865ms p99=100904ms
                           intvty p50=82     p75=88     p95=102    p99=120 (1/tpot tok/s)
                           isl  p50=87,618    p75=112,886   p90=138,774   p99=242,740 (tokens)
                           osl  p50=563       p75=978       p90=2,044     p99=4,269 (tokens)
                           tot  in=14,746,424     out=127,319
                           trace theoretical_prefix_cache_hit=93.6%
                           srv  prefix_cache_hit=0.0% unique_in_srv=4,860,617,077 ext_cache_hit=79.4% kv_usage=93.3% queue=4r/5w tput_in_srv=20,154/s tput_out_srv=175/s
2026-06-02 22:49:10.181 - records_manager - INFO - [realtime 11:20 profiling] rps=0.2 (avg 0.2) tput_in=22690/s tput_out=197/s done=169 ok=169 err=0
                           ttft p50=25251ms p75=37614ms p95=57275ms p99=68803ms
                           itl  p50=12ms   p75=14ms   p95=22ms   p99=52ms
                           e2e  p50=35818ms p75=47304ms p95=76732ms p99=100492ms
                           intvty p50=82     p75=89     p95=102    p99=120 (1/tpot tok/s)
                           isl  p50=87,631    p75=113,120   p90=137,438   p99=242,551 (tokens)
                           osl  p50=599       p75=978       p90=2,035     p99=4,243 (tokens)
                           tot  in=15,300,689     out=132,901
                           trace theoretical_prefix_cache_hit=93.7%
                           srv  prefix_cache_hit=0.0% unique_in_srv=5,305,029,268 ext_cache_hit=79.7% kv_usage=56.1% queue=2r/8w tput_in_srv=19,956/s tput_out_srv=179/s
2026-06-02 22:49:40.554 - records_manager - INFO - [realtime 11:50 profiling] rps=0.1 (avg 0.2) tput_in=21829/s tput_out=193/s done=171 ok=171 err=0
                           ttft p50=25251ms p75=37666ms p95=57200ms p99=68680ms
                           itl  p50=12ms   p75=14ms   p95=21ms   p99=52ms
                           e2e  p50=35930ms p75=47759ms p95=76690ms p99=100354ms
                           intvty p50=82     p75=89     p95=103    p99=120 (1/tpot tok/s)
                           isl  p50=87,631    p75=113,284   p90=137,116   p99=242,488 (tokens)
                           osl  p50=599       p75=982       p90=2,052     p99=4,234 (tokens)
                           tot  in=15,447,646     out=136,826
                           trace theoretical_prefix_cache_hit=93.8%
                           srv  prefix_cache_hit=0.0% unique_in_srv=5,858,242,279 ext_cache_hit=80.0% kv_usage=99.0% queue=3r/8w tput_in_srv=19,643/s tput_out_srv=180/s
2026-06-02 22:50:10.891 - records_manager - INFO - [realtime 12:20 profiling] rps=0.4 (avg 0.2) tput_in=22542/s tput_out=206/s done=182 ok=182 err=0
                           ttft p50=25947ms p75=39207ms p95=57718ms p99=68007ms
                           itl  p50=12ms   p75=14ms   p95=22ms   p99=64ms
                           e2e  p50=36237ms p75=49742ms p95=76889ms p99=105688ms
                           intvty p50=83     p75=89     p95=102    p99=120 (1/tpot tok/s)
                           isl  p50=87,642    p75=113,767   p90=139,121   p99=245,318 (tokens)
                           osl  p50=581       p75=978       p90=2,048     p99=4,531 (tokens)
                           tot  in=16,589,966     out=151,432
                           trace theoretical_prefix_cache_hit=94.1%
                           srv  prefix_cache_hit=0.0% unique_in_srv=6,040,122,418 ext_cache_hit=80.0% kv_usage=75.5% queue=4r/6w tput_in_srv=20,061/s tput_out_srv=182/s
2026-06-02 22:50:41.314 - records_manager - INFO - [realtime 12:51 profiling] rps=0.3 (avg 0.2) tput_in=22568/s tput_out=207/s done=191 ok=191 err=0
                           ttft p50=25889ms p75=38869ms p95=57200ms p99=67456ms
                           itl  p50=12ms   p75=14ms   p95=23ms   p99=60ms
                           e2e  p50=36177ms p75=48913ms p95=77157ms p99=105375ms
                           intvty p50=82     p75=89     p95=102    p99=120 (1/tpot tok/s)
                           isl  p50=87,653    p75=113,966   p90=139,467   p99=245,023 (tokens)
                           osl  p50=599       p75=978       p90=2,052     p99=4,528 (tokens)
                           tot  in=17,346,897     out=159,017
                           trace theoretical_prefix_cache_hit=94.1%
                           srv  prefix_cache_hit=0.0% unique_in_srv=6,239,298,010 ext_cache_hit=80.4% kv_usage=81.8% queue=2r/5w tput_in_srv=20,219/s tput_out_srv=182/s
2026-06-02 22:51:11.767 - records_manager - INFO - [realtime 13:21 profiling] rps=0.3 (avg 0.2) tput_in=22660/s tput_out=206/s done=199 ok=199 err=0
                           ttft p50=26005ms p75=38117ms p95=56900ms p99=66966ms
                           itl  p50=12ms   p75=14ms   p95=24ms   p99=85ms
                           e2e  p50=36233ms p75=48293ms p95=76962ms p99=105098ms
                           intvty p50=82     p75=89     p95=101    p99=120 (1/tpot tok/s)
                           isl  p50=87,653    p75=113,966   p90=140,161   p99=247,972 (tokens)
                           osl  p50=599       p75=980       p90=2,035     p99=4,526 (tokens)
                           tot  in=18,104,778     out=164,473
                           trace theoretical_prefix_cache_hit=94.2%
                           srv  prefix_cache_hit=0.0% unique_in_srv=6,509,920,119 ext_cache_hit=80.6% kv_usage=79.0% queue=2r/6w tput_in_srv=20,455/s tput_out_srv=183/s
2026-06-02 22:51:42.172 - records_manager - INFO - [realtime 13:52 profiling] rps=0.1 (avg 0.2) tput_in=22503/s tput_out=205/s done=203 ok=203 err=0
                           ttft p50=25889ms p75=37732ms p95=56750ms p99=66721ms
                           itl  p50=12ms   p75=14ms   p95=24ms   p99=84ms
                           e2e  p50=36177ms p75=48293ms p95=76865ms p99=104959ms
                           intvty p50=82     p75=90     p95=103    p99=120 (1/tpot tok/s)
                           isl  p50=87,956    p75=114,974   p90=142,306   p99=247,885 (tokens)
                           osl  p50=599       p75=984       p90=2,044     p99=4,525 (tokens)
                           tot  in=18,655,104     out=170,166
                           trace theoretical_prefix_cache_hit=94.4%
                           srv  prefix_cache_hit=0.0% unique_in_srv=6,741,531,995 ext_cache_hit=80.9% kv_usage=97.0% queue=4r/6w tput_in_srv=20,423/s tput_out_srv=182/s
2026-06-02 22:52:12.647 - records_manager - INFO - [realtime 14:22 profiling] rps=0.1 (avg 0.2) tput_in=22313/s tput_out=206/s done=207 ok=207 err=0
                           ttft p50=26093ms p75=37666ms p95=56642ms p99=66577ms
                           itl  p50=12ms   p75=14ms   p95=24ms   p99=83ms
                           e2e  p50=36241ms p75=48695ms p95=76774ms p99=104752ms
                           intvty p50=83     p75=89     p95=103    p99=120 (1/tpot tok/s)
                           isl  p50=87,956    p75=114,336   p90=140,854   p99=247,775 (tokens)
                           osl  p50=619       p75=985       p90=2,035     p99=4,515 (tokens)
                           tot  in=18,951,793     out=174,613
                           trace theoretical_prefix_cache_hit=94.3%
                           srv  prefix_cache_hit=0.0% unique_in_srv=7,069,369,515 ext_cache_hit=81.0% kv_usage=97.4% queue=3r/8w tput_in_srv=20,146/s tput_out_srv=185/s
2026-06-02 22:52:43.100 - records_manager - INFO - [realtime 14:52 profiling] rps=0.3 (avg 0.2) tput_in=22473/s tput_out=209/s done=216 ok=216 err=0
                           ttft p50=26869ms p75=38568ms p95=56497ms p99=66480ms
                           itl  p50=12ms   p75=14ms   p95=23ms   p99=80ms
                           e2e  p50=37035ms p75=50233ms p95=77035ms p99=104134ms
                           intvty p50=83     p75=90     p95=103    p99=120 (1/tpot tok/s)
                           isl  p50=88,083    p75=116,398   p90=144,962   p99=249,786 (tokens)
                           osl  p50=624       p75=988       p90=2,073     p99=4,493 (tokens)
                           tot  in=19,992,761     out=185,651
                           trace theoretical_prefix_cache_hit=94.5%
                           srv  prefix_cache_hit=0.0% unique_in_srv=7,329,433,130 ext_cache_hit=81.6% kv_usage=86.0% queue=3r/3w tput_in_srv=20,503/s tput_out_srv=187/s
2026-06-02 22:53:13.605 - records_manager - INFO - [realtime 15:23 profiling] rps=0.2 (avg 0.2) tput_in=22390/s tput_out=206/s done=223 ok=223 err=0
                           ttft p50=26693ms p75=38081ms p95=56383ms p99=66404ms
                           itl  p50=12ms   p75=14ms   p95=23ms   p99=78ms
                           e2e  p50=36842ms p75=49597ms p95=76865ms p99=103653ms
                           intvty p50=83     p75=90     p95=102    p99=119 (1/tpot tok/s)
                           isl  p50=88,338    p75=116,430   p90=142,306   p99=249,633 (tokens)
                           osl  p50=619       p75=990       p90=2,044     p99=4,474 (tokens)
                           tot  in=20,625,949     out=190,156
                           trace theoretical_prefix_cache_hit=94.6%
                           srv  prefix_cache_hit=0.0% unique_in_srv=7,757,070,119 ext_cache_hit=82.0% kv_usage=52.0% queue=1r/7w tput_in_srv=20,375/s tput_out_srv=188/s
2026-06-02 22:53:44.047 - records_manager - INFO - [realtime 15:53 profiling] rps=0.0 (avg 0.2) tput_in=22472/s tput_out=209/s done=224 ok=224 err=0
                           ttft p50=26696ms p75=38419ms p95=56367ms p99=66394ms
                           itl  p50=12ms   p75=14ms   p95=23ms   p99=78ms
                           e2e  p50=36924ms p75=50026ms p95=77338ms p99=103584ms
                           intvty p50=83     p75=90     p95=102    p99=119 (1/tpot tok/s)
                           isl  p50=88,385    p75=116,589   p90=145,431   p99=249,611 (tokens)
                           osl  p50=624       p75=997       p90=2,086     p99=4,471 (tokens)
                           tot  in=20,849,883     out=193,818
                           trace theoretical_prefix_cache_hit=94.7%
                           srv  prefix_cache_hit=0.0% unique_in_srv=7,946,913,578 ext_cache_hit=81.0% kv_usage=58.2% queue=1r/11w tput_in_srv=19,820/s tput_out_srv=183/s
2026-06-02 22:54:14.583 - records_manager - INFO - [realtime 16:24 profiling] rps=0.3 (avg 0.2) tput_in=22241/s tput_out=203/s done=233 ok=233 err=0
                           ttft p50=28045ms p75=39319ms p95=57125ms p99=66296ms
                           itl  p50=12ms   p75=14ms   p95=23ms   p99=75ms
                           e2e  p50=38079ms p75=50570ms p95=77108ms p99=102966ms
                           intvty p50=84     p75=90     p95=102    p99=119 (1/tpot tok/s)
                           isl  p50=88,338    p75=116,492   p90=145,521   p99=252,383 (tokens)
                           osl  p50=619       p75=985       p90=2,044     p99=4,446 (tokens)
                           tot  in=21,714,009     out=198,529
                           trace theoretical_prefix_cache_hit=94.8%
                           srv  prefix_cache_hit=0.0% unique_in_srv=8,229,545,555 ext_cache_hit=81.6% kv_usage=88.2% queue=3r/8w tput_in_srv=20,378/s tput_out_srv=185/s
2026-06-02 22:54:19.354 - AgenticReplayTiming - INFO - Terminating trajectory 0b1cf5ad73920121aa53e1acb0851a8ecf32 early at turn 54/84: context-overflow error from server
2026-06-02 22:54:45.140 - records_manager - INFO - [realtime 16:54 profiling] rps=0.3 (avg 0.2) tput_in=22117/s tput_out=203/s done=241 ok=241 err=0
                           ttft p50=28305ms p75=39306ms p95=57436ms p99=66221ms
                           itl  p50=12ms   p75=14ms   p95=23ms   p99=73ms
                           e2e  p50=38157ms p75=50672ms p95=77476ms p99=102485ms
                           intvty p50=84     p75=90     p95=102    p99=119 (1/tpot tok/s)
                           isl  p50=88,440    p75=116,904   p90=145,792   p99=252,153 (tokens)
                           osl  p50=636       p75=988       p90=2,034     p99=4,427 (tokens)
                           tot  in=22,392,738     out=205,036
                           trace theoretical_prefix_cache_hit=94.9%
                           srv  prefix_cache_hit=0.0% unique_in_srv=8,371,150,163 ext_cache_hit=81.9% kv_usage=78.5% queue=3r/9w tput_in_srv=20,394/s tput_out_srv=185/s
2026-06-02 22:55:15.661 - records_manager - INFO - [realtime 17:25 profiling] rps=0.2 (avg 0.2) tput_in=22151/s tput_out=201/s done=246 ok=246 err=0
                           ttft p50=28851ms p75=38926ms p95=57425ms p99=66167ms
                           itl  p50=12ms   p75=14ms   p95=23ms   p99=72ms
                           e2e  p50=38079ms p75=50511ms p95=77303ms p99=102141ms
                           intvty p50=84     p75=90     p95=103    p99=119 (1/tpot tok/s)
                           isl  p50=88,432    p75=116,881   p90=145,341   p99=251,990 (tokens)
                           osl  p50=629       p75=985       p90=2,033     p99=4,413 (tokens)
                           tot  in=22,742,277     out=206,802
                           trace theoretical_prefix_cache_hit=94.9%
                           srv  prefix_cache_hit=0.0% unique_in_srv=8,700,955,033 ext_cache_hit=82.1% kv_usage=99.6% queue=3r/11w tput_in_srv=20,237/s tput_out_srv=185/s
2026-06-02 22:55:46.210 - records_manager - INFO - [realtime 17:56 profiling] rps=0.1 (avg 0.2) tput_in=21689/s tput_out=199/s done=248 ok=248 err=0
                           ttft p50=29334ms p75=38869ms p95=57350ms p99=66145ms
                           itl  p50=12ms   p75=14ms   p95=23ms   p99=71ms
                           e2e  p50=38128ms p75=50774ms p95=77254ms p99=102004ms
                           intvty p50=84     p75=90     p95=103    p99=119 (1/tpot tok/s)
                           isl  p50=88,449    p75=116,686   p90=144,582   p99=251,924 (tokens)
                           osl  p50=634       p75=990       p90=2,035     p99=4,407 (tokens)
                           tot  in=22,941,667     out=210,984
                           trace theoretical_prefix_cache_hit=94.9%
                           srv  prefix_cache_hit=0.0% unique_in_srv=9,131,467,597 ext_cache_hit=82.2% kv_usage=88.0% queue=2r/10w tput_in_srv=19,860/s tput_out_srv=186/s
2026-06-02 22:56:16.748 - records_manager - INFO - [realtime 18:26 profiling] rps=0.1 (avg 0.2) tput_in=21231/s tput_out=203/s done=251 ok=251 err=0
                           ttft p50=30017ms p75=39314ms p95=58100ms p99=69266ms
                           itl  p50=12ms   p75=14ms   p95=22ms   p99=70ms
                           e2e  p50=38308ms p75=51046ms p95=80122ms p99=106798ms
                           intvty p50=84     p75=90     p95=103    p99=119 (1/tpot tok/s)
                           isl  p50=88,526    p75=116,951   p90=146,630   p99=251,826 (tokens)
                           osl  p50=638       p75=998       p90=2,122     p99=4,542 (tokens)
                           tot  in=23,357,507     out=223,125
                           trace theoretical_prefix_cache_hit=94.8%
                           srv  prefix_cache_hit=0.0% unique_in_srv=9,316,246,646 ext_cache_hit=82.1% kv_usage=87.3% queue=5r/8w tput_in_srv=19,711/s tput_out_srv=186/s
2026-06-02 22:56:47.322 - records_manager - INFO - [realtime 18:57 profiling] rps=0.4 (avg 0.2) tput_in=21422/s tput_out=205/s done=263 ok=263 err=0
                           ttft p50=30673ms p75=41140ms p95=65681ms p99=87035ms
                           itl  p50=12ms   p75=14ms   p95=22ms   p99=66ms
                           e2e  p50=39576ms p75=52298ms p95=90179ms p99=108005ms
                           intvty p50=83     p75=90     p95=103    p99=119 (1/tpot tok/s)
                           isl  p50=88,526    p75=116,784   p90=145,612   p99=251,433 (tokens)
                           osl  p50=642       p75=1,004     p90=2,048     p99=4,538 (tokens)
                           tot  in=24,314,594     out=232,247
                           trace theoretical_prefix_cache_hit=94.7%
                           srv  prefix_cache_hit=0.0% unique_in_srv=9,540,742,810 ext_cache_hit=82.3% kv_usage=87.9% queue=2r/6w tput_in_srv=19,803/s tput_out_srv=188/s
2026-06-02 22:57:17.899 - records_manager - INFO - [realtime 19:27 profiling] rps=0.3 (avg 0.2) tput_in=21693/s tput_out=205/s done=273 ok=273 err=0
                           ttft p50=30017ms p75=40120ms p95=64383ms p99=87017ms
                           itl  p50=12ms   p75=14ms   p95=22ms   p99=63ms
                           e2e  p50=38524ms p75=51970ms p95=90070ms p99=107943ms
                           intvty p50=83     p75=90     p95=103    p99=119 (1/tpot tok/s)
                           isl  p50=88,526    p75=116,904   p90=145,612   p99=251,106 (tokens)
                           osl  p50=642       p75=1,008     p90=2,034     p99=4,535 (tokens)
                           tot  in=25,240,167     out=238,905
                           trace theoretical_prefix_cache_hit=94.8%
                           srv  prefix_cache_hit=0.0% unique_in_srv=9,670,295,920 ext_cache_hit=82.7% kv_usage=96.3% queue=3r/1w tput_in_srv=20,053/s tput_out_srv=189/s
2026-06-02 22:57:48.538 - records_manager - INFO - [realtime 19:58 profiling] rps=0.1 (avg 0.2) tput_in=21407/s tput_out=204/s done=275 ok=275 err=0
                           ttft p50=29582ms p75=40012ms p95=64059ms p99=87014ms
                           itl  p50=12ms   p75=14ms   p95=22ms   p99=63ms
                           e2e  p50=38453ms p75=51882ms p95=90066ms p99=107930ms
                           intvty p50=83     p75=90     p95=103    p99=119 (1/tpot tok/s)
                           isl  p50=88,440    p75=116,784   p90=145,431   p99=251,041 (tokens)
                           osl  p50=646       p75=1,014     p90=2,033     p99=4,534 (tokens)
                           tot  in=25,337,810     out=240,878
                           trace theoretical_prefix_cache_hit=94.8%
                           srv  prefix_cache_hit=0.0% unique_in_srv=9,962,834,740 ext_cache_hit=82.7% kv_usage=78.4% queue=2r/10w tput_in_srv=19,806/s tput_out_srv=189/s
2026-06-02 22:58:19.162 - records_manager - INFO - [realtime 20:29 profiling] rps=0.1 (avg 0.2) tput_in=21108/s tput_out=205/s done=279 ok=279 err=0
                           ttft p50=29582ms p75=40302ms p95=63410ms p99=87007ms
                           itl  p50=12ms   p75=14ms   p95=22ms   p99=62ms
                           e2e  p50=38649ms p75=52298ms p95=90060ms p99=107906ms
                           intvty p50=84     p75=90     p95=103    p99=119 (1/tpot tok/s)
                           isl  p50=88,782    p75=116,784   p90=145,972   p99=250,910 (tokens)
                           osl  p50=650       p75=1,016     p90=2,065     p99=4,789 (tokens)
                           tot  in=25,875,595     out=251,227
                           trace theoretical_prefix_cache_hit=94.8%
                           srv  prefix_cache_hit=0.0% unique_in_srv=10,149,348,529 ext_cache_hit=82.9% kv_usage=97.4% queue=4r/7w tput_in_srv=19,651/s tput_out_srv=189/s
2026-06-02 22:58:49.765 - records_manager - INFO - [realtime 20:59 profiling] rps=0.3 (avg 0.2) tput_in=21206/s tput_out=204/s done=289 ok=289 err=0
                           ttft p50=30339ms p75=41357ms p95=62114ms p99=86989ms
                           itl  p50=12ms   p75=14ms   p95=22ms   p99=59ms
                           e2e  p50=39576ms p75=53681ms p95=89873ms p99=107843ms
                           intvty p50=84     p75=91     p95=103    p99=119 (1/tpot tok/s)
                           isl  p50=88,526    p75=116,398   p90=144,203   p99=250,582 (tokens)
                           osl  p50=642       p75=1,018     p90=2,035     p99=4,703 (tokens)
                           tot  in=26,647,518     out=256,368
                           trace theoretical_prefix_cache_hit=94.9%
                           srv  prefix_cache_hit=0.0% unique_in_srv=10,375,014,475 ext_cache_hit=83.1% kv_usage=94.5% queue=3r/6w tput_in_srv=19,831/s tput_out_srv=190/s
2026-06-02 22:59:20.455 - records_manager - INFO - [realtime 21:30 profiling] rps=0.2 (avg 0.2) tput_in=20963/s tput_out=205/s done=294 ok=294 err=0
                           ttft p50=30267ms p75=41343ms p95=61847ms p99=86980ms
                           itl  p50=12ms   p75=14ms   p95=22ms   p99=57ms
                           e2e  p50=39457ms p75=53645ms p95=90068ms p99=109019ms
                           intvty p50=84     p75=91     p95=103    p99=119 (1/tpot tok/s)
                           isl  p50=88,449    p75=116,367   p90=145,521   p99=250,419 (tokens)
                           osl  p50=640       p75=1,024     p90=2,095     p99=5,245 (tokens)
                           tot  in=26,990,187     out=264,545
                           trace theoretical_prefix_cache_hit=94.8%
                           srv  prefix_cache_hit=0.0% unique_in_srv=10,683,748,337 ext_cache_hit=83.2% kv_usage=86.9% queue=2r/8w tput_in_srv=19,551/s tput_out_srv=192/s
2026-06-02 22:59:51.191 - records_manager - INFO - [realtime 22:01 profiling] rps=0.3 (avg 0.2) tput_in=21298/s tput_out=206/s done=304 ok=304 err=0
                           ttft p50=30696ms p75=41284ms p95=62599ms p99=86962ms
                           itl  p50=12ms   p75=14ms   p95=23ms   p99=54ms
                           e2e  p50=38724ms p75=53590ms p95=90146ms p99=111788ms
                           intvty p50=84     p75=91     p95=103    p99=118 (1/tpot tok/s)
                           isl  p50=89,035    p75=116,686   p90=142,306   p99=250,091 (tokens)
                           osl  p50=629       p75=1,016     p90=2,095     p99=5,225 (tokens)
                           tot  in=27,992,736     out=270,582
                           trace theoretical_prefix_cache_hit=94.8%
                           srv  prefix_cache_hit=0.0% unique_in_srv=10,830,884,407 ext_cache_hit=83.3% kv_usage=88.3% queue=3r/7w tput_in_srv=20,024/s tput_out_srv=191/s
2026-06-02 23:00:21.899 - records_manager - INFO - [realtime 22:31 profiling] rps=0.2 (avg 0.2) tput_in=21244/s tput_out=207/s done=309 ok=309 err=0
                           ttft p50=30531ms p75=41198ms p95=62114ms p99=86938ms
                           itl  p50=12ms   p75=14ms   p95=23ms   p99=53ms
                           e2e  p50=38649ms p75=53681ms p95=90077ms p99=111645ms
                           intvty p50=84     p75=91     p95=103    p99=118 (1/tpot tok/s)
                           isl  p50=89,035    p75=116,589   p90=144,203   p99=249,960 (tokens)
                           osl  p50=624       p75=1,018     p90=2,211     p99=5,201 (tokens)
                           tot  in=28,540,623     out=277,748
                           trace theoretical_prefix_cache_hit=94.8%
                           srv  prefix_cache_hit=0.0% unique_in_srv=11,053,372,708 ext_cache_hit=83.4% kv_usage=91.2% queue=4r/8w tput_in_srv=19,984/s tput_out_srv=192/s
2026-06-02 23:00:52.586 - records_manager - INFO - [realtime 23:02 profiling] rps=0.2 (avg 0.2) tput_in=21154/s tput_out=205/s done=315 ok=315 err=0
                           ttft p50=30673ms p75=41217ms p95=61793ms p99=86898ms
                           itl  p50=12ms   p75=14ms   p95=23ms   p99=53ms
                           e2e  p50=38649ms p75=53618ms p95=90066ms p99=111441ms
                           intvty p50=84     p75=91     p95=103    p99=118 (1/tpot tok/s)
                           isl  p50=89,035    p75=116,461   p90=141,926   p99=249,829 (tokens)
                           osl  p50=612       p75=1,022     p90=2,173     p99=5,161 (tokens)
                           tot  in=29,007,654     out=281,608
                           trace theoretical_prefix_cache_hit=94.9%
                           srv  prefix_cache_hit=0.0% unique_in_srv=11,360,727,351 ext_cache_hit=83.5% kv_usage=89.5% queue=3r/8w tput_in_srv=19,852/s tput_out_srv=194/s
2026-06-02 23:01:23.323 - records_manager - INFO - [realtime 23:33 profiling] rps=0.1 (avg 0.2) tput_in=20908/s tput_out=205/s done=319 ok=319 err=0
                           ttft p50=30750ms p75=41313ms p95=61580ms p99=86871ms
                           itl  p50=12ms   p75=14ms   p95=23ms   p99=53ms
                           e2e  p50=39267ms p75=53751ms p95=90060ms p99=111306ms
                           intvty p50=84     p75=91     p95=103    p99=118 (1/tpot tok/s)
                           isl  p50=89,070    p75=116,784   p90=140,507   p99=249,742 (tokens)
                           osl  p50=632       p75=1,032     p90=2,211     p99=5,135 (tokens)
                           tot  in=29,429,094     out=288,966
                           trace theoretical_prefix_cache_hit=95.0%
                           srv  prefix_cache_hit=0.0% unique_in_srv=11,886,592,637 ext_cache_hit=83.6% kv_usage=66.5% queue=2r/10w tput_in_srv=19,670/s tput_out_srv=195/s
2026-06-02 23:01:54.096 - records_manager - INFO - [realtime 24:03 profiling] rps=0.1 (avg 0.2) tput_in=20790/s tput_out=209/s done=322 ok=322 err=0
                           ttft p50=30804ms p75=41343ms p95=61419ms p99=86850ms
                           itl  p50=12ms   p75=14ms   p95=23ms   p99=53ms
                           e2e  p50=39554ms p75=54443ms p95=90211ms p99=113522ms
                           intvty p50=84     p75=91     p95=103    p99=118 (1/tpot tok/s)
                           isl  p50=89,685    p75=117,300   p90=145,702   p99=249,676 (tokens)
                           osl  p50=637       p75=1,064     p90=2,399     p99=5,387 (tokens)
                           tot  in=29,948,222     out=300,842
                           trace theoretical_prefix_cache_hit=95.0%
                           srv  prefix_cache_hit=0.0% unique_in_srv=12,162,728,473 ext_cache_hit=83.5% kv_usage=63.0% queue=1r/10w tput_in_srv=19,441/s tput_out_srv=194/s
2026-06-02 23:02:24.906 - records_manager - INFO - [realtime 24:34 profiling] rps=0.3 (avg 0.2) tput_in=21010/s tput_out=208/s done=331 ok=331 err=0
                           ttft p50=31149ms p75=43003ms p95=66732ms p99=87093ms
                           itl  p50=12ms   p75=14ms   p95=23ms   p99=53ms
                           e2e  p50=39991ms p75=56015ms p95=92382ms p99=113332ms
                           intvty p50=84     p75=91     p95=103    p99=118 (1/tpot tok/s)
                           isl  p50=89,689    p75=117,544   p90=143,444   p99=249,480 (tokens)
                           osl  p50=612       p75=1,032     p90=2,312     p99=5,370 (tokens)
                           tot  in=30,738,133     out=303,959
                           trace theoretical_prefix_cache_hit=95.1%
                           srv  prefix_cache_hit=0.0% unique_in_srv=12,375,286,077 ext_cache_hit=83.7% kv_usage=93.4% queue=3r/6w tput_in_srv=19,807/s tput_out_srv=194/s
2026-06-02 23:02:55.666 - records_manager - INFO - [realtime 25:05 profiling] rps=0.1 (avg 0.2) tput_in=20755/s tput_out=207/s done=334 ok=334 err=0
                           ttft p50=31466ms p75=43219ms p95=66706ms p99=87087ms
                           itl  p50=12ms   p75=14ms   p95=23ms   p99=53ms
                           e2e  p50=40410ms p75=56362ms p95=92051ms p99=113268ms
                           intvty p50=84     p75=91     p95=103    p99=118 (1/tpot tok/s)
                           isl  p50=89,693    p75=117,300   p90=142,306   p99=249,414 (tokens)
                           osl  p50=619       p75=1,035     p90=2,396     p99=5,364 (tokens)
                           tot  in=30,996,168     out=308,985
                           trace theoretical_prefix_cache_hit=95.1%
                           srv  prefix_cache_hit=0.0% unique_in_srv=12,554,072,514 ext_cache_hit=83.6% kv_usage=95.2% queue=1r/9w tput_in_srv=19,494/s tput_out_srv=194/s
2026-06-02 23:03:26.512 - records_manager - INFO - [realtime 25:36 profiling] rps=0.0 (avg 0.2) tput_in=20755/s tput_out=207/s done=334 ok=334 err=0
                           ttft p50=31466ms p75=43219ms p95=66706ms p99=87087ms
                           itl  p50=12ms   p75=14ms   p95=23ms   p99=53ms
                           e2e  p50=40410ms p75=56362ms p95=92051ms p99=113268ms
                           intvty p50=84     p75=91     p95=103    p99=118 (1/tpot tok/s)
                           isl  p50=89,693    p75=117,300   p90=142,306   p99=249,414 (tokens)
                           osl  p50=619       p75=1,035     p90=2,396     p99=5,364 (tokens)
                           tot  in=30,996,168     out=308,985
                           trace theoretical_prefix_cache_hit=95.1%
                           srv  prefix_cache_hit=0.0% unique_in_srv=12,554,072,514 ext_cache_hit=83.6% kv_usage=96.1% queue=1r/11w tput_in_srv=19,143/s tput_out_srv=193/s
2026-06-02 23:03:57.316 - records_manager - INFO - [realtime 26:07 profiling] rps=0.2 (avg 0.2) tput_in=20282/s tput_out=204/s done=340 ok=340 err=0
                           ttft p50=31477ms p75=44017ms p95=80515ms p99=89108ms
                           itl  p50=12ms   p75=14ms   p95=23ms   p99=52ms
                           e2e  p50=40986ms p75=57157ms p95=94698ms p99=113141ms
                           intvty p50=84     p75=91     p95=103    p99=118 (1/tpot tok/s)
                           isl  p50=89,700    p75=117,736   p90=145,882   p99=249,283 (tokens)
                           osl  p50=605       p75=1,034     p90=2,402     p99=6,899 (tokens)
                           tot  in=31,725,142     out=319,121
                           trace theoretical_prefix_cache_hit=95.2%
                           srv  prefix_cache_hit=0.0% unique_in_srv=12,669,963,572 ext_cache_hit=83.3% kv_usage=53.2% queue=3r/8w tput_in_srv=19,192/s tput_out_srv=192/s
2026-06-02 23:04:28.168 - records_manager - INFO - [realtime 26:38 profiling] rps=0.3 (avg 0.2) tput_in=20286/s tput_out=203/s done=348 ok=348 err=0
                           ttft p50=31601ms p75=45005ms p95=81764ms p99=89826ms
                           itl  p50=12ms   p75=14ms   p95=23ms   p99=52ms
                           e2e  p50=41255ms p75=57598ms p95=96903ms p99=113910ms
                           intvty p50=83     p75=91     p95=103    p99=118 (1/tpot tok/s)
                           isl  p50=89,693    p75=117,463   p90=144,582   p99=249,108 (tokens)
                           osl  p50=599       p75=1,050     p90=2,366     p99=6,719 (tokens)
                           tot  in=32,267,369     out=323,353
                           trace theoretical_prefix_cache_hit=95.2%
                           srv  prefix_cache_hit=0.0% unique_in_srv=12,811,418,108 ext_cache_hit=83.3% kv_usage=91.7% queue=2r/9w tput_in_srv=19,160/s tput_out_srv=192/s
2026-06-02 23:04:59.006 - records_manager - INFO - [realtime 27:08 profiling] rps=0.2 (avg 0.2) tput_in=20153/s tput_out=202/s done=353 ok=353 err=0
                           ttft p50=31867ms p75=45089ms p95=81352ms p99=89824ms
                           itl  p50=12ms   p75=14ms   p95=23ms   p99=52ms
                           e2e  p50=41279ms p75=57525ms p95=97692ms p99=113906ms
                           intvty p50=83     p75=91     p95=103    p99=118 (1/tpot tok/s)
                           isl  p50=89,696    p75=117,382   p90=142,685   p99=248,999 (tokens)
                           osl  p50=598       p75=1,042     p90=2,398     p99=6,607 (tokens)
                           tot  in=32,685,845     out=327,441
                           trace theoretical_prefix_cache_hit=95.1%
                           srv  prefix_cache_hit=0.0% unique_in_srv=12,925,273,672 ext_cache_hit=83.3% kv_usage=97.1% queue=3r/10w tput_in_srv=19,067/s tput_out_srv=191/s
2026-06-02 23:05:29.854 - records_manager - INFO - [realtime 27:39 profiling] rps=0.2 (avg 0.2) tput_in=20051/s tput_out=201/s done=360 ok=360 err=0
                           ttft p50=32163ms p75=45108ms p95=80775ms p99=89820ms
                           itl  p50=12ms   p75=14ms   p95=23ms   p99=52ms
                           e2e  p50=41620ms p75=57871ms p95=97366ms p99=113900ms
                           intvty p50=83     p75=91     p95=103    p99=118 (1/tpot tok/s)
                           isl  p50=89,105    p75=117,148   p90=143,823   p99=248,846 (tokens)
                           osl  p50=599       p75=1,034     p90=2,340     p99=6,450 (tokens)
                           tot  in=33,170,369     out=332,149
                           trace theoretical_prefix_cache_hit=95.0%
                           srv  prefix_cache_hit=0.0% unique_in_srv=13,278,663,163 ext_cache_hit=83.4% kv_usage=60.2% queue=2r/11w tput_in_srv=19,048/s tput_out_srv=193/s
2026-06-02 23:06:00.786 - records_manager - INFO - [realtime 28:10 profiling] rps=0.0 (avg 0.2) tput_in=20062/s tput_out=201/s done=361 ok=361 err=0
                           ttft p50=32211ms p75=45089ms p95=80693ms p99=89819ms
                           itl  p50=12ms   p75=14ms   p95=23ms   p99=52ms
                           e2e  p50=41695ms p75=58003ms p95=97319ms p99=113899ms
                           intvty p50=83     p75=91     p95=103    p99=118 (1/tpot tok/s)
                           isl  p50=89,395    p75=117,072   p90=143,444   p99=248,824 (tokens)
                           osl  p50=602       p75=1,042     p90=2,326     p99=6,428 (tokens)
                           tot  in=33,287,365     out=333,892
                           trace theoretical_prefix_cache_hit=95.0%
                           srv  prefix_cache_hit=0.0% unique_in_srv=13,324,443,783 ext_cache_hit=83.0% kv_usage=80.5% queue=1r/13w tput_in_srv=18,732/s tput_out_srv=192/s
2026-06-02 23:06:31.651 - records_manager - INFO - [realtime 28:41 profiling] rps=0.0 (avg 0.2) tput_in=19532/s tput_out=203/s done=362 ok=362 err=0
                           ttft p50=32259ms p75=45144ms p95=80611ms p99=89819ms
                           itl  p50=12ms   p75=14ms   p95=23ms   p99=52ms
                           e2e  p50=41770ms p75=58025ms p95=98026ms p99=116553ms
                           intvty p50=83     p75=91     p95=103    p99=118 (1/tpot tok/s)
                           isl  p50=89,685    p75=117,300   p90=143,065   p99=248,802 (tokens)
                           osl  p50=605       p75=1,064     p90=2,399     p99=7,947 (tokens)
                           tot  in=33,425,090     out=346,973
                           trace theoretical_prefix_cache_hit=95.0%
                           srv  prefix_cache_hit=0.0% unique_in_srv=13,324,443,783 ext_cache_hit=83.0% kv_usage=65.4% queue=1r/13w tput_in_srv=18,424/s tput_out_srv=190/s
2026-06-02 23:07:02.554 - records_manager - INFO - [realtime 29:12 profiling] rps=0.1 (avg 0.2) tput_in=19299/s tput_out=199/s done=366 ok=366 err=0
                           ttft p50=32474ms p75=45685ms p95=84022ms p99=96436ms
                           itl  p50=12ms   p75=14ms   p95=23ms   p99=52ms
                           e2e  p50=42188ms p75=59410ms p95=98729ms p99=120238ms
                           intvty p50=83     p75=91     p95=103    p99=118 (1/tpot tok/s)
                           isl  p50=89,685    p75=117,300   p90=141,547   p99=248,715 (tokens)
                           osl  p50=597       p75=1,035     p90=2,393     p99=7,921 (tokens)
                           tot  in=33,724,710     out=348,021
                           trace theoretical_prefix_cache_hit=95.1%
                           srv  prefix_cache_hit=0.0% unique_in_srv=13,429,989,307 ext_cache_hit=83.0% kv_usage=97.8% queue=4r/8w tput_in_srv=18,503/s tput_out_srv=189/s
2026-06-02 23:07:31.871 - AgenticReplayTiming - INFO - Terminating trajectory 07fc71985fbafc8e1abb181b7d28b8349f45 early at turn 80/120: context-overflow error from server
2026-06-02 23:07:33.627 - records_manager - INFO - [realtime 29:43 profiling] rps=0.3 (avg 0.2) tput_in=19458/s tput_out=200/s done=376 ok=376 err=0
                           ttft p50=32968ms p75=47434ms p95=86681ms p99=111509ms
                           itl  p50=12ms   p75=14ms   p95=23ms   p99=52ms
                           e2e  p50=43165ms p75=61743ms p95=105935ms p99=137834ms
                           intvty p50=83     p75=91     p95=103    p99=118 (1/tpot tok/s)
                           isl  p50=89,395    p75=117,224   p90=145,431   p99=248,518 (tokens)
                           osl  p50=602       p75=1,077     p90=2,273     p99=7,863 (tokens)
                           tot  in=34,623,760     out=356,631
                           trace theoretical_prefix_cache_hit=94.8%
                           srv  prefix_cache_hit=0.0% unique_in_srv=13,732,752,191 ext_cache_hit=83.2% kv_usage=97.0% queue=6r/2w tput_in_srv=18,671/s tput_out_srv=191/s
2026-06-02 23:07:50.162 - PhaseRunner - INFO - Timeout of 1799.999514426s elapsed for event 'profiling phase sending'
2026-06-02 23:07:50.162 - PhaseRunner - NOTICE - Phase profiling sending complete | sent=391, completed=382, in_flight=9 | sessions: sent=11, completed=5 | timeout_triggered=True
2026-06-02 23:07:50.162 - PhaseRunner - INFO - Waiting for event 'profiling phase credits returned' with timeout of 29.997718838000083s
2026-06-02 23:07:50.163 - records_manager - INFO - Sent 391 requests. Waiting for all to complete...
2026-06-02 23:08:04.617 - records_manager - INFO - [realtime 30:14 profiling] rps=0.4 (avg 0.2) tput_in=19554/s tput_out=203/s done=389 ok=389 err=0
                           ttft p50=32474ms p75=47218ms p95=87120ms p99=111457ms
                           itl  p50=12ms   p75=14ms   p95=24ms   p99=59ms
                           e2e  p50=42188ms p75=60731ms p95=107643ms p99=139873ms
                           intvty p50=82     p75=90     p95=102    p99=118 (1/tpot tok/s)
                           isl  p50=88,959    p75=116,996   p90=141,177   p99=248,234 (tokens)
                           osl  p50=597       p75=1,082     p90=2,254     p99=7,778 (tokens)
                           tot  in=35,339,260     out=366,154
                           trace theoretical_prefix_cache_hit=94.6%
                           srv  prefix_cache_hit=0.0% unique_in_srv=13,775,951,013 ext_cache_hit=82.9% kv_usage=25.5% queue=2r/0w tput_in_srv=18,580/s tput_out_srv=192/s
2026-06-02 23:08:20.160 - PhaseRunner - INFO - Timeout of 29.997718838000083s elapsed for event 'profiling phase credits returned'
2026-06-02 23:08:20.160 - PhaseRunner - WARNING - Phase profiling timed out, cancelling all credits. Stats: sent=391, completed=389, cancelled=0, in_flight=2
2026-06-02 23:08:20.161 - StickyCreditRouter_bfaa7caa - INFO - Sent cancellation requests for 2 in-flight credits across 2 workers
2026-06-02 23:08:20.161 - PhaseRunner - INFO - Waiting for all cancelled credits to be returned for phase profiling. Need 2 more credits.
2026-06-02 23:08:20.162 - PhaseRunner - INFO - All cancelled credits returned for phase profiling
2026-06-02 23:08:20.162 - PhaseRunner - NOTICE - Phase profiling complete | completed=389, cancelled=2, errors=0 | sessions: completed=5, cancelled=0 | elapsed=1830.00s | grace_period_timeout=True
2026-06-02 23:08:20.162 - aiperf.timing.branch_orchestrator - INFO - BranchOrchestrator stats: spawned=4 completed=2 errored=0 suspended=2 resumed=1 parents_failed_due_to_child_error=0 joins_suppressed=1
2026-06-02 23:08:20.162 - PhaseOrchestrator_af7544fc - NOTICE - All credits completed
2026-06-02 23:08:20.163 - system_controller - INFO - Received credits complete from 'timing_manager'
2026-06-02 23:08:20.163 - records_manager - INFO - Received CREDIT_PHASE_COMPLETE message, Phase complete: PhaseRecordsStats(phase=CreditPhase.PROFILING, start_ns=1780439870160241583, sent_end_ns=1780441670162214133, requests_end_ns=1780441700162259865, total_expected_requests=None, expected_duration_sec=None, expected_num_sessions=None, expected_grace_period_sec=None, final_requests_sent=None, final_requests_completed=389, final_requests_cancelled=2, final_request_errors=0, final_sent_sessions=None, final_completed_sessions=None, final_cancelled_sessions=None, timeout_triggered=True, grace_period_timeout_triggered=True, was_cancelled=False, records_end_ns=None, success_records=389, error_records=0)
2026-06-02 23:08:20.163 - records_manager - NOTICE - All requests have completed, please wait for the results to be processed (currently 389 of 389 records processed)...
2026-06-02 23:08:20.163 - records_manager - INFO - Processed 389 valid requests and 0 errors (389 total).
2026-06-02 23:08:20.163 - records_manager - INFO - Received all records, processing now...
2026-06-02 23:08:20.164 - records_manager - INFO - All credits complete, please wait for the results to be processed...
2026-06-02 23:08:20.165 - server_metrics_manager - INFO - Server Metrics: Profiling complete, capturing final metrics...
2026-06-02 23:08:20.165 - records_manager - INFO - Waiting 2.0s for server metrics flush period...
2026-06-02 23:08:22.163 - records_manager - INFO - Processing records results...
2026-06-02 23:08:25.183 - RecordExportJSONLWriter_99926e17 - WARNING - Timeout waiting for 0 pending flush tasks during shutdown. Cancelling tasks and proceeding with cleanup.
2026-06-02 23:08:25.426 - system_controller - INFO - Waiting for server metrics results...
2026-06-02 23:08:25.426 - system_controller - INFO - Waiting for server metrics results...
2026-06-02 23:08:26.618 - records_manager - INFO - _finalize_and_process_results completed
2026-06-02 23:08:27.079 - system_controller - INFO - All results received, initiating shutdown
2026-06-02 23:08:27.747 - ExporterManager - INFO - Exporting all records
2026-06-02 23:08:27.906 - aiperf.common.scenario.validator - INFO - Scenario 'inferencex-agentx-mvp': setting timing_mode=agentic_replay (was at default request_rate).
2026-06-02 23:08:29.464 - aiperf.common.scenario.validator - INFO - Scenario 'inferencex-agentx-mvp': setting timing_mode=agentic_replay (was at default request_rate).
2026-06-02 23:08:29.583 - ExporterManager - INFO - Exporting console data
