2026-06-03 06:19:43.664 - aiperf.cli_runner - INFO - Starting AIPerf System
2026-06-03 06:19:43.833 - system_controller - INFO - Registered Worker Manager (id: 'worker_manager')
2026-06-03 06:19:43.869 - server_metrics_manager - INFO - Server Metrics: Discovered 1 endpoints: ['http://localhost:8888/metrics']
2026-06-03 06:19:43.944 - system_controller - INFO - Registered Dataset Manager (id: 'dataset_manager')
2026-06-03 06:19:43.959 - system_controller - INFO - Registered Record Processor (id: 'record_processor_0aae8be3')
2026-06-03 06:19:43.990 - system_controller - INFO - Registered Gpu Telemetry Manager (id: 'gpu_telemetry_manager')
2026-06-03 06:19:43.990 - system_controller - INFO - Registered Server Metrics Manager (id: 'server_metrics_manager')
2026-06-03 06:19:44.025 - GPUTelemetryJSONLWriter_0989b069 - INFO - GPU telemetry export enabled: /workspace/results/aiperf_artifacts/gpu_telemetry_export.jsonl
2026-06-03 06:19:44.027 - RecordExportJSONLWriter_8e7cd770 - INFO - Record metrics export enabled: /workspace/results/aiperf_artifacts/profile_export.jsonl
2026-06-03 06:19:44.029 - system_controller - INFO - Registered Record Processor (id: 'record_processor_3265f72e')
2026-06-03 06:19:44.057 - system_controller - INFO - Registered Worker (id: 'worker_fd0e7aba')
2026-06-03 06:19:44.059 - system_controller - INFO - Registered Worker (id: 'worker_a5fa971b')
2026-06-03 06:19:44.060 - system_controller - INFO - Registered Worker (id: 'worker_32e0ddda')
2026-06-03 06:19:44.062 - system_controller - INFO - Registered Worker (id: 'worker_ff3c6a22')
2026-06-03 06:19:44.090 - system_controller - INFO - Registered Records Manager (id: 'records_manager')
2026-06-03 06:19:44.097 - system_controller - INFO - Registered Timing Manager (id: 'timing_manager')
2026-06-03 06:19:44.114 - system_controller - INFO - Registered Worker (id: 'worker_0e820211')
2026-06-03 06:19:44.115 - system_controller - INFO - Registered Worker (id: 'worker_77354ea7')
2026-06-03 06:19:44.115 - system_controller - INFO - Registered Worker (id: 'worker_e0ace186')
2026-06-03 06:19:44.115 - system_controller - INFO - Registered Worker (id: 'worker_9caf2af5')
2026-06-03 06:19:44.322 - system_controller - INFO - AIPerf System is CONFIGURING
2026-06-03 06:19:44.322 - system_controller - INFO - Configuring all services to start profiling
2026-06-03 06:19:44.324 - InferenceResultParser_6c6d18f2 - INFO - Tokenization is disabled for this endpoint, skipping tokenizer configuration
2026-06-03 06:19:44.324 - timing_manager - INFO - Waiting for dataset to be configured before configuring timing
2026-06-03 06:19:44.324 - InferenceResultParser_af2dd591 - INFO - Tokenization is disabled for this endpoint, skipping tokenizer configuration
2026-06-03 06:19:44.337 - system_controller - INFO - GPU telemetry disabled - no DCGM endpoints reachable
2026-06-03 06:19:44.344 - server_metrics_manager - INFO - Server Metrics: Capturing baseline metrics...
2026-06-03 06:19:44.372 - http://localhost:8888/metrics - INFO - Skipping unsupported summary metric: http_request_size_bytes
2026-06-03 06:19:44.372 - http://localhost:8888/metrics - INFO - Skipping unsupported summary metric: http_response_size_bytes
2026-06-03 06:19:44.373 - system_controller - INFO - Server metrics enabled - 1/1 endpoint(s) reachable.
2026-06-03 06:19:54.374 - aiperf.dataset.mmap_cache_lock - INFO - Still waiting on mmap-cache populate lock at /aiperf_mmap_cache/ff75f2f4ef52300e2266b7e8fa1f0d9e.lock (elapsed: 10.0s)
2026-06-03 06:20:04.377 - aiperf.dataset.mmap_cache_lock - INFO - Still waiting on mmap-cache populate lock at /aiperf_mmap_cache/ff75f2f4ef52300e2266b7e8fa1f0d9e.lock (elapsed: 20.1s)
2026-06-03 06:20:14.388 - aiperf.dataset.mmap_cache_lock - INFO - Still waiting on mmap-cache populate lock at /aiperf_mmap_cache/ff75f2f4ef52300e2266b7e8fa1f0d9e.lock (elapsed: 30.1s)
2026-06-03 06:20:24.399 - aiperf.dataset.mmap_cache_lock - INFO - Still waiting on mmap-cache populate lock at /aiperf_mmap_cache/ff75f2f4ef52300e2266b7e8fa1f0d9e.lock (elapsed: 40.1s)
2026-06-03 06:20:30.359 - dataset_manager - INFO - Memory-mapped dataset cache HIT under lock (key=ff75f2f4ef52300e2266b7e8fa1f0d9e); another process populated while we waited.
2026-06-03 06:20:30.843 - aiperf.dataset.mmap_cache - INFO - Restored mmap cache file dataset.dat via copy in 0.483s (1.27 GiB)
2026-06-03 06:20:30.843 - aiperf.dataset.mmap_cache - INFO - Restored mmap cache file index.dat via copy in 0.001s (0.00 GiB)
2026-06-03 06:20:30.843 - aiperf.dataset.mmap_cache - INFO - Restored mmap cache files in 0.484s via dataset=copy index=copy (dataset=1.27 GiB, index=0.00 GiB)
2026-06-03 06:20:30.998 - dataset_manager - INFO - sampling strategy: sequential, unique conversations: 678, unique turn count: 52915
2026-06-03 06:20:31.225 - aiperf.timing.trajectory_source - INFO - TrajectorySource: built 8 trajectories from 225 traces
  range cfg=[0.25, 0.75]  observed sample pct: min= 27% median= 52% max= 69%
    lane=00  sample_time= 39%  root_next= 14/32  ( 44% turns)  live=1 ready=1  trace_id=00e7d11db2db59f44a87b4110175b11d1af3
    lane=01  sample_time= 55%  root_next= 15/28  ( 54% turns)  live=1 ready=1  trace_id=01fece675b92efe07620225cd69c3884f774
    lane=02  sample_time= 55%  root_next=306/594 ( 52% turns)  live=1 ready=1  trace_id=0275949f4db511444909fe92b12f7e921e4a
    lane=03  sample_time= 27%  root_next= 13/27  ( 48% turns)  live=1 ready=1  trace_id=03be8f1eb1e9e620f46bd07068d6ab1aaae3
    lane=04  sample_time= 40%  root_next= 71/151 ( 47% turns)  live=1 ready=1  trace_id=0475b786230f3f2e24220d28e247eaee2dae
    lane=05  sample_time= 50%  root_next= 56/99  ( 57% turns)  live=1 ready=1  trace_id=04b25fe5b2ffa5e7ec9890426cce59838a05
    lane=06  sample_time= 69%  root_next= 10/20  ( 50% turns)  live=1 ready=1  trace_id=06385769df23204ac35c53ad431cf42f7c02
    lane=07  sample_time= 63%  root_next= 53/80  ( 66% turns)  live=1 ready=1  trace_id=07fc71985fbafc8e1abb181b7d28b8349f45
2026-06-03 06:20:31.226 - PhaseOrchestrator_9f2b7dc6 - INFO - Initialized 2 phase(s): ['Warmup', 'Profiling']
2026-06-03 06:20:31.333 - dataset_manager - INFO - Dataset client initialized and freed 0 conversations from memory
2026-06-03 06:20:31.335 - system_controller - INFO - All services configured in 47.01 seconds
2026-06-03 06:20:31.336 - system_controller - INFO - AIPerf System is CONFIGURED
2026-06-03 06:20:31.337 - server_metrics_manager - INFO - Server Metrics: Started 1 collector(s) successfully
2026-06-03 06:20:31.352 - PhaseRunner - NOTICE - Phase warmup started | target: 8 requests
2026-06-03 06:20:31.352 - AgenticReplayTiming - INFO - WARMUP execute: dispatching 8 trajectory credits
2026-06-03 06:20:31.353 - PhaseRunner - NOTICE - Phase warmup sending complete | sent=8, completed=0, in_flight=8
2026-06-03 06:20:31.357 - records_manager - INFO - Credit phase start: warmup
2026-06-03 06:20:31.389 - system_controller - INFO - All services started profiling successfully
2026-06-03 06:20:31.389 - system_controller - INFO - AIPerf System is PROFILING
2026-06-03 06:22:53.780 - PhaseRunner - NOTICE - Phase warmup complete | completed=8, cancelled=0, errors=0 | elapsed=142.43s
2026-06-03 06:22:53.780 - aiperf.timing.branch_orchestrator - INFO - BranchOrchestrator stats: spawned=0 completed=0 errored=0 suspended=0 resumed=0 parents_failed_due_to_child_error=0 joins_suppressed=0
2026-06-03 06:22:53.793 - AgenticReplayTiming - INFO - PROFILING setup: trajectories=8 traces, recycle_queue=225 traces (full pool)
2026-06-03 06:22:53.793 - PhaseRunner - NOTICE - Phase profiling started | target: 1800.0s duration
2026-06-03 06:22:53.793 - PhaseRunner - INFO - Waiting for event 'profiling phase sending' with timeout of 1799.999518781s
2026-06-03 06:22:53.794 - AgenticReplayTiming - INFO - PROFILING execute: resuming 8 trajectory sessions
2026-06-03 06:22:53.793 - records_manager - INFO - Credit phase start: profiling
2026-06-03 06:23:14.120 - records_manager - INFO - [realtime 00:20 profiling] rps=0.4 (avg 0.4) tput_in=34503/s tput_out=49/s done=5 ok=5 err=0
                           ttft p50=816ms  p75=1862ms p95=1998ms p99=2025ms
                           itl  p50=14ms   p75=14ms   p95=15ms   p99=15ms
                           e2e  p50=3161ms p75=3334ms p95=4279ms p99=4468ms
                           intvty p50=73     p75=74     p95=83     p99=85 (1/tpot tok/s)
                           isl  p50=84,067    p75=88,320    p90=149,433   p99=186,101 (tokens)
                           osl  p50=91        p75=196       p90=269       p99=312 (tokens)
                           tot  in=472,957        out=669
                           trace theoretical_prefix_cache_hit=99.6%
                           srv  prefix_cache_hit=49.9% unique_in_srv=742,691 kv_usage=7.4% queue=2r/0w tput_in_srv=7,069/s tput_out_srv=32/s
2026-06-03 06:23:44.153 - records_manager - INFO - [realtime 00:50 profiling] rps=0.1 (avg 0.2) tput_in=18951/s tput_out=74/s done=9 ok=9 err=0
                           ttft p50=926ms  p75=1862ms p95=1994ms p99=2024ms
                           itl  p50=14ms   p75=14ms   p95=15ms   p99=15ms
                           e2e  p50=3407ms p75=4515ms p95=13163ms p99=16541ms
                           intvty p50=74     p75=79     p95=83     p99=85 (1/tpot tok/s)
                           isl  p50=73,485    p75=88,320    p90=109,775   p99=182,135 (tokens)
                           osl  p50=199       p75=317       p90=619       p99=1,117 (tokens)
                           tot  in=700,020        out=2,750
                           trace theoretical_prefix_cache_hit=98.6%
                           srv  prefix_cache_hit=57.6% unique_in_srv=778,564 kv_usage=10.9% queue=4r/0w tput_in_srv=7,654/s tput_out_srv=47/s
2026-06-03 06:24:14.248 - records_manager - INFO - [realtime 01:20 profiling] rps=0.2 (avg 0.2) tput_in=19204/s tput_out=126/s done=16 ok=16 err=0
                           ttft p50=1691ms p75=2071ms p95=3297ms p99=3650ms
                           itl  p50=14ms   p75=15ms   p95=17ms   p99=21ms
                           e2e  p50=4514ms p75=9008ms p95=26286ms p99=43314ms
                           intvty p50=73     p75=77     p95=83     p99=85 (1/tpot tok/s)
                           isl  p50=73,746    p75=85,428    p90=133,964   p99=188,387 (tokens)
                           osl  p50=262       p75=518       p90=1,137     p99=2,819 (tokens)
                           tot  in=1,284,842      out=8,407
                           trace theoretical_prefix_cache_hit=96.3%
                           srv  prefix_cache_hit=70.8% unique_in_srv=833,870 kv_usage=22.9% queue=8r/0w tput_in_srv=9,297/s tput_out_srv=55/s
2026-06-03 06:24:44.345 - records_manager - INFO - [realtime 01:50 profiling] rps=0.4 (avg 0.3) tput_in=21338/s tput_out=113/s done=27 ok=27 err=0
                           ttft p50=1936ms p75=3249ms p95=6327ms p99=8336ms
                           itl  p50=15ms   p75=17ms   p95=58ms   p99=121ms
                           e2e  p50=6797ms p75=13181ms p95=36073ms p99=46462ms
                           intvty p50=68     p75=74     p95=81     p99=84 (1/tpot tok/s)
                           isl  p50=74,397    p75=88,998    p90=140,059   p99=190,175 (tokens)
                           osl  p50=236       p75=346       p90=1,130     p99=2,831 (tokens)
                           tot  in=2,260,024      out=11,993
                           trace theoretical_prefix_cache_hit=94.8%
                           srv  prefix_cache_hit=75.0% unique_in_srv=856,777 kv_usage=11.6% queue=3r/0w tput_in_srv=11,426/s tput_out_srv=63/s
2026-06-03 06:25:14.448 - records_manager - INFO - [realtime 02:20 profiling] rps=0.1 (avg 0.2) tput_in=19840/s tput_out=103/s done=31 ok=31 err=0
                           ttft p50=1936ms p75=3249ms p95=6258ms p99=8233ms
                           itl  p50=15ms   p75=16ms   p95=57ms   p99=118ms
                           e2e  p50=6797ms p75=13181ms p95=31250ms p99=46292ms
                           intvty p50=68     p75=73     p95=81     p99=84 (1/tpot tok/s)
                           isl  p50=74,397    p75=88,998    p90=131,241   p99=190,175 (tokens)
                           osl  p50=247       p75=428       p90=1,102     p99=2,788 (tokens)
                           tot  in=2,577,528      out=13,425
                           trace theoretical_prefix_cache_hit=94.8%
                           srv  prefix_cache_hit=77.1% unique_in_srv=875,054 kv_usage=13.9% queue=4r/0w tput_in_srv=11,593/s tput_out_srv=73/s
2026-06-03 06:25:44.571 - records_manager - INFO - [realtime 02:50 profiling] rps=0.3 (avg 0.2) tput_in=21389/s tput_out=144/s done=41 ok=41 err=0
                           ttft p50=1862ms p75=3094ms p95=6087ms p99=7975ms
                           itl  p50=15ms   p75=17ms   p95=59ms   p99=140ms
                           e2e  p50=7683ms p75=13380ms p95=47570ms p99=76002ms
                           intvty p50=68     p75=73     p95=80     p99=84 (1/tpot tok/s)
                           isl  p50=80,109    p75=90,254    p90=178,254   p99=190,525 (tokens)
                           osl  p50=269       p75=629       p90=1,172     p99=3,850 (tokens)
                           tot  in=3,588,425      out=24,170
                           trace theoretical_prefix_cache_hit=96.0%
                           srv  prefix_cache_hit=81.1% unique_in_srv=881,016 kv_usage=9.0% queue=3r/0w tput_in_srv=12,939/s tput_out_srv=81/s
2026-06-03 06:26:14.708 - records_manager - INFO - [realtime 03:20 profiling] rps=0.2 (avg 0.2) tput_in=21450/s tput_out=146/s done=47 ok=47 err=0
                           ttft p50=1862ms p75=3066ms p95=5949ms p99=7821ms
                           itl  p50=15ms   p75=18ms   p95=58ms   p99=139ms
                           e2e  p50=8273ms p75=13401ms p95=46292ms p99=73796ms
                           intvty p50=66     p75=72     p95=79     p99=84 (1/tpot tok/s)
                           isl  p50=80,109    p75=90,866    p90=151,787   p99=190,490 (tokens)
                           osl  p50=294       p75=664       p90=1,130     p99=3,776 (tokens)
                           tot  in=4,070,961      out=27,804
                           trace theoretical_prefix_cache_hit=96.4%
                           srv  prefix_cache_hit=83.2% unique_in_srv=891,953 kv_usage=13.9% queue=4r/0w tput_in_srv=13,391/s tput_out_srv=92/s
2026-06-03 06:26:44.863 - records_manager - INFO - [realtime 03:51 profiling] rps=0.2 (avg 0.2) tput_in=21546/s tput_out=157/s done=54 ok=54 err=0
                           ttft p50=1841ms p75=2907ms p95=5789ms p99=7640ms
                           itl  p50=15ms   p75=18ms   p95=56ms   p99=139ms
                           e2e  p50=7978ms p75=14264ms p95=50122ms p99=74322ms
                           intvty p50=65     p75=72     p95=79     p99=83 (1/tpot tok/s)
                           isl  p50=83,538    p75=91,171    p90=165,714   p99=191,062 (tokens)
                           osl  p50=288       p75=724       p90=1,777     p99=3,781 (tokens)
                           tot  in=4,807,430      out=35,050
                           trace theoretical_prefix_cache_hit=96.8%
                           srv  prefix_cache_hit=84.8% unique_in_srv=896,593 kv_usage=10.1% queue=3r/0w tput_in_srv=14,080/s tput_out_srv=100/s
2026-06-03 06:27:15.028 - records_manager - INFO - [realtime 04:21 profiling] rps=0.2 (avg 0.2) tput_in=20430/s tput_out=154/s done=59 ok=59 err=0
                           ttft p50=1818ms p75=2515ms p95=5674ms p99=7512ms
                           itl  p50=16ms   p75=18ms   p95=55ms   p99=138ms
                           e2e  p50=8273ms p75=14572ms p95=48654ms p99=72776ms
                           intvty p50=64     p75=71     p95=79     p99=83 (1/tpot tok/s)
                           isl  p50=84,067    p75=91,704    p90=146,101   p99=191,029 (tokens)
                           osl  p50=317       p75=744       p90=2,044     p99=3,728 (tokens)
                           tot  in=5,250,553      out=39,474
                           trace theoretical_prefix_cache_hit=96.8%
                           srv  prefix_cache_hit=85.9% unique_in_srv=910,648 kv_usage=12.8% queue=3r/0w tput_in_srv=14,333/s tput_out_srv=109/s
2026-06-03 06:27:45.212 - records_manager - INFO - [realtime 04:51 profiling] rps=0.3 (avg 0.2) tput_in=20636/s tput_out=150/s done=67 ok=67 err=0
                           ttft p50=1681ms p75=2478ms p95=5225ms p99=7305ms
                           itl  p50=16ms   p75=18ms   p95=58ms   p99=138ms
                           e2e  p50=7683ms p75=14572ms p95=47918ms p99=70302ms
                           intvty p50=61     p75=70     p95=78     p99=83 (1/tpot tok/s)
                           isl  p50=84,137    p75=93,184    p90=139,449   p99=190,978 (tokens)
                           osl  p50=283       p75=744       p90=2,034     p99=3,643 (tokens)
                           tot  in=5,967,383      out=43,290
                           trace theoretical_prefix_cache_hit=97.1%
                           srv  prefix_cache_hit=87.1% unique_in_srv=948,918 kv_usage=21.7% queue=6r/0w tput_in_srv=15,303/s tput_out_srv=113/s
2026-06-03 06:28:15.423 - records_manager - INFO - [realtime 05:21 profiling] rps=0.3 (avg 0.2) tput_in=20466/s tput_out=159/s done=75 ok=75 err=0
                           ttft p50=1520ms p75=2416ms p95=4688ms p99=7099ms
                           itl  p50=17ms   p75=19ms   p95=56ms   p99=137ms
                           e2e  p50=7390ms p75=14572ms p95=49828ms p99=91181ms
                           intvty p50=60     p75=69     p95=78     p99=83 (1/tpot tok/s)
                           isl  p50=84,098    p75=91,704    p90=140,143   p99=190,926 (tokens)
                           osl  p50=283       p75=744       p90=2,035     p99=4,418 (tokens)
                           tot  in=6,460,263      out=50,221
                           trace theoretical_prefix_cache_hit=96.9%
                           srv  prefix_cache_hit=86.8% unique_in_srv=1,010,417 kv_usage=12.9% queue=5r/0w tput_in_srv=14,961/s tput_out_srv=121/s
2026-06-03 06:28:45.693 - records_manager - INFO - [realtime 05:51 profiling] rps=0.4 (avg 0.3) tput_in=20503/s tput_out=160/s done=86 ok=86 err=0
                           ttft p50=1455ms p75=2344ms p95=5293ms p99=6884ms
                           itl  p50=17ms   p75=19ms   p95=49ms   p99=136ms
                           e2e  p50=6812ms p75=14414ms p95=52416ms p99=90982ms
                           intvty p50=60     p75=68     p95=77     p99=82 (1/tpot tok/s)
                           isl  p50=83,538    p75=90,109    p90=137,259   p99=190,855 (tokens)
                           osl  p50=262       p75=724       p90=2,034     p99=4,387 (tokens)
                           tot  in=7,050,467      out=55,082
                           trace theoretical_prefix_cache_hit=96.0%
                           srv  prefix_cache_hit=87.3% unique_in_srv=1,040,349 kv_usage=11.3% queue=4r/0w tput_in_srv=15,156/s tput_out_srv=128/s
2026-06-03 06:29:15.964 - records_manager - INFO - [realtime 06:22 profiling] rps=0.3 (avg 0.3) tput_in=20316/s tput_out=165/s done=96 ok=96 err=0
                           ttft p50=1408ms p75=2192ms p95=4621ms p99=6635ms
                           itl  p50=17ms   p75=19ms   p95=37ms   p99=135ms
                           e2e  p50=6583ms p75=14153ms p95=53884ms p99=92608ms
                           intvty p50=59     p75=68     p95=76     p99=82 (1/tpot tok/s)
                           isl  p50=83,538    p75=89,820    p90=135,299   p99=190,790 (tokens)
                           osl  p50=247       p75=700       p90=2,034     p99=4,560 (tokens)
                           tot  in=7,683,320      out=62,363
                           trace theoretical_prefix_cache_hit=96.0%
                           srv  prefix_cache_hit=88.1% unique_in_srv=1,059,629 kv_usage=13.7% queue=3r/0w tput_in_srv=15,617/s tput_out_srv=132/s
2026-06-03 06:29:46.276 - records_manager - INFO - [realtime 06:52 profiling] rps=0.3 (avg 0.3) tput_in=20045/s tput_out=174/s done=104 ok=104 err=0
                           ttft p50=1350ms p75=2165ms p95=4240ms p99=6508ms
                           itl  p50=17ms   p75=19ms   p95=31ms   p99=134ms
                           e2e  p50=6197ms p75=13572ms p95=53929ms p99=94216ms
                           intvty p50=60     p75=68     p95=76     p99=82 (1/tpot tok/s)
                           isl  p50=79,688    p75=88,858    p90=135,761   p99=191,385 (tokens)
                           osl  p50=242       p75=684       p90=2,035     p99=4,631 (tokens)
                           tot  in=8,196,818      out=71,330
                           trace theoretical_prefix_cache_hit=96.1%
                           srv  prefix_cache_hit=88.6% unique_in_srv=1,072,897 kv_usage=12.8% queue=4r/0w tput_in_srv=15,509/s tput_out_srv=136/s
2026-06-03 06:30:16.627 - records_manager - INFO - [realtime 07:22 profiling] rps=0.4 (avg 0.3) tput_in=20443/s tput_out=174/s done=116 ok=116 err=0
                           ttft p50=1319ms p75=2065ms p95=4059ms p99=6498ms
                           itl  p50=17ms   p75=19ms   p95=32ms   p99=130ms
                           e2e  p50=5745ms p75=13349ms p95=54892ms p99=94007ms
                           intvty p50=60     p75=68     p95=75     p99=81 (1/tpot tok/s)
                           isl  p50=76,886    p75=88,675    p90=133,370   p99=191,307 (tokens)
                           osl  p50=236       p75=670       p90=2,034     p99=4,621 (tokens)
                           tot  in=9,003,752      out=76,804
                           trace theoretical_prefix_cache_hit=96.3%
                           srv  prefix_cache_hit=89.4% unique_in_srv=1,084,842 kv_usage=15.6% queue=5r/0w tput_in_srv=16,229/s tput_out_srv=140/s
2026-06-03 06:30:47.096 - records_manager - INFO - [realtime 07:53 profiling] rps=0.4 (avg 0.3) tput_in=21742/s tput_out=188/s done=128 ok=128 err=0
                           ttft p50=1319ms p75=2065ms p95=3898ms p99=6488ms
                           itl  p50=17ms   p75=19ms   p95=30ms   p99=125ms
                           e2e  p50=5745ms p75=13391ms p95=56414ms p99=97218ms
                           intvty p50=60     p75=68     p95=76     p99=82 (1/tpot tok/s)
                           isl  p50=76,886    p75=89,182    p90=134,837   p99=192,389 (tokens)
                           osl  p50=236       p75=676       p90=2,034     p99=5,290 (tokens)
                           tot  in=10,155,773     out=87,856
                           trace theoretical_prefix_cache_hit=96.5%
                           srv  prefix_cache_hit=90.2% unique_in_srv=1,106,312 kv_usage=10.5% queue=4r/0w tput_in_srv=17,034/s tput_out_srv=141/s
2026-06-03 06:31:17.517 - records_manager - INFO - [realtime 08:23 profiling] rps=0.1 (avg 0.3) tput_in=21721/s tput_out=185/s done=131 ok=131 err=0
                           ttft p50=1320ms p75=2039ms p95=3861ms p99=6486ms
                           itl  p50=17ms   p75=19ms   p95=29ms   p99=124ms
                           e2e  p50=5744ms p75=13359ms p95=55843ms p99=97097ms
                           intvty p50=60     p75=68     p95=76     p99=82 (1/tpot tok/s)
                           isl  p50=79,268    p75=89,381    p90=134,143   p99=192,348 (tokens)
                           osl  p50=236       p75=672       p90=2,033     p99=5,263 (tokens)
                           tot  in=10,431,187     out=88,733
                           trace theoretical_prefix_cache_hit=96.6%
                           srv  prefix_cache_hit=89.9% unique_in_srv=1,209,753 kv_usage=21.3% queue=7r/0w tput_in_srv=17,252/s tput_out_srv=143/s
2026-06-03 06:31:47.982 - records_manager - INFO - [realtime 08:54 profiling] rps=0.3 (avg 0.3) tput_in=21628/s tput_out=184/s done=140 ok=140 err=0
                           ttft p50=1361ms p75=2133ms p95=5077ms p99=8305ms
                           itl  p50=17ms   p75=19ms   p95=27ms   p99=121ms
                           e2e  p50=6442ms p75=14153ms p95=54130ms p99=96733ms
                           intvty p50=60     p75=68     p95=76     p99=82 (1/tpot tok/s)
                           isl  p50=83,538    p75=91,590    p90=134,374   p99=193,343 (tokens)
                           osl  p50=247       p75=684       p90=1,952     p99=5,182 (tokens)
                           tot  in=11,360,789     out=96,627
                           trace theoretical_prefix_cache_hit=96.0%
                           srv  prefix_cache_hit=90.5% unique_in_srv=1,215,398 kv_usage=17.9% queue=5r/0w tput_in_srv=17,511/s tput_out_srv=147/s
2026-06-03 06:32:18.516 - records_manager - INFO - [realtime 09:24 profiling] rps=0.1 (avg 0.3) tput_in=21390/s tput_out=186/s done=144 ok=144 err=0
                           ttft p50=1350ms p75=2065ms p95=4933ms p99=8233ms
                           itl  p50=17ms   p75=19ms   p95=27ms   p99=119ms
                           e2e  p50=6572ms p75=14558ms p95=57176ms p99=96572ms
                           intvty p50=60     p75=68     p95=76     p99=82 (1/tpot tok/s)
                           isl  p50=83,538    p75=91,590    p90=133,680   p99=193,305 (tokens)
                           osl  p50=262       p75=700       p90=2,006     p99=5,146 (tokens)
                           tot  in=11,665,912     out=101,214
                           trace theoretical_prefix_cache_hit=96.0%
                           srv  prefix_cache_hit=89.8% unique_in_srv=1,329,756 kv_usage=17.5% queue=5r/1w tput_in_srv=17,161/s tput_out_srv=147/s
2026-06-03 06:32:49.028 - records_manager - INFO - [realtime 09:55 profiling] rps=0.2 (avg 0.3) tput_in=20336/s tput_out=174/s done=149 ok=149 err=0
                           ttft p50=1353ms p75=2045ms p95=4743ms p99=8143ms
                           itl  p50=17ms   p75=19ms   p95=32ms   p99=118ms
                           e2e  p50=6570ms p75=14598ms p95=56224ms p99=96370ms
                           intvty p50=59     p75=68     p95=76     p99=82 (1/tpot tok/s)
                           isl  p50=84,067    p75=91,624    p90=132,907   p99=193,256 (tokens)
                           osl  p50=257       p75=689       p90=1,961     p99=5,101 (tokens)
                           tot  in=12,015,778     out=103,062
                           trace theoretical_prefix_cache_hit=96.1%
                           srv  prefix_cache_hit=89.9% unique_in_srv=1,370,633 kv_usage=22.3% queue=7r/0w tput_in_srv=17,296/s tput_out_srv=151/s
2026-06-03 06:33:19.616 - records_manager - INFO - [realtime 10:25 profiling] rps=0.4 (avg 0.3) tput_in=21105/s tput_out=183/s done=160 ok=160 err=0
                           ttft p50=1373ms p75=2065ms p95=5651ms p99=11592ms
                           itl  p50=17ms   p75=19ms   p95=31ms   p99=113ms
                           e2e  p50=6524ms p75=14894ms p95=57849ms p99=112156ms
                           intvty p50=59     p75=67     p95=75     p99=82 (1/tpot tok/s)
                           isl  p50=84,629    p75=92,932    p90=133,070   p99=193,150 (tokens)
                           osl  p50=252       p75=740       p90=1,952     p99=5,427 (tokens)
                           tot  in=13,118,706     out=113,573
                           trace theoretical_prefix_cache_hit=95.3%
                           srv  prefix_cache_hit=90.3% unique_in_srv=1,379,725 kv_usage=11.0% queue=4r/0w tput_in_srv=17,500/s tput_out_srv=154/s
2026-06-03 06:33:50.270 - records_manager - INFO - [realtime 10:56 profiling] rps=0.1 (avg 0.3) tput_in=21273/s tput_out=188/s done=163 ok=163 err=0
                           ttft p50=1374ms p75=2039ms p95=5570ms p99=11565ms
                           itl  p50=17ms   p75=19ms   p95=31ms   p99=112ms
                           e2e  p50=6574ms p75=15733ms p95=57366ms p99=111143ms
                           intvty p50=59     p75=66     p95=75     p99=82 (1/tpot tok/s)
                           isl  p50=84,464    p75=93,433    p90=132,880   p99=193,121 (tokens)
                           osl  p50=267       p75=772       p90=2,015     p99=5,421 (tokens)
                           tot  in=13,315,768     out=117,500
                           trace theoretical_prefix_cache_hit=95.3%
                           srv  prefix_cache_hit=90.2% unique_in_srv=1,445,912 kv_usage=17.3% queue=5r/0w tput_in_srv=17,175/s tput_out_srv=153/s
2026-06-03 06:34:20.920 - records_manager - INFO - [realtime 11:27 profiling] rps=0.2 (avg 0.2) tput_in=20113/s tput_out=177/s done=168 ok=168 err=0
                           ttft p50=1373ms p75=2036ms p95=5425ms p99=11519ms
                           itl  p50=17ms   p75=19ms   p95=33ms   p99=111ms
                           e2e  p50=6583ms p75=16961ms p95=56414ms p99=109454ms
                           intvty p50=59     p75=66     p95=75     p99=82 (1/tpot tok/s)
                           isl  p50=84,959    p75=94,597    p90=132,704   p99=193,072 (tokens)
                           osl  p50=267       p75=792       p90=1,970     p99=5,412 (tokens)
                           tot  in=13,762,974     out=121,171
                           trace theoretical_prefix_cache_hit=95.4%
                           srv  prefix_cache_hit=90.5% unique_in_srv=1,455,921 kv_usage=22.9% queue=6r/0w tput_in_srv=17,504/s tput_out_srv=154/s
2026-06-03 06:34:51.652 - records_manager - INFO - [realtime 11:57 profiling] rps=0.2 (avg 0.2) tput_in=20518/s tput_out=178/s done=175 ok=175 err=0
                           ttft p50=1381ms p75=2039ms p95=6190ms p99=14513ms
                           itl  p50=17ms   p75=19ms   p95=33ms   p99=108ms
                           e2e  p50=6592ms p75=17103ms p95=57640ms p99=107090ms
                           intvty p50=59     p75=66     p95=74     p99=82 (1/tpot tok/s)
                           isl  p50=85,396    p75=94,758    p90=132,810   p99=194,138 (tokens)
                           osl  p50=267       p75=792       p90=1,912     p99=5,400 (tokens)
                           tot  in=14,480,386     out=125,559
                           trace theoretical_prefix_cache_hit=95.1%
                           srv  prefix_cache_hit=90.8% unique_in_srv=1,460,801 kv_usage=18.2% queue=5r/0w tput_in_srv=17,513/s tput_out_srv=158/s
2026-06-03 06:35:22.423 - records_manager - INFO - [realtime 12:28 profiling] rps=0.3 (avg 0.2) tput_in=20850/s tput_out=188/s done=185 ok=185 err=0
                           ttft p50=1386ms p75=2033ms p95=5995ms p99=13927ms
                           itl  p50=17ms   p75=19ms   p95=34ms   p99=104ms
                           e2e  p50=6797ms p75=17386ms p95=57716ms p99=133497ms
                           intvty p50=59     p75=66     p95=75     p99=82 (1/tpot tok/s)
                           isl  p50=86,056    p75=95,346    p90=132,810   p99=195,388 (tokens)
                           osl  p50=269       p75=793       p90=1,992     p99=5,792 (tokens)
                           tot  in=15,468,716     out=139,267
                           trace theoretical_prefix_cache_hit=95.3%
                           srv  prefix_cache_hit=91.1% unique_in_srv=1,471,275 kv_usage=6.7% queue=2r/0w tput_in_srv=17,552/s tput_out_srv=158/s
2026-06-03 06:35:53.206 - records_manager - INFO - [realtime 12:59 profiling] rps=0.1 (avg 0.2) tput_in=20260/s tput_out=180/s done=187 ok=187 err=0
                           ttft p50=1386ms p75=2039ms p95=6327ms p99=13809ms
                           itl  p50=17ms   p75=20ms   p95=34ms   p99=104ms
                           e2e  p50=6797ms p75=17103ms p95=57701ms p99=133320ms
                           intvty p50=59     p75=66     p95=75     p99=82 (1/tpot tok/s)
                           isl  p50=86,056    p75=95,213    p90=132,739   p99=195,381 (tokens)
                           osl  p50=267       p75=792       p90=1,975     p99=5,760 (tokens)
                           tot  in=15,657,098     out=139,374
                           trace theoretical_prefix_cache_hit=95.4%
                           srv  prefix_cache_hit=91.2% unique_in_srv=1,520,142 kv_usage=23.5% queue=6r/0w tput_in_srv=17,760/s tput_out_srv=156/s
2026-06-03 06:36:24.084 - records_manager - INFO - [realtime 13:30 profiling] rps=0.3 (avg 0.2) tput_in=20396/s tput_out=184/s done=195 ok=195 err=0
                           ttft p50=1381ms p75=2039ms p95=6454ms p99=18992ms
                           itl  p50=17ms   p75=20ms   p95=35ms   p99=101ms
                           e2e  p50=6592ms p75=17504ms p95=58359ms p99=132613ms
                           intvty p50=58     p75=66     p95=74     p99=82 (1/tpot tok/s)
                           isl  p50=87,021    p75=95,213    p90=132,810   p99=195,349 (tokens)
                           osl  p50=267       p75=814       p90=1,992     p99=5,630 (tokens)
                           tot  in=16,417,412     out=147,834
                           trace theoretical_prefix_cache_hit=95.5%
                           srv  prefix_cache_hit=91.4% unique_in_srv=1,529,391 kv_usage=16.7% queue=4r/0w tput_in_srv=17,785/s tput_out_srv=158/s
2026-06-03 06:36:54.975 - records_manager - INFO - [realtime 14:01 profiling] rps=0.3 (avg 0.2) tput_in=20762/s tput_out=184/s done=203 ok=203 err=0
                           ttft p50=1382ms p75=2032ms p95=6502ms p99=21142ms
                           itl  p50=17ms   p75=19ms   p95=34ms   p99=98ms
                           e2e  p50=6592ms p75=17856ms p95=59584ms p99=131803ms
                           intvty p50=59     p75=66     p95=74     p99=82 (1/tpot tok/s)
                           isl  p50=87,613    p75=96,443    p90=132,880   p99=195,708 (tokens)
                           osl  p50=267       p75=848       p90=2,008     p99=5,531 (tokens)
                           tot  in=17,321,561     out=153,549
                           trace theoretical_prefix_cache_hit=95.4%
                           srv  prefix_cache_hit=91.6% unique_in_srv=1,536,669 kv_usage=7.5% queue=2r/0w tput_in_srv=17,805/s tput_out_srv=160/s
2026-06-03 06:37:25.940 - records_manager - INFO - [realtime 14:32 profiling] rps=0.2 (avg 0.2) tput_in=20539/s tput_out=182/s done=208 ok=208 err=0
                           ttft p50=1390ms p75=2036ms p95=6482ms p99=21025ms
                           itl  p50=17ms   p75=19ms   p95=35ms   p99=133ms
                           e2e  p50=6657ms p75=18217ms p95=59074ms p99=131102ms
                           intvty p50=59     p75=65     p95=74     p99=82 (1/tpot tok/s)
                           isl  p50=87,786    p75=96,443    p90=132,704   p99=195,689 (tokens)
                           osl  p50=268       p75=868       p90=2,027     p99=5,526 (tokens)
                           tot  in=17,787,544     out=157,579
                           trace theoretical_prefix_cache_hit=95.5%
                           srv  prefix_cache_hit=91.9% unique_in_srv=1,559,875 kv_usage=22.1% queue=5r/0w tput_in_srv=17,991/s tput_out_srv=160/s
2026-06-03 06:37:56.914 - records_manager - INFO - [realtime 15:03 profiling] rps=0.2 (avg 0.2) tput_in=20262/s tput_out=178/s done=213 ok=213 err=0
                           ttft p50=1382ms p75=2033ms p95=6462ms p99=20908ms
                           itl  p50=17ms   p75=19ms   p95=35ms   p99=131ms
                           e2e  p50=6592ms p75=18595ms p95=58563ms p99=130402ms
                           intvty p50=58     p75=65     p95=74     p99=82 (1/tpot tok/s)
                           isl  p50=88,030    p75=96,443    p90=132,327   p99=195,669 (tokens)
                           osl  p50=267       p75=870       p90=2,008     p99=5,520 (tokens)
                           tot  in=18,235,057     out=159,979
                           trace theoretical_prefix_cache_hit=95.5%
                           srv  prefix_cache_hit=92.1% unique_in_srv=1,563,434 kv_usage=25.5% queue=6r/0w tput_in_srv=18,228/s tput_out_srv=163/s
2026-06-03 06:38:27.999 - records_manager - INFO - [realtime 15:34 profiling] rps=0.2 (avg 0.2) tput_in=20436/s tput_out=178/s done=220 ok=220 err=0
                           ttft p50=1381ms p75=2032ms p95=6434ms p99=20745ms
                           itl  p50=17ms   p75=20ms   p95=36ms   p99=141ms
                           e2e  p50=6657ms p75=18725ms p95=59940ms p99=129421ms
                           intvty p50=58     p75=64     p95=73     p99=81 (1/tpot tok/s)
                           isl  p50=88,210    p75=96,443    p90=132,633   p99=196,662 (tokens)
                           osl  p50=268       p75=875       p90=2,025     p99=5,513 (tokens)
                           tot  in=19,004,550     out=165,708
                           trace theoretical_prefix_cache_hit=95.6%
                           srv  prefix_cache_hit=92.2% unique_in_srv=1,582,795 kv_usage=17.3% queue=4r/0w tput_in_srv=18,140/s tput_out_srv=166/s
2026-06-03 06:38:59.134 - records_manager - INFO - [realtime 16:05 profiling] rps=0.3 (avg 0.2) tput_in=20835/s tput_out=193/s done=228 ok=228 err=0
                           ttft p50=1384ms p75=2036ms p95=6482ms p99=20558ms
                           itl  p50=17ms   p75=20ms   p95=35ms   p99=141ms
                           e2e  p50=6759ms p75=19239ms p95=63175ms p99=138533ms
                           intvty p50=58     p75=65     p95=74     p99=82 (1/tpot tok/s)
                           isl  p50=88,508    p75=96,443    p90=133,309   p99=196,744 (tokens)
                           osl  p50=270       p75=986       p90=2,048     p99=6,715 (tokens)
                           tot  in=19,997,755     out=185,004
                           trace theoretical_prefix_cache_hit=95.6%
                           srv  prefix_cache_hit=92.4% unique_in_srv=1,589,036 kv_usage=4.0% queue=2r/0w tput_in_srv=18,106/s tput_out_srv=166/s
2026-06-03 06:39:30.397 - records_manager - INFO - [realtime 16:36 profiling] rps=0.2 (avg 0.2) tput_in=20696/s tput_out=192/s done=233 ok=233 err=0
                           ttft p50=1382ms p75=2032ms p95=6462ms p99=20441ms
                           itl  p50=17ms   p75=20ms   p95=35ms   p99=140ms
                           e2e  p50=6828ms p75=19191ms p95=63041ms p99=138091ms
                           intvty p50=58     p75=66     p95=75     p99=82 (1/tpot tok/s)
                           isl  p50=88,586    p75=96,443    p90=132,880   p99=196,718 (tokens)
                           osl  p50=294       p75=996       p90=2,069     p99=6,634 (tokens)
                           tot  in=20,463,198     out=190,162
                           trace theoretical_prefix_cache_hit=95.6%
                           srv  prefix_cache_hit=92.4% unique_in_srv=1,637,458 kv_usage=5.2% queue=2r/1w tput_in_srv=17,982/s tput_out_srv=165/s
2026-06-03 06:40:01.674 - records_manager - INFO - [realtime 17:07 profiling] rps=0.3 (avg 0.2) tput_in=20903/s tput_out=190/s done=242 ok=242 err=0
                           ttft p50=1397ms p75=2042ms p95=6582ms p99=20231ms
                           itl  p50=17ms   p75=20ms   p95=34ms   p99=140ms
                           e2e  p50=6985ms p75=19333ms p95=62673ms p99=137296ms
                           intvty p50=58     p75=66     p95=75     p99=82 (1/tpot tok/s)
                           isl  p50=89,052    p75=96,443    p90=132,916   p99=197,298 (tokens)
                           osl  p50=298       p75=993       p90=2,036     p99=6,488 (tokens)
                           tot  in=21,405,169     out=194,703
                           trace theoretical_prefix_cache_hit=95.5%
                           srv  prefix_cache_hit=92.7% unique_in_srv=1,642,240 kv_usage=9.9% queue=3r/0w tput_in_srv=18,512/s tput_out_srv=165/s
2026-06-03 06:40:32.948 - records_manager - INFO - [realtime 17:39 profiling] rps=0.1 (avg 0.2) tput_in=20635/s tput_out=187/s done=246 ok=246 err=0
                           ttft p50=1390ms p75=2033ms p95=6567ms p99=20137ms
                           itl  p50=17ms   p75=20ms   p95=34ms   p99=139ms
                           e2e  p50=7006ms p75=19333ms p95=62066ms p99=136943ms
                           intvty p50=58     p75=65     p95=75     p99=82 (1/tpot tok/s)
                           isl  p50=89,377    p75=98,326    p90=132,774   p99=197,270 (tokens)
                           osl  p50=303       p75=993       p90=2,034     p99=6,423 (tokens)
                           tot  in=21,783,639     out=197,677
                           trace theoretical_prefix_cache_hit=95.1%
                           srv  prefix_cache_hit=92.9% unique_in_srv=1,646,114 kv_usage=18.9% queue=5r/0w tput_in_srv=18,608/s tput_out_srv=168/s
2026-06-03 06:41:04.413 - records_manager - INFO - [realtime 18:10 profiling] rps=0.2 (avg 0.2) tput_in=20911/s tput_out=190/s done=253 ok=253 err=0
                           ttft p50=1386ms p75=2045ms p95=6540ms p99=19974ms
                           itl  p50=17ms   p75=20ms   p95=33ms   p99=139ms
                           e2e  p50=7023ms p75=19695ms p95=63041ms p99=136324ms
                           intvty p50=58     p75=65     p95=75     p99=82 (1/tpot tok/s)
                           isl  p50=90,254    p75=104,142   p90=133,905   p99=198,050 (tokens)
                           osl  p50=308       p75=999       p90=2,069     p99=6,310 (tokens)
                           tot  in=22,728,569     out=206,687
                           trace theoretical_prefix_cache_hit=95.2%
                           srv  prefix_cache_hit=93.2% unique_in_srv=1,652,537 kv_usage=20.5% queue=6r/0w tput_in_srv=18,940/s tput_out_srv=169/s
2026-06-03 06:41:35.913 - records_manager - INFO - [realtime 18:42 profiling] rps=0.2 (avg 0.2) tput_in=21099/s tput_out=194/s done=259 ok=259 err=0
                           ttft p50=1386ms p75=2049ms p95=6518ms p99=19833ms
                           itl  p50=17ms   p75=20ms   p95=33ms   p99=138ms
                           e2e  p50=7390ms p75=20533ms p95=62879ms p99=135794ms
                           intvty p50=58     p75=65     p95=75     p99=82 (1/tpot tok/s)
                           isl  p50=90,375    p75=106,849   p90=134,605   p99=197,992 (tokens)
                           osl  p50=317       p75=1,011     p90=2,143     p99=6,213 (tokens)
                           tot  in=23,466,862     out=216,111
                           trace theoretical_prefix_cache_hit=95.2%
                           srv  prefix_cache_hit=93.3% unique_in_srv=1,653,517 kv_usage=17.6% queue=4r/0w tput_in_srv=18,969/s tput_out_srv=171/s
2026-06-03 06:42:07.533 - records_manager - INFO - [realtime 19:13 profiling] rps=0.3 (avg 0.2) tput_in=21611/s tput_out=195/s done=269 ok=269 err=0
                           ttft p50=1416ms p75=2087ms p95=6478ms p99=19600ms
                           itl  p50=17ms   p75=19ms   p95=33ms   p99=138ms
                           e2e  p50=7683ms p75=20265ms p95=61610ms p99=134910ms
                           intvty p50=58     p75=65     p95=74     p99=82 (1/tpot tok/s)
                           isl  p50=91,624    p75=111,114   p90=138,756   p99=198,943 (tokens)
                           osl  p50=323       p75=1,006     p90=2,280     p99=6,051 (tokens)
                           tot  in=24,850,343     out=224,562
                           trace theoretical_prefix_cache_hit=95.4%
                           srv  prefix_cache_hit=93.6% unique_in_srv=1,659,980 kv_usage=10.9% queue=3r/0w tput_in_srv=19,372/s tput_out_srv=171/s
2026-06-03 06:42:39.273 - records_manager - INFO - [realtime 19:45 profiling] rps=0.3 (avg 0.2) tput_in=22006/s tput_out=195/s done=278 ok=278 err=0
                           ttft p50=1417ms p75=2078ms p95=6442ms p99=19389ms
                           itl  p50=17ms   p75=19ms   p95=33ms   p99=137ms
                           e2e  p50=7589ms p75=20171ms p95=60244ms p99=134115ms
                           intvty p50=58     p75=65     p95=75     p99=82 (1/tpot tok/s)
                           isl  p50=91,972    p75=112,290   p90=152,547   p99=200,025 (tokens)
                           osl  p50=321       p75=1,006     p90=2,158     p99=5,905 (tokens)
                           tot  in=25,997,288     out=230,477
                           trace theoretical_prefix_cache_hit=95.6%
                           srv  prefix_cache_hit=93.8% unique_in_srv=1,664,781 kv_usage=3.1% queue=1r/0w tput_in_srv=19,560/s tput_out_srv=171/s
2026-06-03 06:43:10.955 - records_manager - INFO - [realtime 20:17 profiling] rps=0.1 (avg 0.2) tput_in=21904/s tput_out=193/s done=281 ok=281 err=0
                           ttft p50=1419ms p75=2054ms p95=6430ms p99=19319ms
                           itl  p50=17ms   p75=19ms   p95=33ms   p99=137ms
                           e2e  p50=7683ms p75=19888ms p95=59788ms p99=133850ms
                           intvty p50=58     p75=65     p95=75     p99=82 (1/tpot tok/s)
                           isl  p50=92,265    p75=112,446   p90=141,529   p99=199,992 (tokens)
                           osl  p50=323       p75=1,006     p90=2,114     p99=5,857 (tokens)
                           tot  in=26,351,352     out=231,620
                           trace theoretical_prefix_cache_hit=95.6%
                           srv  prefix_cache_hit=93.7% unique_in_srv=1,746,948 kv_usage=15.8% queue=5r/0w tput_in_srv=19,665/s tput_out_srv=171/s
2026-06-03 06:43:42.656 - records_manager - INFO - [realtime 20:48 profiling] rps=0.0 (avg 0.2) tput_in=21632/s tput_out=190/s done=282 ok=282 err=0
                           ttft p50=1425ms p75=2052ms p95=6412ms p99=19296ms
                           itl  p50=17ms   p75=19ms   p95=33ms   p99=137ms
                           e2e  p50=7978ms p75=19840ms p95=59686ms p99=133762ms
                           intvty p50=58     p75=65     p95=75     p99=82 (1/tpot tok/s)
                           isl  p50=92,348    p75=112,446   p90=141,182   p99=199,981 (tokens)
                           osl  p50=331       p75=1,004     p90=2,110     p99=5,841 (tokens)
                           tot  in=26,469,621     out=232,088
                           trace theoretical_prefix_cache_hit=95.6%
                           srv  prefix_cache_hit=93.2% unique_in_srv=1,894,109 kv_usage=21.5% queue=6r/2w tput_in_srv=19,384/s tput_out_srv=169/s
2026-06-03 06:44:14.413 - records_manager - INFO - [realtime 21:20 profiling] rps=0.1 (avg 0.2) tput_in=21044/s tput_out=185/s done=285 ok=285 err=0
                           ttft p50=1431ms p75=2087ms p95=6494ms p99=21213ms
                           itl  p50=17ms   p75=20ms   p95=35ms   p99=136ms
                           e2e  p50=8438ms p75=20801ms p95=62217ms p99=133497ms
                           intvty p50=58     p75=65     p95=75     p99=82 (1/tpot tok/s)
                           isl  p50=92,430    p75=112,446   p90=141,529   p99=199,948 (tokens)
                           osl  p50=345       p75=1,006     p90=2,099     p99=5,792 (tokens)
                           tot  in=26,827,611     out=235,344
                           trace theoretical_prefix_cache_hit=95.7%
                           srv  prefix_cache_hit=93.2% unique_in_srv=1,930,972 kv_usage=20.8% queue=6r/0w tput_in_srv=19,266/s tput_out_srv=169/s
2026-06-03 06:44:46.206 - records_manager - INFO - [realtime 21:52 profiling] rps=0.2 (avg 0.2) tput_in=20988/s tput_out=185/s done=291 ok=291 err=0
                           ttft p50=1442ms p75=2107ms p95=6548ms p99=21419ms
                           itl  p50=17ms   p75=20ms   p95=35ms   p99=136ms
                           e2e  p50=8438ms p75=21386ms p95=63094ms p99=132966ms
                           intvty p50=58     p75=64     p95=74     p99=82 (1/tpot tok/s)
                           isl  p50=92,723    p75=112,446   p90=141,529   p99=199,882 (tokens)
                           osl  p50=345       p75=1,006     p90=2,114     p99=5,695 (tokens)
                           tot  in=27,401,059     out=241,772
                           trace theoretical_prefix_cache_hit=95.6%
                           srv  prefix_cache_hit=93.3% unique_in_srv=1,936,392 kv_usage=22.9% queue=6r/0w tput_in_srv=19,314/s tput_out_srv=172/s
2026-06-03 06:45:18.143 - records_manager - INFO - [realtime 22:24 profiling] rps=0.2 (avg 0.2) tput_in=21255/s tput_out=190/s done=297 ok=297 err=0
                           ttft p50=1462ms p75=2150ms p95=6710ms p99=22230ms
                           itl  p50=17ms   p75=20ms   p95=34ms   p99=135ms
                           e2e  p50=8773ms p75=21929ms p95=65884ms p99=132436ms
                           intvty p50=57     p75=64     p95=75     p99=82 (1/tpot tok/s)
                           isl  p50=93,290    p75=112,446   p90=156,219   p99=200,977 (tokens)
                           osl  p50=348       p75=1,016     p90=2,300     p99=5,598 (tokens)
                           tot  in=28,248,780     out=253,116
                           trace theoretical_prefix_cache_hit=95.2%
                           srv  prefix_cache_hit=93.3% unique_in_srv=1,958,551 kv_usage=7.3% queue=3r/1w tput_in_srv=19,003/s tput_out_srv=172/s
2026-06-03 06:45:50.172 - records_manager - INFO - [realtime 22:56 profiling] rps=0.2 (avg 0.2) tput_in=21231/s tput_out=188/s done=305 ok=305 err=0
                           ttft p50=1492ms p75=2198ms p95=7727ms p99=22105ms
                           itl  p50=17ms   p75=20ms   p95=39ms   p99=142ms
                           e2e  p50=8773ms p75=21929ms p95=65205ms p99=131703ms
                           intvty p50=57     p75=64     p95=75     p99=82 (1/tpot tok/s)
                           isl  p50=93,409    p75=112,446   p90=146,748   p99=200,823 (tokens)
                           osl  p50=345       p75=1,015     p90=2,202     p99=5,529 (tokens)
                           tot  in=29,012,637     out=256,621
                           trace theoretical_prefix_cache_hit=95.3%
                           srv  prefix_cache_hit=93.5% unique_in_srv=1,974,851 kv_usage=16.9% queue=4r/0w tput_in_srv=19,418/s tput_out_srv=173/s
2026-06-03 06:46:22.211 - records_manager - INFO - [realtime 23:28 profiling] rps=0.1 (avg 0.2) tput_in=21283/s tput_out=188/s done=308 ok=308 err=0
                           ttft p50=1506ms p75=2218ms p95=7630ms p99=22081ms
                           itl  p50=17ms   p75=20ms   p95=39ms   p99=142ms
                           e2e  p50=8801ms p75=22851ms p95=64860ms p99=131417ms
                           intvty p50=57     p75=64     p95=75     p99=82 (1/tpot tok/s)
                           isl  p50=93,562    p75=112,610   p90=158,636   p99=203,433 (tokens)
                           osl  p50=346       p75=1,017     p90=2,158     p99=5,526 (tokens)
                           tot  in=29,445,351     out=260,023
                           trace theoretical_prefix_cache_hit=95.3%
                           srv  prefix_cache_hit=93.5% unique_in_srv=1,997,975 kv_usage=20.9% queue=5r/0w tput_in_srv=19,220/s tput_out_srv=172/s
2026-06-03 06:46:54.259 - records_manager - INFO - [realtime 24:00 profiling] rps=0.2 (avg 0.2) tput_in=21180/s tput_out=185/s done=313 ok=313 err=0
                           ttft p50=1512ms p75=2263ms p95=8025ms p99=22041ms
                           itl  p50=17ms   p75=20ms   p95=43ms   p99=152ms
                           e2e  p50=8829ms p75=22881ms p95=64285ms p99=130942ms
                           intvty p50=57     p75=64     p95=74     p99=82 (1/tpot tok/s)
                           isl  p50=93,898    p75=113,429   p90=177,051   p99=204,307 (tokens)
                           osl  p50=346       p75=1,016     p90=2,107     p99=5,520 (tokens)
                           tot  in=30,152,680     out=262,732
                           trace theoretical_prefix_cache_hit=95.4%
                           srv  prefix_cache_hit=93.2% unique_in_srv=2,144,393 kv_usage=10.8% queue=3r/3w tput_in_srv=19,151/s tput_out_srv=172/s
2026-06-03 06:47:26.428 - records_manager - INFO - [realtime 24:32 profiling] rps=0.1 (avg 0.2) tput_in=20828/s tput_out=180/s done=317 ok=317 err=0
                           ttft p50=1512ms p75=2299ms p95=9204ms p99=23815ms
                           itl  p50=18ms   p75=20ms   p95=42ms   p99=151ms
                           e2e  p50=8873ms p75=23626ms p95=63824ms p99=130562ms
                           intvty p50=57     p75=64     p95=74     p99=82 (1/tpot tok/s)
                           isl  p50=94,016    p75=113,429   p90=174,646   p99=204,276 (tokens)
                           osl  p50=345       p75=1,015     p90=2,092     p99=5,516 (tokens)
                           tot  in=30,535,889     out=263,972
                           trace theoretical_prefix_cache_hit=95.4%
                           srv  prefix_cache_hit=93.3% unique_in_srv=2,153,791 kv_usage=22.1% queue=5r/0w tput_in_srv=19,319/s tput_out_srv=172/s
2026-06-03 06:47:58.747 - records_manager - INFO - [realtime 25:04 profiling] rps=0.3 (avg 0.2) tput_in=21105/s tput_out=190/s done=327 ok=327 err=0
                           ttft p50=1519ms p75=2359ms p95=10085ms p99=24080ms
                           itl  p50=18ms   p75=20ms   p95=39ms   p99=150ms
                           e2e  p50=9337ms p75=25375ms p95=66429ms p99=138621ms
                           intvty p50=57     p75=64     p95=74     p99=82 (1/tpot tok/s)
                           isl  p50=94,397    p75=113,726   p90=179,666   p99=205,022 (tokens)
                           osl  p50=348       p75=1,018     p90=2,172     p99=6,731 (tokens)
                           tot  in=31,611,541     out=284,025
                           trace theoretical_prefix_cache_hit=95.3%
                           srv  prefix_cache_hit=93.1% unique_in_srv=2,266,432 kv_usage=11.1% queue=3r/0w tput_in_srv=19,361/s tput_out_srv=172/s
2026-06-03 06:48:31.191 - records_manager - INFO - [realtime 25:37 profiling] rps=0.3 (avg 0.2) tput_in=21258/s tput_out=188/s done=337 ok=337 err=0
                           ttft p50=1519ms p75=2389ms p95=10024ms p99=24078ms
                           itl  p50=18ms   p75=20ms   p95=46ms   p99=164ms
                           e2e  p50=8996ms p75=23626ms p95=65884ms p99=137738ms
                           intvty p50=57     p75=64     p95=74     p99=82 (1/tpot tok/s)
                           isl  p50=94,436    p75=114,019   p90=179,666   p99=205,902 (tokens)
                           osl  p50=346       p75=1,015     p90=2,092     p99=6,569 (tokens)
                           tot  in=32,553,626     out=287,828
                           trace theoretical_prefix_cache_hit=95.3%
                           srv  prefix_cache_hit=93.2% unique_in_srv=2,294,922 kv_usage=14.3% queue=4r/0w tput_in_srv=19,612/s tput_out_srv=171/s
2026-06-03 06:49:03.764 - records_manager - INFO - [realtime 26:09 profiling] rps=0.4 (avg 0.2) tput_in=21817/s tput_out=190/s done=350 ok=350 err=0
                           ttft p50=1521ms p75=2374ms p95=9552ms p99=24075ms
                           itl  p50=18ms   p75=20ms   p95=43ms   p99=162ms
                           e2e  p50=9166ms p75=22871ms p95=64630ms p99=136589ms
                           intvty p50=57     p75=64     p95=74     p99=82 (1/tpot tok/s)
                           isl  p50=94,543    p75=114,460   p90=182,111   p99=206,800 (tokens)
                           osl  p50=347       p75=1,006     p90=2,071     p99=6,359 (tokens)
                           tot  in=33,988,868     out=295,280
                           trace theoretical_prefix_cache_hit=95.4%
                           srv  prefix_cache_hit=93.4% unique_in_srv=2,319,885 kv_usage=10.1% queue=3r/0w tput_in_srv=19,982/s tput_out_srv=171/s
2026-06-03 06:49:36.419 - records_manager - INFO - [realtime 26:42 profiling] rps=0.2 (avg 0.2) tput_in=21735/s tput_out=188/s done=355 ok=355 err=0
                           ttft p50=1523ms p75=2359ms p95=9304ms p99=24074ms
                           itl  p50=18ms   p75=20ms   p95=42ms   p99=161ms
                           e2e  p50=9589ms p75=22479ms p95=64054ms p99=136147ms
                           intvty p50=57     p75=64     p95=74     p99=82 (1/tpot tok/s)
                           isl  p50=94,602    p75=114,596   p90=180,372   p99=206,749 (tokens)
                           osl  p50=376       p75=1,004     p90=2,059     p99=6,278 (tokens)
                           tot  in=34,525,638     out=299,415
                           trace theoretical_prefix_cache_hit=95.4%
                           srv  prefix_cache_hit=93.5% unique_in_srv=2,335,659 kv_usage=13.2% queue=3r/0w tput_in_srv=19,978/s tput_out_srv=171/s
2026-06-03 06:50:09.044 - records_manager - INFO - [realtime 27:15 profiling] rps=0.2 (avg 0.2) tput_in=21547/s tput_out=186/s done=361 ok=361 err=0
                           ttft p50=1525ms p75=2310ms p95=9006ms p99=24073ms
                           itl  p50=18ms   p75=20ms   p95=41ms   p99=160ms
                           e2e  p50=9706ms p75=21929ms p95=63364ms p99=135617ms
                           intvty p50=57     p75=64     p95=74     p99=82 (1/tpot tok/s)
                           isl  p50=94,602    p75=114,596   p90=178,484   p99=206,687 (tokens)
                           osl  p50=376       p75=1,003     p90=2,042     p99=6,181 (tokens)
                           tot  in=35,129,348     out=302,657
                           trace theoretical_prefix_cache_hit=95.5%
                           srv  prefix_cache_hit=93.6% unique_in_srv=2,344,027 kv_usage=15.3% queue=3r/0w tput_in_srv=19,991/s tput_out_srv=172/s
2026-06-03 06:50:41.934 - records_manager - INFO - [realtime 27:48 profiling] rps=0.2 (avg 0.2) tput_in=21829/s tput_out=189/s done=368 ok=368 err=0
                           ttft p50=1536ms p75=2330ms p95=8793ms p99=24071ms
                           itl  p50=18ms   p75=20ms   p95=39ms   p99=159ms
                           e2e  p50=9871ms p75=22299ms p95=64860ms p99=134999ms
                           intvty p50=57     p75=64     p95=74     p99=82 (1/tpot tok/s)
                           isl  p50=94,857    p75=116,508   p90=182,765   p99=207,603 (tokens)
                           osl  p50=392       p75=1,005     p90=2,072     p99=6,067 (tokens)
                           tot  in=36,148,309     out=312,354
                           trace theoretical_prefix_cache_hit=95.6%
                           srv  prefix_cache_hit=93.7% unique_in_srv=2,359,314 kv_usage=11.3% queue=3r/0w tput_in_srv=20,113/s tput_out_srv=172/s
2026-06-03 06:51:14.862 - records_manager - INFO - [realtime 28:21 profiling] rps=0.2 (avg 0.2) tput_in=21860/s tput_out=187/s done=375 ok=375 err=0
                           ttft p50=1557ms p75=2330ms p95=8580ms p99=24070ms
                           itl  p50=18ms   p75=20ms   p95=37ms   p99=157ms
                           e2e  p50=9706ms p75=22024ms p95=64054ms p99=134380ms
                           intvty p50=57     p75=64     p95=74     p99=82 (1/tpot tok/s)
                           isl  p50=95,070    p75=116,960   p90=183,745   p99=208,458 (tokens)
                           osl  p50=376       p75=1,004     p90=2,074     p99=5,954 (tokens)
                           tot  in=36,971,270     out=315,919
                           trace theoretical_prefix_cache_hit=95.6%
                           srv  prefix_cache_hit=93.8% unique_in_srv=2,377,271 kv_usage=12.1% queue=3r/0w tput_in_srv=20,102/s tput_out_srv=172/s
2026-06-03 06:51:47.827 - records_manager - INFO - [realtime 28:54 profiling] rps=0.1 (avg 0.2) tput_in=21541/s tput_out=183/s done=377 ok=377 err=0
                           ttft p50=1552ms p75=2330ms p95=8519ms p99=24069ms
                           itl  p50=18ms   p75=20ms   p95=36ms   p99=157ms
                           e2e  p50=9589ms p75=21929ms p95=63824ms p99=134203ms
                           intvty p50=57     p75=64     p95=74     p99=82 (1/tpot tok/s)
                           isl  p50=95,070    p75=116,956   p90=183,092   p99=208,439 (tokens)
                           osl  p50=376       p75=1,003     p90=2,073     p99=5,922 (tokens)
                           tot  in=37,179,616     out=315,993
                           trace theoretical_prefix_cache_hit=95.7%
                           srv  prefix_cache_hit=93.9% unique_in_srv=2,378,832 kv_usage=21.4% queue=5r/0w tput_in_srv=20,150/s tput_out_srv=172/s
2026-06-03 06:52:20.894 - records_manager - INFO - [realtime 29:27 profiling] rps=0.2 (avg 0.2) tput_in=21839/s tput_out=183/s done=385 ok=385 err=0
                           ttft p50=1566ms p75=2330ms p95=8884ms p99=24068ms
                           itl  p50=18ms   p75=20ms   p95=35ms   p99=156ms
                           e2e  p50=9869ms p75=22118ms p95=63256ms p99=133497ms
                           intvty p50=57     p75=64     p95=74     p99=82 (1/tpot tok/s)
                           isl  p50=95,189    p75=116,978   p90=188,671   p99=210,569 (tokens)
                           osl  p50=376       p75=1,003     p90=2,074     p99=5,792 (tokens)
                           tot  in=38,460,873     out=321,997
                           trace theoretical_prefix_cache_hit=95.7%
                           srv  prefix_cache_hit=93.9% unique_in_srv=2,410,720 kv_usage=7.7% queue=3r/0w tput_in_srv=20,209/s tput_out_srv=173/s
2026-06-03 06:52:53.793 - PhaseRunner - INFO - Timeout of 1799.999518781s elapsed for event 'profiling phase sending'
2026-06-03 06:52:53.794 - PhaseRunner - NOTICE - Phase profiling sending complete | sent=396, completed=390, in_flight=6 | sessions: sent=5, completed=5 | timeout_triggered=True
2026-06-03 06:52:53.794 - PhaseRunner - INFO - Waiting for event 'profiling phase credits returned' with timeout of 29.998936254s
2026-06-03 06:52:53.987 - records_manager - INFO - [realtime 30:00 profiling] rps=0.2 (avg 0.2) tput_in=21883/s tput_out=181/s done=390 ok=390 err=0
                           ttft p50=1567ms p75=2325ms p95=8732ms p99=24067ms
                           itl  p50=18ms   p75=20ms   p95=35ms   p99=155ms
                           e2e  p50=9647ms p75=21897ms p95=63121ms p99=133055ms
                           intvty p50=57     p75=64     p95=74     p99=82 (1/tpot tok/s)
                           isl  p50=95,448    p75=116,978   p90=187,580   p99=210,555 (tokens)
                           osl  p50=373       p75=1,000     p90=2,071     p99=5,711 (tokens)
                           tot  in=39,062,320     out=322,706
                           trace theoretical_prefix_cache_hit=95.8%
                           srv  prefix_cache_hit=94.1% unique_in_srv=2,416,743 kv_usage=22.8% queue=6r/0w tput_in_srv=20,450/s tput_out_srv=174/s
2026-06-03 06:52:54.005 - records_manager - INFO - Sent 396 requests. Waiting for all to complete...
2026-06-03 06:53:23.793 - PhaseRunner - INFO - Timeout of 29.998936254s elapsed for event 'profiling phase credits returned'
2026-06-03 06:53:23.793 - PhaseRunner - WARNING - Phase profiling timed out, cancelling all credits. Stats: sent=396, completed=392, cancelled=0, in_flight=4
2026-06-03 06:53:23.793 - StickyCreditRouter_2d2897db - INFO - Sent cancellation requests for 4 in-flight credits across 4 workers
2026-06-03 06:53:23.794 - PhaseRunner - INFO - Waiting for all cancelled credits to be returned for phase profiling. Need 4 more credits.
2026-06-03 06:53:23.795 - PhaseRunner - INFO - All cancelled credits returned for phase profiling
2026-06-03 06:53:23.795 - PhaseRunner - NOTICE - Phase profiling complete | completed=392, cancelled=4, errors=0 | sessions: completed=5, cancelled=0 | elapsed=1830.00s | grace_period_timeout=True
2026-06-03 06:53:23.795 - aiperf.timing.branch_orchestrator - INFO - BranchOrchestrator stats: spawned=4 completed=4 errored=0 suspended=3 resumed=2 parents_failed_due_to_child_error=0 joins_suppressed=2
2026-06-03 06:53:23.795 - PhaseOrchestrator_9f2b7dc6 - NOTICE - All credits completed
2026-06-03 06:53:23.796 - records_manager - INFO - Received CREDIT_PHASE_COMPLETE message, Phase complete: PhaseRecordsStats(phase=CreditPhase.PROFILING, start_ns=1780467773793291589, sent_end_ns=1780469573793957357, requests_end_ns=1780469603795437240, total_expected_requests=None, expected_duration_sec=None, expected_num_sessions=None, expected_grace_period_sec=None, final_requests_sent=None, final_requests_completed=392, final_requests_cancelled=4, final_request_errors=0, final_sent_sessions=None, final_completed_sessions=None, final_cancelled_sessions=None, timeout_triggered=True, grace_period_timeout_triggered=True, was_cancelled=False, records_end_ns=None, success_records=392, error_records=0)
2026-06-03 06:53:23.796 - system_controller - INFO - Received credits complete from 'timing_manager'
2026-06-03 06:53:23.796 - records_manager - NOTICE - All requests have completed, please wait for the results to be processed (currently 392 of 392 records processed)...
2026-06-03 06:53:23.796 - records_manager - INFO - Processed 392 valid requests and 0 errors (392 total).
2026-06-03 06:53:23.796 - records_manager - INFO - Received all records, processing now...
2026-06-03 06:53:23.797 - records_manager - INFO - All credits complete, please wait for the results to be processed...
2026-06-03 06:53:23.798 - server_metrics_manager - INFO - Server Metrics: Profiling complete, capturing final metrics...
2026-06-03 06:53:23.799 - records_manager - INFO - Waiting 2.0s for server metrics flush period...
2026-06-03 06:53:27.137 - records_manager - INFO - Processing records results...
2026-06-03 06:53:27.137 - records_manager - INFO - [realtime 30:30 profiling] rps=0.1 (avg 0.2) tput_in=21602/s tput_out=180/s done=392 ok=392 err=0
                           ttft p50=1567ms p75=2330ms p95=8671ms p99=24066ms
                           itl  p50=18ms   p75=20ms   p95=35ms   p99=155ms
                           e2e  p50=9787ms p75=21977ms p95=64400ms p99=132878ms
                           intvty p50=57     p75=64     p95=74     p99=82 (1/tpot tok/s)
                           isl  p50=95,448    p75=116,978   p90=187,241   p99=210,550 (tokens)
                           osl  p50=376       p75=1,001     p90=2,076     p99=5,679 (tokens)
                           tot  in=39,294,335     out=327,737
                           trace theoretical_prefix_cache_hit=95.8%
                           srv  prefix_cache_hit=94.1% unique_in_srv=2,416,743 kv_usage=16.6% queue=4r/0w tput_in_srv=20,114/s tput_out_srv=176/s
2026-06-03 06:53:32.251 - RecordExportJSONLWriter_8e7cd770 - WARNING - Timeout waiting for 0 pending flush tasks during shutdown. Cancelling tasks and proceeding with cleanup.
2026-06-03 06:53:32.507 - system_controller - INFO - Waiting for server metrics results...
2026-06-03 06:53:32.507 - system_controller - INFO - Waiting for server metrics results...
2026-06-03 06:53:33.575 - records_manager - INFO - _finalize_and_process_results completed
2026-06-03 06:53:33.827 - system_controller - INFO - All results received, initiating shutdown
2026-06-03 06:53:34.704 - ExporterManager - INFO - Exporting all records
2026-06-03 06:53:34.939 - aiperf.common.scenario.validator - INFO - Scenario 'inferencex-agentx-mvp': setting timing_mode=agentic_replay (was at default request_rate).
2026-06-03 06:53:36.141 - aiperf.common.scenario.validator - INFO - Scenario 'inferencex-agentx-mvp': setting timing_mode=agentic_replay (was at default request_rate).
2026-06-03 06:53:36.231 - ExporterManager - INFO - Exporting console data
