2026-06-02 22:21:36.468 - aiperf.cli_runner - INFO - Starting AIPerf System
2026-06-02 22:21:36.705 - system_controller - INFO - Registered Worker Manager (id: 'worker_manager')
2026-06-02 22:21:36.742 - server_metrics_manager - INFO - Server Metrics: Discovered 1 endpoints: ['http://localhost:8888/metrics']
2026-06-02 22:21:36.836 - system_controller - INFO - Registered Dataset Manager (id: 'dataset_manager')
2026-06-02 22:21:36.850 - system_controller - INFO - Registered Worker (id: 'worker_4809e01f')
2026-06-02 22:21:36.851 - system_controller - INFO - Registered Worker (id: 'worker_0051d581')
2026-06-02 22:21:36.853 - system_controller - INFO - Registered Worker (id: 'worker_edc64816')
2026-06-02 22:21:36.855 - system_controller - INFO - Registered Worker (id: 'worker_901a7ae4')
2026-06-02 22:21:36.856 - system_controller - INFO - Registered Worker (id: 'worker_9cd9cc19')
2026-06-02 22:21:36.857 - system_controller - INFO - Registered Worker (id: 'worker_3776f35c')
2026-06-02 22:21:36.859 - system_controller - INFO - Registered Worker (id: 'worker_dce38401')
2026-06-02 22:21:36.862 - system_controller - INFO - Registered Worker (id: 'worker_f4a8cab1')
2026-06-02 22:21:36.862 - system_controller - INFO - Registered Record Processor (id: 'record_processor_13dc2ed3')
2026-06-02 22:21:36.862 - system_controller - INFO - Registered Record Processor (id: 'record_processor_bf4e7873')
2026-06-02 22:21:36.863 - system_controller - INFO - Registered Record Processor (id: 'record_processor_92ea1b1f')
2026-06-02 22:21:36.863 - system_controller - INFO - Registered Record Processor (id: 'record_processor_a66d5c61')
2026-06-02 22:21:36.872 - system_controller - INFO - Registered Server Metrics Manager (id: 'server_metrics_manager')
2026-06-02 22:21:36.873 - system_controller - INFO - Registered Gpu Telemetry Manager (id: 'gpu_telemetry_manager')
2026-06-02 22:21:36.906 - system_controller - INFO - Registered Worker (id: 'worker_b9aad767')
2026-06-02 22:21:36.950 - system_controller - INFO - Registered Worker (id: 'worker_3148a3f3')
2026-06-02 22:21:36.950 - system_controller - INFO - Registered Worker (id: 'worker_c8f62295')
2026-06-02 22:21:36.951 - system_controller - INFO - Registered Timing Manager (id: 'timing_manager')
2026-06-02 22:21:36.951 - system_controller - INFO - Registered Worker (id: 'worker_2f590a35')
2026-06-02 22:21:36.961 - GPUTelemetryJSONLWriter_940ec242 - INFO - GPU telemetry export enabled: /workspace/results/aiperf_artifacts/gpu_telemetry_export.jsonl
2026-06-02 22:21:36.964 - RecordExportJSONLWriter_d3485d8d - INFO - Record metrics export enabled: /workspace/results/aiperf_artifacts/profile_export.jsonl
2026-06-02 22:21:36.966 - system_controller - INFO - Registered Worker (id: 'worker_51360d0f')
2026-06-02 22:21:36.968 - system_controller - INFO - Registered Worker (id: 'worker_cb07e09d')
2026-06-02 22:21:36.970 - system_controller - INFO - Registered Worker (id: 'worker_02c230e9')
2026-06-02 22:21:37.072 - system_controller - INFO - Registered Worker (id: 'worker_d6d00354')
2026-06-02 22:21:37.292 - system_controller - INFO - Registered Records Manager (id: 'records_manager')
2026-06-02 22:21:37.692 - system_controller - INFO - AIPerf System is CONFIGURING
2026-06-02 22:21:37.692 - system_controller - INFO - Configuring all services to start profiling
2026-06-02 22:21:37.694 - timing_manager - INFO - Waiting for dataset to be configured before configuring timing
2026-06-02 22:21:37.694 - InferenceResultParser_eabeaaf3 - INFO - Tokenization is disabled for this endpoint, skipping tokenizer configuration
2026-06-02 22:21:37.694 - InferenceResultParser_3ddbf0f9 - INFO - Tokenization is disabled for this endpoint, skipping tokenizer configuration
2026-06-02 22:21:37.694 - InferenceResultParser_288b76de - INFO - Tokenization is disabled for this endpoint, skipping tokenizer configuration
2026-06-02 22:21:37.694 - InferenceResultParser_c426d0c7 - INFO - Tokenization is disabled for this endpoint, skipping tokenizer configuration
2026-06-02 22:21:37.702 - system_controller - INFO - GPU telemetry disabled - no DCGM endpoints reachable
2026-06-02 22:21:37.707 - server_metrics_manager - INFO - Server Metrics: Capturing baseline metrics...
2026-06-02 22:21:37.723 - http://localhost:8888/metrics - INFO - Skipping unsupported summary metric: http_request_size_bytes
2026-06-02 22:21:37.724 - http://localhost:8888/metrics - INFO - Skipping unsupported summary metric: http_response_size_bytes
2026-06-02 22:21:37.725 - system_controller - INFO - Server metrics enabled - 1/1 endpoint(s) reachable.
2026-06-02 22:21:37.755 - dataset_manager - INFO - Memory-mapped dataset cache HIT (key=9ea77629aaffea823767a106cff84381); skipping tokenizer + composer.
2026-06-02 22:21:39.032 - aiperf.dataset.mmap_cache - INFO - Restored mmap cache file dataset.dat via copy in 1.276s (2.10 GiB)
2026-06-02 22:21:39.035 - aiperf.dataset.mmap_cache - INFO - Restored mmap cache file index.dat via copy in 0.003s (0.00 GiB)
2026-06-02 22:21:39.036 - aiperf.dataset.mmap_cache - INFO - Restored mmap cache files in 1.280s via dataset=copy index=copy (dataset=2.10 GiB, index=0.00 GiB)
2026-06-02 22:21:39.285 - dataset_manager - INFO - sampling strategy: sequential, unique conversations: 634, unique turn count: 62664
2026-06-02 22:21:39.494 - dataset_manager - INFO - Dataset client initialized and freed 0 conversations from memory
2026-06-02 22:21:39.646 - aiperf.timing.trajectory_source - INFO - TrajectorySource: built 16 trajectories from 225 traces
  range cfg=[0.25, 0.75]  observed sample pct: min= 27% median= 48% max= 71%
    lane=00  sample_time= 39%  root_next= 14/32  ( 44% turns)  live=1 ready=1  trace_id=00e7d11db2db59f44a87b4110175b11d1af3
    lane=01  sample_time= 55%  root_next= 20/37  ( 54% turns)  live=1 ready=1  trace_id=01fece675b92efe07620225cd69c3884f774
    lane=02  sample_time= 55%  root_next=311/594 ( 52% turns)  live=1 ready=1  trace_id=0275949f4db511444909fe92b12f7e921e4a
    lane=03  sample_time= 27%  root_next= 13/27  ( 48% turns)  live=1 ready=1  trace_id=03be8f1eb1e9e620f46bd07068d6ab1aaae3
    lane=04  sample_time= 40%  root_next= 69/151 ( 46% turns)  live=1 ready=1  trace_id=0475b786230f3f2e24220d28e247eaee2dae
    lane=05  sample_time= 50%  root_next= 99/187 ( 53% turns)  live=1 ready=1  trace_id=04b25fe5b2ffa5e7ec9890426cce59838a05
    lane=06  sample_time= 69%  root_next= 10/20  ( 50% turns)  live=1 ready=1  trace_id=06385769df23204ac35c53ad431cf42f7c02
    lane=07  sample_time= 63%  root_next= 65/121 ( 54% turns)  live=1 ready=1  trace_id=07fc71985fbafc8e1abb181b7d28b8349f45
    lane=08  sample_time= 29%  root_next= 46/165 ( 28% turns)  live=1 ready=1  trace_id=09a5d415a7157ed48a5a6fa2711f2d8565c1
    lane=09  sample_time= 28%  root_next=  7/27  ( 26% turns)  live=1 ready=1  trace_id=09c188c8b9201ec2046cc2df702623fef33e
    lane=10  sample_time= 44%  root_next= 41/85  ( 48% turns)  live=1 ready=1  trace_id=0b1cf5ad73920121aa53e1acb0851a8ecf32
    lane=11  sample_time= 61%  root_next=161/254 ( 63% turns)  live=1 ready=1  trace_id=0b4a56f22f01dc235b7ce1cc3aeabd6943e8
    lane=12  sample_time= 32%  root_next=199/504 ( 39% turns)  live=1 ready=1  trace_id=0d75185d4e958ad360c16451eaa95d508edf
    lane=13  sample_time= 51%  root_next= 13/22  ( 59% turns)  live=1 ready=1  trace_id=0da3a3bea6f3559a2eff4114839b328dad53
    lane=14  sample_time= 71%  root_next= 18/23  ( 78% turns)  live=1 ready=1  trace_id=116cb8d945f9d0810e788e51e3744adaab74
    lane=15  sample_time= 46%  root_next= 30/49  ( 61% turns)  live=1 ready=1  trace_id=1186d32070428ea303de493d61ee3effd467
2026-06-02 22:21:39.646 - PhaseOrchestrator_b149e898 - INFO - Initialized 2 phase(s): ['Warmup', 'Profiling']
2026-06-02 22:21:39.690 - system_controller - INFO - All services configured in 2.00 seconds
2026-06-02 22:21:39.691 - system_controller - INFO - AIPerf System is CONFIGURED
2026-06-02 22:21:39.692 - server_metrics_manager - INFO - Server Metrics: Started 1 collector(s) successfully
2026-06-02 22:21:39.713 - PhaseRunner - NOTICE - Phase warmup started | target: 16 requests
2026-06-02 22:21:39.713 - AgenticReplayTiming - INFO - WARMUP execute: dispatching 16 trajectory credits
2026-06-02 22:21:39.714 - PhaseRunner - NOTICE - Phase warmup sending complete | sent=16, completed=0, in_flight=16
2026-06-02 22:21:39.896 - records_manager - INFO - Credit phase start: warmup
2026-06-02 22:21:39.896 - system_controller - INFO - All services started profiling successfully
2026-06-02 22:21:39.896 - system_controller - INFO - AIPerf System is PROFILING
2026-06-02 22:24:58.896 - PhaseRunner - NOTICE - Phase warmup complete | completed=16, cancelled=0, errors=0 | elapsed=199.18s
2026-06-02 22:24:58.901 - aiperf.timing.branch_orchestrator - INFO - BranchOrchestrator stats: spawned=0 completed=0 errored=0 suspended=0 resumed=0 parents_failed_due_to_child_error=0 joins_suppressed=0
2026-06-02 22:24:58.912 - AgenticReplayTiming - INFO - PROFILING setup: trajectories=16 traces, recycle_queue=225 traces (full pool)
2026-06-02 22:24:58.912 - PhaseRunner - NOTICE - Phase profiling started | target: 1800.0s duration
2026-06-02 22:24:58.913 - PhaseRunner - INFO - Waiting for event 'profiling phase sending' with timeout of 1799.999524086s
2026-06-02 22:24:58.913 - AgenticReplayTiming - INFO - PROFILING execute: resuming 16 trajectory sessions
2026-06-02 22:24:58.913 - records_manager - INFO - Credit phase start: profiling
2026-06-02 22:25:02.717 - EventLoopMonitor - WARNING - Event loop for worker_dce38401 is taking too long to run. Overhead: 31.65ms
2026-06-02 22:25:04.042 - AgenticReplayTiming - INFO - Terminating trajectory 0d75185d4e958ad360c16451eaa95d508edf early at turn 199/503: context-overflow error from server
2026-06-02 22:25:05.470 - AgenticReplayTiming - INFO - Terminating trajectory 04b25fe5b2ffa5e7ec9890426cce59838a05 early at turn 99/186: context-overflow error from server
2026-06-02 22:25:37.212 - records_manager - INFO - [realtime 00:38 profiling] rps=0.3 (avg 0.3) tput_in=19825/s tput_out=109/s done=11 ok=11 err=0
                           ttft p50=10180ms p75=12997ms p95=13254ms p99=13371ms
                           itl  p50=11ms   p75=19ms   p95=35ms   p99=42ms
                           e2e  p50=14363ms p75=19966ms p95=25604ms p99=26796ms
                           intvty p50=88     p75=91     p95=102    p99=105 (1/tpot tok/s)
                           isl  p50=85,344    p75=96,451    p90=127,753   p99=172,462 (tokens)
                           osl  p50=210       p75=696       p90=1,031     p99=1,195 (tokens)
                           tot  in=668,280        out=3,663
                           trace theoretical_prefix_cache_hit=86.4%
                           srv  prefix_cache_hit=0.0% unique_in_srv=1,232,280,364 ext_cache_hit=34.1% kv_usage=57.5% queue=1r/9w tput_in_srv=10,618/s tput_out_srv=72/s
2026-06-02 22:25:49.411 - AgenticReplayTiming - INFO - Terminating trajectory 0da3a3bea6f3559a2eff4114839b328dad53 early at turn 14/21: context-overflow error from server
2026-06-02 22:26:07.245 - records_manager - INFO - [realtime 01:08 profiling] rps=0.4 (avg 0.3) tput_in=26591/s tput_out=137/s done=22 ok=22 err=0
                           ttft p50=13401ms p75=17961ms p95=23121ms p99=24498ms
                           itl  p50=12ms   p75=17ms   p95=24ms   p99=40ms
                           e2e  p50=22607ms p75=25028ms p95=35658ms p99=40744ms
                           intvty p50=85     p75=90     p95=96     p99=104 (1/tpot tok/s)
                           isl  p50=85,344    p75=104,452   p90=187,453   p99=253,318 (tokens)
                           osl  p50=229       p75=797       p90=1,197     p99=1,298 (tokens)
                           tot  in=1,702,918      out=8,754
                           trace theoretical_prefix_cache_hit=91.2%
                           srv  prefix_cache_hit=0.0% unique_in_srv=1,435,210,940 ext_cache_hit=54.1% kv_usage=83.6% queue=3r/7w tput_in_srv=13,711/s tput_out_srv=86/s
2026-06-02 22:26:14.279 - AgenticReplayTiming - INFO - Terminating trajectory 1186d32070428ea303de493d61ee3effd467 early at turn 31/48: context-overflow error from server
2026-06-02 22:26:37.288 - records_manager - INFO - [realtime 01:38 profiling] rps=0.4 (avg 0.3) tput_in=23359/s tput_out=144/s done=33 ok=33 err=0
                           ttft p50=15432ms p75=20147ms p95=23836ms p99=24680ms
                           itl  p50=12ms   p75=16ms   p95=27ms   p99=41ms
                           e2e  p50=22607ms p75=26224ms p95=39190ms p99=42101ms
                           intvty p50=85     p75=89     p95=95     p99=103 (1/tpot tok/s)
                           isl  p50=72,492    p75=88,338    p90=128,680   p99=250,175 (tokens)
                           osl  p50=270       p75=898       p90=1,197     p99=1,428 (tokens)
                           tot  in=2,268,012      out=13,957
                           trace theoretical_prefix_cache_hit=90.0%
                           srv  prefix_cache_hit=0.0% unique_in_srv=1,574,497,703 ext_cache_hit=58.1% kv_usage=81.7% queue=3r/9w tput_in_srv=14,185/s tput_out_srv=105/s
2026-06-02 22:27:07.349 - records_manager - INFO - [realtime 02:08 profiling] rps=0.3 (avg 0.3) tput_in=24448/s tput_out=199/s done=42 ok=42 err=0
                           ttft p50=19116ms p75=22793ms p95=31624ms p99=33395ms
                           itl  p50=12ms   p75=15ms   p95=23ms   p99=39ms
                           e2e  p50=25028ms p75=31477ms p95=47659ms p99=63957ms
                           intvty p50=80     p75=88     p95=94     p99=102 (1/tpot tok/s)
                           isl  p50=72,998    p75=94,762    p90=134,773   p99=247,347 (tokens)
                           osl  p50=310       p75=1,022     p90=1,244     p99=3,272 (tokens)
                           tot  in=3,084,874      out=25,102
                           trace theoretical_prefix_cache_hit=85.0%
                           srv  prefix_cache_hit=0.0% unique_in_srv=1,827,561,757 ext_cache_hit=63.2% kv_usage=84.3% queue=3r/7w tput_in_srv=15,417/s tput_out_srv=121/s
2026-06-02 22:27:37.436 - records_manager - INFO - [realtime 02:38 profiling] rps=0.5 (avg 0.3) tput_in=27261/s tput_out=209/s done=56 ok=56 err=0
                           ttft p50=19967ms p75=25853ms p95=35352ms p99=40179ms
                           itl  p50=13ms   p75=15ms   p95=21ms   p99=38ms
                           e2e  p50=26353ms p75=38767ms p95=54935ms p99=66436ms
                           intvty p50=78     p75=86     p95=94     p99=102 (1/tpot tok/s)
                           isl  p50=73,764    p75=99,907    p90=116,842   p99=244,092 (tokens)
                           osl  p50=310       p75=933       p90=1,211     p99=3,246 (tokens)
                           tot  in=4,282,556      out=32,870
                           trace theoretical_prefix_cache_hit=85.9%
                           srv  prefix_cache_hit=0.0% unique_in_srv=1,964,946,197 ext_cache_hit=68.4% kv_usage=87.2% queue=2r/4w tput_in_srv=17,204/s tput_out_srv=129/s
2026-06-02 22:28:07.545 - records_manager - INFO - [realtime 03:08 profiling] rps=0.2 (avg 0.3) tput_in=26165/s tput_out=203/s done=63 ok=63 err=0
                           ttft p50=19750ms p75=25607ms p95=35235ms p99=40061ms
                           itl  p50=13ms   p75=15ms   p95=21ms   p99=37ms
                           e2e  p50=26224ms p75=38325ms p95=49983ms p99=66186ms
                           intvty p50=79     p75=86     p95=94     p99=101 (1/tpot tok/s)
                           isl  p50=78,133    p75=101,470   p90=116,570   p99=242,049 (tokens)
                           osl  p50=317       p75=940       p90=1,234     p99=3,233 (tokens)
                           tot  in=4,883,943      out=37,865
                           trace theoretical_prefix_cache_hit=87.1%
                           srv  prefix_cache_hit=0.0% unique_in_srv=2,195,659,363 ext_cache_hit=70.3% kv_usage=79.8% queue=3r/8w tput_in_srv=17,316/s tput_out_srv=137/s
2026-06-02 22:28:37.652 - records_manager - INFO - [realtime 03:38 profiling] rps=0.3 (avg 0.3) tput_in=26482/s tput_out=214/s done=71 ok=71 err=0
                           ttft p50=20489ms p75=29224ms p95=39462ms p99=42183ms
                           itl  p50=13ms   p75=15ms   p95=21ms   p99=36ms
                           e2e  p50=27411ms p75=40687ms p95=59188ms p99=70400ms
                           intvty p50=79     p75=86     p95=95     p99=102 (1/tpot tok/s)
                           isl  p50=79,286    p75=108,525   p90=141,680   p99=240,947 (tokens)
                           osl  p50=400       p75=940       p90=1,255     p99=3,744 (tokens)
                           tot  in=5,761,746      out=46,625
                           trace theoretical_prefix_cache_hit=88.5%
                           srv  prefix_cache_hit=0.0% unique_in_srv=2,487,302,217 ext_cache_hit=72.6% kv_usage=73.8% queue=5r/8w tput_in_srv=18,159/s tput_out_srv=144/s
2026-06-02 22:29:07.773 - records_manager - INFO - [realtime 04:08 profiling] rps=0.3 (avg 0.3) tput_in=25809/s tput_out=210/s done=80 ok=80 err=0
                           ttft p50=22054ms p75=29698ms p95=39392ms p99=41880ms
                           itl  p50=13ms   p75=15ms   p95=20ms   p99=35ms
                           e2e  p50=29729ms p75=40181ms p95=53896ms p99=69833ms
                           intvty p50=78     p75=85     p95=94     p99=101 (1/tpot tok/s)
                           isl  p50=76,274    p75=106,560   p90=124,553   p99=238,488 (tokens)
                           osl  p50=464       p75=933       p90=1,203     p99=3,638 (tokens)
                           tot  in=6,381,655      out=51,962
                           trace theoretical_prefix_cache_hit=87.6%
                           srv  prefix_cache_hit=0.0% unique_in_srv=2,642,540,557 ext_cache_hit=73.5% kv_usage=84.9% queue=5r/10w tput_in_srv=18,619/s tput_out_srv=155/s
2026-06-02 22:29:37.910 - records_manager - INFO - [realtime 04:38 profiling] rps=0.4 (avg 0.3) tput_in=26424/s tput_out=222/s done=91 ok=91 err=0
                           ttft p50=22821ms p75=29591ms p95=38208ms p99=41510ms
                           itl  p50=13ms   p75=15ms   p95=21ms   p99=48ms
                           e2e  p50=30992ms p75=40547ms p95=62704ms p99=74854ms
                           intvty p50=77     p75=85     p95=96     p99=101 (1/tpot tok/s)
                           isl  p50=78,133    p75=108,525   p90=123,792   p99=237,472 (tokens)
                           osl  p50=481       p75=940       p90=1,331     p99=3,507 (tokens)
                           tot  in=7,327,100      out=61,463
                           trace theoretical_prefix_cache_hit=88.7%
                           srv  prefix_cache_hit=0.0% unique_in_srv=2,952,571,881 ext_cache_hit=75.3% kv_usage=79.1% queue=3r/8w tput_in_srv=19,168/s tput_out_srv=162/s
2026-06-02 22:30:08.081 - records_manager - INFO - [realtime 05:09 profiling] rps=0.4 (avg 0.3) tput_in=27265/s tput_out=237/s done=104 ok=104 err=0
                           ttft p50=23214ms p75=29809ms p95=35727ms p99=41073ms
                           itl  p50=14ms   p75=15ms   p95=20ms   p99=44ms
                           e2e  p50=31472ms p75=42045ms p95=62814ms p99=76722ms
                           intvty p50=74     p75=85     p95=95     p99=100 (1/tpot tok/s)
                           isl  p50=78,710    p75=112,454   p90=120,356   p99=234,221 (tokens)
                           osl  p50=535       p75=954       p90=1,320     p99=3,796 (tokens)
                           tot  in=8,345,704      out=72,681
                           trace theoretical_prefix_cache_hit=88.9%
                           srv  prefix_cache_hit=0.0% unique_in_srv=3,253,516,755 ext_cache_hit=77.0% kv_usage=64.8% queue=2r/7w tput_in_srv=20,096/s tput_out_srv=169/s
2026-06-02 22:30:38.258 - records_manager - INFO - [realtime 05:39 profiling] rps=0.2 (avg 0.3) tput_in=26784/s tput_out=229/s done=109 ok=109 err=0
                           ttft p50=22930ms p75=29642ms p95=35469ms p99=40984ms
                           itl  p50=13ms   p75=15ms   p95=20ms   p99=44ms
                           e2e  p50=31486ms p75=41699ms p95=62708ms p99=76573ms
                           intvty p50=77     p75=86     p95=96     p99=100 (1/tpot tok/s)
                           isl  p50=80,127    p75=112,454   p90=132,073   p99=236,190 (tokens)
                           osl  p50=563       p75=956       p90=1,337     p99=3,771 (tokens)
                           tot  in=9,032,026      out=77,358
                           trace theoretical_prefix_cache_hit=89.7%
                           srv  prefix_cache_hit=0.0% unique_in_srv=3,417,871,439 ext_cache_hit=78.2% kv_usage=99.2% queue=5r/5w tput_in_srv=20,536/s tput_out_srv=171/s
2026-06-02 22:31:08.466 - records_manager - INFO - [realtime 06:09 profiling] rps=0.5 (avg 0.3) tput_in=27615/s tput_out=237/s done=123 ok=123 err=0
                           ttft p50=22821ms p75=29618ms p95=35235ms p99=40792ms
                           itl  p50=13ms   p75=15ms   p95=20ms   p99=42ms
                           e2e  p50=31486ms p75=40777ms p95=62913ms p99=76280ms
                           intvty p50=74     p75=85     p95=96     p99=99 (1/tpot tok/s)
                           isl  p50=80,127    p75=112,454   p90=131,530   p99=235,866 (tokens)
                           osl  p50=516       p75=955       p90=1,375     p99=3,709 (tokens)
                           tot  in=10,104,608     out=86,542
                           trace theoretical_prefix_cache_hit=90.3%
                           srv  prefix_cache_hit=0.0% unique_in_srv=3,728,177,466 ext_cache_hit=79.4% kv_usage=51.7% queue=2r/8w tput_in_srv=20,947/s tput_out_srv=178/s
2026-06-02 22:31:38.694 - records_manager - INFO - [realtime 06:39 profiling] rps=0.2 (avg 0.3) tput_in=27503/s tput_out=232/s done=130 ok=130 err=0
                           ttft p50=22807ms p75=29533ms p95=35008ms p99=40695ms
                           itl  p50=13ms   p75=15ms   p95=20ms   p99=41ms
                           e2e  p50=31154ms p75=40019ms p95=62706ms p99=76133ms
                           intvty p50=77     p75=85     p95=96     p99=99 (1/tpot tok/s)
                           isl  p50=83,526    p75=112,454   p90=133,388   p99=238,113 (tokens)
                           osl  p50=535       p75=956       p90=1,411     p99=3,677 (tokens)
                           tot  in=10,922,260     out=92,212
                           trace theoretical_prefix_cache_hit=91.0%
                           srv  prefix_cache_hit=0.0% unique_in_srv=3,962,795,811 ext_cache_hit=80.7% kv_usage=83.0% queue=5r/6w tput_in_srv=21,494/s tput_out_srv=183/s
2026-06-02 22:32:08.922 - records_manager - INFO - [realtime 07:10 profiling] rps=0.3 (avg 0.3) tput_in=27451/s tput_out=242/s done=138 ok=138 err=0
                           ttft p50=22929ms p75=29357ms p95=34698ms p99=40585ms
                           itl  p50=13ms   p75=15ms   p95=20ms   p99=40ms
                           e2e  p50=31497ms p75=41629ms p95=62691ms p99=75965ms
                           intvty p50=77     p75=86     p95=96     p99=104 (1/tpot tok/s)
                           isl  p50=84,071    p75=112,454   p90=133,698   p99=237,917 (tokens)
                           osl  p50=574       p75=983       p90=1,673     p99=3,641 (tokens)
                           tot  in=11,668,373     out=102,780
                           trace theoretical_prefix_cache_hit=91.5%
                           srv  prefix_cache_hit=0.0% unique_in_srv=4,123,496,375 ext_cache_hit=81.2% kv_usage=57.1% queue=2r/9w tput_in_srv=21,056/s tput_out_srv=183/s
2026-06-02 22:32:39.179 - records_manager - INFO - [realtime 07:40 profiling] rps=0.4 (avg 0.3) tput_in=28234/s tput_out=236/s done=150 ok=150 err=0
                           ttft p50=23349ms p75=29848ms p95=36715ms p99=40421ms
                           itl  p50=13ms   p75=15ms   p95=20ms   p99=38ms
                           e2e  p50=31987ms p75=41169ms p95=61814ms p99=75714ms
                           intvty p50=78     p75=86     p95=96     p99=106 (1/tpot tok/s)
                           isl  p50=85,330    p75=112,454   p90=135,317   p99=240,206 (tokens)
                           osl  p50=535       p75=972       p90=1,555     p99=3,588 (tokens)
                           tot  in=12,871,930     out=107,620
                           trace theoretical_prefix_cache_hit=92.2%
                           srv  prefix_cache_hit=0.0% unique_in_srv=4,401,274,334 ext_cache_hit=82.3% kv_usage=96.0% queue=5r/4w tput_in_srv=22,573/s tput_out_srv=182/s
2026-06-02 22:33:09.515 - records_manager - INFO - [realtime 08:10 profiling] rps=0.2 (avg 0.3) tput_in=28187/s tput_out=233/s done=157 ok=157 err=0
                           ttft p50=22930ms p75=29642ms p95=36165ms p99=40324ms
                           itl  p50=13ms   p75=15ms   p95=20ms   p99=38ms
                           e2e  p50=31507ms p75=40134ms p95=60605ms p99=75567ms
                           intvty p50=78     p75=86     p95=96     p99=106 (1/tpot tok/s)
                           isl  p50=85,316    p75=112,454   p90=136,011   p99=240,017 (tokens)
                           osl  p50=516       p75=956       p90=1,457     p99=3,557 (tokens)
                           tot  in=13,445,265     out=111,004
                           trace theoretical_prefix_cache_hit=92.5%
                           srv  prefix_cache_hit=0.0% unique_in_srv=4,610,068,020 ext_cache_hit=82.5% kv_usage=97.2% queue=4r/11w tput_in_srv=22,416/s tput_out_srv=187/s
2026-06-02 22:33:26.927 - AgenticReplayTiming - INFO - Terminating trajectory 01fece675b92efe07620225cd69c3884f774 early at turn 28/36: context-overflow error from server
2026-06-02 22:33:39.781 - records_manager - INFO - [realtime 08:40 profiling] rps=0.2 (avg 0.3) tput_in=26651/s tput_out=229/s done=162 ok=162 err=0
                           ttft p50=22930ms p75=29790ms p95=36350ms p99=40269ms
                           itl  p50=13ms   p75=15ms   p95=20ms   p99=37ms
                           e2e  p50=31786ms p75=40586ms p95=60995ms p99=75483ms
                           intvty p50=78     p75=86     p95=96     p99=106 (1/tpot tok/s)
                           isl  p50=85,316    p75=112,454   p90=135,086   p99=239,909 (tokens)
                           osl  p50=554       p75=977       p90=1,659     p99=3,919 (tokens)
                           tot  in=13,785,352     out=118,405
                           trace theoretical_prefix_cache_hit=92.6%
                           srv  prefix_cache_hit=0.0% unique_in_srv=4,857,788,256 ext_cache_hit=82.6% kv_usage=84.6% queue=4r/11w tput_in_srv=21,711/s tput_out_srv=194/s
2026-06-02 22:34:10.085 - records_manager - INFO - [realtime 09:11 profiling] rps=0.3 (avg 0.3) tput_in=26315/s tput_out=242/s done=170 ok=170 err=0
                           ttft p50=23191ms p75=30064ms p95=39478ms p99=52698ms
                           itl  p50=13ms   p75=15ms   p95=20ms   p99=36ms
                           e2e  p50=32936ms p75=43396ms p95=67543ms p99=76194ms
                           intvty p50=78     p75=86     p95=96     p99=106 (1/tpot tok/s)
                           isl  p50=85,316    p75=112,454   p90=133,543   p99=239,694 (tokens)
                           osl  p50=563       p75=985       p90=2,035     p99=4,243 (tokens)
                           tot  in=14,393,616     out=132,542
                           trace theoretical_prefix_cache_hit=92.5%
                           srv  prefix_cache_hit=0.0% unique_in_srv=5,097,812,979 ext_cache_hit=82.8% kv_usage=84.2% queue=3r/8w tput_in_srv=21,793/s tput_out_srv=197/s
2026-06-02 22:34:40.441 - records_manager - INFO - [realtime 09:41 profiling] rps=0.2 (avg 0.3) tput_in=26453/s tput_out=246/s done=176 ok=176 err=0
                           ttft p50=24248ms p75=30947ms p95=49849ms p99=58995ms
                           itl  p50=13ms   p75=15ms   p95=20ms   p99=35ms
                           e2e  p50=33299ms p75=44636ms p95=71421ms p99=84462ms
                           intvty p50=78     p75=87     p95=96     p99=106 (1/tpot tok/s)
                           isl  p50=85,316    p75=112,454   p90=134,161   p99=239,532 (tokens)
                           osl  p50=563       p75=992       p90=2,077     p99=4,217 (tokens)
                           tot  in=14,925,695     out=138,997
                           trace theoretical_prefix_cache_hit=92.5%
                           srv  prefix_cache_hit=0.0% unique_in_srv=5,401,560,614 ext_cache_hit=83.3% kv_usage=96.3% queue=0r/12w tput_in_srv=21,146/s tput_out_srv=194/s
2026-06-02 22:35:10.784 - records_manager - INFO - [realtime 10:11 profiling] rps=0.0 (avg 0.3) tput_in=26453/s tput_out=246/s done=176 ok=176 err=0
                           ttft p50=24248ms p75=30947ms p95=49849ms p99=58995ms
                           itl  p50=13ms   p75=15ms   p95=20ms   p99=35ms
                           e2e  p50=33299ms p75=44636ms p95=71421ms p99=84462ms
                           intvty p50=78     p75=87     p95=96     p99=106 (1/tpot tok/s)
                           isl  p50=85,316    p75=112,454   p90=134,161   p99=239,532 (tokens)
                           osl  p50=563       p75=992       p90=2,077     p99=4,217 (tokens)
                           tot  in=14,925,695     out=138,997
                           trace theoretical_prefix_cache_hit=92.5%
                           srv  prefix_cache_hit=0.0% unique_in_srv=5,401,560,614 ext_cache_hit=83.3% kv_usage=96.3% queue=0r/14w tput_in_srv=20,356/s tput_out_srv=186/s
2026-06-02 22:35:41.119 - records_manager - INFO - [realtime 10:42 profiling] rps=0.0 (avg 0.3) tput_in=26453/s tput_out=246/s done=176 ok=176 err=0
                           ttft p50=24248ms p75=30947ms p95=49849ms p99=58995ms
                           itl  p50=13ms   p75=15ms   p95=20ms   p99=35ms
                           e2e  p50=33299ms p75=44636ms p95=71421ms p99=84462ms
                           intvty p50=78     p75=87     p95=96     p99=106 (1/tpot tok/s)
                           isl  p50=85,316    p75=112,454   p90=134,161   p99=239,532 (tokens)
                           osl  p50=563       p75=992       p90=2,077     p99=4,217 (tokens)
                           tot  in=14,925,695     out=138,997
                           trace theoretical_prefix_cache_hit=92.5%
                           srv  prefix_cache_hit=0.0% unique_in_srv=5,401,560,614 ext_cache_hit=83.3% kv_usage=96.3% queue=0r/16w tput_in_srv=19,623/s tput_out_srv=180/s
2026-06-02 22:36:11.486 - records_manager - INFO - [realtime 11:12 profiling] rps=0.0 (avg 0.3) tput_in=26453/s tput_out=246/s done=176 ok=176 err=0
                           ttft p50=24248ms p75=30947ms p95=49849ms p99=58995ms
                           itl  p50=13ms   p75=15ms   p95=20ms   p99=35ms
                           e2e  p50=33299ms p75=44636ms p95=71421ms p99=84462ms
                           intvty p50=78     p75=87     p95=96     p99=106 (1/tpot tok/s)
                           isl  p50=85,316    p75=112,454   p90=134,161   p99=239,532 (tokens)
                           osl  p50=563       p75=992       p90=2,077     p99=4,217 (tokens)
                           tot  in=14,925,695     out=138,997
                           trace theoretical_prefix_cache_hit=92.5%
                           srv  prefix_cache_hit=0.0% unique_in_srv=5,401,560,614 ext_cache_hit=83.3% kv_usage=96.3% queue=0r/16w tput_in_srv=18,941/s tput_out_srv=174/s
2026-06-02 22:36:41.803 - records_manager - INFO - [realtime 11:42 profiling] rps=0.0 (avg 0.3) tput_in=26453/s tput_out=246/s done=176 ok=176 err=0
                           ttft p50=24248ms p75=30947ms p95=49849ms p99=58995ms
                           itl  p50=13ms   p75=15ms   p95=20ms   p99=35ms
                           e2e  p50=33299ms p75=44636ms p95=71421ms p99=84462ms
                           intvty p50=78     p75=87     p95=96     p99=106 (1/tpot tok/s)
                           isl  p50=85,316    p75=112,454   p90=134,161   p99=239,532 (tokens)
                           osl  p50=563       p75=992       p90=2,077     p99=4,217 (tokens)
                           tot  in=14,925,695     out=138,997
                           trace theoretical_prefix_cache_hit=92.5%
                           srv  prefix_cache_hit=0.0% unique_in_srv=5,401,560,614 ext_cache_hit=83.3% kv_usage=96.3% queue=0r/16w tput_in_srv=18,305/s tput_out_srv=168/s
2026-06-02 22:37:12.185 - records_manager - INFO - [realtime 12:13 profiling] rps=0.0 (avg 0.3) tput_in=26453/s tput_out=246/s done=176 ok=176 err=0
                           ttft p50=24248ms p75=30947ms p95=49849ms p99=58995ms
                           itl  p50=13ms   p75=15ms   p95=20ms   p99=35ms
                           e2e  p50=33299ms p75=44636ms p95=71421ms p99=84462ms
                           intvty p50=78     p75=87     p95=96     p99=106 (1/tpot tok/s)
                           isl  p50=85,316    p75=112,454   p90=134,161   p99=239,532 (tokens)
                           osl  p50=563       p75=992       p90=2,077     p99=4,217 (tokens)
                           tot  in=14,925,695     out=138,997
                           trace theoretical_prefix_cache_hit=92.5%
                           srv  prefix_cache_hit=0.0% unique_in_srv=5,401,560,614 ext_cache_hit=83.3% kv_usage=96.3% queue=0r/16w tput_in_srv=17,710/s tput_out_srv=162/s
2026-06-02 22:37:42.523 - records_manager - INFO - [realtime 12:43 profiling] rps=0.0 (avg 0.3) tput_in=26453/s tput_out=246/s done=176 ok=176 err=0
                           ttft p50=24248ms p75=30947ms p95=49849ms p99=58995ms
                           itl  p50=13ms   p75=15ms   p95=20ms   p99=35ms
                           e2e  p50=33299ms p75=44636ms p95=71421ms p99=84462ms
                           intvty p50=78     p75=87     p95=96     p99=106 (1/tpot tok/s)
                           isl  p50=85,316    p75=112,454   p90=134,161   p99=239,532 (tokens)
                           osl  p50=563       p75=992       p90=2,077     p99=4,217 (tokens)
                           tot  in=14,925,695     out=138,997
                           trace theoretical_prefix_cache_hit=92.5%
                           srv  prefix_cache_hit=0.0% unique_in_srv=5,401,560,614 ext_cache_hit=83.3% kv_usage=96.3% queue=0r/16w tput_in_srv=17,153/s tput_out_srv=157/s
2026-06-02 22:38:12.856 - records_manager - INFO - [realtime 13:13 profiling] rps=0.0 (avg 0.3) tput_in=26453/s tput_out=246/s done=176 ok=176 err=0
                           ttft p50=24248ms p75=30947ms p95=49849ms p99=58995ms
                           itl  p50=13ms   p75=15ms   p95=20ms   p99=35ms
                           e2e  p50=33299ms p75=44636ms p95=71421ms p99=84462ms
                           intvty p50=78     p75=87     p95=96     p99=106 (1/tpot tok/s)
                           isl  p50=85,316    p75=112,454   p90=134,161   p99=239,532 (tokens)
                           osl  p50=563       p75=992       p90=2,077     p99=4,217 (tokens)
                           tot  in=14,925,695     out=138,997
                           trace theoretical_prefix_cache_hit=92.5%
                           srv  prefix_cache_hit=0.0% unique_in_srv=5,401,560,614 ext_cache_hit=83.3% kv_usage=96.3% queue=0r/16w tput_in_srv=16,630/s tput_out_srv=152/s
2026-06-02 22:38:43.223 - records_manager - INFO - [realtime 13:44 profiling] rps=0.0 (avg 0.3) tput_in=26453/s tput_out=246/s done=176 ok=176 err=0
                           ttft p50=24248ms p75=30947ms p95=49849ms p99=58995ms
                           itl  p50=13ms   p75=15ms   p95=20ms   p99=35ms
                           e2e  p50=33299ms p75=44636ms p95=71421ms p99=84462ms
                           intvty p50=78     p75=87     p95=96     p99=106 (1/tpot tok/s)
                           isl  p50=85,316    p75=112,454   p90=134,161   p99=239,532 (tokens)
                           osl  p50=563       p75=992       p90=2,077     p99=4,217 (tokens)
                           tot  in=14,925,695     out=138,997
                           trace theoretical_prefix_cache_hit=92.5%
                           srv  prefix_cache_hit=0.0% unique_in_srv=5,401,560,614 ext_cache_hit=83.3% kv_usage=96.3% queue=0r/16w tput_in_srv=16,137/s tput_out_srv=148/s
2026-06-02 22:39:13.577 - records_manager - INFO - [realtime 14:14 profiling] rps=0.0 (avg 0.3) tput_in=26453/s tput_out=246/s done=176 ok=176 err=0
                           ttft p50=24248ms p75=30947ms p95=49849ms p99=58995ms
                           itl  p50=13ms   p75=15ms   p95=20ms   p99=35ms
                           e2e  p50=33299ms p75=44636ms p95=71421ms p99=84462ms
                           intvty p50=78     p75=87     p95=96     p99=106 (1/tpot tok/s)
                           isl  p50=85,316    p75=112,454   p90=134,161   p99=239,532 (tokens)
                           osl  p50=563       p75=992       p90=2,077     p99=4,217 (tokens)
                           tot  in=14,925,695     out=138,997
                           trace theoretical_prefix_cache_hit=92.5%
                           srv  prefix_cache_hit=0.0% unique_in_srv=5,401,560,614 ext_cache_hit=83.3% kv_usage=96.3% queue=0r/16w tput_in_srv=15,673/s tput_out_srv=144/s
2026-06-02 22:39:43.900 - records_manager - INFO - [realtime 14:44 profiling] rps=0.0 (avg 0.3) tput_in=26453/s tput_out=246/s done=176 ok=176 err=0
                           ttft p50=24248ms p75=30947ms p95=49849ms p99=58995ms
                           itl  p50=13ms   p75=15ms   p95=20ms   p99=35ms
                           e2e  p50=33299ms p75=44636ms p95=71421ms p99=84462ms
                           intvty p50=78     p75=87     p95=96     p99=106 (1/tpot tok/s)
                           isl  p50=85,316    p75=112,454   p90=134,161   p99=239,532 (tokens)
                           osl  p50=563       p75=992       p90=2,077     p99=4,217 (tokens)
                           tot  in=14,925,695     out=138,997
                           trace theoretical_prefix_cache_hit=92.5%
                           srv  prefix_cache_hit=0.0% unique_in_srv=5,401,560,614 ext_cache_hit=83.3% kv_usage=96.3% queue=0r/16w tput_in_srv=15,235/s tput_out_srv=140/s
2026-06-02 22:40:14.265 - records_manager - INFO - [realtime 15:15 profiling] rps=0.0 (avg 0.3) tput_in=26453/s tput_out=246/s done=176 ok=176 err=0
                           ttft p50=24248ms p75=30947ms p95=49849ms p99=58995ms
                           itl  p50=13ms   p75=15ms   p95=20ms   p99=35ms
                           e2e  p50=33299ms p75=44636ms p95=71421ms p99=84462ms
                           intvty p50=78     p75=87     p95=96     p99=106 (1/tpot tok/s)
                           isl  p50=85,316    p75=112,454   p90=134,161   p99=239,532 (tokens)
                           osl  p50=563       p75=992       p90=2,077     p99=4,217 (tokens)
                           tot  in=14,925,695     out=138,997
                           trace theoretical_prefix_cache_hit=92.5%
                           srv  prefix_cache_hit=0.0% unique_in_srv=5,401,560,614 ext_cache_hit=83.3% kv_usage=96.3% queue=0r/16w tput_in_srv=14,821/s tput_out_srv=136/s
2026-06-02 22:40:44.612 - records_manager - INFO - [realtime 15:45 profiling] rps=0.0 (avg 0.3) tput_in=26453/s tput_out=246/s done=176 ok=176 err=0
                           ttft p50=24248ms p75=30947ms p95=49849ms p99=58995ms
                           itl  p50=13ms   p75=15ms   p95=20ms   p99=35ms
                           e2e  p50=33299ms p75=44636ms p95=71421ms p99=84462ms
                           intvty p50=78     p75=87     p95=96     p99=106 (1/tpot tok/s)
                           isl  p50=85,316    p75=112,454   p90=134,161   p99=239,532 (tokens)
                           osl  p50=563       p75=992       p90=2,077     p99=4,217 (tokens)
                           tot  in=14,925,695     out=138,997
                           trace theoretical_prefix_cache_hit=92.5%
                           srv  prefix_cache_hit=0.0% unique_in_srv=5,401,560,614 ext_cache_hit=83.3% kv_usage=96.3% queue=0r/16w tput_in_srv=14,429/s tput_out_srv=132/s
2026-06-02 22:41:14.983 - records_manager - INFO - [realtime 16:16 profiling] rps=0.0 (avg 0.3) tput_in=26453/s tput_out=246/s done=176 ok=176 err=0
                           ttft p50=24248ms p75=30947ms p95=49849ms p99=58995ms
                           itl  p50=13ms   p75=15ms   p95=20ms   p99=35ms
                           e2e  p50=33299ms p75=44636ms p95=71421ms p99=84462ms
                           intvty p50=78     p75=87     p95=96     p99=106 (1/tpot tok/s)
                           isl  p50=85,316    p75=112,454   p90=134,161   p99=239,532 (tokens)
                           osl  p50=563       p75=992       p90=2,077     p99=4,217 (tokens)
                           tot  in=14,925,695     out=138,997
                           trace theoretical_prefix_cache_hit=92.5%
                           srv  prefix_cache_hit=0.0% unique_in_srv=5,401,560,614 ext_cache_hit=83.3% kv_usage=96.3% queue=0r/16w tput_in_srv=14,057/s tput_out_srv=129/s
2026-06-02 22:41:45.318 - records_manager - INFO - [realtime 16:46 profiling] rps=0.0 (avg 0.3) tput_in=26453/s tput_out=246/s done=176 ok=176 err=0
                           ttft p50=24248ms p75=30947ms p95=49849ms p99=58995ms
                           itl  p50=13ms   p75=15ms   p95=20ms   p99=35ms
                           e2e  p50=33299ms p75=44636ms p95=71421ms p99=84462ms
                           intvty p50=78     p75=87     p95=96     p99=106 (1/tpot tok/s)
                           isl  p50=85,316    p75=112,454   p90=134,161   p99=239,532 (tokens)
                           osl  p50=563       p75=992       p90=2,077     p99=4,217 (tokens)
                           tot  in=14,925,695     out=138,997
                           trace theoretical_prefix_cache_hit=92.5%
                           srv  prefix_cache_hit=0.0% unique_in_srv=5,401,560,614 ext_cache_hit=83.3% kv_usage=96.3% queue=0r/16w tput_in_srv=13,703/s tput_out_srv=126/s
2026-06-02 22:42:15.663 - records_manager - INFO - [realtime 17:16 profiling] rps=0.0 (avg 0.3) tput_in=26453/s tput_out=246/s done=176 ok=176 err=0
                           ttft p50=24248ms p75=30947ms p95=49849ms p99=58995ms
                           itl  p50=13ms   p75=15ms   p95=20ms   p99=35ms
                           e2e  p50=33299ms p75=44636ms p95=71421ms p99=84462ms
                           intvty p50=78     p75=87     p95=96     p99=106 (1/tpot tok/s)
                           isl  p50=85,316    p75=112,454   p90=134,161   p99=239,532 (tokens)
                           osl  p50=563       p75=992       p90=2,077     p99=4,217 (tokens)
                           tot  in=14,925,695     out=138,997
                           trace theoretical_prefix_cache_hit=92.5%
                           srv  prefix_cache_hit=0.0% unique_in_srv=5,401,560,614 ext_cache_hit=83.3% kv_usage=96.3% queue=0r/16w tput_in_srv=13,367/s tput_out_srv=122/s
2026-06-02 22:42:46.033 - records_manager - INFO - [realtime 17:47 profiling] rps=0.0 (avg 0.3) tput_in=26453/s tput_out=246/s done=176 ok=176 err=0
                           ttft p50=24248ms p75=30947ms p95=49849ms p99=58995ms
                           itl  p50=13ms   p75=15ms   p95=20ms   p99=35ms
                           e2e  p50=33299ms p75=44636ms p95=71421ms p99=84462ms
                           intvty p50=78     p75=87     p95=96     p99=106 (1/tpot tok/s)
                           isl  p50=85,316    p75=112,454   p90=134,161   p99=239,532 (tokens)
                           osl  p50=563       p75=992       p90=2,077     p99=4,217 (tokens)
                           tot  in=14,925,695     out=138,997
                           trace theoretical_prefix_cache_hit=92.5%
                           srv  prefix_cache_hit=0.0% unique_in_srv=5,401,560,614 ext_cache_hit=83.3% kv_usage=96.3% queue=0r/16w tput_in_srv=13,047/s tput_out_srv=120/s
2026-06-02 22:43:16.358 - records_manager - INFO - [realtime 18:17 profiling] rps=0.0 (avg 0.3) tput_in=26453/s tput_out=246/s done=176 ok=176 err=0
                           ttft p50=24248ms p75=30947ms p95=49849ms p99=58995ms
                           itl  p50=13ms   p75=15ms   p95=20ms   p99=35ms
                           e2e  p50=33299ms p75=44636ms p95=71421ms p99=84462ms
                           intvty p50=78     p75=87     p95=96     p99=106 (1/tpot tok/s)
                           isl  p50=85,316    p75=112,454   p90=134,161   p99=239,532 (tokens)
                           osl  p50=563       p75=992       p90=2,077     p99=4,217 (tokens)
                           tot  in=14,925,695     out=138,997
                           trace theoretical_prefix_cache_hit=92.5%
                           srv  prefix_cache_hit=0.0% unique_in_srv=5,401,560,614 ext_cache_hit=83.3% kv_usage=96.3% queue=0r/16w tput_in_srv=12,742/s tput_out_srv=117/s
2026-06-02 22:43:46.694 - records_manager - INFO - [realtime 18:47 profiling] rps=0.0 (avg 0.3) tput_in=26453/s tput_out=246/s done=176 ok=176 err=0
                           ttft p50=24248ms p75=30947ms p95=49849ms p99=58995ms
                           itl  p50=13ms   p75=15ms   p95=20ms   p99=35ms
                           e2e  p50=33299ms p75=44636ms p95=71421ms p99=84462ms
                           intvty p50=78     p75=87     p95=96     p99=106 (1/tpot tok/s)
                           isl  p50=85,316    p75=112,454   p90=134,161   p99=239,532 (tokens)
                           osl  p50=563       p75=992       p90=2,077     p99=4,217 (tokens)
                           tot  in=14,925,695     out=138,997
                           trace theoretical_prefix_cache_hit=92.5%
                           srv  prefix_cache_hit=0.0% unique_in_srv=5,401,560,614 ext_cache_hit=83.3% kv_usage=96.3% queue=0r/16w tput_in_srv=12,451/s tput_out_srv=114/s
2026-06-02 22:44:17.073 - records_manager - INFO - [realtime 19:18 profiling] rps=0.0 (avg 0.3) tput_in=26453/s tput_out=246/s done=176 ok=176 err=0
                           ttft p50=24248ms p75=30947ms p95=49849ms p99=58995ms
                           itl  p50=13ms   p75=15ms   p95=20ms   p99=35ms
                           e2e  p50=33299ms p75=44636ms p95=71421ms p99=84462ms
                           intvty p50=78     p75=87     p95=96     p99=106 (1/tpot tok/s)
                           isl  p50=85,316    p75=112,454   p90=134,161   p99=239,532 (tokens)
                           osl  p50=563       p75=992       p90=2,077     p99=4,217 (tokens)
                           tot  in=14,925,695     out=138,997
                           trace theoretical_prefix_cache_hit=92.5%
                           srv  prefix_cache_hit=0.0% unique_in_srv=5,401,560,614 ext_cache_hit=83.3% kv_usage=96.3% queue=0r/16w tput_in_srv=12,173/s tput_out_srv=112/s
2026-06-02 22:44:47.391 - records_manager - INFO - [realtime 19:48 profiling] rps=0.0 (avg 0.3) tput_in=26453/s tput_out=246/s done=176 ok=176 err=0
                           ttft p50=24248ms p75=30947ms p95=49849ms p99=58995ms
                           itl  p50=13ms   p75=15ms   p95=20ms   p99=35ms
                           e2e  p50=33299ms p75=44636ms p95=71421ms p99=84462ms
                           intvty p50=78     p75=87     p95=96     p99=106 (1/tpot tok/s)
                           isl  p50=85,316    p75=112,454   p90=134,161   p99=239,532 (tokens)
                           osl  p50=563       p75=992       p90=2,077     p99=4,217 (tokens)
                           tot  in=14,925,695     out=138,997
                           trace theoretical_prefix_cache_hit=92.5%
                           srv  prefix_cache_hit=0.0% unique_in_srv=5,401,560,614 ext_cache_hit=83.3% kv_usage=96.3% queue=0r/16w tput_in_srv=11,907/s tput_out_srv=109/s
2026-06-02 22:45:17.764 - records_manager - INFO - [realtime 20:18 profiling] rps=0.0 (avg 0.3) tput_in=26453/s tput_out=246/s done=176 ok=176 err=0
                           ttft p50=24248ms p75=30947ms p95=49849ms p99=58995ms
                           itl  p50=13ms   p75=15ms   p95=20ms   p99=35ms
                           e2e  p50=33299ms p75=44636ms p95=71421ms p99=84462ms
                           intvty p50=78     p75=87     p95=96     p99=106 (1/tpot tok/s)
                           isl  p50=85,316    p75=112,454   p90=134,161   p99=239,532 (tokens)
                           osl  p50=563       p75=992       p90=2,077     p99=4,217 (tokens)
                           tot  in=14,925,695     out=138,997
                           trace theoretical_prefix_cache_hit=92.5%
                           srv  prefix_cache_hit=0.0% unique_in_srv=5,401,560,614 ext_cache_hit=83.3% kv_usage=96.3% queue=0r/16w tput_in_srv=11,653/s tput_out_srv=107/s
2026-06-02 22:45:48.100 - records_manager - INFO - [realtime 20:49 profiling] rps=0.0 (avg 0.3) tput_in=26453/s tput_out=246/s done=176 ok=176 err=0
                           ttft p50=24248ms p75=30947ms p95=49849ms p99=58995ms
                           itl  p50=13ms   p75=15ms   p95=20ms   p99=35ms
                           e2e  p50=33299ms p75=44636ms p95=71421ms p99=84462ms
                           intvty p50=78     p75=87     p95=96     p99=106 (1/tpot tok/s)
                           isl  p50=85,316    p75=112,454   p90=134,161   p99=239,532 (tokens)
                           osl  p50=563       p75=992       p90=2,077     p99=4,217 (tokens)
                           tot  in=14,925,695     out=138,997
                           trace theoretical_prefix_cache_hit=92.5%
                           srv  prefix_cache_hit=0.0% unique_in_srv=5,401,560,614 ext_cache_hit=83.3% kv_usage=96.3% queue=0r/16w tput_in_srv=11,409/s tput_out_srv=105/s
2026-06-02 22:46:18.423 - records_manager - INFO - [realtime 21:19 profiling] rps=0.0 (avg 0.3) tput_in=26453/s tput_out=246/s done=176 ok=176 err=0
                           ttft p50=24248ms p75=30947ms p95=49849ms p99=58995ms
                           itl  p50=13ms   p75=15ms   p95=20ms   p99=35ms
                           e2e  p50=33299ms p75=44636ms p95=71421ms p99=84462ms
                           intvty p50=78     p75=87     p95=96     p99=106 (1/tpot tok/s)
                           isl  p50=85,316    p75=112,454   p90=134,161   p99=239,532 (tokens)
                           osl  p50=563       p75=992       p90=2,077     p99=4,217 (tokens)
                           tot  in=14,925,695     out=138,997
                           trace theoretical_prefix_cache_hit=92.5%
                           srv  prefix_cache_hit=0.0% unique_in_srv=5,401,560,614 ext_cache_hit=83.3% kv_usage=96.3% queue=0r/16w tput_in_srv=11,175/s tput_out_srv=102/s
2026-06-02 22:46:48.768 - records_manager - INFO - [realtime 21:49 profiling] rps=0.0 (avg 0.3) tput_in=26453/s tput_out=246/s done=176 ok=176 err=0
                           ttft p50=24248ms p75=30947ms p95=49849ms p99=58995ms
                           itl  p50=13ms   p75=15ms   p95=20ms   p99=35ms
                           e2e  p50=33299ms p75=44636ms p95=71421ms p99=84462ms
                           intvty p50=78     p75=87     p95=96     p99=106 (1/tpot tok/s)
                           isl  p50=85,316    p75=112,454   p90=134,161   p99=239,532 (tokens)
                           osl  p50=563       p75=992       p90=2,077     p99=4,217 (tokens)
                           tot  in=14,925,695     out=138,997
                           trace theoretical_prefix_cache_hit=92.5%
                           srv  prefix_cache_hit=0.0% unique_in_srv=5,401,560,614 ext_cache_hit=83.3% kv_usage=96.3% queue=0r/16w tput_in_srv=10,951/s tput_out_srv=100/s
2026-06-02 22:47:19.093 - records_manager - INFO - [realtime 22:20 profiling] rps=0.0 (avg 0.3) tput_in=26453/s tput_out=246/s done=176 ok=176 err=0
                           ttft p50=24248ms p75=30947ms p95=49849ms p99=58995ms
                           itl  p50=13ms   p75=15ms   p95=20ms   p99=35ms
                           e2e  p50=33299ms p75=44636ms p95=71421ms p99=84462ms
                           intvty p50=78     p75=87     p95=96     p99=106 (1/tpot tok/s)
                           isl  p50=85,316    p75=112,454   p90=134,161   p99=239,532 (tokens)
                           osl  p50=563       p75=992       p90=2,077     p99=4,217 (tokens)
                           tot  in=14,925,695     out=138,997
                           trace theoretical_prefix_cache_hit=92.5%
                           srv  prefix_cache_hit=0.0% unique_in_srv=5,401,560,614 ext_cache_hit=83.3% kv_usage=96.3% queue=0r/16w tput_in_srv=10,735/s tput_out_srv=98/s
2026-06-02 22:47:49.453 - records_manager - INFO - [realtime 22:50 profiling] rps=0.0 (avg 0.3) tput_in=26453/s tput_out=246/s done=176 ok=176 err=0
                           ttft p50=24248ms p75=30947ms p95=49849ms p99=58995ms
                           itl  p50=13ms   p75=15ms   p95=20ms   p99=35ms
                           e2e  p50=33299ms p75=44636ms p95=71421ms p99=84462ms
                           intvty p50=78     p75=87     p95=96     p99=106 (1/tpot tok/s)
                           isl  p50=85,316    p75=112,454   p90=134,161   p99=239,532 (tokens)
                           osl  p50=563       p75=992       p90=2,077     p99=4,217 (tokens)
                           tot  in=14,925,695     out=138,997
                           trace theoretical_prefix_cache_hit=92.5%
                           srv  prefix_cache_hit=0.0% unique_in_srv=5,401,560,614 ext_cache_hit=83.3% kv_usage=96.3% queue=0r/16w tput_in_srv=10,528/s tput_out_srv=96/s
2026-06-02 22:48:19.788 - records_manager - INFO - [realtime 23:20 profiling] rps=0.0 (avg 0.3) tput_in=26453/s tput_out=246/s done=176 ok=176 err=0
                           ttft p50=24248ms p75=30947ms p95=49849ms p99=58995ms
                           itl  p50=13ms   p75=15ms   p95=20ms   p99=35ms
                           e2e  p50=33299ms p75=44636ms p95=71421ms p99=84462ms
                           intvty p50=78     p75=87     p95=96     p99=106 (1/tpot tok/s)
                           isl  p50=85,316    p75=112,454   p90=134,161   p99=239,532 (tokens)
                           osl  p50=563       p75=992       p90=2,077     p99=4,217 (tokens)
                           tot  in=14,925,695     out=138,997
                           trace theoretical_prefix_cache_hit=92.5%
                           srv  prefix_cache_hit=0.0% unique_in_srv=5,401,560,614 ext_cache_hit=83.3% kv_usage=96.3% queue=0r/16w tput_in_srv=10,328/s tput_out_srv=95/s
2026-06-02 22:48:50.130 - records_manager - INFO - [realtime 23:51 profiling] rps=0.0 (avg 0.3) tput_in=26453/s tput_out=246/s done=176 ok=176 err=0
                           ttft p50=24248ms p75=30947ms p95=49849ms p99=58995ms
                           itl  p50=13ms   p75=15ms   p95=20ms   p99=35ms
                           e2e  p50=33299ms p75=44636ms p95=71421ms p99=84462ms
                           intvty p50=78     p75=87     p95=96     p99=106 (1/tpot tok/s)
                           isl  p50=85,316    p75=112,454   p90=134,161   p99=239,532 (tokens)
                           osl  p50=563       p75=992       p90=2,077     p99=4,217 (tokens)
                           tot  in=14,925,695     out=138,997
                           trace theoretical_prefix_cache_hit=92.5%
                           srv  prefix_cache_hit=0.0% unique_in_srv=5,401,560,614 ext_cache_hit=83.3% kv_usage=96.3% queue=0r/16w tput_in_srv=10,136/s tput_out_srv=93/s
2026-06-02 22:49:20.514 - records_manager - INFO - [realtime 24:21 profiling] rps=0.0 (avg 0.3) tput_in=26453/s tput_out=246/s done=176 ok=176 err=0
                           ttft p50=24248ms p75=30947ms p95=49849ms p99=58995ms
                           itl  p50=13ms   p75=15ms   p95=20ms   p99=35ms
                           e2e  p50=33299ms p75=44636ms p95=71421ms p99=84462ms
                           intvty p50=78     p75=87     p95=96     p99=106 (1/tpot tok/s)
                           isl  p50=85,316    p75=112,454   p90=134,161   p99=239,532 (tokens)
                           osl  p50=563       p75=992       p90=2,077     p99=4,217 (tokens)
                           tot  in=14,925,695     out=138,997
                           trace theoretical_prefix_cache_hit=92.5%
                           srv  prefix_cache_hit=0.0% unique_in_srv=5,401,560,614 ext_cache_hit=83.3% kv_usage=96.3% queue=0r/16w tput_in_srv=9,951/s tput_out_srv=91/s
2026-06-02 22:49:50.896 - records_manager - INFO - [realtime 24:51 profiling] rps=0.0 (avg 0.3) tput_in=26453/s tput_out=246/s done=176 ok=176 err=0
                           ttft p50=24248ms p75=30947ms p95=49849ms p99=58995ms
                           itl  p50=13ms   p75=15ms   p95=20ms   p99=35ms
                           e2e  p50=33299ms p75=44636ms p95=71421ms p99=84462ms
                           intvty p50=78     p75=87     p95=96     p99=106 (1/tpot tok/s)
                           isl  p50=85,316    p75=112,454   p90=134,161   p99=239,532 (tokens)
                           osl  p50=563       p75=992       p90=2,077     p99=4,217 (tokens)
                           tot  in=14,925,695     out=138,997
                           trace theoretical_prefix_cache_hit=92.5%
                           srv  prefix_cache_hit=0.0% unique_in_srv=5,401,560,614 ext_cache_hit=83.3% kv_usage=96.3% queue=0r/16w tput_in_srv=9,773/s tput_out_srv=90/s
2026-06-02 22:50:21.201 - records_manager - INFO - [realtime 25:22 profiling] rps=0.0 (avg 0.3) tput_in=26453/s tput_out=246/s done=176 ok=176 err=0
                           ttft p50=24248ms p75=30947ms p95=49849ms p99=58995ms
                           itl  p50=13ms   p75=15ms   p95=20ms   p99=35ms
                           e2e  p50=33299ms p75=44636ms p95=71421ms p99=84462ms
                           intvty p50=78     p75=87     p95=96     p99=106 (1/tpot tok/s)
                           isl  p50=85,316    p75=112,454   p90=134,161   p99=239,532 (tokens)
                           osl  p50=563       p75=992       p90=2,077     p99=4,217 (tokens)
                           tot  in=14,925,695     out=138,997
                           trace theoretical_prefix_cache_hit=92.5%
                           srv  prefix_cache_hit=0.0% unique_in_srv=5,401,560,614 ext_cache_hit=83.3% kv_usage=96.3% queue=0r/16w tput_in_srv=9,599/s tput_out_srv=88/s
2026-06-02 22:50:51.568 - records_manager - INFO - [realtime 25:52 profiling] rps=0.0 (avg 0.3) tput_in=26453/s tput_out=246/s done=176 ok=176 err=0
                           ttft p50=24248ms p75=30947ms p95=49849ms p99=58995ms
                           itl  p50=13ms   p75=15ms   p95=20ms   p99=35ms
                           e2e  p50=33299ms p75=44636ms p95=71421ms p99=84462ms
                           intvty p50=78     p75=87     p95=96     p99=106 (1/tpot tok/s)
                           isl  p50=85,316    p75=112,454   p90=134,161   p99=239,532 (tokens)
                           osl  p50=563       p75=992       p90=2,077     p99=4,217 (tokens)
                           tot  in=14,925,695     out=138,997
                           trace theoretical_prefix_cache_hit=92.5%
                           srv  prefix_cache_hit=0.0% unique_in_srv=5,401,560,614 ext_cache_hit=83.3% kv_usage=96.3% queue=0r/16w tput_in_srv=9,434/s tput_out_srv=86/s
2026-06-02 22:51:21.896 - records_manager - INFO - [realtime 26:22 profiling] rps=0.0 (avg 0.3) tput_in=26453/s tput_out=246/s done=176 ok=176 err=0
                           ttft p50=24248ms p75=30947ms p95=49849ms p99=58995ms
                           itl  p50=13ms   p75=15ms   p95=20ms   p99=35ms
                           e2e  p50=33299ms p75=44636ms p95=71421ms p99=84462ms
                           intvty p50=78     p75=87     p95=96     p99=106 (1/tpot tok/s)
                           isl  p50=85,316    p75=112,454   p90=134,161   p99=239,532 (tokens)
                           osl  p50=563       p75=992       p90=2,077     p99=4,217 (tokens)
                           tot  in=14,925,695     out=138,997
                           trace theoretical_prefix_cache_hit=92.5%
                           srv  prefix_cache_hit=0.0% unique_in_srv=5,401,560,614 ext_cache_hit=83.3% kv_usage=96.3% queue=0r/16w tput_in_srv=9,272/s tput_out_srv=85/s
2026-06-02 22:51:52.280 - records_manager - INFO - [realtime 26:53 profiling] rps=0.0 (avg 0.3) tput_in=26453/s tput_out=246/s done=176 ok=176 err=0
                           ttft p50=24248ms p75=30947ms p95=49849ms p99=58995ms
                           itl  p50=13ms   p75=15ms   p95=20ms   p99=35ms
                           e2e  p50=33299ms p75=44636ms p95=71421ms p99=84462ms
                           intvty p50=78     p75=87     p95=96     p99=106 (1/tpot tok/s)
                           isl  p50=85,316    p75=112,454   p90=134,161   p99=239,532 (tokens)
                           osl  p50=563       p75=992       p90=2,077     p99=4,217 (tokens)
                           tot  in=14,925,695     out=138,997
                           trace theoretical_prefix_cache_hit=92.5%
                           srv  prefix_cache_hit=0.0% unique_in_srv=5,401,560,614 ext_cache_hit=83.3% kv_usage=96.3% queue=0r/16w tput_in_srv=9,119/s tput_out_srv=84/s
2026-06-02 22:52:22.598 - records_manager - INFO - [realtime 27:23 profiling] rps=0.0 (avg 0.3) tput_in=26453/s tput_out=246/s done=176 ok=176 err=0
                           ttft p50=24248ms p75=30947ms p95=49849ms p99=58995ms
                           itl  p50=13ms   p75=15ms   p95=20ms   p99=35ms
                           e2e  p50=33299ms p75=44636ms p95=71421ms p99=84462ms
                           intvty p50=78     p75=87     p95=96     p99=106 (1/tpot tok/s)
                           isl  p50=85,316    p75=112,454   p90=134,161   p99=239,532 (tokens)
                           osl  p50=563       p75=992       p90=2,077     p99=4,217 (tokens)
                           tot  in=14,925,695     out=138,997
                           trace theoretical_prefix_cache_hit=92.5%
                           srv  prefix_cache_hit=0.0% unique_in_srv=5,401,560,614 ext_cache_hit=83.3% kv_usage=96.3% queue=0r/16w tput_in_srv=8,967/s tput_out_srv=82/s
2026-06-02 22:52:52.934 - records_manager - INFO - [realtime 27:54 profiling] rps=0.0 (avg 0.3) tput_in=26453/s tput_out=246/s done=176 ok=176 err=0
                           ttft p50=24248ms p75=30947ms p95=49849ms p99=58995ms
                           itl  p50=13ms   p75=15ms   p95=20ms   p99=35ms
                           e2e  p50=33299ms p75=44636ms p95=71421ms p99=84462ms
                           intvty p50=78     p75=87     p95=96     p99=106 (1/tpot tok/s)
                           isl  p50=85,316    p75=112,454   p90=134,161   p99=239,532 (tokens)
                           osl  p50=563       p75=992       p90=2,077     p99=4,217 (tokens)
                           tot  in=14,925,695     out=138,997
                           trace theoretical_prefix_cache_hit=92.5%
                           srv  prefix_cache_hit=0.0% unique_in_srv=5,401,560,614 ext_cache_hit=83.3% kv_usage=96.3% queue=0r/16w tput_in_srv=8,822/s tput_out_srv=81/s
2026-06-02 22:53:23.328 - records_manager - INFO - [realtime 28:24 profiling] rps=0.0 (avg 0.3) tput_in=26453/s tput_out=246/s done=176 ok=176 err=0
                           ttft p50=24248ms p75=30947ms p95=49849ms p99=58995ms
                           itl  p50=13ms   p75=15ms   p95=20ms   p99=35ms
                           e2e  p50=33299ms p75=44636ms p95=71421ms p99=84462ms
                           intvty p50=78     p75=87     p95=96     p99=106 (1/tpot tok/s)
                           isl  p50=85,316    p75=112,454   p90=134,161   p99=239,532 (tokens)
                           osl  p50=563       p75=992       p90=2,077     p99=4,217 (tokens)
                           tot  in=14,925,695     out=138,997
                           trace theoretical_prefix_cache_hit=92.5%
                           srv  prefix_cache_hit=0.0% unique_in_srv=5,401,560,614 ext_cache_hit=83.3% kv_usage=96.3% queue=0r/16w tput_in_srv=8,683/s tput_out_srv=80/s
2026-06-02 22:53:53.674 - records_manager - INFO - [realtime 28:54 profiling] rps=0.0 (avg 0.3) tput_in=26453/s tput_out=246/s done=176 ok=176 err=0
                           ttft p50=24248ms p75=30947ms p95=49849ms p99=58995ms
                           itl  p50=13ms   p75=15ms   p95=20ms   p99=35ms
                           e2e  p50=33299ms p75=44636ms p95=71421ms p99=84462ms
                           intvty p50=78     p75=87     p95=96     p99=106 (1/tpot tok/s)
                           isl  p50=85,316    p75=112,454   p90=134,161   p99=239,532 (tokens)
                           osl  p50=563       p75=992       p90=2,077     p99=4,217 (tokens)
                           tot  in=14,925,695     out=138,997
                           trace theoretical_prefix_cache_hit=92.5%
                           srv  prefix_cache_hit=0.0% unique_in_srv=5,401,560,614 ext_cache_hit=83.3% kv_usage=96.3% queue=0r/16w tput_in_srv=8,545/s tput_out_srv=78/s
2026-06-02 22:54:24.019 - records_manager - INFO - [realtime 29:25 profiling] rps=0.0 (avg 0.3) tput_in=26453/s tput_out=246/s done=176 ok=176 err=0
                           ttft p50=24248ms p75=30947ms p95=49849ms p99=58995ms
                           itl  p50=13ms   p75=15ms   p95=20ms   p99=35ms
                           e2e  p50=33299ms p75=44636ms p95=71421ms p99=84462ms
                           intvty p50=78     p75=87     p95=96     p99=106 (1/tpot tok/s)
                           isl  p50=85,316    p75=112,454   p90=134,161   p99=239,532 (tokens)
                           osl  p50=563       p75=992       p90=2,077     p99=4,217 (tokens)
                           tot  in=14,925,695     out=138,997
                           trace theoretical_prefix_cache_hit=92.5%
                           srv  prefix_cache_hit=0.0% unique_in_srv=5,401,560,614 ext_cache_hit=83.3% kv_usage=96.3% queue=0r/16w tput_in_srv=8,413/s tput_out_srv=77/s
2026-06-02 22:54:54.398 - records_manager - INFO - [realtime 29:55 profiling] rps=0.0 (avg 0.3) tput_in=26453/s tput_out=246/s done=176 ok=176 err=0
                           ttft p50=24248ms p75=30947ms p95=49849ms p99=58995ms
                           itl  p50=13ms   p75=15ms   p95=20ms   p99=35ms
                           e2e  p50=33299ms p75=44636ms p95=71421ms p99=84462ms
                           intvty p50=78     p75=87     p95=96     p99=106 (1/tpot tok/s)
                           isl  p50=85,316    p75=112,454   p90=134,161   p99=239,532 (tokens)
                           osl  p50=563       p75=992       p90=2,077     p99=4,217 (tokens)
                           tot  in=14,925,695     out=138,997
                           trace theoretical_prefix_cache_hit=92.5%
                           srv  prefix_cache_hit=0.0% unique_in_srv=5,401,560,614 ext_cache_hit=83.3% kv_usage=96.3% queue=0r/16w tput_in_srv=8,286/s tput_out_srv=76/s
2026-06-02 22:54:58.913 - PhaseRunner - INFO - Timeout of 1799.999524086s elapsed for event 'profiling phase sending'
2026-06-02 22:54:58.913 - PhaseRunner - NOTICE - Phase profiling sending complete | sent=192, completed=176, in_flight=16 | sessions: sent=7, completed=2 | timeout_triggered=True
2026-06-02 22:54:58.913 - PhaseRunner - INFO - Waiting for event 'profiling phase credits returned' with timeout of 29.99880106699993s
2026-06-02 22:54:58.914 - records_manager - INFO - Sent 192 requests. Waiting for all to complete...
2026-06-02 22:55:24.776 - records_manager - INFO - [realtime 30:25 profiling] rps=0.0 (avg 0.3) tput_in=26453/s tput_out=246/s done=176 ok=176 err=0
                           ttft p50=24248ms p75=30947ms p95=49849ms p99=58995ms
                           itl  p50=13ms   p75=15ms   p95=20ms   p99=35ms
                           e2e  p50=33299ms p75=44636ms p95=71421ms p99=84462ms
                           intvty p50=78     p75=87     p95=96     p99=106 (1/tpot tok/s)
                           isl  p50=85,316    p75=112,454   p90=134,161   p99=239,532 (tokens)
                           osl  p50=563       p75=992       p90=2,077     p99=4,217 (tokens)
                           tot  in=14,925,695     out=138,997
                           trace theoretical_prefix_cache_hit=92.5%
                           srv  prefix_cache_hit=0.0% unique_in_srv=5,401,560,614 ext_cache_hit=83.3% kv_usage=96.3% queue=0r/16w tput_in_srv=8,161/s tput_out_srv=75/s
2026-06-02 22:55:28.912 - PhaseRunner - INFO - Timeout of 29.99880106699993s elapsed for event 'profiling phase credits returned'
2026-06-02 22:55:28.912 - PhaseRunner - WARNING - Phase profiling timed out, cancelling all credits. Stats: sent=192, completed=176, cancelled=0, in_flight=16
2026-06-02 22:55:28.912 - StickyCreditRouter_23924af7 - INFO - Sent cancellation requests for 16 in-flight credits across 14 workers
2026-06-02 22:55:28.912 - PhaseRunner - INFO - Waiting for all cancelled credits to be returned for phase profiling. Need 16 more credits.
2026-06-02 22:55:28.914 - PhaseRunner - INFO - All cancelled credits returned for phase profiling
2026-06-02 22:55:28.914 - PhaseRunner - NOTICE - Phase profiling complete | completed=176, cancelled=16, errors=0 | sessions: completed=2, cancelled=0 | elapsed=1830.00s | grace_period_timeout=True
2026-06-02 22:55:28.914 - aiperf.timing.branch_orchestrator - INFO - BranchOrchestrator stats: spawned=2 completed=2 errored=0 suspended=1 resumed=1 parents_failed_due_to_child_error=0 joins_suppressed=0
2026-06-02 22:55:28.914 - PhaseOrchestrator_b149e898 - NOTICE - All credits completed
2026-06-02 22:55:28.914 - system_controller - INFO - Received credits complete from 'timing_manager'
2026-06-02 22:55:28.915 - records_manager - INFO - Received CREDIT_PHASE_COMPLETE message, Phase complete: PhaseRecordsStats(phase=CreditPhase.PROFILING, start_ns=1780439098912534417, sent_end_ns=1780440898913509061, requests_end_ns=1780440928914196396, total_expected_requests=None, expected_duration_sec=None, expected_num_sessions=None, expected_grace_period_sec=None, final_requests_sent=None, final_requests_completed=176, final_requests_cancelled=16, final_request_errors=0, final_sent_sessions=None, final_completed_sessions=None, final_cancelled_sessions=None, timeout_triggered=True, grace_period_timeout_triggered=True, was_cancelled=False, records_end_ns=None, success_records=176, error_records=0)
2026-06-02 22:55:28.915 - records_manager - NOTICE - All requests have completed, please wait for the results to be processed (currently 176 of 176 records processed)...
2026-06-02 22:55:28.915 - records_manager - INFO - Processed 176 valid requests and 0 errors (176 total).
2026-06-02 22:55:28.915 - records_manager - INFO - Received all records, processing now...
2026-06-02 22:55:28.915 - records_manager - INFO - All credits complete, please wait for the results to be processed...
2026-06-02 22:55:28.916 - server_metrics_manager - INFO - Server Metrics: Profiling complete, capturing final metrics...
2026-06-02 22:55:28.916 - records_manager - INFO - Waiting 2.0s for server metrics flush period...
2026-06-02 22:55:30.914 - records_manager - INFO - Processing records results...
2026-06-02 22:55:33.248 - RecordExportJSONLWriter_d3485d8d - WARNING - Timeout waiting for 0 pending flush tasks during shutdown. Cancelling tasks and proceeding with cleanup.
2026-06-02 22:55:33.360 - system_controller - INFO - Waiting for server metrics results...
2026-06-02 22:55:33.361 - system_controller - INFO - Waiting for server metrics results...
2026-06-02 22:55:34.446 - records_manager - INFO - _finalize_and_process_results completed
2026-06-02 22:55:34.919 - system_controller - INFO - All results received, initiating shutdown
2026-06-02 22:55:35.569 - ExporterManager - INFO - Exporting all records
2026-06-02 22:55:35.769 - aiperf.common.scenario.validator - INFO - Scenario 'inferencex-agentx-mvp': setting timing_mode=agentic_replay (was at default request_rate).
2026-06-02 22:55:36.946 - aiperf.common.scenario.validator - INFO - Scenario 'inferencex-agentx-mvp': setting timing_mode=agentic_replay (was at default request_rate).
2026-06-02 22:55:37.029 - ExporterManager - INFO - Exporting console data
