2026-06-02 22:12:34.078 - aiperf.cli_runner - INFO - Starting AIPerf System
2026-06-02 22:12:34.302 - system_controller - INFO - Registered Worker Manager (id: 'worker_manager')
2026-06-02 22:12:34.341 - server_metrics_manager - INFO - Server Metrics: Discovered 1 endpoints: ['http://localhost:8888/metrics']
2026-06-02 22:12:34.395 - system_controller - INFO - Registered Gpu Telemetry Manager (id: 'gpu_telemetry_manager')
2026-06-02 22:12:34.395 - system_controller - INFO - Registered Server Metrics Manager (id: 'server_metrics_manager')
2026-06-02 22:12:34.447 - system_controller - INFO - Registered Dataset Manager (id: 'dataset_manager')
2026-06-02 22:12:34.458 - system_controller - INFO - Registered Worker (id: 'worker_518f56af')
2026-06-02 22:12:34.459 - system_controller - INFO - Registered Worker (id: 'worker_604ff437')
2026-06-02 22:12:34.460 - system_controller - INFO - Registered Worker (id: 'worker_673dfb27')
2026-06-02 22:12:34.460 - system_controller - INFO - Registered Worker (id: 'worker_fbf72804')
2026-06-02 22:12:34.461 - system_controller - INFO - Registered Worker (id: 'worker_85e6ca9f')
2026-06-02 22:12:34.465 - system_controller - INFO - Registered Worker (id: 'worker_5465c4dd')
2026-06-02 22:12:34.469 - system_controller - INFO - Registered Worker (id: 'worker_eff99184')
2026-06-02 22:12:34.470 - system_controller - INFO - Registered Worker (id: 'worker_16712055')
2026-06-02 22:12:34.472 - system_controller - INFO - Registered Worker (id: 'worker_13839f05')
2026-06-02 22:12:34.476 - system_controller - INFO - Registered Worker (id: 'worker_0f6a2a3a')
2026-06-02 22:12:34.476 - system_controller - INFO - Registered Worker (id: 'worker_1ca5f941')
2026-06-02 22:12:34.481 - system_controller - INFO - Registered Worker (id: 'worker_da721b46')
2026-06-02 22:12:34.485 - system_controller - INFO - Registered Worker (id: 'worker_ad18d932')
2026-06-02 22:12:34.487 - system_controller - INFO - Registered Worker (id: 'worker_f47eeba9')
2026-06-02 22:12:34.487 - system_controller - INFO - Registered Worker (id: 'worker_c4fff438')
2026-06-02 22:12:34.501 - system_controller - INFO - Registered Record Processor (id: 'record_processor_d48218e1')
2026-06-02 22:12:34.502 - system_controller - INFO - Registered Record Processor (id: 'record_processor_de388c77')
2026-06-02 22:12:34.507 - system_controller - INFO - Registered Worker (id: 'worker_9d47b411')
2026-06-02 22:12:34.559 - system_controller - INFO - Registered Worker (id: 'worker_8b2da521')
2026-06-02 22:12:34.559 - system_controller - INFO - Registered Worker (id: 'worker_273fcc97')
2026-06-02 22:12:34.560 - system_controller - INFO - Registered Worker (id: 'worker_56876038')
2026-06-02 22:12:34.560 - system_controller - INFO - Registered Worker (id: 'worker_938efd25')
2026-06-02 22:12:34.588 - system_controller - INFO - Registered Worker (id: 'worker_04ed9566')
2026-06-02 22:12:34.600 - GPUTelemetryJSONLWriter_3058dd1d - INFO - GPU telemetry export enabled: /workspace/results/aiperf_artifacts/gpu_telemetry_export.jsonl
2026-06-02 22:12:34.602 - system_controller - INFO - Registered Record Processor (id: 'record_processor_2dc4f22e')
2026-06-02 22:12:34.602 - system_controller - INFO - Registered Record Processor (id: 'record_processor_2a8664e9')
2026-06-02 22:12:34.603 - RecordExportJSONLWriter_7c6789f8 - INFO - Record metrics export enabled: /workspace/results/aiperf_artifacts/profile_export.jsonl
2026-06-02 22:12:34.604 - system_controller - INFO - Registered Timing Manager (id: 'timing_manager')
2026-06-02 22:12:34.605 - system_controller - INFO - Registered Record Processor (id: 'record_processor_2422a62f')
2026-06-02 22:12:34.606 - system_controller - INFO - Registered Worker (id: 'worker_6d60ea87')
2026-06-02 22:12:34.613 - system_controller - INFO - Registered Worker (id: 'worker_31519354')
2026-06-02 22:12:34.614 - system_controller - INFO - Registered Worker (id: 'worker_ef6307df')
2026-06-02 22:12:34.616 - system_controller - INFO - Registered Worker (id: 'worker_90a560dd')
2026-06-02 22:12:34.616 - system_controller - INFO - Registered Worker (id: 'worker_621774d5')
2026-06-02 22:12:34.617 - system_controller - INFO - Registered Worker (id: 'worker_64e8b3cb')
2026-06-02 22:12:34.635 - system_controller - INFO - Registered Worker (id: 'worker_e418e6ed')
2026-06-02 22:12:34.640 - system_controller - INFO - Registered Worker (id: 'worker_87b0c772')
2026-06-02 22:12:34.640 - system_controller - INFO - Registered Worker (id: 'worker_dd2f7702')
2026-06-02 22:12:34.641 - system_controller - INFO - Registered Record Processor (id: 'record_processor_5d499935')
2026-06-02 22:12:34.641 - system_controller - INFO - Registered Record Processor (id: 'record_processor_90773fb6')
2026-06-02 22:12:34.641 - system_controller - INFO - Registered Worker (id: 'worker_d0e5adce')
2026-06-02 22:12:34.644 - system_controller - INFO - Registered Record Processor (id: 'record_processor_49f1902f')
2026-06-02 22:12:34.647 - system_controller - INFO - Registered Worker (id: 'worker_43999083')
2026-06-02 22:12:34.649 - system_controller - INFO - Registered Records Manager (id: 'records_manager')
2026-06-02 22:12:34.791 - system_controller - INFO - AIPerf System is CONFIGURING
2026-06-02 22:12:34.791 - system_controller - INFO - Configuring all services to start profiling
2026-06-02 22:12:34.792 - timing_manager - INFO - Waiting for dataset to be configured before configuring timing
2026-06-02 22:12:34.792 - InferenceResultParser_c2ae2600 - INFO - Tokenization is disabled for this endpoint, skipping tokenizer configuration
2026-06-02 22:12:34.792 - InferenceResultParser_3f1eb456 - INFO - Tokenization is disabled for this endpoint, skipping tokenizer configuration
2026-06-02 22:12:34.792 - InferenceResultParser_6713f368 - INFO - Tokenization is disabled for this endpoint, skipping tokenizer configuration
2026-06-02 22:12:34.792 - InferenceResultParser_257932f1 - INFO - Tokenization is disabled for this endpoint, skipping tokenizer configuration
2026-06-02 22:12:34.792 - InferenceResultParser_bc00b5ea - INFO - Tokenization is disabled for this endpoint, skipping tokenizer configuration
2026-06-02 22:12:34.793 - InferenceResultParser_02853b83 - INFO - Tokenization is disabled for this endpoint, skipping tokenizer configuration
2026-06-02 22:12:34.793 - InferenceResultParser_fcebfe3e - INFO - Tokenization is disabled for this endpoint, skipping tokenizer configuration
2026-06-02 22:12:34.793 - InferenceResultParser_630aa58d - INFO - Tokenization is disabled for this endpoint, skipping tokenizer configuration
2026-06-02 22:12:34.801 - system_controller - INFO - GPU telemetry disabled - no DCGM endpoints reachable
2026-06-02 22:12:34.805 - server_metrics_manager - INFO - Server Metrics: Capturing baseline metrics...
2026-06-02 22:12:34.823 - http://localhost:8888/metrics - INFO - Skipping unsupported summary metric: http_request_size_bytes
2026-06-02 22:12:34.823 - http://localhost:8888/metrics - INFO - Skipping unsupported summary metric: http_response_size_bytes
2026-06-02 22:12:34.824 - system_controller - INFO - Server metrics enabled - 1/1 endpoint(s) reachable.
2026-06-02 22:12:34.831 - dataset_manager - INFO - Memory-mapped dataset cache HIT (key=9ea77629aaffea823767a106cff84381); skipping tokenizer + composer.
2026-06-02 22:12:35.836 - aiperf.dataset.mmap_cache - INFO - Restored mmap cache file dataset.dat via copy in 1.005s (2.10 GiB)
2026-06-02 22:12:35.837 - aiperf.dataset.mmap_cache - INFO - Restored mmap cache file index.dat via copy in 0.001s (0.00 GiB)
2026-06-02 22:12:35.837 - aiperf.dataset.mmap_cache - INFO - Restored mmap cache files in 1.006s via dataset=copy index=copy (dataset=2.10 GiB, index=0.00 GiB)
2026-06-02 22:12:36.100 - dataset_manager - INFO - sampling strategy: sequential, unique conversations: 634, unique turn count: 62664
2026-06-02 22:12:36.319 - dataset_manager - INFO - Dataset client initialized and freed 0 conversations from memory
2026-06-02 22:12:36.569 - aiperf.timing.trajectory_source - INFO - TrajectorySource: built 36 trajectories from 225 traces
  range cfg=[0.25, 0.75]  observed sample pct: min= 25% median= 45% max= 74%
    lane=00  sample_time= 39%  root_next= 14/32  ( 44% turns)  live=1 ready=1  trace_id=00e7d11db2db59f44a87b4110175b11d1af3
    lane=01  sample_time= 55%  root_next= 20/37  ( 54% turns)  live=1 ready=1  trace_id=01fece675b92efe07620225cd69c3884f774
    lane=02  sample_time= 55%  root_next=311/594 ( 52% turns)  live=1 ready=1  trace_id=0275949f4db511444909fe92b12f7e921e4a
    lane=03  sample_time= 27%  root_next= 13/27  ( 48% turns)  live=1 ready=1  trace_id=03be8f1eb1e9e620f46bd07068d6ab1aaae3
    lane=04  sample_time= 40%  root_next= 69/151 ( 46% turns)  live=1 ready=1  trace_id=0475b786230f3f2e24220d28e247eaee2dae
    lane=05  sample_time= 50%  root_next= 99/187 ( 53% turns)  live=1 ready=1  trace_id=04b25fe5b2ffa5e7ec9890426cce59838a05
    lane=06  sample_time= 69%  root_next= 10/20  ( 50% turns)  live=1 ready=1  trace_id=06385769df23204ac35c53ad431cf42f7c02
    lane=07  sample_time= 63%  root_next= 65/121 ( 54% turns)  live=1 ready=1  trace_id=07fc71985fbafc8e1abb181b7d28b8349f45
    lane=08  sample_time= 29%  root_next= 46/165 ( 28% turns)  live=1 ready=1  trace_id=09a5d415a7157ed48a5a6fa2711f2d8565c1
    lane=09  sample_time= 28%  root_next=  7/27  ( 26% turns)  live=1 ready=1  trace_id=09c188c8b9201ec2046cc2df702623fef33e
    lane=10  sample_time= 44%  root_next= 41/85  ( 48% turns)  live=1 ready=1  trace_id=0b1cf5ad73920121aa53e1acb0851a8ecf32
    lane=11  sample_time= 61%  root_next=161/254 ( 63% turns)  live=1 ready=1  trace_id=0b4a56f22f01dc235b7ce1cc3aeabd6943e8
    lane=12  sample_time= 32%  root_next=199/504 ( 39% turns)  live=1 ready=1  trace_id=0d75185d4e958ad360c16451eaa95d508edf
    lane=13  sample_time= 51%  root_next= 13/22  ( 59% turns)  live=1 ready=1  trace_id=0da3a3bea6f3559a2eff4114839b328dad53
    lane=14  sample_time= 71%  root_next= 18/23  ( 78% turns)  live=1 ready=1  trace_id=116cb8d945f9d0810e788e51e3744adaab74
    lane=15  sample_time= 46%  root_next= 30/49  ( 61% turns)  live=1 ready=1  trace_id=1186d32070428ea303de493d61ee3effd467
    lane=16  sample_time= 74%  root_next= 23/26  ( 88% turns)  live=1 ready=1  trace_id=13762df76dba635a268bf3acbb30bfffed63
    lane=17  sample_time= 27%  root_next=  8/27  ( 30% turns)  live=1 ready=1  trace_id=14933d8a4190c45ac8fbd21183bba9469140
    lane=18  sample_time= 43%  root_next= 24/38  ( 63% turns)  live=1 ready=1  trace_id=1770548ae8e30555e62d6d6296c0166d6074
    lane=19  sample_time= 35%  root_next= 18/44  ( 41% turns)  live=1 ready=1  trace_id=1ac9d045056424d98ec4b5725460ca2b6120
    lane=20  sample_time= 55%  root_next= 31/50  ( 62% turns)  live=1 ready=1  trace_id=1b29955ec88767b5f8870f705f770cd46c60
    lane=21  sample_time= 69%  root_next=318/452 ( 70% turns)  live=1 ready=1  trace_id=1ec7f23f1ca1449b1758b86dba91df97cf1a
    lane=22  sample_time= 40%  root_next= 13/31  ( 42% turns)  live=1 ready=1  trace_id=1ff2c5c397d1c8f4a2e069449ec8e10b882a
    lane=23  sample_time= 34%  root_next= 33/55  ( 60% turns)  live=1 ready=1  trace_id=219331470ffaa5388ff9d7d8da92f5dc575b
    lane=24  sample_time= 46%  root_next= 38/63  ( 60% turns)  live=1 ready=1  trace_id=263134ce70d475337deb473aadc255479210
    lane=25  sample_time= 25%  root_next= 14/39  ( 36% turns)  live=1 ready=1  trace_id=265a5749ca677d0b0c90e7d3d6029a45318f
    lane=26  sample_time= 26%  root_next=  7/21  ( 33% turns)  live=1 ready=1  trace_id=2781d1fa9a22e982996948283bbcd3136c44
    lane=27  sample_time= 45%  root_next= 17/30  ( 57% turns)  live=1 ready=1  trace_id=27bf77bcaaf2b6d2210bdbdab4934348f322
    lane=28  sample_time= 73%  root_next= 61/84  ( 73% turns)  live=1 ready=1  trace_id=27cf2ada39b896fea5580c895bfbd4119490
    lane=29  sample_time= 52%  root_next= 20/34  ( 59% turns)  live=1 ready=1  trace_id=298daf6961d9121ca2f5d3cde68ba961c0c5
    lane=30  sample_time= 27%  root_next= 15/43  ( 35% turns)  live=1 ready=1  trace_id=2b971773e1889a7692523d5cc0a78a0361cb
    lane=31  sample_time= 43%  root_next=  8/21  ( 38% turns)  live=1 ready=1  trace_id=2c3e52bf4e687293e9fb70cba1c1786dceea
    lane=32  sample_time= 38%  root_next= 15/26  ( 58% turns)  live=1 ready=1  trace_id=2cfbb581474c482911487fd9b13d720889fa
    lane=33  sample_time= 36%  root_next= 58/160 ( 36% turns)  live=1 ready=1  trace_id=2dd25288ba9fe088c0419aabfb19c3ca4f36
    lane=34  sample_time= 69%  root_next=187/279 ( 67% turns)  live=1 ready=1  trace_id=2de8538029066d95b4ff113d5750eb403cb7
    lane=35  sample_time= 63%  root_next=242/441 ( 55% turns)  live=1 ready=1  trace_id=2df1b153c477169c8ab4ecd9e917ccaa3dba
2026-06-02 22:12:36.569 - PhaseOrchestrator_ef259be7 - INFO - Initialized 2 phase(s): ['Warmup', 'Profiling']
2026-06-02 22:12:36.678 - system_controller - INFO - All services configured in 1.89 seconds
2026-06-02 22:12:36.678 - system_controller - INFO - AIPerf System is CONFIGURED
2026-06-02 22:12:36.680 - server_metrics_manager - INFO - Server Metrics: Started 1 collector(s) successfully
2026-06-02 22:12:36.706 - PhaseRunner - NOTICE - Phase warmup started | target: 36 requests
2026-06-02 22:12:36.706 - AgenticReplayTiming - INFO - WARMUP execute: dispatching 36 trajectory credits
2026-06-02 22:12:36.708 - PhaseRunner - NOTICE - Phase warmup sending complete | sent=36, completed=0, in_flight=36
2026-06-02 22:12:36.857 - records_manager - INFO - Credit phase start: warmup
2026-06-02 22:12:36.857 - system_controller - INFO - All services started profiling successfully
2026-06-02 22:12:36.858 - system_controller - INFO - AIPerf System is PROFILING
2026-06-02 22:17:26.227 - PhaseRunner - NOTICE - Phase warmup complete | completed=36, cancelled=0, errors=0 | elapsed=289.52s
2026-06-02 22:17:26.227 - aiperf.timing.branch_orchestrator - INFO - BranchOrchestrator stats: spawned=0 completed=0 errored=0 suspended=0 resumed=0 parents_failed_due_to_child_error=0 joins_suppressed=0
2026-06-02 22:17:26.237 - AgenticReplayTiming - INFO - PROFILING setup: trajectories=36 traces, recycle_queue=225 traces (full pool)
2026-06-02 22:17:26.237 - PhaseRunner - NOTICE - Phase profiling started | target: 1800.0s duration
2026-06-02 22:17:26.238 - PhaseRunner - INFO - Waiting for event 'profiling phase sending' with timeout of 1799.999449944s
2026-06-02 22:17:26.238 - records_manager - INFO - Credit phase start: profiling
2026-06-02 22:17:26.238 - AgenticReplayTiming - INFO - PROFILING execute: resuming 36 trajectory sessions
2026-06-02 22:17:30.040 - EventLoopMonitor - WARNING - Event loop for worker_16712055 is taking too long to run. Overhead: 100.58ms
2026-06-02 22:17:32.389 - AgenticReplayTiming - INFO - Terminating trajectory 0d75185d4e958ad360c16451eaa95d508edf early at turn 199/503: context-overflow error from server
2026-06-02 22:17:32.491 - EventLoopMonitor - WARNING - Event loop for worker_0f6a2a3a is taking too long to run. Overhead: 42.64ms
2026-06-02 22:17:33.866 - AgenticReplayTiming - INFO - Terminating trajectory 04b25fe5b2ffa5e7ec9890426cce59838a05 early at turn 99/186: context-overflow error from server
2026-06-02 22:17:37.813 - AgenticReplayTiming - INFO - Terminating trajectory 2de8538029066d95b4ff113d5750eb403cb7 early at turn 187/278: context-overflow error from server
2026-06-02 22:17:38.005 - EventLoopMonitor - WARNING - Event loop for worker_31519354 is taking too long to run. Overhead: 64.68ms
2026-06-02 22:17:39.969 - AgenticReplayTiming - INFO - Terminating trajectory 2df1b153c477169c8ab4ecd9e917ccaa3dba early at turn 242/440: context-overflow error from server
2026-06-02 22:18:04.683 - records_manager - INFO - [realtime 00:38 profiling] rps=0.1 (avg 0.1) tput_in=3147/s tput_out=15/s done=9 ok=9 err=0
                           ttft p50=9623ms p75=10423ms p95=13818ms p99=14497ms
                           itl  p50=28ms   p75=63ms   p95=203ms  p99=231ms
                           e2e  p50=11614ms p75=15193ms p95=30594ms p99=33674ms
                           intvty p50=36     p75=37     p95=39     p99=39 (1/tpot tok/s)
                           isl  p50=420       p75=46,543    p90=54,984    p99=60,049 (tokens)
                           osl  p50=22        p75=143       p90=247       p99=310 (tokens)
                           tot  in=108,413        out=517
                           trace theoretical_prefix_cache_hit=43.1%
                           srv  prefix_cache_hit=7.2% unique_in_srv=18,412,765 ext_cache_hit=22.0% kv_usage=98.6% queue=12r/20w tput_in_srv=13,715/s tput_out_srv=209/s
2026-06-02 22:18:34.706 - records_manager - INFO - [realtime 01:08 profiling] rps=0.2 (avg 0.2) tput_in=14892/s tput_out=92/s done=14 ok=14 err=0
                           ttft p50=10023ms p75=14378ms p95=15561ms p99=15601ms
                           itl  p50=32ms   p75=41ms   p95=159ms  p99=223ms
                           e2e  p50=29967ms p75=43855ms p95=53775ms p99=55773ms
                           intvty p50=32     p75=36     p95=38     p99=39 (1/tpot tok/s)
                           isl  p50=59,664    p75=140,357   p90=185,585   p99=251,637 (tokens)
                           osl  p50=470       p75=913       p90=1,223     p99=1,308 (tokens)
                           tot  in=867,566        out=5,352
                           trace theoretical_prefix_cache_hit=78.6%
                           srv  prefix_cache_hit=7.2% unique_in_srv=18,412,765 ext_cache_hit=22.0% kv_usage=99.2% queue=7r/27w tput_in_srv=12,571/s tput_out_srv=231/s
2026-06-02 22:18:44.408 - AgenticReplayTiming - INFO - Terminating trajectory 0da3a3bea6f3559a2eff4114839b328dad53 early at turn 14/21: context-overflow error from server
2026-06-02 22:19:01.481 - AgenticReplayTiming - INFO - Terminating trajectory 1186d32070428ea303de493d61ee3effd467 early at turn 31/48: context-overflow error from server
2026-06-02 22:19:04.740 - records_manager - INFO - [realtime 01:38 profiling] rps=0.1 (avg 0.1) tput_in=12364/s tput_out=141/s done=18 ok=18 err=0
                           ttft p50=10023ms p75=13820ms p95=15550ms p99=15599ms
                           itl  p50=29ms   p75=37ms   p95=142ms  p99=219ms
                           e2e  p50=37222ms p75=52109ms p95=70779ms p99=72104ms
                           intvty p50=34     p75=38     p95=53     p99=55 (1/tpot tok/s)
                           isl  p50=73,091    p75=123,675   p90=174,557   p99=250,006 (tokens)
                           osl  p50=660       p75=1,239     p90=2,884     p99=3,555 (tokens)
                           tot  in=1,057,432      out=12,026
                           trace theoretical_prefix_cache_hit=74.3%
                           srv  prefix_cache_hit=7.2% unique_in_srv=18,412,765 ext_cache_hit=22.0% kv_usage=99.8% queue=5r/29w tput_in_srv=11,603/s tput_out_srv=253/s
2026-06-02 22:19:34.768 - records_manager - INFO - [realtime 02:08 profiling] rps=0.1 (avg 0.1) tput_in=10379/s tput_out=258/s done=21 ok=21 err=0
                           ttft p50=9623ms p75=13525ms p95=15533ms p99=15595ms
                           itl  p50=28ms   p75=35ms   p95=115ms  p99=214ms
                           e2e  p50=45140ms p75=70930ms p95=105059ms p99=113830ms
                           intvty p50=36     p75=54     p95=67     p99=68 (1/tpot tok/s)
                           isl  p50=75,848    p75=109,815   p90=165,937   p99=247,560 (tokens)
                           osl  p50=985       p75=3,337     p90=6,115     p99=7,084 (tokens)
                           tot  in=1,264,539      out=31,480
                           trace theoretical_prefix_cache_hit=78.2%
                           srv  prefix_cache_hit=7.2% unique_in_srv=18,412,765 ext_cache_hit=22.0% kv_usage=95.7% queue=1r/31w tput_in_srv=10,773/s tput_out_srv=259/s
2026-06-02 22:20:04.800 - records_manager - INFO - [realtime 02:38 profiling] rps=0.0 (avg 0.1) tput_in=9359/s tput_out=289/s done=22 ok=22 err=0
                           ttft p50=9221ms p75=13519ms p95=15527ms p99=15594ms
                           itl  p50=27ms   p75=34ms   p95=107ms  p99=212ms
                           e2e  p50=47931ms p75=78367ms p95=120501ms p99=131249ms
                           intvty p50=37     p75=58     p95=72     p99=82 (1/tpot tok/s)
                           isl  p50=78,484    p75=107,056   p90=163,064   p99=246,744 (tokens)
                           osl  p50=1,099     p75=4,231     p90=6,690     p99=10,071 (tokens)
                           tot  in=1,359,739      out=42,051
                           trace theoretical_prefix_cache_hit=79.7%
                           srv  prefix_cache_hit=7.2% unique_in_srv=18,412,765 ext_cache_hit=22.0% kv_usage=95.8% queue=0r/33w tput_in_srv=10,054/s tput_out_srv=247/s
2026-06-02 22:20:34.829 - records_manager - INFO - [realtime 03:08 profiling] rps=0.0 (avg 0.1) tput_in=9359/s tput_out=289/s done=22 ok=22 err=0
                           ttft p50=9221ms p75=13519ms p95=15527ms p99=15594ms
                           itl  p50=27ms   p75=34ms   p95=107ms  p99=212ms
                           e2e  p50=47931ms p75=78367ms p95=120501ms p99=131249ms
                           intvty p50=37     p75=58     p95=72     p99=82 (1/tpot tok/s)
                           isl  p50=78,484    p75=107,056   p90=163,064   p99=246,744 (tokens)
                           osl  p50=1,099     p75=4,231     p90=6,690     p99=10,071 (tokens)
                           tot  in=1,359,739      out=42,051
                           trace theoretical_prefix_cache_hit=79.7%
                           srv  prefix_cache_hit=7.2% unique_in_srv=18,412,765 ext_cache_hit=22.0% kv_usage=95.8% queue=0r/36w tput_in_srv=9,425/s tput_out_srv=232/s
2026-06-02 22:21:04.858 - records_manager - INFO - [realtime 03:38 profiling] rps=0.0 (avg 0.1) tput_in=9359/s tput_out=289/s done=22 ok=22 err=0
                           ttft p50=9221ms p75=13519ms p95=15527ms p99=15594ms
                           itl  p50=27ms   p75=34ms   p95=107ms  p99=212ms
                           e2e  p50=47931ms p75=78367ms p95=120501ms p99=131249ms
                           intvty p50=37     p75=58     p95=72     p99=82 (1/tpot tok/s)
                           isl  p50=78,484    p75=107,056   p90=163,064   p99=246,744 (tokens)
                           osl  p50=1,099     p75=4,231     p90=6,690     p99=10,071 (tokens)
                           tot  in=1,359,739      out=42,051
                           trace theoretical_prefix_cache_hit=79.7%
                           srv  prefix_cache_hit=7.2% unique_in_srv=18,412,765 ext_cache_hit=22.0% kv_usage=95.8% queue=0r/36w tput_in_srv=8,870/s tput_out_srv=218/s
2026-06-02 22:21:34.889 - records_manager - INFO - [realtime 04:08 profiling] rps=0.0 (avg 0.1) tput_in=9359/s tput_out=289/s done=22 ok=22 err=0
                           ttft p50=9221ms p75=13519ms p95=15527ms p99=15594ms
                           itl  p50=27ms   p75=34ms   p95=107ms  p99=212ms
                           e2e  p50=47931ms p75=78367ms p95=120501ms p99=131249ms
                           intvty p50=37     p75=58     p95=72     p99=82 (1/tpot tok/s)
                           isl  p50=78,484    p75=107,056   p90=163,064   p99=246,744 (tokens)
                           osl  p50=1,099     p75=4,231     p90=6,690     p99=10,071 (tokens)
                           tot  in=1,359,739      out=42,051
                           trace theoretical_prefix_cache_hit=79.7%
                           srv  prefix_cache_hit=7.2% unique_in_srv=18,412,765 ext_cache_hit=22.0% kv_usage=95.8% queue=0r/36w tput_in_srv=8,377/s tput_out_srv=206/s
2026-06-02 22:22:04.920 - records_manager - INFO - [realtime 04:38 profiling] rps=0.0 (avg 0.1) tput_in=9359/s tput_out=289/s done=22 ok=22 err=0
                           ttft p50=9221ms p75=13519ms p95=15527ms p99=15594ms
                           itl  p50=27ms   p75=34ms   p95=107ms  p99=212ms
                           e2e  p50=47931ms p75=78367ms p95=120501ms p99=131249ms
                           intvty p50=37     p75=58     p95=72     p99=82 (1/tpot tok/s)
                           isl  p50=78,484    p75=107,056   p90=163,064   p99=246,744 (tokens)
                           osl  p50=1,099     p75=4,231     p90=6,690     p99=10,071 (tokens)
                           tot  in=1,359,739      out=42,051
                           trace theoretical_prefix_cache_hit=79.7%
                           srv  prefix_cache_hit=7.2% unique_in_srv=18,412,765 ext_cache_hit=22.0% kv_usage=95.8% queue=0r/36w tput_in_srv=7,936/s tput_out_srv=195/s
2026-06-02 22:22:34.952 - records_manager - INFO - [realtime 05:08 profiling] rps=0.0 (avg 0.1) tput_in=9359/s tput_out=289/s done=22 ok=22 err=0
                           ttft p50=9221ms p75=13519ms p95=15527ms p99=15594ms
                           itl  p50=27ms   p75=34ms   p95=107ms  p99=212ms
                           e2e  p50=47931ms p75=78367ms p95=120501ms p99=131249ms
                           intvty p50=37     p75=58     p95=72     p99=82 (1/tpot tok/s)
                           isl  p50=78,484    p75=107,056   p90=163,064   p99=246,744 (tokens)
                           osl  p50=1,099     p75=4,231     p90=6,690     p99=10,071 (tokens)
                           tot  in=1,359,739      out=42,051
                           trace theoretical_prefix_cache_hit=79.7%
                           srv  prefix_cache_hit=7.2% unique_in_srv=18,412,765 ext_cache_hit=22.0% kv_usage=95.8% queue=0r/36w tput_in_srv=7,535/s tput_out_srv=185/s
2026-06-02 22:23:04.984 - records_manager - INFO - [realtime 05:38 profiling] rps=0.0 (avg 0.1) tput_in=9359/s tput_out=289/s done=22 ok=22 err=0
                           ttft p50=9221ms p75=13519ms p95=15527ms p99=15594ms
                           itl  p50=27ms   p75=34ms   p95=107ms  p99=212ms
                           e2e  p50=47931ms p75=78367ms p95=120501ms p99=131249ms
                           intvty p50=37     p75=58     p95=72     p99=82 (1/tpot tok/s)
                           isl  p50=78,484    p75=107,056   p90=163,064   p99=246,744 (tokens)
                           osl  p50=1,099     p75=4,231     p90=6,690     p99=10,071 (tokens)
                           tot  in=1,359,739      out=42,051
                           trace theoretical_prefix_cache_hit=79.7%
                           srv  prefix_cache_hit=7.2% unique_in_srv=18,412,765 ext_cache_hit=22.0% kv_usage=95.8% queue=0r/36w tput_in_srv=7,176/s tput_out_srv=177/s
2026-06-02 22:23:35.014 - records_manager - INFO - [realtime 06:08 profiling] rps=0.0 (avg 0.1) tput_in=9359/s tput_out=289/s done=22 ok=22 err=0
                           ttft p50=9221ms p75=13519ms p95=15527ms p99=15594ms
                           itl  p50=27ms   p75=34ms   p95=107ms  p99=212ms
                           e2e  p50=47931ms p75=78367ms p95=120501ms p99=131249ms
                           intvty p50=37     p75=58     p95=72     p99=82 (1/tpot tok/s)
                           isl  p50=78,484    p75=107,056   p90=163,064   p99=246,744 (tokens)
                           osl  p50=1,099     p75=4,231     p90=6,690     p99=10,071 (tokens)
                           tot  in=1,359,739      out=42,051
                           trace theoretical_prefix_cache_hit=79.7%
                           srv  prefix_cache_hit=7.2% unique_in_srv=18,412,765 ext_cache_hit=22.0% kv_usage=95.8% queue=0r/36w tput_in_srv=6,850/s tput_out_srv=169/s
2026-06-02 22:24:05.045 - records_manager - INFO - [realtime 06:38 profiling] rps=0.0 (avg 0.1) tput_in=9359/s tput_out=289/s done=22 ok=22 err=0
                           ttft p50=9221ms p75=13519ms p95=15527ms p99=15594ms
                           itl  p50=27ms   p75=34ms   p95=107ms  p99=212ms
                           e2e  p50=47931ms p75=78367ms p95=120501ms p99=131249ms
                           intvty p50=37     p75=58     p95=72     p99=82 (1/tpot tok/s)
                           isl  p50=78,484    p75=107,056   p90=163,064   p99=246,744 (tokens)
                           osl  p50=1,099     p75=4,231     p90=6,690     p99=10,071 (tokens)
                           tot  in=1,359,739      out=42,051
                           trace theoretical_prefix_cache_hit=79.7%
                           srv  prefix_cache_hit=7.2% unique_in_srv=18,412,765 ext_cache_hit=22.0% kv_usage=95.8% queue=0r/36w tput_in_srv=6,552/s tput_out_srv=161/s
2026-06-02 22:24:35.075 - records_manager - INFO - [realtime 07:08 profiling] rps=0.0 (avg 0.1) tput_in=9359/s tput_out=289/s done=22 ok=22 err=0
                           ttft p50=9221ms p75=13519ms p95=15527ms p99=15594ms
                           itl  p50=27ms   p75=34ms   p95=107ms  p99=212ms
                           e2e  p50=47931ms p75=78367ms p95=120501ms p99=131249ms
                           intvty p50=37     p75=58     p95=72     p99=82 (1/tpot tok/s)
                           isl  p50=78,484    p75=107,056   p90=163,064   p99=246,744 (tokens)
                           osl  p50=1,099     p75=4,231     p90=6,690     p99=10,071 (tokens)
                           tot  in=1,359,739      out=42,051
                           trace theoretical_prefix_cache_hit=79.7%
                           srv  prefix_cache_hit=7.2% unique_in_srv=18,412,765 ext_cache_hit=22.0% kv_usage=95.8% queue=0r/36w tput_in_srv=6,279/s tput_out_srv=155/s
2026-06-02 22:25:05.105 - records_manager - INFO - [realtime 07:38 profiling] rps=0.0 (avg 0.1) tput_in=9359/s tput_out=289/s done=22 ok=22 err=0
                           ttft p50=9221ms p75=13519ms p95=15527ms p99=15594ms
                           itl  p50=27ms   p75=34ms   p95=107ms  p99=212ms
                           e2e  p50=47931ms p75=78367ms p95=120501ms p99=131249ms
                           intvty p50=37     p75=58     p95=72     p99=82 (1/tpot tok/s)
                           isl  p50=78,484    p75=107,056   p90=163,064   p99=246,744 (tokens)
                           osl  p50=1,099     p75=4,231     p90=6,690     p99=10,071 (tokens)
                           tot  in=1,359,739      out=42,051
                           trace theoretical_prefix_cache_hit=79.7%
                           srv  prefix_cache_hit=7.2% unique_in_srv=18,412,765 ext_cache_hit=22.0% kv_usage=95.8% queue=0r/36w tput_in_srv=6,028/s tput_out_srv=148/s
2026-06-02 22:25:35.135 - records_manager - INFO - [realtime 08:08 profiling] rps=0.0 (avg 0.1) tput_in=9359/s tput_out=289/s done=22 ok=22 err=0
                           ttft p50=9221ms p75=13519ms p95=15527ms p99=15594ms
                           itl  p50=27ms   p75=34ms   p95=107ms  p99=212ms
                           e2e  p50=47931ms p75=78367ms p95=120501ms p99=131249ms
                           intvty p50=37     p75=58     p95=72     p99=82 (1/tpot tok/s)
                           isl  p50=78,484    p75=107,056   p90=163,064   p99=246,744 (tokens)
                           osl  p50=1,099     p75=4,231     p90=6,690     p99=10,071 (tokens)
                           tot  in=1,359,739      out=42,051
                           trace theoretical_prefix_cache_hit=79.7%
                           srv  prefix_cache_hit=7.2% unique_in_srv=18,412,765 ext_cache_hit=22.0% kv_usage=95.8% queue=0r/36w tput_in_srv=5,796/s tput_out_srv=143/s
2026-06-02 22:26:05.164 - records_manager - INFO - [realtime 08:38 profiling] rps=0.0 (avg 0.1) tput_in=9359/s tput_out=289/s done=22 ok=22 err=0
                           ttft p50=9221ms p75=13519ms p95=15527ms p99=15594ms
                           itl  p50=27ms   p75=34ms   p95=107ms  p99=212ms
                           e2e  p50=47931ms p75=78367ms p95=120501ms p99=131249ms
                           intvty p50=37     p75=58     p95=72     p99=82 (1/tpot tok/s)
                           isl  p50=78,484    p75=107,056   p90=163,064   p99=246,744 (tokens)
                           osl  p50=1,099     p75=4,231     p90=6,690     p99=10,071 (tokens)
                           tot  in=1,359,739      out=42,051
                           trace theoretical_prefix_cache_hit=79.7%
                           srv  prefix_cache_hit=7.2% unique_in_srv=18,412,765 ext_cache_hit=22.0% kv_usage=95.8% queue=0r/36w tput_in_srv=5,581/s tput_out_srv=137/s
2026-06-02 22:26:35.194 - records_manager - INFO - [realtime 09:08 profiling] rps=0.0 (avg 0.1) tput_in=9359/s tput_out=289/s done=22 ok=22 err=0
                           ttft p50=9221ms p75=13519ms p95=15527ms p99=15594ms
                           itl  p50=27ms   p75=34ms   p95=107ms  p99=212ms
                           e2e  p50=47931ms p75=78367ms p95=120501ms p99=131249ms
                           intvty p50=37     p75=58     p95=72     p99=82 (1/tpot tok/s)
                           isl  p50=78,484    p75=107,056   p90=163,064   p99=246,744 (tokens)
                           osl  p50=1,099     p75=4,231     p90=6,690     p99=10,071 (tokens)
                           tot  in=1,359,739      out=42,051
                           trace theoretical_prefix_cache_hit=79.7%
                           srv  prefix_cache_hit=7.2% unique_in_srv=18,412,765 ext_cache_hit=22.0% kv_usage=95.8% queue=0r/36w tput_in_srv=5,382/s tput_out_srv=132/s
2026-06-02 22:27:05.225 - records_manager - INFO - [realtime 09:38 profiling] rps=0.0 (avg 0.1) tput_in=9359/s tput_out=289/s done=22 ok=22 err=0
                           ttft p50=9221ms p75=13519ms p95=15527ms p99=15594ms
                           itl  p50=27ms   p75=34ms   p95=107ms  p99=212ms
                           e2e  p50=47931ms p75=78367ms p95=120501ms p99=131249ms
                           intvty p50=37     p75=58     p95=72     p99=82 (1/tpot tok/s)
                           isl  p50=78,484    p75=107,056   p90=163,064   p99=246,744 (tokens)
                           osl  p50=1,099     p75=4,231     p90=6,690     p99=10,071 (tokens)
                           tot  in=1,359,739      out=42,051
                           trace theoretical_prefix_cache_hit=79.7%
                           srv  prefix_cache_hit=7.2% unique_in_srv=18,412,765 ext_cache_hit=22.0% kv_usage=95.8% queue=0r/36w tput_in_srv=5,196/s tput_out_srv=128/s
2026-06-02 22:27:35.264 - records_manager - INFO - [realtime 10:09 profiling] rps=0.0 (avg 0.1) tput_in=9359/s tput_out=289/s done=22 ok=22 err=0
                           ttft p50=9221ms p75=13519ms p95=15527ms p99=15594ms
                           itl  p50=27ms   p75=34ms   p95=107ms  p99=212ms
                           e2e  p50=47931ms p75=78367ms p95=120501ms p99=131249ms
                           intvty p50=37     p75=58     p95=72     p99=82 (1/tpot tok/s)
                           isl  p50=78,484    p75=107,056   p90=163,064   p99=246,744 (tokens)
                           osl  p50=1,099     p75=4,231     p90=6,690     p99=10,071 (tokens)
                           tot  in=1,359,739      out=42,051
                           trace theoretical_prefix_cache_hit=79.7%
                           srv  prefix_cache_hit=7.2% unique_in_srv=18,412,765 ext_cache_hit=22.0% kv_usage=95.8% queue=0r/36w tput_in_srv=5,023/s tput_out_srv=124/s
2026-06-02 22:28:05.293 - records_manager - INFO - [realtime 10:39 profiling] rps=0.0 (avg 0.1) tput_in=9359/s tput_out=289/s done=22 ok=22 err=0
                           ttft p50=9221ms p75=13519ms p95=15527ms p99=15594ms
                           itl  p50=27ms   p75=34ms   p95=107ms  p99=212ms
                           e2e  p50=47931ms p75=78367ms p95=120501ms p99=131249ms
                           intvty p50=37     p75=58     p95=72     p99=82 (1/tpot tok/s)
                           isl  p50=78,484    p75=107,056   p90=163,064   p99=246,744 (tokens)
                           osl  p50=1,099     p75=4,231     p90=6,690     p99=10,071 (tokens)
                           tot  in=1,359,739      out=42,051
                           trace theoretical_prefix_cache_hit=79.7%
                           srv  prefix_cache_hit=7.2% unique_in_srv=18,412,765 ext_cache_hit=22.0% kv_usage=95.8% queue=0r/36w tput_in_srv=4,861/s tput_out_srv=120/s
2026-06-02 22:28:35.324 - records_manager - INFO - [realtime 11:09 profiling] rps=0.0 (avg 0.1) tput_in=9359/s tput_out=289/s done=22 ok=22 err=0
                           ttft p50=9221ms p75=13519ms p95=15527ms p99=15594ms
                           itl  p50=27ms   p75=34ms   p95=107ms  p99=212ms
                           e2e  p50=47931ms p75=78367ms p95=120501ms p99=131249ms
                           intvty p50=37     p75=58     p95=72     p99=82 (1/tpot tok/s)
                           isl  p50=78,484    p75=107,056   p90=163,064   p99=246,744 (tokens)
                           osl  p50=1,099     p75=4,231     p90=6,690     p99=10,071 (tokens)
                           tot  in=1,359,739      out=42,051
                           trace theoretical_prefix_cache_hit=79.7%
                           srv  prefix_cache_hit=7.2% unique_in_srv=18,412,765 ext_cache_hit=22.0% kv_usage=95.8% queue=0r/36w tput_in_srv=4,709/s tput_out_srv=116/s
2026-06-02 22:29:05.354 - records_manager - INFO - [realtime 11:39 profiling] rps=0.0 (avg 0.1) tput_in=9359/s tput_out=289/s done=22 ok=22 err=0
                           ttft p50=9221ms p75=13519ms p95=15527ms p99=15594ms
                           itl  p50=27ms   p75=34ms   p95=107ms  p99=212ms
                           e2e  p50=47931ms p75=78367ms p95=120501ms p99=131249ms
                           intvty p50=37     p75=58     p95=72     p99=82 (1/tpot tok/s)
                           isl  p50=78,484    p75=107,056   p90=163,064   p99=246,744 (tokens)
                           osl  p50=1,099     p75=4,231     p90=6,690     p99=10,071 (tokens)
                           tot  in=1,359,739      out=42,051
                           trace theoretical_prefix_cache_hit=79.7%
                           srv  prefix_cache_hit=7.2% unique_in_srv=18,412,765 ext_cache_hit=22.0% kv_usage=95.8% queue=0r/36w tput_in_srv=4,565/s tput_out_srv=112/s
2026-06-02 22:29:35.385 - records_manager - INFO - [realtime 12:09 profiling] rps=0.0 (avg 0.1) tput_in=9359/s tput_out=289/s done=22 ok=22 err=0
                           ttft p50=9221ms p75=13519ms p95=15527ms p99=15594ms
                           itl  p50=27ms   p75=34ms   p95=107ms  p99=212ms
                           e2e  p50=47931ms p75=78367ms p95=120501ms p99=131249ms
                           intvty p50=37     p75=58     p95=72     p99=82 (1/tpot tok/s)
                           isl  p50=78,484    p75=107,056   p90=163,064   p99=246,744 (tokens)
                           osl  p50=1,099     p75=4,231     p90=6,690     p99=10,071 (tokens)
                           tot  in=1,359,739      out=42,051
                           trace theoretical_prefix_cache_hit=79.7%
                           srv  prefix_cache_hit=7.2% unique_in_srv=18,412,765 ext_cache_hit=22.0% kv_usage=95.8% queue=0r/36w tput_in_srv=4,431/s tput_out_srv=109/s
2026-06-02 22:30:05.416 - records_manager - INFO - [realtime 12:39 profiling] rps=0.0 (avg 0.1) tput_in=9359/s tput_out=289/s done=22 ok=22 err=0
                           ttft p50=9221ms p75=13519ms p95=15527ms p99=15594ms
                           itl  p50=27ms   p75=34ms   p95=107ms  p99=212ms
                           e2e  p50=47931ms p75=78367ms p95=120501ms p99=131249ms
                           intvty p50=37     p75=58     p95=72     p99=82 (1/tpot tok/s)
                           isl  p50=78,484    p75=107,056   p90=163,064   p99=246,744 (tokens)
                           osl  p50=1,099     p75=4,231     p90=6,690     p99=10,071 (tokens)
                           tot  in=1,359,739      out=42,051
                           trace theoretical_prefix_cache_hit=79.7%
                           srv  prefix_cache_hit=7.2% unique_in_srv=18,412,765 ext_cache_hit=22.0% kv_usage=95.8% queue=0r/36w tput_in_srv=4,304/s tput_out_srv=106/s
2026-06-02 22:30:35.446 - records_manager - INFO - [realtime 13:09 profiling] rps=0.0 (avg 0.1) tput_in=9359/s tput_out=289/s done=22 ok=22 err=0
                           ttft p50=9221ms p75=13519ms p95=15527ms p99=15594ms
                           itl  p50=27ms   p75=34ms   p95=107ms  p99=212ms
                           e2e  p50=47931ms p75=78367ms p95=120501ms p99=131249ms
                           intvty p50=37     p75=58     p95=72     p99=82 (1/tpot tok/s)
                           isl  p50=78,484    p75=107,056   p90=163,064   p99=246,744 (tokens)
                           osl  p50=1,099     p75=4,231     p90=6,690     p99=10,071 (tokens)
                           tot  in=1,359,739      out=42,051
                           trace theoretical_prefix_cache_hit=79.7%
                           srv  prefix_cache_hit=7.2% unique_in_srv=18,412,765 ext_cache_hit=22.0% kv_usage=95.8% queue=0r/36w tput_in_srv=4,184/s tput_out_srv=103/s
2026-06-02 22:31:05.476 - records_manager - INFO - [realtime 13:39 profiling] rps=0.0 (avg 0.1) tput_in=9359/s tput_out=289/s done=22 ok=22 err=0
                           ttft p50=9221ms p75=13519ms p95=15527ms p99=15594ms
                           itl  p50=27ms   p75=34ms   p95=107ms  p99=212ms
                           e2e  p50=47931ms p75=78367ms p95=120501ms p99=131249ms
                           intvty p50=37     p75=58     p95=72     p99=82 (1/tpot tok/s)
                           isl  p50=78,484    p75=107,056   p90=163,064   p99=246,744 (tokens)
                           osl  p50=1,099     p75=4,231     p90=6,690     p99=10,071 (tokens)
                           tot  in=1,359,739      out=42,051
                           trace theoretical_prefix_cache_hit=79.7%
                           srv  prefix_cache_hit=7.2% unique_in_srv=18,412,765 ext_cache_hit=22.0% kv_usage=99.2% queue=2r/34w tput_in_srv=4,071/s tput_out_srv=100/s
2026-06-02 22:31:35.508 - records_manager - INFO - [realtime 14:09 profiling] rps=0.1 (avg 0.0) tput_in=1831/s tput_out=60/s done=24 ok=24 err=0
                           ttft p50=8401ms p75=12740ms p95=15516ms p99=15592ms
                           itl  p50=28ms   p75=41ms   p95=353ms  p99=871ms
                           e2e  p50=53497ms p75=99310ms p95=800353ms p99=801275ms
                           intvty p50=35     p75=54     p95=71     p99=82 (1/tpot tok/s)
                           isl  p50=78,484    p75=107,936   p90=157,318   p99=245,113 (tokens)
                           osl  p50=1,099     p75=5,460     p90=6,471     p99=10,004 (tokens)
                           tot  in=1,506,160      out=48,949
                           trace theoretical_prefix_cache_hit=79.2%
                           srv  prefix_cache_hit=0.2% unique_in_srv=894,712,105 ext_cache_hit=22.0% kv_usage=97.9% queue=0r/35w tput_in_srv=3,964/s tput_out_srv=98/s
2026-06-02 22:32:05.540 - records_manager - INFO - [realtime 14:39 profiling] rps=0.0 (avg 0.0) tput_in=1831/s tput_out=60/s done=24 ok=24 err=0
                           ttft p50=8401ms p75=12740ms p95=15516ms p99=15592ms
                           itl  p50=28ms   p75=41ms   p95=353ms  p99=871ms
                           e2e  p50=53497ms p75=99310ms p95=800353ms p99=801275ms
                           intvty p50=35     p75=54     p95=71     p99=82 (1/tpot tok/s)
                           isl  p50=78,484    p75=107,936   p90=157,318   p99=245,113 (tokens)
                           osl  p50=1,099     p75=5,460     p90=6,471     p99=10,004 (tokens)
                           tot  in=1,506,160      out=48,949
                           trace theoretical_prefix_cache_hit=79.2%
                           srv  prefix_cache_hit=0.1% unique_in_srv=1,875,545,749 ext_cache_hit=23.2% kv_usage=98.5% queue=0r/35w tput_in_srv=3,863/s tput_out_srv=96/s
2026-06-02 22:32:35.572 - records_manager - INFO - [realtime 15:09 profiling] rps=0.0 (avg 0.0) tput_in=1831/s tput_out=60/s done=24 ok=24 err=0
                           ttft p50=8401ms p75=12740ms p95=15516ms p99=15592ms
                           itl  p50=28ms   p75=41ms   p95=353ms  p99=871ms
                           e2e  p50=53497ms p75=99310ms p95=800353ms p99=801275ms
                           intvty p50=35     p75=54     p95=71     p99=82 (1/tpot tok/s)
                           isl  p50=78,484    p75=107,936   p90=157,318   p99=245,113 (tokens)
                           osl  p50=1,099     p75=5,460     p90=6,471     p99=10,004 (tokens)
                           tot  in=1,506,160      out=48,949
                           trace theoretical_prefix_cache_hit=79.2%
                           srv  prefix_cache_hit=0.0% unique_in_srv=3,109,110,438 ext_cache_hit=27.1% kv_usage=99.3% queue=0r/36w tput_in_srv=3,766/s tput_out_srv=93/s
2026-06-02 22:33:05.604 - records_manager - INFO - [realtime 15:39 profiling] rps=0.0 (avg 0.0) tput_in=1831/s tput_out=60/s done=24 ok=24 err=0
                           ttft p50=8401ms p75=12740ms p95=15516ms p99=15592ms
                           itl  p50=28ms   p75=41ms   p95=353ms  p99=871ms
                           e2e  p50=53497ms p75=99310ms p95=800353ms p99=801275ms
                           intvty p50=35     p75=54     p95=71     p99=82 (1/tpot tok/s)
                           isl  p50=78,484    p75=107,936   p90=157,318   p99=245,113 (tokens)
                           osl  p50=1,099     p75=5,460     p90=6,471     p99=10,004 (tokens)
                           tot  in=1,506,160      out=48,949
                           trace theoretical_prefix_cache_hit=79.2%
                           srv  prefix_cache_hit=0.0% unique_in_srv=4,368,480,700 ext_cache_hit=30.1% kv_usage=100.0% queue=0r/36w tput_in_srv=3,674/s tput_out_srv=91/s
2026-06-02 22:33:35.636 - records_manager - INFO - [realtime 16:09 profiling] rps=0.0 (avg 0.0) tput_in=1831/s tput_out=60/s done=24 ok=24 err=0
                           ttft p50=8401ms p75=12740ms p95=15516ms p99=15592ms
                           itl  p50=28ms   p75=41ms   p95=353ms  p99=871ms
                           e2e  p50=53497ms p75=99310ms p95=800353ms p99=801275ms
                           intvty p50=35     p75=54     p95=71     p99=82 (1/tpot tok/s)
                           isl  p50=78,484    p75=107,936   p90=157,318   p99=245,113 (tokens)
                           osl  p50=1,099     p75=5,460     p90=6,471     p99=10,004 (tokens)
                           tot  in=1,506,160      out=48,949
                           trace theoretical_prefix_cache_hit=79.2%
                           srv  prefix_cache_hit=0.0% unique_in_srv=5,711,168,496 ext_cache_hit=35.0% kv_usage=99.0% queue=0r/36w tput_in_srv=3,587/s tput_out_srv=89/s
2026-06-02 22:34:05.667 - records_manager - INFO - [realtime 16:39 profiling] rps=0.0 (avg 0.0) tput_in=1831/s tput_out=60/s done=24 ok=24 err=0
                           ttft p50=8401ms p75=12740ms p95=15516ms p99=15592ms
                           itl  p50=28ms   p75=41ms   p95=353ms  p99=871ms
                           e2e  p50=53497ms p75=99310ms p95=800353ms p99=801275ms
                           intvty p50=35     p75=54     p95=71     p99=82 (1/tpot tok/s)
                           isl  p50=78,484    p75=107,936   p90=157,318   p99=245,113 (tokens)
                           osl  p50=1,099     p75=5,460     p90=6,471     p99=10,004 (tokens)
                           tot  in=1,506,160      out=48,949
                           trace theoretical_prefix_cache_hit=79.2%
                           srv  prefix_cache_hit=0.0% unique_in_srv=7,078,447,408 ext_cache_hit=35.0% kv_usage=99.0% queue=0r/36w tput_in_srv=3,503/s tput_out_srv=87/s
2026-06-02 22:34:35.698 - records_manager - INFO - [realtime 17:09 profiling] rps=0.0 (avg 0.0) tput_in=1831/s tput_out=60/s done=24 ok=24 err=0
                           ttft p50=8401ms p75=12740ms p95=15516ms p99=15592ms
                           itl  p50=28ms   p75=41ms   p95=353ms  p99=871ms
                           e2e  p50=53497ms p75=99310ms p95=800353ms p99=801275ms
                           intvty p50=35     p75=54     p95=71     p99=82 (1/tpot tok/s)
                           isl  p50=78,484    p75=107,936   p90=157,318   p99=245,113 (tokens)
                           osl  p50=1,099     p75=5,460     p90=6,471     p99=10,004 (tokens)
                           tot  in=1,506,160      out=48,949
                           trace theoretical_prefix_cache_hit=79.2%
                           srv  prefix_cache_hit=0.0% unique_in_srv=8,427,212,828 ext_cache_hit=35.0% kv_usage=99.0% queue=0r/36w tput_in_srv=3,424/s tput_out_srv=85/s
2026-06-02 22:35:05.730 - records_manager - INFO - [realtime 17:39 profiling] rps=0.0 (avg 0.0) tput_in=1831/s tput_out=60/s done=24 ok=24 err=0
                           ttft p50=8401ms p75=12740ms p95=15516ms p99=15592ms
                           itl  p50=28ms   p75=41ms   p95=353ms  p99=871ms
                           e2e  p50=53497ms p75=99310ms p95=800353ms p99=801275ms
                           intvty p50=35     p75=54     p95=71     p99=82 (1/tpot tok/s)
                           isl  p50=78,484    p75=107,936   p90=157,318   p99=245,113 (tokens)
                           osl  p50=1,099     p75=5,460     p90=6,471     p99=10,004 (tokens)
                           tot  in=1,506,160      out=48,949
                           trace theoretical_prefix_cache_hit=79.2%
                           srv  prefix_cache_hit=0.0% unique_in_srv=9,779,429,916 ext_cache_hit=35.0% kv_usage=99.0% queue=0r/36w tput_in_srv=3,348/s tput_out_srv=83/s
2026-06-02 22:35:35.762 - records_manager - INFO - [realtime 18:09 profiling] rps=0.0 (avg 0.0) tput_in=1831/s tput_out=60/s done=24 ok=24 err=0
                           ttft p50=8401ms p75=12740ms p95=15516ms p99=15592ms
                           itl  p50=28ms   p75=41ms   p95=353ms  p99=871ms
                           e2e  p50=53497ms p75=99310ms p95=800353ms p99=801275ms
                           intvty p50=35     p75=54     p95=71     p99=82 (1/tpot tok/s)
                           isl  p50=78,484    p75=107,936   p90=157,318   p99=245,113 (tokens)
                           osl  p50=1,099     p75=5,460     p90=6,471     p99=10,004 (tokens)
                           tot  in=1,506,160      out=48,949
                           trace theoretical_prefix_cache_hit=79.2%
                           srv  prefix_cache_hit=0.0% unique_in_srv=10,819,084,935 ext_cache_hit=36.3% kv_usage=99.6% queue=0r/36w tput_in_srv=3,275/s tput_out_srv=81/s
2026-06-02 22:36:05.802 - records_manager - INFO - [realtime 18:39 profiling] rps=0.0 (avg 0.0) tput_in=1831/s tput_out=60/s done=24 ok=24 err=0
                           ttft p50=8401ms p75=12740ms p95=15516ms p99=15592ms
                           itl  p50=28ms   p75=41ms   p95=353ms  p99=871ms
                           e2e  p50=53497ms p75=99310ms p95=800353ms p99=801275ms
                           intvty p50=35     p75=54     p95=71     p99=82 (1/tpot tok/s)
                           isl  p50=78,484    p75=107,936   p90=157,318   p99=245,113 (tokens)
                           osl  p50=1,099     p75=5,460     p90=6,471     p99=10,004 (tokens)
                           tot  in=1,506,160      out=48,949
                           trace theoretical_prefix_cache_hit=79.2%
                           srv  prefix_cache_hit=0.0% unique_in_srv=12,018,221,475 ext_cache_hit=36.9% kv_usage=97.2% queue=0r/36w tput_in_srv=3,205/s tput_out_srv=79/s
2026-06-02 22:36:35.835 - records_manager - INFO - [realtime 19:09 profiling] rps=0.0 (avg 0.0) tput_in=1831/s tput_out=60/s done=24 ok=24 err=0
                           ttft p50=8401ms p75=12740ms p95=15516ms p99=15592ms
                           itl  p50=28ms   p75=41ms   p95=353ms  p99=871ms
                           e2e  p50=53497ms p75=99310ms p95=800353ms p99=801275ms
                           intvty p50=35     p75=54     p95=71     p99=82 (1/tpot tok/s)
                           isl  p50=78,484    p75=107,936   p90=157,318   p99=245,113 (tokens)
                           osl  p50=1,099     p75=5,460     p90=6,471     p99=10,004 (tokens)
                           tot  in=1,506,160      out=48,949
                           trace theoretical_prefix_cache_hit=79.2%
                           srv  prefix_cache_hit=0.0% unique_in_srv=13,459,809,975 ext_cache_hit=36.9% kv_usage=97.2% queue=0r/36w tput_in_srv=3,138/s tput_out_srv=78/s
2026-06-02 22:37:05.867 - records_manager - INFO - [realtime 19:39 profiling] rps=0.0 (avg 0.0) tput_in=1831/s tput_out=60/s done=24 ok=24 err=0
                           ttft p50=8401ms p75=12740ms p95=15516ms p99=15592ms
                           itl  p50=28ms   p75=41ms   p95=353ms  p99=871ms
                           e2e  p50=53497ms p75=99310ms p95=800353ms p99=801275ms
                           intvty p50=35     p75=54     p95=71     p99=82 (1/tpot tok/s)
                           isl  p50=78,484    p75=107,936   p90=157,318   p99=245,113 (tokens)
                           osl  p50=1,099     p75=5,460     p90=6,471     p99=10,004 (tokens)
                           tot  in=1,506,160      out=48,949
                           trace theoretical_prefix_cache_hit=79.2%
                           srv  prefix_cache_hit=0.0% unique_in_srv=14,916,542,435 ext_cache_hit=36.9% kv_usage=97.2% queue=0r/36w tput_in_srv=3,074/s tput_out_srv=76/s
2026-06-02 22:37:35.901 - records_manager - INFO - [realtime 20:09 profiling] rps=0.0 (avg 0.0) tput_in=1831/s tput_out=60/s done=24 ok=24 err=0
                           ttft p50=8401ms p75=12740ms p95=15516ms p99=15592ms
                           itl  p50=28ms   p75=41ms   p95=353ms  p99=871ms
                           e2e  p50=53497ms p75=99310ms p95=800353ms p99=801275ms
                           intvty p50=35     p75=54     p95=71     p99=82 (1/tpot tok/s)
                           isl  p50=78,484    p75=107,936   p90=157,318   p99=245,113 (tokens)
                           osl  p50=1,099     p75=5,460     p90=6,471     p99=10,004 (tokens)
                           tot  in=1,506,160      out=48,949
                           trace theoretical_prefix_cache_hit=79.2%
                           srv  prefix_cache_hit=0.0% unique_in_srv=16,373,973,847 ext_cache_hit=36.9% kv_usage=97.2% queue=0r/36w tput_in_srv=3,012/s tput_out_srv=75/s
2026-06-02 22:38:05.938 - records_manager - INFO - [realtime 20:39 profiling] rps=0.1 (avg 0.0) tput_in=1234/s tput_out=40/s done=26 ok=26 err=0
                           ttft p50=9221ms p75=13820ms p95=1127274ms p99=1140223ms
                           itl  p50=27ms   p75=37ms   p95=277ms  p99=855ms
                           e2e  p50=62849ms p75=120501ms p95=1127432ms p99=1140360ms
                           intvty p50=37     p75=66     p95=129    p99=131 (1/tpot tok/s)
                           isl  p50=68,230    p75=105,510   p90=151,571   p99=243,482 (tokens)
                           osl  p50=891       p75=4,231     p90=6,252     p99=9,938 (tokens)
                           tot  in=1,506,999      out=48,989
                           trace theoretical_prefix_cache_hit=79.2%
                           srv  prefix_cache_hit=0.0% unique_in_srv=17,765,136,200 ext_cache_hit=38.3% kv_usage=96.4% queue=0r/36w tput_in_srv=2,954/s tput_out_srv=73/s
2026-06-02 22:38:35.977 - records_manager - INFO - [realtime 21:09 profiling] rps=0.0 (avg 0.0) tput_in=1234/s tput_out=40/s done=26 ok=26 err=0
                           ttft p50=9221ms p75=13820ms p95=1127274ms p99=1140223ms
                           itl  p50=27ms   p75=37ms   p95=277ms  p99=855ms
                           e2e  p50=62849ms p75=120501ms p95=1127432ms p99=1140360ms
                           intvty p50=37     p75=66     p95=129    p99=131 (1/tpot tok/s)
                           isl  p50=68,230    p75=105,510   p90=151,571   p99=243,482 (tokens)
                           osl  p50=891       p75=4,231     p90=6,252     p99=9,938 (tokens)
                           tot  in=1,506,999      out=48,989
                           trace theoretical_prefix_cache_hit=79.2%
                           srv  prefix_cache_hit=0.0% unique_in_srv=19,027,721,610 ext_cache_hit=39.4% kv_usage=97.0% queue=0r/36w tput_in_srv=2,897/s tput_out_srv=72/s
2026-06-02 22:39:06.014 - records_manager - INFO - [realtime 21:39 profiling] rps=0.0 (avg 0.0) tput_in=1234/s tput_out=40/s done=26 ok=26 err=0
                           ttft p50=9221ms p75=13820ms p95=1127274ms p99=1140223ms
                           itl  p50=27ms   p75=37ms   p95=277ms  p99=855ms
                           e2e  p50=62849ms p75=120501ms p95=1127432ms p99=1140360ms
                           intvty p50=37     p75=66     p95=129    p99=131 (1/tpot tok/s)
                           isl  p50=68,230    p75=105,510   p90=151,571   p99=243,482 (tokens)
                           osl  p50=891       p75=4,231     p90=6,252     p99=9,938 (tokens)
                           tot  in=1,506,999      out=48,989
                           trace theoretical_prefix_cache_hit=79.2%
                           srv  prefix_cache_hit=0.0% unique_in_srv=20,181,821,378 ext_cache_hit=40.9% kv_usage=98.1% queue=0r/36w tput_in_srv=2,842/s tput_out_srv=70/s
2026-06-02 22:39:36.053 - records_manager - INFO - [realtime 22:09 profiling] rps=0.0 (avg 0.0) tput_in=1234/s tput_out=40/s done=26 ok=26 err=0
                           ttft p50=9221ms p75=13820ms p95=1127274ms p99=1140223ms
                           itl  p50=27ms   p75=37ms   p95=277ms  p99=855ms
                           e2e  p50=62849ms p75=120501ms p95=1127432ms p99=1140360ms
                           intvty p50=37     p75=66     p95=129    p99=131 (1/tpot tok/s)
                           isl  p50=68,230    p75=105,510   p90=151,571   p99=243,482 (tokens)
                           osl  p50=891       p75=4,231     p90=6,252     p99=9,938 (tokens)
                           tot  in=1,506,999      out=48,989
                           trace theoretical_prefix_cache_hit=79.2%
                           srv  prefix_cache_hit=0.0% unique_in_srv=21,452,561,303 ext_cache_hit=42.5% kv_usage=99.7% queue=0r/36w tput_in_srv=2,790/s tput_out_srv=69/s
2026-06-02 22:40:06.092 - records_manager - INFO - [realtime 22:39 profiling] rps=0.0 (avg 0.0) tput_in=1234/s tput_out=40/s done=26 ok=26 err=0
                           ttft p50=9221ms p75=13820ms p95=1127274ms p99=1140223ms
                           itl  p50=27ms   p75=37ms   p95=277ms  p99=855ms
                           e2e  p50=62849ms p75=120501ms p95=1127432ms p99=1140360ms
                           intvty p50=37     p75=66     p95=129    p99=131 (1/tpot tok/s)
                           isl  p50=68,230    p75=105,510   p90=151,571   p99=243,482 (tokens)
                           osl  p50=891       p75=4,231     p90=6,252     p99=9,938 (tokens)
                           tot  in=1,506,999      out=48,989
                           trace theoretical_prefix_cache_hit=79.2%
                           srv  prefix_cache_hit=0.0% unique_in_srv=22,766,959,031 ext_cache_hit=42.5% kv_usage=99.7% queue=0r/36w tput_in_srv=2,739/s tput_out_srv=68/s
2026-06-02 22:40:36.133 - records_manager - INFO - [realtime 23:09 profiling] rps=0.0 (avg 0.0) tput_in=1234/s tput_out=40/s done=26 ok=26 err=0
                           ttft p50=9221ms p75=13820ms p95=1127274ms p99=1140223ms
                           itl  p50=27ms   p75=37ms   p95=277ms  p99=855ms
                           e2e  p50=62849ms p75=120501ms p95=1127432ms p99=1140360ms
                           intvty p50=37     p75=66     p95=129    p99=131 (1/tpot tok/s)
                           isl  p50=68,230    p75=105,510   p90=151,571   p99=243,482 (tokens)
                           osl  p50=891       p75=4,231     p90=6,252     p99=9,938 (tokens)
                           tot  in=1,506,999      out=48,989
                           trace theoretical_prefix_cache_hit=79.2%
                           srv  prefix_cache_hit=0.0% unique_in_srv=24,068,764,445 ext_cache_hit=42.5% kv_usage=99.7% queue=0r/36w tput_in_srv=2,690/s tput_out_srv=67/s
2026-06-02 22:41:06.172 - records_manager - INFO - [realtime 23:39 profiling] rps=0.0 (avg 0.0) tput_in=1234/s tput_out=40/s done=26 ok=26 err=0
                           ttft p50=9221ms p75=13820ms p95=1127274ms p99=1140223ms
                           itl  p50=27ms   p75=37ms   p95=277ms  p99=855ms
                           e2e  p50=62849ms p75=120501ms p95=1127432ms p99=1140360ms
                           intvty p50=37     p75=66     p95=129    p99=131 (1/tpot tok/s)
                           isl  p50=68,230    p75=105,510   p90=151,571   p99=243,482 (tokens)
                           osl  p50=891       p75=4,231     p90=6,252     p99=9,938 (tokens)
                           tot  in=1,506,999      out=48,989
                           trace theoretical_prefix_cache_hit=79.2%
                           srv  prefix_cache_hit=0.0% unique_in_srv=25,374,167,663 ext_cache_hit=42.5% kv_usage=99.7% queue=0r/36w tput_in_srv=2,643/s tput_out_srv=66/s
2026-06-02 22:41:36.212 - records_manager - INFO - [realtime 24:09 profiling] rps=0.0 (avg 0.0) tput_in=1234/s tput_out=40/s done=26 ok=26 err=0
                           ttft p50=9221ms p75=13820ms p95=1127274ms p99=1140223ms
                           itl  p50=27ms   p75=37ms   p95=277ms  p99=855ms
                           e2e  p50=62849ms p75=120501ms p95=1127432ms p99=1140360ms
                           intvty p50=37     p75=66     p95=129    p99=131 (1/tpot tok/s)
                           isl  p50=68,230    p75=105,510   p90=151,571   p99=243,482 (tokens)
                           osl  p50=891       p75=4,231     p90=6,252     p99=9,938 (tokens)
                           tot  in=1,506,999      out=48,989
                           trace theoretical_prefix_cache_hit=79.2%
                           srv  prefix_cache_hit=0.0% unique_in_srv=26,702,157,095 ext_cache_hit=42.5% kv_usage=99.7% queue=0r/36w tput_in_srv=2,597/s tput_out_srv=64/s
2026-06-02 22:42:06.279 - records_manager - INFO - [realtime 24:40 profiling] rps=0.0 (avg 0.0) tput_in=1234/s tput_out=40/s done=26 ok=26 err=0
                           ttft p50=9221ms p75=13820ms p95=1127274ms p99=1140223ms
                           itl  p50=27ms   p75=37ms   p95=277ms  p99=855ms
                           e2e  p50=62849ms p75=120501ms p95=1127432ms p99=1140360ms
                           intvty p50=37     p75=66     p95=129    p99=131 (1/tpot tok/s)
                           isl  p50=68,230    p75=105,510   p90=151,571   p99=243,482 (tokens)
                           osl  p50=891       p75=4,231     p90=6,252     p99=9,938 (tokens)
                           tot  in=1,506,999      out=48,989
                           trace theoretical_prefix_cache_hit=79.2%
                           srv  prefix_cache_hit=0.0% unique_in_srv=28,003,462,814 ext_cache_hit=42.5% kv_usage=99.7% queue=0r/36w tput_in_srv=2,553/s tput_out_srv=63/s
2026-06-02 22:42:36.320 - records_manager - INFO - [realtime 25:10 profiling] rps=0.0 (avg 0.0) tput_in=1234/s tput_out=40/s done=26 ok=26 err=0
                           ttft p50=9221ms p75=13820ms p95=1127274ms p99=1140223ms
                           itl  p50=27ms   p75=37ms   p95=277ms  p99=855ms
                           e2e  p50=62849ms p75=120501ms p95=1127432ms p99=1140360ms
                           intvty p50=37     p75=66     p95=129    p99=131 (1/tpot tok/s)
                           isl  p50=68,230    p75=105,510   p90=151,571   p99=243,482 (tokens)
                           osl  p50=891       p75=4,231     p90=6,252     p99=9,938 (tokens)
                           tot  in=1,506,999      out=48,989
                           trace theoretical_prefix_cache_hit=79.2%
                           srv  prefix_cache_hit=0.0% unique_in_srv=29,310,564,995 ext_cache_hit=42.5% kv_usage=99.7% queue=0r/36w tput_in_srv=2,510/s tput_out_srv=62/s
2026-06-02 22:43:06.359 - records_manager - INFO - [realtime 25:40 profiling] rps=0.0 (avg 0.0) tput_in=1234/s tput_out=40/s done=26 ok=26 err=0
                           ttft p50=9221ms p75=13820ms p95=1127274ms p99=1140223ms
                           itl  p50=27ms   p75=37ms   p95=277ms  p99=855ms
                           e2e  p50=62849ms p75=120501ms p95=1127432ms p99=1140360ms
                           intvty p50=37     p75=66     p95=129    p99=131 (1/tpot tok/s)
                           isl  p50=68,230    p75=105,510   p90=151,571   p99=243,482 (tokens)
                           osl  p50=891       p75=4,231     p90=6,252     p99=9,938 (tokens)
                           tot  in=1,506,999      out=48,989
                           trace theoretical_prefix_cache_hit=79.2%
                           srv  prefix_cache_hit=0.0% unique_in_srv=30,617,267,420 ext_cache_hit=42.5% kv_usage=99.7% queue=0r/36w tput_in_srv=2,469/s tput_out_srv=61/s
2026-06-02 22:43:36.398 - records_manager - INFO - [realtime 26:10 profiling] rps=0.0 (avg 0.0) tput_in=1234/s tput_out=40/s done=26 ok=26 err=0
                           ttft p50=9221ms p75=13820ms p95=1127274ms p99=1140223ms
                           itl  p50=27ms   p75=37ms   p95=277ms  p99=855ms
                           e2e  p50=62849ms p75=120501ms p95=1127432ms p99=1140360ms
                           intvty p50=37     p75=66     p95=129    p99=131 (1/tpot tok/s)
                           isl  p50=68,230    p75=105,510   p90=151,571   p99=243,482 (tokens)
                           osl  p50=891       p75=4,231     p90=6,252     p99=9,938 (tokens)
                           tot  in=1,506,999      out=48,989
                           trace theoretical_prefix_cache_hit=79.2%
                           srv  prefix_cache_hit=0.0% unique_in_srv=31,913,576,189 ext_cache_hit=42.5% kv_usage=99.7% queue=0r/36w tput_in_srv=2,430/s tput_out_srv=60/s
2026-06-02 22:44:06.435 - records_manager - INFO - [realtime 26:40 profiling] rps=0.0 (avg 0.0) tput_in=1234/s tput_out=40/s done=26 ok=26 err=0
                           ttft p50=9221ms p75=13820ms p95=1127274ms p99=1140223ms
                           itl  p50=27ms   p75=37ms   p95=277ms  p99=855ms
                           e2e  p50=62849ms p75=120501ms p95=1127432ms p99=1140360ms
                           intvty p50=37     p75=66     p95=129    p99=131 (1/tpot tok/s)
                           isl  p50=68,230    p75=105,510   p90=151,571   p99=243,482 (tokens)
                           osl  p50=891       p75=4,231     p90=6,252     p99=9,938 (tokens)
                           tot  in=1,506,999      out=48,989
                           trace theoretical_prefix_cache_hit=79.2%
                           srv  prefix_cache_hit=0.0% unique_in_srv=33,173,906,918 ext_cache_hit=42.5% kv_usage=99.7% queue=0r/36w tput_in_srv=2,391/s tput_out_srv=59/s
2026-06-02 22:44:36.473 - records_manager - INFO - [realtime 27:10 profiling] rps=0.0 (avg 0.0) tput_in=1234/s tput_out=40/s done=26 ok=26 err=0
                           ttft p50=9221ms p75=13820ms p95=1127274ms p99=1140223ms
                           itl  p50=27ms   p75=37ms   p95=277ms  p99=855ms
                           e2e  p50=62849ms p75=120501ms p95=1127432ms p99=1140360ms
                           intvty p50=37     p75=66     p95=129    p99=131 (1/tpot tok/s)
                           isl  p50=68,230    p75=105,510   p90=151,571   p99=243,482 (tokens)
                           osl  p50=891       p75=4,231     p90=6,252     p99=9,938 (tokens)
                           tot  in=1,506,999      out=48,989
                           trace theoretical_prefix_cache_hit=79.2%
                           srv  prefix_cache_hit=0.0% unique_in_srv=34,444,831,181 ext_cache_hit=42.5% kv_usage=99.7% queue=0r/36w tput_in_srv=2,354/s tput_out_srv=58/s
2026-06-02 22:45:06.510 - records_manager - INFO - [realtime 27:40 profiling] rps=0.0 (avg 0.0) tput_in=1234/s tput_out=40/s done=26 ok=26 err=0
                           ttft p50=9221ms p75=13820ms p95=1127274ms p99=1140223ms
                           itl  p50=27ms   p75=37ms   p95=277ms  p99=855ms
                           e2e  p50=62849ms p75=120501ms p95=1127432ms p99=1140360ms
                           intvty p50=37     p75=66     p95=129    p99=131 (1/tpot tok/s)
                           isl  p50=68,230    p75=105,510   p90=151,571   p99=243,482 (tokens)
                           osl  p50=891       p75=4,231     p90=6,252     p99=9,938 (tokens)
                           tot  in=1,506,999      out=48,989
                           trace theoretical_prefix_cache_hit=79.2%
                           srv  prefix_cache_hit=0.0% unique_in_srv=35,719,852,943 ext_cache_hit=42.5% kv_usage=99.7% queue=0r/36w tput_in_srv=2,317/s tput_out_srv=57/s
2026-06-02 22:45:36.558 - records_manager - INFO - [realtime 28:10 profiling] rps=0.0 (avg 0.0) tput_in=1234/s tput_out=40/s done=26 ok=26 err=0
                           ttft p50=9221ms p75=13820ms p95=1127274ms p99=1140223ms
                           itl  p50=27ms   p75=37ms   p95=277ms  p99=855ms
                           e2e  p50=62849ms p75=120501ms p95=1127432ms p99=1140360ms
                           intvty p50=37     p75=66     p95=129    p99=131 (1/tpot tok/s)
                           isl  p50=68,230    p75=105,510   p90=151,571   p99=243,482 (tokens)
                           osl  p50=891       p75=4,231     p90=6,252     p99=9,938 (tokens)
                           tot  in=1,506,999      out=48,989
                           trace theoretical_prefix_cache_hit=79.2%
                           srv  prefix_cache_hit=0.0% unique_in_srv=37,037,148,902 ext_cache_hit=42.5% kv_usage=99.7% queue=0r/36w tput_in_srv=2,282/s tput_out_srv=57/s
2026-06-02 22:46:06.597 - records_manager - INFO - [realtime 28:40 profiling] rps=0.0 (avg 0.0) tput_in=1234/s tput_out=40/s done=26 ok=26 err=0
                           ttft p50=9221ms p75=13820ms p95=1127274ms p99=1140223ms
                           itl  p50=27ms   p75=37ms   p95=277ms  p99=855ms
                           e2e  p50=62849ms p75=120501ms p95=1127432ms p99=1140360ms
                           intvty p50=37     p75=66     p95=129    p99=131 (1/tpot tok/s)
                           isl  p50=68,230    p75=105,510   p90=151,571   p99=243,482 (tokens)
                           osl  p50=891       p75=4,231     p90=6,252     p99=9,938 (tokens)
                           tot  in=1,506,999      out=48,989
                           trace theoretical_prefix_cache_hit=79.2%
                           srv  prefix_cache_hit=0.0% unique_in_srv=38,344,051,205 ext_cache_hit=42.5% kv_usage=99.7% queue=0r/36w tput_in_srv=2,248/s tput_out_srv=56/s
2026-06-02 22:46:36.635 - records_manager - INFO - [realtime 29:10 profiling] rps=0.0 (avg 0.0) tput_in=1234/s tput_out=40/s done=26 ok=26 err=0
                           ttft p50=9221ms p75=13820ms p95=1127274ms p99=1140223ms
                           itl  p50=27ms   p75=37ms   p95=277ms  p99=855ms
                           e2e  p50=62849ms p75=120501ms p95=1127432ms p99=1140360ms
                           intvty p50=37     p75=66     p95=129    p99=131 (1/tpot tok/s)
                           isl  p50=68,230    p75=105,510   p90=151,571   p99=243,482 (tokens)
                           osl  p50=891       p75=4,231     p90=6,252     p99=9,938 (tokens)
                           tot  in=1,506,999      out=48,989
                           trace theoretical_prefix_cache_hit=79.2%
                           srv  prefix_cache_hit=0.0% unique_in_srv=39,669,242,345 ext_cache_hit=42.5% kv_usage=99.7% queue=0r/36w tput_in_srv=2,215/s tput_out_srv=55/s
2026-06-02 22:47:06.672 - records_manager - INFO - [realtime 29:40 profiling] rps=0.0 (avg 0.0) tput_in=1234/s tput_out=40/s done=26 ok=26 err=0
                           ttft p50=9221ms p75=13820ms p95=1127274ms p99=1140223ms
                           itl  p50=27ms   p75=37ms   p95=277ms  p99=855ms
                           e2e  p50=62849ms p75=120501ms p95=1127432ms p99=1140360ms
                           intvty p50=37     p75=66     p95=129    p99=131 (1/tpot tok/s)
                           isl  p50=68,230    p75=105,510   p90=151,571   p99=243,482 (tokens)
                           osl  p50=891       p75=4,231     p90=6,252     p99=9,938 (tokens)
                           tot  in=1,506,999      out=48,989
                           trace theoretical_prefix_cache_hit=79.2%
                           srv  prefix_cache_hit=0.0% unique_in_srv=40,985,638,853 ext_cache_hit=42.5% kv_usage=99.7% queue=0r/36w tput_in_srv=2,183/s tput_out_srv=54/s
2026-06-02 22:47:26.237 - PhaseRunner - INFO - Timeout of 1799.999449944s elapsed for event 'profiling phase sending'
2026-06-02 22:47:26.238 - PhaseRunner - NOTICE - Phase profiling sending complete | sent=62, completed=26, in_flight=36 | sessions: sent=6, completed=0 | timeout_triggered=True
2026-06-02 22:47:26.238 - PhaseRunner - INFO - Waiting for event 'profiling phase credits returned' with timeout of 29.999563326000043s
2026-06-02 22:47:26.238 - records_manager - INFO - Sent 62 requests. Waiting for all to complete...
2026-06-02 22:47:36.709 - records_manager - INFO - [realtime 30:10 profiling] rps=0.0 (avg 0.0) tput_in=1234/s tput_out=40/s done=26 ok=26 err=0
                           ttft p50=9221ms p75=13820ms p95=1127274ms p99=1140223ms
                           itl  p50=27ms   p75=37ms   p95=277ms  p99=855ms
                           e2e  p50=62849ms p75=120501ms p95=1127432ms p99=1140360ms
                           intvty p50=37     p75=66     p95=129    p99=131 (1/tpot tok/s)
                           isl  p50=68,230    p75=105,510   p90=151,571   p99=243,482 (tokens)
                           osl  p50=891       p75=4,231     p90=6,252     p99=9,938 (tokens)
                           tot  in=1,506,999      out=48,989
                           trace theoretical_prefix_cache_hit=79.2%
                           srv  prefix_cache_hit=0.0% unique_in_srv=42,296,238,899 ext_cache_hit=42.5% kv_usage=99.7% queue=0r/36w tput_in_srv=2,152/s tput_out_srv=53/s
2026-06-02 22:47:56.238 - PhaseRunner - INFO - Timeout of 29.999563326000043s elapsed for event 'profiling phase credits returned'
2026-06-02 22:47:56.238 - PhaseRunner - WARNING - Phase profiling timed out, cancelling all credits. Stats: sent=62, completed=26, cancelled=0, in_flight=36
2026-06-02 22:47:56.239 - StickyCreditRouter_032766cb - INFO - Sent cancellation requests for 36 in-flight credits across 32 workers
2026-06-02 22:47:56.239 - PhaseRunner - INFO - Waiting for all cancelled credits to be returned for phase profiling. Need 36 more credits.
2026-06-02 22:47:56.241 - PhaseRunner - INFO - All cancelled credits returned for phase profiling
2026-06-02 22:47:56.241 - PhaseRunner - NOTICE - Phase profiling complete | completed=26, cancelled=36, errors=0 | sessions: completed=0, cancelled=0 | elapsed=1830.00s | grace_period_timeout=True
2026-06-02 22:47:56.241 - aiperf.timing.branch_orchestrator - INFO - BranchOrchestrator stats: spawned=0 completed=0 errored=0 suspended=0 resumed=0 parents_failed_due_to_child_error=0 joins_suppressed=0
2026-06-02 22:47:56.241 - PhaseOrchestrator_ef259be7 - NOTICE - All credits completed
2026-06-02 22:47:56.242 - system_controller - INFO - Received credits complete from 'timing_manager'
2026-06-02 22:47:56.242 - records_manager - INFO - Received CREDIT_PHASE_COMPLETE message, Phase complete: PhaseRecordsStats(phase=CreditPhase.PROFILING, start_ns=1780438646237808664, sent_end_ns=1780440446237915082, requests_end_ns=1780440476241324750, total_expected_requests=None, expected_duration_sec=None, expected_num_sessions=None, expected_grace_period_sec=None, final_requests_sent=None, final_requests_completed=26, final_requests_cancelled=36, final_request_errors=0, final_sent_sessions=None, final_completed_sessions=None, final_cancelled_sessions=None, timeout_triggered=True, grace_period_timeout_triggered=True, was_cancelled=False, records_end_ns=None, success_records=26, error_records=0)
2026-06-02 22:47:56.242 - records_manager - NOTICE - All requests have completed, please wait for the results to be processed (currently 26 of 26 records processed)...
2026-06-02 22:47:56.242 - records_manager - INFO - Processed 26 valid requests and 0 errors (26 total).
2026-06-02 22:47:56.242 - records_manager - INFO - Received all records, processing now...
2026-06-02 22:47:56.242 - records_manager - INFO - All credits complete, please wait for the results to be processed...
2026-06-02 22:47:56.243 - server_metrics_manager - INFO - Server Metrics: Profiling complete, capturing final metrics...
2026-06-02 22:47:56.244 - records_manager - INFO - Waiting 2.0s for server metrics flush period...
2026-06-02 22:47:58.241 - records_manager - INFO - Processing records results...
2026-06-02 22:48:00.274 - RecordExportJSONLWriter_7c6789f8 - WARNING - Timeout waiting for 0 pending flush tasks during shutdown. Cancelling tasks and proceeding with cleanup.
2026-06-02 22:48:00.289 - system_controller - INFO - Waiting for server metrics results...
2026-06-02 22:48:00.289 - system_controller - INFO - Waiting for server metrics results...
2026-06-02 22:48:01.615 - records_manager - INFO - _finalize_and_process_results completed
2026-06-02 22:48:02.225 - system_controller - INFO - All results received, initiating shutdown
2026-06-02 22:48:02.832 - ExporterManager - INFO - Exporting all records
2026-06-02 22:48:03.097 - aiperf.common.scenario.validator - INFO - Scenario 'inferencex-agentx-mvp': setting timing_mode=agentic_replay (was at default request_rate).
2026-06-02 22:48:04.273 - aiperf.common.scenario.validator - INFO - Scenario 'inferencex-agentx-mvp': setting timing_mode=agentic_replay (was at default request_rate).
2026-06-02 22:48:04.357 - ExporterManager - INFO - Exporting console data
