2026-06-03 15:59:18.496 - aiperf.cli_runner - INFO - Starting AIPerf System
2026-06-03 15:59:18.709 - system_controller - INFO - Registered Dataset Manager (id: 'dataset_manager')
2026-06-03 15:59:18.713 - server_metrics_manager - INFO - Server Metrics: Discovered 1 endpoints: ['http://localhost:8892/metrics']
2026-06-03 15:59:18.736 - system_controller - INFO - Registered Server Metrics Manager (id: 'server_metrics_manager')
2026-06-03 15:59:18.736 - system_controller - INFO - Registered Gpu Telemetry Manager (id: 'gpu_telemetry_manager')
2026-06-03 15:59:18.778 - GPUTelemetryJSONLWriter_87bf6c2d - INFO - GPU telemetry export enabled: /workspace/results/aiperf_artifacts/gpu_telemetry_export.jsonl
2026-06-03 15:59:18.779 - RecordExportJSONLWriter_79cc2edd - INFO - Record metrics export enabled: /workspace/results/aiperf_artifacts/profile_export.jsonl
2026-06-03 15:59:18.783 - system_controller - INFO - Registered Timing Manager (id: 'timing_manager')
2026-06-03 15:59:18.794 - system_controller - INFO - Registered Worker Manager (id: 'worker_manager')
2026-06-03 15:59:18.893 - system_controller - INFO - Registered Record Processor (id: 'record_processor_3bcfaea1')
2026-06-03 15:59:18.893 - system_controller - INFO - Registered Record Processor (id: 'record_processor_2612273c')
2026-06-03 15:59:18.895 - system_controller - INFO - Registered Record Processor (id: 'record_processor_05e2e8e6')
2026-06-03 15:59:18.897 - system_controller - INFO - Registered Worker (id: 'worker_f8fde4b5')
2026-06-03 15:59:18.899 - system_controller - INFO - Registered Worker (id: 'worker_7d9841c9')
2026-06-03 15:59:18.903 - system_controller - INFO - Registered Records Manager (id: 'records_manager')
2026-06-03 15:59:18.904 - system_controller - INFO - Registered Record Processor (id: 'record_processor_f4e2fc60')
2026-06-03 15:59:18.913 - system_controller - INFO - Registered Worker (id: 'worker_1860ed9f')
2026-06-03 15:59:18.935 - system_controller - INFO - Registered Worker (id: 'worker_b53ba5f7')
2026-06-03 15:59:18.935 - system_controller - INFO - Registered Worker (id: 'worker_7f8cc4f7')
2026-06-03 15:59:18.940 - system_controller - INFO - Registered Worker (id: 'worker_71e76324')
2026-06-03 15:59:18.942 - system_controller - INFO - Registered Worker (id: 'worker_adae710a')
2026-06-03 15:59:18.943 - system_controller - INFO - Registered Worker (id: 'worker_84ec6435')
2026-06-03 15:59:18.970 - system_controller - INFO - Registered Worker (id: 'worker_2017fa9d')
2026-06-03 15:59:18.977 - system_controller - INFO - Registered Worker (id: 'worker_530d439d')
2026-06-03 15:59:18.997 - system_controller - INFO - Registered Worker (id: 'worker_b061430c')
2026-06-03 15:59:18.997 - system_controller - INFO - Registered Record Processor (id: 'record_processor_c02f4ab9')
2026-06-03 15:59:19.000 - system_controller - INFO - Registered Record Processor (id: 'record_processor_1914dfe8')
2026-06-03 15:59:19.001 - system_controller - INFO - Registered Record Processor (id: 'record_processor_141b4cc3')
2026-06-03 15:59:19.001 - system_controller - INFO - Registered Record Processor (id: 'record_processor_25874008')
2026-06-03 15:59:19.016 - system_controller - INFO - Registered Worker (id: 'worker_d714cc3e')
2026-06-03 15:59:19.017 - system_controller - INFO - Registered Worker (id: 'worker_21db2f2a')
2026-06-03 15:59:19.017 - system_controller - INFO - Registered Worker (id: 'worker_0fa95aa6')
2026-06-03 15:59:19.022 - system_controller - INFO - Registered Worker (id: 'worker_900bab8b')
2026-06-03 15:59:19.022 - system_controller - INFO - Registered Worker (id: 'worker_cf1a8de0')
2026-06-03 15:59:19.023 - system_controller - INFO - Registered Worker (id: 'worker_e0f9b8f7')
2026-06-03 15:59:19.029 - system_controller - INFO - Registered Worker (id: 'worker_9a3917c6')
2026-06-03 15:59:19.029 - system_controller - INFO - Registered Worker (id: 'worker_9c7daed5')
2026-06-03 15:59:19.030 - system_controller - INFO - Registered Worker (id: 'worker_1794dc0a')
2026-06-03 15:59:19.031 - system_controller - INFO - Registered Worker (id: 'worker_00c8cef3')
2026-06-03 15:59:19.034 - system_controller - INFO - Registered Worker (id: 'worker_eb6c1de8')
2026-06-03 15:59:19.044 - system_controller - INFO - Registered Worker (id: 'worker_c2889fa7')
2026-06-03 15:59:19.044 - system_controller - INFO - Registered Worker (id: 'worker_64c33af5')
2026-06-03 15:59:19.052 - system_controller - INFO - Registered Worker (id: 'worker_a842695d')
2026-06-03 15:59:19.053 - system_controller - INFO - Registered Worker (id: 'worker_941aca6e')
2026-06-03 15:59:19.057 - system_controller - INFO - Registered Worker (id: 'worker_34b5f829')
2026-06-03 15:59:19.060 - system_controller - INFO - Registered Worker (id: 'worker_b6ba4785')
2026-06-03 15:59:19.060 - system_controller - INFO - Registered Worker (id: 'worker_ce56530e')
2026-06-03 15:59:19.064 - system_controller - INFO - Registered Worker (id: 'worker_29847453')
2026-06-03 15:59:19.069 - system_controller - INFO - Registered Worker (id: 'worker_90666d42')
2026-06-03 15:59:19.076 - system_controller - INFO - Registered Worker (id: 'worker_5831e3f7')
2026-06-03 15:59:19.186 - system_controller - INFO - AIPerf System is CONFIGURING
2026-06-03 15:59:19.186 - system_controller - INFO - Configuring all services to start profiling
2026-06-03 15:59:19.187 - InferenceResultParser_c5b7c57c - INFO - Tokenization is disabled for this endpoint, skipping tokenizer configuration
2026-06-03 15:59:19.187 - InferenceResultParser_30a1f9ba - INFO - Tokenization is disabled for this endpoint, skipping tokenizer configuration
2026-06-03 15:59:19.187 - InferenceResultParser_752aa863 - INFO - Tokenization is disabled for this endpoint, skipping tokenizer configuration
2026-06-03 15:59:19.187 - InferenceResultParser_de86f51c - INFO - Tokenization is disabled for this endpoint, skipping tokenizer configuration
2026-06-03 15:59:19.187 - timing_manager - INFO - Waiting for dataset to be configured before configuring timing
2026-06-03 15:59:19.187 - InferenceResultParser_cf595438 - INFO - Tokenization is disabled for this endpoint, skipping tokenizer configuration
2026-06-03 15:59:19.187 - InferenceResultParser_06e0ea9a - INFO - Tokenization is disabled for this endpoint, skipping tokenizer configuration
2026-06-03 15:59:19.187 - InferenceResultParser_bc379d43 - INFO - Tokenization is disabled for this endpoint, skipping tokenizer configuration
2026-06-03 15:59:19.187 - InferenceResultParser_668f5bab - INFO - Tokenization is disabled for this endpoint, skipping tokenizer configuration
2026-06-03 15:59:19.192 - system_controller - INFO - GPU telemetry disabled - no DCGM endpoints reachable
2026-06-03 15:59:19.195 - server_metrics_manager - INFO - Server Metrics: Capturing baseline metrics...
2026-06-03 15:59:19.202 - dataset_manager - INFO - Memory-mapped dataset cache HIT (key=f921ed09196f017e89b67d5e8eb9a265); skipping tokenizer + composer.
2026-06-03 15:59:19.205 - http://localhost:8892/metrics - INFO - Skipping unsupported summary metric: http_request_size_bytes
2026-06-03 15:59:19.205 - http://localhost:8892/metrics - INFO - Skipping unsupported summary metric: http_response_size_bytes
2026-06-03 15:59:19.206 - system_controller - INFO - Server metrics enabled - 1/1 endpoint(s) reachable.
2026-06-03 15:59:19.808 - aiperf.dataset.mmap_cache - INFO - Restored mmap cache file dataset.dat via copy in 0.606s (1.24 GiB)
2026-06-03 15:59:19.809 - aiperf.dataset.mmap_cache - INFO - Restored mmap cache file index.dat via copy in 0.001s (0.00 GiB)
2026-06-03 15:59:19.809 - aiperf.dataset.mmap_cache - INFO - Restored mmap cache files in 0.607s via dataset=copy index=copy (dataset=1.24 GiB, index=0.00 GiB)
2026-06-03 15:59:19.949 - dataset_manager - INFO - sampling strategy: sequential, unique conversations: 678, unique turn count: 52915
2026-06-03 15:59:20.171 - aiperf.timing.trajectory_source - INFO - TrajectorySource: built 32 trajectories from 225 traces
  range cfg=[0.25, 0.75]  observed sample pct: min= 25% median= 45% max= 74%
    lane=00  sample_time= 39%  root_next= 14/32  ( 44% turns)  live=1 ready=1  trace_id=00e7d11db2db59f44a87b4110175b11d1af3
    lane=01  sample_time= 55%  root_next= 15/28  ( 54% turns)  live=1 ready=1  trace_id=01fece675b92efe07620225cd69c3884f774
    lane=02  sample_time= 55%  root_next=306/594 ( 52% turns)  live=1 ready=1  trace_id=0275949f4db511444909fe92b12f7e921e4a
    lane=03  sample_time= 27%  root_next= 13/27  ( 48% turns)  live=1 ready=1  trace_id=03be8f1eb1e9e620f46bd07068d6ab1aaae3
    lane=04  sample_time= 40%  root_next= 71/151 ( 47% turns)  live=1 ready=1  trace_id=0475b786230f3f2e24220d28e247eaee2dae
    lane=05  sample_time= 50%  root_next= 56/99  ( 57% turns)  live=1 ready=1  trace_id=04b25fe5b2ffa5e7ec9890426cce59838a05
    lane=06  sample_time= 69%  root_next= 10/20  ( 50% turns)  live=1 ready=1  trace_id=06385769df23204ac35c53ad431cf42f7c02
    lane=07  sample_time= 63%  root_next= 53/80  ( 66% turns)  live=1 ready=1  trace_id=07fc71985fbafc8e1abb181b7d28b8349f45
    lane=08  sample_time= 29%  root_next= 48/165 ( 29% turns)  live=1 ready=1  trace_id=09a5d415a7157ed48a5a6fa2711f2d8565c1
    lane=09  sample_time= 28%  root_next=  6/27  ( 22% turns)  live=1 ready=1  trace_id=09c188c8b9201ec2046cc2df702623fef33e
    lane=10  sample_time= 44%  root_next= 35/78  ( 45% turns)  live=1 ready=1  trace_id=0b1cf5ad73920121aa53e1acb0851a8ecf32
    lane=11  sample_time= 61%  root_next=161/254 ( 63% turns)  live=1 ready=1  trace_id=0b4a56f22f01dc235b7ce1cc3aeabd6943e8
    lane=12  sample_time= 32%  root_next= 59/184 ( 32% turns)  live=1 ready=1  trace_id=0d75185d4e958ad360c16451eaa95d508edf
    lane=13  sample_time= 51%  root_next= 10/18  ( 56% turns)  live=1 ready=1  trace_id=0da3a3bea6f3559a2eff4114839b328dad53
    lane=14  sample_time= 71%  root_next= 18/23  ( 78% turns)  live=1 ready=1  trace_id=116cb8d945f9d0810e788e51e3744adaab74
    lane=15  sample_time= 46%  root_next= 26/39  ( 67% turns)  live=1 ready=1  trace_id=1186d32070428ea303de493d61ee3effd467
    lane=16  sample_time= 74%  root_next= 23/26  ( 88% turns)  live=1 ready=1  trace_id=13762df76dba635a268bf3acbb30bfffed63
    lane=17  sample_time= 27%  root_next=  8/27  ( 30% turns)  live=1 ready=1  trace_id=14933d8a4190c45ac8fbd21183bba9469140
    lane=18  sample_time= 43%  root_next= 24/38  ( 63% turns)  live=1 ready=1  trace_id=1770548ae8e30555e62d6d6296c0166d6074
    lane=19  sample_time= 35%  root_next= 20/44  ( 45% turns)  live=3 ready=2  trace_id=1ac9d045056424d98ec4b5725460ca2b6120
    lane=20  sample_time= 55%  root_next= 31/50  ( 62% turns)  live=1 ready=1  trace_id=1b29955ec88767b5f8870f705f770cd46c60
    lane=21  sample_time= 69%  root_next=318/452 ( 70% turns)  live=1 ready=1  trace_id=1ec7f23f1ca1449b1758b86dba91df97cf1a
    lane=22  sample_time= 40%  root_next= 13/31  ( 42% turns)  live=1 ready=1  trace_id=1ff2c5c397d1c8f4a2e069449ec8e10b882a
    lane=23  sample_time= 34%  root_next= 33/55  ( 60% turns)  live=1 ready=1  trace_id=219331470ffaa5388ff9d7d8da92f5dc575b
    lane=24  sample_time= 46%  root_next= 38/63  ( 60% turns)  live=1 ready=1  trace_id=263134ce70d475337deb473aadc255479210
    lane=25  sample_time= 25%  root_next= 14/39  ( 36% turns)  live=1 ready=1  trace_id=265a5749ca677d0b0c90e7d3d6029a45318f
    lane=26  sample_time= 26%  root_next=  7/21  ( 33% turns)  live=1 ready=1  trace_id=2781d1fa9a22e982996948283bbcd3136c44
    lane=27  sample_time= 45%  root_next= 17/30  ( 57% turns)  live=1 ready=1  trace_id=27bf77bcaaf2b6d2210bdbdab4934348f322
    lane=28  sample_time= 73%  root_next= 61/84  ( 73% turns)  live=1 ready=1  trace_id=27cf2ada39b896fea5580c895bfbd4119490
    lane=29  sample_time= 52%  root_next= 20/34  ( 59% turns)  live=1 ready=1  trace_id=298daf6961d9121ca2f5d3cde68ba961c0c5
    lane=30  sample_time= 27%  root_next= 15/43  ( 35% turns)  live=1 ready=1  trace_id=2b971773e1889a7692523d5cc0a78a0361cb
    lane=31  sample_time= 43%  root_next=  8/21  ( 38% turns)  live=1 ready=1  trace_id=2c3e52bf4e687293e9fb70cba1c1786dceea
2026-06-03 15:59:20.172 - PhaseOrchestrator_613539f9 - INFO - Initialized 2 phase(s): ['Warmup', 'Profiling']
2026-06-03 15:59:20.248 - dataset_manager - INFO - Dataset client initialized and freed 0 conversations from memory
2026-06-03 15:59:20.249 - system_controller - INFO - All services configured in 1.06 seconds
2026-06-03 15:59:20.249 - system_controller - INFO - AIPerf System is CONFIGURED
2026-06-03 15:59:20.250 - server_metrics_manager - INFO - Server Metrics: Started 1 collector(s) successfully
2026-06-03 15:59:20.260 - PhaseRunner - NOTICE - Phase warmup started | target: 33 requests
2026-06-03 15:59:20.260 - AgenticReplayTiming - INFO - WARMUP execute: dispatching 33 trajectory credits
2026-06-03 15:59:20.261 - PhaseRunner - NOTICE - Phase warmup sending complete | sent=33, completed=0, in_flight=33
2026-06-03 15:59:20.360 - records_manager - INFO - Credit phase start: warmup
2026-06-03 15:59:20.385 - system_controller - INFO - All services started profiling successfully
2026-06-03 15:59:20.385 - system_controller - INFO - AIPerf System is PROFILING
2026-06-03 16:05:51.131 - AgenticReplayTiming - INFO - WARMUP 1/33 returned [ok] (lane=19, trace_id=1ac9d045056424d98ec4b5725460ca2b6120::sa:subagent_001_88698b09:s1, start_turn=0/4 (0% through trace))
2026-06-03 16:07:23.077 - AgenticReplayTiming - INFO - WARMUP 2/33 returned [ok] (lane=19, trace_id=1ac9d045056424d98ec4b5725460ca2b6120::sa:subagent_001_88698b09:s0, start_turn=0/24 (0% through trace))
2026-06-03 16:10:35.933 - PhaseRunner - NOTICE - Phase warmup complete | completed=33, cancelled=0, errors=0 | elapsed=675.67s
2026-06-03 16:10:35.933 - aiperf.timing.branch_orchestrator - INFO - BranchOrchestrator stats: spawned=0 completed=0 errored=0 suspended=0 resumed=0 parents_failed_due_to_child_error=0 joins_suppressed=0
2026-06-03 16:10:35.940 - AgenticReplayTiming - INFO - PROFILING setup: trajectories=32 traces, recycle_queue=225 traces (full pool)
2026-06-03 16:10:35.940 - PhaseRunner - NOTICE - Phase profiling started | target: 1800.0s duration
2026-06-03 16:10:35.940 - PhaseRunner - INFO - Waiting for event 'profiling phase sending' with timeout of 1799.999729946s
2026-06-03 16:10:35.940 - AgenticReplayTiming - INFO - PROFILING execute: resuming 32 trajectory sessions
2026-06-03 16:10:35.940 - records_manager - INFO - Credit phase start: profiling
2026-06-03 16:10:42.902 - AgenticReplayTiming - INFO - Terminating trajectory 0b1cf5ad73920121aa53e1acb0851a8ecf32 early at turn 35/77: context-overflow error from server
2026-06-03 16:11:18.819 - records_manager - INFO - [realtime 00:42 profiling] rps=0.1 (avg 0.1) tput_in=5213/s tput_out=9/s done=3 ok=3 err=0
                           ttft p50=14281ms p75=15440ms p95=16367ms p99=16553ms
                           itl  p50=113ms  p75=125ms  p95=135ms  p99=137ms
                           e2e  p50=26897ms p75=28049ms p95=28970ms p99=29154ms
                           intvty p50=9      p75=10     p95=11     p99=11 (1/tpot tok/s)
                           isl  p50=76,106    p75=82,213    p90=85,877    p99=88,076 (tokens)
                           osl  p50=128       p75=162       p90=182       p99=195 (tokens)
                           tot  in=152,213        out=255
                           trace theoretical_prefix_cache_hit=99.5%
                           srv  prefix_cache_hit=0.0% unique_in_srv=1,695,523,868 kv_usage=81.6% queue=6r/22w tput_in_srv=4,297/s tput_out_srv=84/s
2026-06-03 16:11:48.829 - records_manager - INFO - [realtime 01:12 profiling] rps=0.1 (avg 0.1) tput_in=4670/s tput_out=20/s done=7 ok=7 err=0
                           ttft p50=14281ms p75=18969ms p95=22035ms p99=22642ms
                           itl  p50=142ms  p75=168ms  p95=178ms  p99=179ms
                           e2e  p50=44130ms p75=44774ms p95=60468ms p99=64623ms
                           intvty p50=7      p75=10     p95=12     p99=13 (1/tpot tok/s)
                           isl  p50=46,970    p75=59,760    p90=76,106    p99=87,099 (tokens)
                           osl  p50=236       p75=268       p90=296       p99=315 (tokens)
                           tot  in=314,304        out=1,318
                           trace theoretical_prefix_cache_hit=92.7%
                           srv  prefix_cache_hit=0.0% unique_in_srv=1,747,226,692 kv_usage=80.9% queue=3r/26w tput_in_srv=4,480/s tput_out_srv=82/s
2026-06-03 16:12:18.903 - records_manager - INFO - [realtime 01:42 profiling] rps=0.0 (avg 0.1) tput_in=5847/s tput_out=26/s done=8 ok=8 err=0
                           ttft p50=11964ms p75=18179ms p95=21883ms p99=22611ms
                           itl  p50=138ms  p75=160ms  p95=178ms  p99=179ms
                           e2e  p50=44437ms p75=55274ms p95=71987ms p99=74156ms
                           intvty p50=7      p75=10     p95=12     p99=13 (1/tpot tok/s)
                           isl  p50=47,360    p75=76,106    p90=101,987   p99=120,437 (tokens)
                           osl  p50=250       p75=296       p90=443       p99=612 (tokens)
                           tot  in=436,791        out=1,949
                           trace theoretical_prefix_cache_hit=94.5%
                           srv  prefix_cache_hit=0.0% unique_in_srv=1,761,663,970 kv_usage=91.2% queue=3r/28w tput_in_srv=4,307/s tput_out_srv=79/s
2026-06-03 16:12:48.914 - records_manager - INFO - [realtime 02:12 profiling] rps=0.1 (avg 0.1) tput_in=4849/s tput_out=21/s done=10 ok=10 err=0
                           ttft p50=16599ms p75=22793ms p95=93248ms p99=109896ms
                           itl  p50=117ms  p75=145ms  p95=177ms  p99=179ms
                           e2e  p50=44886ms p75=74698ms p95=110819ms p99=113645ms
                           intvty p50=9      p75=13     p95=28     p99=36 (1/tpot tok/s)
                           isl  p50=47,360    p75=88,320    p90=127,729   p99=146,599 (tokens)
                           osl  p50=250       p75=317       p90=625       p99=630 (tokens)
                           tot  in=587,838        out=2,585
                           trace theoretical_prefix_cache_hit=95.4%
                           srv  prefix_cache_hit=0.0% unique_in_srv=1,833,259,029 kv_usage=81.9% queue=3r/30w tput_in_srv=4,490/s tput_out_srv=79/s
2026-06-03 16:13:18.925 - records_manager - INFO - [realtime 02:42 profiling] rps=0.0 (avg 0.1) tput_in=4412/s tput_out=25/s done=11 ok=11 err=0
                           ttft p50=18179ms p75=52223ms p95=114739ms p99=115185ms
                           itl  p50=103ms  p75=143ms  p95=177ms  p99=179ms
                           e2e  p50=55274ms p75=97814ms p95=133723ms p99=146402ms
                           intvty p50=10     p75=14     p95=37     p99=38 (1/tpot tok/s)
                           isl  p50=55,626    p75=94,418    p90=125,108   p99=146,337 (tokens)
                           osl  p50=262       p75=547       p90=697       p99=1,229 (tokens)
                           tot  in=684,288        out=3,873
                           trace theoretical_prefix_cache_hit=95.0%
                           srv  prefix_cache_hit=0.0% unique_in_srv=1,913,613,737 kv_usage=79.2% queue=3r/29w tput_in_srv=4,329/s tput_out_srv=79/s
2026-06-03 16:13:48.939 - records_manager - INFO - [realtime 03:12 profiling] rps=0.0 (avg 0.1) tput_in=4389/s tput_out=36/s done=12 ok=12 err=0
                           ttft p50=19759ms p75=51622ms p95=114677ms p99=115173ms
                           itl  p50=88ms   p75=142ms  p95=177ms  p99=179ms
                           e2e  p50=65662ms p75=109936ms p95=164310ms p99=176100ms
                           intvty p50=11     p75=17     p95=37     p99=38 (1/tpot tok/s)
                           isl  p50=63,893    p75=106,647   p90=122,487   p99=146,075 (tokens)
                           osl  p50=274       p75=628       p90=1,288     p99=2,561 (tokens)
                           tot  in=801,132        out=6,575
                           trace theoretical_prefix_cache_hit=95.7%
                           srv  prefix_cache_hit=0.0% unique_in_srv=1,983,481,193 kv_usage=77.9% queue=3r/29w tput_in_srv=4,289/s tput_out_srv=79/s
2026-06-03 16:14:18.953 - records_manager - INFO - [realtime 03:43 profiling] rps=0.0 (avg 0.1) tput_in=4542/s tput_out=45/s done=13 ok=13 err=0
                           ttft p50=21276ms p75=70886ms p95=114615ms p99=115161ms
                           itl  p50=84ms   p75=140ms  p95=177ms  p99=179ms
                           e2e  p50=70180ms p75=123157ms p95=193070ms p99=206782ms
                           intvty p50=12     p75=22     p95=37     p99=38 (1/tpot tok/s)
                           isl  p50=76,106    p75=118,255   p90=146,075   p99=174,988 (tokens)
                           osl  p50=296       p75=795       p90=2,561     p99=3,065 (tokens)
                           tot  in=979,370        out=9,685
                           trace theoretical_prefix_cache_hit=96.3%
                           srv  prefix_cache_hit=0.0% unique_in_srv=2,139,213,224 kv_usage=57.4% queue=3r/29w tput_in_srv=4,263/s tput_out_srv=79/s
2026-06-03 16:14:48.967 - records_manager - INFO - [realtime 04:13 profiling] rps=0.0 (avg 0.1) tput_in=4542/s tput_out=45/s done=13 ok=13 err=0
                           ttft p50=21276ms p75=70886ms p95=114615ms p99=115161ms
                           itl  p50=84ms   p75=140ms  p95=177ms  p99=179ms
                           e2e  p50=70180ms p75=123157ms p95=193070ms p99=206782ms
                           intvty p50=12     p75=22     p95=37     p99=38 (1/tpot tok/s)
                           isl  p50=76,106    p75=118,255   p90=146,075   p99=174,988 (tokens)
                           osl  p50=296       p75=795       p90=2,561     p99=3,065 (tokens)
                           tot  in=979,370        out=9,685
                           trace theoretical_prefix_cache_hit=96.3%
                           srv  prefix_cache_hit=0.0% unique_in_srv=2,139,297,275 kv_usage=94.9% queue=4r/29w tput_in_srv=4,330/s tput_out_srv=76/s
2026-06-03 16:15:18.983 - records_manager - INFO - [realtime 04:43 profiling] rps=0.1 (avg 0.1) tput_in=4779/s tput_out=37/s done=15 ok=15 err=0
                           ttft p50=32002ms p75=109905ms p95=237879ms p99=241797ms
                           itl  p50=84ms   p75=143ms  p95=176ms  p99=178ms
                           e2e  p50=90109ms p75=171678ms p95=245417ms p99=249166ms
                           intvty p50=12     p75=26     p95=39     p99=42 (1/tpot tok/s)
                           isl  p50=86,186    p75=121,076   p90=169,375   p99=188,601 (tokens)
                           osl  p50=262       p75=629       p90=2,278     p99=3,057 (tokens)
                           tot  in=1,253,570      out=9,782
                           trace theoretical_prefix_cache_hit=97.1%
                           srv  prefix_cache_hit=0.0% unique_in_srv=2,154,978,459 kv_usage=89.4% queue=5r/26w tput_in_srv=4,518/s tput_out_srv=75/s
2026-06-03 16:15:48.998 - records_manager - INFO - [realtime 05:13 profiling] rps=0.0 (avg 0.1) tput_in=4430/s tput_out=35/s done=16 ok=16 err=0
                           ttft p50=41211ms p75=114677ms p95=244318ms p99=247196ms
                           itl  p50=79ms   p75=142ms  p95=176ms  p99=178ms
                           e2e  p50=105519ms p75=194628ms p95=260580ms p99=280136ms
                           intvty p50=13     p75=24     p95=39     p99=42 (1/tpot tok/s)
                           isl  p50=84,051    p75=119,666   p90=166,421   p99=188,481 (tokens)
                           osl  p50=274       p75=654       p90=2,136     p99=3,053 (tokens)
                           tot  in=1,318,059      out=10,459
                           trace theoretical_prefix_cache_hit=97.2%
                           srv  prefix_cache_hit=0.0% unique_in_srv=2,207,633,617 kv_usage=94.7% queue=5r/27w tput_in_srv=4,469/s tput_out_srv=76/s
2026-06-03 16:16:19.015 - records_manager - INFO - [realtime 05:43 profiling] rps=0.0 (avg 0.0) tput_in=4277/s tput_out=36/s done=17 ok=17 err=0
                           ttft p50=51622ms p75=145283ms p95=250744ms p99=257534ms
                           itl  p50=75ms   p75=140ms  p95=176ms  p99=178ms
                           e2e  p50=109936ms p75=218381ms p95=292514ms p99=310488ms
                           intvty p50=13     p75=27     p95=39     p99=42 (1/tpot tok/s)
                           isl  p50=86,186    p75=118,255   p90=163,467   p99=188,362 (tokens)
                           osl  p50=296       p75=830       p90=2,084     p99=3,049 (tokens)
                           tot  in=1,429,834      out=11,924
                           trace theoretical_prefix_cache_hit=97.3%
                           srv  prefix_cache_hit=0.0% unique_in_srv=2,260,426,790 kv_usage=84.6% queue=5r/27w tput_in_srv=4,397/s tput_out_srv=78/s
2026-06-03 16:16:49.055 - records_manager - INFO - [realtime 06:13 profiling] rps=0.0 (avg 0.0) tput_in=4354/s tput_out=38/s done=18 ok=18 err=0
                           ttft p50=62033ms p75=235242ms p95=264471ms p99=281236ms
                           itl  p50=70ms   p75=138ms  p95=176ms  p99=178ms
                           e2e  p50=114352ms p75=242893ms p95=317557ms p99=325799ms
                           intvty p50=14     p75=28     p95=39     p99=42 (1/tpot tok/s)
                           isl  p50=87,668    p75=116,844   p90=160,513   p99=188,243 (tokens)
                           osl  p50=317       p75=1,171     p90=1,960     p99=3,045 (tokens)
                           tot  in=1,517,502      out=13,095
                           trace theoretical_prefix_cache_hit=97.4%
                           srv  prefix_cache_hit=0.0% unique_in_srv=2,319,594,961 kv_usage=89.4% queue=5r/27w tput_in_srv=4,375/s tput_out_srv=78/s
2026-06-03 16:17:19.082 - records_manager - INFO - [realtime 06:43 profiling] rps=0.1 (avg 0.0) tput_in=4284/s tput_out=43/s done=21 ok=21 err=0
                           ttft p50=105752ms p75=244061ms p95=320172ms p99=358219ms
                           itl  p50=59ms   p75=123ms  p95=175ms  p99=178ms
                           e2e  p50=164310ms p75=292514ms p95=371542ms p99=372274ms
                           intvty p50=17     p75=28     p95=38     p99=42 (1/tpot tok/s)
                           isl  p50=85,860    p75=113,042   p90=151,650   p99=187,886 (tokens)
                           osl  p50=470       p75=1,200     p90=2,743     p99=3,146 (tokens)
                           tot  in=1,714,028      out=17,282
                           trace theoretical_prefix_cache_hit=97.4%
                           srv  prefix_cache_hit=0.0% unique_in_srv=2,339,760,021 kv_usage=89.1% queue=6r/24w tput_in_srv=4,436/s tput_out_srv=79/s
2026-06-03 16:17:49.114 - records_manager - INFO - [realtime 07:13 profiling] rps=0.1 (avg 0.1) tput_in=4400/s tput_out=44/s done=24 ok=24 err=0
                           ttft p50=115297ms p75=272329ms p95=368786ms p99=378738ms
                           itl  p50=55ms   p75=103ms  p95=174ms  p99=178ms
                           e2e  p50=210210ms p75=346283ms p95=385548ms p99=389614ms
                           intvty p50=18     p75=28     p95=38     p99=41 (1/tpot tok/s)
                           isl  p50=64,538    p75=108,184   p90=143,454   p99=187,529 (tokens)
                           osl  p50=481       p75=1,044     p90=2,455     p99=3,144 (tokens)
                           tot  in=1,839,553      out=18,448
                           trace theoretical_prefix_cache_hit=97.3%
                           srv  prefix_cache_hit=0.0% unique_in_srv=2,377,254,918 kv_usage=95.4% queue=5r/27w tput_in_srv=4,455/s tput_out_srv=79/s
2026-06-03 16:18:19.146 - records_manager - INFO - [realtime 07:43 profiling] rps=0.0 (avg 0.1) tput_in=4400/s tput_out=44/s done=24 ok=24 err=0
                           ttft p50=115297ms p75=272329ms p95=368786ms p99=378738ms
                           itl  p50=55ms   p75=103ms  p95=174ms  p99=178ms
                           e2e  p50=210210ms p75=346283ms p95=385548ms p99=389614ms
                           intvty p50=18     p75=28     p95=38     p99=41 (1/tpot tok/s)
                           isl  p50=64,538    p75=108,184   p90=143,454   p99=187,529 (tokens)
                           osl  p50=481       p75=1,044     p90=2,455     p99=3,144 (tokens)
                           tot  in=1,839,553      out=18,448
                           trace theoretical_prefix_cache_hit=97.3%
                           srv  prefix_cache_hit=0.0% unique_in_srv=2,445,107,417 kv_usage=96.4% queue=5r/28w tput_in_srv=4,338/s tput_out_srv=81/s
2026-06-03 16:18:49.239 - records_manager - INFO - [realtime 08:13 profiling] rps=0.1 (avg 0.1) tput_in=4194/s tput_out=42/s done=26 ok=26 err=0
                           ttft p50=184367ms p75=317669ms p95=389857ms p99=425263ms
                           itl  p50=51ms   p75=88ms   p95=173ms  p99=178ms
                           e2e  p50=242893ms p75=371494ms p95=422125ms p99=439263ms
                           intvty p50=20     p75=31     p95=38     p99=41 (1/tpot tok/s)
                           isl  p50=73,513    p75=104,592   p90=138,212   p99=187,290 (tokens)
                           osl  p50=481       p75=1,171     p90=2,207     p99=3,143 (tokens)
                           tot  in=2,002,740      out=19,819
                           trace theoretical_prefix_cache_hit=97.3%
                           srv  prefix_cache_hit=0.0% unique_in_srv=2,498,402,348 kv_usage=95.6% queue=5r/28w tput_in_srv=4,362/s tput_out_srv=81/s
2026-06-03 16:19:19.277 - records_manager - INFO - [realtime 08:43 profiling] rps=0.1 (avg 0.1) tput_in=4199/s tput_out=45/s done=28 ok=28 err=0
                           ttft p50=235242ms p75=363255ms p95=422632ms p99=445642ms
                           itl  p50=45ms   p75=84ms   p95=172ms  p99=178ms
                           e2e  p50=250103ms p75=377750ms p95=452870ms p99=489003ms
                           intvty p50=22     p75=31     p95=38     p99=41 (1/tpot tok/s)
                           isl  p50=84,051    p75=104,430   p90=132,971   p99=187,052 (tokens)
                           osl  p50=481       p75=1,172     p90=2,865     p99=3,496 (tokens)
                           tot  in=2,191,766      out=23,694
                           trace theoretical_prefix_cache_hit=97.4%
                           srv  prefix_cache_hit=0.0% unique_in_srv=2,683,816,456 kv_usage=60.0% queue=4r/28w tput_in_srv=4,251/s tput_out_srv=83/s
2026-06-03 16:19:49.321 - records_manager - INFO - [realtime 09:13 profiling] rps=0.0 (avg 0.1) tput_in=4090/s tput_out=54/s done=29 ok=29 err=0
                           ttft p50=239009ms p75=363088ms p95=420440ms p99=445509ms
                           itl  p50=46ms   p75=82ms   p95=172ms  p99=178ms
                           e2e  p50=267564ms p75=383738ms p95=485165ms p99=524391ms
                           intvty p50=22     p75=31     p95=37     p99=41 (1/tpot tok/s)
                           isl  p50=78,782    p75=104,348   p90=130,350   p99=186,933 (tokens)
                           osl  p50=516       p75=1,201     p90=3,123     p99=5,460 (tokens)
                           tot  in=2,241,916      out=29,836
                           trace theoretical_prefix_cache_hit=97.4%
                           srv  prefix_cache_hit=0.0% unique_in_srv=2,705,210,386 kv_usage=86.7% queue=4r/28w tput_in_srv=4,264/s tput_out_srv=82/s
2026-06-03 16:20:19.367 - records_manager - INFO - [realtime 09:43 profiling] rps=0.0 (avg 0.1) tput_in=3912/s tput_out=53/s done=30 ok=30 err=0
                           ttft p50=242776ms p75=363588ms p95=443777ms p99=491742ms
                           itl  p50=45ms   p75=79ms   p95=171ms  p99=178ms
                           e2e  p50=285025ms p75=385826ms p95=518879ms p99=532826ms
                           intvty p50=22     p75=31     p95=37     p99=41 (1/tpot tok/s)
                           isl  p50=73,513    p75=104,267   p90=127,729   p99=186,814 (tokens)
                           osl  p50=550       p75=1,172     p90=3,119     p99=5,435 (tokens)
                           tot  in=2,265,838      out=30,466
                           trace theoretical_prefix_cache_hit=97.3%
                           srv  prefix_cache_hit=0.0% unique_in_srv=2,768,484,078 kv_usage=91.2% queue=4r/27w tput_in_srv=4,242/s tput_out_srv=83/s
2026-06-03 16:20:49.415 - records_manager - INFO - [realtime 10:13 profiling] rps=0.0 (avg 0.0) tput_in=3913/s tput_out=60/s done=31 ok=31 err=0
                           ttft p50=245346ms p75=363421ms p95=443111ms p99=491150ms
                           itl  p50=43ms   p75=77ms   p95=171ms  p99=178ms
                           e2e  p50=300003ms p75=389468ms p95=532491ms p99=570163ms
                           intvty p50=23     p75=30     p95=37     p99=41 (1/tpot tok/s)
                           isl  p50=78,782    p75=104,511   p90=125,108   p99=186,695 (tokens)
                           osl  p50=587       p75=1,259     p90=3,200     p99=6,130 (tokens)
                           tot  in=2,374,983      out=36,567
                           trace theoretical_prefix_cache_hit=97.3%
                           srv  prefix_cache_hit=0.0% unique_in_srv=2,844,944,243 kv_usage=81.7% queue=4r/28w tput_in_srv=4,143/s tput_out_srv=84/s
2026-06-03 16:21:19.465 - records_manager - INFO - [realtime 10:43 profiling] rps=0.0 (avg 0.0) tput_in=3845/s tput_out=59/s done=32 ok=32 err=0
                           ttft p50=247915ms p75=365659ms p95=478714ms p99=548089ms
                           itl  p50=40ms   p75=75ms   p95=170ms  p99=178ms
                           e2e  p50=314981ms p75=410334ms p95=555493ms p99=582913ms
                           intvty p50=25     p75=29     p95=37     p99=41 (1/tpot tok/s)
                           isl  p50=73,513    p75=104,430   p90=122,487   p99=186,576 (tokens)
                           osl  p50=550       p75=1,230     p90=3,154     p99=6,130 (tokens)
                           tot  in=2,423,377      out=36,905
                           trace theoretical_prefix_cache_hit=97.4%
                           srv  prefix_cache_hit=0.0% unique_in_srv=2,950,460,199 kv_usage=85.4% queue=4r/28w tput_in_srv=4,146/s tput_out_srv=85/s
2026-06-03 16:21:49.525 - records_manager - INFO - [realtime 11:13 profiling] rps=0.0 (avg 0.0) tput_in=3888/s tput_out=73/s done=33 ok=33 err=0
                           ttft p50=245346ms p75=364623ms p95=475753ms p99=547521ms
                           itl  p50=43ms   p75=72ms   p95=170ms  p99=178ms
                           e2e  p50=321421ms p75=433038ms p95=581018ms p99=622832ms
                           intvty p50=23     p75=28     p95=37     p99=41 (1/tpot tok/s)
                           isl  p50=78,782    p75=104,348   p90=121,923   p99=186,457 (tokens)
                           osl  p50=587       p75=1,332     p90=3,570     p99=9,198 (tokens)
                           tot  in=2,518,584      out=47,476
                           trace theoretical_prefix_cache_hit=97.5%
                           srv  prefix_cache_hit=0.0% unique_in_srv=2,999,762,739 kv_usage=89.6% queue=4r/28w tput_in_srv=4,145/s tput_out_srv=85/s
2026-06-03 16:22:19.594 - records_manager - INFO - [realtime 11:43 profiling] rps=0.1 (avg 0.1) tput_in=3999/s tput_out=69/s done=37 ok=37 err=0
                           ttft p50=255337ms p75=384120ms p95=589485ms p99=597820ms
                           itl  p50=43ms   p75=72ms   p95=176ms  p99=394ms
                           e2e  p50=368100ms p75=507919ms p95=604003ms p99=628458ms
                           intvty p50=23     p75=28     p95=38     p99=42 (1/tpot tok/s)
                           isl  p50=69,026    p75=104,348   p90=122,776   p99=185,980 (tokens)
                           osl  p50=516       p75=1,201     p90=3,385     p99=9,021 (tokens)
                           tot  in=2,799,970      out=48,564
                           trace theoretical_prefix_cache_hit=97.6%
                           srv  prefix_cache_hit=0.0% unique_in_srv=3,051,674,173 kv_usage=73.3% queue=5r/27w tput_in_srv=4,171/s tput_out_srv=85/s
2026-06-03 16:22:49.669 - records_manager - INFO - [realtime 12:13 profiling] rps=0.0 (avg 0.1) tput_in=3953/s tput_out=70/s done=38 ok=38 err=0
                           ttft p50=259232ms p75=391943ms p95=589045ms p99=597793ms
                           itl  p50=45ms   p75=70ms   p95=176ms  p99=391ms
                           e2e  p50=371494ms p75=531404ms p95=613947ms p99=665499ms
                           intvty p50=22     p75=28     p95=38     p99=42 (1/tpot tok/s)
                           isl  p50=73,513    p75=104,267   p90=122,719   p99=185,861 (tokens)
                           osl  p50=550       p75=1,288     p90=3,339     p99=8,977 (tokens)
                           tot  in=2,880,033      out=50,777
                           trace theoretical_prefix_cache_hit=97.7%
                           srv  prefix_cache_hit=0.0% unique_in_srv=3,065,885,959 kv_usage=85.0% queue=5r/27w tput_in_srv=4,208/s tput_out_srv=84/s
2026-06-03 16:23:19.745 - records_manager - INFO - [realtime 12:43 profiling] rps=0.0 (avg 0.1) tput_in=4086/s tput_out=75/s done=39 ok=39 err=0
                           ttft p50=272329ms p75=424824ms p95=588605ms p99=597766ms
                           itl  p50=45ms   p75=67ms   p95=176ms  p99=388ms
                           e2e  p50=371976ms p75=532886ms p95=645780ms p99=690162ms
                           intvty p50=22     p75=28     p95=38     p99=42 (1/tpot tok/s)
                           isl  p50=76,788    p75=104,511   p90=129,000   p99=185,742 (tokens)
                           osl  p50=587       p75=1,421     p90=3,887     p99=8,932 (tokens)
                           tot  in=3,022,879      out=55,296
                           trace theoretical_prefix_cache_hit=94.6%
                           srv  prefix_cache_hit=0.0% unique_in_srv=3,082,110,917 kv_usage=98.8% queue=6r/26w tput_in_srv=4,187/s tput_out_srv=83/s
2026-06-03 16:23:49.831 - records_manager - INFO - [realtime 13:13 profiling] rps=0.1 (avg 0.1) tput_in=4175/s tput_out=73/s done=43 ok=43 err=0
                           ttft p50=328296ms p75=505653ms p95=595643ms p99=603754ms
                           itl  p50=46ms   p75=86ms   p95=174ms  p99=375ms
                           e2e  p50=384434ms p75=586369ms p95=653292ms p99=689516ms
                           intvty p50=22     p75=28     p95=38     p99=42 (1/tpot tok/s)
                           isl  p50=76,788    p75=104,511   p90=123,008   p99=185,265 (tokens)
                           osl  p50=587       p75=1,259     p90=3,570     p99=8,755 (tokens)
                           tot  in=3,267,176      out=57,418
                           trace theoretical_prefix_cache_hit=94.0%
                           srv  prefix_cache_hit=0.0% unique_in_srv=3,212,621,777 kv_usage=68.8% queue=3r/28w tput_in_srv=4,182/s tput_out_srv=83/s
2026-06-03 16:23:56.137 - AgenticReplayTiming - INFO - Terminating trajectory 1186d32070428ea303de493d61ee3effd467 early at turn 27/38: context-overflow error from server
2026-06-03 16:24:19.921 - records_manager - INFO - [realtime 13:43 profiling] rps=0.1 (avg 0.1) tput_in=4195/s tput_out=72/s done=45 ok=45 err=0
                           ttft p50=338924ms p75=536727ms p95=598488ms p99=604805ms
                           itl  p50=46ms   p75=84ms   p95=174ms  p99=371ms
                           e2e  p50=385826ms p75=589847ms p95=677364ms p99=695597ms
                           intvty p50=22     p75=28     p95=38     p99=41 (1/tpot tok/s)
                           isl  p50=80,063    p75=106,868   p90=138,890   p99=185,146 (tokens)
                           osl  p50=624       p75=1,310     p90=3,524     p99=8,711 (tokens)
                           tot  in=3,417,801      out=58,749
                           trace theoretical_prefix_cache_hit=94.2%
                           srv  prefix_cache_hit=0.0% unique_in_srv=3,222,024,295 kv_usage=75.1% queue=4r/27w tput_in_srv=4,276/s tput_out_srv=82/s
2026-06-03 16:24:50.016 - records_manager - INFO - [realtime 14:14 profiling] rps=0.1 (avg 0.1) tput_in=4257/s tput_out=71/s done=47 ok=47 err=0
                           ttft p50=362922ms p75=529159ms p95=598221ms p99=604689ms
                           itl  p50=45ms   p75=79ms   p95=173ms  p99=365ms
                           e2e  p50=390682ms p75=586763ms p95=674742ms p99=695571ms
                           intvty p50=22     p75=28     p95=38     p99=41 (1/tpot tok/s)
                           isl  p50=80,063    p75=104,592   p90=134,934   p99=184,908 (tokens)
                           osl  p50=550       p75=1,288     p90=3,431     p99=8,622 (tokens)
                           tot  in=3,567,119      out=59,445
                           trace theoretical_prefix_cache_hit=94.4%
                           srv  prefix_cache_hit=0.0% unique_in_srv=3,292,189,276 kv_usage=80.4% queue=3r/29w tput_in_srv=4,234/s tput_out_srv=81/s
2026-06-03 16:25:20.113 - records_manager - INFO - [realtime 14:44 profiling] rps=0.0 (avg 0.1) tput_in=4298/s tput_out=68/s done=48 ok=48 err=0
                           ttft p50=363255ms p75=542858ms p95=598087ms p99=604631ms
                           itl  p50=45ms   p75=77ms   p95=173ms  p99=361ms
                           e2e  p50=410334ms p75=586369ms p95=673432ms p99=695558ms
                           intvty p50=22     p75=30     p95=38     p99=41 (1/tpot tok/s)
                           isl  p50=82,057    p75=108,007   p90=145,771   p99=190,149 (tokens)
                           osl  p50=516       p75=1,259     p90=3,385     p99=8,578 (tokens)
                           tot  in=3,757,268      out=59,609
                           trace theoretical_prefix_cache_hit=94.7%
                           srv  prefix_cache_hit=0.0% unique_in_srv=3,310,854,901 kv_usage=73.7% queue=3r/30w tput_in_srv=4,274/s tput_out_srv=80/s
2026-06-03 16:25:50.272 - records_manager - INFO - [realtime 15:14 profiling] rps=0.0 (avg 0.1) tput_in=4272/s tput_out=73/s done=49 ok=49 err=0
                           ttft p50=363588ms p75=538291ms p95=597953ms p99=604574ms
                           itl  p50=45ms   p75=75ms   p95=172ms  p99=358ms
                           e2e  p50=429986ms p75=589847ms p95=690389ms p99=779100ms
                           intvty p50=22     p75=29     p95=38     p99=41 (1/tpot tok/s)
                           isl  p50=80,063    p75=106,868   p90=145,186   p99=190,149 (tokens)
                           osl  p50=550       p75=1,310     p90=3,977     p99=8,534 (tokens)
                           tot  in=3,833,133      out=65,684
                           trace theoretical_prefix_cache_hit=94.8%
                           srv  prefix_cache_hit=0.0% unique_in_srv=3,369,131,077 kv_usage=83.5% queue=3r/29w tput_in_srv=4,330/s tput_out_srv=80/s
2026-06-03 16:26:20.382 - records_manager - INFO - [realtime 15:44 profiling] rps=0.1 (avg 0.1) tput_in=4282/s tput_out=71/s done=51 ok=51 err=0
                           ttft p50=367730ms p75=529159ms p95=597686ms p99=604458ms
                           itl  p50=44ms   p75=70ms   p95=171ms  p99=351ms
                           e2e  p50=442192ms p75=586763ms p95=688903ms p99=776027ms
                           intvty p50=23     p75=31     p95=38     p99=41 (1/tpot tok/s)
                           isl  p50=84,051    p75=104,592   p90=144,016   p99=190,149 (tokens)
                           osl  p50=481       p75=1,288     p90=3,797     p99=8,445 (tokens)
                           tot  in=4,026,357      out=66,360
                           trace theoretical_prefix_cache_hit=94.9%
                           srv  prefix_cache_hit=0.0% unique_in_srv=3,392,986,597 kv_usage=88.4% queue=5r/26w tput_in_srv=4,369/s tput_out_srv=79/s
2026-06-03 16:26:50.498 - records_manager - INFO - [realtime 16:14 profiling] rps=0.1 (avg 0.1) tput_in=4250/s tput_out=69/s done=53 ok=53 err=0
                           ttft p50=368903ms p75=528402ms p95=597419ms p99=604343ms
                           itl  p50=44ms   p75=70ms   p95=170ms  p99=345ms
                           e2e  p50=457447ms p75=585975ms p95=687417ms p99=772955ms
                           intvty p50=23     p75=29     p95=38     p99=41 (1/tpot tok/s)
                           isl  p50=80,063    p75=104,592   p90=142,846   p99=190,149 (tokens)
                           osl  p50=481       p75=1,230     p90=3,616     p99=8,356 (tokens)
                           tot  in=4,136,308      out=67,330
                           trace theoretical_prefix_cache_hit=95.0%
                           srv  prefix_cache_hit=0.0% unique_in_srv=3,417,885,929 kv_usage=89.1% queue=5r/27w tput_in_srv=4,360/s tput_out_srv=79/s
2026-06-03 16:27:20.628 - records_manager - INFO - [realtime 16:44 profiling] rps=0.1 (avg 0.1) tput_in=4296/s tput_out=70/s done=55 ok=55 err=0
                           ttft p50=381512ms p75=529159ms p95=597152ms p99=604228ms
                           itl  p50=45ms   p75=70ms   p95=169ms  p99=338ms
                           e2e  p50=500090ms p75=592931ms p95=685930ms p99=769882ms
                           intvty p50=22     p75=28     p95=38     p99=41 (1/tpot tok/s)
                           isl  p50=80,063    p75=104,592   p90=138,890   p99=190,149 (tokens)
                           osl  p50=512       p75=1,331     p90=3,524     p99=8,268 (tokens)
                           tot  in=4,310,736      out=70,478
                           trace theoretical_prefix_cache_hit=95.1%
                           srv  prefix_cache_hit=0.0% unique_in_srv=3,462,277,860 kv_usage=74.6% queue=5r/26w tput_in_srv=4,350/s tput_out_srv=80/s
2026-06-03 16:27:50.759 - records_manager - INFO - [realtime 17:14 profiling] rps=0.1 (avg 0.1) tput_in=4289/s tput_out=70/s done=57 ok=57 err=0
                           ttft p50=391943ms p75=536311ms p95=596884ms p99=604112ms
                           itl  p50=46ms   p75=70ms   p95=168ms  p99=331ms
                           e2e  p50=525321ms p75=591851ms p95=684444ms p99=766809ms
                           intvty p50=22     p75=28     p95=38     p99=41 (1/tpot tok/s)
                           isl  p50=75,865    p75=104,592   p90=134,934   p99=190,149 (tokens)
                           osl  p50=550       p75=1,310     p90=3,431     p99=8,179 (tokens)
                           tot  in=4,400,930      out=71,770
                           trace theoretical_prefix_cache_hit=94.4%
                           srv  prefix_cache_hit=0.0% unique_in_srv=3,506,310,329 kv_usage=90.9% queue=4r/26w tput_in_srv=4,376/s tput_out_srv=79/s
2026-06-03 16:28:20.895 - records_manager - INFO - [realtime 17:44 profiling] rps=0.1 (avg 0.1) tput_in=4323/s tput_out=70/s done=59 ok=59 err=0
                           ttft p50=435785ms p75=529159ms p95=596617ms p99=603997ms
                           itl  p50=46ms   p75=70ms   p95=167ms  p99=325ms
                           e2e  p50=531404ms p75=590772ms p95=682958ms p99=763737ms
                           intvty p50=22     p75=28     p95=38     p99=41 (1/tpot tok/s)
                           isl  p50=75,865    p75=104,592   p90=130,978   p99=190,149 (tokens)
                           osl  p50=624       p75=1,288     p90=3,339     p99=8,091 (tokens)
                           tot  in=4,560,695      out=73,585
                           trace theoretical_prefix_cache_hit=94.6%
                           srv  prefix_cache_hit=0.0% unique_in_srv=3,541,546,444 kv_usage=94.9% queue=5r/27w tput_in_srv=4,403/s tput_out_srv=79/s
2026-06-03 16:28:51.043 - records_manager - INFO - [realtime 18:15 profiling] rps=0.1 (avg 0.1) tput_in=4382/s tput_out=71/s done=61 ok=61 err=0
                           ttft p50=449105ms p75=536311ms p95=596350ms p99=603881ms
                           itl  p50=46ms   p75=69ms   p95=166ms  p99=318ms
                           e2e  p50=531404ms p75=591851ms p95=694977ms p99=854752ms
                           intvty p50=22     p75=27     p95=38     p99=41 (1/tpot tok/s)
                           isl  p50=75,865    p75=104,592   p90=144,016   p99=190,149 (tokens)
                           osl  p50=624       p75=1,310     p90=3,761     p99=8,002 (tokens)
                           tot  in=4,793,132      out=78,125
                           trace theoretical_prefix_cache_hit=94.8%
                           srv  prefix_cache_hit=0.0% unique_in_srv=3,603,598,518 kv_usage=58.1% queue=5r/27w tput_in_srv=4,356/s tput_out_srv=79/s
2026-06-03 16:29:21.202 - records_manager - INFO - [realtime 18:45 profiling] rps=0.1 (avg 0.1) tput_in=4343/s tput_out=71/s done=63 ok=63 err=0
                           ttft p50=449105ms p75=529159ms p95=596083ms p99=603766ms
                           itl  p50=47ms   p75=70ms   p95=165ms  p99=312ms
                           e2e  p50=525321ms p75=590772ms p95=694848ms p99=854514ms
                           intvty p50=21     p75=27     p95=38     p99=41 (1/tpot tok/s)
                           isl  p50=74,036    p75=104,592   p90=142,846   p99=190,149 (tokens)
                           osl  p50=629       p75=1,288     p90=3,616     p99=7,914 (tokens)
                           tot  in=4,865,709      out=79,557
                           trace theoretical_prefix_cache_hit=94.8%
                           srv  prefix_cache_hit=0.0% unique_in_srv=3,641,147,936 kv_usage=84.9% queue=4r/27w tput_in_srv=4,399/s tput_out_srv=79/s
2026-06-03 16:29:51.370 - records_manager - INFO - [realtime 19:15 profiling] rps=0.1 (avg 0.1) tput_in=4452/s tput_out=71/s done=66 ok=66 err=0
                           ttft p50=450120ms p75=529462ms p95=594763ms p99=603593ms
                           itl  p50=50ms   p75=70ms   p95=174ms  p99=445ms
                           e2e  p50=519774ms p75=591311ms p95=692619ms p99=854159ms
                           intvty p50=20     p75=27     p95=38     p99=41 (1/tpot tok/s)
                           isl  p50=74,950    p75=104,592   p90=136,912   p99=190,149 (tokens)
                           osl  p50=626       p75=1,299     p90=3,477     p99=7,781 (tokens)
                           tot  in=5,129,795      out=82,020
                           trace theoretical_prefix_cache_hit=95.1%
                           srv  prefix_cache_hit=0.0% unique_in_srv=3,658,334,061 kv_usage=86.9% queue=5r/25w tput_in_srv=4,455/s tput_out_srv=78/s
2026-06-03 16:30:21.593 - records_manager - INFO - [realtime 19:45 profiling] rps=0.1 (avg 0.1) tput_in=4609/s tput_out=71/s done=70 ok=70 err=0
                           ttft p50=444177ms p75=528024ms p95=593004ms p99=603362ms
                           itl  p50=50ms   p75=70ms   p95=172ms  p99=441ms
                           e2e  p50=493477ms p75=587765ms p95=689646ms p99=853684ms
                           intvty p50=20     p75=27     p95=37     p99=41 (1/tpot tok/s)
                           isl  p50=74,950    p75=104,348   p90=129,000   p99=190,149 (tokens)
                           osl  p50=587       p75=1,201     p90=3,293     p99=7,604 (tokens)
                           tot  in=5,406,675      out=83,361
                           trace theoretical_prefix_cache_hit=95.2%
                           srv  prefix_cache_hit=0.0% unique_in_srv=3,685,295,913 kv_usage=71.7% queue=4r/28w tput_in_srv=4,512/s tput_out_srv=78/s
2026-06-03 16:30:51.779 - records_manager - INFO - [realtime 20:15 profiling] rps=0.0 (avg 0.1) tput_in=4583/s tput_out=71/s done=71 ok=71 err=0
                           ttft p50=449105ms p75=527646ms p95=592564ms p99=603305ms
                           itl  p50=50ms   p75=70ms   p95=171ms  p99=440ms
                           e2e  p50=500090ms p75=590772ms p95=688903ms p99=853566ms
                           intvty p50=20     p75=27     p95=37     p99=41 (1/tpot tok/s)
                           isl  p50=75,865    p75=104,592   p90=127,022   p99=190,149 (tokens)
                           osl  p50=624       p75=1,288     p90=3,246     p99=7,559 (tokens)
                           tot  in=5,511,394      out=85,706
                           trace theoretical_prefix_cache_hit=95.3%
                           srv  prefix_cache_hit=0.0% unique_in_srv=3,765,352,285 kv_usage=78.7% queue=4r/28w tput_in_srv=4,459/s tput_out_srv=78/s
2026-06-03 16:31:21.968 - records_manager - INFO - [realtime 20:46 profiling] rps=0.1 (avg 0.1) tput_in=4610/s tput_out=70/s done=73 ok=73 err=0
                           ttft p50=439248ms p75=526656ms p95=591684ms p99=603189ms
                           itl  p50=50ms   p75=69ms   p95=170ms  p99=438ms
                           e2e  p50=486864ms p75=588767ms p95=687417ms p99=853328ms
                           intvty p50=20     p75=27     p95=38     p99=42 (1/tpot tok/s)
                           isl  p50=75,865    p75=104,592   p90=123,066   p99=190,149 (tokens)
                           osl  p50=550       p75=1,230     p90=3,154     p99=7,471 (tokens)
                           tot  in=5,632,526      out=85,928
                           trace theoretical_prefix_cache_hit=95.3%
                           srv  prefix_cache_hit=0.0% unique_in_srv=3,803,865,377 kv_usage=88.4% queue=4r/29w tput_in_srv=4,530/s tput_out_srv=77/s
2026-06-03 16:31:52.178 - records_manager - INFO - [realtime 21:16 profiling] rps=0.1 (avg 0.1) tput_in=4725/s tput_out=71/s done=77 ok=77 err=0
                           ttft p50=435785ms p75=525502ms p95=589924ms p99=602958ms
                           itl  p50=50ms   p75=69ms   p95=168ms  p99=433ms
                           e2e  p50=486497ms p75=585975ms p95=684444ms p99=852854ms
                           intvty p50=20     p75=27     p95=39     p99=44 (1/tpot tok/s)
                           isl  p50=75,865    p75=104,656   p90=123,066   p99=190,149 (tokens)
                           osl  p50=624       p75=1,240     p90=3,136     p99=7,294 (tokens)
                           tot  in=5,968,106      out=89,768
                           trace theoretical_prefix_cache_hit=95.1%
                           srv  prefix_cache_hit=0.0% unique_in_srv=3,822,906,206 kv_usage=72.2% queue=4r/26w tput_in_srv=4,539/s tput_out_srv=76/s
2026-06-03 16:32:22.390 - records_manager - INFO - [realtime 21:46 profiling] rps=0.0 (avg 0.1) tput_in=4669/s tput_out=69/s done=78 ok=78 err=0
                           ttft p50=434118ms p75=525420ms p95=589485ms p99=602901ms
                           itl  p50=51ms   p75=70ms   p95=176ms  p99=432ms
                           e2e  p50=484705ms p75=585581ms p95=683701ms p99=852735ms
                           intvty p50=20     p75=27     p95=39     p99=44 (1/tpot tok/s)
                           isl  p50=77,964    p75=104,624   p90=123,066   p99=190,149 (tokens)
                           osl  p50=587       p75=1,217     p90=3,132     p99=7,249 (tokens)
                           tot  in=6,052,550      out=89,905
                           trace theoretical_prefix_cache_hit=95.2%
                           srv  prefix_cache_hit=0.0% unique_in_srv=3,828,426,301 kv_usage=91.0% queue=4r/29w tput_in_srv=4,567/s tput_out_srv=75/s
2026-06-03 16:32:52.607 - records_manager - INFO - [realtime 22:16 profiling] rps=0.1 (avg 0.1) tput_in=4618/s tput_out=69/s done=80 ok=80 err=0
                           ttft p50=432396ms p75=524084ms p95=588605ms p99=602785ms
                           itl  p50=51ms   p75=70ms   p95=176ms  p99=430ms
                           e2e  p50=482150ms p75=583292ms p95=682215ms p99=852498ms
                           intvty p50=20     p75=27     p95=38     p99=44 (1/tpot tok/s)
                           isl  p50=77,964    p75=104,687   p90=123,066   p99=190,149 (tokens)
                           osl  p50=626       p75=1,188     p90=3,123     p99=7,161 (tokens)
                           tot  in=6,169,164      out=91,680
                           trace theoretical_prefix_cache_hit=95.0%
                           srv  prefix_cache_hit=0.0% unique_in_srv=3,915,904,927 kv_usage=71.8% queue=2r/29w tput_in_srv=4,554/s tput_out_srv=76/s
2026-06-03 16:33:22.878 - records_manager - INFO - [realtime 22:46 profiling] rps=0.0 (avg 0.1) tput_in=4653/s tput_out=68/s done=81 ok=81 err=0
                           ttft p50=432340ms p75=522830ms p95=588165ms p99=602728ms
                           itl  p50=50ms   p75=70ms   p95=175ms  p99=429ms
                           e2e  p50=481387ms p75=581397ms p95=681472ms p99=852379ms
                           intvty p50=20     p75=28     p95=39     p99=44 (1/tpot tok/s)
                           isl  p50=80,063    p75=104,656   p90=123,066   p99=190,149 (tokens)
                           osl  p50=624       p75=1,182     p90=3,119     p99=7,116 (tokens)
                           tot  in=6,258,702      out=91,694
                           trace theoretical_prefix_cache_hit=95.1%
                           srv  prefix_cache_hit=0.0% unique_in_srv=3,951,177,028 kv_usage=88.2% queue=3r/28w tput_in_srv=4,569/s tput_out_srv=76/s
2026-06-03 16:33:53.110 - records_manager - INFO - [realtime 23:17 profiling] rps=0.0 (avg 0.1) tput_in=4674/s tput_out=68/s done=82 ok=82 err=0
                           ttft p50=432204ms p75=521576ms p95=587725ms p99=602670ms
                           itl  p50=51ms   p75=70ms   p95=175ms  p99=428ms
                           e2e  p50=482150ms p75=579502ms p95=680729ms p99=852261ms
                           intvty p50=20     p75=28     p95=39     p99=44 (1/tpot tok/s)
                           isl  p50=80,354    p75=105,826   p90=125,044   p99=190,149 (tokens)
                           osl  p50=626       p75=1,217     p90=3,114     p99=7,072 (tokens)
                           tot  in=6,410,609      out=93,785
                           trace theoretical_prefix_cache_hit=95.2%
                           srv  prefix_cache_hit=0.0% unique_in_srv=3,967,480,103 kv_usage=79.6% queue=4r/27w tput_in_srv=4,603/s tput_out_srv=75/s
2026-06-03 16:34:23.349 - records_manager - INFO - [realtime 23:47 profiling] rps=0.0 (avg 0.1) tput_in=4660/s tput_out=68/s done=83 ok=83 err=0
                           ttft p50=432069ms p75=520322ms p95=587285ms p99=602612ms
                           itl  p50=50ms   p75=70ms   p95=175ms  p99=427ms
                           e2e  p50=482912ms p75=577607ms p95=679985ms p99=852142ms
                           intvty p50=20     p75=28     p95=39     p99=44 (1/tpot tok/s)
                           isl  p50=80,645    p75=109,145   p90=142,846   p99=190,266 (tokens)
                           osl  p50=629       p75=1,288     p90=3,110     p99=7,028 (tokens)
                           tot  in=6,601,344      out=96,481
                           trace theoretical_prefix_cache_hit=95.3%
                           srv  prefix_cache_hit=0.0% unique_in_srv=3,967,634,177 kv_usage=83.6% queue=6r/26w tput_in_srv=4,555/s tput_out_srv=76/s
2026-06-03 16:34:53.605 - records_manager - INFO - [realtime 24:17 profiling] rps=0.1 (avg 0.1) tput_in=4764/s tput_out=68/s done=87 ok=87 err=0
                           ttft p50=420304ms p75=518862ms p95=585749ms p99=602382ms
                           itl  p50=51ms   p75=70ms   p95=178ms  p99=423ms
                           e2e  p50=480482ms p75=575100ms p95=676483ms p99=851668ms
                           intvty p50=20     p75=28     p95=39     p99=43 (1/tpot tok/s)
                           isl  p50=80,645    p75=109,145   p90=134,934   p99=190,243 (tokens)
                           osl  p50=629       p75=1,193     p90=2,947     p99=6,851 (tokens)
                           tot  in=6,925,698      out=99,047
                           trace theoretical_prefix_cache_hit=94.5%
                           srv  prefix_cache_hit=0.0% unique_in_srv=3,980,310,856 kv_usage=74.2% queue=6r/23w tput_in_srv=4,633/s tput_out_srv=75/s
2026-06-03 16:35:23.911 - records_manager - INFO - [realtime 24:47 profiling] rps=0.1 (avg 0.1) tput_in=4759/s tput_out=67/s done=89 ok=89 err=0
                           ttft p50=417998ms p75=518575ms p95=584981ms p99=602266ms
                           itl  p50=52ms   p75=70ms   p95=210ms  p99=421ms
                           e2e  p50=469635ms p75=570478ms p95=674731ms p99=851431ms
                           intvty p50=19     p75=27     p95=39     p99=43 (1/tpot tok/s)
                           isl  p50=80,063    p75=106,932   p90=130,978   p99=190,231 (tokens)
                           osl  p50=624       p75=1,182     p90=2,865     p99=6,762 (tokens)
                           tot  in=7,062,773      out=99,374
                           trace theoretical_prefix_cache_hit=94.6%
                           srv  prefix_cache_hit=0.0% unique_in_srv=4,005,692,862 kv_usage=81.5% queue=6r/24w tput_in_srv=4,670/s tput_out_srv=75/s
2026-06-03 16:35:54.230 - records_manager - INFO - [realtime 25:18 profiling] rps=0.0 (avg 0.1) tput_in=4727/s tput_out=67/s done=90 ok=90 err=0
                           ttft p50=417519ms p75=518431ms p95=584597ms p99=602208ms
                           itl  p50=52ms   p75=70ms   p95=208ms  p99=420ms
                           e2e  p50=468601ms p75=568167ms p95=673855ms p99=851312ms
                           intvty p50=19     p75=27     p95=39     p99=43 (1/tpot tok/s)
                           isl  p50=77,964    p75=105,826   p90=129,000   p99=190,225 (tokens)
                           osl  p50=626       p75=1,177     p90=2,824     p99=6,718 (tokens)
                           tot  in=7,114,539      out=100,132
                           trace theoretical_prefix_cache_hit=94.6%
                           srv  prefix_cache_hit=0.0% unique_in_srv=4,060,104,582 kv_usage=94.2% queue=6r/26w tput_in_srv=4,656/s tput_out_srv=75/s
2026-06-03 16:36:24.582 - records_manager - INFO - [realtime 25:48 profiling] rps=0.1 (avg 0.1) tput_in=4806/s tput_out=69/s done=93 ok=93 err=0
                           ttft p50=416654ms p75=516986ms p95=583445ms p99=602035ms
                           itl  p50=52ms   p75=70ms   p95=201ms  p99=417ms
                           e2e  p50=467566ms p75=569775ms p95=671228ms p99=850956ms
                           intvty p50=19     p75=27     p95=39     p99=43 (1/tpot tok/s)
                           isl  p50=77,213    p75=106,932   p90=142,846   p99=190,208 (tokens)
                           osl  p50=630       p75=1,182     p90=2,946     p99=6,585 (tokens)
                           tot  in=7,362,368      out=105,182
                           trace theoretical_prefix_cache_hit=93.9%
                           srv  prefix_cache_hit=0.0% unique_in_srv=4,134,119,782 kv_usage=67.6% queue=4r/26w tput_in_srv=4,592/s tput_out_srv=75/s
2026-06-03 16:36:54.874 - records_manager - INFO - [realtime 26:18 profiling] rps=0.1 (avg 0.1) tput_in=4736/s tput_out=68/s done=95 ok=95 err=0
                           ttft p50=412514ms p75=515683ms p95=582677ms p99=601920ms
                           itl  p50=52ms   p75=70ms   p95=197ms  p99=415ms
                           e2e  p50=467566ms p75=565856ms p95=669477ms p99=850719ms
                           intvty p50=19     p75=27     p95=39     p99=43 (1/tpot tok/s)
                           isl  p50=75,865    p75=104,719   p90=138,890   p99=190,196 (tokens)
                           osl  p50=630       p75=1,193     p90=2,897     p99=6,496 (tokens)
                           tot  in=7,466,275      out=106,712
                           trace theoretical_prefix_cache_hit=93.9%
                           srv  prefix_cache_hit=0.0% unique_in_srv=4,143,608,409 kv_usage=87.2% queue=5r/25w tput_in_srv=4,662/s tput_out_srv=74/s
2026-06-03 16:37:25.178 - records_manager - INFO - [realtime 26:49 profiling] rps=0.1 (avg 0.1) tput_in=4781/s tput_out=68/s done=98 ok=98 err=0
                           ttft p50=410730ms p75=515533ms p95=581525ms p99=601747ms
                           itl  p50=52ms   p75=71ms   p95=190ms  p99=411ms
                           e2e  p50=460671ms p75=561755ms p95=666850ms p99=850363ms
                           intvty p50=19     p75=27     p95=38     p99=43 (1/tpot tok/s)
                           isl  p50=75,144    p75=104,624   p90=132,956   p99=190,178 (tokens)
                           osl  p50=630       p75=1,217     p90=2,824     p99=6,363 (tokens)
                           tot  in=7,663,824      out=108,470
                           trace theoretical_prefix_cache_hit=94.0%
                           srv  prefix_cache_hit=0.0% unique_in_srv=4,173,765,759 kv_usage=89.1% queue=4r/29w tput_in_srv=4,702/s tput_out_srv=74/s
2026-06-03 16:37:55.504 - records_manager - INFO - [realtime 27:19 profiling] rps=0.1 (avg 0.1) tput_in=4841/s tput_out=68/s done=101 ok=101 err=0
                           ttft p50=408947ms p75=514071ms p95=580373ms p99=601574ms
                           itl  p50=53ms   p75=72ms   p95=184ms  p99=408ms
                           e2e  p50=460091ms p75=557781ms p95=664223ms p99=850007ms
                           intvty p50=19     p75=27     p95=38     p99=43 (1/tpot tok/s)
                           isl  p50=75,865    p75=104,656   p90=127,022   p99=190,161 (tokens)
                           osl  p50=629       p75=1,240     p90=2,751     p99=6,231 (tokens)
                           tot  in=7,904,978      out=110,672
                           trace theoretical_prefix_cache_hit=94.2%
                           srv  prefix_cache_hit=0.0% unique_in_srv=4,221,271,176 kv_usage=77.3% queue=4r/27w tput_in_srv=4,691/s tput_out_srv=74/s
2026-06-03 16:38:25.886 - records_manager - INFO - [realtime 27:49 profiling] rps=0.1 (avg 0.1) tput_in=4850/s tput_out=68/s done=103 ok=103 err=0
                           ttft p50=408947ms p75=512659ms p95=579605ms p99=601458ms
                           itl  p50=53ms   p75=71ms   p95=179ms  p99=406ms
                           e2e  p50=457447ms p75=555174ms p95=662471ms p99=849770ms
                           intvty p50=19     p75=27     p95=38     p99=43 (1/tpot tok/s)
                           isl  p50=75,865    p75=104,592   p90=123,066   p99=190,149 (tokens)
                           osl  p50=630       p75=1,193     p90=2,702     p99=6,142 (tokens)
                           tot  in=8,024,080      out=112,055
                           trace theoretical_prefix_cache_hit=94.0%
                           srv  prefix_cache_hit=0.0% unique_in_srv=4,264,573,680 kv_usage=89.9% queue=4r/28w tput_in_srv=4,727/s tput_out_srv=74/s
2026-06-03 16:38:56.290 - records_manager - INFO - [realtime 28:20 profiling] rps=0.0 (avg 0.1) tput_in=4820/s tput_out=67/s done=104 ok=104 err=0
                           ttft p50=408850ms p75=511575ms p95=579598ms p99=601431ms
                           itl  p50=52ms   p75=71ms   p95=179ms  p99=405ms
                           e2e  p50=456756ms p75=554335ms p95=662421ms p99=848234ms
                           intvty p50=19     p75=27     p95=38     p99=43 (1/tpot tok/s)
                           isl  p50=75,144    p75=104,592   p90=123,066   p99=190,149 (tokens)
                           osl  p50=630       p75=1,188     p90=2,701     p99=6,142 (tokens)
                           tot  in=8,090,380      out=112,218
                           trace theoretical_prefix_cache_hit=94.0%
                           srv  prefix_cache_hit=0.0% unique_in_srv=4,346,304,148 kv_usage=94.9% queue=4r/29w tput_in_srv=4,712/s tput_out_srv=74/s
2026-06-03 16:39:26.644 - records_manager - INFO - [realtime 28:50 profiling] rps=0.1 (avg 0.1) tput_in=4837/s tput_out=66/s done=106 ok=106 err=0
                           ttft p50=410730ms p75=509407ms p95=579586ms p99=601377ms
                           itl  p50=52ms   p75=70ms   p95=178ms  p99=403ms
                           e2e  p50=456756ms p75=552659ms p95=662320ms p99=845161ms
                           intvty p50=19     p75=27     p95=38     p99=43 (1/tpot tok/s)
                           isl  p50=76,539    p75=105,826   p90=123,066   p99=190,149 (tokens)
                           osl  p50=630       p75=1,177     p90=2,700     p99=6,141 (tokens)
                           tot  in=8,321,940      out=113,344
                           trace theoretical_prefix_cache_hit=94.0%
                           srv  prefix_cache_hit=0.0% unique_in_srv=4,379,934,454 kv_usage=88.9% queue=4r/29w tput_in_srv=4,699/s tput_out_srv=74/s
2026-06-03 16:39:57.075 - records_manager - INFO - [realtime 29:21 profiling] rps=0.1 (avg 0.1) tput_in=4870/s tput_out=65/s done=109 ok=109 err=0
                           ttft p50=412514ms p75=507951ms p95=579568ms p99=601296ms
                           itl  p50=51ms   p75=70ms   p95=178ms  p99=400ms
                           e2e  p50=460091ms p75=551223ms p95=662169ms p99=840552ms
                           intvty p50=20     p75=28     p95=38     p99=43 (1/tpot tok/s)
                           isl  p50=77,213    p75=106,932   p90=123,066   p99=190,149 (tokens)
                           osl  p50=629       p75=1,182     p90=2,698     p99=6,140 (tokens)
                           tot  in=8,570,786      out=115,247
                           trace theoretical_prefix_cache_hit=94.1%
                           srv  prefix_cache_hit=0.0% unique_in_srv=4,432,781,798 kv_usage=63.4% queue=3r/27w tput_in_srv=4,726/s tput_out_srv=74/s
2026-06-03 16:40:27.478 - records_manager - INFO - [realtime 29:51 profiling] rps=0.0 (avg 0.1) tput_in=4868/s tput_out=66/s done=110 ok=110 err=0
                           ttft p50=414584ms p75=507766ms p95=579561ms p99=601269ms
                           itl  p50=51ms   p75=70ms   p95=178ms  p99=399ms
                           e2e  p50=460671ms p75=552659ms p95=662119ms p99=839016ms
                           intvty p50=19     p75=28     p95=38     p99=43 (1/tpot tok/s)
                           isl  p50=78,638    p75=106,981   p90=123,066   p99=190,149 (tokens)
                           osl  p50=630       p75=1,217     p90=2,698     p99=6,139 (tokens)
                           tot  in=8,677,046      out=117,763
                           trace theoretical_prefix_cache_hit=94.2%
                           srv  prefix_cache_hit=0.0% unique_in_srv=4,488,880,907 kv_usage=79.8% queue=3r/28w tput_in_srv=4,713/s tput_out_srv=73/s
2026-06-03 16:40:35.941 - PhaseRunner - INFO - Timeout of 1799.999729946s elapsed for event 'profiling phase sending'
2026-06-03 16:40:35.941 - PhaseRunner - NOTICE - Phase profiling sending complete | sent=142, completed=110, in_flight=32 | sessions: sent=2, completed=0 | timeout_triggered=True
2026-06-03 16:40:35.941 - PhaseRunner - INFO - Waiting for event 'profiling phase credits returned' with timeout of 29.99865458699992s
2026-06-03 16:40:35.941 - records_manager - INFO - Sent 142 requests. Waiting for all to complete...
2026-06-03 16:40:57.882 - records_manager - INFO - [realtime 30:21 profiling] rps=0.0 (avg 0.1) tput_in=4868/s tput_out=66/s done=110 ok=110 err=0
                           ttft p50=414584ms p75=507766ms p95=579561ms p99=601269ms
                           itl  p50=51ms   p75=70ms   p95=178ms  p99=399ms
                           e2e  p50=460671ms p75=552659ms p95=662119ms p99=839016ms
                           intvty p50=19     p75=28     p95=38     p99=43 (1/tpot tok/s)
                           isl  p50=78,638    p75=106,981   p90=123,066   p99=190,149 (tokens)
                           osl  p50=630       p75=1,217     p90=2,698     p99=6,139 (tokens)
                           tot  in=8,677,046      out=117,763
                           trace theoretical_prefix_cache_hit=94.2%
                           srv  prefix_cache_hit=0.0% unique_in_srv=4,543,336,067 kv_usage=95.3% queue=3r/29w tput_in_srv=4,717/s tput_out_srv=73/s
2026-06-03 16:41:05.940 - PhaseRunner - INFO - Timeout of 29.99865458699992s elapsed for event 'profiling phase credits returned'
2026-06-03 16:41:05.940 - PhaseRunner - WARNING - Phase profiling timed out, cancelling all credits. Stats: sent=142, completed=110, cancelled=0, in_flight=32
2026-06-03 16:41:05.940 - StickyCreditRouter_6e94adf8 - INFO - Sent cancellation requests for 32 in-flight credits across 30 workers
2026-06-03 16:41:05.940 - PhaseRunner - INFO - Waiting for all cancelled credits to be returned for phase profiling. Need 32 more credits.
2026-06-03 16:41:05.942 - PhaseRunner - INFO - All cancelled credits returned for phase profiling
2026-06-03 16:41:05.942 - PhaseRunner - NOTICE - Phase profiling complete | completed=110, cancelled=32, errors=0 | sessions: completed=0, cancelled=1 | elapsed=1830.00s | grace_period_timeout=True
2026-06-03 16:41:05.942 - aiperf.timing.branch_orchestrator - INFO - BranchOrchestrator stats: spawned=2 completed=0 errored=0 suspended=1 resumed=0 parents_failed_due_to_child_error=0 joins_suppressed=1
2026-06-03 16:41:05.942 - PhaseOrchestrator_613539f9 - NOTICE - All credits completed
2026-06-03 16:41:05.943 - records_manager - INFO - Received CREDIT_PHASE_COMPLETE message, Phase complete: PhaseRecordsStats(phase=CreditPhase.PROFILING, start_ns=1780503035940045033, sent_end_ns=1780504835941162251, requests_end_ns=1780504865942599681, total_expected_requests=None, expected_duration_sec=None, expected_num_sessions=None, expected_grace_period_sec=None, final_requests_sent=None, final_requests_completed=110, final_requests_cancelled=32, final_request_errors=0, final_sent_sessions=None, final_completed_sessions=None, final_cancelled_sessions=None, timeout_triggered=True, grace_period_timeout_triggered=True, was_cancelled=False, records_end_ns=None, success_records=110, error_records=0)
2026-06-03 16:41:05.943 - system_controller - INFO - Received credits complete from 'timing_manager'
2026-06-03 16:41:05.943 - records_manager - NOTICE - All requests have completed, please wait for the results to be processed (currently 110 of 110 records processed)...
2026-06-03 16:41:05.943 - records_manager - INFO - Processed 110 valid requests and 0 errors (110 total).
2026-06-03 16:41:05.943 - records_manager - INFO - Received all records, processing now...
2026-06-03 16:41:05.943 - records_manager - INFO - All credits complete, please wait for the results to be processed...
2026-06-03 16:41:05.944 - server_metrics_manager - INFO - Server Metrics: Profiling complete, capturing final metrics...
2026-06-03 16:41:05.946 - records_manager - INFO - Waiting 2.0s for server metrics flush period...
2026-06-03 16:41:07.943 - records_manager - INFO - Processing records results...
2026-06-03 16:41:10.381 - RecordExportJSONLWriter_79cc2edd - WARNING - Timeout waiting for 0 pending flush tasks during shutdown. Cancelling tasks and proceeding with cleanup.
2026-06-03 16:41:10.444 - system_controller - INFO - Waiting for server metrics results...
2026-06-03 16:41:10.444 - system_controller - INFO - Waiting for server metrics results...
2026-06-03 16:41:11.448 - records_manager - INFO - _finalize_and_process_results completed
2026-06-03 16:41:11.753 - system_controller - INFO - All results received, initiating shutdown
2026-06-03 16:41:12.591 - ExporterManager - INFO - Exporting all records
2026-06-03 16:41:12.703 - aiperf.common.scenario.validator - INFO - Scenario 'inferencex-agentx-mvp': setting timing_mode=agentic_replay (was at default request_rate).
2026-06-03 16:41:13.467 - aiperf.common.scenario.validator - INFO - Scenario 'inferencex-agentx-mvp': setting timing_mode=agentic_replay (was at default request_rate).
2026-06-03 16:41:13.507 - ExporterManager - INFO - Exporting console data
