2026-06-02 23:38:37.135 - aiperf.cli_runner - INFO - Starting AIPerf System
2026-06-02 23:38:37.356 - system_controller - INFO - Registered Worker Manager (id: 'worker_manager')
2026-06-02 23:38:37.388 - system_controller - INFO - Registered Dataset Manager (id: 'dataset_manager')
2026-06-02 23:38:37.395 - server_metrics_manager - INFO - Server Metrics: Discovered 1 endpoints: ['http://localhost:8888/metrics']
2026-06-02 23:38:37.455 - system_controller - INFO - Registered Gpu Telemetry Manager (id: 'gpu_telemetry_manager')
2026-06-02 23:38:37.456 - system_controller - INFO - Registered Server Metrics Manager (id: 'server_metrics_manager')
2026-06-02 23:38:37.531 - system_controller - INFO - Registered Timing Manager (id: 'timing_manager')
2026-06-02 23:38:37.532 - system_controller - INFO - Registered Worker (id: 'worker_5f23497c')
2026-06-02 23:38:37.534 - system_controller - INFO - Registered Record Processor (id: 'record_processor_9cf5c6bc')
2026-06-02 23:38:37.557 - system_controller - INFO - Registered Worker (id: 'worker_ac072b18')
2026-06-02 23:38:37.593 - GPUTelemetryJSONLWriter_d5535c43 - INFO - GPU telemetry export enabled: /workspace/results/aiperf_artifacts/gpu_telemetry_export.jsonl
2026-06-02 23:38:37.596 - RecordExportJSONLWriter_54ba9c06 - INFO - Record metrics export enabled: /workspace/results/aiperf_artifacts/profile_export.jsonl
2026-06-02 23:38:37.686 - system_controller - INFO - Registered Records Manager (id: 'records_manager')
2026-06-02 23:38:37.844 - system_controller - INFO - AIPerf System is CONFIGURING
2026-06-02 23:38:37.845 - system_controller - INFO - Configuring all services to start profiling
2026-06-02 23:38:37.846 - InferenceResultParser_7fa1dc14 - INFO - Tokenization is disabled for this endpoint, skipping tokenizer configuration
2026-06-02 23:38:37.846 - timing_manager - INFO - Waiting for dataset to be configured before configuring timing
2026-06-02 23:38:37.854 - system_controller - INFO - GPU telemetry disabled - no DCGM endpoints reachable
2026-06-02 23:38:37.859 - server_metrics_manager - INFO - Server Metrics: Capturing baseline metrics...
2026-06-02 23:38:37.878 - http://localhost:8888/metrics - INFO - Skipping unsupported summary metric: http_request_size_bytes
2026-06-02 23:38:37.878 - http://localhost:8888/metrics - INFO - Skipping unsupported summary metric: http_response_size_bytes
2026-06-02 23:38:37.879 - system_controller - INFO - Server metrics enabled - 1/1 endpoint(s) reachable.
2026-06-02 23:38:37.904 - dataset_manager - INFO - Memory-mapped dataset cache HIT (key=9ea77629aaffea823767a106cff84381); skipping tokenizer + composer.
2026-06-02 23:38:39.103 - aiperf.dataset.mmap_cache - INFO - Restored mmap cache file dataset.dat via copy in 1.199s (2.10 GiB)
2026-06-02 23:38:39.108 - aiperf.dataset.mmap_cache - INFO - Restored mmap cache file index.dat via copy in 0.004s (0.00 GiB)
2026-06-02 23:38:39.108 - aiperf.dataset.mmap_cache - INFO - Restored mmap cache files in 1.203s via dataset=copy index=copy (dataset=2.10 GiB, index=0.00 GiB)
2026-06-02 23:38:39.400 - dataset_manager - INFO - sampling strategy: sequential, unique conversations: 634, unique turn count: 62664
2026-06-02 23:38:39.636 - dataset_manager - INFO - Dataset client initialized and freed 0 conversations from memory
2026-06-02 23:38:39.833 - aiperf.timing.trajectory_source - INFO - TrajectorySource: built 2 trajectories from 225 traces
  range cfg=[0.25, 0.75]  observed sample pct: min= 39% median= 47% max= 55%
    lane=00  sample_time= 39%  root_next= 14/32  ( 44% turns)  live=1 ready=1  trace_id=00e7d11db2db59f44a87b4110175b11d1af3
    lane=01  sample_time= 55%  root_next= 20/37  ( 54% turns)  live=1 ready=1  trace_id=01fece675b92efe07620225cd69c3884f774
2026-06-02 23:38:39.833 - PhaseOrchestrator_e5c8c733 - INFO - Initialized 2 phase(s): ['Warmup', 'Profiling']
2026-06-02 23:38:39.833 - system_controller - INFO - All services configured in 1.99 seconds
2026-06-02 23:38:39.834 - system_controller - INFO - AIPerf System is CONFIGURED
2026-06-02 23:38:39.834 - server_metrics_manager - INFO - Server Metrics: Started 1 collector(s) successfully
2026-06-02 23:38:39.853 - PhaseRunner - NOTICE - Phase warmup started | target: 2 requests
2026-06-02 23:38:39.853 - AgenticReplayTiming - INFO - WARMUP execute: dispatching 2 trajectory credits
2026-06-02 23:38:39.853 - PhaseRunner - NOTICE - Phase warmup sending complete | sent=2, completed=0, in_flight=2
2026-06-02 23:38:39.991 - records_manager - INFO - Credit phase start: warmup
2026-06-02 23:38:39.991 - system_controller - INFO - All services started profiling successfully
2026-06-02 23:38:39.991 - system_controller - INFO - AIPerf System is PROFILING
2026-06-02 23:39:12.054 - PhaseRunner - NOTICE - Phase warmup complete | completed=2, cancelled=0, errors=0 | elapsed=32.20s
2026-06-02 23:39:12.055 - aiperf.timing.branch_orchestrator - INFO - BranchOrchestrator stats: spawned=0 completed=0 errored=0 suspended=0 resumed=0 parents_failed_due_to_child_error=0 joins_suppressed=0
2026-06-02 23:39:12.065 - AgenticReplayTiming - INFO - PROFILING setup: trajectories=2 traces, recycle_queue=225 traces (full pool)
2026-06-02 23:39:12.065 - PhaseRunner - NOTICE - Phase profiling started | target: 1800.0s duration
2026-06-02 23:39:12.066 - records_manager - INFO - Credit phase start: profiling
2026-06-02 23:39:12.066 - PhaseRunner - INFO - Waiting for event 'profiling phase sending' with timeout of 1799.999447737s
2026-06-02 23:39:12.066 - AgenticReplayTiming - INFO - PROFILING execute: resuming 2 trajectory sessions
2026-06-02 23:40:37.715 - records_manager - INFO - [realtime 01:25 profiling] rps=0.1 (avg 0.1) tput_in=8329/s tput_out=52/s done=6 ok=6 err=0
                           ttft p50=3937ms p75=6279ms p95=18070ms p99=21081ms
                           itl  p50=8ms    p75=8ms    p95=8ms    p99=8ms
                           e2e  p50=8466ms p75=14483ms p95=21243ms p99=22938ms
                           intvty p50=129    p75=130    p95=137    p99=140 (1/tpot tok/s)
                           isl  p50=70,674    p75=73,894    p90=74,220    p99=74,396 (tokens)
                           osl  p50=218       p75=835       p90=1,068     p99=1,099 (tokens)
                           tot  in=421,811        out=2,655
                           trace theoretical_prefix_cache_hit=98.1%
                           srv  prefix_cache_hit=74.6% unique_in_srv=142,377 kv_usage=0.0% queue=0r/0w tput_in_srv=4,682/s tput_out_srv=24/s
2026-06-02 23:41:07.734 - records_manager - INFO - [realtime 01:55 profiling] rps=0.0 (avg 0.1) tput_in=8883/s tput_out=51/s done=7 ok=7 err=0
                           ttft p50=3099ms p75=5777ms p95=17317ms p99=20930ms
                           itl  p50=8ms    p75=8ms    p95=8ms    p99=8ms
                           e2e  p50=3665ms p75=14078ms p95=20819ms p99=22853ms
                           intvty p50=130    p75=133    p95=139    p99=140 (1/tpot tok/s)
                           isl  p50=73,503    p75=74,220    p90=76,363    p99=78,994 (tokens)
                           osl  p50=236       p75=641       p90=1,062     p99=1,098 (tokens)
                           tot  in=501,097        out=2,902
                           trace theoretical_prefix_cache_hit=97.4%
                           srv  prefix_cache_hit=77.0% unique_in_srv=147,263 kv_usage=0.0% queue=0r/0w tput_in_srv=4,273/s tput_out_srv=21/s
2026-06-02 23:41:37.760 - records_manager - INFO - [realtime 02:25 profiling] rps=0.1 (avg 0.1) tput_in=7151/s tput_out=44/s done=10 ok=10 err=0
                           ttft p50=827ms  p75=4355ms p95=15060ms p99=20479ms
                           itl  p50=8ms    p75=8ms    p95=8ms    p99=8ms
                           e2e  p50=3822ms p75=12231ms p95=19549ms p99=22599ms
                           intvty p50=133    p75=138    p95=140    p99=140 (1/tpot tok/s)
                           isl  p50=73,764    p75=74,341    p90=79,370    p99=80,051 (tokens)
                           osl  p50=242       p75=894       p90=1,107     p99=1,149 (tokens)
                           tot  in=728,814        out=4,532
                           trace theoretical_prefix_cache_hit=97.1%
                           srv  prefix_cache_hit=83.2% unique_in_srv=159,181 kv_usage=3.1% queue=1r/0w tput_in_srv=5,280/s tput_out_srv=28/s
2026-06-02 23:42:07.788 - records_manager - INFO - [realtime 02:55 profiling] rps=0.0 (avg 0.1) tput_in=7057/s tput_out=47/s done=11 ok=11 err=0
                           ttft p50=754ms  p75=3937ms p95=14307ms p99=20328ms
                           itl  p50=7ms    p75=8ms    p95=8ms    p99=8ms
                           e2e  p50=3979ms p75=11194ms p95=19125ms p99=22514ms
                           intvty p50=137    p75=138    p95=140    p99=140 (1/tpot tok/s)
                           isl  p50=74,025    p75=76,850    p90=80,127    p99=81,288 (tokens)
                           osl  p50=247       p75=948       p90=1,102     p99=1,149 (tokens)
                           tot  in=810,231        out=5,393
                           trace theoretical_prefix_cache_hit=97.2%
                           srv  prefix_cache_hit=84.4% unique_in_srv=160,800 kv_usage=3.2% queue=1r/0w tput_in_srv=4,920/s tput_out_srv=39/s
2026-06-02 23:42:37.833 - records_manager - INFO - [realtime 03:25 profiling] rps=0.1 (avg 0.1) tput_in=6457/s tput_out=52/s done=14 ok=14 err=0
                           ttft p50=679ms  p75=2549ms p95=12049ms p99=19876ms
                           itl  p50=7ms    p75=8ms    p95=8ms    p99=8ms
                           e2e  p50=3822ms p75=12231ms p95=21659ms p99=23021ms
                           intvty p50=137    p75=138    p95=140    p99=140 (1/tpot tok/s)
                           isl  p50=74,072    p75=79,917    p90=82,544    p99=83,974 (tokens)
                           osl  p50=242       p75=992       p90=1,138     p99=2,553 (tokens)
                           tot  in=1,051,177      out=8,410
                           trace theoretical_prefix_cache_hit=97.6%
                           srv  prefix_cache_hit=86.4% unique_in_srv=161,983 kv_usage=0.0% queue=0r/0w tput_in_srv=4,963/s tput_out_srv=36/s
2026-06-02 23:43:07.870 - records_manager - INFO - [realtime 03:55 profiling] rps=0.0 (avg 0.1) tput_in=5798/s tput_out=44/s done=15 ok=15 err=0
                           ttft p50=676ms  p75=1999ms p95=11296ms p99=19726ms
                           itl  p50=7ms    p75=8ms    p95=8ms    p99=8ms
                           e2e  p50=3665ms p75=11194ms p95=21528ms p99=22995ms
                           intvty p50=137    p75=138    p95=140    p99=140 (1/tpot tok/s)
                           isl  p50=74,119    p75=80,772    p90=83,680    p99=84,343 (tokens)
                           osl  p50=247       p75=948       p90=1,133     p99=2,537 (tokens)
                           tot  in=1,135,557      out=8,677
                           trace theoretical_prefix_cache_hit=97.8%
                           srv  prefix_cache_hit=86.3% unique_in_srv=189,172 kv_usage=4.2% queue=1r/0w tput_in_srv=4,724/s tput_out_srv=33/s
2026-06-02 23:43:37.912 - records_manager - INFO - [realtime 04:25 profiling] rps=0.1 (avg 0.1) tput_in=5859/s tput_out=51/s done=17 ok=17 err=0
                           ttft p50=676ms  p75=2003ms p95=9791ms p99=19425ms
                           itl  p50=7ms    p75=8ms    p95=8ms    p99=8ms
                           e2e  p50=3665ms p75=13267ms p95=21266ms p99=22942ms
                           intvty p50=137    p75=139    p95=140    p99=140 (1/tpot tok/s)
                           isl  p50=74,128    p75=81,417    p90=84,222    p99=106,957 (tokens)
                           osl  p50=267       p75=1,035     p90=1,687     p99=2,718 (tokens)
                           tot  in=1,320,942      out=11,461
                           trace theoretical_prefix_cache_hit=96.0%
                           srv  prefix_cache_hit=87.0% unique_in_srv=189,508 kv_usage=0.0% queue=0r/0w tput_in_srv=4,870/s tput_out_srv=39/s
2026-06-02 23:44:02.549 - AgenticReplayTiming - INFO - Terminating trajectory 01fece675b92efe07620225cd69c3884f774 early at turn 28/36: context-overflow error from server
2026-06-02 23:44:07.994 - records_manager - INFO - [realtime 04:55 profiling] rps=0.1 (avg 0.1) tput_in=5897/s tput_out=50/s done=21 ok=21 err=0
                           ttft p50=674ms  p75=1175ms p95=7533ms p99=18973ms
                           itl  p50=7ms    p75=8ms    p95=8ms    p99=8ms
                           e2e  p50=3822ms p75=10158ms p95=20874ms p99=22864ms
                           intvty p50=137    p75=139    p95=140    p99=140 (1/tpot tok/s)
                           isl  p50=74,272    p75=81,820    p90=87,068    p99=112,766 (tokens)
                           osl  p50=282       p75=904       p90=1,287     p99=2,710 (tokens)
                           tot  in=1,509,708      out=12,834
                           trace theoretical_prefix_cache_hit=96.3%
                           srv  prefix_cache_hit=86.3% unique_in_srv=249,810 kv_usage=6.6% queue=2r/0w tput_in_srv=5,512/s tput_out_srv=44/s
2026-06-02 23:44:38.061 - records_manager - INFO - [realtime 05:25 profiling] rps=0.0 (avg 0.1) tput_in=5849/s tput_out=58/s done=22 ok=22 err=0
                           ttft p50=676ms  p75=899ms  p95=6780ms p99=18823ms
                           itl  p50=7ms    p75=8ms    p95=8ms    p99=8ms
                           e2e  p50=3979ms p75=13267ms p95=23361ms p99=27728ms
                           intvty p50=137    p75=139    p95=140    p99=140 (1/tpot tok/s)
                           isl  p50=74,415    p75=83,027    p90=111,257   p99=113,382 (tokens)
                           osl  p50=298       p75=1,035     p90=2,486     p99=3,242 (tokens)
                           tot  in=1,623,155      out=16,196
                           trace theoretical_prefix_cache_hit=96.5%
                           srv  prefix_cache_hit=86.3% unique_in_srv=249,810 kv_usage=2.3% queue=1r/0w tput_in_srv=5,053/s tput_out_srv=57/s
2026-06-02 23:45:08.141 - records_manager - INFO - [realtime 05:56 profiling] rps=0.1 (avg 0.1) tput_in=6361/s tput_out=78/s done=26 ok=26 err=0
                           ttft p50=748ms  p75=956ms  p95=6379ms p99=18221ms
                           itl  p50=7ms    p75=8ms    p95=8ms    p99=8ms
                           e2e  p50=3979ms p75=13267ms p95=27728ms p99=53216ms
                           intvty p50=135    p75=138    p95=140    p99=140 (1/tpot tok/s)
                           isl  p50=74,522    p75=84,380    p90=115,563   p99=117,548 (tokens)
                           osl  p50=317       p75=1,035     p90=2,652     p99=6,724 (tokens)
                           tot  in=2,032,728      out=24,921
                           trace theoretical_prefix_cache_hit=94.2%
                           srv  prefix_cache_hit=88.3% unique_in_srv=254,030 kv_usage=0.0% queue=0r/0w tput_in_srv=5,567/s tput_out_srv=65/s
2026-06-02 23:45:38.209 - records_manager - INFO - [realtime 06:26 profiling] rps=0.1 (avg 0.1) tput_in=6495/s tput_out=73/s done=28 ok=28 err=0
                           ttft p50=754ms  p75=928ms  p95=6178ms p99=17920ms
                           itl  p50=8ms    p75=8ms    p95=8ms    p99=8ms
                           e2e  p50=3863ms p75=11194ms p95=27182ms p99=52574ms
                           intvty p50=133    p75=138    p95=140    p99=140 (1/tpot tok/s)
                           isl  p50=79,286    p75=112,188   p90=117,430   p99=118,294 (tokens)
                           osl  p50=317       p75=948       p90=2,596     p99=6,636 (tokens)
                           tot  in=2,269,097      out=25,593
                           trace theoretical_prefix_cache_hit=94.8%
                           srv  prefix_cache_hit=89.4% unique_in_srv=254,847 kv_usage=0.0% queue=0r/0w tput_in_srv=5,732/s tput_out_srv=62/s
2026-06-02 23:46:08.301 - records_manager - INFO - [realtime 06:56 profiling] rps=0.1 (avg 0.1) tput_in=6516/s tput_out=72/s done=30 ok=30 err=0
                           ttft p50=748ms  p75=899ms  p95=5978ms p99=17619ms
                           itl  p50=7ms    p75=8ms    p95=8ms    p99=8ms
                           e2e  p50=3863ms p75=9121ms p95=26636ms p99=51932ms
                           intvty p50=135    p75=139    p95=140    p99=140 (1/tpot tok/s)
                           isl  p50=74,522    p75=111,257   p90=117,365   p99=118,285 (tokens)
                           osl  p50=317       p75=861       p90=2,541     p99=6,547 (tokens)
                           tot  in=2,390,026      out=26,274
                           trace theoretical_prefix_cache_hit=94.9%
                           srv  prefix_cache_hit=89.8% unique_in_srv=258,400 kv_usage=0.0% queue=0r/0w tput_in_srv=5,618/s tput_out_srv=59/s
2026-06-02 23:46:37.821 - EventLoopMonitor - WARNING - Event loop for worker_5f23497c is taking too long to run. Overhead: 45.04ms
2026-06-02 23:46:38.398 - records_manager - INFO - [realtime 07:26 profiling] rps=0.1 (avg 0.1) tput_in=6103/s tput_out=64/s done=32 ok=32 err=0
                           ttft p50=748ms  p75=881ms  p95=5777ms p99=17317ms
                           itl  p50=7ms    p75=8ms    p95=8ms    p99=8ms
                           e2e  p50=3665ms p75=7992ms p95=26091ms p99=51290ms
                           intvty p50=135    p75=139    p95=140    p99=159 (1/tpot tok/s)
                           isl  p50=74,522    p75=112,188   p90=117,626   p99=118,822 (tokens)
                           osl  p50=298       p75=827       p90=2,486     p99=6,459 (tokens)
                           tot  in=2,509,444      out=26,392
                           trace theoretical_prefix_cache_hit=95.1%
                           srv  prefix_cache_hit=90.2% unique_in_srv=259,418 kv_usage=0.0% queue=0r/0w tput_in_srv=5,512/s tput_out_srv=56/s
2026-06-02 23:47:08.480 - records_manager - INFO - [realtime 07:56 profiling] rps=0.1 (avg 0.1) tput_in=6043/s tput_out=65/s done=34 ok=34 err=0
                           ttft p50=748ms  p75=899ms  p95=5576ms p99=17016ms
                           itl  p50=7ms    p75=8ms    p95=8ms    p99=8ms
                           e2e  p50=3863ms p75=6862ms p95=25545ms p99=50648ms
                           intvty p50=137    p75=140    p95=146    p99=161 (1/tpot tok/s)
                           isl  p50=74,415    p75=111,257   p90=117,561   p99=118,810 (tokens)
                           osl  p50=317       p75=861       p90=2,220     p99=6,370 (tokens)
                           tot  in=2,575,575      out=27,834
                           trace theoretical_prefix_cache_hit=93.9%
                           srv  prefix_cache_hit=89.4% unique_in_srv=292,795 kv_usage=2.3% queue=1r/0w tput_in_srv=5,434/s tput_out_srv=59/s
2026-06-02 23:47:38.559 - records_manager - INFO - [realtime 08:26 profiling] rps=0.0 (avg 0.1) tput_in=5763/s tput_out=70/s done=35 ok=35 err=0
                           ttft p50=715ms  p75=890ms  p95=5476ms p99=16866ms
                           itl  p50=7ms    p75=8ms    p95=8ms    p99=8ms
                           e2e  p50=3921ms p75=8556ms p95=29379ms p99=50854ms
                           intvty p50=137    p75=140    p95=146    p99=160 (1/tpot tok/s)
                           isl  p50=74,272    p75=104,538   p90=117,528   p99=118,804 (tokens)
                           osl  p50=361       p75=894       p90=2,679     p99=6,598 (tokens)
                           tot  in=2,635,237      out=32,021
                           trace theoretical_prefix_cache_hit=94.1%
                           srv  prefix_cache_hit=89.4% unique_in_srv=292,795 kv_usage=0.0% queue=0r/0w tput_in_srv=5,133/s tput_out_srv=60/s
2026-06-02 23:48:08.650 - records_manager - INFO - [realtime 08:56 profiling] rps=0.1 (avg 0.1) tput_in=5760/s tput_out=69/s done=39 ok=39 err=0
                           ttft p50=674ms  p75=853ms  p95=5075ms p99=16264ms
                           itl  p50=7ms    p75=8ms    p95=8ms    p99=8ms
                           e2e  p50=3921ms p75=6851ms p95=29060ms p99=49634ms
                           intvty p50=137    p75=140    p95=146    p99=160 (1/tpot tok/s)
                           isl  p50=74,072    p75=84,314    p90=117,398   p99=118,781 (tokens)
                           osl  p50=416       p75=850       p90=2,569     p99=6,454 (tokens)
                           tot  in=2,831,178      out=33,978
                           trace theoretical_prefix_cache_hit=94.3%
                           srv  prefix_cache_hit=90.0% unique_in_srv=302,403 kv_usage=1.7% queue=1r/0w tput_in_srv=5,281/s tput_out_srv=61/s
2026-06-02 23:48:38.793 - records_manager - INFO - [realtime 09:26 profiling] rps=0.4 (avg 0.1) tput_in=6024/s tput_out=74/s done=50 ok=50 err=0
                           ttft p50=673ms  p75=899ms  p95=4104ms p99=14608ms
                           itl  p50=7ms    p75=8ms    p95=8ms    p99=9ms
                           e2e  p50=3816ms p75=6473ms p95=26636ms p99=46279ms
                           intvty p50=135    p75=140    p95=146    p99=157 (1/tpot tok/s)
                           isl  p50=67,136    p75=81,417    p90=117,039   p99=118,717 (tokens)
                           osl  p50=387       p75=793       p90=2,491     p99=6,058 (tokens)
                           tot  in=3,201,603      out=39,144
                           trace theoretical_prefix_cache_hit=92.6%
                           srv  prefix_cache_hit=88.2% unique_in_srv=402,487 kv_usage=2.8% queue=2r/0w tput_in_srv=5,681/s tput_out_srv=68/s
2026-06-02 23:49:09.023 - records_manager - INFO - [realtime 09:56 profiling] rps=0.4 (avg 0.1) tput_in=6642/s tput_out=75/s done=62 ok=62 err=0
                           ttft p50=676ms  p75=982ms  p95=3099ms p99=12802ms
                           itl  p50=7ms    p75=8ms    p95=8ms    p99=9ms
                           e2e  p50=3525ms p75=5372ms p95=23361ms p99=42619ms
                           intvty p50=134    p75=139    p95=146    p99=155 (1/tpot tok/s)
                           isl  p50=62,561    p75=74,522    p90=113,447   p99=118,647 (tokens)
                           osl  p50=298       p75=591       p90=1,154     p99=5,627 (tokens)
                           tot  in=3,720,562      out=41,923
                           trace theoretical_prefix_cache_hit=92.5%
                           srv  prefix_cache_hit=88.7% unique_in_srv=446,286 kv_usage=3.6% queue=2r/0w tput_in_srv=6,262/s tput_out_srv=75/s
2026-06-02 23:49:39.217 - records_manager - INFO - [realtime 10:27 profiling] rps=0.2 (avg 0.1) tput_in=6970/s tput_out=86/s done=69 ok=69 err=0
                           ttft p50=642ms  p75=1003ms p95=4188ms p99=12369ms
                           itl  p50=7ms    p75=8ms    p95=8ms    p99=9ms
                           e2e  p50=3523ms p75=5525ms p95=26909ms p99=54624ms
                           intvty p50=134    p75=140    p95=144    p99=153 (1/tpot tok/s)
                           isl  p50=61,070    p75=74,200    p90=113,218   p99=118,606 (tokens)
                           osl  p50=295       p75=612       p90=1,701     p99=6,857 (tokens)
                           tot  in=4,108,907      out=50,594
                           trace theoretical_prefix_cache_hit=92.2%
                           srv  prefix_cache_hit=89.4% unique_in_srv=455,323 kv_usage=2.3% queue=1r/0w tput_in_srv=6,518/s tput_out_srv=77/s
2026-06-02 23:50:09.377 - records_manager - INFO - [realtime 10:57 profiling] rps=0.0 (avg 0.1) tput_in=7018/s tput_out=85/s done=70 ok=70 err=0
                           ttft p50=611ms  p75=982ms  p95=4104ms p99=12227ms
                           itl  p50=7ms    p75=8ms    p95=8ms    p99=9ms
                           e2e  p50=3521ms p75=5405ms p95=26636ms p99=54530ms
                           intvty p50=134    p75=140    p95=144    p99=153 (1/tpot tok/s)
                           isl  p50=61,205    p75=74,128    p90=113,185   p99=118,600 (tokens)
                           osl  p50=294       p75=591       p90=1,589     p99=6,843 (tokens)
                           tot  in=4,172,144      out=50,646
                           trace theoretical_prefix_cache_hit=92.3%
                           srv  prefix_cache_hit=89.6% unique_in_srv=455,392 kv_usage=2.5% queue=1r/0w tput_in_srv=6,327/s tput_out_srv=80/s
2026-06-02 23:50:39.537 - records_manager - INFO - [realtime 11:27 profiling] rps=0.1 (avg 0.1) tput_in=6729/s tput_out=89/s done=72 ok=72 err=0
                           ttft p50=611ms  p75=1025ms p95=3937ms p99=11945ms
                           itl  p50=7ms    p75=8ms    p95=8ms    p99=9ms
                           e2e  p50=3525ms p75=6180ms p95=29619ms p99=54342ms
                           intvty p50=134    p75=140    p95=144    p99=153 (1/tpot tok/s)
                           isl  p50=61,328    p75=74,124    p90=113,120   p99=118,588 (tokens)
                           osl  p50=296       p75=680       p90=2,486     p99=6,815 (tokens)
                           tot  in=4,295,755      out=56,959
                           trace theoretical_prefix_cache_hit=92.1%
                           srv  prefix_cache_hit=89.3% unique_in_srv=474,593 kv_usage=0.0% queue=0r/0w tput_in_srv=6,146/s tput_out_srv=79/s
2026-06-02 23:51:09.704 - records_manager - INFO - [realtime 11:57 profiling] rps=0.1 (avg 0.1) tput_in=6681/s tput_out=87/s done=74 ok=74 err=0
                           ttft p50=606ms  p75=982ms  p95=3769ms p99=11662ms
                           itl  p50=7ms    p75=8ms    p95=8ms    p99=9ms
                           e2e  p50=3521ms p75=5888ms p95=29459ms p99=54154ms
                           intvty p50=135    p75=140    p95=143    p99=152 (1/tpot tok/s)
                           isl  p50=61,658    p75=74,119    p90=112,747   p99=118,577 (tokens)
                           osl  p50=296       p75=675       p90=2,390     p99=6,787 (tokens)
                           tot  in=4,422,942      out=57,396
                           trace theoretical_prefix_cache_hit=92.3%
                           srv  prefix_cache_hit=89.6% unique_in_srv=475,316 kv_usage=0.0% queue=0r/0w tput_in_srv=6,070/s tput_out_srv=77/s
2026-06-02 23:51:39.869 - records_manager - INFO - [realtime 12:27 profiling] rps=0.0 (avg 0.1) tput_in=6413/s tput_out=82/s done=75 ok=75 err=0
                           ttft p50=604ms  p75=979ms  p95=3685ms p99=11521ms
                           itl  p50=7ms    p75=8ms    p95=8ms    p99=9ms
                           e2e  p50=3517ms p75=5767ms p95=29379ms p99=54060ms
                           intvty p50=135    p75=140    p95=143    p99=152 (1/tpot tok/s)
                           isl  p50=61,784    p75=74,096    p90=112,561   p99=118,571 (tokens)
                           osl  p50=295       p75=654       p90=2,342     p99=6,773 (tokens)
                           tot  in=4,486,690      out=57,493
                           trace theoretical_prefix_cache_hit=92.3%
                           srv  prefix_cache_hit=89.7% unique_in_srv=477,112 kv_usage=0.0% queue=0r/0w tput_in_srv=5,916/s tput_out_srv=74/s
2026-06-02 23:52:10.044 - records_manager - INFO - [realtime 12:57 profiling] rps=0.1 (avg 0.1) tput_in=6260/s tput_out=80/s done=77 ok=77 err=0
                           ttft p50=604ms  p75=1003ms p95=3518ms p99=11238ms
                           itl  p50=7ms    p75=8ms    p95=8ms    p99=9ms
                           e2e  p50=3523ms p75=6034ms p95=29219ms p99=53872ms
                           intvty p50=135    p75=140    p95=143    p99=152 (1/tpot tok/s)
                           isl  p50=61,931    p75=74,048    p90=112,188   p99=118,559 (tokens)
                           osl  p50=297       p75=678       p90=2,246     p99=6,746 (tokens)
                           tot  in=4,613,733      out=58,973
                           trace theoretical_prefix_cache_hit=92.1%
                           srv  prefix_cache_hit=88.6% unique_in_srv=540,603 kv_usage=0.0% queue=0r/0w tput_in_srv=5,854/s tput_out_srv=73/s
2026-06-02 23:52:40.219 - records_manager - INFO - [realtime 13:28 profiling] rps=0.0 (avg 0.1) tput_in=6260/s tput_out=80/s done=77 ok=77 err=0
                           ttft p50=604ms  p75=1003ms p95=3518ms p99=11238ms
                           itl  p50=7ms    p75=8ms    p95=8ms    p99=9ms
                           e2e  p50=3523ms p75=6034ms p95=29219ms p99=53872ms
                           intvty p50=135    p75=140    p95=143    p99=152 (1/tpot tok/s)
                           isl  p50=61,931    p75=74,048    p90=112,188   p99=118,559 (tokens)
                           osl  p50=297       p75=678       p90=2,246     p99=6,746 (tokens)
                           tot  in=4,613,733      out=58,973
                           trace theoretical_prefix_cache_hit=92.1%
                           srv  prefix_cache_hit=88.6% unique_in_srv=540,603 kv_usage=0.0% queue=0r/0w tput_in_srv=5,643/s tput_out_srv=70/s
2026-06-02 23:53:10.424 - records_manager - INFO - [realtime 13:58 profiling] rps=0.1 (avg 0.1) tput_in=6014/s tput_out=75/s done=80 ok=80 err=0
                           ttft p50=602ms  p75=977ms  p95=3267ms p99=10815ms
                           itl  p50=7ms    p75=8ms    p95=8ms    p99=9ms
                           e2e  p50=3521ms p75=6180ms p95=28980ms p99=53590ms
                           intvty p50=135    p75=140    p95=142    p99=151 (1/tpot tok/s)
                           isl  p50=62,561    p75=73,914    p90=111,630   p99=118,541 (tokens)
                           osl  p50=296       p75=680       p90=2,102     p99=6,704 (tokens)
                           tot  in=4,807,230      out=60,086
                           trace theoretical_prefix_cache_hit=92.4%
                           srv  prefix_cache_hit=89.0% unique_in_srv=542,676 kv_usage=0.0% queue=0r/0w tput_in_srv=5,671/s tput_out_srv=69/s
2026-06-02 23:53:40.604 - records_manager - INFO - [realtime 14:28 profiling] rps=0.0 (avg 0.1) tput_in=5877/s tput_out=74/s done=81 ok=81 err=0
                           ttft p50=590ms  p75=974ms  p95=3183ms p99=10673ms
                           itl  p50=7ms    p75=8ms    p95=8ms    p99=9ms
                           e2e  p50=3523ms p75=6559ms p95=28900ms p99=53496ms
                           intvty p50=135    p75=140    p95=142    p99=151 (1/tpot tok/s)
                           isl  p50=62,662    p75=73,858    p90=111,443   p99=118,536 (tokens)
                           osl  p50=297       p75=713       p90=2,054     p99=6,690 (tokens)
                           tot  in=4,872,260      out=61,137
                           trace theoretical_prefix_cache_hit=92.5%
                           srv  prefix_cache_hit=89.2% unique_in_srv=542,682 kv_usage=0.0% queue=0r/0w tput_in_srv=5,552/s tput_out_srv=68/s
2026-06-02 23:54:10.841 - records_manager - INFO - [realtime 14:58 profiling] rps=0.1 (avg 0.1) tput_in=5992/s tput_out=72/s done=85 ok=85 err=0
                           ttft p50=567ms  p75=960ms  p95=3042ms p99=10108ms
                           itl  p50=7ms    p75=8ms    p95=8ms    p99=9ms
                           e2e  p50=3517ms p75=6034ms p95=28001ms p99=53121ms
                           intvty p50=135    p75=140    p95=142    p99=150 (1/tpot tok/s)
                           isl  p50=62,987    p75=73,578    p90=103,194   p99=118,512 (tokens)
                           osl  p50=295       p75=692       p90=1,814     p99=6,635 (tokens)
                           tot  in=5,132,256      out=61,944
                           trace theoretical_prefix_cache_hit=92.8%
                           srv  prefix_cache_hit=89.8% unique_in_srv=546,037 kv_usage=2.7% queue=1r/0w tput_in_srv=5,726/s tput_out_srv=69/s
2026-06-02 23:54:41.138 - records_manager - INFO - [realtime 15:29 profiling] rps=0.7 (avg 0.1) tput_in=6503/s tput_out=76/s done=107 ok=107 err=0
                           ttft p50=531ms  p75=890ms  p95=2702ms p99=7660ms
                           itl  p50=7ms    p75=8ms    p95=8ms    p99=11ms
                           e2e  p50=2762ms p75=5206ms p95=22912ms p99=50513ms
                           intvty p50=135    p75=140    p95=146    p99=150 (1/tpot tok/s)
                           isl  p50=61,070    p75=66,098    p90=83,572    p99=118,390 (tokens)
                           osl  p50=222       p75=556       p90=1,260     p99=6,294 (tokens)
                           tot  in=5,808,160      out=67,927
                           trace theoretical_prefix_cache_hit=91.8%
                           srv  prefix_cache_hit=89.1% unique_in_srv=648,822 kv_usage=0.0% queue=0r/0w tput_in_srv=6,176/s tput_out_srv=71/s
2026-06-02 23:55:11.412 - records_manager - INFO - [realtime 15:59 profiling] rps=0.8 (avg 0.1) tput_in=7413/s tput_out=78/s done=131 ok=131 err=0
                           ttft p50=521ms  p75=890ms  p95=2633ms p99=7438ms
                           itl  p50=7ms    p75=8ms    p95=9ms    p99=11ms
                           e2e  p50=2393ms p75=4370ms p95=21194ms p99=45664ms
                           intvty p50=135    p75=140    p95=146    p99=149 (1/tpot tok/s)
                           isl  p50=51,735    p75=64,378    p90=80,256    p99=118,280 (tokens)
                           osl  p50=197       p75=425       p90=1,056     p99=5,792 (tokens)
                           tot  in=6,850,628      out=71,879
                           trace theoretical_prefix_cache_hit=92.2%
                           srv  prefix_cache_hit=89.2% unique_in_srv=752,858 kv_usage=0.0% queue=0r/0w tput_in_srv=7,037/s tput_out_srv=73/s
2026-06-02 23:55:41.794 - records_manager - INFO - [realtime 16:29 profiling] rps=0.8 (avg 0.2) tput_in=8681/s tput_out=80/s done=154 ok=154 err=0
                           ttft p50=528ms  p75=890ms  p95=2578ms p99=7225ms
                           itl  p50=7ms    p75=8ms    p95=9ms    p99=10ms
                           e2e  p50=2177ms p75=3958ms p95=20512ms p99=41016ms
                           intvty p50=134    p75=140    p95=145    p99=148 (1/tpot tok/s)
                           isl  p50=57,195    p75=65,030    p90=74,501    p99=118,175 (tokens)
                           osl  p50=174       p75=361       p90=1,035     p99=5,311 (tokens)
                           tot  in=8,274,599      out=75,997
                           trace theoretical_prefix_cache_hit=93.1%
                           srv  prefix_cache_hit=90.8% unique_in_srv=791,117 kv_usage=5.5% queue=2r/0w tput_in_srv=8,362/s tput_out_srv=75/s
2026-06-02 23:56:12.170 - records_manager - INFO - [realtime 17:00 profiling] rps=0.2 (avg 0.2) tput_in=9029/s tput_out=80/s done=160 ok=160 err=0
                           ttft p50=528ms  p75=845ms  p95=2562ms p99=7170ms
                           itl  p50=7ms    p75=8ms    p95=9ms    p99=10ms
                           e2e  p50=2133ms p75=3899ms p95=20397ms p99=39804ms
                           intvty p50=134    p75=140    p95=145    p99=148 (1/tpot tok/s)
                           isl  p50=58,359    p75=65,824    p90=74,502    p99=118,148 (tokens)
                           osl  p50=165       p75=350       p90=1,035     p99=5,186 (tokens)
                           tot  in=8,683,269      out=76,587
                           trace theoretical_prefix_cache_hit=93.3%
                           srv  prefix_cache_hit=91.1% unique_in_srv=796,104 kv_usage=5.3% queue=2r/1w tput_in_srv=8,497/s tput_out_srv=80/s
2026-06-02 23:56:42.509 - records_manager - INFO - [realtime 17:30 profiling] rps=0.0 (avg 0.2) tput_in=8826/s tput_out=83/s done=161 ok=161 err=0
                           ttft p50=528ms  p75=869ms  p95=2559ms p99=7160ms
                           itl  p50=7ms    p75=8ms    p95=9ms    p99=10ms
                           e2e  p50=2142ms p75=3941ms p95=20784ms p99=46520ms
                           intvty p50=134    p75=140    p95=145    p99=148 (1/tpot tok/s)
                           isl  p50=58,614    p75=66,254    p90=74,500    p99=118,143 (tokens)
                           osl  p50=165       p75=353       p90=1,035     p99=5,771 (tokens)
                           tot  in=8,755,177      out=81,921
                           trace theoretical_prefix_cache_hit=93.4%
                           srv  prefix_cache_hit=91.2% unique_in_srv=797,842 kv_usage=5.6% queue=2r/1w tput_in_srv=8,330/s tput_out_srv=85/s
2026-06-02 23:57:12.879 - records_manager - INFO - [realtime 18:00 profiling] rps=0.1 (avg 0.2) tput_in=8752/s tput_out=92/s done=165 ok=165 err=0
                           ttft p50=532ms  p75=893ms  p95=2646ms p99=20409ms
                           itl  p50=8ms    p75=8ms    p95=9ms    p99=10ms
                           e2e  p50=2163ms p75=4047ms p95=27840ms p99=56676ms
                           intvty p50=133    p75=140    p95=145    p99=148 (1/tpot tok/s)
                           isl  p50=59,693    p75=66,429    p90=74,514    p99=118,125 (tokens)
                           osl  p50=166       p75=388       p90=1,087     p99=6,571 (tokens)
                           tot  in=9,040,130      out=94,786
                           trace theoretical_prefix_cache_hit=93.5%
                           srv  prefix_cache_hit=91.1% unique_in_srv=824,087 kv_usage=3.7% queue=1r/0w tput_in_srv=8,320/s tput_out_srv=87/s
2026-06-02 23:57:43.264 - records_manager - INFO - [realtime 18:31 profiling] rps=0.0 (avg 0.2) tput_in=8752/s tput_out=92/s done=165 ok=165 err=0
                           ttft p50=532ms  p75=893ms  p95=2646ms p99=20409ms
                           itl  p50=8ms    p75=8ms    p95=9ms    p99=10ms
                           e2e  p50=2163ms p75=4047ms p95=27840ms p99=56676ms
                           intvty p50=133    p75=140    p95=145    p99=148 (1/tpot tok/s)
                           isl  p50=59,693    p75=66,429    p90=74,514    p99=118,125 (tokens)
                           osl  p50=166       p75=388       p90=1,087     p99=6,571 (tokens)
                           tot  in=9,040,130      out=94,786
                           trace theoretical_prefix_cache_hit=93.5%
                           srv  prefix_cache_hit=91.1% unique_in_srv=824,087 kv_usage=3.8% queue=1r/0w tput_in_srv=8,100/s tput_out_srv=88/s
2026-06-02 23:58:13.630 - records_manager - INFO - [realtime 19:01 profiling] rps=0.1 (avg 0.2) tput_in=8362/s tput_out=95/s done=167 ok=167 err=0
                           ttft p50=536ms  p75=897ms  p95=2642ms p99=20364ms
                           itl  p50=8ms    p75=8ms    p95=9ms    p99=10ms
                           e2e  p50=2163ms p75=4183ms p95=28772ms p99=62869ms
                           intvty p50=133    p75=140    p95=145    p99=148 (1/tpot tok/s)
                           isl  p50=59,841    p75=66,992    p90=75,378    p99=118,116 (tokens)
                           osl  p50=166       p75=388       p90=1,128     p99=7,187 (tokens)
                           tot  in=9,208,428      out=104,216
                           trace theoretical_prefix_cache_hit=93.3%
                           srv  prefix_cache_hit=91.2% unique_in_srv=824,098 kv_usage=0.0% queue=0r/0w tput_in_srv=7,954/s tput_out_srv=89/s
2026-06-02 23:58:43.995 - records_manager - INFO - [realtime 19:31 profiling] rps=0.0 (avg 0.2) tput_in=8362/s tput_out=95/s done=167 ok=167 err=0
                           ttft p50=536ms  p75=897ms  p95=2642ms p99=20364ms
                           itl  p50=8ms    p75=8ms    p95=9ms    p99=10ms
                           e2e  p50=2163ms p75=4183ms p95=28772ms p99=62869ms
                           intvty p50=133    p75=140    p95=145    p99=148 (1/tpot tok/s)
                           isl  p50=59,841    p75=66,992    p90=75,378    p99=118,116 (tokens)
                           osl  p50=166       p75=388       p90=1,128     p99=7,187 (tokens)
                           tot  in=9,208,428      out=104,216
                           trace theoretical_prefix_cache_hit=93.3%
                           srv  prefix_cache_hit=91.2% unique_in_srv=824,098 kv_usage=0.0% queue=0r/0w tput_in_srv=7,754/s tput_out_srv=87/s
2026-06-02 23:59:14.433 - records_manager - INFO - [realtime 20:02 profiling] rps=0.1 (avg 0.1) tput_in=8079/s tput_out=91/s done=169 ok=169 err=0
                           ttft p50=536ms  p75=900ms  p95=2638ms p99=20319ms
                           itl  p50=8ms    p75=8ms    p95=9ms    p99=10ms
                           e2e  p50=2176ms p75=4255ms p95=28753ms p99=62758ms
                           intvty p50=133    p75=140    p95=145    p99=148 (1/tpot tok/s)
                           isl  p50=60,025    p75=67,298    p90=77,150    p99=118,107 (tokens)
                           osl  p50=171       p75=393       p90=1,118     p99=7,169 (tokens)
                           tot  in=9,381,662      out=105,274
                           trace theoretical_prefix_cache_hit=93.4%
                           srv  prefix_cache_hit=91.3% unique_in_srv=828,756 kv_usage=0.0% queue=0r/0w tput_in_srv=7,703/s tput_out_srv=85/s
2026-06-02 23:59:34.163 - AgenticReplayTiming - INFO - Terminating trajectory 01fece675b92efe07620225cd69c3884f774 early at turn 28/36: context-overflow error from server
2026-06-02 23:59:44.876 - records_manager - INFO - [realtime 20:32 profiling] rps=0.1 (avg 0.1) tput_in=7971/s tput_out=89/s done=173 ok=173 err=0
                           ttft p50=538ms  p75=900ms  p95=2631ms p99=20251ms
                           itl  p50=8ms    p75=8ms    p95=9ms    p99=10ms
                           e2e  p50=2177ms p75=4260ms p95=28725ms p99=62591ms
                           intvty p50=133    p75=140    p95=146    p99=155 (1/tpot tok/s)
                           isl  p50=59,958    p75=67,460    p90=76,234    p99=118,093 (tokens)
                           osl  p50=174       p75=397       p90=1,102     p99=7,141 (tokens)
                           tot  in=9,489,947      out=106,134
                           trace theoretical_prefix_cache_hit=93.1%
                           srv  prefix_cache_hit=91.1% unique_in_srv=862,162 kv_usage=1.3% queue=1r/0w tput_in_srv=7,629/s tput_out_srv=84/s
2026-06-03 00:00:15.296 - records_manager - INFO - [realtime 21:03 profiling] rps=0.1 (avg 0.1) tput_in=7931/s tput_out=88/s done=177 ok=177 err=0
                           ttft p50=535ms  p75=895ms  p95=2623ms p99=20160ms
                           itl  p50=7ms    p75=8ms    p95=9ms    p99=10ms
                           e2e  p50=2177ms p75=4115ms p95=28687ms p99=62368ms
                           intvty p50=134    p75=140    p95=146    p99=155 (1/tpot tok/s)
                           isl  p50=59,724    p75=67,460    p90=78,065    p99=118,075 (tokens)
                           osl  p50=174       p75=397       p90=1,082     p99=7,104 (tokens)
                           tot  in=9,692,424      out=107,123
                           trace theoretical_prefix_cache_hit=93.0%
                           srv  prefix_cache_hit=90.4% unique_in_srv=970,608 kv_usage=8.3% queue=2r/0w tput_in_srv=7,609/s tput_out_srv=83/s
2026-06-03 00:00:45.697 - records_manager - INFO - [realtime 21:33 profiling] rps=0.2 (avg 0.1) tput_in=8156/s tput_out=89/s done=182 ok=182 err=0
                           ttft p50=532ms  p75=900ms  p95=2656ms p99=20047ms
                           itl  p50=8ms    p75=8ms    p95=9ms    p99=11ms
                           e2e  p50=2239ms p75=4315ms p95=28639ms p99=62089ms
                           intvty p50=133    p75=140    p95=146    p99=154 (1/tpot tok/s)
                           isl  p50=59,693    p75=67,798    p90=80,256    p99=136,774 (tokens)
                           osl  p50=176       p75=408       p90=1,154     p99=7,058 (tokens)
                           tot  in=10,217,372     out=110,895
                           trace theoretical_prefix_cache_hit=93.1%
                           srv  prefix_cache_hit=90.7% unique_in_srv=980,192 kv_usage=8.0% queue=1r/0w tput_in_srv=7,961/s tput_out_srv=84/s
2026-06-03 00:01:16.114 - records_manager - INFO - [realtime 22:04 profiling] rps=0.2 (avg 0.1) tput_in=8417/s tput_out=89/s done=187 ok=187 err=0
                           ttft p50=529ms  p75=901ms  p95=2644ms p99=19934ms
                           itl  p50=8ms    p75=8ms    p95=9ms    p99=11ms
                           e2e  p50=2360ms p75=4416ms p95=27576ms p99=61811ms
                           intvty p50=133    p75=140    p95=146    p99=153 (1/tpot tok/s)
                           isl  p50=59,662    p75=67,845    p90=82,383    p99=205,663 (tokens)
                           osl  p50=184       p75=442       p90=1,154     p99=7,012 (tokens)
                           tot  in=10,771,090     out=114,117
                           trace theoretical_prefix_cache_hit=93.2%
                           srv  prefix_cache_hit=91.1% unique_in_srv=990,147 kv_usage=8.2% queue=1r/0w tput_in_srv=8,196/s tput_out_srv=84/s
2026-06-03 00:01:46.585 - records_manager - INFO - [realtime 22:34 profiling] rps=0.2 (avg 0.1) tput_in=8952/s tput_out=89/s done=194 ok=194 err=0
                           ttft p50=532ms  p75=949ms  p95=2629ms p99=19776ms
                           itl  p50=8ms    p75=8ms    p95=9ms    p99=11ms
                           e2e  p50=2390ms p75=4402ms p95=25732ms p99=61421ms
                           intvty p50=133    p75=140    p95=146    p99=152 (1/tpot tok/s)
                           isl  p50=59,693    p75=68,212    p90=93,484    p99=216,580 (tokens)
                           osl  p50=192       p75=431       p90=1,148     p99=6,948 (tokens)
                           tot  in=11,775,573     out=116,558
                           trace theoretical_prefix_cache_hit=93.6%
                           srv  prefix_cache_hit=91.7% unique_in_srv=993,803 kv_usage=0.0% queue=0r/0w tput_in_srv=8,583/s tput_out_srv=84/s
2026-06-03 00:02:17.041 - records_manager - INFO - [realtime 23:04 profiling] rps=0.2 (avg 0.1) tput_in=9412/s tput_out=88/s done=199 ok=199 err=0
                           ttft p50=538ms  p75=971ms  p95=2618ms p99=19663ms
                           itl  p50=8ms    p75=8ms    p95=9ms    p99=11ms
                           e2e  p50=2399ms p75=4512ms p95=24415ms p99=61143ms
                           intvty p50=133    p75=140    p95=146    p99=151 (1/tpot tok/s)
                           isl  p50=59,958    p75=71,908    p90=112,002   p99=218,257 (tokens)
                           osl  p50=200       p75=442       p90=1,122     p99=6,902 (tokens)
                           tot  in=12,696,831     out=118,546
                           trace theoretical_prefix_cache_hit=93.8%
                           srv  prefix_cache_hit=92.2% unique_in_srv=996,565 kv_usage=0.0% queue=0r/0w tput_in_srv=9,048/s tput_out_srv=84/s
2026-06-03 00:02:47.556 - records_manager - INFO - [realtime 23:35 profiling] rps=0.2 (avg 0.1) tput_in=9772/s tput_out=87/s done=204 ok=204 err=0
                           ttft p50=538ms  p75=999ms  p95=2607ms p99=19456ms
                           itl  p50=8ms    p75=8ms    p95=9ms    p99=11ms
                           e2e  p50=2487ms p75=4552ms p95=23271ms p99=60853ms
                           intvty p50=133    p75=140    p95=146    p99=150 (1/tpot tok/s)
                           isl  p50=60,025    p75=72,544    p90=116,621   p99=219,795 (tokens)
                           osl  p50=207       p75=446       p90=1,097     p99=6,860 (tokens)
                           tot  in=13,456,896     out=120,486
                           trace theoretical_prefix_cache_hit=94.0%
                           srv  prefix_cache_hit=92.6% unique_in_srv=1,000,854 kv_usage=0.0% queue=0r/0w tput_in_srv=9,383/s tput_out_srv=83/s
2026-06-03 00:03:18.047 - records_manager - INFO - [realtime 24:05 profiling] rps=0.2 (avg 0.1) tput_in=10097/s tput_out=87/s done=209 ok=209 err=0
                           ttft p50=538ms  p75=1067ms p95=2594ms p99=18873ms
                           itl  p50=8ms    p75=8ms    p95=9ms    p99=11ms
                           e2e  p50=2540ms p75=4583ms p95=22822ms p99=60516ms
                           intvty p50=133    p75=140    p95=146    p99=150 (1/tpot tok/s)
                           isl  p50=60,092    p75=73,471    p90=117,758   p99=221,083 (tokens)
                           osl  p50=215       p75=482       p90=1,071     p99=6,837 (tokens)
                           tot  in=14,223,093     out=123,224
                           trace theoretical_prefix_cache_hit=94.2%
                           srv  prefix_cache_hit=93.0% unique_in_srv=1,003,403 kv_usage=0.0% queue=0r/0w tput_in_srv=9,707/s tput_out_srv=83/s
2026-06-03 00:03:48.600 - records_manager - INFO - [realtime 24:36 profiling] rps=0.2 (avg 0.1) tput_in=10293/s tput_out=88/s done=214 ok=214 err=0
                           ttft p50=538ms  p75=1074ms p95=2581ms p99=18290ms
                           itl  p50=8ms    p75=8ms    p95=9ms    p99=11ms
                           e2e  p50=2564ms p75=4605ms p95=22372ms p99=60179ms
                           intvty p50=133    p75=140    p95=146    p99=150 (1/tpot tok/s)
                           isl  p50=60,025    p75=73,479    p90=118,367   p99=222,302 (tokens)
                           osl  p50=222       p75=494       p90=1,097     p99=6,814 (tokens)
                           tot  in=14,824,860     out=126,245
                           trace theoretical_prefix_cache_hit=94.4%
                           srv  prefix_cache_hit=93.4% unique_in_srv=1,007,434 kv_usage=8.6% queue=1r/0w tput_in_srv=10,060/s tput_out_srv=84/s
2026-06-03 00:04:19.109 - records_manager - INFO - [realtime 25:07 profiling] rps=0.2 (avg 0.1) tput_in=10748/s tput_out=88/s done=219 ok=219 err=0
                           ttft p50=542ms  p75=1120ms p95=2567ms p99=17707ms
                           itl  p50=8ms    p75=8ms    p95=9ms    p99=11ms
                           e2e  p50=2598ms p75=4634ms p95=21922ms p99=59842ms
                           intvty p50=132    p75=140    p95=146    p99=150 (1/tpot tok/s)
                           isl  p50=60,096    p75=73,803    p90=206,755   p99=225,621 (tokens)
                           osl  p50=225       p75=499       p90=1,071     p99=6,790 (tokens)
                           tot  in=15,780,746     out=128,598
                           trace theoretical_prefix_cache_hit=94.6%
                           srv  prefix_cache_hit=93.7% unique_in_srv=1,009,088 kv_usage=0.0% queue=0r/0w tput_in_srv=10,333/s tput_out_srv=84/s
2026-06-03 00:04:49.672 - records_manager - INFO - [realtime 25:37 profiling] rps=0.0 (avg 0.1) tput_in=10860/s tput_out=87/s done=220 ok=220 err=0
                           ttft p50=544ms  p75=1166ms p95=2565ms p99=17590ms
                           itl  p50=8ms    p75=8ms    p95=9ms    p99=11ms
                           e2e  p50=2607ms p75=4630ms p95=21832ms p99=59775ms
                           intvty p50=132    p75=140    p95=146    p99=150 (1/tpot tok/s)
                           isl  p50=60,515    p75=73,803    p90=211,197   p99=226,180 (tokens)
                           osl  p50=224       p75=498       p90=1,066     p99=6,786 (tokens)
                           tot  in=16,007,615     out=128,778
                           trace theoretical_prefix_cache_hit=94.7%
                           srv  prefix_cache_hit=93.8% unique_in_srv=1,014,900 kv_usage=8.9% queue=1r/0w tput_in_srv=10,424/s tput_out_srv=84/s
2026-06-03 00:05:20.200 - records_manager - INFO - [realtime 26:08 profiling] rps=0.1 (avg 0.1) tput_in=10590/s tput_out=85/s done=222 ok=222 err=0
                           ttft p50=544ms  p75=1135ms p95=2559ms p99=17357ms
                           itl  p50=8ms    p75=8ms    p95=9ms    p99=11ms
                           e2e  p50=2607ms p75=4623ms p95=21652ms p99=59640ms
                           intvty p50=132    p75=140    p95=146    p99=150 (1/tpot tok/s)
                           isl  p50=60,094    p75=73,803    p90=210,056   p99=226,168 (tokens)
                           osl  p50=224       p75=494       p90=1,056     p99=6,776 (tokens)
                           tot  in=16,114,079     out=129,286
                           trace theoretical_prefix_cache_hit=94.7%
                           srv  prefix_cache_hit=93.8% unique_in_srv=1,017,199 kv_usage=11.2% queue=2r/0w tput_in_srv=10,327/s tput_out_srv=85/s
2026-06-03 00:05:50.810 - records_manager - INFO - [realtime 26:38 profiling] rps=0.4 (avg 0.1) tput_in=10602/s tput_out=89/s done=233 ok=233 err=0
                           ttft p50=535ms  p75=1103ms p95=2507ms p99=16075ms
                           itl  p50=8ms    p75=8ms    p95=9ms    p99=11ms
                           e2e  p50=2579ms p75=4610ms p95=22462ms p99=63901ms
                           intvty p50=133    p75=140    p95=146    p99=167 (1/tpot tok/s)
                           isl  p50=58,870    p75=73,510    p90=209,486   p99=226,462 (tokens)
                           osl  p50=220       p75=496       p90=1,102     p99=7,290 (tokens)
                           tot  in=16,571,967     out=139,341
                           trace theoretical_prefix_cache_hit=94.3%
                           srv  prefix_cache_hit=93.8% unique_in_srv=1,043,925 kv_usage=0.0% queue=0r/0w tput_in_srv=10,238/s tput_out_srv=86/s
2026-06-03 00:06:21.382 - records_manager - INFO - [realtime 27:09 profiling] rps=0.2 (avg 0.1) tput_in=10678/s tput_out=89/s done=240 ok=240 err=0
                           ttft p50=528ms  p75=1108ms p95=2471ms p99=15259ms
                           itl  p50=8ms    p75=8ms    p95=9ms    p99=11ms
                           e2e  p50=2544ms p75=4615ms p95=21832ms p99=63603ms
                           intvty p50=133    p75=140    p95=146    p99=167 (1/tpot tok/s)
                           isl  p50=57,614    p75=73,495    p90=211,197   p99=226,747 (tokens)
                           osl  p50=216       p75=498       p90=1,117     p99=7,247 (tokens)
                           tot  in=16,978,638     out=142,204
                           trace theoretical_prefix_cache_hit=94.3%
                           srv  prefix_cache_hit=93.7% unique_in_srv=1,072,564 kv_usage=0.4% queue=1r/0w tput_in_srv=10,300/s tput_out_srv=86/s
2026-06-03 00:06:52.085 - records_manager - INFO - [realtime 27:40 profiling] rps=0.4 (avg 0.2) tput_in=11033/s tput_out=89/s done=252 ok=252 err=0
                           ttft p50=528ms  p75=1118ms p95=2372ms p99=13859ms
                           itl  p50=8ms    p75=8ms    p95=9ms    p99=11ms
                           e2e  p50=2513ms p75=4591ms p95=21194ms p99=63092ms
                           intvty p50=132    p75=140    p95=146    p99=167 (1/tpot tok/s)
                           isl  p50=55,544    p75=73,495    p90=216,252   p99=238,124 (tokens)
                           osl  p50=207       p75=478       p90=1,065     p99=7,175 (tokens)
                           tot  in=17,920,006     out=144,932
                           trace theoretical_prefix_cache_hit=94.3%
                           srv  prefix_cache_hit=93.9% unique_in_srv=1,109,724 kv_usage=9.2% queue=1r/0w tput_in_srv=10,807/s tput_out_srv=86/s
2026-06-03 00:07:22.724 - records_manager - INFO - [realtime 28:10 profiling] rps=0.4 (avg 0.2) tput_in=11629/s tput_out=89/s done=264 ok=264 err=0
                           ttft p50=524ms  p75=1166ms p95=2266ms p99=12460ms
                           itl  p50=8ms    p75=8ms    p95=9ms    p99=11ms
                           e2e  p50=2458ms p75=4591ms p95=20724ms p99=62581ms
                           intvty p50=132    p75=140    p95=146    p99=167 (1/tpot tok/s)
                           isl  p50=54,576    p75=73,513    p90=217,230   p99=240,799 (tokens)
                           osl  p50=200       p75=450       p90=1,059     p99=7,102 (tokens)
                           tot  in=19,211,147     out=147,400
                           trace theoretical_prefix_cache_hit=94.5%
                           srv  prefix_cache_hit=94.2% unique_in_srv=1,133,891 kv_usage=11.3% queue=2r/0w tput_in_srv=11,398/s tput_out_srv=86/s
2026-06-03 00:07:53.504 - records_manager - INFO - [realtime 28:41 profiling] rps=0.4 (avg 0.2) tput_in=12098/s tput_out=89/s done=275 ok=275 err=0
                           ttft p50=525ms  p75=1182ms p95=2250ms p99=11178ms
                           itl  p50=8ms    p75=8ms    p95=9ms    p99=10ms
                           e2e  p50=2393ms p75=4599ms p95=20512ms p99=62112ms
                           intvty p50=132    p75=140    p95=146    p99=167 (1/tpot tok/s)
                           isl  p50=53,776    p75=73,516    p90=218,145   p99=249,730 (tokens)
                           osl  p50=190       p75=448       p90=1,058     p99=7,035 (tokens)
                           tot  in=20,362,999     out=150,379
                           trace theoretical_prefix_cache_hit=94.7%
                           srv  prefix_cache_hit=94.5% unique_in_srv=1,139,898 kv_usage=2.0% queue=1r/0w tput_in_srv=11,715/s tput_out_srv=86/s
2026-06-03 00:08:24.235 - records_manager - INFO - [realtime 29:12 profiling] rps=0.3 (avg 0.2) tput_in=12384/s tput_out=89/s done=283 ok=283 err=0
                           ttft p50=525ms  p75=1223ms p95=2237ms p99=10245ms
                           itl  p50=8ms    p75=8ms    p95=9ms    p99=10ms
                           e2e  p50=2360ms p75=4599ms p95=20358ms p99=61772ms
                           intvty p50=132    p75=140    p95=146    p99=167 (1/tpot tok/s)
                           isl  p50=54,298    p75=73,516    p90=218,757   p99=251,400 (tokens)
                           osl  p50=185       p75=442       p90=1,060     p99=6,986 (tokens)
                           tot  in=21,204,669     out=152,574
                           trace theoretical_prefix_cache_hit=94.9%
                           srv  prefix_cache_hit=94.7% unique_in_srv=1,149,532 kv_usage=12.0% queue=2r/0w tput_in_srv=11,987/s tput_out_srv=86/s
2026-06-03 00:08:54.929 - records_manager - INFO - [realtime 29:42 profiling] rps=0.1 (avg 0.2) tput_in=12499/s tput_out=90/s done=287 ok=287 err=0
                           ttft p50=525ms  p75=1245ms p95=2229ms p99=9779ms
                           itl  p50=8ms    p75=8ms    p95=9ms    p99=10ms
                           e2e  p50=2393ms p75=4890ms p95=20148ms p99=61601ms
                           intvty p50=132    p75=140    p95=146    p99=167 (1/tpot tok/s)
                           isl  p50=54,395    p75=73,803    p90=219,567   p99=252,827 (tokens)
                           osl  p50=190       p75=470       p90=1,078     p99=6,962 (tokens)
                           tot  in=21,787,245     out=157,514
                           trace theoretical_prefix_cache_hit=95.0%
                           srv  prefix_cache_hit=94.7% unique_in_srv=1,155,368 kv_usage=0.6% queue=1r/0w tput_in_srv=12,080/s tput_out_srv=87/s
2026-06-03 00:09:12.065 - PhaseRunner - INFO - Timeout of 1799.999447737s elapsed for event 'profiling phase sending'
2026-06-03 00:09:12.066 - PhaseRunner - NOTICE - Phase profiling sending complete | sent=290, completed=289, in_flight=1 | sessions: sent=4, completed=2 | timeout_triggered=True
2026-06-03 00:09:12.066 - PhaseRunner - INFO - Waiting for event 'profiling phase credits returned' with timeout of 29.999475873999927s
2026-06-03 00:09:12.066 - records_manager - INFO - Sent 290 requests. Waiting for all to complete...
2026-06-03 00:09:18.696 - PhaseRunner - NOTICE - Phase profiling complete | completed=290, cancelled=0, errors=0 | sessions: completed=2, cancelled=0 | elapsed=1806.63s
2026-06-03 00:09:18.696 - aiperf.timing.branch_orchestrator - INFO - BranchOrchestrator stats: spawned=8 completed=8 errored=0 suspended=4 resumed=4 parents_failed_due_to_child_error=0 joins_suppressed=0
2026-06-03 00:09:18.696 - PhaseOrchestrator_e5c8c733 - NOTICE - All credits completed
2026-06-03 00:09:18.697 - records_manager - INFO - Received CREDIT_PHASE_COMPLETE message, Phase complete: PhaseRecordsStats(phase=CreditPhase.PROFILING, start_ns=1780443552065761432, sent_end_ns=1780445352065956516, requests_end_ns=1780445358696269868, total_expected_requests=None, expected_duration_sec=None, expected_num_sessions=None, expected_grace_period_sec=None, final_requests_sent=None, final_requests_completed=290, final_requests_cancelled=0, final_request_errors=0, final_sent_sessions=None, final_completed_sessions=None, final_cancelled_sessions=None, timeout_triggered=True, grace_period_timeout_triggered=False, was_cancelled=False, records_end_ns=None, success_records=289, error_records=0)
2026-06-03 00:09:18.697 - system_controller - INFO - Received credits complete from 'timing_manager'
2026-06-03 00:09:18.697 - records_manager - NOTICE - All requests have completed, please wait for the results to be processed (currently 289 of 290 records processed)...
2026-06-03 00:09:18.697 - records_manager - INFO - All credits complete, please wait for the results to be processed...
2026-06-03 00:09:18.707 - records_manager - INFO - Processed 290 valid requests and 0 errors (290 total).
2026-06-03 00:09:18.707 - records_manager - INFO - Received all records, processing now...
2026-06-03 00:09:18.708 - server_metrics_manager - INFO - Server Metrics: Profiling complete, capturing final metrics...
2026-06-03 00:09:18.708 - records_manager - INFO - Waiting 2.0s for server metrics flush period...
2026-06-03 00:09:20.696 - records_manager - INFO - Processing records results...
2026-06-03 00:09:23.427 - RecordExportJSONLWriter_54ba9c06 - WARNING - Timeout waiting for 0 pending flush tasks during shutdown. Cancelling tasks and proceeding with cleanup.
2026-06-03 00:09:23.641 - system_controller - INFO - Waiting for server metrics results...
2026-06-03 00:09:23.641 - system_controller - INFO - Waiting for server metrics results...
2026-06-03 00:09:25.046 - records_manager - INFO - _finalize_and_process_results completed
2026-06-03 00:09:25.639 - system_controller - INFO - All results received, initiating shutdown
2026-06-03 00:09:25.779 - records_manager - INFO - [realtime 30:06 profiling] rps=0.1 (avg 0.2) tput_in=12459/s tput_out=91/s done=290 ok=290 err=0
                           ttft p50=524ms  p75=1251ms p95=2223ms p99=9429ms
                           itl  p50=8ms    p75=8ms    p95=9ms    p99=10ms
                           e2e  p50=2424ms p75=4956ms p95=20608ms p99=61474ms
                           intvty p50=132    p75=140    p95=146    p99=167 (1/tpot tok/s)
                           isl  p50=54,346    p75=73,803    p90=219,976   p99=253,899 (tokens)
                           osl  p50=197       p75=493       p90=1,092     p99=6,944 (tokens)
                           tot  in=22,076,594     out=161,122
                           trace theoretical_prefix_cache_hit=95.0%
                           srv  prefix_cache_hit=94.8% unique_in_srv=1,159,304 kv_usage=0.0% queue=0r/0w tput_in_srv=12,068/s tput_out_srv=88/s
2026-06-03 00:09:26.243 - ExporterManager - INFO - Exporting all records
2026-06-03 00:09:26.397 - aiperf.common.scenario.validator - INFO - Scenario 'inferencex-agentx-mvp': setting timing_mode=agentic_replay (was at default request_rate).
2026-06-03 00:09:28.114 - aiperf.common.scenario.validator - INFO - Scenario 'inferencex-agentx-mvp': setting timing_mode=agentic_replay (was at default request_rate).
2026-06-03 00:09:28.226 - ExporterManager - INFO - Exporting console data
