2026-06-03 17:23:14.500 - aiperf.cli_runner - INFO - Starting AIPerf System
2026-06-03 17:23:14.573 - server_metrics_manager - INFO - Server Metrics: Discovered 1 endpoints: ['http://localhost:8889/metrics']
2026-06-03 17:23:14.594 - system_controller - INFO - Registered Server Metrics Manager (id: 'server_metrics_manager')
2026-06-03 17:23:14.611 - system_controller - INFO - Registered Gpu Telemetry Manager (id: 'gpu_telemetry_manager')
2026-06-03 17:23:14.662 - system_controller - INFO - Registered Worker Manager (id: 'worker_manager')
2026-06-03 17:23:14.675 - system_controller - INFO - Registered Dataset Manager (id: 'dataset_manager')
2026-06-03 17:23:14.700 - GPUTelemetryJSONLWriter_d3457f16 - INFO - GPU telemetry export enabled: /workspace/results/aiperf_artifacts/gpu_telemetry_export.jsonl
2026-06-03 17:23:14.701 - RecordExportJSONLWriter_4ad31c49 - INFO - Record metrics export enabled: /workspace/results/aiperf_artifacts/profile_export.jsonl
2026-06-03 17:23:14.762 - system_controller - INFO - Registered Record Processor (id: 'record_processor_5a1573ac')
2026-06-03 17:23:14.769 - system_controller - INFO - Registered Timing Manager (id: 'timing_manager')
2026-06-03 17:23:14.830 - system_controller - INFO - Registered Records Manager (id: 'records_manager')
2026-06-03 17:23:14.855 - system_controller - INFO - Registered Worker (id: 'worker_e2324333')
2026-06-03 17:23:14.856 - system_controller - INFO - Registered Worker (id: 'worker_fd3a3472')
2026-06-03 17:23:14.856 - system_controller - INFO - Registered Worker (id: 'worker_38c81118')
2026-06-03 17:23:14.874 - system_controller - INFO - Registered Worker (id: 'worker_018bad9d')
2026-06-03 17:23:15.048 - system_controller - INFO - AIPerf System is CONFIGURING
2026-06-03 17:23:15.048 - system_controller - INFO - Configuring all services to start profiling
2026-06-03 17:23:15.050 - timing_manager - INFO - Waiting for dataset to be configured before configuring timing
2026-06-03 17:23:15.050 - InferenceResultParser_013c3570 - INFO - Tokenization is disabled for this endpoint, skipping tokenizer configuration
2026-06-03 17:23:15.062 - system_controller - INFO - GPU telemetry disabled - no DCGM endpoints reachable
2026-06-03 17:23:15.070 - server_metrics_manager - INFO - Server Metrics: Capturing baseline metrics...
2026-06-03 17:23:15.084 - dataset_manager - INFO - Memory-mapped dataset cache HIT (key=b66a5a6b30281a126dcd60715e4300ab); skipping tokenizer + composer.
2026-06-03 17:23:15.112 - system_controller - INFO - Server metrics enabled - 1/1 endpoint(s) reachable.
2026-06-03 17:23:15.570 - aiperf.dataset.mmap_cache - INFO - Restored mmap cache file dataset.dat via copy in 0.485s (1.25 GiB)
2026-06-03 17:23:15.570 - aiperf.dataset.mmap_cache - INFO - Restored mmap cache file index.dat via copy in 0.001s (0.00 GiB)
2026-06-03 17:23:15.570 - aiperf.dataset.mmap_cache - INFO - Restored mmap cache files in 0.485s via dataset=copy index=copy (dataset=1.25 GiB, index=0.00 GiB)
2026-06-03 17:23:15.829 - dataset_manager - INFO - sampling strategy: sequential, unique conversations: 678, unique turn count: 52915
2026-06-03 17:23:16.280 - aiperf.timing.trajectory_source - INFO - TrajectorySource: built 4 trajectories from 225 traces
  range cfg=[0.25, 0.75]  observed sample pct: min= 27% median= 47% max= 55%
    lane=00  sample_time= 39%  root_next= 14/32  ( 44% turns)  live=1 ready=1  trace_id=00e7d11db2db59f44a87b4110175b11d1af3
    lane=01  sample_time= 55%  root_next= 15/28  ( 54% turns)  live=1 ready=1  trace_id=01fece675b92efe07620225cd69c3884f774
    lane=02  sample_time= 55%  root_next=306/594 ( 52% turns)  live=1 ready=1  trace_id=0275949f4db511444909fe92b12f7e921e4a
    lane=03  sample_time= 27%  root_next= 13/27  ( 48% turns)  live=1 ready=1  trace_id=03be8f1eb1e9e620f46bd07068d6ab1aaae3
2026-06-03 17:23:16.281 - PhaseOrchestrator_30b75e6d - INFO - Initialized 2 phase(s): ['Warmup', 'Profiling']
2026-06-03 17:23:16.310 - dataset_manager - INFO - Dataset client initialized and freed 0 conversations from memory
2026-06-03 17:23:16.311 - system_controller - INFO - All services configured in 1.26 seconds
2026-06-03 17:23:16.311 - system_controller - INFO - AIPerf System is CONFIGURED
2026-06-03 17:23:16.312 - server_metrics_manager - INFO - Server Metrics: Started 1 collector(s) successfully
2026-06-03 17:23:16.327 - PhaseRunner - NOTICE - Phase warmup started | target: 4 requests
2026-06-03 17:23:16.327 - AgenticReplayTiming - INFO - WARMUP execute: dispatching 4 trajectory credits
2026-06-03 17:23:16.328 - PhaseRunner - NOTICE - Phase warmup sending complete | sent=4, completed=0, in_flight=4
2026-06-03 17:23:16.755 - records_manager - INFO - Credit phase start: warmup
2026-06-03 17:23:16.755 - system_controller - INFO - All services started profiling successfully
2026-06-03 17:23:16.756 - system_controller - INFO - AIPerf System is PROFILING
2026-06-03 17:24:31.493 - PhaseRunner - NOTICE - Phase warmup complete | completed=4, cancelled=0, errors=0 | elapsed=75.17s
2026-06-03 17:24:31.494 - aiperf.timing.branch_orchestrator - INFO - BranchOrchestrator stats: spawned=0 completed=0 errored=0 suspended=0 resumed=0 parents_failed_due_to_child_error=0 joins_suppressed=0
2026-06-03 17:24:31.509 - AgenticReplayTiming - INFO - PROFILING setup: trajectories=4 traces, recycle_queue=225 traces (full pool)
2026-06-03 17:24:31.510 - PhaseRunner - NOTICE - Phase profiling started | target: 1800.0s duration
2026-06-03 17:24:31.510 - PhaseRunner - INFO - Waiting for event 'profiling phase sending' with timeout of 1799.999383333s
2026-06-03 17:24:31.510 - AgenticReplayTiming - INFO - PROFILING execute: resuming 4 trajectory sessions
2026-06-03 17:24:31.510 - records_manager - INFO - Credit phase start: profiling
2026-06-03 17:24:44.743 - records_manager - INFO - [realtime 00:13 profiling] rps=2.1 (avg 2.1) tput_in=175650/s tput_out=13/s done=1 ok=1 err=0
                           ttft p50=341ms  p75=341ms  p95=341ms  p99=341ms
                           itl  p50=27ms   p75=27ms   p95=27ms   p99=27ms
                           e2e  p50=476ms  p75=476ms  p95=476ms  p99=476ms
                           intvty p50=37     p75=37     p95=37     p99=37 (1/tpot tok/s)
                           isl  p50=83,692    p75=83,692    p90=83,692    p99=83,692 (tokens)
                           osl  p50=6         p75=6         p90=6         p99=6 (tokens)
                           tot  in=83,692         out=6
                           trace theoretical_prefix_cache_hit=99.9%
                           srv  prefix_cache_hit=99.9% kv_usage=26.0% cpu_kv_usage=2.4% queue=2r/0w tput_in_srv=9,365/s tput_out_srv=17/s
2026-06-03 17:25:14.764 - records_manager - INFO - [realtime 00:43 profiling] rps=0.1 (avg 0.1) tput_in=6848/s tput_out=15/s done=4 ok=4 err=0
                           ttft p50=5771ms p75=10345ms p95=10387ms p99=10396ms
                           itl  p50=25ms   p75=27ms   p95=27ms   p99=27ms
                           e2e  p50=8840ms p75=13304ms p95=16545ms p99=17193ms
                           intvty p50=41     p75=44     p95=45     p99=45 (1/tpot tok/s)
                           isl  p50=68,606    p75=75,985    p90=80,609    p99=83,384 (tokens)
                           osl  p50=129       p75=228       p90=282       p99=313 (tokens)
                           tot  in=267,370        out=581
                           trace theoretical_prefix_cache_hit=98.0%
                           srv  prefix_cache_hit=39.0% unique_in_srv=287,328 kv_usage=10.0% cpu_kv_usage=2.4% queue=1r/0w tput_in_srv=7,761/s tput_out_srv=18/s
2026-06-03 17:25:44.794 - records_manager - INFO - [realtime 01:13 profiling] rps=0.1 (avg 0.1) tput_in=5805/s tput_out=17/s done=6 ok=6 err=0
                           ttft p50=5656ms p75=10271ms p95=10380ms p99=10394ms
                           itl  p50=26ms   p75=27ms   p95=60ms   p99=69ms
                           e2e  p50=14549ms p75=17303ms p95=18837ms p99=19232ms
                           intvty p50=39     p75=43     p95=45     p99=45 (1/tpot tok/s)
                           isl  p50=68,606    p75=81,123    p90=83,725    p99=83,755 (tokens)
                           osl  p50=214       p75=295       p90=346       p99=373 (tokens)
                           tot  in=398,301        out=1,186
                           trace theoretical_prefix_cache_hit=98.4%
                           srv  prefix_cache_hit=52.1% unique_in_srv=288,211 kv_usage=10.0% cpu_kv_usage=2.4% queue=1r/0w tput_in_srv=6,637/s tput_out_srv=19/s
2026-06-03 17:26:14.847 - records_manager - INFO - [realtime 01:43 profiling] rps=0.2 (avg 0.1) tput_in=8826/s tput_out=30/s done=12 ok=12 err=0
                           ttft p50=1417ms p75=10345ms p95=10863ms p99=10918ms
                           itl  p50=27ms   p75=34ms   p95=73ms   p99=75ms
                           e2e  p50=11681ms p75=17198ms p95=33248ms p99=46856ms
                           intvty p50=37     p75=41     p95=44     p99=45 (1/tpot tok/s)
                           isl  p50=68,770    p75=83,708    p90=84,048    p99=84,367 (tokens)
                           osl  p50=168       p75=300       p90=370       p99=1,022 (tokens)
                           tot  in=817,931        out=2,798
                           trace theoretical_prefix_cache_hit=98.8%
                           srv  prefix_cache_hit=70.9% unique_in_srv=296,769 kv_usage=7.0% cpu_kv_usage=2.5% queue=1r/0w tput_in_srv=8,488/s tput_out_srv=28/s
2026-06-03 17:26:44.914 - records_manager - INFO - [realtime 02:13 profiling] rps=0.2 (avg 0.1) tput_in=9802/s tput_out=30/s done=17 ok=17 err=0
                           ttft p50=903ms  p75=10099ms p95=10831ms p99=10912ms
                           itl  p50=27ms   p75=31ms   p95=88ms   p99=128ms
                           e2e  p50=7396ms p75=15150ms p95=25516ms p99=45310ms
                           intvty p50=37     p75=41     p95=45     p99=45 (1/tpot tok/s)
                           isl  p50=64,768    p75=79,182    p90=83,887    p99=84,351 (tokens)
                           osl  p50=199       p75=257       p90=341       p99=986 (tokens)
                           tot  in=1,150,320      out=3,562
                           trace theoretical_prefix_cache_hit=98.6%
                           srv  prefix_cache_hit=77.6% unique_in_srv=303,910 kv_usage=7.0% cpu_kv_usage=2.5% queue=1r/0w tput_in_srv=8,985/s tput_out_srv=27/s
2026-06-03 17:27:14.992 - records_manager - INFO - [realtime 02:43 profiling] rps=0.1 (avg 0.1) tput_in=9144/s tput_out=29/s done=21 ok=21 err=0
                           ttft p50=530ms  p75=1620ms p95=10806ms p99=10907ms
                           itl  p50=25ms   p75=28ms   p95=75ms   p99=126ms
                           e2e  p50=7396ms p75=12215ms p95=19330ms p99=44073ms
                           intvty p50=41     p75=43     p95=46     p99=46 (1/tpot tok/s)
                           isl  p50=64,768    p75=83,692    p90=84,403    p99=84,882 (tokens)
                           osl  p50=199       p75=294       p90=376       p99=992 (tokens)
                           tot  in=1,420,926      out=4,484
                           trace theoretical_prefix_cache_hit=98.8%
                           srv  prefix_cache_hit=81.2% unique_in_srv=305,396 kv_usage=11.0% cpu_kv_usage=2.6% queue=1r/0w tput_in_srv=8,991/s tput_out_srv=28/s
2026-06-03 17:27:45.081 - records_manager - INFO - [realtime 03:13 profiling] rps=0.1 (avg 0.1) tput_in=8979/s tput_out=31/s done=25 ok=25 err=0
                           ttft p50=530ms  p75=6563ms p95=10725ms p99=10902ms
                           itl  p50=25ms   p75=31ms   p95=74ms   p99=123ms
                           e2e  p50=8557ms p75=15150ms p95=26571ms p99=45008ms
                           intvty p50=41     p75=43     p95=46     p99=46 (1/tpot tok/s)
                           isl  p50=64,768    p75=83,692    p90=84,597    p99=84,970 (tokens)
                           osl  p50=199       p75=317       p90=520       p99=1,003 (tokens)
                           tot  in=1,701,465      out=5,905
                           trace theoretical_prefix_cache_hit=98.9%
                           srv  prefix_cache_hit=83.9% unique_in_srv=306,895 kv_usage=20.0% cpu_kv_usage=2.6% queue=2r/0w tput_in_srv=9,042/s tput_out_srv=31/s
2026-06-03 17:28:15.183 - records_manager - INFO - [realtime 03:43 profiling] rps=0.2 (avg 0.1) tput_in=9657/s tput_out=38/s done=31 ok=31 err=0
                           ttft p50=490ms  p75=2997ms p95=10602ms p99=10894ms
                           itl  p50=26ms   p75=28ms   p95=73ms   p99=120ms
                           e2e  p50=8557ms p75=15668ms p95=27886ms p99=43695ms
                           intvty p50=39     p75=42     p95=46     p99=46 (1/tpot tok/s)
                           isl  p50=67,009    p75=83,725    p90=84,921    p99=85,516 (tokens)
                           osl  p50=229       p75=362       p90=689       p99=1,082 (tokens)
                           tot  in=2,123,985      out=8,429
                           trace theoretical_prefix_cache_hit=98.9%
                           srv  prefix_cache_hit=86.6% unique_in_srv=312,455 kv_usage=11.0% cpu_kv_usage=2.6% queue=1r/0w tput_in_srv=9,657/s tput_out_srv=37/s
2026-06-03 17:28:45.292 - records_manager - INFO - [realtime 04:13 profiling] rps=0.1 (avg 0.1) tput_in=9486/s tput_out=38/s done=34 ok=34 err=0
                           ttft p50=489ms  p75=1577ms p95=10541ms p99=10890ms
                           itl  p50=26ms   p75=28ms   p95=73ms   p99=118ms
                           e2e  p50=8205ms p75=15926ms p95=27737ms p99=43039ms
                           intvty p50=39     p75=41     p95=45     p99=46 (1/tpot tok/s)
                           isl  p50=67,361    p75=83,742    p90=84,966    p99=85,632 (tokens)
                           osl  p50=214       p75=369       p90=760       p99=1,080 (tokens)
                           tot  in=2,329,321      out=9,397
                           trace theoretical_prefix_cache_hit=98.9%
                           srv  prefix_cache_hit=87.6% unique_in_srv=313,695 kv_usage=23.0% cpu_kv_usage=2.6% queue=2r/0w tput_in_srv=9,346/s tput_out_srv=37/s
2026-06-03 17:29:15.402 - records_manager - INFO - [realtime 04:43 profiling] rps=0.0 (avg 0.1) tput_in=9486/s tput_out=38/s done=34 ok=34 err=0
                           ttft p50=489ms  p75=1577ms p95=10541ms p99=10890ms
                           itl  p50=26ms   p75=28ms   p95=73ms   p99=118ms
                           e2e  p50=8205ms p75=15926ms p95=27737ms p99=43039ms
                           intvty p50=39     p75=41     p95=45     p99=46 (1/tpot tok/s)
                           isl  p50=67,361    p75=83,742    p90=84,966    p99=85,632 (tokens)
                           osl  p50=214       p75=369       p90=760       p99=1,080 (tokens)
                           tot  in=2,329,321      out=9,397
                           trace theoretical_prefix_cache_hit=98.9%
                           srv  prefix_cache_hit=87.6% unique_in_srv=313,695 kv_usage=34.0% cpu_kv_usage=2.6% queue=3r/0w tput_in_srv=8,414/s tput_out_srv=33/s
2026-06-03 17:29:45.525 - records_manager - INFO - [realtime 05:14 profiling] rps=0.2 (avg 0.1) tput_in=8893/s tput_out=51/s done=39 ok=39 err=0
                           ttft p50=490ms  p75=1534ms p95=10439ms p99=10884ms
                           itl  p50=26ms   p75=27ms   p95=72ms   p99=114ms
                           e2e  p50=8557ms p75=17250ms p95=50686ms p99=66820ms
                           intvty p50=39     p75=41     p95=45     p99=46 (1/tpot tok/s)
                           isl  p50=73,416    p75=83,872    p90=85,038    p99=85,632 (tokens)
                           osl  p50=229       p75=424       p90=1,048     p99=2,485 (tokens)
                           tot  in=2,729,173      out=15,556
                           trace theoretical_prefix_cache_hit=98.7%
                           srv  prefix_cache_hit=88.9% unique_in_srv=326,219 kv_usage=7.0% cpu_kv_usage=2.7% queue=1r/0w tput_in_srv=8,860/s tput_out_srv=49/s
2026-06-03 17:30:15.655 - records_manager - INFO - [realtime 05:44 profiling] rps=0.1 (avg 0.1) tput_in=9081/s tput_out=49/s done=43 ok=43 err=0
                           ttft p50=490ms  p75=1331ms p95=10391ms p99=10879ms
                           itl  p50=25ms   p75=27ms   p95=69ms   p99=112ms
                           e2e  p50=7854ms p75=16666ms p95=48512ms p99=66027ms
                           intvty p50=39     p75=42     p95=46     p99=46 (1/tpot tok/s)
                           isl  p50=73,416    p75=84,034    p90=85,555    p99=86,632 (tokens)
                           osl  p50=204       p75=378       p90=1,000     p99=2,456 (tokens)
                           tot  in=3,008,594      out=16,320
                           trace theoretical_prefix_cache_hit=98.8%
                           srv  prefix_cache_hit=89.7% unique_in_srv=329,864 kv_usage=31.0% cpu_kv_usage=2.8% queue=3r/0w tput_in_srv=8,889/s tput_out_srv=47/s
2026-06-03 17:30:45.795 - records_manager - INFO - [realtime 06:14 profiling] rps=0.2 (avg 0.1) tput_in=9712/s tput_out=50/s done=50 ok=50 err=0
                           ttft p50=489ms  p75=1137ms p95=10366ms p99=10870ms
                           itl  p50=26ms   p75=28ms   p95=59ms   p99=108ms
                           e2e  p50=7568ms p75=15926ms p95=47720ms p99=64640ms
                           intvty p50=39     p75=41     p95=45     p99=46 (1/tpot tok/s)
                           isl  p50=73,960    p75=84,645    p90=86,601    p99=87,823 (tokens)
                           osl  p50=202       p75=369       p90=1,042     p99=2,405 (tokens)
                           tot  in=3,570,545      out=18,552
                           trace theoretical_prefix_cache_hit=98.9%
                           srv  prefix_cache_hit=91.0% unique_in_srv=339,623 kv_usage=27.0% cpu_kv_usage=2.9% queue=2r/0w tput_in_srv=9,643/s tput_out_srv=49/s
2026-06-03 17:31:15.974 - records_manager - INFO - [realtime 06:44 profiling] rps=0.2 (avg 0.1) tput_in=9778/s tput_out=50/s done=55 ok=55 err=0
                           ttft p50=490ms  p75=1059ms p95=10349ms p99=10864ms
                           itl  p50=26ms   p75=28ms   p95=52ms   p99=104ms
                           e2e  p50=7396ms p75=15668ms p95=46310ms p99=63649ms
                           intvty p50=38     p75=41     p95=45     p99=46 (1/tpot tok/s)
                           isl  p50=73,932    p75=84,824    p90=86,857    p99=88,039 (tokens)
                           osl  p50=199       p75=362       p90=965       p99=2,368 (tokens)
                           tot  in=3,835,204      out=19,541
                           trace theoretical_prefix_cache_hit=98.0%
                           srv  prefix_cache_hit=90.7% unique_in_srv=375,610 kv_usage=32.0% cpu_kv_usage=3.2% queue=2r/0w tput_in_srv=9,577/s tput_out_srv=48/s
2026-06-03 17:31:46.138 - records_manager - INFO - [realtime 07:14 profiling] rps=0.2 (avg 0.1) tput_in=9729/s tput_out=54/s done=60 ok=60 err=0
                           ttft p50=479ms  p75=981ms  p95=10331ms p99=10858ms
                           itl  p50=27ms   p75=29ms   p95=46ms   p99=101ms
                           e2e  p50=7581ms p75=15409ms p95=50472ms p99=75934ms
                           intvty p50=38     p75=41     p95=45     p99=46 (1/tpot tok/s)
                           isl  p50=73,960    p75=84,937    p90=87,176    p99=97,560 (tokens)
                           osl  p50=216       p75=377       p90=1,042     p99=2,599 (tokens)
                           tot  in=4,174,566      out=23,216
                           trace theoretical_prefix_cache_hit=97.2%
                           srv  prefix_cache_hit=90.8% unique_in_srv=403,356 kv_usage=5.0% cpu_kv_usage=3.4% queue=1r/0w tput_in_srv=9,692/s tput_out_srv=53/s
2026-06-03 17:32:16.307 - records_manager - INFO - [realtime 07:44 profiling] rps=0.2 (avg 0.1) tput_in=9690/s tput_out=53/s done=65 ok=65 err=0
                           ttft p50=470ms  p75=723ms  p95=10317ms p99=10851ms
                           itl  p50=27ms   p75=29ms   p95=43ms   p99=98ms
                           e2e  p50=7422ms p75=15150ms p95=49130ms p99=75742ms
                           intvty p50=37     p75=41     p95=46     p99=47 (1/tpot tok/s)
                           isl  p50=73,932    p75=84,986    p90=87,371    p99=96,625 (tokens)
                           osl  p50=204       p75=376       p90=965       p99=2,585 (tokens)
                           tot  in=4,462,796      out=24,400
                           trace theoretical_prefix_cache_hit=97.3%
                           srv  prefix_cache_hit=91.2% unique_in_srv=409,538 kv_usage=31.0% cpu_kv_usage=3.5% queue=3r/0w tput_in_srv=9,680/s tput_out_srv=52/s
2026-06-03 17:32:46.526 - records_manager - INFO - [realtime 08:15 profiling] rps=0.3 (avg 0.1) tput_in=9904/s tput_out=55/s done=73 ok=73 err=0
                           ttft p50=487ms  p75=830ms  p95=10294ms p99=10841ms
                           itl  p50=27ms   p75=29ms   p95=42ms   p99=93ms
                           e2e  p50=7422ms p75=15655ms p95=46874ms p99=75433ms
                           intvty p50=37     p75=40     p95=45     p99=47 (1/tpot tok/s)
                           isl  p50=73,932    p75=85,245    p90=87,624    p99=111,638 (tokens)
                           osl  p50=204       p75=379       p90=847       p99=2,563 (tokens)
                           tot  in=4,848,316      out=26,742
                           trace theoretical_prefix_cache_hit=96.2%
                           srv  prefix_cache_hit=91.4% unique_in_srv=433,778 kv_usage=24.0% cpu_kv_usage=3.7% queue=2r/0w tput_in_srv=9,866/s tput_out_srv=53/s
2026-06-03 17:33:16.728 - records_manager - INFO - [realtime 08:45 profiling] rps=0.3 (avg 0.2) tput_in=9814/s tput_out=56/s done=81 ok=81 err=0
                           ttft p50=468ms  p75=782ms  p95=10272ms p99=10831ms
                           itl  p50=27ms   p75=29ms   p95=41ms   p99=88ms
                           e2e  p50=6304ms p75=15150ms p95=50259ms p99=75125ms
                           intvty p50=37     p75=40     p95=45     p99=47 (1/tpot tok/s)
                           isl  p50=73,348    p75=84,986    p90=87,637    p99=111,489 (tokens)
                           osl  p50=188       p75=376       p90=861       p99=2,541 (tokens)
                           tot  in=5,130,073      out=29,144
                           trace theoretical_prefix_cache_hit=96.1%
                           srv  prefix_cache_hit=91.7% unique_in_srv=442,048 kv_usage=38.0% cpu_kv_usage=3.8% queue=4r/0w tput_in_srv=9,772/s tput_out_srv=55/s
2026-06-03 17:33:46.938 - records_manager - INFO - [realtime 09:15 profiling] rps=0.1 (avg 0.2) tput_in=9868/s tput_out=57/s done=85 ok=85 err=0
                           ttft p50=460ms  p75=723ms  p95=10237ms p99=10826ms
                           itl  p50=27ms   p75=29ms   p95=39ms   p99=85ms
                           e2e  p50=6304ms p75=15655ms p95=49130ms p99=74970ms
                           intvty p50=36     p75=40     p95=45     p99=47 (1/tpot tok/s)
                           isl  p50=67,713    p75=84,986    p90=87,827    p99=111,415 (tokens)
                           osl  p50=188       p75=379       p90=834       p99=2,530 (tokens)
                           tot  in=5,330,260      out=30,630
                           trace theoretical_prefix_cache_hit=96.2%
                           srv  prefix_cache_hit=91.8% unique_in_srv=452,682 kv_usage=39.0% cpu_kv_usage=3.9% queue=4r/0w tput_in_srv=9,668/s tput_out_srv=54/s
2026-06-03 17:34:17.201 - records_manager - INFO - [realtime 09:45 profiling] rps=0.2 (avg 0.2) tput_in=9896/s tput_out=63/s done=92 ok=92 err=0
                           ttft p50=465ms  p75=696ms  p95=10177ms p99=10817ms
                           itl  p50=28ms   p75=30ms   p95=37ms   p99=81ms
                           e2e  p50=7047ms p75=16190ms p95=52074ms p99=80531ms
                           intvty p50=35     p75=39     p95=45     p99=47 (1/tpot tok/s)
                           isl  p50=67,361    p75=85,342    p90=88,120    p99=113,003 (tokens)
                           osl  p50=200       p75=496       p90=1,018     p99=2,816 (tokens)
                           tot  in=5,749,318      out=36,873
                           trace theoretical_prefix_cache_hit=96.4%
                           srv  prefix_cache_hit=92.2% unique_in_srv=464,444 kv_usage=14.0% cpu_kv_usage=4.0% queue=2r/0w tput_in_srv=9,876/s tput_out_srv=62/s
2026-06-03 17:34:47.448 - records_manager - INFO - [realtime 10:15 profiling] rps=0.2 (avg 0.2) tput_in=10053/s tput_out=65/s done=98 ok=98 err=0
                           ttft p50=469ms  p75=714ms  p95=10125ms p99=10810ms
                           itl  p50=29ms   p75=30ms   p95=34ms   p99=77ms
                           e2e  p50=7537ms p75=16198ms p95=50864ms p99=78983ms
                           intvty p50=35     p75=39     p95=45     p99=47 (1/tpot tok/s)
                           isl  p50=67,361    p75=85,632    p90=88,538    p99=113,402 (tokens)
                           osl  p50=216       p75=500       p90=1,043     p99=2,780 (tokens)
                           tot  in=6,146,230      out=39,630
                           trace theoretical_prefix_cache_hit=96.4%
                           srv  prefix_cache_hit=92.4% unique_in_srv=479,596 kv_usage=31.0% cpu_kv_usage=4.1% queue=2r/1w tput_in_srv=10,030/s tput_out_srv=63/s
2026-06-03 17:35:17.747 - records_manager - INFO - [realtime 10:46 profiling] rps=0.3 (avg 0.2) tput_in=10385/s tput_out=66/s done=108 ok=108 err=0
                           ttft p50=470ms  p75=737ms  p95=8861ms p99=10778ms
                           itl  p50=29ms   p75=31ms   p95=36ms   p99=75ms
                           e2e  p50=7047ms p75=16127ms p95=48284ms p99=77940ms
                           intvty p50=35     p75=39     p95=44     p99=47 (1/tpot tok/s)
                           isl  p50=64,768    p75=85,632    p90=88,776    p99=117,115 (tokens)
                           osl  p50=200       p75=476       p90=1,043     p99=2,743 (tokens)
                           tot  in=6,663,565      out=42,316
                           trace theoretical_prefix_cache_hit=96.2%
                           srv  prefix_cache_hit=92.5% unique_in_srv=513,731 kv_usage=5.0% cpu_kv_usage=4.4% queue=0r/0w tput_in_srv=10,351/s tput_out_srv=65/s
2026-06-03 17:35:48.044 - records_manager - INFO - [realtime 11:16 profiling] rps=0.4 (avg 0.2) tput_in=11121/s tput_out=65/s done=121 ok=121 err=0
                           ttft p50=465ms  p75=624ms  p95=6563ms p99=10725ms
                           itl  p50=29ms   p75=30ms   p95=33ms   p99=74ms
                           e2e  p50=6071ms p75=15655ms p95=44617ms p99=77438ms
                           intvty p50=35     p75=39     p95=45     p99=48 (1/tpot tok/s)
                           isl  p50=64,768    p75=86,660    p90=89,890    p99=117,395 (tokens)
                           osl  p50=185       p75=376       p90=861       p99=2,707 (tokens)
                           tot  in=7,492,681      out=43,733
                           trace theoretical_prefix_cache_hit=96.5%
                           srv  prefix_cache_hit=93.1% unique_in_srv=524,266 kv_usage=16.0% cpu_kv_usage=4.5% queue=1r/0w tput_in_srv=10,929/s tput_out_srv=63/s
2026-06-03 17:36:18.394 - records_manager - INFO - [realtime 11:46 profiling] rps=0.3 (avg 0.2) tput_in=11560/s tput_out=64/s done=131 ok=131 err=0
                           ttft p50=465ms  p75=621ms  p95=6392ms p99=10684ms
                           itl  p50=29ms   p75=30ms   p95=33ms   p99=74ms
                           e2e  p50=5790ms p75=13655ms p95=40667ms p99=77053ms
                           intvty p50=35     p75=39     p95=45     p99=48 (1/tpot tok/s)
                           isl  p50=64,124    p75=86,824    p90=90,858    p99=117,684 (tokens)
                           osl  p50=168       p75=348       p90=793       p99=2,679 (tokens)
                           tot  in=8,117,074      out=45,288
                           trace theoretical_prefix_cache_hit=96.6%
                           srv  prefix_cache_hit=93.5% unique_in_srv=538,888 kv_usage=13.0% cpu_kv_usage=4.6% queue=2r/0w tput_in_srv=11,497/s tput_out_srv=63/s
2026-06-03 17:36:48.727 - records_manager - INFO - [realtime 12:17 profiling] rps=0.2 (avg 0.2) tput_in=11724/s tput_out=63/s done=138 ok=138 err=0
                           ttft p50=462ms  p75=615ms  p95=6273ms p99=10655ms
                           itl  p50=28ms   p75=30ms   p95=33ms   p99=74ms
                           e2e  p50=5411ms p75=12149ms p95=37902ms p99=76783ms
                           intvty p50=36     p75=40     p95=46     p99=48 (1/tpot tok/s)
                           isl  p50=63,894    p75=86,906    p90=91,131    p99=117,662 (tokens)
                           osl  p50=139       p75=344       p90=792       p99=2,660 (tokens)
                           tot  in=8,545,865      out=45,863
                           trace theoretical_prefix_cache_hit=96.7%
                           srv  prefix_cache_hit=93.8% unique_in_srv=541,887 kv_usage=27.0% cpu_kv_usage=4.7% queue=3r/0w tput_in_srv=11,603/s tput_out_srv=62/s
2026-06-03 17:37:19.117 - records_manager - INFO - [realtime 12:47 profiling] rps=0.4 (avg 0.2) tput_in=12201/s tput_out=63/s done=150 ok=150 err=0
                           ttft p50=447ms  p75=603ms  p95=5938ms p99=10606ms
                           itl  p50=28ms   p75=30ms   p95=36ms   p99=75ms
                           e2e  p50=5144ms p75=11925ms p95=36513ms p99=76320ms
                           intvty p50=36     p75=40     p95=46     p99=47 (1/tpot tok/s)
                           isl  p50=55,010    p75=87,128    p90=91,464    p99=118,012 (tokens)
                           osl  p50=134       p75=335       p90=705       p99=2,627 (tokens)
                           tot  in=9,306,266      out=48,026
                           trace theoretical_prefix_cache_hit=96.9%
                           srv  prefix_cache_hit=94.2% unique_in_srv=549,072 kv_usage=13.0% cpu_kv_usage=4.7% queue=2r/0w tput_in_srv=12,123/s tput_out_srv=62/s
2026-06-03 17:37:49.542 - records_manager - INFO - [realtime 13:18 profiling] rps=0.3 (avg 0.2) tput_in=12471/s tput_out=63/s done=158 ok=158 err=0
                           ttft p50=442ms  p75=603ms  p95=5685ms p99=10573ms
                           itl  p50=28ms   p75=30ms   p95=36ms   p99=74ms
                           e2e  p50=5061ms p75=11925ms p95=36333ms p99=76012ms
                           intvty p50=36     p75=40     p95=46     p99=47 (1/tpot tok/s)
                           isl  p50=58,003    p75=87,182    p90=91,889    p99=117,975 (tokens)
                           osl  p50=131       p75=335       p90=714       p99=2,605 (tokens)
                           tot  in=9,846,245      out=49,927
                           trace theoretical_prefix_cache_hit=96.7%
                           srv  prefix_cache_hit=94.1% unique_in_srv=593,051 kv_usage=14.0% cpu_kv_usage=5.1% queue=2r/0w tput_in_srv=12,334/s tput_out_srv=62/s
2026-06-03 17:38:19.947 - records_manager - INFO - [realtime 13:48 profiling] rps=0.3 (avg 0.2) tput_in=12707/s tput_out=63/s done=166 ok=166 err=0
                           ttft p50=441ms  p75=603ms  p95=5302ms p99=10541ms
                           itl  p50=28ms   p75=30ms   p95=36ms   p99=74ms
                           e2e  p50=5061ms p75=11925ms p95=35397ms p99=75703ms
                           intvty p50=36     p75=39     p95=46     p99=47 (1/tpot tok/s)
                           isl  p50=58,003    p75=87,552    p90=92,277    p99=117,939 (tokens)
                           osl  p50=131       p75=344       p90=692       p99=2,583 (tokens)
                           tot  in=10,414,193     out=51,740
                           trace theoretical_prefix_cache_hit=96.7%
                           srv  prefix_cache_hit=94.3% unique_in_srv=605,543 kv_usage=16.0% cpu_kv_usage=5.2% queue=2r/0w tput_in_srv=12,559/s tput_out_srv=62/s
2026-06-03 17:38:50.418 - records_manager - INFO - [realtime 14:18 profiling] rps=0.3 (avg 0.2) tput_in=12818/s tput_out=66/s done=174 ok=174 err=0
                           ttft p50=440ms  p75=602ms  p95=4839ms p99=10508ms
                           itl  p50=28ms   p75=30ms   p95=35ms   p99=74ms
                           e2e  p50=5061ms p75=12239ms p95=36423ms p99=75395ms
                           intvty p50=36     p75=39     p95=46     p99=47 (1/tpot tok/s)
                           isl  p50=58,644    p75=87,875    p90=92,816    p99=117,903 (tokens)
                           osl  p50=131       p75=348       p90=791       p99=2,561 (tokens)
                           tot  in=10,970,245     out=56,407
                           trace theoretical_prefix_cache_hit=96.8%
                           srv  prefix_cache_hit=94.5% unique_in_srv=617,211 kv_usage=2.0% cpu_kv_usage=5.3% queue=1r/0w tput_in_srv=12,759/s tput_out_srv=65/s
2026-06-03 17:39:20.903 - records_manager - INFO - [realtime 14:49 profiling] rps=0.1 (avg 0.2) tput_in=12726/s tput_out=64/s done=178 ok=178 err=0
                           ttft p50=440ms  p75=600ms  p95=4608ms p99=10492ms
                           itl  p50=27ms   p75=29ms   p95=35ms   p99=74ms
                           e2e  p50=4980ms p75=12149ms p95=36333ms p99=75240ms
                           intvty p50=36     p75=39     p95=46     p99=47 (1/tpot tok/s)
                           isl  p50=59,318    p75=88,094    p90=92,993    p99=117,885 (tokens)
                           osl  p50=131       p75=348       p90=791       p99=2,549 (tokens)
                           tot  in=11,268,444     out=57,107
                           trace theoretical_prefix_cache_hit=96.9%
                           srv  prefix_cache_hit=94.6% unique_in_srv=620,754 kv_usage=8.0% cpu_kv_usage=5.4% queue=1r/0w tput_in_srv=12,661/s tput_out_srv=64/s
2026-06-03 17:39:51.382 - records_manager - INFO - [realtime 15:19 profiling] rps=0.2 (avg 0.2) tput_in=12843/s tput_out=66/s done=185 ok=185 err=0
                           ttft p50=441ms  p75=598ms  p95=4422ms p99=10463ms
                           itl  p50=27ms   p75=29ms   p95=35ms   p99=74ms
                           e2e  p50=5028ms p75=12215ms p95=36626ms p99=74970ms
                           intvty p50=36     p75=39     p95=46     p99=47 (1/tpot tok/s)
                           isl  p50=59,703    p75=88,538    p90=93,356    p99=117,853 (tokens)
                           osl  p50=131       p75=348       p90=792       p99=2,530 (tokens)
                           tot  in=11,772,133     out=60,768
                           trace theoretical_prefix_cache_hit=96.9%
                           srv  prefix_cache_hit=94.7% unique_in_srv=631,963 kv_usage=20.0% cpu_kv_usage=5.4% queue=2r/0w tput_in_srv=12,784/s tput_out_srv=65/s
2026-06-03 17:40:21.877 - records_manager - INFO - [realtime 15:50 profiling] rps=0.1 (avg 0.2) tput_in=12656/s tput_out=65/s done=189 ok=189 err=0
                           ttft p50=441ms  p75=598ms  p95=4410ms p99=10447ms
                           itl  p50=27ms   p75=29ms   p95=34ms   p99=74ms
                           e2e  p50=5028ms p75=12215ms p95=36536ms p99=74816ms
                           intvty p50=36     p75=39     p95=46     p99=47 (1/tpot tok/s)
                           isl  p50=58,932    p75=88,538    p90=93,464    p99=117,835 (tokens)
                           osl  p50=134       p75=348       p90=791       p99=2,519 (tokens)
                           tot  in=11,957,234     out=61,712
                           trace theoretical_prefix_cache_hit=97.0%
                           srv  prefix_cache_hit=94.8% unique_in_srv=633,320 kv_usage=19.0% cpu_kv_usage=5.5% queue=3r/0w tput_in_srv=12,575/s tput_out_srv=64/s
2026-06-03 17:40:52.431 - records_manager - INFO - [realtime 16:20 profiling] rps=0.3 (avg 0.2) tput_in=12741/s tput_out=68/s done=197 ok=197 err=0
                           ttft p50=443ms  p75=588ms  p95=4385ms p99=10414ms
                           itl  p50=27ms   p75=29ms   p95=34ms   p99=74ms
                           e2e  p50=4932ms p75=12247ms p95=40744ms p99=74508ms
                           intvty p50=36     p75=39     p95=46     p99=47 (1/tpot tok/s)
                           isl  p50=58,932    p75=88,538    p90=93,887    p99=117,799 (tokens)
                           osl  p50=131       p75=376       p90=827       p99=2,497 (tokens)
                           tot  in=12,435,406     out=65,919
                           trace theoretical_prefix_cache_hit=97.0%
                           srv  prefix_cache_hit=94.9% unique_in_srv=643,972 kv_usage=9.0% cpu_kv_usage=5.5% queue=1r/0w tput_in_srv=12,667/s tput_out_srv=67/s
2026-06-03 17:41:23.003 - records_manager - INFO - [realtime 16:51 profiling] rps=0.1 (avg 0.2) tput_in=12668/s tput_out=67/s done=200 ok=200 err=0
                           ttft p50=447ms  p75=599ms  p95=4376ms p99=10402ms
                           itl  p50=27ms   p75=29ms   p95=33ms   p99=74ms
                           e2e  p50=4980ms p75=12351ms p95=40018ms p99=74392ms
                           intvty p50=36     p75=39     p95=46     p99=47 (1/tpot tok/s)
                           isl  p50=59,318    p75=88,748    p90=93,968    p99=117,786 (tokens)
                           osl  p50=132       p75=377       p90=812       p99=2,489 (tokens)
                           tot  in=12,645,763     out=66,792
                           trace theoretical_prefix_cache_hit=96.9%
                           srv  prefix_cache_hit=94.8% unique_in_srv=661,753 kv_usage=12.0% cpu_kv_usage=5.7% queue=1r/0w tput_in_srv=12,498/s tput_out_srv=65/s
2026-06-03 17:41:53.605 - records_manager - INFO - [realtime 17:22 profiling] rps=0.1 (avg 0.2) tput_in=12369/s tput_out=68/s done=204 ok=204 err=0
                           ttft p50=454ms  p75=601ms  p95=4291ms p99=10396ms
                           itl  p50=27ms   p75=29ms   p95=33ms   p99=74ms
                           e2e  p50=5101ms p75=13590ms p95=43891ms p99=73759ms
                           intvty p50=36     p75=39     p95=46     p99=47 (1/tpot tok/s)
                           isl  p50=59,318    p75=88,748    p90=93,968    p99=117,771 (tokens)
                           osl  p50=139       p75=405       p90=860       p99=2,473 (tokens)
                           tot  in=12,848,228     out=70,693
                           trace theoretical_prefix_cache_hit=96.9%
                           srv  prefix_cache_hit=94.9% unique_in_srv=669,722 kv_usage=22.0% cpu_kv_usage=5.8% queue=2r/0w tput_in_srv=12,327/s tput_out_srv=67/s
2026-06-03 17:42:24.271 - records_manager - INFO - [realtime 17:52 profiling] rps=0.2 (avg 0.2) tput_in=12454/s tput_out=67/s done=211 ok=211 err=0
                           ttft p50=451ms  p75=599ms  p95=4100ms p99=10391ms
                           itl  p50=27ms   p75=29ms   p95=33ms   p99=73ms
                           e2e  p50=5028ms p75=13422ms p95=42197ms p99=72371ms
                           intvty p50=36     p75=39     p95=45     p99=47 (1/tpot tok/s)
                           isl  p50=59,703    p75=89,475    p90=94,429    p99=117,749 (tokens)
                           osl  p50=137       p75=392       p90=856       p99=2,444 (tokens)
                           tot  in=13,298,167     out=71,936
                           trace theoretical_prefix_cache_hit=97.0%
                           srv  prefix_cache_hit=95.0% unique_in_srv=676,333 kv_usage=9.0% cpu_kv_usage=5.8% queue=1r/0w tput_in_srv=12,393/s tput_out_srv=67/s
2026-06-03 17:42:54.871 - records_manager - INFO - [realtime 18:23 profiling] rps=0.1 (avg 0.2) tput_in=12325/s tput_out=67/s done=213 ok=213 err=0
                           ttft p50=443ms  p75=598ms  p95=4045ms p99=10390ms
                           itl  p50=27ms   p75=29ms   p95=33ms   p99=73ms
                           e2e  p50=4932ms p75=13319ms p95=41712ms p99=71975ms
                           intvty p50=36     p75=39     p95=45     p99=47 (1/tpot tok/s)
                           isl  p50=58,932    p75=89,187    p90=94,403    p99=117,742 (tokens)
                           osl  p50=137       p75=379       p90=846       p99=2,435 (tokens)
                           tot  in=13,347,225     out=72,209
                           trace theoretical_prefix_cache_hit=97.0%
                           srv  prefix_cache_hit=95.0% unique_in_srv=677,007 kv_usage=29.0% cpu_kv_usage=5.9% queue=4r/0w tput_in_srv=12,098/s tput_out_srv=65/s
2026-06-03 17:43:25.492 - records_manager - INFO - [realtime 18:53 profiling] rps=0.1 (avg 0.2) tput_in=12091/s tput_out=68/s done=216 ok=216 err=0
                           ttft p50=442ms  p75=590ms  p95=3963ms p99=10387ms
                           itl  p50=27ms   p75=29ms   p95=33ms   p99=73ms
                           e2e  p50=5061ms p75=13954ms p95=44871ms p99=71380ms
                           intvty p50=36     p75=39     p95=45     p99=47 (1/tpot tok/s)
                           isl  p50=59,318    p75=89,331    p90=94,448    p99=117,733 (tokens)
                           osl  p50=140       p75=411       p90=876       p99=2,422 (tokens)
                           tot  in=13,533,247     out=76,321
                           trace theoretical_prefix_cache_hit=97.0%
                           srv  prefix_cache_hit=95.0% unique_in_srv=680,373 kv_usage=8.0% cpu_kv_usage=5.9% queue=2r/0w tput_in_srv=11,937/s tput_out_srv=67/s
2026-06-03 17:43:56.165 - records_manager - INFO - [realtime 19:24 profiling] rps=0.1 (avg 0.2) tput_in=11803/s tput_out=69/s done=218 ok=218 err=0
                           ttft p50=442ms  p75=587ms  p95=3909ms p99=10386ms
                           itl  p50=27ms   p75=29ms   p95=33ms   p99=73ms
                           e2e  p50=5101ms p75=14953ms p95=46187ms p99=72257ms
                           intvty p50=36     p75=39     p95=45     p99=47 (1/tpot tok/s)
                           isl  p50=58,736    p75=89,186    p90=94,440    p99=117,726 (tokens)
                           osl  p50=146       p75=456       p90=934       p99=2,465 (tokens)
                           tot  in=13,586,856     out=79,520
                           trace theoretical_prefix_cache_hit=97.0%
                           srv  prefix_cache_hit=95.0% unique_in_srv=684,318 kv_usage=13.0% cpu_kv_usage=5.9% queue=1r/0w tput_in_srv=11,673/s tput_out_srv=68/s
2026-06-03 17:44:26.817 - records_manager - INFO - [realtime 19:55 profiling] rps=0.1 (avg 0.2) tput_in=11509/s tput_out=69/s done=220 ok=220 err=0
                           ttft p50=442ms  p75=586ms  p95=3854ms p99=10385ms
                           itl  p50=27ms   p75=29ms   p95=33ms   p99=73ms
                           e2e  p50=5144ms p75=15125ms p95=49374ms p99=72010ms
                           intvty p50=36     p75=39     p95=45     p99=47 (1/tpot tok/s)
                           isl  p50=58,736    p75=89,331    p90=94,466    p99=117,720 (tokens)
                           osl  p50=152       p75=467       p90=1,038     p99=2,463 (tokens)
                           tot  in=13,709,410     out=82,004
                           trace theoretical_prefix_cache_hit=97.1%
                           srv  prefix_cache_hit=95.1% unique_in_srv=685,656 kv_usage=14.0% cpu_kv_usage=5.9% queue=2r/0w tput_in_srv=11,479/s tput_out_srv=68/s
2026-06-03 17:44:57.527 - records_manager - INFO - [realtime 20:26 profiling] rps=0.2 (avg 0.2) tput_in=11516/s tput_out=69/s done=226 ok=226 err=0
                           ttft p50=451ms  p75=585ms  p95=3480ms p99=10380ms
                           itl  p50=27ms   p75=29ms   p95=33ms   p99=73ms
                           e2e  p50=5144ms p75=14953ms p95=50026ms p99=71270ms
                           intvty p50=36     p75=39     p95=45     p99=47 (1/tpot tok/s)
                           isl  p50=58,736    p75=89,855    p90=94,546    p99=117,700 (tokens)
                           osl  p50=152       p75=456       p90=1,048     p99=2,456 (tokens)
                           tot  in=14,084,828     out=84,695
                           trace theoretical_prefix_cache_hit=97.1%
                           srv  prefix_cache_hit=95.1% unique_in_srv=693,477 kv_usage=23.0% cpu_kv_usage=6.0% queue=1r/0w tput_in_srv=11,419/s tput_out_srv=69/s
2026-06-03 17:45:28.269 - records_manager - INFO - [realtime 20:56 profiling] rps=0.2 (avg 0.2) tput_in=11602/s tput_out=71/s done=231 ok=231 err=0
                           ttft p50=451ms  p75=585ms  p95=3134ms p99=10377ms
                           itl  p50=27ms   p75=29ms   p95=33ms   p99=73ms
                           e2e  p50=5110ms p75=14790ms p95=50390ms p99=73814ms
                           intvty p50=37     p75=39     p95=45     p99=47 (1/tpot tok/s)
                           isl  p50=58,932    p75=89,888    p90=94,690    p99=117,684 (tokens)
                           osl  p50=151       p75=446       p90=1,061     p99=2,629 (tokens)
                           tot  in=14,405,867     out=87,883
                           trace theoretical_prefix_cache_hit=97.2%
                           srv  prefix_cache_hit=95.2% unique_in_srv=699,425 kv_usage=15.0% cpu_kv_usage=6.1% queue=2r/0w tput_in_srv=11,473/s tput_out_srv=69/s
2026-06-03 17:45:59.029 - records_manager - INFO - [realtime 21:27 profiling] rps=0.1 (avg 0.2) tput_in=11604/s tput_out=70/s done=234 ok=234 err=0
                           ttft p50=451ms  p75=582ms  p95=2926ms p99=10375ms
                           itl  p50=27ms   p75=29ms   p95=33ms   p99=73ms
                           e2e  p50=5101ms p75=14953ms p95=50351ms p99=73760ms
                           intvty p50=37     p75=39     p95=45     p99=47 (1/tpot tok/s)
                           isl  p50=59,318    p75=90,518    p90=94,917    p99=117,675 (tokens)
                           osl  p50=146       p75=456       p90=1,053     p99=2,623 (tokens)
                           tot  in=14,631,797     out=88,597
                           trace theoretical_prefix_cache_hit=97.2%
                           srv  prefix_cache_hit=95.3% unique_in_srv=702,059 kv_usage=23.0% cpu_kv_usage=6.1% queue=1r/1w tput_in_srv=11,376/s tput_out_srv=68/s
2026-06-03 17:46:29.831 - records_manager - INFO - [realtime 21:58 profiling] rps=0.0 (avg 0.2) tput_in=11604/s tput_out=70/s done=234 ok=234 err=0
                           ttft p50=451ms  p75=582ms  p95=2926ms p99=10375ms
                           itl  p50=27ms   p75=29ms   p95=33ms   p99=73ms
                           e2e  p50=5101ms p75=14953ms p95=50351ms p99=73760ms
                           intvty p50=37     p75=39     p95=45     p99=47 (1/tpot tok/s)
                           isl  p50=59,318    p75=90,518    p90=94,917    p99=117,675 (tokens)
                           osl  p50=146       p75=456       p90=1,053     p99=2,623 (tokens)
                           tot  in=14,631,797     out=88,597
                           trace theoretical_prefix_cache_hit=97.2%
                           srv  prefix_cache_hit=95.3% unique_in_srv=702,059 kv_usage=23.0% cpu_kv_usage=6.1% queue=1r/1w tput_in_srv=11,115/s tput_out_srv=67/s
2026-06-03 17:47:00.621 - records_manager - INFO - [realtime 22:29 profiling] rps=0.0 (avg 0.2) tput_in=11604/s tput_out=70/s done=234 ok=234 err=0
                           ttft p50=451ms  p75=582ms  p95=2926ms p99=10375ms
                           itl  p50=27ms   p75=29ms   p95=33ms   p99=73ms
                           e2e  p50=5101ms p75=14953ms p95=50351ms p99=73760ms
                           intvty p50=37     p75=39     p95=45     p99=47 (1/tpot tok/s)
                           isl  p50=59,318    p75=90,518    p90=94,917    p99=117,675 (tokens)
                           osl  p50=146       p75=456       p90=1,053     p99=2,623 (tokens)
                           tot  in=14,631,797     out=88,597
                           trace theoretical_prefix_cache_hit=97.2%
                           srv  prefix_cache_hit=95.3% unique_in_srv=702,059 kv_usage=23.0% cpu_kv_usage=6.1% queue=1r/1w tput_in_srv=10,862/s tput_out_srv=65/s
2026-06-03 17:47:31.401 - records_manager - INFO - [realtime 22:59 profiling] rps=0.0 (avg 0.2) tput_in=11604/s tput_out=70/s done=234 ok=234 err=0
                           ttft p50=451ms  p75=582ms  p95=2926ms p99=10375ms
                           itl  p50=27ms   p75=29ms   p95=33ms   p99=73ms
                           e2e  p50=5101ms p75=14953ms p95=50351ms p99=73760ms
                           intvty p50=37     p75=39     p95=45     p99=47 (1/tpot tok/s)
                           isl  p50=59,318    p75=90,518    p90=94,917    p99=117,675 (tokens)
                           osl  p50=146       p75=456       p90=1,053     p99=2,623 (tokens)
                           tot  in=14,631,797     out=88,597
                           trace theoretical_prefix_cache_hit=97.2%
                           srv  prefix_cache_hit=95.3% unique_in_srv=702,059 kv_usage=23.0% cpu_kv_usage=6.1% queue=1r/1w tput_in_srv=10,624/s tput_out_srv=64/s
2026-06-03 17:48:02.187 - records_manager - INFO - [realtime 23:30 profiling] rps=0.0 (avg 0.2) tput_in=11604/s tput_out=70/s done=234 ok=234 err=0
                           ttft p50=451ms  p75=582ms  p95=2926ms p99=10375ms
                           itl  p50=27ms   p75=29ms   p95=33ms   p99=73ms
                           e2e  p50=5101ms p75=14953ms p95=50351ms p99=73760ms
                           intvty p50=37     p75=39     p95=45     p99=47 (1/tpot tok/s)
                           isl  p50=59,318    p75=90,518    p90=94,917    p99=117,675 (tokens)
                           osl  p50=146       p75=456       p90=1,053     p99=2,623 (tokens)
                           tot  in=14,631,797     out=88,597
                           trace theoretical_prefix_cache_hit=97.2%
                           srv  prefix_cache_hit=95.3% unique_in_srv=702,059 kv_usage=23.0% cpu_kv_usage=6.1% queue=1r/1w tput_in_srv=10,395/s tput_out_srv=62/s
2026-06-03 17:48:33.011 - records_manager - INFO - [realtime 24:01 profiling] rps=0.0 (avg 0.2) tput_in=11604/s tput_out=70/s done=234 ok=234 err=0
                           ttft p50=451ms  p75=582ms  p95=2926ms p99=10375ms
                           itl  p50=27ms   p75=29ms   p95=33ms   p99=73ms
                           e2e  p50=5101ms p75=14953ms p95=50351ms p99=73760ms
                           intvty p50=37     p75=39     p95=45     p99=47 (1/tpot tok/s)
                           isl  p50=59,318    p75=90,518    p90=94,917    p99=117,675 (tokens)
                           osl  p50=146       p75=456       p90=1,053     p99=2,623 (tokens)
                           tot  in=14,631,797     out=88,597
                           trace theoretical_prefix_cache_hit=97.2%
                           srv  prefix_cache_hit=95.3% unique_in_srv=702,059 kv_usage=23.0% cpu_kv_usage=6.1% queue=1r/1w tput_in_srv=10,174/s tput_out_srv=61/s
2026-06-03 17:49:03.817 - records_manager - INFO - [realtime 24:32 profiling] rps=0.0 (avg 0.2) tput_in=11604/s tput_out=70/s done=234 ok=234 err=0
                           ttft p50=451ms  p75=582ms  p95=2926ms p99=10375ms
                           itl  p50=27ms   p75=29ms   p95=33ms   p99=73ms
                           e2e  p50=5101ms p75=14953ms p95=50351ms p99=73760ms
                           intvty p50=37     p75=39     p95=45     p99=47 (1/tpot tok/s)
                           isl  p50=59,318    p75=90,518    p90=94,917    p99=117,675 (tokens)
                           osl  p50=146       p75=456       p90=1,053     p99=2,623 (tokens)
                           tot  in=14,631,797     out=88,597
                           trace theoretical_prefix_cache_hit=97.2%
                           srv  prefix_cache_hit=95.3% unique_in_srv=702,059 kv_usage=23.0% cpu_kv_usage=6.1% queue=1r/1w tput_in_srv=9,965/s tput_out_srv=60/s
2026-06-03 17:49:34.553 - records_manager - INFO - [realtime 25:03 profiling] rps=0.0 (avg 0.2) tput_in=11604/s tput_out=70/s done=234 ok=234 err=0
                           ttft p50=451ms  p75=582ms  p95=2926ms p99=10375ms
                           itl  p50=27ms   p75=29ms   p95=33ms   p99=73ms
                           e2e  p50=5101ms p75=14953ms p95=50351ms p99=73760ms
                           intvty p50=37     p75=39     p95=45     p99=47 (1/tpot tok/s)
                           isl  p50=59,318    p75=90,518    p90=94,917    p99=117,675 (tokens)
                           osl  p50=146       p75=456       p90=1,053     p99=2,623 (tokens)
                           tot  in=14,631,797     out=88,597
                           trace theoretical_prefix_cache_hit=97.2%
                           srv  prefix_cache_hit=95.3% unique_in_srv=702,059 kv_usage=23.0% cpu_kv_usage=6.1% queue=1r/1w tput_in_srv=9,764/s tput_out_srv=59/s
2026-06-03 17:50:05.286 - records_manager - INFO - [realtime 25:33 profiling] rps=0.0 (avg 0.2) tput_in=11604/s tput_out=70/s done=234 ok=234 err=0
                           ttft p50=451ms  p75=582ms  p95=2926ms p99=10375ms
                           itl  p50=27ms   p75=29ms   p95=33ms   p99=73ms
                           e2e  p50=5101ms p75=14953ms p95=50351ms p99=73760ms
                           intvty p50=37     p75=39     p95=45     p99=47 (1/tpot tok/s)
                           isl  p50=59,318    p75=90,518    p90=94,917    p99=117,675 (tokens)
                           osl  p50=146       p75=456       p90=1,053     p99=2,623 (tokens)
                           tot  in=14,631,797     out=88,597
                           trace theoretical_prefix_cache_hit=97.2%
                           srv  prefix_cache_hit=95.3% unique_in_srv=702,059 kv_usage=23.0% cpu_kv_usage=6.1% queue=1r/1w tput_in_srv=9,568/s tput_out_srv=57/s
2026-06-03 17:50:36.021 - records_manager - INFO - [realtime 26:04 profiling] rps=0.0 (avg 0.2) tput_in=11604/s tput_out=70/s done=234 ok=234 err=0
                           ttft p50=451ms  p75=582ms  p95=2926ms p99=10375ms
                           itl  p50=27ms   p75=29ms   p95=33ms   p99=73ms
                           e2e  p50=5101ms p75=14953ms p95=50351ms p99=73760ms
                           intvty p50=37     p75=39     p95=45     p99=47 (1/tpot tok/s)
                           isl  p50=59,318    p75=90,518    p90=94,917    p99=117,675 (tokens)
                           osl  p50=146       p75=456       p90=1,053     p99=2,623 (tokens)
                           tot  in=14,631,797     out=88,597
                           trace theoretical_prefix_cache_hit=97.2%
                           srv  prefix_cache_hit=95.3% unique_in_srv=702,059 kv_usage=23.0% cpu_kv_usage=6.1% queue=1r/1w tput_in_srv=9,383/s tput_out_srv=56/s
2026-06-03 17:51:06.797 - records_manager - INFO - [realtime 26:35 profiling] rps=0.0 (avg 0.2) tput_in=11604/s tput_out=70/s done=234 ok=234 err=0
                           ttft p50=451ms  p75=582ms  p95=2926ms p99=10375ms
                           itl  p50=27ms   p75=29ms   p95=33ms   p99=73ms
                           e2e  p50=5101ms p75=14953ms p95=50351ms p99=73760ms
                           intvty p50=37     p75=39     p95=45     p99=47 (1/tpot tok/s)
                           isl  p50=59,318    p75=90,518    p90=94,917    p99=117,675 (tokens)
                           osl  p50=146       p75=456       p90=1,053     p99=2,623 (tokens)
                           tot  in=14,631,797     out=88,597
                           trace theoretical_prefix_cache_hit=97.2%
                           srv  prefix_cache_hit=95.3% unique_in_srv=702,059 kv_usage=23.0% cpu_kv_usage=6.1% queue=1r/1w tput_in_srv=9,204/s tput_out_srv=55/s
2026-06-03 17:51:37.535 - records_manager - INFO - [realtime 27:06 profiling] rps=0.0 (avg 0.2) tput_in=11604/s tput_out=70/s done=234 ok=234 err=0
                           ttft p50=451ms  p75=582ms  p95=2926ms p99=10375ms
                           itl  p50=27ms   p75=29ms   p95=33ms   p99=73ms
                           e2e  p50=5101ms p75=14953ms p95=50351ms p99=73760ms
                           intvty p50=37     p75=39     p95=45     p99=47 (1/tpot tok/s)
                           isl  p50=59,318    p75=90,518    p90=94,917    p99=117,675 (tokens)
                           osl  p50=146       p75=456       p90=1,053     p99=2,623 (tokens)
                           tot  in=14,631,797     out=88,597
                           trace theoretical_prefix_cache_hit=97.2%
                           srv  prefix_cache_hit=95.3% unique_in_srv=702,059 kv_usage=23.0% cpu_kv_usage=6.1% queue=1r/1w tput_in_srv=9,032/s tput_out_srv=54/s
2026-06-03 17:52:08.268 - records_manager - INFO - [realtime 27:36 profiling] rps=0.0 (avg 0.2) tput_in=11604/s tput_out=70/s done=234 ok=234 err=0
                           ttft p50=451ms  p75=582ms  p95=2926ms p99=10375ms
                           itl  p50=27ms   p75=29ms   p95=33ms   p99=73ms
                           e2e  p50=5101ms p75=14953ms p95=50351ms p99=73760ms
                           intvty p50=37     p75=39     p95=45     p99=47 (1/tpot tok/s)
                           isl  p50=59,318    p75=90,518    p90=94,917    p99=117,675 (tokens)
                           osl  p50=146       p75=456       p90=1,053     p99=2,623 (tokens)
                           tot  in=14,631,797     out=88,597
                           trace theoretical_prefix_cache_hit=97.2%
                           srv  prefix_cache_hit=95.3% unique_in_srv=702,059 kv_usage=23.0% cpu_kv_usage=6.1% queue=1r/1w tput_in_srv=8,865/s tput_out_srv=53/s
2026-06-03 17:52:39.000 - records_manager - INFO - [realtime 28:07 profiling] rps=0.0 (avg 0.2) tput_in=11604/s tput_out=70/s done=234 ok=234 err=0
                           ttft p50=451ms  p75=582ms  p95=2926ms p99=10375ms
                           itl  p50=27ms   p75=29ms   p95=33ms   p99=73ms
                           e2e  p50=5101ms p75=14953ms p95=50351ms p99=73760ms
                           intvty p50=37     p75=39     p95=45     p99=47 (1/tpot tok/s)
                           isl  p50=59,318    p75=90,518    p90=94,917    p99=117,675 (tokens)
                           osl  p50=146       p75=456       p90=1,053     p99=2,623 (tokens)
                           tot  in=14,631,797     out=88,597
                           trace theoretical_prefix_cache_hit=97.2%
                           srv  prefix_cache_hit=95.3% unique_in_srv=702,059 kv_usage=23.0% cpu_kv_usage=6.1% queue=1r/1w tput_in_srv=8,706/s tput_out_srv=52/s
2026-06-03 17:53:09.778 - records_manager - INFO - [realtime 28:38 profiling] rps=0.0 (avg 0.2) tput_in=11604/s tput_out=70/s done=234 ok=234 err=0
                           ttft p50=451ms  p75=582ms  p95=2926ms p99=10375ms
                           itl  p50=27ms   p75=29ms   p95=33ms   p99=73ms
                           e2e  p50=5101ms p75=14953ms p95=50351ms p99=73760ms
                           intvty p50=37     p75=39     p95=45     p99=47 (1/tpot tok/s)
                           isl  p50=59,318    p75=90,518    p90=94,917    p99=117,675 (tokens)
                           osl  p50=146       p75=456       p90=1,053     p99=2,623 (tokens)
                           tot  in=14,631,797     out=88,597
                           trace theoretical_prefix_cache_hit=97.2%
                           srv  prefix_cache_hit=95.3% unique_in_srv=702,059 kv_usage=23.0% cpu_kv_usage=6.1% queue=1r/1w tput_in_srv=8,552/s tput_out_srv=51/s
2026-06-03 17:53:40.513 - records_manager - INFO - [realtime 29:09 profiling] rps=0.0 (avg 0.2) tput_in=11604/s tput_out=70/s done=234 ok=234 err=0
                           ttft p50=451ms  p75=582ms  p95=2926ms p99=10375ms
                           itl  p50=27ms   p75=29ms   p95=33ms   p99=73ms
                           e2e  p50=5101ms p75=14953ms p95=50351ms p99=73760ms
                           intvty p50=37     p75=39     p95=45     p99=47 (1/tpot tok/s)
                           isl  p50=59,318    p75=90,518    p90=94,917    p99=117,675 (tokens)
                           osl  p50=146       p75=456       p90=1,053     p99=2,623 (tokens)
                           tot  in=14,631,797     out=88,597
                           trace theoretical_prefix_cache_hit=97.2%
                           srv  prefix_cache_hit=95.3% unique_in_srv=702,059 kv_usage=23.0% cpu_kv_usage=6.1% queue=1r/1w tput_in_srv=8,403/s tput_out_srv=50/s
2026-06-03 17:54:11.243 - records_manager - INFO - [realtime 29:39 profiling] rps=0.0 (avg 0.2) tput_in=11604/s tput_out=70/s done=234 ok=234 err=0
                           ttft p50=451ms  p75=582ms  p95=2926ms p99=10375ms
                           itl  p50=27ms   p75=29ms   p95=33ms   p99=73ms
                           e2e  p50=5101ms p75=14953ms p95=50351ms p99=73760ms
                           intvty p50=37     p75=39     p95=45     p99=47 (1/tpot tok/s)
                           isl  p50=59,318    p75=90,518    p90=94,917    p99=117,675 (tokens)
                           osl  p50=146       p75=456       p90=1,053     p99=2,623 (tokens)
                           tot  in=14,631,797     out=88,597
                           trace theoretical_prefix_cache_hit=97.2%
                           srv  prefix_cache_hit=95.3% unique_in_srv=702,059 kv_usage=23.0% cpu_kv_usage=6.1% queue=1r/1w tput_in_srv=8,260/s tput_out_srv=50/s
2026-06-03 17:54:31.509 - PhaseRunner - INFO - Timeout of 1799.999383333s elapsed for event 'profiling phase sending'
2026-06-03 17:54:31.509 - PhaseRunner - NOTICE - Phase profiling sending complete | sent=238, completed=234, in_flight=4 | sessions: sent=4, completed=4 | timeout_triggered=True
2026-06-03 17:54:31.509 - PhaseRunner - INFO - Waiting for event 'profiling phase credits returned' with timeout of 30.000131650999947s
2026-06-03 17:54:31.510 - records_manager - INFO - Sent 238 requests. Waiting for all to complete...
2026-06-03 17:54:42.013 - records_manager - INFO - [realtime 30:10 profiling] rps=0.0 (avg 0.2) tput_in=11604/s tput_out=70/s done=234 ok=234 err=0
                           ttft p50=451ms  p75=582ms  p95=2926ms p99=10375ms
                           itl  p50=27ms   p75=29ms   p95=33ms   p99=73ms
                           e2e  p50=5101ms p75=14953ms p95=50351ms p99=73760ms
                           intvty p50=37     p75=39     p95=45     p99=47 (1/tpot tok/s)
                           isl  p50=59,318    p75=90,518    p90=94,917    p99=117,675 (tokens)
                           osl  p50=146       p75=456       p90=1,053     p99=2,623 (tokens)
                           tot  in=14,631,797     out=88,597
                           trace theoretical_prefix_cache_hit=97.2%
                           srv  prefix_cache_hit=95.3% unique_in_srv=702,059 kv_usage=23.0% cpu_kv_usage=6.1% queue=1r/1w tput_in_srv=8,119/s tput_out_srv=49/s
2026-06-03 17:55:01.510 - PhaseRunner - INFO - Timeout of 30.000131650999947s elapsed for event 'profiling phase credits returned'
2026-06-03 17:55:01.510 - PhaseRunner - WARNING - Phase profiling timed out, cancelling all credits. Stats: sent=238, completed=234, cancelled=0, in_flight=4
2026-06-03 17:55:01.510 - StickyCreditRouter_e12336cf - INFO - Sent cancellation requests for 4 in-flight credits across 4 workers
2026-06-03 17:55:01.510 - PhaseRunner - INFO - Waiting for all cancelled credits to be returned for phase profiling. Need 4 more credits.
2026-06-03 17:55:01.512 - PhaseRunner - INFO - All cancelled credits returned for phase profiling
2026-06-03 17:55:01.512 - PhaseRunner - NOTICE - Phase profiling complete | completed=234, cancelled=4, errors=0 | sessions: completed=4, cancelled=0 | elapsed=1830.00s | grace_period_timeout=True
2026-06-03 17:55:01.512 - aiperf.timing.branch_orchestrator - INFO - BranchOrchestrator stats: spawned=2 completed=2 errored=0 suspended=2 resumed=2 parents_failed_due_to_child_error=0 joins_suppressed=0
2026-06-03 17:55:01.512 - PhaseOrchestrator_30b75e6d - NOTICE - All credits completed
2026-06-03 17:55:01.513 - system_controller - INFO - Received credits complete from 'timing_manager'
2026-06-03 17:55:01.513 - records_manager - INFO - Received CREDIT_PHASE_COMPLETE message, Phase complete: PhaseRecordsStats(phase=CreditPhase.PROFILING, start_ns=1780507471510028470, sent_end_ns=1780509271509524612, requests_end_ns=1780509301512204868, total_expected_requests=None, expected_duration_sec=None, expected_num_sessions=None, expected_grace_period_sec=None, final_requests_sent=None, final_requests_completed=234, final_requests_cancelled=4, final_request_errors=0, final_sent_sessions=None, final_completed_sessions=None, final_cancelled_sessions=None, timeout_triggered=True, grace_period_timeout_triggered=True, was_cancelled=False, records_end_ns=None, success_records=234, error_records=0)
2026-06-03 17:55:01.513 - records_manager - NOTICE - All requests have completed, please wait for the results to be processed (currently 234 of 234 records processed)...
2026-06-03 17:55:01.513 - records_manager - INFO - Processed 234 valid requests and 0 errors (234 total).
2026-06-03 17:55:01.513 - records_manager - INFO - Received all records, processing now...
2026-06-03 17:55:01.513 - records_manager - INFO - All credits complete, please wait for the results to be processed...
2026-06-03 17:55:01.515 - records_manager - INFO - Waiting 2.0s for server metrics flush period...
2026-06-03 17:55:01.537 - server_metrics_manager - INFO - Server Metrics: Profiling complete, capturing final metrics...
2026-06-03 17:55:03.512 - records_manager - INFO - Processing records results...
2026-06-03 17:55:06.241 - RecordExportJSONLWriter_4ad31c49 - WARNING - Timeout waiting for 0 pending flush tasks during shutdown. Cancelling tasks and proceeding with cleanup.
2026-06-03 17:55:06.309 - aiperf.server_metrics.export_stats - WARNING - Detected 1 counter reset(s) in counter metric with labels {'engine_type': 'unified', 'mode': 'decode_cuda_graph', 'model_name': 'amd/GLM-5.1-MXFP4', 'moe_ep_rank': '0', 'pp_rank': '0', 'tp_rank': '1'}. This typically indicates server restart(s) during profiling. Statistics may be inaccurate. Raw delta: 41572.00
2026-06-03 17:55:06.317 - aiperf.server_metrics.export_stats - WARNING - Detected 1 counter reset(s) in counter metric with labels {'engine_type': 'unified', 'mode': 'decode_cuda_graph', 'model_name': 'amd/GLM-5.1-MXFP4', 'moe_ep_rank': '0', 'pp_rank': '0', 'tp_rank': '0'}. This typically indicates server restart(s) during profiling. Statistics may be inaccurate. Raw delta: 41572.00
2026-06-03 17:55:06.374 - aiperf.server_metrics.export_stats - WARNING - Detected 1 counter reset(s) in counter metric with labels {'engine_type': 'unified', 'mode': 'decode', 'model_name': 'amd/GLM-5.1-MXFP4', 'moe_ep_rank': '0', 'pp_rank': '0', 'tp_rank': '0'}. This typically indicates server restart(s) during profiling. Statistics may be inaccurate. Raw delta: 89118.00
2026-06-03 17:55:06.377 - aiperf.server_metrics.export_stats - WARNING - Detected 1 counter reset(s) in counter metric with labels {'component': 'tokenizer'}. This typically indicates server restart(s) during profiling. Statistics may be inaccurate. Raw delta: 200.12
2026-06-03 17:55:06.396 - system_controller - INFO - Waiting for server metrics results...
2026-06-03 17:55:06.396 - system_controller - INFO - Waiting for server metrics results...
2026-06-03 17:55:08.370 - records_manager - INFO - _finalize_and_process_results completed
2026-06-03 17:55:09.439 - system_controller - INFO - All results received, initiating shutdown
2026-06-03 17:55:10.504 - ExporterManager - INFO - Exporting all records
2026-06-03 17:55:10.675 - aiperf.common.scenario.validator - INFO - Scenario 'inferencex-agentx-mvp': setting timing_mode=agentic_replay (was at default request_rate).
2026-06-03 17:55:11.556 - aiperf.common.scenario.validator - INFO - Scenario 'inferencex-agentx-mvp': setting timing_mode=agentic_replay (was at default request_rate).
2026-06-03 17:55:11.667 - ExporterManager - INFO - Exporting console data
