2026-06-03 17:03:43.239 - aiperf.cli_runner - INFO - Starting AIPerf System
2026-06-03 17:03:43.315 - system_controller - INFO - Registered Worker Manager (id: 'worker_manager')
2026-06-03 17:03:43.328 - server_metrics_manager - INFO - Server Metrics: Discovered 1 endpoints: ['http://localhost:8888/metrics']
2026-06-03 17:03:43.360 - system_controller - INFO - Registered Gpu Telemetry Manager (id: 'gpu_telemetry_manager')
2026-06-03 17:03:43.430 - system_controller - INFO - Registered Worker (id: 'worker_5a2adac4')
2026-06-03 17:03:43.431 - system_controller - INFO - Registered Worker (id: 'worker_35bce0bb')
2026-06-03 17:03:43.434 - system_controller - INFO - Registered Record Processor (id: 'record_processor_2e9af4ff')
2026-06-03 17:03:43.445 - system_controller - INFO - Registered Dataset Manager (id: 'dataset_manager')
2026-06-03 17:03:43.450 - system_controller - INFO - Registered Worker (id: 'worker_7218b75a')
2026-06-03 17:03:43.452 - system_controller - INFO - Registered Server Metrics Manager (id: 'server_metrics_manager')
2026-06-03 17:03:43.497 - GPUTelemetryJSONLWriter_3d04f7cd - INFO - GPU telemetry export enabled: /workspace/results/aiperf_artifacts/gpu_telemetry_export.jsonl
2026-06-03 17:03:43.498 - RecordExportJSONLWriter_e5fb3701 - INFO - Record metrics export enabled: /workspace/results/aiperf_artifacts/profile_export.jsonl
2026-06-03 17:03:43.526 - system_controller - INFO - Registered Worker (id: 'worker_01946c89')
2026-06-03 17:03:43.527 - system_controller - INFO - Registered Worker (id: 'worker_d70e2e5b')
2026-06-03 17:03:43.527 - system_controller - INFO - Registered Record Processor (id: 'record_processor_c5d0e7a3')
2026-06-03 17:03:43.537 - system_controller - INFO - Registered Worker (id: 'worker_bf27caa7')
2026-06-03 17:03:43.538 - system_controller - INFO - Registered Worker (id: 'worker_d360a162')
2026-06-03 17:03:43.540 - system_controller - INFO - Registered Record Processor (id: 'record_processor_80f0e167')
2026-06-03 17:03:43.545 - system_controller - INFO - Registered Worker (id: 'worker_a0014054')
2026-06-03 17:03:43.546 - system_controller - INFO - Registered Worker (id: 'worker_b173be4a')
2026-06-03 17:03:43.547 - system_controller - INFO - Registered Worker (id: 'worker_596d01fb')
2026-06-03 17:03:43.547 - system_controller - INFO - Registered Record Processor (id: 'record_processor_04e8688d')
2026-06-03 17:03:43.551 - system_controller - INFO - Registered Worker (id: 'worker_92b1ec25')
2026-06-03 17:03:43.553 - system_controller - INFO - Registered Worker (id: 'worker_589717ff')
2026-06-03 17:03:43.558 - system_controller - INFO - Registered Worker (id: 'worker_5dfc38f7')
2026-06-03 17:03:43.559 - system_controller - INFO - Registered Worker (id: 'worker_bde9d0a8')
2026-06-03 17:03:43.565 - system_controller - INFO - Registered Worker (id: 'worker_2debf3e3')
2026-06-03 17:03:43.565 - system_controller - INFO - Registered Timing Manager (id: 'timing_manager')
2026-06-03 17:03:43.566 - system_controller - INFO - Registered Worker (id: 'worker_21a2e98b')
2026-06-03 17:03:43.569 - system_controller - INFO - Registered Worker (id: 'worker_49c4e040')
2026-06-03 17:03:43.573 - system_controller - INFO - Registered Worker (id: 'worker_c2db6fce')
2026-06-03 17:03:43.574 - system_controller - INFO - Registered Worker (id: 'worker_79493221')
2026-06-03 17:03:43.578 - system_controller - INFO - Registered Worker (id: 'worker_0005d347')
2026-06-03 17:03:43.583 - system_controller - INFO - Registered Worker (id: 'worker_59c7471d')
2026-06-03 17:03:43.583 - system_controller - INFO - Registered Worker (id: 'worker_d838b5bd')
2026-06-03 17:03:43.598 - system_controller - INFO - Registered Worker (id: 'worker_16f5e634')
2026-06-03 17:03:43.598 - system_controller - INFO - Registered Record Processor (id: 'record_processor_e70db782')
2026-06-03 17:03:43.599 - system_controller - INFO - Registered Record Processor (id: 'record_processor_a072b27a')
2026-06-03 17:03:43.600 - system_controller - INFO - Registered Record Processor (id: 'record_processor_aa1df8a4')
2026-06-03 17:03:43.602 - system_controller - INFO - Registered Worker (id: 'worker_ede01384')
2026-06-03 17:03:43.606 - system_controller - INFO - Registered Worker (id: 'worker_ca2bb3c3')
2026-06-03 17:03:43.608 - system_controller - INFO - Registered Worker (id: 'worker_bf69c351')
2026-06-03 17:03:43.612 - system_controller - INFO - Registered Worker (id: 'worker_3fe9a9c3')
2026-06-03 17:03:43.619 - system_controller - INFO - Registered Record Processor (id: 'record_processor_e253c959')
2026-06-03 17:03:43.619 - system_controller - INFO - Registered Worker (id: 'worker_07551d27')
2026-06-03 17:03:43.622 - system_controller - INFO - Registered Worker (id: 'worker_d67f03ec')
2026-06-03 17:03:43.623 - system_controller - INFO - Registered Records Manager (id: 'records_manager')
2026-06-03 17:03:43.624 - system_controller - INFO - Registered Worker (id: 'worker_d3b147e0')
2026-06-03 17:03:43.629 - system_controller - INFO - Registered Worker (id: 'worker_17da92cd')
2026-06-03 17:03:43.641 - system_controller - INFO - Registered Worker (id: 'worker_8d4ab190')
2026-06-03 17:03:43.804 - system_controller - INFO - AIPerf System is CONFIGURING
2026-06-03 17:03:43.804 - system_controller - INFO - Configuring all services to start profiling
2026-06-03 17:03:43.806 - InferenceResultParser_6b75e100 - INFO - Tokenization is disabled for this endpoint, skipping tokenizer configuration
2026-06-03 17:03:43.806 - InferenceResultParser_69e886ed - INFO - Tokenization is disabled for this endpoint, skipping tokenizer configuration
2026-06-03 17:03:43.806 - InferenceResultParser_329af367 - INFO - Tokenization is disabled for this endpoint, skipping tokenizer configuration
2026-06-03 17:03:43.806 - timing_manager - INFO - Waiting for dataset to be configured before configuring timing
2026-06-03 17:03:43.806 - InferenceResultParser_93c3a285 - INFO - Tokenization is disabled for this endpoint, skipping tokenizer configuration
2026-06-03 17:03:43.806 - InferenceResultParser_49c672f9 - INFO - Tokenization is disabled for this endpoint, skipping tokenizer configuration
2026-06-03 17:03:43.806 - InferenceResultParser_6c79cde8 - INFO - Tokenization is disabled for this endpoint, skipping tokenizer configuration
2026-06-03 17:03:43.806 - InferenceResultParser_b8851d89 - INFO - Tokenization is disabled for this endpoint, skipping tokenizer configuration
2026-06-03 17:03:43.806 - InferenceResultParser_023d9bd6 - INFO - Tokenization is disabled for this endpoint, skipping tokenizer configuration
2026-06-03 17:03:43.814 - system_controller - INFO - GPU telemetry disabled - no DCGM endpoints reachable
2026-06-03 17:03:43.832 - server_metrics_manager - INFO - Server Metrics: Capturing baseline metrics...
2026-06-03 17:03:43.872 - system_controller - INFO - Server metrics enabled - 1/1 endpoint(s) reachable.
2026-06-03 17:03:52.235 - dataset_manager - INFO - Memory-mapped dataset cache HIT under lock (key=b66a5a6b30281a126dcd60715e4300ab); another process populated while we waited.
2026-06-03 17:03:52.945 - aiperf.dataset.mmap_cache - INFO - Restored mmap cache file dataset.dat via copy in 0.710s (1.25 GiB)
2026-06-03 17:03:52.946 - aiperf.dataset.mmap_cache - INFO - Restored mmap cache file index.dat via copy in 0.001s (0.00 GiB)
2026-06-03 17:03:52.946 - aiperf.dataset.mmap_cache - INFO - Restored mmap cache files in 0.710s via dataset=copy index=copy (dataset=1.25 GiB, index=0.00 GiB)
2026-06-03 17:03:53.196 - dataset_manager - INFO - sampling strategy: sequential, unique conversations: 678, unique turn count: 52915
2026-06-03 17:03:53.698 - aiperf.timing.trajectory_source - INFO - TrajectorySource: built 32 trajectories from 225 traces
  range cfg=[0.25, 0.75]  observed sample pct: min= 25% median= 45% max= 74%
    lane=00  sample_time= 39%  root_next= 14/32  ( 44% turns)  live=1 ready=1  trace_id=00e7d11db2db59f44a87b4110175b11d1af3
    lane=01  sample_time= 55%  root_next= 15/28  ( 54% turns)  live=1 ready=1  trace_id=01fece675b92efe07620225cd69c3884f774
    lane=02  sample_time= 55%  root_next=306/594 ( 52% turns)  live=1 ready=1  trace_id=0275949f4db511444909fe92b12f7e921e4a
    lane=03  sample_time= 27%  root_next= 13/27  ( 48% turns)  live=1 ready=1  trace_id=03be8f1eb1e9e620f46bd07068d6ab1aaae3
    lane=04  sample_time= 40%  root_next= 71/151 ( 47% turns)  live=1 ready=1  trace_id=0475b786230f3f2e24220d28e247eaee2dae
    lane=05  sample_time= 50%  root_next= 56/99  ( 57% turns)  live=1 ready=1  trace_id=04b25fe5b2ffa5e7ec9890426cce59838a05
    lane=06  sample_time= 69%  root_next= 10/20  ( 50% turns)  live=1 ready=1  trace_id=06385769df23204ac35c53ad431cf42f7c02
    lane=07  sample_time= 63%  root_next= 53/80  ( 66% turns)  live=1 ready=1  trace_id=07fc71985fbafc8e1abb181b7d28b8349f45
    lane=08  sample_time= 29%  root_next= 48/165 ( 29% turns)  live=1 ready=1  trace_id=09a5d415a7157ed48a5a6fa2711f2d8565c1
    lane=09  sample_time= 28%  root_next=  6/27  ( 22% turns)  live=1 ready=1  trace_id=09c188c8b9201ec2046cc2df702623fef33e
    lane=10  sample_time= 44%  root_next= 35/78  ( 45% turns)  live=1 ready=1  trace_id=0b1cf5ad73920121aa53e1acb0851a8ecf32
    lane=11  sample_time= 61%  root_next=161/254 ( 63% turns)  live=1 ready=1  trace_id=0b4a56f22f01dc235b7ce1cc3aeabd6943e8
    lane=12  sample_time= 32%  root_next= 59/184 ( 32% turns)  live=1 ready=1  trace_id=0d75185d4e958ad360c16451eaa95d508edf
    lane=13  sample_time= 51%  root_next= 10/18  ( 56% turns)  live=1 ready=1  trace_id=0da3a3bea6f3559a2eff4114839b328dad53
    lane=14  sample_time= 71%  root_next= 18/23  ( 78% turns)  live=1 ready=1  trace_id=116cb8d945f9d0810e788e51e3744adaab74
    lane=15  sample_time= 46%  root_next= 26/39  ( 67% turns)  live=1 ready=1  trace_id=1186d32070428ea303de493d61ee3effd467
    lane=16  sample_time= 74%  root_next= 23/26  ( 88% turns)  live=1 ready=1  trace_id=13762df76dba635a268bf3acbb30bfffed63
    lane=17  sample_time= 27%  root_next=  8/27  ( 30% turns)  live=1 ready=1  trace_id=14933d8a4190c45ac8fbd21183bba9469140
    lane=18  sample_time= 43%  root_next= 24/38  ( 63% turns)  live=1 ready=1  trace_id=1770548ae8e30555e62d6d6296c0166d6074
    lane=19  sample_time= 35%  root_next= 20/44  ( 45% turns)  live=3 ready=2  trace_id=1ac9d045056424d98ec4b5725460ca2b6120
    lane=20  sample_time= 55%  root_next= 31/50  ( 62% turns)  live=1 ready=1  trace_id=1b29955ec88767b5f8870f705f770cd46c60
    lane=21  sample_time= 69%  root_next=318/452 ( 70% turns)  live=1 ready=1  trace_id=1ec7f23f1ca1449b1758b86dba91df97cf1a
    lane=22  sample_time= 40%  root_next= 13/31  ( 42% turns)  live=1 ready=1  trace_id=1ff2c5c397d1c8f4a2e069449ec8e10b882a
    lane=23  sample_time= 34%  root_next= 33/55  ( 60% turns)  live=1 ready=1  trace_id=219331470ffaa5388ff9d7d8da92f5dc575b
    lane=24  sample_time= 46%  root_next= 38/63  ( 60% turns)  live=1 ready=1  trace_id=263134ce70d475337deb473aadc255479210
    lane=25  sample_time= 25%  root_next= 14/39  ( 36% turns)  live=1 ready=1  trace_id=265a5749ca677d0b0c90e7d3d6029a45318f
    lane=26  sample_time= 26%  root_next=  7/21  ( 33% turns)  live=1 ready=1  trace_id=2781d1fa9a22e982996948283bbcd3136c44
    lane=27  sample_time= 45%  root_next= 17/30  ( 57% turns)  live=1 ready=1  trace_id=27bf77bcaaf2b6d2210bdbdab4934348f322
    lane=28  sample_time= 73%  root_next= 61/84  ( 73% turns)  live=1 ready=1  trace_id=27cf2ada39b896fea5580c895bfbd4119490
    lane=29  sample_time= 52%  root_next= 20/34  ( 59% turns)  live=1 ready=1  trace_id=298daf6961d9121ca2f5d3cde68ba961c0c5
    lane=30  sample_time= 27%  root_next= 15/43  ( 35% turns)  live=1 ready=1  trace_id=2b971773e1889a7692523d5cc0a78a0361cb
    lane=31  sample_time= 43%  root_next=  8/21  ( 38% turns)  live=1 ready=1  trace_id=2c3e52bf4e687293e9fb70cba1c1786dceea
2026-06-03 17:03:53.699 - PhaseOrchestrator_d624cd50 - INFO - Initialized 2 phase(s): ['Warmup', 'Profiling']
2026-06-03 17:03:53.723 - dataset_manager - INFO - Dataset client initialized and freed 0 conversations from memory
2026-06-03 17:03:53.751 - system_controller - INFO - All services configured in 9.95 seconds
2026-06-03 17:03:53.751 - system_controller - INFO - AIPerf System is CONFIGURED
2026-06-03 17:03:53.753 - server_metrics_manager - INFO - Server Metrics: Started 1 collector(s) successfully
2026-06-03 17:03:53.765 - PhaseRunner - NOTICE - Phase warmup started | target: 33 requests
2026-06-03 17:03:53.765 - AgenticReplayTiming - INFO - WARMUP execute: dispatching 33 trajectory credits
2026-06-03 17:03:53.766 - PhaseRunner - NOTICE - Phase warmup sending complete | sent=33, completed=0, in_flight=33
2026-06-03 17:03:54.054 - records_manager - INFO - Credit phase start: warmup
2026-06-03 17:03:54.088 - system_controller - INFO - All services started profiling successfully
2026-06-03 17:03:54.088 - system_controller - INFO - AIPerf System is PROFILING
2026-06-03 17:06:32.446 - AgenticReplayTiming - INFO - WARMUP 1/33 returned [ok] (lane=19, trace_id=1ac9d045056424d98ec4b5725460ca2b6120::sa:subagent_001_88698b09:s0, start_turn=0/24 (0% through trace))
2026-06-03 17:07:46.848 - AgenticReplayTiming - INFO - WARMUP 2/33 returned [ok] (lane=19, trace_id=1ac9d045056424d98ec4b5725460ca2b6120::sa:subagent_001_88698b09:s1, start_turn=0/4 (0% through trace))
2026-06-03 17:15:16.943 - EventLoopMonitor - WARNING - Event loop for worker_d67f03ec is taking too long to run. Overhead: 29.21ms
2026-06-03 17:17:28.261 - PhaseRunner - NOTICE - Phase warmup complete | completed=33, cancelled=0, errors=0 | elapsed=814.50s
2026-06-03 17:17:28.262 - aiperf.timing.branch_orchestrator - INFO - BranchOrchestrator stats: spawned=0 completed=0 errored=0 suspended=0 resumed=0 parents_failed_due_to_child_error=0 joins_suppressed=0
2026-06-03 17:17:28.277 - AgenticReplayTiming - INFO - PROFILING setup: trajectories=32 traces, recycle_queue=225 traces (full pool)
2026-06-03 17:17:28.277 - PhaseRunner - NOTICE - Phase profiling started | target: 1800.0s duration
2026-06-03 17:17:28.277 - PhaseRunner - INFO - Waiting for event 'profiling phase sending' with timeout of 1799.999392231s
2026-06-03 17:17:28.278 - AgenticReplayTiming - INFO - PROFILING execute: resuming 32 trajectory sessions
2026-06-03 17:17:28.278 - records_manager - INFO - Credit phase start: profiling
2026-06-03 17:17:28.308 - EventLoopMonitor - WARNING - Event loop for worker_bf69c351 is taking too long to run. Overhead: 42.35ms
2026-06-03 17:17:35.286 - AgenticReplayTiming - INFO - Terminating trajectory 0b1cf5ad73920121aa53e1acb0851a8ecf32 early at turn 35/77: context-overflow error from server
2026-06-03 17:19:13.566 - records_manager - INFO - [realtime 01:45 profiling] rps=0.0 (avg 0.0) tput_in=2139/s tput_out=5/s done=4 ok=4 err=0
                           ttft p50=20465ms p75=24558ms p95=27832ms p99=28487ms
                           itl  p50=383ms  p75=682ms  p95=921ms  p99=969ms
                           e2e  p50=90579ms p75=91517ms p95=92268ms p99=92418ms
                           intvty p50=3      p75=3      p95=3      p99=3 (1/tpot tok/s)
                           isl  p50=63,796    p75=75,821    p90=83,036    p99=87,365 (tokens)
                           osl  p50=196       p75=209       p90=217       p99=221 (tokens)
                           tot  in=197,803        out=477
                           trace theoretical_prefix_cache_hit=99.5%
                           srv  prefix_cache_hit=0.0% kv_usage=82.0% queue=6r/23w tput_in_srv=3,065/s tput_out_srv=64/s
2026-06-03 17:19:43.586 - records_manager - INFO - [realtime 02:15 profiling] rps=0.1 (avg 0.0) tput_in=2055/s tput_out=8/s done=6 ok=6 err=0
                           ttft p50=20465ms p75=28650ms p95=36347ms p99=37886ms
                           itl  p50=383ms  p75=508ms  p95=886ms  p99=962ms
                           e2e  p50=92456ms p75=128042ms p95=128768ms p99=128913ms
                           intvty p50=3      p75=3      p95=3      p99=3 (1/tpot tok/s)
                           isl  p50=47,295    p75=63,796    p90=78,226    p99=86,884 (tokens)
                           osl  p50=222       p75=250       p90=264       p99=273 (tokens)
                           tot  in=266,865        out=1,001
                           trace theoretical_prefix_cache_hit=91.8%
                           srv  prefix_cache_hit=0.0% kv_usage=90.0% queue=5r/24w tput_in_srv=3,041/s tput_out_srv=62/s
2026-06-03 17:20:13.609 - records_manager - INFO - [realtime 02:45 profiling] rps=0.1 (avg 0.0) tput_in=2059/s tput_out=9/s done=8 ok=8 err=0
                           ttft p50=28650ms p75=35447ms p95=113233ms p99=138934ms
                           itl  p50=377ms  p75=445ms  p95=839ms  p99=952ms
                           e2e  p50=128042ms p75=137361ms p95=149903ms p99=151318ms
                           intvty p50=3      p75=3      p95=20     p99=25 (1/tpot tok/s)
                           isl  p50=46,466    p75=55,546    p90=73,416    p99=86,403 (tokens)
                           osl  p50=222       p75=262       p90=291       p99=314 (tokens)
                           tot  in=315,649        out=1,330
                           trace theoretical_prefix_cache_hit=92.1%
                           srv  prefix_cache_hit=0.0% kv_usage=91.0% queue=5r/27w tput_in_srv=2,997/s tput_out_srv=61/s
2026-06-03 17:20:43.641 - records_manager - INFO - [realtime 03:15 profiling] rps=0.1 (avg 0.0) tput_in=3007/s tput_out=13/s done=10 ok=10 err=0
                           ttft p50=28650ms p75=38271ms p95=119238ms p99=140135ms
                           itl  p50=360ms  p75=383ms  p95=792ms  p99=943ms
                           e2e  p50=128949ms p75=151672ms p95=180964ms p99=192236ms
                           intvty p50=3      p75=3      p95=19     p99=25 (1/tpot tok/s)
                           isl  p50=47,295    p75=87,846    p90=127,636   p99=146,459 (tokens)
                           osl  p50=250       p75=317       p90=625       p99=630 (tokens)
                           tot  in=586,607        out=2,585
                           trace theoretical_prefix_cache_hit=95.4%
                           srv  prefix_cache_hit=0.0% kv_usage=97.0% queue=5r/27w tput_in_srv=3,175/s tput_out_srv=60/s
2026-06-03 17:21:13.674 - records_manager - INFO - [realtime 03:45 profiling] rps=0.0 (avg 0.0) tput_in=3007/s tput_out=13/s done=10 ok=10 err=0
                           ttft p50=28650ms p75=38271ms p95=119238ms p99=140135ms
                           itl  p50=360ms  p75=383ms  p95=792ms  p99=943ms
                           e2e  p50=128949ms p75=151672ms p95=180964ms p99=192236ms
                           intvty p50=3      p75=3      p95=19     p99=25 (1/tpot tok/s)
                           isl  p50=47,295    p75=87,846    p90=127,636   p99=146,459 (tokens)
                           osl  p50=250       p75=317       p90=625       p99=630 (tokens)
                           tot  in=586,607        out=2,585
                           trace theoretical_prefix_cache_hit=95.4%
                           srv  prefix_cache_hit=0.0% unique_in_srv=3,237,116 kv_usage=81.0% queue=5r/28w tput_in_srv=3,084/s tput_out_srv=59/s
2026-06-03 17:21:43.709 - records_manager - INFO - [realtime 04:15 profiling] rps=0.0 (avg 0.0) tput_in=2976/s tput_out=17/s done=11 ok=11 err=0
                           ttft p50=30637ms p75=69608ms p95=146018ms p99=146449ms
                           itl  p50=344ms  p75=381ms  p95=768ms  p99=938ms
                           e2e  p50=137361ms p75=157790ms p95=210983ms p99=221409ms
                           intvty p50=3      p75=7      p95=22     p99=26 (1/tpot tok/s)
                           isl  p50=55,546    p75=94,266    p90=125,022   p99=146,197 (tokens)
                           osl  p50=262       p75=547       p90=697       p99=1,229 (tokens)
                           tot  in=683,013        out=3,873
                           trace theoretical_prefix_cache_hit=95.0%
                           srv  prefix_cache_hit=0.0% unique_in_srv=3,333,522 kv_usage=86.0% queue=4r/27w tput_in_srv=3,087/s tput_out_srv=58/s
2026-06-03 17:22:13.747 - records_manager - INFO - [realtime 04:45 profiling] rps=0.0 (avg 0.0) tput_in=3213/s tput_out=15/s done=12 ok=12 err=0
                           ttft p50=32623ms p75=112707ms p95=201296ms p99=245087ms
                           itl  p50=329ms  p75=380ms  p95=744ms  p99=933ms
                           e2e  p50=145773ms p75=177441ms p95=241738ms p99=255916ms
                           intvty p50=3      p75=12     p95=26     p99=27 (1/tpot tok/s)
                           isl  p50=63,796    p75=109,407   p90=148,550   p99=185,645 (tokens)
                           osl  p50=250       p75=470       p90=631       p99=1,222 (tokens)
                           tot  in=872,780        out=3,964
                           trace theoretical_prefix_cache_hit=96.1%
                           srv  prefix_cache_hit=0.0% unique_in_srv=3,523,289 kv_usage=84.0% queue=4r/26w tput_in_srv=3,175/s tput_out_srv=57/s
2026-06-03 17:22:43.786 - records_manager - INFO - [realtime 05:15 profiling] rps=0.0 (avg 0.0) tput_in=3209/s tput_out=13/s done=13 ok=13 err=0
                           ttft p50=35447ms p75=145659ms p95=263453ms p99=270707ms
                           itl  p50=344ms  p75=414ms  p95=1725ms p99=2453ms
                           e2e  p50=148723ms p75=202294ms p95=271267ms p99=282810ms
                           intvty p50=3      p75=10     p95=26     p99=27 (1/tpot tok/s)
                           isl  p50=73,744    p75=102,906   p90=145,936   p99=185,233 (tokens)
                           osl  p50=236       p75=394       p90=630       p99=1,216 (tokens)
                           tot  in=956,472        out=3,970
                           trace theoretical_prefix_cache_hit=96.4%
                           srv  prefix_cache_hit=0.0% unique_in_srv=3,606,981 kv_usage=99.0% queue=6r/24w tput_in_srv=3,165/s tput_out_srv=55/s
2026-06-03 17:23:13.826 - records_manager - INFO - [realtime 05:45 profiling] rps=0.0 (avg 0.0) tput_in=2996/s tput_out=14/s done=14 ok=14 err=0
                           ttft p50=38271ms p75=146557ms p95=275859ms p99=279865ms
                           itl  p50=329ms  p75=383ms  p95=1643ms p99=2437ms
                           e2e  p50=151672ms p75=224015ms p95=302717ms p99=323143ms
                           intvty p50=3      p75=14     p95=26     p99=27 (1/tpot tok/s)
                           isl  p50=64,385    p75=96,406    p90=143,322   p99=184,821 (tokens)
                           osl  p50=250       p75=624       p90=668       p99=1,215 (tokens)
                           tot  in=1,020,857      out=4,647
                           trace theoretical_prefix_cache_hit=96.7%
                           srv  prefix_cache_hit=0.0% unique_in_srv=3,671,366 kv_usage=91.0% queue=6r/26w tput_in_srv=3,139/s tput_out_srv=54/s
2026-06-03 17:23:43.874 - records_manager - INFO - [realtime 06:15 profiling] rps=0.0 (avg 0.0) tput_in=3208/s tput_out=21/s done=15 ok=15 err=0
                           ttft p50=46699ms p75=146258ms p95=275441ms p99=279781ms
                           itl  p50=319ms  p75=381ms  p95=1560ms p99=2420ms
                           e2e  p50=155750ms p75=250600ms p95=336260ms p99=348161ms
                           intvty p50=3      p75=13     p95=26     p99=27 (1/tpot tok/s)
                           isl  p50=74,038    p75=111,572   p90=140,707   p99=184,409 (tokens)
                           osl  p50=262       p75=629       p90=1,105     p99=2,518 (tokens)
                           tot  in=1,137,485      out=7,349
                           trace theoretical_prefix_cache_hit=97.0%
                           srv  prefix_cache_hit=0.0% unique_in_srv=3,787,994 kv_usage=95.0% queue=6r/26w tput_in_srv=3,157/s tput_out_srv=55/s
2026-06-03 17:24:13.929 - records_manager - INFO - [realtime 06:45 profiling] rps=0.0 (avg 0.0) tput_in=3196/s tput_out=23/s done=16 ok=16 err=0
                           ttft p50=55128ms p75=201296ms p95=285442ms p99=293985ms
                           itl  p50=308ms  p75=380ms  p95=1477ms p99=2404ms
                           e2e  p50=159829ms p75=272579ms p95=357252ms p99=368669ms
                           intvty p50=3      p75=15     p95=26     p99=27 (1/tpot tok/s)
                           isl  p50=83,692    p75=114,088   p90=138,093   p99=183,997 (tokens)
                           osl  p50=274       p75=654       p90=1,394     p99=2,529 (tokens)
                           tot  in=1,249,033      out=8,814
                           trace theoretical_prefix_cache_hit=97.1%
                           srv  prefix_cache_hit=0.0% unique_in_srv=3,899,542 kv_usage=93.0% queue=6r/25w tput_in_srv=3,171/s tput_out_srv=55/s
2026-06-03 17:24:43.987 - records_manager - INFO - [realtime 07:15 profiling] rps=0.0 (avg 0.0) tput_in=3437/s tput_out=29/s done=17 ok=17 err=0
                           ttft p50=67591ms p75=173926ms p95=284680ms p99=293832ms
                           itl  p50=218ms  p75=378ms  p95=1394ms p99=2387ms
                           e2e  p50=177441ms p75=296334ms p95=381101ms p99=404087ms
                           intvty p50=6      p75=15     p95=26     p99=27 (1/tpot tok/s)
                           isl  p50=85,769    p75=118,073   p90=163,244   p99=187,993 (tokens)
                           osl  p50=296       p75=830       p90=2,084     p99=3,049 (tokens)
                           tot  in=1,426,972      out=11,924
                           trace theoretical_prefix_cache_hit=97.3%
                           srv  prefix_cache_hit=0.0% unique_in_srv=4,077,481 kv_usage=90.0% queue=7r/24w tput_in_srv=3,236/s tput_out_srv=56/s
2026-06-03 17:25:14.057 - records_manager - INFO - [realtime 07:45 profiling] rps=0.1 (avg 0.0) tput_in=3406/s tput_out=28/s done=20 ok=20 err=0
                           ttft p50=123062ms p75=276693ms p95=414209ms p99=425011ms
                           itl  p50=110ms  p75=368ms  p95=1146ms p99=2337ms
                           e2e  p50=224015ms p75=361330ms p95=430524ms p99=432185ms
                           intvty p50=9      p75=18     p95=27     p99=27 (1/tpot tok/s)
                           isl  p50=64,408    p75=114,088   p90=154,428   p99=187,638 (tokens)
                           osl  p50=274       p75=796       p90=1,712     p99=3,037 (tokens)
                           tot  in=1,583,109      out=13,092
                           trace theoretical_prefix_cache_hit=97.3%
                           srv  prefix_cache_hit=0.0% unique_in_srv=4,233,618 kv_usage=94.0% queue=9r/22w tput_in_srv=3,282/s tput_out_srv=56/s
2026-06-03 17:25:44.141 - records_manager - INFO - [realtime 08:15 profiling] rps=0.1 (avg 0.0) tput_in=3652/s tput_out=36/s done=23 ok=23 err=0
                           ttft p50=145958ms p75=292307ms p95=413402ms p99=424715ms
                           itl  p50=104ms  p75=352ms  p95=957ms  p99=2288ms
                           e2e  p50=272579ms p75=415174ms p95=465925ms p99=469237ms
                           intvty p50=10     p75=16     p95=27     p99=27 (1/tpot tok/s)
                           isl  p50=74,050    p75=109,767   p90=145,936   p99=187,283 (tokens)
                           osl  p50=399       p75=1,107     p90=2,578     p99=3,145 (tokens)
                           tot  in=1,791,705      out=17,898
                           trace theoretical_prefix_cache_hit=97.4%
                           srv  prefix_cache_hit=0.0% unique_in_srv=4,442,214 kv_usage=84.0% queue=7r/22w tput_in_srv=3,365/s tput_out_srv=58/s
2026-06-03 17:26:14.229 - records_manager - INFO - [realtime 08:45 profiling] rps=0.1 (avg 0.0) tput_in=3684/s tput_out=36/s done=25 ok=25 err=0
                           ttft p50=166027ms p75=348947ms p95=425571ms p99=436654ms
                           itl  p50=107ms  p75=337ms  p95=910ms  p99=2255ms
                           e2e  p50=306973ms p75=430870ms p95=481062ms p99=488645ms
                           intvty p50=9      p75=15     p95=27     p99=27 (1/tpot tok/s)
                           isl  p50=68,912    p75=106,204   p90=140,707   p99=187,047 (tokens)
                           osl  p50=399       p75=980       p90=2,331     p99=3,144 (tokens)
                           tot  in=1,909,360      out=18,647
                           trace theoretical_prefix_cache_hit=97.2%
                           srv  prefix_cache_hit=0.0% unique_in_srv=4,559,869 kv_usage=90.0% queue=6r/24w tput_in_srv=3,378/s tput_out_srv=57/s
2026-06-03 17:26:44.322 - records_manager - INFO - [realtime 09:16 profiling] rps=0.0 (avg 0.0) tput_in=3751/s tput_out=36/s done=26 ok=26 err=0
                           ttft p50=185496ms p75=353377ms p95=437003ms p99=448126ms
                           itl  p50=110ms  p75=329ms  p95=886ms  p99=2238ms
                           e2e  p50=328249ms p75=432600ms p95=488865ms p99=493932ms
                           intvty p50=9      p75=14     p95=27     p99=27 (1/tpot tok/s)
                           isl  p50=73,416    p75=104,423   p90=138,093   p99=186,928 (tokens)
                           osl  p50=317       p75=916       p90=2,207     p99=3,143 (tokens)
                           tot  in=1,994,048      out=18,906
                           trace theoretical_prefix_cache_hit=97.1%
                           srv  prefix_cache_hit=0.0% unique_in_srv=4,644,557 kv_usage=91.0% queue=7r/26w tput_in_srv=3,366/s tput_out_srv=56/s
2026-06-03 17:27:14.415 - records_manager - INFO - [realtime 09:46 profiling] rps=0.0 (avg 0.0) tput_in=3751/s tput_out=36/s done=26 ok=26 err=0
                           ttft p50=185496ms p75=353377ms p95=437003ms p99=448126ms
                           itl  p50=110ms  p75=329ms  p95=886ms  p99=2238ms
                           e2e  p50=328249ms p75=432600ms p95=488865ms p99=493932ms
                           intvty p50=9      p75=14     p95=27     p99=27 (1/tpot tok/s)
                           isl  p50=73,416    p75=104,423   p90=138,093   p99=186,928 (tokens)
                           osl  p50=317       p75=916       p90=2,207     p99=3,143 (tokens)
                           tot  in=1,994,048      out=18,906
                           trace theoretical_prefix_cache_hit=97.1%
                           srv  prefix_cache_hit=0.0% unique_in_srv=4,644,557 kv_usage=92.0% queue=7r/26w tput_in_srv=3,293/s tput_out_srv=55/s
2026-06-03 17:27:44.507 - records_manager - INFO - [realtime 10:16 profiling] rps=0.0 (avg 0.0) tput_in=3751/s tput_out=36/s done=26 ok=26 err=0
                           ttft p50=185496ms p75=353377ms p95=437003ms p99=448126ms
                           itl  p50=110ms  p75=329ms  p95=886ms  p99=2238ms
                           e2e  p50=328249ms p75=432600ms p95=488865ms p99=493932ms
                           intvty p50=9      p75=14     p95=27     p99=27 (1/tpot tok/s)
                           isl  p50=73,416    p75=104,423   p90=138,093   p99=186,928 (tokens)
                           osl  p50=317       p75=916       p90=2,207     p99=3,143 (tokens)
                           tot  in=1,994,048      out=18,906
                           trace theoretical_prefix_cache_hit=97.1%
                           srv  prefix_cache_hit=0.0% unique_in_srv=4,644,557 kv_usage=92.0% queue=7r/26w tput_in_srv=3,224/s tput_out_srv=54/s
2026-06-03 17:28:14.605 - records_manager - INFO - [realtime 10:46 profiling] rps=0.0 (avg 0.0) tput_in=3331/s tput_out=34/s done=27 ok=27 err=0
                           ttft p50=220766ms p75=397545ms p95=448010ms p99=483212ms
                           itl  p50=107ms  p75=324ms  p95=862ms  p99=2222ms
                           e2e  p50=339693ms p75=455191ms p95=493884ms p99=554242ms
                           intvty p50=9      p75=16     p95=27     p99=28 (1/tpot tok/s)
                           isl  p50=76,598    p75=102,419   p90=135,479   p99=186,810 (tokens)
                           osl  p50=399       p75=1,107     p90=2,458     p99=3,143 (tokens)
                           tot  in=2,073,829      out=21,119
                           trace theoretical_prefix_cache_hit=97.2%
                           srv  prefix_cache_hit=0.0% unique_in_srv=4,724,338 kv_usage=97.0% queue=9r/23w tput_in_srv=3,213/s tput_out_srv=54/s
2026-06-03 17:28:44.708 - records_manager - INFO - [realtime 11:16 profiling] rps=0.1 (avg 0.0) tput_in=3312/s tput_out=38/s done=29 ok=29 err=0
                           ttft p50=264277ms p75=412378ms p95=478904ms p99=503035ms
                           itl  p50=104ms  p75=314ms  p95=815ms  p99=2189ms
                           e2e  p50=361330ms p75=467088ms p95=558773ms p99=624257ms
                           intvty p50=10     p75=17     p95=27     p99=28 (1/tpot tok/s)
                           isl  p50=76,598    p75=104,145   p90=130,251   p99=186,573 (tokens)
                           osl  p50=516       p75=1,200     p90=2,824     p99=3,491 (tokens)
                           tot  in=2,201,761      out=25,365
                           trace theoretical_prefix_cache_hit=97.3%
                           srv  prefix_cache_hit=0.0% unique_in_srv=4,852,270 kv_usage=93.0% queue=8r/22w tput_in_srv=3,234/s tput_out_srv=56/s
2026-06-03 17:29:14.821 - records_manager - INFO - [realtime 11:46 profiling] rps=0.2 (avg 0.0) tput_in=3519/s tput_out=40/s done=35 ok=35 err=0
                           ttft p50=321795ms p75=448010ms p95=533703ms p99=538166ms
                           itl  p50=88ms   p75=208ms  p95=673ms  p99=2089ms
                           e2e  p50=423624ms p75=521684ms p95=589023ms p99=631539ms
                           intvty p50=11     p75=19     p95=27     p99=28 (1/tpot tok/s)
                           isl  p50=64,396    p75=94,603    p90=120,674   p99=185,864 (tokens)
                           osl  p50=428       p75=1,107     p90=2,555     p99=3,464 (tokens)
                           tot  in=2,479,991      out=28,234
                           trace theoretical_prefix_cache_hit=96.4%
                           srv  prefix_cache_hit=0.0% unique_in_srv=5,130,500 kv_usage=80.0% queue=6r/24w tput_in_srv=3,352/s tput_out_srv=57/s
2026-06-03 17:29:44.937 - records_manager - INFO - [realtime 12:16 profiling] rps=0.0 (avg 0.0) tput_in=3519/s tput_out=40/s done=35 ok=35 err=0
                           ttft p50=321795ms p75=448010ms p95=533703ms p99=538166ms
                           itl  p50=88ms   p75=208ms  p95=673ms  p99=2089ms
                           e2e  p50=423624ms p75=521684ms p95=589023ms p99=631539ms
                           intvty p50=11     p75=19     p95=27     p99=28 (1/tpot tok/s)
                           isl  p50=64,396    p75=94,603    p90=120,674   p99=185,864 (tokens)
                           osl  p50=428       p75=1,107     p90=2,555     p99=3,464 (tokens)
                           tot  in=2,479,991      out=28,234
                           trace theoretical_prefix_cache_hit=96.4%
                           srv  prefix_cache_hit=0.0% unique_in_srv=5,130,500 kv_usage=94.0% queue=6r/25w tput_in_srv=3,287/s tput_out_srv=56/s
2026-06-03 17:30:15.059 - records_manager - INFO - [realtime 12:46 profiling] rps=0.1 (avg 0.0) tput_in=3430/s tput_out=46/s done=37 ok=37 err=0
                           ttft p50=321795ms p75=461674ms p95=535858ms p99=552489ms
                           itl  p50=85ms   p75=184ms  p95=626ms  p99=2056ms
                           e2e  p50=431447ms p75=533695ms p95=617132ms p99=703812ms
                           intvty p50=12     p75=21     p95=27     p99=28 (1/tpot tok/s)
                           isl  p50=64,189    p75=90,996    p90=119,518   p99=185,627 (tokens)
                           osl  p50=428       p75=1,171     p90=2,906     p99=5,258 (tokens)
                           tot  in=2,577,222      out=34,605
                           trace theoretical_prefix_cache_hit=96.4%
                           srv  prefix_cache_hit=0.0% unique_in_srv=5,227,731 kv_usage=96.0% queue=5r/24w tput_in_srv=3,286/s tput_out_srv=59/s
2026-06-03 17:30:45.188 - records_manager - INFO - [realtime 13:16 profiling] rps=0.0 (avg 0.0) tput_in=3432/s tput_out=49/s done=38 ok=38 err=0
                           ttft p50=347470ms p75=471929ms p95=535583ms p99=552296ms
                           itl  p50=84ms   p75=171ms  p95=602ms  p99=2040ms
                           e2e  p50=432600ms p75=540262ms p95=661613ms p99=744547ms
                           intvty p50=12     p75=19     p95=27     p99=28 (1/tpot tok/s)
                           isl  p50=64,385    p75=96,406    p90=130,559   p99=185,509 (tokens)
                           osl  p50=481       p75=1,172     p90=3,128     p99=5,558 (tokens)
                           tot  in=2,720,008      out=39,124
                           trace theoretical_prefix_cache_hit=93.1%
                           srv  prefix_cache_hit=0.0% unique_in_srv=5,370,517 kv_usage=85.0% queue=5r/25w tput_in_srv=3,313/s tput_out_srv=60/s
2026-06-03 17:31:15.323 - records_manager - INFO - [realtime 13:47 profiling] rps=0.1 (avg 0.0) tput_in=3611/s tput_out=49/s done=40 ok=40 err=0
                           ttft p50=353377ms p75=500182ms p95=557278ms p99=564284ms
                           itl  p50=74ms   p75=157ms  p95=555ms  p99=2007ms
                           e2e  p50=462721ms p75=555441ms p95=652236ms p99=744299ms
                           intvty p50=14     p75=23     p95=27     p99=28 (1/tpot tok/s)
                           isl  p50=64,408    p75=100,229   p90=126,946   p99=185,272 (tokens)
                           osl  p50=481       p75=1,172     p90=3,119     p99=5,525 (tokens)
                           tot  in=2,939,400      out=40,029
                           trace theoretical_prefix_cache_hit=93.4%
                           srv  prefix_cache_hit=0.0% unique_in_srv=5,589,909 kv_usage=75.0% queue=4r/27w tput_in_srv=3,386/s tput_out_srv=60/s
2026-06-03 17:31:41.353 - AgenticReplayTiming - INFO - Terminating trajectory 1186d32070428ea303de493d61ee3effd467 early at turn 27/38: context-overflow error from server
2026-06-03 17:31:45.454 - records_manager - INFO - [realtime 14:17 profiling] rps=0.0 (avg 0.0) tput_in=3611/s tput_out=49/s done=41 ok=41 err=0
                           ttft p50=353377ms p75=500182ms p95=557278ms p99=564284ms
                           itl  p50=74ms   p75=157ms  p95=555ms  p99=2007ms
                           e2e  p50=462721ms p75=555441ms p95=652236ms p99=744299ms
                           intvty p50=14     p75=23     p95=27     p99=28 (1/tpot tok/s)
                           isl  p50=64,408    p75=100,229   p90=126,946   p99=185,272 (tokens)
                           osl  p50=481       p75=1,172     p90=3,119     p99=5,525 (tokens)
                           tot  in=2,939,400      out=40,029
                           trace theoretical_prefix_cache_hit=93.4%
                           srv  prefix_cache_hit=0.0% unique_in_srv=5,589,909 kv_usage=93.0% queue=5r/27w tput_in_srv=3,325/s tput_out_srv=59/s
2026-06-03 17:32:15.593 - records_manager - INFO - [realtime 14:47 profiling] rps=0.1 (avg 0.0) tput_in=3728/s tput_out=47/s done=43 ok=43 err=0
                           ttft p50=410072ms p75=522495ms p95=559224ms p99=564212ms
                           itl  p50=84ms   p75=156ms  p95=508ms  p99=1973ms
                           e2e  p50=466094ms p75=563662ms p95=696620ms p99=744052ms
                           intvty p50=12     p75=19     p95=27     p99=28 (1/tpot tok/s)
                           isl  p50=73,416    p75=104,423   p90=148,550   p99=189,767 (tokens)
                           osl  p50=481       p75=1,172     p90=3,110     p99=5,493 (tokens)
                           tot  in=3,279,639      out=41,524
                           trace theoretical_prefix_cache_hit=94.0%
                           srv  prefix_cache_hit=0.0% unique_in_srv=5,930,148 kv_usage=70.0% queue=5r/27w tput_in_srv=3,465/s tput_out_srv=59/s
2026-06-03 17:32:45.734 - records_manager - INFO - [realtime 15:17 profiling] rps=0.0 (avg 0.0) tput_in=3728/s tput_out=47/s done=43 ok=43 err=0
                           ttft p50=410072ms p75=522495ms p95=559224ms p99=564212ms
                           itl  p50=84ms   p75=156ms  p95=508ms  p99=1973ms
                           e2e  p50=466094ms p75=563662ms p95=696620ms p99=744052ms
                           intvty p50=12     p75=19     p95=27     p99=28 (1/tpot tok/s)
                           isl  p50=73,416    p75=104,423   p90=148,550   p99=189,767 (tokens)
                           osl  p50=481       p75=1,172     p90=3,110     p99=5,493 (tokens)
                           tot  in=3,279,639      out=41,524
                           trace theoretical_prefix_cache_hit=94.0%
                           srv  prefix_cache_hit=0.0% unique_in_srv=5,930,148 kv_usage=92.0% queue=6r/26w tput_in_srv=3,405/s tput_out_srv=58/s
2026-06-03 17:33:15.919 - records_manager - INFO - [realtime 15:47 profiling] rps=0.1 (avg 0.0) tput_in=3699/s tput_out=46/s done=45 ok=45 err=0
                           ttft p50=412268ms p75=525587ms p95=559008ms p99=564053ms
                           itl  p50=87ms   p75=156ms  p95=495ms  p99=1940ms
                           e2e  p50=470072ms p75=566042ms p95=691244ms p99=743805ms
                           intvty p50=12     p75=19     p95=27     p99=28 (1/tpot tok/s)
                           isl  p50=73,416    p75=104,238   p90=147,397   p99=189,767 (tokens)
                           osl  p50=376       p75=1,172     p90=3,028     p99=5,460 (tokens)
                           tot  in=3,428,487      out=42,220
                           trace theoretical_prefix_cache_hit=94.3%
                           srv  prefix_cache_hit=0.0% unique_in_srv=6,078,996 kv_usage=88.0% queue=5r/27w tput_in_srv=3,431/s tput_out_srv=57/s
2026-06-03 17:33:46.069 - records_manager - INFO - [realtime 16:17 profiling] rps=0.0 (avg 0.0) tput_in=3652/s tput_out=50/s done=46 ok=46 err=0
                           ttft p50=411170ms p75=524171ms p95=558900ms p99=563974ms
                           itl  p50=88ms   p75=156ms  p95=489ms  p99=1924ms
                           e2e  p50=476537ms p75=569161ms p95=730631ms p99=861826ms
                           intvty p50=11     p75=18     p95=27     p99=28 (1/tpot tok/s)
                           isl  p50=76,598    p75=105,517   p90=146,821   p99=189,767 (tokens)
                           osl  p50=428       p75=1,201     p90=3,141     p99=6,124 (tokens)
                           tot  in=3,537,286      out=48,321
                           trace theoretical_prefix_cache_hit=94.4%
                           srv  prefix_cache_hit=0.0% unique_in_srv=6,187,795 kv_usage=93.0% queue=5r/25w tput_in_srv=3,434/s tput_out_srv=60/s
2026-06-03 17:34:16.222 - records_manager - INFO - [realtime 16:47 profiling] rps=0.0 (avg 0.0) tput_in=3675/s tput_out=49/s done=47 ok=47 err=0
                           ttft p50=412268ms p75=528417ms p95=558792ms p99=563894ms
                           itl  p50=89ms   p75=156ms  p95=483ms  p99=1907ms
                           e2e  p50=483001ms p75=573966ms p95=728631ms p99=859847ms
                           intvty p50=11     p75=18     p95=27     p99=28 (1/tpot tok/s)
                           isl  p50=79,781    p75=108,799   p90=146,244   p99=189,767 (tokens)
                           osl  p50=481       p75=1,172     p90=3,136     p99=6,124 (tokens)
                           tot  in=3,654,876      out=49,038
                           trace theoretical_prefix_cache_hit=94.6%
                           srv  prefix_cache_hit=0.0% unique_in_srv=6,305,385 kv_usage=96.0% queue=6r/25w tput_in_srv=3,442/s tput_out_srv=59/s
2026-06-03 17:34:46.381 - records_manager - INFO - [realtime 17:18 profiling] rps=0.1 (avg 0.0) tput_in=3725/s tput_out=48/s done=49 ok=49 err=0
                           ttft p50=412708ms p75=525587ms p95=558576ms p99=563736ms
                           itl  p50=87ms   p75=153ms  p95=470ms  p99=1874ms
                           e2e  p50=490331ms p75=570763ms p95=724629ms p99=855888ms
                           intvty p50=12     p75=18     p95=27     p99=28 (1/tpot tok/s)
                           isl  p50=79,781    p75=106,611   p90=145,092   p99=189,767 (tokens)
                           osl  p50=458       p75=1,172     p90=3,128     p99=6,123 (tokens)
                           tot  in=3,824,092      out=49,758
                           trace theoretical_prefix_cache_hit=94.6%
                           srv  prefix_cache_hit=0.0% unique_in_srv=6,474,601 kv_usage=94.0% queue=7r/25w tput_in_srv=3,477/s tput_out_srv=58/s
2026-06-03 17:35:16.591 - records_manager - INFO - [realtime 17:48 profiling] rps=0.1 (avg 0.0) tput_in=3700/s tput_out=53/s done=51 ok=51 err=0
                           ttft p50=413438ms p75=528054ms p95=558360ms p99=563577ms
                           itl  p50=86ms   p75=149ms  p95=458ms  p99=1841ms
                           e2e  p50=495069ms p75=573966ms p95=744052ms p99=976668ms
                           intvty p50=12     p75=18     p95=27     p99=28 (1/tpot tok/s)
                           isl  p50=75,819    p75=104,423   p90=143,939   p99=189,767 (tokens)
                           osl  p50=481       p75=1,172     p90=3,246     p99=6,122 (tokens)
                           tot  in=3,950,590      out=56,462
                           trace theoretical_prefix_cache_hit=93.9%
                           srv  prefix_cache_hit=0.0% unique_in_srv=6,601,099 kv_usage=92.0% queue=8r/24w tput_in_srv=3,488/s tput_out_srv=61/s
2026-06-03 17:35:46.767 - records_manager - INFO - [realtime 18:18 profiling] rps=0.1 (avg 0.0) tput_in=3779/s tput_out=54/s done=53 ok=53 err=0
                           ttft p50=427712ms p75=527283ms p95=558143ms p99=563418ms
                           itl  p50=86ms   p75=146ms  p95=445ms  p99=1808ms
                           e2e  p50=530555ms p75=578249ms p95=742816ms p99=975524ms
                           intvty p50=12     p75=17     p95=27     p99=28 (1/tpot tok/s)
                           isl  p50=75,819    p75=106,611   p90=142,786   p99=189,767 (tokens)
                           osl  p50=550       p75=1,230     p90=3,154     p99=6,122 (tokens)
                           tot  in=4,102,913      out=58,829
                           trace theoretical_prefix_cache_hit=94.1%
                           srv  prefix_cache_hit=0.0% unique_in_srv=6,753,422 kv_usage=89.0% queue=6r/22w tput_in_srv=3,513/s tput_out_srv=61/s
2026-06-03 17:36:16.950 - records_manager - INFO - [realtime 18:48 profiling] rps=0.1 (avg 0.0) tput_in=3790/s tput_out=53/s done=55 ok=55 err=0
                           ttft p50=439325ms p75=528054ms p95=557927ms p99=563260ms
                           itl  p50=86ms   p75=142ms  p95=433ms  p99=1775ms
                           e2e  p50=530555ms p75=578505ms p95=741579ms p99=974381ms
                           intvty p50=12     p75=17     p95=27     p99=28 (1/tpot tok/s)
                           isl  p50=75,819    p75=104,423   p90=138,826   p99=189,767 (tokens)
                           osl  p50=512       p75=1,172     p90=3,145     p99=6,121 (tokens)
                           tot  in=4,228,216      out=59,434
                           trace theoretical_prefix_cache_hit=94.3%
                           srv  prefix_cache_hit=0.0% unique_in_srv=6,878,725 kv_usage=98.0% queue=7r/24w tput_in_srv=3,523/s tput_out_srv=61/s
2026-06-03 17:36:47.144 - records_manager - INFO - [realtime 19:18 profiling] rps=0.1 (avg 0.0) tput_in=3870/s tput_out=54/s done=59 ok=59 err=0
                           ttft p50=453904ms p75=526513ms p95=557495ms p99=562942ms
                           itl  p50=86ms   p75=132ms  p95=408ms  p99=1709ms
                           e2e  p50=530555ms p75=581271ms p95=739106ms p99=972094ms
                           intvty p50=12     p75=18     p95=27     p99=28 (1/tpot tok/s)
                           isl  p50=73,416    p75=104,423   p90=130,906   p99=189,767 (tokens)
                           osl  p50=512       p75=1,172     p90=3,128     p99=6,119 (tokens)
                           tot  in=4,474,276      out=62,158
                           trace theoretical_prefix_cache_hit=94.5%
                           srv  prefix_cache_hit=0.0% unique_in_srv=7,124,785 kv_usage=85.0% queue=7r/22w tput_in_srv=3,593/s tput_out_srv=61/s
2026-06-03 17:37:17.342 - records_manager - INFO - [realtime 19:49 profiling] rps=0.0 (avg 0.0) tput_in=3910/s tput_out=54/s done=60 ok=60 err=0
                           ttft p50=454913ms p75=527668ms p95=557387ms p99=562863ms
                           itl  p50=86ms   p75=140ms  p95=401ms  p99=1692ms
                           e2e  p50=531031ms p75=585535ms p95=738488ms p99=971523ms
                           intvty p50=12     p75=18     p95=27     p99=28 (1/tpot tok/s)
                           isl  p50=73,674    p75=104,330   p90=128,926   p99=189,767 (tokens)
                           osl  p50=496       p75=1,172     p90=3,123     p99=6,119 (tokens)
                           tot  in=4,562,770      out=62,572
                           trace theoretical_prefix_cache_hit=94.6%
                           srv  prefix_cache_hit=0.0% unique_in_srv=7,213,279 kv_usage=99.0% queue=9r/23w tput_in_srv=3,583/s tput_out_srv=60/s
2026-06-03 17:37:47.564 - records_manager - INFO - [realtime 20:19 profiling] rps=0.1 (avg 0.1) tput_in=3979/s tput_out=62/s done=63 ok=63 err=0
                           ttft p50=453904ms p75=528054ms p95=557062ms p99=562625ms
                           itl  p50=87ms   p75=142ms  p95=383ms  p99=1643ms
                           e2e  p50=531506ms p75=586966ms p95=748998ms p99=1081068ms
                           intvty p50=12     p75=17     p95=27     p99=28 (1/tpot tok/s)
                           isl  p50=73,932    p75=104,052   p90=122,986   p99=189,767 (tokens)
                           osl  p50=512       p75=1,172     p90=3,154     p99=7,914 (tokens)
                           tot  in=4,792,614      out=74,150
                           trace theoretical_prefix_cache_hit=94.8%
                           srv  prefix_cache_hit=0.0% unique_in_srv=7,443,123 kv_usage=87.0% queue=8r/23w tput_in_srv=3,643/s tput_out_srv=65/s
2026-06-03 17:38:17.788 - records_manager - INFO - [realtime 20:49 profiling] rps=0.0 (avg 0.1) tput_in=3951/s tput_out=61/s done=64 ok=64 err=0
                           ttft p50=452404ms p75=527668ms p95=556649ms p99=562546ms
                           itl  p50=88ms   p75=142ms  p95=382ms  p99=1626ms
                           e2e  p50=531031ms p75=586963ms p95=748380ms p99=1079144ms
                           intvty p50=11     p75=17     p95=27     p99=28 (1/tpot tok/s)
                           isl  p50=73,674    p75=102,140   p90=122,928   p99=189,767 (tokens)
                           osl  p50=496       p75=1,172     p90=3,150     p99=7,869 (tokens)
                           tot  in=4,843,184      out=74,347
                           trace theoretical_prefix_cache_hit=94.9%
                           srv  prefix_cache_hit=0.0% unique_in_srv=7,493,693 kv_usage=99.0% queue=8r/22w tput_in_srv=3,614/s tput_out_srv=64/s
2026-06-03 17:38:48.061 - records_manager - INFO - [realtime 21:19 profiling] rps=0.2 (avg 0.1) tput_in=3878/s tput_out=61/s done=69 ok=69 err=0
                           ttft p50=450905ms p75=524634ms p95=554581ms p99=562149ms
                           itl  p50=92ms   p75=146ms  p95=381ms  p99=1543ms
                           e2e  p50=531506ms p75=584114ms p95=745289ms p99=1069523ms
                           intvty p50=11     p75=17     p95=27     p99=28 (1/tpot tok/s)
                           isl  p50=64,793    p75=96,406    p90=122,639   p99=189,767 (tokens)
                           osl  p50=550       p75=1,136     p90=3,128     p99=7,648 (tokens)
                           tot  in=4,955,815      out=77,690
                           trace theoretical_prefix_cache_hit=94.7%
                           srv  prefix_cache_hit=0.0% unique_in_srv=7,606,324 kv_usage=84.0% queue=5r/26w tput_in_srv=3,616/s tput_out_srv=65/s
2026-06-03 17:39:18.307 - records_manager - INFO - [realtime 21:50 profiling] rps=0.0 (avg 0.1) tput_in=3912/s tput_out=61/s done=70 ok=70 err=0
                           ttft p50=445115ms p75=523695ms p95=554167ms p99=562070ms
                           itl  p50=90ms   p75=144ms  p95=381ms  p99=1527ms
                           e2e  p50=531031ms p75=582692ms p95=744670ms p99=1067599ms
                           intvty p50=11     p75=17     p95=27     p99=28 (1/tpot tok/s)
                           isl  p50=64,942    p75=98,318    p90=122,581   p99=189,767 (tokens)
                           osl  p50=587       p75=1,171     p90=3,123     p99=7,604 (tokens)
                           tot  in=5,068,208      out=78,883
                           trace theoretical_prefix_cache_hit=94.5%
                           srv  prefix_cache_hit=0.0% unique_in_srv=7,718,717 kv_usage=82.0% queue=4r/25w tput_in_srv=3,617/s tput_out_srv=65/s
2026-06-03 17:39:48.559 - records_manager - INFO - [realtime 22:20 profiling] rps=0.0 (avg 0.1) tput_in=3889/s tput_out=60/s done=71 ok=71 err=0
                           ttft p50=439325ms p75=522756ms p95=553754ms p99=561991ms
                           itl  p50=89ms   p75=142ms  p95=380ms  p99=1510ms
                           e2e  p50=530555ms p75=581271ms p95=744052ms p99=1065675ms
                           intvty p50=11     p75=17     p95=27     p99=28 (1/tpot tok/s)
                           isl  p50=65,090    p75=104,052   p90=122,986   p99=189,767 (tokens)
                           osl  p50=624       p75=1,172     p90=3,119     p99=7,559 (tokens)
                           tot  in=5,191,194      out=80,425
                           trace theoretical_prefix_cache_hit=94.5%
                           srv  prefix_cache_hit=0.0% unique_in_srv=7,841,703 kv_usage=80.0% queue=4r/26w tput_in_srv=3,624/s tput_out_srv=64/s
2026-06-03 17:40:18.811 - records_manager - INFO - [realtime 22:50 profiling] rps=0.0 (avg 0.1) tput_in=3889/s tput_out=60/s done=71 ok=71 err=0
                           ttft p50=439325ms p75=522756ms p95=553754ms p99=561991ms
                           itl  p50=89ms   p75=142ms  p95=380ms  p99=1510ms
                           e2e  p50=530555ms p75=581271ms p95=744052ms p99=1065675ms
                           intvty p50=11     p75=17     p95=27     p99=28 (1/tpot tok/s)
                           isl  p50=65,090    p75=104,052   p90=122,986   p99=189,767 (tokens)
                           osl  p50=624       p75=1,172     p90=3,119     p99=7,559 (tokens)
                           tot  in=5,191,194      out=80,425
                           trace theoretical_prefix_cache_hit=94.5%
                           srv  prefix_cache_hit=0.0% unique_in_srv=7,841,703 kv_usage=95.0% queue=4r/28w tput_in_srv=3,573/s tput_out_srv=64/s
2026-06-03 17:40:49.075 - records_manager - INFO - [realtime 23:20 profiling] rps=0.1 (avg 0.1) tput_in=3868/s tput_out=61/s done=73 ok=73 err=0
                           ttft p50=448812ms p75=522625ms p95=552927ms p99=561832ms
                           itl  p50=92ms   p75=142ms  p95=380ms  p99=1477ms
                           e2e  p50=531506ms p75=586961ms p95=742816ms p99=1061827ms
                           intvty p50=11     p75=17     p95=27     p99=28 (1/tpot tok/s)
                           isl  p50=73,416    p75=104,238   p90=122,986   p99=189,767 (tokens)
                           osl  p50=629       p75=1,240     p90=3,110     p99=7,471 (tokens)
                           tot  in=5,385,463      out=84,806
                           trace theoretical_prefix_cache_hit=94.8%
                           srv  prefix_cache_hit=0.0% unique_in_srv=8,035,972 kv_usage=92.0% queue=4r/26w tput_in_srv=3,612/s tput_out_srv=65/s
2026-06-03 17:41:19.345 - records_manager - INFO - [realtime 23:51 profiling] rps=0.1 (avg 0.1) tput_in=3885/s tput_out=60/s done=75 ok=75 err=0
                           ttft p50=450905ms p75=522495ms p95=552099ms p99=561673ms
                           itl  p50=92ms   p75=142ms  p95=379ms  p99=1444ms
                           e2e  p50=530555ms p75=586957ms p95=741579ms p99=1057979ms
                           intvty p50=11     p75=17     p95=27     p99=28 (1/tpot tok/s)
                           isl  p50=73,416    p75=104,052   p90=122,870   p99=189,767 (tokens)
                           osl  p50=624       p75=1,193     p90=3,028     p99=7,382 (tokens)
                           tot  in=5,535,532      out=84,948
                           trace theoretical_prefix_cache_hit=94.9%
                           srv  prefix_cache_hit=0.0% unique_in_srv=8,186,041 kv_usage=95.0% queue=4r/26w tput_in_srv=3,630/s tput_out_srv=64/s
2026-06-03 17:41:49.618 - records_manager - INFO - [realtime 24:21 profiling] rps=0.0 (avg 0.1) tput_in=3936/s tput_out=59/s done=76 ok=76 err=0
                           ttft p50=449858ms p75=521692ms p95=551686ms p99=561594ms
                           itl  p50=90ms   p75=142ms  p95=379ms  p99=1427ms
                           e2e  p50=524259ms p75=585535ms p95=740961ms p99=1056055ms
                           intvty p50=11     p75=17     p95=27     p99=28 (1/tpot tok/s)
                           isl  p50=73,674    p75=104,330   p90=122,813   p99=189,767 (tokens)
                           osl  p50=587       p75=1,188     p90=2,988     p99=7,338 (tokens)
                           tot  in=5,654,086      out=85,157
                           trace theoretical_prefix_cache_hit=95.0%
                           srv  prefix_cache_hit=0.0% unique_in_srv=8,304,595 kv_usage=96.0% queue=5r/28w tput_in_srv=3,634/s tput_out_srv=63/s
2026-06-03 17:42:19.903 - records_manager - INFO - [realtime 24:51 profiling] rps=0.0 (avg 0.1) tput_in=3986/s tput_out=61/s done=77 ok=77 err=0
                           ttft p50=450905ms p75=522625ms p95=551272ms p99=561515ms
                           itl  p50=92ms   p75=142ms  p95=378ms  p99=1411ms
                           e2e  p50=530555ms p75=586961ms p95=808381ms p99=1074858ms
                           intvty p50=11     p75=17     p95=27     p99=28 (1/tpot tok/s)
                           isl  p50=73,932    p75=104,423   p90=122,986   p99=189,767 (tokens)
                           osl  p50=624       p75=1,240     p90=3,136     p99=7,294 (tokens)
                           tot  in=5,835,545      out=89,500
                           trace theoretical_prefix_cache_hit=95.1%
                           srv  prefix_cache_hit=0.0% unique_in_srv=8,486,054 kv_usage=97.0% queue=5r/26w tput_in_srv=3,665/s tput_out_srv=64/s
2026-06-03 17:42:50.226 - records_manager - INFO - [realtime 25:21 profiling] rps=0.1 (avg 0.1) tput_in=3999/s tput_out=60/s done=79 ok=79 err=0
                           ttft p50=448812ms p75=522495ms p95=550445ms p99=561356ms
                           itl  p50=92ms   p75=141ms  p95=378ms  p99=1378ms
                           e2e  p50=517962ms p75=586957ms p95=788587ms p99=1071570ms
                           intvty p50=11     p75=17     p95=27     p99=28 (1/tpot tok/s)
                           isl  p50=75,819    p75=104,423   p90=122,986   p99=189,767 (tokens)
                           osl  p50=550       p75=1,193     p90=3,128     p99=7,205 (tokens)
                           tot  in=6,043,076      out=90,201
                           trace theoretical_prefix_cache_hit=94.4%
                           srv  prefix_cache_hit=0.0% unique_in_srv=8,693,585 kv_usage=88.0% queue=5r/24w tput_in_srv=3,706/s tput_out_srv=64/s
2026-06-03 17:43:20.522 - records_manager - INFO - [realtime 25:52 profiling] rps=0.0 (avg 0.1) tput_in=3941/s tput_out=59/s done=80 ok=80 err=0
                           ttft p50=444069ms p75=521692ms p95=550032ms p99=561277ms
                           itl  p50=92ms   p75=139ms  p95=378ms  p99=1361ms
                           e2e  p50=522320ms p75=585535ms p95=778690ms p99=1069926ms
                           intvty p50=11     p75=17     p95=27     p99=28 (1/tpot tok/s)
                           isl  p50=74,876    p75=104,423   p90=122,986   p99=189,767 (tokens)
                           osl  p50=587       p75=1,188     p90=3,123     p99=7,161 (tokens)
                           tot  in=6,107,869      out=91,299
                           trace theoretical_prefix_cache_hit=94.2%
                           srv  prefix_cache_hit=0.0% unique_in_srv=8,758,378 kv_usage=99.0% queue=7r/26w tput_in_srv=3,686/s tput_out_srv=63/s
2026-06-03 17:43:50.826 - records_manager - INFO - [realtime 26:22 profiling] rps=0.1 (avg 0.1) tput_in=4026/s tput_out=59/s done=82 ok=82 err=0
                           ttft p50=444069ms p75=520087ms p95=549204ms p99=561118ms
                           itl  p50=90ms   p75=134ms  p95=377ms  p99=1328ms
                           e2e  p50=522320ms p75=582692ms p95=758895ms p99=1066638ms
                           intvty p50=11     p75=17     p95=27     p99=28 (1/tpot tok/s)
                           isl  p50=77,800    p75=104,442   p90=122,986   p99=189,767 (tokens)
                           osl  p50=587       p75=1,177     p90=3,114     p99=7,072 (tokens)
                           tot  in=6,300,777      out=92,766
                           trace theoretical_prefix_cache_hit=94.1%
                           srv  prefix_cache_hit=0.0% unique_in_srv=8,951,286 kv_usage=85.0% queue=5r/25w tput_in_srv=3,720/s tput_out_srv=63/s
2026-06-03 17:44:21.141 - records_manager - INFO - [realtime 26:52 profiling] rps=0.1 (avg 0.1) tput_in=4122/s tput_out=60/s done=84 ok=84 err=0
                           ttft p50=440099ms p75=519167ms p95=548350ms p99=560960ms
                           itl  p50=90ms   p75=131ms  p95=376ms  p99=1295ms
                           e2e  p50=522320ms p75=585535ms p95=748380ms p99=1063350ms
                           intvty p50=11     p75=17     p95=27     p99=28 (1/tpot tok/s)
                           isl  p50=80,070    p75=107,724   p90=122,986   p99=189,767 (tokens)
                           osl  p50=587       p75=1,188     p90=3,069     p99=6,984 (tokens)
                           tot  in=6,566,898      out=94,971
                           trace theoretical_prefix_cache_hit=94.3%
                           srv  prefix_cache_hit=0.0% unique_in_srv=9,217,407 kv_usage=77.0% queue=7r/24w tput_in_srv=3,783/s tput_out_srv=63/s
2026-06-03 17:44:51.463 - records_manager - INFO - [realtime 27:23 profiling] rps=0.1 (avg 0.1) tput_in=4133/s tput_out=58/s done=87 ok=87 err=0
                           ttft p50=439451ms p75=518815ms p95=547029ms p99=560722ms
                           itl  p50=92ms   p75=141ms  p95=483ms  p99=2829ms
                           e2e  p50=498208ms p75=581271ms p95=746525ms p99=1058418ms
                           intvty p50=11     p75=17     p95=27     p99=28 (1/tpot tok/s)
                           isl  p50=79,781    p75=104,501   p90=122,986   p99=189,767 (tokens)
                           osl  p50=512       p75=1,172     p90=2,947     p99=6,851 (tokens)
                           tot  in=6,783,092      out=95,085
                           trace theoretical_prefix_cache_hit=94.5%
                           srv  prefix_cache_hit=0.0% unique_in_srv=9,433,601 kv_usage=81.0% queue=8r/23w tput_in_srv=3,824/s tput_out_srv=62/s
2026-06-03 17:45:21.821 - records_manager - INFO - [realtime 27:53 profiling] rps=0.0 (avg 0.1) tput_in=4133/s tput_out=58/s done=87 ok=87 err=0
                           ttft p50=439451ms p75=518815ms p95=547029ms p99=560722ms
                           itl  p50=92ms   p75=141ms  p95=483ms  p99=2829ms
                           e2e  p50=498208ms p75=581271ms p95=746525ms p99=1058418ms
                           intvty p50=11     p75=17     p95=27     p99=28 (1/tpot tok/s)
                           isl  p50=79,781    p75=104,501   p90=122,986   p99=189,767 (tokens)
                           osl  p50=512       p75=1,172     p90=2,947     p99=6,851 (tokens)
                           tot  in=6,783,092      out=95,085
                           trace theoretical_prefix_cache_hit=94.5%
                           srv  prefix_cache_hit=0.0% unique_in_srv=9,433,601 kv_usage=99.0% queue=8r/22w tput_in_srv=3,777/s tput_out_srv=62/s
2026-06-03 17:45:52.156 - records_manager - INFO - [realtime 28:23 profiling] rps=0.1 (avg 0.1) tput_in=4101/s tput_out=57/s done=90 ok=90 err=0
                           ttft p50=439388ms p75=517618ms p95=545707ms p99=560484ms
                           itl  p50=96ms   p75=149ms  p95=464ms  p99=2792ms
                           e2e  p50=506809ms p75=579197ms p95=744670ms p99=1053486ms
                           intvty p50=10     p75=16     p95=27     p99=28 (1/tpot tok/s)
                           isl  p50=75,068    p75=104,442   p90=122,986   p99=189,767 (tokens)
                           osl  p50=486       p75=1,171     p90=2,824     p99=6,718 (tokens)
                           tot  in=6,954,341      out=95,896
                           trace theoretical_prefix_cache_hit=94.6%
                           srv  prefix_cache_hit=0.0% unique_in_srv=9,604,850 kv_usage=97.0% queue=9r/23w tput_in_srv=3,800/s tput_out_srv=61/s
2026-06-03 17:46:22.505 - records_manager - INFO - [realtime 28:54 profiling] rps=0.1 (avg 0.1) tput_in=4081/s tput_out=57/s done=92 ok=92 err=0
                           ttft p50=439122ms p75=516968ms p95=544826ms p99=560325ms
                           itl  p50=98ms   p75=149ms  p95=451ms  p99=2768ms
                           e2e  p50=516686ms p75=585535ms p95=743434ms p99=1050198ms
                           intvty p50=10     p75=16     p95=27     p99=28 (1/tpot tok/s)
                           isl  p50=74,124    p75=104,423   p90=122,986   p99=189,767 (tokens)
                           osl  p50=501       p75=1,172     p90=2,743     p99=6,629 (tokens)
                           tot  in=7,040,191      out=98,488
                           trace theoretical_prefix_cache_hit=94.6%
                           srv  prefix_cache_hit=0.0% unique_in_srv=9,690,700 kv_usage=97.0% queue=9r/22w tput_in_srv=3,788/s tput_out_srv=62/s
2026-06-03 17:46:52.865 - records_manager - INFO - [realtime 29:24 profiling] rps=0.1 (avg 0.1) tput_in=4204/s tput_out=59/s done=95 ok=95 err=0
                           ttft p50=439451ms p75=516216ms p95=543504ms p99=560087ms
                           itl  p50=97ms   p75=149ms  p95=433ms  p99=2732ms
                           e2e  p50=515410ms p75=586957ms p95=791829ms p99=1045267ms
                           intvty p50=10     p75=16     p95=27     p99=28 (1/tpot tok/s)
                           isl  p50=73,932    p75=104,423   p90=122,986   p99=189,813 (tokens)
                           osl  p50=550       p75=1,172     p90=2,701     p99=6,496 (tokens)
                           tot  in=7,309,776      out=102,590
                           trace theoretical_prefix_cache_hit=94.4%
                           srv  prefix_cache_hit=0.0% unique_in_srv=9,960,285 kv_usage=85.0% queue=7r/24w tput_in_srv=3,848/s tput_out_srv=62/s
2026-06-03 17:47:23.230 - records_manager - INFO - [realtime 29:54 profiling] rps=0.0 (avg 0.1) tput_in=4163/s tput_out=58/s done=96 ok=96 err=0
                           ttft p50=440162ms p75=514762ms p95=543064ms p99=560008ms
                           itl  p50=98ms   p75=147ms  p95=426ms  p99=2720ms
                           e2e  p50=516686ms p75=585535ms p95=786476ms p99=1043623ms
                           intvty p50=10     p75=16     p95=27     p99=28 (1/tpot tok/s)
                           isl  p50=74,124    p75=104,423   p90=122,986   p99=189,807 (tokens)
                           osl  p50=587       p75=1,172     p90=2,700     p99=6,452 (tokens)
                           tot  in=7,409,606      out=103,375
                           trace theoretical_prefix_cache_hit=94.4%
                           srv  prefix_cache_hit=0.0% unique_in_srv=10,060,115 kv_usage=93.0% queue=8r/24w tput_in_srv=3,841/s tput_out_srv=62/s
2026-06-03 17:47:28.277 - PhaseRunner - INFO - Timeout of 1799.999392231s elapsed for event 'profiling phase sending'
2026-06-03 17:47:28.278 - PhaseRunner - NOTICE - Phase profiling sending complete | sent=129, completed=97, in_flight=32 | sessions: sent=2, completed=0 | timeout_triggered=True
2026-06-03 17:47:28.278 - PhaseRunner - INFO - Waiting for event 'profiling phase credits returned' with timeout of 29.99876581400008s
2026-06-03 17:47:28.279 - records_manager - INFO - Sent 129 requests. Waiting for all to complete...
2026-06-03 17:47:53.610 - records_manager - INFO - [realtime 30:25 profiling] rps=0.1 (avg 0.1) tput_in=4218/s tput_out=57/s done=100 ok=100 err=0
                           ttft p50=439122ms p75=509398ms p95=541301ms p99=559690ms
                           itl  p50=101ms  p75=147ms  p95=401ms  p99=2672ms
                           e2e  p50=511413ms p75=580580ms p95=765060ms p99=1037047ms
                           intvty p50=10     p75=16     p95=27     p99=28 (1/tpot tok/s)
                           isl  p50=74,124    p75=104,423   p90=122,986   p99=189,784 (tokens)
                           osl  p50=531       p75=1,154     p90=2,698     p99=6,275 (tokens)
                           tot  in=7,696,464      out=104,705
                           trace theoretical_prefix_cache_hit=94.4%
                           srv  prefix_cache_hit=0.0% unique_in_srv=10,280,791 kv_usage=88.0% queue=9r/22w tput_in_srv=3,881/s tput_out_srv=62/s
2026-06-03 17:47:58.278 - PhaseRunner - INFO - Timeout of 29.99876581400008s elapsed for event 'profiling phase credits returned'
2026-06-03 17:47:58.278 - PhaseRunner - WARNING - Phase profiling timed out, cancelling all credits. Stats: sent=129, completed=100, cancelled=0, in_flight=29
2026-06-03 17:47:58.279 - StickyCreditRouter_c4218519 - INFO - Sent cancellation requests for 29 in-flight credits across 29 workers
2026-06-03 17:47:58.279 - PhaseRunner - INFO - Waiting for all cancelled credits to be returned for phase profiling. Need 29 more credits.
2026-06-03 17:47:58.282 - PhaseRunner - INFO - All cancelled credits returned for phase profiling
2026-06-03 17:47:58.282 - PhaseRunner - NOTICE - Phase profiling complete | completed=100, cancelled=29, errors=0 | sessions: completed=0, cancelled=0 | elapsed=1830.01s | grace_period_timeout=True
2026-06-03 17:47:58.283 - aiperf.timing.branch_orchestrator - INFO - BranchOrchestrator stats: spawned=2 completed=0 errored=0 suspended=1 resumed=0 parents_failed_due_to_child_error=0 joins_suppressed=1
2026-06-03 17:47:58.283 - PhaseOrchestrator_d624cd50 - NOTICE - All credits completed
2026-06-03 17:47:58.283 - system_controller - INFO - Received credits complete from 'timing_manager'
2026-06-03 17:47:58.283 - records_manager - INFO - Received CREDIT_PHASE_COMPLETE message, Phase complete: PhaseRecordsStats(phase=CreditPhase.PROFILING, start_ns=1780507048277337781, sent_end_ns=1780508848278051368, requests_end_ns=1780508878282682073, total_expected_requests=None, expected_duration_sec=None, expected_num_sessions=None, expected_grace_period_sec=None, final_requests_sent=None, final_requests_completed=100, final_requests_cancelled=29, final_request_errors=0, final_sent_sessions=None, final_completed_sessions=None, final_cancelled_sessions=None, timeout_triggered=True, grace_period_timeout_triggered=True, was_cancelled=False, records_end_ns=None, success_records=100, error_records=0)
2026-06-03 17:47:58.284 - records_manager - NOTICE - All requests have completed, please wait for the results to be processed (currently 100 of 100 records processed)...
2026-06-03 17:47:58.284 - records_manager - INFO - Processed 100 valid requests and 0 errors (100 total).
2026-06-03 17:47:58.284 - records_manager - INFO - Received all records, processing now...
2026-06-03 17:47:58.284 - records_manager - INFO - All credits complete, please wait for the results to be processed...
2026-06-03 17:47:58.285 - server_metrics_manager - INFO - Server Metrics: Profiling complete, capturing final metrics...
2026-06-03 17:47:58.287 - records_manager - INFO - Waiting 2.0s for server metrics flush period...
2026-06-03 17:48:00.282 - records_manager - INFO - Processing records results...
2026-06-03 17:48:02.662 - RecordExportJSONLWriter_e5fb3701 - WARNING - Timeout waiting for 0 pending flush tasks during shutdown. Cancelling tasks and proceeding with cleanup.
2026-06-03 17:48:02.730 - system_controller - INFO - Waiting for server metrics results...
2026-06-03 17:48:02.730 - system_controller - INFO - Waiting for server metrics results...
2026-06-03 17:48:02.859 - aiperf.server_metrics.export_stats - WARNING - Detected 4 counter reset(s) in counter metric with labels {'engine_type': 'unified', 'mode': 'decode_cuda_graph', 'model_name': 'amd/GLM-5.1-MXFP4', 'moe_ep_rank': '0', 'pp_rank': '0', 'tp_rank': '1'}. This typically indicates server restart(s) during profiling. Statistics may be inaccurate. Raw delta: 15756.00
2026-06-03 17:48:02.864 - aiperf.server_metrics.export_stats - WARNING - Detected 4 counter reset(s) in counter metric with labels {'engine_type': 'unified', 'mode': 'decode_cuda_graph', 'model_name': 'amd/GLM-5.1-MXFP4', 'moe_ep_rank': '0', 'pp_rank': '0', 'tp_rank': '0'}. This typically indicates server restart(s) during profiling. Statistics may be inaccurate. Raw delta: 15756.00
2026-06-03 17:48:02.873 - aiperf.server_metrics.export_stats - WARNING - Detected 4 counter reset(s) in counter metric with labels {'engine_type': 'unified', 'mode': 'decode', 'model_name': 'amd/GLM-5.1-MXFP4', 'moe_ep_rank': '0', 'pp_rank': '0', 'tp_rank': '0'}. This typically indicates server restart(s) during profiling. Statistics may be inaccurate. Raw delta: 109920.00
2026-06-03 17:48:04.701 - records_manager - INFO - _finalize_and_process_results completed
2026-06-03 17:48:05.617 - system_controller - INFO - All results received, initiating shutdown
2026-06-03 17:48:06.220 - ExporterManager - INFO - Exporting all records
2026-06-03 17:48:06.398 - aiperf.common.scenario.validator - INFO - Scenario 'inferencex-agentx-mvp': setting timing_mode=agentic_replay (was at default request_rate).
2026-06-03 17:48:06.950 - aiperf.common.scenario.validator - INFO - Scenario 'inferencex-agentx-mvp': setting timing_mode=agentic_replay (was at default request_rate).
2026-06-03 17:48:07.018 - ExporterManager - INFO - Exporting console data
